01-29 22:30:30.017  3510 13676 I VrApi   : FPS=90/90,Prd=35ms,Tear=0,Early=0,Stale=1,Stale2/5/10/max=0/0/0/1,VSnc=0,Lat=-1,Fov=0,CPU4/GPU=2/3,2419/490MHz,OC=FF,TA=0/70/0,SP=N/F/N,Mem=2092MHz,Free=8764MB,PLS=0,Temp=17.5C/0.0C,TW=2.78ms,App=8.12ms,GD=0.00ms,CPU&GPU=15.33ms,LCnt=5(DR0,LM0),GPU%=1.00,CPU%=0.25(W0.35),DSF=1.00,CFL=17.99/22.11
01-29 22:30:30.444  3510  3548 D VrApi   : targetSDKVersion 29
01-29 22:30:30.450  3510 13676 I VrApi   : FPS=90/90,Prd=35ms,Tear=0,Early=0,Stale=1,Stale2/5/10/max=0/0/0/1,VSnc=0,Lat=-1,Fov=0,CPU4/GPU=2/3,2419/490MHz,OC=FF,TA=0/70/0,SP=N/F/N,Mem=2092MHz,Free=8764MB,PLS=0,Temp=17.5C/0.0C,TW=2.78ms,App=8.12ms,GD=0.00ms,CPU&GPU=15.33ms,LCnt=5(DR0,LM0),GPU%=1.00,CPU%=0.25(W0.35),DSF=1.00,CFL=17.99/22.11
01-29 22:30:30.458  3510  3548 I VrApi   : OVR::Stats thread stopped
01-29 22:30:30.469  3510  3548 D VrApi   : targetSDKVersion 29
01-29 22:30:30.484  3510  3548 I VrApi   : OVR::Stats thread started
01-29 22:30:30.497  3510 16323 D VrApi   : targetSDKVersion 29
01-29 22:30:30.587  3510  3548 D VrApi   : targetSDKVersion 29
01-29 22:30:30.756 16341 16370 I VrApi   : ----------- vrapi_Initialize [start] ----------
01-29 22:30:30.766 16341 16370 I VrApi   : Client type: 0 flags: 0x0 placement: 0
01-29 22:30:30.785 16341 16370 I VrApi   : vrapi_Initialize: Connected to VrRuntimeService after 0.019213s
01-29 22:30:30.835 16341 16370 I VrApi   : SkipPushFinalBlack=1
01-29 22:30:30.835 16341 16370 D VrApi   : isActivityFocusAware context = com.oculus.xrstreamingclient.MainActivity@161b698
01-29 22:30:30.836 16341 16370 D VrApi   : isSystemApp = true for com.oculus.xrstreamingclient
01-29 22:30:30.836 16341 16370 I VrApi   : isActivityFocusAware = 0
01-29 22:30:30.836 16341 16370 I VrApi   : Client-driven display vsync: enabled
01-29 22:30:30.872 16341 16370 I VrApi   : ----------- vrapi_Initialize [end] ----------
01-29 22:30:30.880 16341 16370 I VrApi   : ------------ vrapi_CreateSystemVulkan -----------
01-29 22:30:31.002  3510  3548 I VrApi   : OVR::Stats thread stopped
01-29 22:30:31.088  3593  3802 D VrApi   : targetSDKVersion 29
01-29 22:30:31.160  3593  3802 I VrApi   : OVR::Stats thread stopped
01-29 22:30:31.161  4259  4259 I VrApi   : ----------- vrapi_Initialize [start] ----------
01-29 22:30:31.165  4259  4259 I VrApi   : Client type: 0 flags: 0x0 placement: 0
01-29 22:30:31.191  4259  4259 I VrApi   : vrapi_Initialize: Connected to VrRuntimeService after 0.026045s
01-29 22:30:31.232  4259  4259 I VrApi   : SkipPushFinalBlack=1
01-29 22:30:31.232  4259  4259 D VrApi   : isActivityFocusAware context = com.oculus.os.DialogContext@8c391da
01-29 22:30:31.232  4259  4259 D VrApi   : isSystemApp = true for com.android.permissioncontroller
01-29 22:30:31.232  4259  4259 I VrApi   : isActivityFocusAware = 0
01-29 22:30:31.240  4259  4259 I VrApi   : ----------- vrapi_Initialize [end] ----------
01-29 22:30:31.281 16341 16370 I VrApi   : ---------- vrapi_EnterVrMode [start] ----------
01-29 22:30:31.286 16341 16370 D VrApi   : targetSDKVersion 29
01-29 22:30:31.308  4259  4259 I VrApi   : ------------ vrapi_Shutdown [start] -----------
01-29 22:30:31.308  4259  4259 W VrApi   : IsOvrValid: ovr == nullptr. Package: com.android.permissioncontroller
01-29 22:30:31.326 16341 16370 I VrApi   : ovrModeParms::VRAPI_MODE_FLAG_RESET_WINDOW_FULLSCREEN = 0
01-29 22:30:31.326 16341 16370 I VrApi   : ovrModeParms::VRAPI_MODE_FLAG_NATIVE_WINDOW = 1
01-29 22:30:31.326 16341 16370 I VrApi   : ovrModeParms::VRAPI_MODE_FLAG_FRONT_BUFFER_SRGB = 0
01-29 22:30:31.326 16341 16370 I VrApi   : ovrModeParms::VRAPI_MODE_FLAG_PHASE_SYNC = 0
01-29 22:30:31.326 16341 16370 I VrApi   : ovrModeParms::VRAPI_MODE_FLAG_APP_SPACE_WARP = 0
01-29 22:30:31.326 16341 16370 I VrApi   : PhaseSync disabled
01-29 22:30:31.326 16341 16370 I VrApi   : HMD sensor attached.
01-29 22:30:31.343  4259  4259 I VrApi   : ------------ vrapi_Shutdown [end] -----------
01-29 22:30:31.359 16341 16370 I VrApi   : Creating Default swapchain
01-29 22:30:31.360 16341 16370 I VrApi   : Creating Loading Icon swapchain
01-29 22:30:31.360 16341 16370 I VrApi   : OVR::Stats thread started
01-29 22:30:31.360 16341 16370 I VrApi   : Initial BaseVsync 17506 
01-29 22:30:31.360 16341 16370 I VrApi   : ---------- vrapi_EnterVrMode [end] ----------
01-29 22:30:31.360 16341 16370 I VrApi   : vrapi_SetDisplayRefreshRate: display refresh rate supported 72.000000
01-29 22:30:31.364 16341 16458 D VrApi   : targetSDKVersion 29
01-29 22:30:31.378 16341 16458 D VrApi   : VrApi::isWifiConnected exception: Make sure android.permission.ACCESS_NETWORK_STATE is set in the manifest.
01-29 22:30:33.012 16341 16458 I VrApi   : FPS=0/72,Prd=0ms,Tear=0,Early=0,Stale=0,Stale2/5/10/max=0/0/0/0,VSnc=1,Lat=0,Fov=0,CPU4/GPU=2/3,710/305MHz,OC=FF,TA=0/0/0,SP=N/N/N,Mem=2092MHz,Free=8633MB,PLS=0,Temp=0.0C/0.0C,TW=2.50ms,App=0.00ms,GD=0.00ms,CPU&GPU=0.00ms,LCnt=4(DR0,LM0),GPU%=0.24,CPU%=0.20(W0.26),DSF=1.00,CFL=17.93/21.01
01-29 22:30:34.006 16341 16458 I VrApi   : FPS=0/72,Prd=0ms,Tear=0,Early=0,Stale=0,Stale2/5/10/max=0/0/0/0,VSnc=1,Lat=0,Fov=0,CPU4/GPU=2/3,710/305MHz,OC=FF,TA=0/0/0,SP=N/N/N,Mem=2092MHz,Free=8633MB,PLS=0,Temp=0.0C/0.0C,TW=2.50ms,App=0.00ms,GD=0.00ms,CPU&GPU=0.00ms,LCnt=4(DR0,LM0),GPU%=0.24,CPU%=0.20(W0.26),DSF=1.00,CFL=17.93/21.01
01-29 22:30:35.003 16341 16458 I VrApi   : FPS=0/72,Prd=0ms,Tear=0,Early=0,Stale=0,Stale2/5/10/max=0/0/0/0,VSnc=1,Lat=0,Fov=0,CPU4/GPU=2/3,710/305MHz,OC=FF,TA=0/0/0,SP=N/N/N,Mem=2092MHz,Free=8633MB,PLS=0,Temp=0.0C/0.0C,TW=2.50ms,App=0.00ms,GD=0.00ms,CPU&GPU=0.00ms,LCnt=4(DR0,LM0),GPU%=0.24,CPU%=0.20(W0.26),DSF=1.00,CFL=17.93/21.01
01-29 22:30:36.003 16341 16458 I VrApi   : FPS=0/72,Prd=0ms,Tear=0,Early=0,Stale=0,Stale2/5/10/max=0/0/0/0,VSnc=1,Lat=0,Fov=0,CPU4/GPU=2/3,710/305MHz,OC=FF,TA=0/0/0,SP=N/N/N,Mem=2092MHz,Free=8633MB,PLS=0,Temp=0.0C/0.0C,TW=2.50ms,App=0.00ms,GD=0.00ms,CPU&GPU=0.00ms,LCnt=4(DR0,LM0),GPU%=0.24,CPU%=0.20(W0.26),DSF=1.00,CFL=17.93/21.01
01-29 22:30:37.003 16341 16458 I VrApi   : FPS=0/72,Prd=0ms,Tear=0,Early=0,Stale=0,Stale2/5/10/max=0/0/0/0,VSnc=1,Lat=0,Fov=0,CPU4/GPU=2/3,710/305MHz,OC=FF,TA=0/0/0,SP=N/N/N,Mem=2092MHz,Free=8633MB,PLS=0,Temp=0.0C/0.0C,TW=2.50ms,App=0.00ms,GD=0.00ms,CPU&GPU=0.00ms,LCnt=4(DR0,LM0),GPU%=0.24,CPU%=0.20(W0.26),DSF=1.00,CFL=17.93/21.01
01-29 22:30:38.003 16341 16458 I VrApi   : FPS=0/72,Prd=0ms,Tear=0,Early=0,Stale=0,Stale2/5/10/max=0/0/0/0,VSnc=1,Lat=0,Fov=0,CPU4/GPU=2/3,710/305MHz,OC=FF,TA=0/0/0,SP=N/N/N,Mem=2092MHz,Free=8633MB,PLS=0,Temp=0.0C/0.0C,TW=2.50ms,App=0.00ms,GD=0.00ms,CPU&GPU=0.00ms,LCnt=4(DR0,LM0),GPU%=0.24,CPU%=0.20(W0.26),DSF=1.00,CFL=17.93/21.01
01-29 22:30:39.004 16341 16458 I VrApi   : FPS=0/72,Prd=0ms,Tear=0,Early=0,Stale=0,Stale2/5/10/max=0/0/0/0,VSnc=1,Lat=0,Fov=0,CPU4/GPU=2/3,710/305MHz,OC=FF,TA=0/0/0,SP=N/N/N,Mem=2092MHz,Free=8633MB,PLS=0,Temp=0.0C/0.0C,TW=2.50ms,App=0.00ms,GD=0.00ms,CPU&GPU=0.00ms,LCnt=4(DR0,LM0),GPU%=0.24,CPU%=0.20(W0.26),DSF=1.00,CFL=17.93/21.01
01-29 22:30:40.003 16341 16458 I VrApi   : FPS=0/72,Prd=0ms,Tear=0,Early=0,Stale=0,Stale2/5/10/max=0/0/0/0,VSnc=1,Lat=0,Fov=0,CPU4/GPU=2/3,710/305MHz,OC=FF,TA=0/0/0,SP=N/N/N,Mem=2092MHz,Free=8633MB,PLS=0,Temp=0.0C/0.0C,TW=2.50ms,App=0.00ms,GD=0.00ms,CPU&GPU=0.00ms,LCnt=4(DR0,LM0),GPU%=0.24,CPU%=0.20(W0.26),DSF=1.00,CFL=17.93/21.01
01-29 22:30:41.004 16341 16458 I VrApi   : FPS=0/72,Prd=0ms,Tear=0,Early=0,Stale=0,Stale2/5/10/max=0/0/0/0,VSnc=1,Lat=0,Fov=0,CPU4/GPU=2/3,710/305MHz,OC=FF,TA=0/0/0,SP=N/N/N,Mem=2092MHz,Free=8633MB,PLS=0,Temp=0.0C/0.0C,TW=2.50ms,App=0.00ms,GD=0.00ms,CPU&GPU=0.00ms,LCnt=4(DR0,LM0),GPU%=0.24,CPU%=0.20(W0.26),DSF=1.00,CFL=17.93/21.01
01-29 22:30:42.004 16341 16458 I VrApi   : FPS=0/72,Prd=0ms,Tear=0,Early=0,Stale=0,Stale2/5/10/max=0/0/0/0,VSnc=1,Lat=0,Fov=0,CPU4/GPU=2/3,710/305MHz,OC=FF,TA=0/0/0,SP=N/N/N,Mem=2092MHz,Free=8633MB,PLS=0,Temp=0.0C/0.0C,TW=2.50ms,App=0.00ms,GD=0.00ms,CPU&GPU=0.00ms,LCnt=4(DR0,LM0),GPU%=0.24,CPU%=0.20(W0.26),DSF=1.00,CFL=17.93/21.01
01-29 22:30:43.004 16341 16458 I VrApi   : FPS=0/72,Prd=0ms,Tear=0,Early=0,Stale=0,Stale2/5/10/max=0/0/0/0,VSnc=1,Lat=0,Fov=0,CPU4/GPU=2/3,710/305MHz,OC=FF,TA=0/0/0,SP=N/N/N,Mem=1804MHz,Free=8633MB,PLS=0,Temp=0.0C/0.0C,TW=2.50ms,App=0.00ms,GD=0.00ms,CPU&GPU=0.00ms,LCnt=4(DR0,LM0),GPU%=0.24,CPU%=0.20(W0.26),DSF=1.00,CFL=17.93/21.01
01-29 22:30:44.004 16341 16458 I VrApi   : FPS=0/72,Prd=0ms,Tear=0,Early=0,Stale=0,Stale2/5/10/max=0/0/0/0,VSnc=1,Lat=0,Fov=0,CPU4/GPU=2/3,710/305MHz,OC=FF,TA=0/0/0,SP=N/N/N,Mem=2092MHz,Free=8633MB,PLS=0,Temp=0.0C/0.0C,TW=2.50ms,App=0.00ms,GD=0.00ms,CPU&GPU=0.00ms,LCnt=4(DR0,LM0),GPU%=0.24,CPU%=0.20(W0.26),DSF=1.00,CFL=17.93/21.01
01-29 22:30:45.004 16341 16458 I VrApi   : FPS=0/72,Prd=0ms,Tear=0,Early=0,Stale=0,Stale2/5/10/max=0/0/0/0,VSnc=1,Lat=0,Fov=0,CPU4/GPU=2/3,710/305MHz,OC=FF,TA=0/0/0,SP=N/N/N,Mem=2092MHz,Free=8633MB,PLS=0,Temp=0.0C/0.0C,TW=2.50ms,App=0.00ms,GD=0.00ms,CPU&GPU=0.00ms,LCnt=4(DR0,LM0),GPU%=0.24,CPU%=0.20(W0.26),DSF=1.00,CFL=17.93/21.01
01-29 22:30:46.004 16341 16458 I VrApi   : FPS=0/72,Prd=0ms,Tear=0,Early=0,Stale=0,Stale2/5/10/max=0/0/0/0,VSnc=1,Lat=0,Fov=0,CPU4/GPU=2/3,710/305MHz,OC=FF,TA=0/0/0,SP=N/N/N,Mem=2092MHz,Free=8633MB,PLS=0,Temp=0.0C/0.0C,TW=2.50ms,App=0.00ms,GD=0.00ms,CPU&GPU=0.00ms,LCnt=4(DR0,LM0),GPU%=0.24,CPU%=0.20(W0.26),DSF=1.00,CFL=17.93/21.01
01-29 22:30:47.004 16341 16458 I VrApi   : FPS=0/72,Prd=0ms,Tear=0,Early=0,Stale=0,Stale2/5/10/max=0/0/0/0,VSnc=1,Lat=0,Fov=0,CPU4/GPU=2/3,710/305MHz,OC=FF,TA=0/0/0,SP=N/N/N,Mem=2092MHz,Free=8633MB,PLS=0,Temp=0.0C/0.0C,TW=2.50ms,App=0.00ms,GD=0.00ms,CPU&GPU=0.00ms,LCnt=4(DR0,LM0),GPU%=0.24,CPU%=0.20(W0.26),DSF=1.00,CFL=17.93/21.01
01-29 22:30:48.004 16341 16458 I VrApi   : FPS=0/72,Prd=0ms,Tear=0,Early=0,Stale=0,Stale2/5/10/max=0/0/0/0,VSnc=1,Lat=0,Fov=0,CPU4/GPU=2/3,710/305MHz,OC=FF,TA=0/0/0,SP=N/N/N,Mem=2092MHz,Free=8633MB,PLS=0,Temp=0.0C/0.0C,TW=2.50ms,App=0.00ms,GD=0.00ms,CPU&GPU=0.00ms,LCnt=4(DR0,LM0),GPU%=0.24,CPU%=0.20(W0.26),DSF=1.00,CFL=17.93/21.01
01-29 22:30:49.004 16341 16458 I VrApi   : FPS=0/72,Prd=0ms,Tear=0,Early=0,Stale=0,Stale2/5/10/max=0/0/0/0,VSnc=1,Lat=0,Fov=0,CPU4/GPU=2/3,710/305MHz,OC=FF,TA=0/0/0,SP=N/N/N,Mem=2092MHz,Free=8633MB,PLS=0,Temp=0.0C/0.0C,TW=2.50ms,App=0.00ms,GD=0.00ms,CPU&GPU=0.00ms,LCnt=4(DR0,LM0),GPU%=0.24,CPU%=0.20(W0.26),DSF=1.00,CFL=17.93/21.01
01-29 22:30:50.005 16341 16458 I VrApi   : FPS=0/72,Prd=0ms,Tear=0,Early=0,Stale=0,Stale2/5/10/max=0/0/0/0,VSnc=1,Lat=0,Fov=0,CPU4/GPU=2/3,710/305MHz,OC=FF,TA=0/0/0,SP=N/N/N,Mem=2092MHz,Free=8633MB,PLS=0,Temp=0.0C/0.0C,TW=2.50ms,App=0.00ms,GD=0.00ms,CPU&GPU=0.00ms,LCnt=4(DR0,LM0),GPU%=0.24,CPU%=0.20(W0.26),DSF=1.00,CFL=17.93/21.01
01-29 22:30:51.004 16341 16458 I VrApi   : FPS=0/72,Prd=0ms,Tear=0,Early=0,Stale=0,Stale2/5/10/max=0/0/0/0,VSnc=1,Lat=0,Fov=0,CPU4/GPU=2/3,710/305MHz,OC=FF,TA=0/0/0,SP=N/N/N,Mem=2092MHz,Free=8633MB,PLS=0,Temp=0.0C/0.0C,TW=2.50ms,App=0.00ms,GD=0.00ms,CPU&GPU=0.00ms,LCnt=4(DR0,LM0),GPU%=0.24,CPU%=0.20(W0.26),DSF=1.00,CFL=17.93/21.01
01-29 22:30:52.004 16341 16458 I VrApi   : FPS=0/72,Prd=0ms,Tear=0,Early=0,Stale=0,Stale2/5/10/max=0/0/0/0,VSnc=1,Lat=0,Fov=0,CPU4/GPU=2/3,710/305MHz,OC=FF,TA=0/0/0,SP=N/N/N,Mem=2092MHz,Free=8633MB,PLS=0,Temp=0.0C/0.0C,TW=2.50ms,App=0.00ms,GD=0.00ms,CPU&GPU=0.00ms,LCnt=4(DR0,LM0),GPU%=0.24,CPU%=0.20(W0.26),DSF=1.00,CFL=17.93/21.01
01-29 22:30:53.014 16341 16458 I VrApi   : FPS=0/72,Prd=0ms,Tear=0,Early=0,Stale=0,Stale2/5/10/max=0/0/0/0,VSnc=1,Lat=0,Fov=0,CPU4/GPU=2/3,710/305MHz,OC=FF,TA=0/0/0,SP=N/N/N,Mem=2092MHz,Free=8734MB,PLS=0,Temp=0.0C/0.0C,TW=2.50ms,App=0.00ms,GD=0.00ms,CPU&GPU=0.00ms,LCnt=4(DR0,LM0),GPU%=0.24,CPU%=0.20(W0.26),DSF=1.00,CFL=17.93/21.01
01-29 22:30:54.004 16341 16458 I VrApi   : FPS=0/72,Prd=0ms,Tear=0,Early=0,Stale=0,Stale2/5/10/max=0/0/0/0,VSnc=1,Lat=0,Fov=0,CPU4/GPU=2/3,710/305MHz,OC=FF,TA=0/0/0,SP=N/N/N,Mem=2092MHz,Free=8734MB,PLS=0,Temp=0.0C/0.0C,TW=2.50ms,App=0.00ms,GD=0.00ms,CPU&GPU=0.00ms,LCnt=4(DR0,LM0),GPU%=0.24,CPU%=0.20(W0.26),DSF=1.00,CFL=17.93/21.01
01-29 22:30:55.005 16341 16458 I VrApi   : FPS=0/72,Prd=0ms,Tear=0,Early=0,Stale=0,Stale2/5/10/max=0/0/0/0,VSnc=1,Lat=0,Fov=0,CPU4/GPU=2/3,710/305MHz,OC=FF,TA=0/0/0,SP=N/N/N,Mem=2092MHz,Free=8734MB,PLS=0,Temp=0.0C/0.0C,TW=2.50ms,App=0.00ms,GD=0.00ms,CPU&GPU=0.00ms,LCnt=4(DR0,LM0),GPU%=0.24,CPU%=0.20(W0.26),DSF=1.00,CFL=17.93/21.01
01-29 22:30:56.004 16341 16458 I VrApi   : FPS=0/72,Prd=0ms,Tear=0,Early=0,Stale=0,Stale2/5/10/max=0/0/0/0,VSnc=1,Lat=0,Fov=0,CPU4/GPU=2/3,710/305MHz,OC=FF,TA=0/0/0,SP=N/N/N,Mem=2092MHz,Free=8734MB,PLS=0,Temp=0.0C/0.0C,TW=2.50ms,App=0.00ms,GD=0.00ms,CPU&GPU=0.00ms,LCnt=4(DR0,LM0),GPU%=0.24,CPU%=0.20(W0.26),DSF=1.00,CFL=17.93/21.01
01-29 22:30:57.006 16341 16458 I VrApi   : FPS=0/72,Prd=0ms,Tear=0,Early=0,Stale=0,Stale2/5/10/max=0/0/0/0,VSnc=1,Lat=0,Fov=0,CPU4/GPU=2/3,710/305MHz,OC=FF,TA=0/0/0,SP=N/N/N,Mem=2092MHz,Free=8734MB,PLS=0,Temp=0.0C/0.0C,TW=2.50ms,App=0.00ms,GD=0.00ms,CPU&GPU=0.00ms,LCnt=4(DR0,LM0),GPU%=0.24,CPU%=0.20(W0.26),DSF=1.00,CFL=17.93/21.01
01-29 22:30:58.005 16341 16458 I VrApi   : FPS=0/72,Prd=0ms,Tear=0,Early=0,Stale=0,Stale2/5/10/max=0/0/0/0,VSnc=1,Lat=0,Fov=0,CPU4/GPU=2/3,710/305MHz,OC=FF,TA=0/0/0,SP=N/N/N,Mem=2092MHz,Free=8734MB,PLS=0,Temp=0.0C/0.0C,TW=2.50ms,App=0.00ms,GD=0.00ms,CPU&GPU=0.00ms,LCnt=4(DR0,LM0),GPU%=0.24,CPU%=0.20(W0.26),DSF=1.00,CFL=17.93/21.01
01-29 22:30:59.005 16341 16458 I VrApi   : FPS=0/72,Prd=0ms,Tear=0,Early=0,Stale=0,Stale2/5/10/max=0/0/0/0,VSnc=1,Lat=0,Fov=0,CPU4/GPU=2/3,710/305MHz,OC=FF,TA=0/0/0,SP=N/N/N,Mem=2092MHz,Free=8734MB,PLS=0,Temp=0.0C/0.0C,TW=2.50ms,App=0.00ms,GD=0.00ms,CPU&GPU=0.00ms,LCnt=4(DR0,LM0),GPU%=0.24,CPU%=0.20(W0.26),DSF=1.00,CFL=17.93/21.01
01-29 22:31:00.008 16341 16458 I VrApi   : FPS=0/72,Prd=0ms,Tear=0,Early=0,Stale=0,Stale2/5/10/max=0/0/0/0,VSnc=1,Lat=0,Fov=0,CPU4/GPU=2/3,710/305MHz,OC=FF,TA=0/0/0,SP=N/N/N,Mem=2092MHz,Free=8734MB,PLS=0,Temp=0.0C/0.0C,TW=2.50ms,App=0.00ms,GD=0.00ms,CPU&GPU=0.00ms,LCnt=4(DR0,LM0),GPU%=0.24,CPU%=0.20(W0.26),DSF=1.00,CFL=17.93/21.01
01-29 22:31:01.005 16341 16458 I VrApi   : FPS=0/72,Prd=0ms,Tear=0,Early=0,Stale=0,Stale2/5/10/max=0/0/0/0,VSnc=1,Lat=0,Fov=0,CPU4/GPU=2/3,710/305MHz,OC=FF,TA=0/0/0,SP=N/N/N,Mem=2092MHz,Free=8734MB,PLS=0,Temp=0.0C/0.0C,TW=2.50ms,App=0.00ms,GD=0.00ms,CPU&GPU=0.00ms,LCnt=4(DR0,LM0),GPU%=0.24,CPU%=0.20(W0.26),DSF=1.00,CFL=17.93/21.01
01-29 22:31:02.005 16341 16458 I VrApi   : FPS=0/72,Prd=0ms,Tear=0,Early=0,Stale=0,Stale2/5/10/max=0/0/0/0,VSnc=1,Lat=0,Fov=0,CPU4/GPU=2/3,710/305MHz,OC=FF,TA=0/0/0,SP=N/N/N,Mem=2092MHz,Free=8734MB,PLS=0,Temp=0.0C/0.0C,TW=2.50ms,App=0.00ms,GD=0.00ms,CPU&GPU=0.00ms,LCnt=4(DR0,LM0),GPU%=0.24,CPU%=0.20(W0.26),DSF=1.00,CFL=17.93/21.01
01-29 22:31:03.005 16341 16458 I VrApi   : FPS=0/72,Prd=0ms,Tear=0,Early=0,Stale=0,Stale2/5/10/max=0/0/0/0,VSnc=1,Lat=0,Fov=0,CPU4/GPU=2/3,710/305MHz,OC=FF,TA=0/0/0,SP=N/N/N,Mem=2092MHz,Free=8734MB,PLS=0,Temp=0.0C/0.0C,TW=2.50ms,App=0.00ms,GD=0.00ms,CPU&GPU=0.00ms,LCnt=4(DR0,LM0),GPU%=0.24,CPU%=0.20(W0.26),DSF=1.00,CFL=17.93/21.01
01-29 22:31:04.005 16341 16458 I VrApi   : FPS=0/72,Prd=0ms,Tear=0,Early=0,Stale=0,Stale2/5/10/max=0/0/0/0,VSnc=1,Lat=0,Fov=0,CPU4/GPU=2/3,710/305MHz,OC=FF,TA=0/0/0,SP=N/N/N,Mem=2092MHz,Free=8734MB,PLS=0,Temp=0.0C/0.0C,TW=2.50ms,App=0.00ms,GD=0.00ms,CPU&GPU=0.00ms,LCnt=4(DR0,LM0),GPU%=0.24,CPU%=0.20(W0.26),DSF=1.00,CFL=17.93/21.01
01-29 22:31:05.006 16341 16458 I VrApi   : FPS=0/72,Prd=0ms,Tear=0,Early=0,Stale=0,Stale2/5/10/max=0/0/0/0,VSnc=1,Lat=0,Fov=0,CPU4/GPU=2/3,710/305MHz,OC=FF,TA=0/0/0,SP=N/N/N,Mem=2092MHz,Free=8734MB,PLS=0,Temp=0.0C/0.0C,TW=2.50ms,App=0.00ms,GD=0.00ms,CPU&GPU=0.00ms,LCnt=4(DR0,LM0),GPU%=0.24,CPU%=0.20(W0.26),DSF=1.00,CFL=17.93/21.01
01-29 22:31:06.007 16341 16458 I VrApi   : FPS=0/72,Prd=0ms,Tear=0,Early=0,Stale=0,Stale2/5/10/max=0/0/0/0,VSnc=1,Lat=0,Fov=0,CPU4/GPU=2/3,710/305MHz,OC=FF,TA=0/0/0,SP=N/N/N,Mem=2092MHz,Free=8734MB,PLS=0,Temp=0.0C/0.0C,TW=2.50ms,App=0.00ms,GD=0.00ms,CPU&GPU=0.00ms,LCnt=4(DR0,LM0),GPU%=0.24,CPU%=0.20(W0.26),DSF=1.00,CFL=17.93/21.01
01-29 22:31:07.005 16341 16458 I VrApi   : FPS=0/72,Prd=0ms,Tear=0,Early=0,Stale=0,Stale2/5/10/max=0/0/0/0,VSnc=1,Lat=0,Fov=0,CPU4/GPU=2/3,710/305MHz,OC=FF,TA=0/0/0,SP=N/N/N,Mem=2092MHz,Free=8734MB,PLS=0,Temp=0.0C/0.0C,TW=2.50ms,App=0.00ms,GD=0.00ms,CPU&GPU=0.00ms,LCnt=4(DR0,LM0),GPU%=0.24,CPU%=0.20(W0.26),DSF=1.00,CFL=17.93/21.01
01-29 22:31:08.006 16341 16458 I VrApi   : FPS=0/72,Prd=0ms,Tear=0,Early=0,Stale=0,Stale2/5/10/max=0/0/0/0,VSnc=1,Lat=0,Fov=0,CPU4/GPU=2/3,710/305MHz,OC=FF,TA=0/0/0,SP=N/N/N,Mem=1555MHz,Free=8734MB,PLS=0,Temp=0.0C/0.0C,TW=2.50ms,App=0.00ms,GD=0.00ms,CPU&GPU=0.00ms,LCnt=4(DR0,LM0),GPU%=0.24,CPU%=0.20(W0.26),DSF=1.00,CFL=17.93/21.01
01-29 22:31:09.006 16341 16458 I VrApi   : FPS=0/72,Prd=0ms,Tear=0,Early=0,Stale=0,Stale2/5/10/max=0/0/0/0,VSnc=1,Lat=0,Fov=0,CPU4/GPU=2/3,710/305MHz,OC=FF,TA=0/0/0,SP=N/N/N,Mem=1555MHz,Free=8734MB,PLS=0,Temp=0.0C/0.0C,TW=2.50ms,App=0.00ms,GD=0.00ms,CPU&GPU=0.00ms,LCnt=4(DR0,LM0),GPU%=0.24,CPU%=0.20(W0.26),DSF=1.00,CFL=17.93/21.01
01-29 22:31:10.006 16341 16458 I VrApi   : FPS=0/72,Prd=0ms,Tear=0,Early=0,Stale=0,Stale2/5/10/max=0/0/0/0,VSnc=1,Lat=0,Fov=0,CPU4/GPU=2/3,710/305MHz,OC=FF,TA=0/0/0,SP=N/N/N,Mem=2092MHz,Free=8734MB,PLS=0,Temp=0.0C/0.0C,TW=2.50ms,App=0.00ms,GD=0.00ms,CPU&GPU=0.00ms,LCnt=4(DR0,LM0),GPU%=0.24,CPU%=0.20(W0.26),DSF=1.00,CFL=17.93/21.01
01-29 22:31:11.006 16341 16458 I VrApi   : FPS=0/72,Prd=0ms,Tear=0,Early=0,Stale=0,Stale2/5/10/max=0/0/0/0,VSnc=1,Lat=0,Fov=0,CPU4/GPU=2/3,710/305MHz,OC=FF,TA=0/0/0,SP=N/N/N,Mem=2092MHz,Free=8734MB,PLS=0,Temp=0.0C/0.0C,TW=2.50ms,App=0.00ms,GD=0.00ms,CPU&GPU=0.00ms,LCnt=4(DR0,LM0),GPU%=0.24,CPU%=0.20(W0.26),DSF=1.00,CFL=17.93/21.01
01-29 22:31:12.006 16341 16458 I VrApi   : FPS=0/72,Prd=0ms,Tear=0,Early=0,Stale=0,Stale2/5/10/max=0/0/0/0,VSnc=1,Lat=0,Fov=0,CPU4/GPU=2/3,710/305MHz,OC=FF,TA=0/0/0,SP=N/N/N,Mem=2092MHz,Free=8734MB,PLS=0,Temp=0.0C/0.0C,TW=2.50ms,App=0.00ms,GD=0.00ms,CPU&GPU=0.00ms,LCnt=4(DR0,LM0),GPU%=0.24,CPU%=0.20(W0.26),DSF=1.00,CFL=17.93/21.01
01-29 22:31:13.016 16341 16458 I VrApi   : FPS=0/72,Prd=0ms,Tear=0,Early=0,Stale=0,Stale2/5/10/max=0/0/0/0,VSnc=1,Lat=0,Fov=0,CPU4/GPU=2/3,710/305MHz,OC=FF,TA=0/0/0,SP=N/N/N,Mem=1804MHz,Free=8726MB,PLS=0,Temp=0.0C/0.0C,TW=2.50ms,App=0.00ms,GD=0.00ms,CPU&GPU=0.00ms,LCnt=4(DR0,LM0),GPU%=0.24,CPU%=0.20(W0.26),DSF=1.00,CFL=17.93/21.01
01-29 22:31:14.007 16341 16458 I VrApi   : FPS=0/72,Prd=0ms,Tear=0,Early=0,Stale=0,Stale2/5/10/max=0/0/0/0,VSnc=1,Lat=0,Fov=0,CPU4/GPU=2/3,710/305MHz,OC=FF,TA=0/0/0,SP=N/N/N,Mem=2092MHz,Free=8726MB,PLS=0,Temp=0.0C/0.0C,TW=2.50ms,App=0.00ms,GD=0.00ms,CPU&GPU=0.00ms,LCnt=4(DR0,LM0),GPU%=0.24,CPU%=0.20(W0.26),DSF=1.00,CFL=17.93/21.01
01-29 22:31:15.007 16341 16458 I VrApi   : FPS=0/72,Prd=0ms,Tear=0,Early=0,Stale=0,Stale2/5/10/max=0/0/0/0,VSnc=1,Lat=0,Fov=0,CPU4/GPU=2/3,710/305MHz,OC=FF,TA=0/0/0,SP=N/N/N,Mem=2092MHz,Free=8726MB,PLS=0,Temp=0.0C/0.0C,TW=2.50ms,App=0.00ms,GD=0.00ms,CPU&GPU=0.00ms,LCnt=4(DR0,LM0),GPU%=0.24,CPU%=0.20(W0.26),DSF=1.00,CFL=17.93/21.01
01-29 22:31:16.007 16341 16458 I VrApi   : FPS=0/72,Prd=0ms,Tear=0,Early=0,Stale=0,Stale2/5/10/max=0/0/0/0,VSnc=1,Lat=0,Fov=0,CPU4/GPU=2/3,710/305MHz,OC=FF,TA=0/0/0,SP=N/N/N,Mem=2092MHz,Free=8726MB,PLS=0,Temp=0.0C/0.0C,TW=2.50ms,App=0.00ms,GD=0.00ms,CPU&GPU=0.00ms,LCnt=4(DR0,LM0),GPU%=0.24,CPU%=0.20(W0.26),DSF=1.00,CFL=17.93/21.01
01-29 22:31:17.007 16341 16458 I VrApi   : FPS=0/72,Prd=0ms,Tear=0,Early=0,Stale=0,Stale2/5/10/max=0/0/0/0,VSnc=1,Lat=0,Fov=0,CPU4/GPU=2/3,710/305MHz,OC=FF,TA=0/0/0,SP=N/N/N,Mem=1555MHz,Free=8726MB,PLS=0,Temp=0.0C/0.0C,TW=2.50ms,App=0.00ms,GD=0.00ms,CPU&GPU=0.00ms,LCnt=4(DR0,LM0),GPU%=0.24,CPU%=0.20(W0.26),DSF=1.00,CFL=17.93/21.01
01-29 22:31:18.007 16341 16458 I VrApi   : FPS=0/72,Prd=0ms,Tear=0,Early=0,Stale=0,Stale2/5/10/max=0/0/0/0,VSnc=1,Lat=0,Fov=0,CPU4/GPU=2/3,710/305MHz,OC=FF,TA=0/0/0,SP=N/N/N,Mem=2092MHz,Free=8726MB,PLS=0,Temp=0.0C/0.0C,TW=2.50ms,App=0.00ms,GD=0.00ms,CPU&GPU=0.00ms,LCnt=4(DR0,LM0),GPU%=0.24,CPU%=0.20(W0.26),DSF=1.00,CFL=17.93/21.01
01-29 22:31:19.008 16341 16458 I VrApi   : FPS=0/72,Prd=0ms,Tear=0,Early=0,Stale=0,Stale2/5/10/max=0/0/0/0,VSnc=1,Lat=0,Fov=0,CPU4/GPU=2/3,710/305MHz,OC=FF,TA=0/0/0,SP=N/N/N,Mem=2092MHz,Free=8726MB,PLS=0,Temp=0.0C/0.0C,TW=2.50ms,App=0.00ms,GD=0.00ms,CPU&GPU=0.00ms,LCnt=4(DR0,LM0),GPU%=0.24,CPU%=0.20(W0.26),DSF=1.00,CFL=17.93/21.01
01-29 22:31:20.007 16341 16458 I VrApi   : FPS=0/72,Prd=0ms,Tear=0,Early=0,Stale=0,Stale2/5/10/max=0/0/0/0,VSnc=1,Lat=0,Fov=0,CPU4/GPU=2/3,710/305MHz,OC=FF,TA=0/0/0,SP=N/N/N,Mem=1555MHz,Free=8726MB,PLS=0,Temp=0.0C/0.0C,TW=2.50ms,App=0.00ms,GD=0.00ms,CPU&GPU=0.00ms,LCnt=4(DR0,LM0),GPU%=0.24,CPU%=0.20(W0.26),DSF=1.00,CFL=17.93/21.01
01-29 22:31:21.008 16341 16458 I VrApi   : FPS=0/72,Prd=0ms,Tear=0,Early=0,Stale=0,Stale2/5/10/max=0/0/0/0,VSnc=1,Lat=0,Fov=0,CPU4/GPU=2/3,710/305MHz,OC=FF,TA=0/0/0,SP=N/N/N,Mem=2092MHz,Free=8726MB,PLS=0,Temp=0.0C/0.0C,TW=2.50ms,App=0.00ms,GD=0.00ms,CPU&GPU=0.00ms,LCnt=4(DR0,LM0),GPU%=0.24,CPU%=0.20(W0.26),DSF=1.00,CFL=17.93/21.01
01-29 22:31:22.007 16341 16458 I VrApi   : FPS=0/72,Prd=0ms,Tear=0,Early=0,Stale=0,Stale2/5/10/max=0/0/0/0,VSnc=1,Lat=0,Fov=0,CPU4/GPU=2/3,710/305MHz,OC=FF,TA=0/0/0,SP=N/N/N,Mem=2092MHz,Free=8726MB,PLS=0,Temp=0.0C/0.0C,TW=2.50ms,App=0.00ms,GD=0.00ms,CPU&GPU=0.00ms,LCnt=4(DR0,LM0),GPU%=0.24,CPU%=0.20(W0.26),DSF=1.00,CFL=17.93/21.01
01-29 22:31:23.008 16341 16458 I VrApi   : FPS=0/72,Prd=0ms,Tear=0,Early=0,Stale=0,Stale2/5/10/max=0/0/0/0,VSnc=1,Lat=0,Fov=0,CPU4/GPU=2/3,710/305MHz,OC=FF,TA=0/0/0,SP=N/N/N,Mem=1555MHz,Free=8726MB,PLS=0,Temp=0.0C/0.0C,TW=2.50ms,App=0.00ms,GD=0.00ms,CPU&GPU=0.00ms,LCnt=4(DR0,LM0),GPU%=0.24,CPU%=0.20(W0.26),DSF=1.00,CFL=17.93/21.01
01-29 22:31:24.008 16341 16458 I VrApi   : FPS=0/72,Prd=0ms,Tear=0,Early=0,Stale=0,Stale2/5/10/max=0/0/0/0,VSnc=1,Lat=0,Fov=0,CPU4/GPU=2/3,710/305MHz,OC=FF,TA=0/0/0,SP=N/N/N,Mem=2092MHz,Free=8726MB,PLS=0,Temp=0.0C/0.0C,TW=2.50ms,App=0.00ms,GD=0.00ms,CPU&GPU=0.00ms,LCnt=4(DR0,LM0),GPU%=0.24,CPU%=0.20(W0.26),DSF=1.00,CFL=17.93/21.01
01-29 22:31:25.008 16341 16458 I VrApi   : FPS=0/72,Prd=0ms,Tear=0,Early=0,Stale=0,Stale2/5/10/max=0/0/0/0,VSnc=1,Lat=0,Fov=0,CPU4/GPU=2/3,710/305MHz,OC=FF,TA=0/0/0,SP=N/N/N,Mem=1555MHz,Free=8726MB,PLS=0,Temp=0.0C/0.0C,TW=2.50ms,App=0.00ms,GD=0.00ms,CPU&GPU=0.00ms,LCnt=4(DR0,LM0),GPU%=0.24,CPU%=0.20(W0.26),DSF=1.00,CFL=17.93/21.01
01-29 22:31:26.008 16341 16458 I VrApi   : FPS=0/72,Prd=0ms,Tear=0,Early=0,Stale=0,Stale2/5/10/max=0/0/0/0,VSnc=1,Lat=0,Fov=0,CPU4/GPU=2/3,710/305MHz,OC=FF,TA=0/0/0,SP=N/N/N,Mem=1555MHz,Free=8726MB,PLS=0,Temp=0.0C/0.0C,TW=2.50ms,App=0.00ms,GD=0.00ms,CPU&GPU=0.00ms,LCnt=4(DR0,LM0),GPU%=0.24,CPU%=0.20(W0.26),DSF=1.00,CFL=17.93/21.01
01-29 22:31:27.008 16341 16458 I VrApi   : FPS=0/72,Prd=0ms,Tear=0,Early=0,Stale=0,Stale2/5/10/max=0/0/0/0,VSnc=1,Lat=0,Fov=0,CPU4/GPU=2/3,710/305MHz,OC=FF,TA=0/0/0,SP=N/N/N,Mem=1555MHz,Free=8726MB,PLS=0,Temp=0.0C/0.0C,TW=2.50ms,App=0.00ms,GD=0.00ms,CPU&GPU=0.00ms,LCnt=4(DR0,LM0),GPU%=0.24,CPU%=0.20(W0.26),DSF=1.00,CFL=17.93/21.01
01-29 22:31:28.008 16341 16458 I VrApi   : FPS=0/72,Prd=0ms,Tear=0,Early=0,Stale=0,Stale2/5/10/max=0/0/0/0,VSnc=1,Lat=0,Fov=0,CPU4/GPU=2/3,710/305MHz,OC=FF,TA=0/0/0,SP=N/N/N,Mem=2092MHz,Free=8726MB,PLS=0,Temp=0.0C/0.0C,TW=2.50ms,App=0.00ms,GD=0.00ms,CPU&GPU=0.00ms,LCnt=4(DR0,LM0),GPU%=0.24,CPU%=0.20(W0.26),DSF=1.00,CFL=17.93/21.01
01-29 22:31:29.009 16341 16458 I VrApi   : FPS=0/72,Prd=0ms,Tear=0,Early=0,Stale=0,Stale2/5/10/max=0/0/0/0,VSnc=1,Lat=0,Fov=0,CPU4/GPU=2/3,710/305MHz,OC=FF,TA=0/0/0,SP=N/N/N,Mem=1555MHz,Free=8726MB,PLS=0,Temp=0.0C/0.0C,TW=2.50ms,App=0.00ms,GD=0.00ms,CPU&GPU=0.00ms,LCnt=4(DR0,LM0),GPU%=0.24,CPU%=0.20(W0.26),DSF=1.00,CFL=17.93/21.01
01-29 22:31:30.008 16341 16458 I VrApi   : FPS=0/72,Prd=0ms,Tear=0,Early=0,Stale=0,Stale2/5/10/max=0/0/0/0,VSnc=1,Lat=0,Fov=0,CPU4/GPU=2/3,710/305MHz,OC=FF,TA=0/0/0,SP=N/N/N,Mem=1555MHz,Free=8726MB,PLS=0,Temp=0.0C/0.0C,TW=2.50ms,App=0.00ms,GD=0.00ms,CPU&GPU=0.00ms,LCnt=4(DR0,LM0),GPU%=0.24,CPU%=0.20(W0.26),DSF=1.00,CFL=17.93/21.01
01-29 22:31:31.008 16341 16458 I VrApi   : FPS=0/72,Prd=0ms,Tear=0,Early=0,Stale=0,Stale2/5/10/max=0/0/0/0,VSnc=1,Lat=0,Fov=0,CPU4/GPU=2/3,710/305MHz,OC=FF,TA=0/0/0,SP=N/N/N,Mem=2092MHz,Free=8726MB,PLS=0,Temp=0.0C/0.0C,TW=2.50ms,App=0.00ms,GD=0.00ms,CPU&GPU=0.00ms,LCnt=4(DR0,LM0),GPU%=0.24,CPU%=0.20(W0.26),DSF=1.00,CFL=17.93/21.01
01-29 22:31:32.009 16341 16458 I VrApi   : FPS=0/72,Prd=0ms,Tear=0,Early=0,Stale=0,Stale2/5/10/max=0/0/0/0,VSnc=1,Lat=0,Fov=0,CPU4/GPU=2/3,710/305MHz,OC=FF,TA=0/0/0,SP=N/N/N,Mem=2092MHz,Free=8726MB,PLS=0,Temp=0.0C/0.0C,TW=2.50ms,App=0.00ms,GD=0.00ms,CPU&GPU=0.00ms,LCnt=4(DR0,LM0),GPU%=0.24,CPU%=0.20(W0.26),DSF=1.00,CFL=17.93/21.01
01-29 22:31:33.017 16341 16458 I VrApi   : FPS=0/72,Prd=0ms,Tear=0,Early=0,Stale=0,Stale2/5/10/max=0/0/0/0,VSnc=1,Lat=0,Fov=0,CPU4/GPU=2/3,710/305MHz,OC=FF,TA=0/0/0,SP=N/N/N,Mem=2092MHz,Free=8764MB,PLS=0,Temp=0.0C/0.0C,TW=2.50ms,App=0.00ms,GD=0.00ms,CPU&GPU=0.00ms,LCnt=4(DR0,LM0),GPU%=0.24,CPU%=0.20(W0.26),DSF=1.00,CFL=17.93/21.01
01-29 22:31:34.009 16341 16458 I VrApi   : FPS=0/72,Prd=0ms,Tear=0,Early=0,Stale=0,Stale2/5/10/max=0/0/0/0,VSnc=1,Lat=0,Fov=0,CPU4/GPU=2/3,710/305MHz,OC=FF,TA=0/0/0,SP=N/N/N,Mem=2092MHz,Free=8764MB,PLS=0,Temp=0.0C/0.0C,TW=2.50ms,App=0.00ms,GD=0.00ms,CPU&GPU=0.00ms,LCnt=4(DR0,LM0),GPU%=0.24,CPU%=0.20(W0.26),DSF=1.00,CFL=17.93/21.01
01-29 22:31:35.009 16341 16458 I VrApi   : FPS=0/72,Prd=0ms,Tear=0,Early=0,Stale=0,Stale2/5/10/max=0/0/0/0,VSnc=1,Lat=0,Fov=0,CPU4/GPU=2/3,710/305MHz,OC=FF,TA=0/0/0,SP=N/N/N,Mem=2092MHz,Free=8764MB,PLS=0,Temp=0.0C/0.0C,TW=2.50ms,App=0.00ms,GD=0.00ms,CPU&GPU=0.00ms,LCnt=4(DR0,LM0),GPU%=0.24,CPU%=0.20(W0.26),DSF=1.00,CFL=17.93/21.01
01-29 22:31:36.009 16341 16458 I VrApi   : FPS=0/72,Prd=0ms,Tear=0,Early=0,Stale=0,Stale2/5/10/max=0/0/0/0,VSnc=1,Lat=0,Fov=0,CPU4/GPU=2/3,710/305MHz,OC=FF,TA=0/0/0,SP=N/N/N,Mem=2092MHz,Free=8764MB,PLS=0,Temp=0.0C/0.0C,TW=2.50ms,App=0.00ms,GD=0.00ms,CPU&GPU=0.00ms,LCnt=4(DR0,LM0),GPU%=0.24,CPU%=0.20(W0.26),DSF=1.00,CFL=17.93/21.01
01-29 22:31:37.009 16341 16458 I VrApi   : FPS=0/72,Prd=0ms,Tear=0,Early=0,Stale=0,Stale2/5/10/max=0/0/0/0,VSnc=1,Lat=0,Fov=0,CPU4/GPU=2/3,710/305MHz,OC=FF,TA=0/0/0,SP=N/N/N,Mem=2092MHz,Free=8764MB,PLS=0,Temp=0.0C/0.0C,TW=2.50ms,App=0.00ms,GD=0.00ms,CPU&GPU=0.00ms,LCnt=4(DR0,LM0),GPU%=0.24,CPU%=0.20(W0.26),DSF=1.00,CFL=17.93/21.01
01-29 22:31:38.010 16341 16458 I VrApi   : FPS=0/72,Prd=0ms,Tear=0,Early=0,Stale=0,Stale2/5/10/max=0/0/0/0,VSnc=1,Lat=0,Fov=0,CPU4/GPU=2/3,710/305MHz,OC=FF,TA=0/0/0,SP=N/N/N,Mem=1555MHz,Free=8764MB,PLS=0,Temp=0.0C/0.0C,TW=2.50ms,App=0.00ms,GD=0.00ms,CPU&GPU=0.00ms,LCnt=4(DR0,LM0),GPU%=0.24,CPU%=0.20(W0.26),DSF=1.00,CFL=17.93/21.01
01-29 22:31:39.011 16341 16458 I VrApi   : FPS=0/72,Prd=0ms,Tear=0,Early=0,Stale=0,Stale2/5/10/max=0/0/0/0,VSnc=1,Lat=0,Fov=0,CPU4/GPU=2/3,710/305MHz,OC=FF,TA=0/0/0,SP=N/N/N,Mem=2092MHz,Free=8764MB,PLS=0,Temp=0.0C/0.0C,TW=2.50ms,App=0.00ms,GD=0.00ms,CPU&GPU=0.00ms,LCnt=4(DR0,LM0),GPU%=0.24,CPU%=0.20(W0.26),DSF=1.00,CFL=17.93/21.01
01-29 22:31:40.009 16341 16458 I VrApi   : FPS=0/72,Prd=0ms,Tear=0,Early=0,Stale=0,Stale2/5/10/max=0/0/0/0,VSnc=1,Lat=0,Fov=0,CPU4/GPU=2/3,710/305MHz,OC=FF,TA=0/0/0,SP=N/N/N,Mem=1555MHz,Free=8764MB,PLS=0,Temp=0.0C/0.0C,TW=2.50ms,App=0.00ms,GD=0.00ms,CPU&GPU=0.00ms,LCnt=4(DR0,LM0),GPU%=0.24,CPU%=0.20(W0.26),DSF=1.00,CFL=17.93/21.01
01-29 22:31:41.011 16341 16458 I VrApi   : FPS=0/72,Prd=0ms,Tear=0,Early=0,Stale=0,Stale2/5/10/max=0/0/0/0,VSnc=1,Lat=0,Fov=0,CPU4/GPU=2/3,710/305MHz,OC=FF,TA=0/0/0,SP=N/N/N,Mem=1555MHz,Free=8764MB,PLS=0,Temp=0.0C/0.0C,TW=2.50ms,App=0.00ms,GD=0.00ms,CPU&GPU=0.00ms,LCnt=4(DR0,LM0),GPU%=0.24,CPU%=0.20(W0.26),DSF=1.00,CFL=17.93/21.01
01-29 22:31:42.010 16341 16458 I VrApi   : FPS=0/72,Prd=0ms,Tear=0,Early=0,Stale=0,Stale2/5/10/max=0/0/0/0,VSnc=1,Lat=0,Fov=0,CPU4/GPU=2/3,710/305MHz,OC=FF,TA=0/0/0,SP=N/N/N,Mem=1555MHz,Free=8764MB,PLS=0,Temp=0.0C/0.0C,TW=2.50ms,App=0.00ms,GD=0.00ms,CPU&GPU=0.00ms,LCnt=4(DR0,LM0),GPU%=0.24,CPU%=0.20(W0.26),DSF=1.00,CFL=17.93/21.01
01-29 22:31:43.010 16341 16458 I VrApi   : FPS=0/72,Prd=0ms,Tear=0,Early=0,Stale=0,Stale2/5/10/max=0/0/0/0,VSnc=1,Lat=0,Fov=0,CPU4/GPU=2/3,710/305MHz,OC=FF,TA=0/0/0,SP=N/N/N,Mem=1555MHz,Free=8764MB,PLS=0,Temp=0.0C/0.0C,TW=2.50ms,App=0.00ms,GD=0.00ms,CPU&GPU=0.00ms,LCnt=4(DR0,LM0),GPU%=0.24,CPU%=0.20(W0.26),DSF=1.00,CFL=17.93/21.01
01-29 22:31:44.011 16341 16458 I VrApi   : FPS=0/72,Prd=0ms,Tear=0,Early=0,Stale=0,Stale2/5/10/max=0/0/0/0,VSnc=1,Lat=0,Fov=0,CPU4/GPU=2/3,710/305MHz,OC=FF,TA=0/0/0,SP=N/N/N,Mem=2092MHz,Free=8764MB,PLS=0,Temp=0.0C/0.0C,TW=2.50ms,App=0.00ms,GD=0.00ms,CPU&GPU=0.00ms,LCnt=4(DR0,LM0),GPU%=0.24,CPU%=0.20(W0.26),DSF=1.00,CFL=17.93/21.01
01-29 22:31:45.010 16341 16458 I VrApi   : FPS=0/72,Prd=0ms,Tear=0,Early=0,Stale=0,Stale2/5/10/max=0/0/0/0,VSnc=1,Lat=0,Fov=0,CPU4/GPU=2/3,710/305MHz,OC=FF,TA=0/0/0,SP=N/N/N,Mem=1555MHz,Free=8764MB,PLS=0,Temp=0.0C/0.0C,TW=2.50ms,App=0.00ms,GD=0.00ms,CPU&GPU=0.00ms,LCnt=4(DR0,LM0),GPU%=0.24,CPU%=0.20(W0.26),DSF=1.00,CFL=17.93/21.01
01-29 22:31:46.011 16341 16458 I VrApi   : FPS=0/72,Prd=0ms,Tear=0,Early=0,Stale=0,Stale2/5/10/max=0/0/0/0,VSnc=1,Lat=0,Fov=0,CPU4/GPU=2/3,710/305MHz,OC=FF,TA=0/0/0,SP=N/N/N,Mem=2092MHz,Free=8764MB,PLS=0,Temp=0.0C/0.0C,TW=2.50ms,App=0.00ms,GD=0.00ms,CPU&GPU=0.00ms,LCnt=4(DR0,LM0),GPU%=0.24,CPU%=0.20(W0.26),DSF=1.00,CFL=17.93/21.01
01-29 22:31:47.011 16341 16458 I VrApi   : FPS=0/72,Prd=0ms,Tear=0,Early=0,Stale=0,Stale2/5/10/max=0/0/0/0,VSnc=1,Lat=0,Fov=0,CPU4/GPU=2/3,710/305MHz,OC=FF,TA=0/0/0,SP=N/N/N,Mem=2092MHz,Free=8764MB,PLS=0,Temp=0.0C/0.0C,TW=2.50ms,App=0.00ms,GD=0.00ms,CPU&GPU=0.00ms,LCnt=4(DR0,LM0),GPU%=0.24,CPU%=0.20(W0.26),DSF=1.00,CFL=17.93/21.01
01-29 22:31:48.010 16341 16458 I VrApi   : FPS=0/72,Prd=0ms,Tear=0,Early=0,Stale=0,Stale2/5/10/max=0/0/0/0,VSnc=1,Lat=0,Fov=0,CPU4/GPU=2/3,710/305MHz,OC=FF,TA=0/0/0,SP=N/N/N,Mem=2092MHz,Free=8764MB,PLS=0,Temp=0.0C/0.0C,TW=2.50ms,App=0.00ms,GD=0.00ms,CPU&GPU=0.00ms,LCnt=4(DR0,LM0),GPU%=0.24,CPU%=0.20(W0.26),DSF=1.00,CFL=17.93/21.01
01-29 22:31:49.011 16341 16458 I VrApi   : FPS=0/72,Prd=0ms,Tear=0,Early=0,Stale=0,Stale2/5/10/max=0/0/0/0,VSnc=1,Lat=0,Fov=0,CPU4/GPU=2/3,710/305MHz,OC=FF,TA=0/0/0,SP=N/N/N,Mem=2092MHz,Free=8764MB,PLS=0,Temp=0.0C/0.0C,TW=2.50ms,App=0.00ms,GD=0.00ms,CPU&GPU=0.00ms,LCnt=4(DR0,LM0),GPU%=0.24,CPU%=0.20(W0.26),DSF=1.00,CFL=17.93/21.01
01-29 22:31:50.013 16341 16458 I VrApi   : FPS=0/72,Prd=0ms,Tear=0,Early=0,Stale=0,Stale2/5/10/max=0/0/0/0,VSnc=1,Lat=0,Fov=0,CPU4/GPU=2/3,710/305MHz,OC=FF,TA=0/0/0,SP=N/N/N,Mem=2092MHz,Free=8764MB,PLS=0,Temp=0.0C/0.0C,TW=2.50ms,App=0.00ms,GD=0.00ms,CPU&GPU=0.00ms,LCnt=4(DR0,LM0),GPU%=0.24,CPU%=0.20(W0.26),DSF=1.00,CFL=17.93/21.01
01-29 22:31:51.013 16341 16458 I VrApi   : FPS=0/72,Prd=0ms,Tear=0,Early=0,Stale=0,Stale2/5/10/max=0/0/0/0,VSnc=1,Lat=0,Fov=0,CPU4/GPU=2/3,710/305MHz,OC=FF,TA=0/0/0,SP=N/N/N,Mem=2092MHz,Free=8764MB,PLS=0,Temp=0.0C/0.0C,TW=2.50ms,App=0.00ms,GD=0.00ms,CPU&GPU=0.00ms,LCnt=4(DR0,LM0),GPU%=0.24,CPU%=0.20(W0.26),DSF=1.00,CFL=17.93/21.01
01-29 22:31:52.011 16341 16458 I VrApi   : FPS=0/72,Prd=0ms,Tear=0,Early=0,Stale=0,Stale2/5/10/max=0/0/0/0,VSnc=1,Lat=0,Fov=0,CPU4/GPU=2/3,710/305MHz,OC=FF,TA=0/0/0,SP=N/N/N,Mem=2092MHz,Free=8764MB,PLS=0,Temp=0.0C/0.0C,TW=2.50ms,App=0.00ms,GD=0.00ms,CPU&GPU=0.00ms,LCnt=4(DR0,LM0),GPU%=0.24,CPU%=0.20(W0.26),DSF=1.00,CFL=17.93/21.01
01-29 22:31:53.019 16341 16458 I VrApi   : FPS=0/72,Prd=0ms,Tear=0,Early=0,Stale=0,Stale2/5/10/max=0/0/0/0,VSnc=1,Lat=0,Fov=0,CPU4/GPU=2/3,710/305MHz,OC=FF,TA=0/0/0,SP=N/N/N,Mem=2092MHz,Free=8752MB,PLS=0,Temp=0.0C/0.0C,TW=2.50ms,App=0.00ms,GD=0.00ms,CPU&GPU=0.00ms,LCnt=4(DR0,LM0),GPU%=0.24,CPU%=0.20(W0.26),DSF=1.00,CFL=17.93/21.01
01-29 22:31:54.012 16341 16458 I VrApi   : FPS=0/72,Prd=0ms,Tear=0,Early=0,Stale=0,Stale2/5/10/max=0/0/0/0,VSnc=1,Lat=0,Fov=0,CPU4/GPU=2/3,710/305MHz,OC=FF,TA=0/0/0,SP=N/N/N,Mem=2092MHz,Free=8752MB,PLS=0,Temp=0.0C/0.0C,TW=2.50ms,App=0.00ms,GD=0.00ms,CPU&GPU=0.00ms,LCnt=4(DR0,LM0),GPU%=0.24,CPU%=0.20(W0.26),DSF=1.00,CFL=17.93/21.01
01-29 22:31:55.012 16341 16458 I VrApi   : FPS=0/72,Prd=0ms,Tear=0,Early=0,Stale=0,Stale2/5/10/max=0/0/0/0,VSnc=1,Lat=0,Fov=0,CPU4/GPU=2/3,710/305MHz,OC=FF,TA=0/0/0,SP=N/N/N,Mem=2092MHz,Free=8752MB,PLS=0,Temp=0.0C/0.0C,TW=2.50ms,App=0.00ms,GD=0.00ms,CPU&GPU=0.00ms,LCnt=4(DR0,LM0),GPU%=0.24,CPU%=0.20(W0.26),DSF=1.00,CFL=17.93/21.01
01-29 22:31:56.013 16341 16458 I VrApi   : FPS=0/72,Prd=0ms,Tear=0,Early=0,Stale=0,Stale2/5/10/max=0/0/0/0,VSnc=1,Lat=0,Fov=0,CPU4/GPU=2/3,710/305MHz,OC=FF,TA=0/0/0,SP=N/N/N,Mem=2092MHz,Free=8752MB,PLS=0,Temp=0.0C/0.0C,TW=2.50ms,App=0.00ms,GD=0.00ms,CPU&GPU=0.00ms,LCnt=4(DR0,LM0),GPU%=0.24,CPU%=0.20(W0.26),DSF=1.00,CFL=17.93/21.01
01-29 22:31:57.012 16341 16458 I VrApi   : FPS=0/72,Prd=0ms,Tear=0,Early=0,Stale=0,Stale2/5/10/max=0/0/0/0,VSnc=1,Lat=0,Fov=0,CPU4/GPU=2/3,710/305MHz,OC=FF,TA=0/0/0,SP=N/N/N,Mem=2092MHz,Free=8752MB,PLS=0,Temp=0.0C/0.0C,TW=2.50ms,App=0.00ms,GD=0.00ms,CPU&GPU=0.00ms,LCnt=4(DR0,LM0),GPU%=0.24,CPU%=0.20(W0.26),DSF=1.00,CFL=17.93/21.01
01-29 22:31:58.013 16341 16458 I VrApi   : FPS=0/72,Prd=0ms,Tear=0,Early=0,Stale=0,Stale2/5/10/max=0/0/0/0,VSnc=1,Lat=0,Fov=0,CPU4/GPU=2/3,710/305MHz,OC=FF,TA=0/0/0,SP=N/N/N,Mem=2092MHz,Free=8752MB,PLS=0,Temp=0.0C/0.0C,TW=2.50ms,App=0.00ms,GD=0.00ms,CPU&GPU=0.00ms,LCnt=4(DR0,LM0),GPU%=0.24,CPU%=0.20(W0.26),DSF=1.00,CFL=17.93/21.01
01-29 22:31:59.012 16341 16458 I VrApi   : FPS=0/72,Prd=0ms,Tear=0,Early=0,Stale=0,Stale2/5/10/max=0/0/0/0,VSnc=1,Lat=0,Fov=0,CPU4/GPU=2/3,710/305MHz,OC=FF,TA=0/0/0,SP=N/N/N,Mem=2092MHz,Free=8752MB,PLS=0,Temp=0.0C/0.0C,TW=2.50ms,App=0.00ms,GD=0.00ms,CPU&GPU=0.00ms,LCnt=4(DR0,LM0),GPU%=0.24,CPU%=0.20(W0.26),DSF=1.00,CFL=17.93/21.01
01-29 22:32:00.015 16341 16458 I VrApi   : FPS=0/72,Prd=0ms,Tear=0,Early=0,Stale=0,Stale2/5/10/max=0/0/0/0,VSnc=1,Lat=0,Fov=0,CPU4/GPU=2/3,710/305MHz,OC=FF,TA=0/0/0,SP=N/N/N,Mem=2092MHz,Free=8752MB,PLS=0,Temp=0.0C/0.0C,TW=2.50ms,App=0.00ms,GD=0.00ms,CPU&GPU=0.00ms,LCnt=4(DR0,LM0),GPU%=0.24,CPU%=0.20(W0.26),DSF=1.00,CFL=17.93/21.01
01-29 22:32:01.012 16341 16458 I VrApi   : FPS=0/72,Prd=0ms,Tear=0,Early=0,Stale=0,Stale2/5/10/max=0/0/0/0,VSnc=1,Lat=0,Fov=0,CPU4/GPU=2/3,710/305MHz,OC=FF,TA=0/0/0,SP=N/N/N,Mem=2092MHz,Free=8752MB,PLS=0,Temp=0.0C/0.0C,TW=2.50ms,App=0.00ms,GD=0.00ms,CPU&GPU=0.00ms,LCnt=4(DR0,LM0),GPU%=0.24,CPU%=0.20(W0.26),DSF=1.00,CFL=17.93/21.01
01-29 22:32:02.012 16341 16458 I VrApi   : FPS=0/72,Prd=0ms,Tear=0,Early=0,Stale=0,Stale2/5/10/max=0/0/0/0,VSnc=1,Lat=0,Fov=0,CPU4/GPU=2/3,710/305MHz,OC=FF,TA=0/0/0,SP=N/N/N,Mem=2092MHz,Free=8752MB,PLS=0,Temp=0.0C/0.0C,TW=2.50ms,App=0.00ms,GD=0.00ms,CPU&GPU=0.00ms,LCnt=4(DR0,LM0),GPU%=0.24,CPU%=0.20(W0.26),DSF=1.00,CFL=17.93/21.01
01-29 22:32:03.012 16341 16458 I VrApi   : FPS=0/72,Prd=0ms,Tear=0,Early=0,Stale=0,Stale2/5/10/max=0/0/0/0,VSnc=1,Lat=0,Fov=0,CPU4/GPU=2/3,710/305MHz,OC=FF,TA=0/0/0,SP=N/N/N,Mem=2092MHz,Free=8752MB,PLS=0,Temp=0.0C/0.0C,TW=2.50ms,App=0.00ms,GD=0.00ms,CPU&GPU=0.00ms,LCnt=4(DR0,LM0),GPU%=0.24,CPU%=0.20(W0.26),DSF=1.00,CFL=17.93/21.01
01-29 22:32:04.012 16341 16458 I VrApi   : FPS=0/72,Prd=0ms,Tear=0,Early=0,Stale=0,Stale2/5/10/max=0/0/0/0,VSnc=1,Lat=0,Fov=0,CPU4/GPU=2/3,710/305MHz,OC=FF,TA=0/0/0,SP=N/N/N,Mem=2092MHz,Free=8752MB,PLS=0,Temp=0.0C/0.0C,TW=2.50ms,App=0.00ms,GD=0.00ms,CPU&GPU=0.00ms,LCnt=4(DR0,LM0),GPU%=0.24,CPU%=0.20(W0.26),DSF=1.00,CFL=17.93/21.01
01-29 22:32:05.015 16341 16458 I VrApi   : FPS=0/72,Prd=0ms,Tear=0,Early=0,Stale=0,Stale2/5/10/max=0/0/0/0,VSnc=1,Lat=0,Fov=0,CPU4/GPU=2/3,710/305MHz,OC=FF,TA=0/0/0,SP=N/N/N,Mem=2092MHz,Free=8752MB,PLS=0,Temp=0.0C/0.0C,TW=2.50ms,App=0.00ms,GD=0.00ms,CPU&GPU=0.00ms,LCnt=4(DR0,LM0),GPU%=0.24,CPU%=0.20(W0.26),DSF=1.00,CFL=17.93/21.01
01-29 22:32:06.012 16341 16458 I VrApi   : FPS=0/72,Prd=0ms,Tear=0,Early=0,Stale=0,Stale2/5/10/max=0/0/0/0,VSnc=1,Lat=0,Fov=0,CPU4/GPU=2/3,710/305MHz,OC=FF,TA=0/0/0,SP=N/N/N,Mem=2092MHz,Free=8752MB,PLS=0,Temp=0.0C/0.0C,TW=2.50ms,App=0.00ms,GD=0.00ms,CPU&GPU=0.00ms,LCnt=4(DR0,LM0),GPU%=0.24,CPU%=0.20(W0.26),DSF=1.00,CFL=17.93/21.01
01-29 22:32:07.012 16341 16458 I VrApi   : FPS=0/72,Prd=0ms,Tear=0,Early=0,Stale=0,Stale2/5/10/max=0/0/0/0,VSnc=1,Lat=0,Fov=0,CPU4/GPU=2/3,710/305MHz,OC=FF,TA=0/0/0,SP=N/N/N,Mem=2092MHz,Free=8752MB,PLS=0,Temp=0.0C/0.0C,TW=2.50ms,App=0.00ms,GD=0.00ms,CPU&GPU=0.00ms,LCnt=4(DR0,LM0),GPU%=0.24,CPU%=0.20(W0.26),DSF=1.00,CFL=17.93/21.01
01-29 22:32:08.014 16341 16458 I VrApi   : FPS=0/72,Prd=0ms,Tear=0,Early=0,Stale=0,Stale2/5/10/max=0/0/0/0,VSnc=1,Lat=0,Fov=0,CPU4/GPU=2/3,710/305MHz,OC=FF,TA=0/0/0,SP=N/N/N,Mem=2092MHz,Free=8752MB,PLS=0,Temp=0.0C/0.0C,TW=2.50ms,App=0.00ms,GD=0.00ms,CPU&GPU=0.00ms,LCnt=4(DR0,LM0),GPU%=0.24,CPU%=0.20(W0.26),DSF=1.00,CFL=17.93/21.01
01-29 22:32:09.016 16341 16458 I VrApi   : FPS=0/72,Prd=0ms,Tear=0,Early=0,Stale=0,Stale2/5/10/max=0/0/0/0,VSnc=1,Lat=0,Fov=0,CPU4/GPU=2/3,710/305MHz,OC=FF,TA=0/0/0,SP=N/N/N,Mem=2092MHz,Free=8752MB,PLS=0,Temp=0.0C/0.0C,TW=2.50ms,App=0.00ms,GD=0.00ms,CPU&GPU=0.00ms,LCnt=4(DR0,LM0),GPU%=0.24,CPU%=0.20(W0.26),DSF=1.00,CFL=17.93/21.01
01-29 22:32:10.013 16341 16458 I VrApi   : FPS=0/72,Prd=0ms,Tear=0,Early=0,Stale=0,Stale2/5/10/max=0/0/0/0,VSnc=1,Lat=0,Fov=0,CPU4/GPU=2/3,710/305MHz,OC=FF,TA=0/0/0,SP=N/N/N,Mem=2092MHz,Free=8752MB,PLS=0,Temp=0.0C/0.0C,TW=2.50ms,App=0.00ms,GD=0.00ms,CPU&GPU=0.00ms,LCnt=4(DR0,LM0),GPU%=0.24,CPU%=0.20(W0.26),DSF=1.00,CFL=17.93/21.01
01-29 22:32:11.013 16341 16458 I VrApi   : FPS=0/72,Prd=0ms,Tear=0,Early=0,Stale=0,Stale2/5/10/max=0/0/0/0,VSnc=1,Lat=0,Fov=0,CPU4/GPU=2/3,710/305MHz,OC=FF,TA=0/0/0,SP=N/N/N,Mem=2092MHz,Free=8752MB,PLS=0,Temp=0.0C/0.0C,TW=2.50ms,App=0.00ms,GD=0.00ms,CPU&GPU=0.00ms,LCnt=4(DR0,LM0),GPU%=0.24,CPU%=0.20(W0.26),DSF=1.00,CFL=17.93/21.01
01-29 22:32:12.013 16341 16458 I VrApi   : FPS=0/72,Prd=0ms,Tear=0,Early=0,Stale=0,Stale2/5/10/max=0/0/0/0,VSnc=1,Lat=0,Fov=0,CPU4/GPU=2/3,710/305MHz,OC=FF,TA=0/0/0,SP=N/N/N,Mem=2092MHz,Free=8752MB,PLS=0,Temp=0.0C/0.0C,TW=2.50ms,App=0.00ms,GD=0.00ms,CPU&GPU=0.00ms,LCnt=4(DR0,LM0),GPU%=0.24,CPU%=0.20(W0.26),DSF=1.00,CFL=17.93/21.01
01-29 22:32:13.024 16341 16458 I VrApi   : FPS=0/72,Prd=0ms,Tear=0,Early=0,Stale=0,Stale2/5/10/max=0/0/0/0,VSnc=1,Lat=0,Fov=0,CPU4/GPU=2/3,710/305MHz,OC=FF,TA=0/0/0,SP=N/N/N,Mem=2092MHz,Free=8764MB,PLS=0,Temp=0.0C/0.0C,TW=2.50ms,App=0.00ms,GD=0.00ms,CPU&GPU=0.00ms,LCnt=4(DR0,LM0),GPU%=0.24,CPU%=0.20(W0.26),DSF=1.00,CFL=17.93/21.01
01-29 22:32:14.014 16341 16458 I VrApi   : FPS=0/72,Prd=0ms,Tear=0,Early=0,Stale=0,Stale2/5/10/max=0/0/0/0,VSnc=1,Lat=0,Fov=0,CPU4/GPU=2/3,710/305MHz,OC=FF,TA=0/0/0,SP=N/N/N,Mem=2092MHz,Free=8764MB,PLS=0,Temp=0.0C/0.0C,TW=2.50ms,App=0.00ms,GD=0.00ms,CPU&GPU=0.00ms,LCnt=4(DR0,LM0),GPU%=0.24,CPU%=0.20(W0.26),DSF=1.00,CFL=17.93/21.01
01-29 22:32:15.013 16341 16458 I VrApi   : FPS=0/72,Prd=0ms,Tear=0,Early=0,Stale=0,Stale2/5/10/max=0/0/0/0,VSnc=1,Lat=0,Fov=0,CPU4/GPU=2/3,710/305MHz,OC=FF,TA=0/0/0,SP=N/N/N,Mem=2092MHz,Free=8764MB,PLS=0,Temp=0.0C/0.0C,TW=2.50ms,App=0.00ms,GD=0.00ms,CPU&GPU=0.00ms,LCnt=4(DR0,LM0),GPU%=0.24,CPU%=0.20(W0.26),DSF=1.00,CFL=17.93/21.01
01-29 22:32:16.013 16341 16458 I VrApi   : FPS=0/72,Prd=0ms,Tear=0,Early=0,Stale=0,Stale2/5/10/max=0/0/0/0,VSnc=1,Lat=0,Fov=0,CPU4/GPU=2/3,710/305MHz,OC=FF,TA=0/0/0,SP=N/N/N,Mem=2092MHz,Free=8764MB,PLS=0,Temp=0.0C/0.0C,TW=2.50ms,App=0.00ms,GD=0.00ms,CPU&GPU=0.00ms,LCnt=4(DR0,LM0),GPU%=0.24,CPU%=0.20(W0.26),DSF=1.00,CFL=17.93/21.01
01-29 22:32:17.013 16341 16458 I VrApi   : FPS=0/72,Prd=0ms,Tear=0,Early=0,Stale=0,Stale2/5/10/max=0/0/0/0,VSnc=1,Lat=0,Fov=0,CPU4/GPU=2/3,710/305MHz,OC=FF,TA=0/0/0,SP=N/N/N,Mem=2092MHz,Free=8764MB,PLS=0,Temp=0.0C/0.0C,TW=2.50ms,App=0.00ms,GD=0.00ms,CPU&GPU=0.00ms,LCnt=4(DR0,LM0),GPU%=0.24,CPU%=0.20(W0.26),DSF=1.00,CFL=17.93/21.01
01-29 22:32:18.015 16341 16458 I VrApi   : FPS=0/72,Prd=0ms,Tear=0,Early=0,Stale=0,Stale2/5/10/max=0/0/0/0,VSnc=1,Lat=0,Fov=0,CPU4/GPU=2/3,710/305MHz,OC=FF,TA=0/0/0,SP=N/N/N,Mem=2092MHz,Free=8764MB,PLS=0,Temp=0.0C/0.0C,TW=2.50ms,App=0.00ms,GD=0.00ms,CPU&GPU=0.00ms,LCnt=4(DR0,LM0),GPU%=0.24,CPU%=0.20(W0.26),DSF=1.00,CFL=17.93/21.01
01-29 22:32:19.013 16341 16458 I VrApi   : FPS=0/72,Prd=0ms,Tear=0,Early=0,Stale=0,Stale2/5/10/max=0/0/0/0,VSnc=1,Lat=0,Fov=0,CPU4/GPU=2/3,710/305MHz,OC=FF,TA=0/0/0,SP=N/N/N,Mem=2092MHz,Free=8764MB,PLS=0,Temp=0.0C/0.0C,TW=2.50ms,App=0.00ms,GD=0.00ms,CPU&GPU=0.00ms,LCnt=4(DR0,LM0),GPU%=0.24,CPU%=0.20(W0.26),DSF=1.00,CFL=17.93/21.01
01-29 22:32:20.013 16341 16458 I VrApi   : FPS=0/72,Prd=0ms,Tear=0,Early=0,Stale=0,Stale2/5/10/max=0/0/0/0,VSnc=1,Lat=0,Fov=0,CPU4/GPU=2/3,710/305MHz,OC=FF,TA=0/0/0,SP=N/N/N,Mem=2092MHz,Free=8764MB,PLS=0,Temp=0.0C/0.0C,TW=2.50ms,App=0.00ms,GD=0.00ms,CPU&GPU=0.00ms,LCnt=4(DR0,LM0),GPU%=0.24,CPU%=0.20(W0.26),DSF=1.00,CFL=17.93/21.01
01-29 22:32:21.014 16341 16458 I VrApi   : FPS=0/72,Prd=0ms,Tear=0,Early=0,Stale=0,Stale2/5/10/max=0/0/0/0,VSnc=1,Lat=0,Fov=0,CPU4/GPU=2/3,710/305MHz,OC=FF,TA=0/0/0,SP=N/N/N,Mem=2092MHz,Free=8764MB,PLS=0,Temp=0.0C/0.0C,TW=2.50ms,App=0.00ms,GD=0.00ms,CPU&GPU=0.00ms,LCnt=4(DR0,LM0),GPU%=0.24,CPU%=0.20(W0.26),DSF=1.00,CFL=17.93/21.01
01-29 22:32:22.014 16341 16458 I VrApi   : FPS=0/72,Prd=0ms,Tear=0,Early=0,Stale=0,Stale2/5/10/max=0/0/0/0,VSnc=1,Lat=0,Fov=0,CPU4/GPU=2/3,710/305MHz,OC=FF,TA=0/0/0,SP=N/N/N,Mem=2092MHz,Free=8764MB,PLS=0,Temp=0.0C/0.0C,TW=2.50ms,App=0.00ms,GD=0.00ms,CPU&GPU=0.00ms,LCnt=4(DR0,LM0),GPU%=0.24,CPU%=0.20(W0.26),DSF=1.00,CFL=17.93/21.01
01-29 22:32:23.015 16341 16458 I VrApi   : FPS=0/72,Prd=0ms,Tear=0,Early=0,Stale=0,Stale2/5/10/max=0/0/0/0,VSnc=1,Lat=0,Fov=0,CPU4/GPU=2/3,710/305MHz,OC=FF,TA=0/0/0,SP=N/N/N,Mem=2092MHz,Free=8764MB,PLS=0,Temp=0.0C/0.0C,TW=2.50ms,App=0.00ms,GD=0.00ms,CPU&GPU=0.00ms,LCnt=4(DR0,LM0),GPU%=0.24,CPU%=0.20(W0.26),DSF=1.00,CFL=17.93/21.01
01-29 22:32:24.014 16341 16458 I VrApi   : FPS=0/72,Prd=0ms,Tear=0,Early=0,Stale=0,Stale2/5/10/max=0/0/0/0,VSnc=1,Lat=0,Fov=0,CPU4/GPU=2/3,710/305MHz,OC=FF,TA=0/0/0,SP=N/N/N,Mem=2092MHz,Free=8764MB,PLS=0,Temp=0.0C/0.0C,TW=2.50ms,App=0.00ms,GD=0.00ms,CPU&GPU=0.00ms,LCnt=4(DR0,LM0),GPU%=0.24,CPU%=0.20(W0.26),DSF=1.00,CFL=17.93/21.01
01-29 22:32:25.014 16341 16458 I VrApi   : FPS=0/72,Prd=0ms,Tear=0,Early=0,Stale=0,Stale2/5/10/max=0/0/0/0,VSnc=1,Lat=0,Fov=0,CPU4/GPU=2/3,710/305MHz,OC=FF,TA=0/0/0,SP=N/N/N,Mem=2092MHz,Free=8764MB,PLS=0,Temp=0.0C/0.0C,TW=2.50ms,App=0.00ms,GD=0.00ms,CPU&GPU=0.00ms,LCnt=4(DR0,LM0),GPU%=0.24,CPU%=0.20(W0.26),DSF=1.00,CFL=17.93/21.01
01-29 22:32:26.014 16341 16458 I VrApi   : FPS=0/72,Prd=0ms,Tear=0,Early=0,Stale=0,Stale2/5/10/max=0/0/0/0,VSnc=1,Lat=0,Fov=0,CPU4/GPU=2/3,710/305MHz,OC=FF,TA=0/0/0,SP=N/N/N,Mem=2092MHz,Free=8764MB,PLS=0,Temp=0.0C/0.0C,TW=2.50ms,App=0.00ms,GD=0.00ms,CPU&GPU=0.00ms,LCnt=4(DR0,LM0),GPU%=0.24,CPU%=0.20(W0.26),DSF=1.00,CFL=17.93/21.01
01-29 22:32:27.014 16341 16458 I VrApi   : FPS=0/72,Prd=0ms,Tear=0,Early=0,Stale=0,Stale2/5/10/max=0/0/0/0,VSnc=1,Lat=0,Fov=0,CPU4/GPU=2/3,710/305MHz,OC=FF,TA=0/0/0,SP=N/N/N,Mem=2092MHz,Free=8764MB,PLS=0,Temp=0.0C/0.0C,TW=2.50ms,App=0.00ms,GD=0.00ms,CPU&GPU=0.00ms,LCnt=4(DR0,LM0),GPU%=0.24,CPU%=0.20(W0.26),DSF=1.00,CFL=17.93/21.01
01-29 22:32:28.014 16341 16458 I VrApi   : FPS=0/72,Prd=0ms,Tear=0,Early=0,Stale=0,Stale2/5/10/max=0/0/0/0,VSnc=1,Lat=0,Fov=0,CPU4/GPU=2/3,710/305MHz,OC=FF,TA=0/0/0,SP=N/N/N,Mem=2092MHz,Free=8764MB,PLS=0,Temp=0.0C/0.0C,TW=2.50ms,App=0.00ms,GD=0.00ms,CPU&GPU=0.00ms,LCnt=4(DR0,LM0),GPU%=0.24,CPU%=0.20(W0.26),DSF=1.00,CFL=17.93/21.01
01-29 22:32:29.014 16341 16458 I VrApi   : FPS=0/72,Prd=0ms,Tear=0,Early=0,Stale=0,Stale2/5/10/max=0/0/0/0,VSnc=1,Lat=0,Fov=0,CPU4/GPU=2/3,710/305MHz,OC=FF,TA=0/0/0,SP=N/N/N,Mem=2092MHz,Free=8764MB,PLS=0,Temp=0.0C/0.0C,TW=2.50ms,App=0.00ms,GD=0.00ms,CPU&GPU=0.00ms,LCnt=4(DR0,LM0),GPU%=0.24,CPU%=0.20(W0.26),DSF=1.00,CFL=17.93/21.01
01-29 22:32:30.014 16341 16458 I VrApi   : FPS=0/72,Prd=0ms,Tear=0,Early=0,Stale=0,Stale2/5/10/max=0/0/0/0,VSnc=1,Lat=0,Fov=0,CPU4/GPU=2/3,710/305MHz,OC=FF,TA=0/0/0,SP=N/N/N,Mem=2092MHz,Free=8764MB,PLS=0,Temp=0.0C/0.0C,TW=2.50ms,App=0.00ms,GD=0.00ms,CPU&GPU=0.00ms,LCnt=4(DR0,LM0),GPU%=0.24,CPU%=0.20(W0.26),DSF=1.00,CFL=17.93/21.01
01-29 22:32:31.014 16341 16458 I VrApi   : FPS=0/72,Prd=0ms,Tear=0,Early=0,Stale=0,Stale2/5/10/max=0/0/0/0,VSnc=1,Lat=0,Fov=0,CPU4/GPU=2/3,710/305MHz,OC=FF,TA=0/0/0,SP=N/N/N,Mem=2092MHz,Free=8764MB,PLS=0,Temp=0.0C/0.0C,TW=2.50ms,App=0.00ms,GD=0.00ms,CPU&GPU=0.00ms,LCnt=4(DR0,LM0),GPU%=0.24,CPU%=0.20(W0.26),DSF=1.00,CFL=17.93/21.01
01-29 22:32:32.015 16341 16458 I VrApi   : FPS=0/72,Prd=0ms,Tear=0,Early=0,Stale=0,Stale2/5/10/max=0/0/0/0,VSnc=1,Lat=0,Fov=0,CPU4/GPU=2/3,710/305MHz,OC=FF,TA=0/0/0,SP=N/N/N,Mem=2092MHz,Free=8764MB,PLS=0,Temp=0.0C/0.0C,TW=2.50ms,App=0.00ms,GD=0.00ms,CPU&GPU=0.00ms,LCnt=4(DR0,LM0),GPU%=0.24,CPU%=0.20(W0.26),DSF=1.00,CFL=17.93/21.01
01-29 22:32:33.022 16341 16458 I VrApi   : FPS=0/72,Prd=0ms,Tear=0,Early=0,Stale=0,Stale2/5/10/max=0/0/0/0,VSnc=1,Lat=0,Fov=0,CPU4/GPU=2/3,710/305MHz,OC=FF,TA=0/0/0,SP=N/N/N,Mem=2092MHz,Free=8761MB,PLS=0,Temp=0.0C/0.0C,TW=2.50ms,App=0.00ms,GD=0.00ms,CPU&GPU=0.00ms,LCnt=4(DR0,LM0),GPU%=0.24,CPU%=0.20(W0.26),DSF=1.00,CFL=17.93/21.01
01-29 22:32:33.651 16341 16370 W VrApi   : Time to first swap: 122.900 seconds
01-29 22:32:34.014 16341 16458 I VrApi   : FPS=1/72,Prd=0ms,Tear=0,Early=0,Stale=90,Stale2/5/10/max=0/0/0/0,VSnc=0,Lat=0,Fov=0,CPU4/GPU=3/2,1382/441MHz,OC=FF,TA=0/70/0,SP=N/F/N,Mem=1555MHz,Free=8761MB,PLS=0,Temp=17.7C/0.0C,TW=3.01ms,App=0.78ms,GD=0.00ms,CPU&GPU=0.00ms,LCnt=2(DR0,LM2),GPU%=0.29,CPU%=0.16(W0.32),DSF=1.00,CFL=17.74/21.81
01-29 22:32:35.014 16341 16458 I VrApi   : FPS=73/72,Prd=0ms,Tear=2,Early=0,Stale=79,Stale2/5/10/max=0/0/1/11033,VSnc=1,Lat=0,Fov=0,CPU4/GPU=3/2,1382/441MHz,OC=FF,TA=0/70/0,SP=N/F/N,Mem=2092MHz,Free=8761MB,PLS=0,Temp=17.7C/0.0C,TW=2.93ms,App=0.83ms,GD=0.00ms,CPU&GPU=13.88ms,LCnt=2(DR0,LM0),GPU%=0.30,CPU%=0.04(W0.11),DSF=1.00,CFL=10.13/22.79
01-29 22:32:36.014 16341 16458 I VrApi   : FPS=72/72,Prd=0ms,Tear=0,Early=0,Stale=72,Stale2/5/10/max=0/0/0/0,VSnc=1,Lat=0,Fov=0,CPU4/GPU=3/2,1382/441MHz,OC=FF,TA=0/70/0,SP=N/F/N,Mem=2092MHz,Free=8761MB,PLS=0,Temp=17.5C/0.0C,TW=2.39ms,App=0.74ms,GD=0.00ms,CPU&GPU=13.88ms,LCnt=1(DR20,LM0),GPU%=0.23,CPU%=0.03(W0.10),DSF=1.00,CFL=18.94/23.55
01-29 22:32:37.015 16341 16458 I VrApi   : FPS=73/72,Prd=0ms,Tear=0,Early=0,Stale=29,Stale2/5/10/max=0/0/1/116,VSnc=1,Lat=0,Fov=0,CPU4/GPU=3/2,1382/441MHz,OC=FF,TA=0/70/0,SP=N/F/N,Mem=2092MHz,Free=8761MB,PLS=0,Temp=17.5C/0.0C,TW=2.39ms,App=0.75ms,GD=0.00ms,CPU&GPU=13.89ms,LCnt=1(DR72,LM0),GPU%=0.24,CPU%=0.10(W0.14),DSF=1.00,CFL=18.84/23.36
01-29 22:32:38.015 16341 16458 I VrApi   : FPS=73/72,Prd=0ms,Tear=0,Early=0,Stale=0,Stale2/5/10/max=0/0/0/0,VSnc=1,Lat=0,Fov=0,CPU4/GPU=2/2,1171/441MHz,OC=FF,TA=0/70/0,SP=N/F/N,Mem=2092MHz,Free=8761MB,PLS=0,Temp=17.5C/0.0C,TW=2.39ms,App=0.81ms,GD=0.00ms,CPU&GPU=13.88ms,LCnt=1(DR72,LM0),GPU%=0.25,CPU%=0.13(W0.25),DSF=1.00,CFL=18.85/22.42
01-29 22:32:39.018 16341 16458 I VrApi   : FPS=72/72,Prd=0ms,Tear=0,Early=0,Stale=0,Stale2/5/10/max=0/0/0/0,VSnc=1,Lat=0,Fov=0,CPU4/GPU=2/2,1171/441MHz,OC=FF,TA=0/70/0,SP=N/F/N,Mem=2092MHz,Free=8761MB,PLS=0,Temp=17.5C/0.0C,TW=2.39ms,App=0.80ms,GD=0.00ms,CPU&GPU=13.88ms,LCnt=1(DR72,LM0),GPU%=0.25,CPU%=0.16(W0.18),DSF=1.00,CFL=18.92/22.78
01-29 22:32:40.015 16341 16458 I VrApi   : FPS=72/72,Prd=0ms,Tear=0,Early=0,Stale=16,Stale2/5/10/max=0/0/0/0,VSnc=1,Lat=0,Fov=0,CPU4/GPU=3/2,1382/490MHz,OC=FF,TA=0/70/0,SP=N/F/N,Mem=2092MHz,Free=8761MB,PLS=0,Temp=17.5C/0.0C,TW=2.98ms,App=0.89ms,GD=0.82ms,CPU&GPU=13.88ms,LCnt=1(DR72,LM0),GPU%=0.29,CPU%=0.11(W0.14),DSF=1.00,CFL=18.86/22.59
01-29 22:32:41.015 16341 16458 I VrApi   : FPS=73/72,Prd=0ms,Tear=0,Early=0,Stale=72,Stale2/5/10/max=0/0/0/0,VSnc=1,Lat=0,Fov=0,CPU4/GPU=3/4,1382/525MHz,OC=FF,TA=0/70/0,SP=N/F/N,Mem=2092MHz,Free=8761MB,PLS=0,Temp=17.5C/0.0C,TW=3.66ms,App=0.83ms,GD=0.68ms,CPU&GPU=13.88ms,LCnt=2(DR49,LM0),GPU%=0.39,CPU%=0.06(W0.18),DSF=1.00,CFL=19.00/22.62
01-29 22:32:42.016 16341 16458 I VrApi   : FPS=73/72,Prd=0ms,Tear=0,Early=0,Stale=72,Stale2/5/10/max=0/0/0/0,VSnc=1,Lat=0,Fov=0,CPU4/GPU=3/3,1382/490MHz,OC=FF,TA=0/70/0,SP=N/F/N,Mem=2092MHz,Free=8761MB,PLS=0,Temp=17.5C/0.0C,TW=2.15ms,App=0.77ms,GD=0.00ms,CPU&GPU=13.88ms,LCnt=1(DR3,LM0),GPU%=0.23,CPU%=0.13(W0.14),DSF=1.00,CFL=18.91/22.58
01-29 22:32:43.015 16341 16458 I VrApi   : FPS=73/72,Prd=0ms,Tear=0,Early=0,Stale=11,Stale2/5/10/max=0/0/1/171,VSnc=1,Lat=0,Fov=0,CPU4/GPU=3/3,1382/490MHz,OC=FF,TA=0/70/0,SP=N/F/N,Mem=2092MHz,Free=8761MB,PLS=0,Temp=17.5C/0.0C,TW=2.16ms,App=0.77ms,GD=0.00ms,CPU&GPU=13.89ms,LCnt=1(DR72,LM0),GPU%=0.23,CPU%=0.11(W0.14),DSF=1.00,CFL=18.81/22.94
01-29 22:32:44.015 16341 16458 I VrApi   : FPS=72/72,Prd=0ms,Tear=0,Early=0,Stale=0,Stale2/5/10/max=0/0/0/0,VSnc=1,Lat=0,Fov=0,CPU4/GPU=2/2,1171/441MHz,OC=FF,TA=0/70/0,SP=N/F/N,Mem=2092MHz,Free=8761MB,PLS=0,Temp=17.5C/0.0C,TW=2.39ms,App=0.86ms,GD=0.00ms,CPU&GPU=13.88ms,LCnt=1(DR72,LM0),GPU%=0.25,CPU%=0.12(W0.18),DSF=1.00,CFL=18.72/22.58
01-29 22:32:45.015 16341 16458 I VrApi   : FPS=73/72,Prd=0ms,Tear=0,Early=0,Stale=0,Stale2/5/10/max=0/0/0/0,VSnc=1,Lat=0,Fov=0,CPU4/GPU=3/2,1382/441MHz,OC=FF,TA=0/70/0,SP=N/F/N,Mem=2092MHz,Free=8761MB,PLS=0,Temp=17.5C/0.0C,TW=2.39ms,App=0.90ms,GD=0.00ms,CPU&GPU=13.88ms,LCnt=1(DR72,LM0),GPU%=0.25,CPU%=0.12(W0.15),DSF=1.00,CFL=18.91/22.35
01-29 22:32:46.015 16341 16458 I VrApi   : FPS=73/72,Prd=0ms,Tear=0,Early=0,Stale=32,Stale2/5/10/max=0/0/0/0,VSnc=1,Lat=0,Fov=0,CPU4/GPU=3/2,1382/441MHz,OC=FF,TA=0/70/0,SP=N/F/N,Mem=2092MHz,Free=8761MB,PLS=0,Temp=17.7C/0.0C,TW=2.39ms,App=0.84ms,GD=0.00ms,CPU&GPU=13.88ms,LCnt=1(DR72,LM0),GPU%=0.25,CPU%=0.08(W0.10),DSF=1.00,CFL=18.75/22.97
01-29 22:32:47.019 16341 16458 I VrApi   : FPS=73/72,Prd=0ms,Tear=0,Early=0,Stale=72,Stale2/5/10/max=0/0/0/0,VSnc=1,Lat=0,Fov=0,CPU4/GPU=3/2,1382/441MHz,OC=FF,TA=0/70/0,SP=N/F/N,Mem=2092MHz,Free=8761MB,PLS=0,Temp=17.7C/0.0C,TW=2.39ms,App=0.80ms,GD=0.00ms,CPU&GPU=13.88ms,LCnt=1(DR72,LM0),GPU%=0.25,CPU%=0.11(W0.17),DSF=1.00,CFL=19.05/23.00
