12-30 18:13:10.008 32575 32728 I VrApi   : FPS=90/90,Prd=42ms,Tear=0,Early=87,Stale=0,VSnc=1,Lat=1,Fov=4,CPU4/GPU=4/4,1478/525MHz,OC=FF,TA=0/0/0,SP=N/N/N,Mem=2092MHz,Free=7440MB,PLS=0,Temp=17.5C/0.0C,TW=0.82ms,App=6.19ms,GD=0.00ms,CPU&GPU=8.76ms,LCnt=1(DR90,LM0),GPU%=0.65,CPU%=0.18(W0.22),DSF=1.00,CFL=17.78/21.28
12-30 18:13:11.008 32575 32728 I VrApi   : FPS=90/90,Prd=42ms,Tear=0,Early=84,Stale=0,VSnc=1,Lat=1,Fov=4,CPU4/GPU=4/4,1478/525MHz,OC=FF,TA=0/0/0,SP=N/N/N,Mem=2092MHz,Free=7440MB,PLS=0,Temp=17.5C/0.0C,TW=0.82ms,App=6.49ms,GD=0.00ms,CPU&GPU=9.39ms,LCnt=1(DR90,LM0),GPU%=0.71,CPU%=0.22(W0.26),DSF=1.00,CFL=17.69/21.13
12-30 18:13:12.012 32575 32728 I VrApi   : FPS=90/90,Prd=42ms,Tear=0,Early=89,Stale=0,VSnc=1,Lat=1,Fov=4,CPU4/GPU=4/4,1478/525MHz,OC=FF,TA=0/0/0,SP=N/N/N,Mem=2092MHz,Free=7440MB,PLS=0,Temp=17.5C/0.0C,TW=0.81ms,App=6.09ms,GD=0.00ms,CPU&GPU=8.96ms,LCnt=1(DR90,LM0),GPU%=0.64,CPU%=0.25(W0.35),DSF=1.00,CFL=17.64/21.34
12-30 18:13:13.011 32575 32728 I VrApi   : FPS=90/90,Prd=42ms,Tear=0,Early=87,Stale=0,VSnc=1,Lat=1,Fov=4,CPU4/GPU=4/4,1478/525MHz,OC=FF,TA=0/0/0,SP=N/N/N,Mem=2092MHz,Free=7440MB,PLS=0,Temp=17.5C/0.0C,TW=0.80ms,App=6.16ms,GD=0.00ms,CPU&GPU=8.87ms,LCnt=1(DR90,LM0),GPU%=0.65,CPU%=0.22(W0.30),DSF=1.00,CFL=17.73/21.29
12-30 18:13:14.022 32575 32728 I VrApi   : FPS=90/90,Prd=42ms,Tear=0,Early=90,Stale=0,VSnc=1,Lat=1,Fov=4,CPU4/GPU=4/4,1478/525MHz,OC=FF,TA=0/0/0,SP=N/N/N,Mem=2092MHz,Free=7439MB,PLS=0,Temp=17.5C/0.0C,TW=0.81ms,App=6.41ms,GD=0.00ms,CPU&GPU=8.76ms,LCnt=1(DR90,LM0),GPU%=0.67,CPU%=0.23(W0.33),DSF=1.00,CFL=17.72/21.58
12-30 18:13:15.008 32575 32728 I VrApi   : FPS=90/90,Prd=42ms,Tear=0,Early=87,Stale=0,VSnc=1,Lat=1,Fov=4,CPU4/GPU=4/4,1478/525MHz,OC=FF,TA=0/0/0,SP=N/N/N,Mem=2092MHz,Free=7439MB,PLS=0,Temp=17.5C/0.0C,TW=0.82ms,App=6.63ms,GD=0.00ms,CPU&GPU=9.12ms,LCnt=1(DR90,LM0),GPU%=0.69,CPU%=0.22(W0.33),DSF=1.00,CFL=17.67/22.09
12-30 18:13:16.008 32575 32728 I VrApi   : FPS=90/90,Prd=42ms,Tear=0,Early=88,Stale=0,VSnc=1,Lat=1,Fov=4,CPU4/GPU=4/4,1478/525MHz,OC=FF,TA=0/0/0,SP=N/N/N,Mem=2092MHz,Free=7439MB,PLS=0,Temp=17.5C/0.0C,TW=0.81ms,App=6.76ms,GD=0.00ms,CPU&GPU=9.12ms,LCnt=1(DR90,LM0),GPU%=0.70,CPU%=0.26(W0.32),DSF=1.00,CFL=17.81/21.02
12-30 18:13:17.010 32575 32728 I VrApi   : FPS=90/90,Prd=42ms,Tear=0,Early=87,Stale=0,VSnc=1,Lat=1,Fov=4,CPU4/GPU=4/4,1478/525MHz,OC=FF,TA=0/0/0,SP=N/N/N,Mem=2092MHz,Free=7439MB,PLS=0,Temp=17.5C/0.0C,TW=0.83ms,App=6.38ms,GD=0.00ms,CPU&GPU=8.88ms,LCnt=1(DR90,LM0),GPU%=0.66,CPU%=0.27(W0.29),DSF=1.00,CFL=17.74/21.41
12-30 18:13:18.008 32575 32728 I VrApi   : FPS=90/90,Prd=42ms,Tear=0,Early=90,Stale=0,VSnc=1,Lat=1,Fov=4,CPU4/GPU=4/4,1478/525MHz,OC=FF,TA=0/0/0,SP=N/N/N,Mem=2092MHz,Free=7439MB,PLS=0,Temp=17.5C/0.0C,TW=0.80ms,App=6.54ms,GD=0.00ms,CPU&GPU=8.81ms,LCnt=1(DR90,LM0),GPU%=0.68,CPU%=0.23(W0.29),DSF=1.00,CFL=17.75/21.15
12-30 18:13:19.008 32575 32728 I VrApi   : FPS=90/90,Prd=42ms,Tear=0,Early=90,Stale=0,VSnc=1,Lat=1,Fov=4,CPU4/GPU=4/4,1478/525MHz,OC=FF,TA=0/0/0,SP=N/N/N,Mem=2092MHz,Free=7439MB,PLS=0,Temp=17.5C/0.0C,TW=0.84ms,App=6.49ms,GD=0.00ms,CPU&GPU=9.05ms,LCnt=1(DR90,LM0),GPU%=0.68,CPU%=0.24(W0.33),DSF=1.00,CFL=17.80/20.72
12-30 18:13:20.011 32575 32728 I VrApi   : FPS=90/90,Prd=42ms,Tear=0,Early=85,Stale=0,VSnc=1,Lat=1,Fov=4,CPU4/GPU=4/4,1478/525MHz,OC=FF,TA=0/0/0,SP=N/N/N,Mem=2092MHz,Free=7439MB,PLS=0,Temp=17.5C/0.0C,TW=0.84ms,App=6.98ms,GD=0.00ms,CPU&GPU=10.02ms,LCnt=1(DR90,LM0),GPU%=0.72,CPU%=0.21(W0.29),DSF=1.00,CFL=17.58/21.29
12-30 18:13:21.009 32575 32728 I VrApi   : FPS=90/90,Prd=42ms,Tear=0,Early=59,Stale=0,VSnc=1,Lat=1,Fov=4,CPU4/GPU=4/4,1478/525MHz,OC=FF,TA=0/0/0,SP=N/N/N,Mem=2092MHz,Free=7439MB,PLS=0,Temp=17.5C/0.0C,TW=0.82ms,App=7.34ms,GD=0.00ms,CPU&GPU=10.16ms,LCnt=1(DR90,LM0),GPU%=0.75,CPU%=0.20(W0.29),DSF=1.00,CFL=17.67/21.74
12-30 18:13:22.008 32575 32728 I VrApi   : FPS=90/90,Prd=42ms,Tear=0,Early=89,Stale=0,VSnc=1,Lat=1,Fov=4,CPU4/GPU=4/4,1478/525MHz,OC=FF,TA=0/0/0,SP=N/N/N,Mem=2092MHz,Free=7439MB,PLS=0,Temp=17.5C/0.0C,TW=0.79ms,App=6.61ms,GD=0.00ms,CPU&GPU=9.29ms,LCnt=1(DR90,LM0),GPU%=0.68,CPU%=0.21(W0.29),DSF=1.00,CFL=17.78/21.21
12-30 18:13:23.009 32575 32728 I VrApi   : FPS=90/90,Prd=42ms,Tear=0,Early=89,Stale=0,VSnc=1,Lat=1,Fov=4,CPU4/GPU=4/4,1478/525MHz,OC=FF,TA=0/0/0,SP=N/N/N,Mem=2092MHz,Free=7439MB,PLS=0,Temp=17.5C/0.0C,TW=0.81ms,App=6.96ms,GD=0.00ms,CPU&GPU=9.25ms,LCnt=1(DR90,LM0),GPU%=0.72,CPU%=0.22(W0.26),DSF=1.00,CFL=17.83/21.63
12-30 18:13:24.009 32575 32728 I VrApi   : FPS=90/90,Prd=42ms,Tear=0,Early=87,Stale=0,VSnc=1,Lat=1,Fov=4,CPU4/GPU=4/4,1478/525MHz,OC=FF,TA=0/0/0,SP=N/N/N,Mem=2092MHz,Free=7439MB,PLS=0,Temp=17.5C/0.0C,TW=0.85ms,App=7.10ms,GD=0.00ms,CPU&GPU=9.86ms,LCnt=1(DR90,LM0),GPU%=0.73,CPU%=0.21(W0.26),DSF=1.00,CFL=17.75/21.39
12-30 18:13:25.009 32575 32728 I VrApi   : FPS=90/90,Prd=42ms,Tear=0,Early=39,Stale=0,VSnc=1,Lat=1,Fov=4,CPU4/GPU=4/4,1478/525MHz,OC=FF,TA=0/0/0,SP=N/N/N,Mem=2092MHz,Free=7439MB,PLS=0,Temp=17.5C/0.0C,TW=0.80ms,App=7.62ms,GD=0.00ms,CPU&GPU=10.38ms,LCnt=1(DR90,LM0),GPU%=0.77,CPU%=0.17(W0.26),DSF=1.00,CFL=17.81/21.80
12-30 18:13:26.009 32575 32728 I VrApi   : FPS=90/90,Prd=42ms,Tear=0,Early=58,Stale=0,VSnc=1,Lat=1,Fov=4,CPU4/GPU=4/4,1478/525MHz,OC=FF,TA=0/0/0,SP=N/N/N,Mem=2092MHz,Free=7439MB,PLS=0,Temp=17.5C/0.0C,TW=0.77ms,App=6.94ms,GD=0.00ms,CPU&GPU=9.99ms,LCnt=1(DR90,LM0),GPU%=0.72,CPU%=0.25(W0.36),DSF=1.00,CFL=17.72/21.58
12-30 18:13:27.009 32575 32728 I VrApi   : FPS=90/90,Prd=42ms,Tear=0,Early=90,Stale=0,VSnc=1,Lat=1,Fov=4,CPU4/GPU=4/4,1478/525MHz,OC=FF,TA=0/0/0,SP=N/N/N,Mem=2092MHz,Free=7439MB,PLS=0,Temp=17.5C/0.0C,TW=0.80ms,App=7.05ms,GD=0.00ms,CPU&GPU=9.57ms,LCnt=1(DR90,LM0),GPU%=0.72,CPU%=0.26(W0.29),DSF=1.00,CFL=17.62/21.88
12-30 18:13:28.011 32575 32728 I VrApi   : FPS=90/90,Prd=42ms,Tear=0,Early=87,Stale=0,VSnc=1,Lat=1,Fov=4,CPU4/GPU=4/4,1478/525MHz,OC=FF,TA=0/0/0,SP=N/N/N,Mem=2092MHz,Free=7439MB,PLS=0,Temp=17.5C/0.0C,TW=0.83ms,App=7.00ms,GD=0.00ms,CPU&GPU=9.68ms,LCnt=1(DR90,LM0),GPU%=0.72,CPU%=0.20(W0.29),DSF=1.00,CFL=17.64/21.77
12-30 18:13:29.009 32575 32728 I VrApi   : FPS=90/90,Prd=42ms,Tear=0,Early=87,Stale=0,VSnc=1,Lat=1,Fov=4,CPU4/GPU=4/4,1478/525MHz,OC=FF,TA=0/0/0,SP=N/N/N,Mem=2092MHz,Free=7439MB,PLS=0,Temp=17.7C/0.0C,TW=0.82ms,App=7.30ms,GD=0.00ms,CPU&GPU=9.99ms,LCnt=1(DR90,LM0),GPU%=0.74,CPU%=0.19(W0.30),DSF=1.00,CFL=17.69/21.16
12-30 18:13:30.010 32575 32728 I VrApi   : FPS=90/90,Prd=42ms,Tear=0,Early=65,Stale=0,VSnc=1,Lat=1,Fov=4,CPU4/GPU=4/4,1478/525MHz,OC=FF,TA=0/0/0,SP=N/N/N,Mem=2092MHz,Free=7439MB,PLS=0,Temp=17.7C/0.0C,TW=0.78ms,App=6.57ms,GD=0.00ms,CPU&GPU=9.84ms,LCnt=1(DR90,LM0),GPU%=0.68,CPU%=0.18(W0.21),DSF=1.00,CFL=17.63/21.75
12-30 18:13:31.011 32575 32728 I VrApi   : FPS=90/90,Prd=42ms,Tear=0,Early=89,Stale=0,VSnc=1,Lat=1,Fov=4,CPU4/GPU=4/4,1478/525MHz,OC=FF,TA=0/0/0,SP=N/N/N,Mem=2092MHz,Free=7439MB,PLS=0,Temp=17.7C/0.0C,TW=0.81ms,App=6.61ms,GD=0.00ms,CPU&GPU=9.06ms,LCnt=1(DR90,LM0),GPU%=0.68,CPU%=0.20(W0.25),DSF=1.00,CFL=17.62/21.16
12-30 18:13:32.009 32575 32728 I VrApi   : FPS=90/90,Prd=42ms,Tear=0,Early=86,Stale=0,VSnc=1,Lat=1,Fov=4,CPU4/GPU=4/4,1478/525MHz,OC=FF,TA=0/0/0,SP=N/N/N,Mem=2092MHz,Free=7439MB,PLS=0,Temp=17.7C/0.0C,TW=0.83ms,App=6.55ms,GD=0.00ms,CPU&GPU=9.55ms,LCnt=1(DR90,LM0),GPU%=0.68,CPU%=0.26(W0.32),DSF=1.00,CFL=17.71/21.97
12-30 18:13:33.009 32575 32728 I VrApi   : FPS=90/90,Prd=42ms,Tear=0,Early=89,Stale=0,VSnc=1,Lat=1,Fov=4,CPU4/GPU=4/4,1478/525MHz,OC=FF,TA=0/0/0,SP=N/N/N,Mem=2092MHz,Free=7439MB,PLS=0,Temp=17.7C/0.0C,TW=0.85ms,App=6.72ms,GD=0.00ms,CPU&GPU=9.66ms,LCnt=1(DR90,LM0),GPU%=0.70,CPU%=0.21(W0.23),DSF=1.00,CFL=17.73/21.46
12-30 18:13:34.021 32575 32728 I VrApi   : FPS=90/90,Prd=42ms,Tear=0,Early=90,Stale=0,VSnc=1,Lat=1,Fov=4,CPU4/GPU=4/4,1478/525MHz,OC=FF,TA=0/0/0,SP=N/N/N,Mem=2092MHz,Free=7439MB,PLS=0,Temp=17.7C/0.0C,TW=0.82ms,App=6.16ms,GD=0.00ms,CPU&GPU=8.98ms,LCnt=1(DR90,LM0),GPU%=0.64,CPU%=0.21(W0.25),DSF=1.00,CFL=17.70/22.02
12-30 18:13:35.009 32575 32728 I VrApi   : FPS=90/90,Prd=42ms,Tear=0,Early=90,Stale=0,VSnc=1,Lat=1,Fov=4,CPU4/GPU=4/4,1478/525MHz,OC=FF,TA=0/0/0,SP=N/N/N,Mem=2092MHz,Free=7439MB,PLS=0,Temp=17.7C/0.0C,TW=0.83ms,App=6.25ms,GD=0.00ms,CPU&GPU=8.68ms,LCnt=1(DR90,LM0),GPU%=0.65,CPU%=0.27(W0.33),DSF=1.00,CFL=17.79/21.52
12-30 18:13:36.009 32575 32728 I VrApi   : FPS=90/90,Prd=42ms,Tear=0,Early=89,Stale=0,VSnc=1,Lat=1,Fov=4,CPU4/GPU=4/4,1478/525MHz,OC=FF,TA=0/0/0,SP=N/N/N,Mem=2092MHz,Free=7439MB,PLS=0,Temp=17.7C/0.0C,TW=0.84ms,App=6.49ms,GD=0.00ms,CPU&GPU=8.84ms,LCnt=1(DR90,LM0),GPU%=0.68,CPU%=0.24(W0.33),DSF=1.00,CFL=17.62/21.20
12-30 18:13:37.009 32575 32728 I VrApi   : FPS=90/90,Prd=42ms,Tear=0,Early=90,Stale=0,VSnc=1,Lat=1,Fov=4,CPU4/GPU=4/4,1478/525MHz,OC=FF,TA=0/0/0,SP=N/N/N,Mem=2092MHz,Free=7439MB,PLS=0,Temp=17.7C/0.0C,TW=0.86ms,App=6.76ms,GD=0.00ms,CPU&GPU=8.98ms,LCnt=1(DR90,LM0),GPU%=0.70,CPU%=0.24(W0.30),DSF=1.00,CFL=17.75/20.87
12-30 18:13:38.009 32575 32728 I VrApi   : FPS=90/90,Prd=42ms,Tear=0,Early=89,Stale=0,VSnc=1,Lat=1,Fov=4,CPU4/GPU=4/4,1478/525MHz,OC=FF,TA=0/0/0,SP=N/N/N,Mem=2092MHz,Free=7439MB,PLS=0,Temp=17.7C/0.0C,TW=0.84ms,App=6.60ms,GD=0.00ms,CPU&GPU=8.88ms,LCnt=1(DR90,LM0),GPU%=0.69,CPU%=0.26(W0.38),DSF=1.00,CFL=17.62/21.32
12-30 18:13:39.011 32575 32728 I VrApi   : FPS=90/90,Prd=42ms,Tear=0,Early=90,Stale=0,VSnc=1,Lat=1,Fov=4,CPU4/GPU=4/4,1478/525MHz,OC=FF,TA=0/0/0,SP=N/N/N,Mem=2092MHz,Free=7439MB,PLS=0,Temp=17.7C/0.0C,TW=0.82ms,App=6.12ms,GD=0.00ms,CPU&GPU=8.80ms,LCnt=1(DR90,LM0),GPU%=0.64,CPU%=0.22(W0.36),DSF=1.00,CFL=17.75/21.01
12-30 18:13:40.009 32575 32728 I VrApi   : FPS=90/90,Prd=42ms,Tear=0,Early=88,Stale=0,VSnc=1,Lat=1,Fov=4,CPU4/GPU=4/4,1478/525MHz,OC=FF,TA=0/0/0,SP=N/N/N,Mem=2092MHz,Free=7439MB,PLS=0,Temp=17.7C/0.0C,TW=0.81ms,App=6.27ms,GD=0.00ms,CPU&GPU=9.23ms,LCnt=1(DR90,LM0),GPU%=0.66,CPU%=0.26(W0.29),DSF=1.00,CFL=17.59/21.28
12-30 18:13:41.011 32575 32728 I VrApi   : FPS=90/90,Prd=42ms,Tear=0,Early=89,Stale=0,VSnc=1,Lat=1,Fov=4,CPU4/GPU=4/4,1478/525MHz,OC=FF,TA=0/0/0,SP=N/N/N,Mem=2092MHz,Free=7439MB,PLS=0,Temp=17.7C/0.0C,TW=0.84ms,App=7.10ms,GD=0.00ms,CPU&GPU=9.44ms,LCnt=1(DR90,LM0),GPU%=0.73,CPU%=0.24(W0.32),DSF=1.00,CFL=17.69/21.12
12-30 18:13:42.010 32575 32728 I VrApi   : FPS=90/90,Prd=42ms,Tear=0,Early=89,Stale=0,VSnc=1,Lat=1,Fov=4,CPU4/GPU=4/4,1478/525MHz,OC=FF,TA=0/0/0,SP=N/N/N,Mem=2092MHz,Free=7439MB,PLS=0,Temp=17.7C/0.0C,TW=0.82ms,App=6.17ms,GD=0.00ms,CPU&GPU=8.71ms,LCnt=1(DR90,LM0),GPU%=0.65,CPU%=0.19(W0.33),DSF=1.00,CFL=17.62/20.69
12-30 18:13:43.010 32575 32728 I VrApi   : FPS=90/90,Prd=42ms,Tear=0,Early=90,Stale=0,VSnc=1,Lat=1,Fov=4,CPU4/GPU=4/4,1478/525MHz,OC=FF,TA=0/0/0,SP=N/N/N,Mem=2092MHz,Free=7439MB,PLS=0,Temp=17.7C/0.0C,TW=0.80ms,App=6.14ms,GD=0.00ms,CPU&GPU=8.71ms,LCnt=1(DR90,LM0),GPU%=0.64,CPU%=0.19(W0.26),DSF=1.00,CFL=17.61/21.23
12-30 18:13:44.011 32575 32728 I VrApi   : FPS=90/90,Prd=42ms,Tear=0,Early=90,Stale=0,VSnc=1,Lat=1,Fov=4,CPU4/GPU=4/4,1478/525MHz,OC=FF,TA=0/0/0,SP=N/N/N,Mem=2092MHz,Free=7439MB,PLS=0,Temp=17.7C/0.0C,TW=0.80ms,App=6.31ms,GD=0.00ms,CPU&GPU=8.78ms,LCnt=1(DR90,LM0),GPU%=0.66,CPU%=0.24(W0.30),DSF=1.00,CFL=17.70/21.44
12-30 18:13:45.010 32575 32728 I VrApi   : FPS=90/90,Prd=42ms,Tear=0,Early=89,Stale=0,VSnc=1,Lat=1,Fov=4,CPU4/GPU=4/4,1478/525MHz,OC=FF,TA=0/0/0,SP=N/N/N,Mem=2092MHz,Free=7439MB,PLS=0,Temp=17.7C/0.0C,TW=0.83ms,App=5.79ms,GD=0.00ms,CPU&GPU=8.77ms,LCnt=1(DR90,LM0),GPU%=0.61,CPU%=0.20(W0.30),DSF=1.00,CFL=17.56/21.37
12-30 18:13:46.010 32575 32728 I VrApi   : FPS=90/90,Prd=42ms,Tear=0,Early=90,Stale=0,VSnc=1,Lat=1,Fov=4,CPU4/GPU=4/4,1478/525MHz,OC=FF,TA=0/0/0,SP=N/N/N,Mem=2092MHz,Free=7439MB,PLS=0,Temp=17.7C/0.0C,TW=0.83ms,App=6.14ms,GD=0.00ms,CPU&GPU=8.52ms,LCnt=1(DR90,LM0),GPU%=0.64,CPU%=0.22(W0.36),DSF=1.00,CFL=17.72/20.90
12-30 18:13:47.010 32575 32728 I VrApi   : FPS=90/90,Prd=42ms,Tear=0,Early=90,Stale=0,VSnc=1,Lat=1,Fov=4,CPU4/GPU=4/4,1478/525MHz,OC=FF,TA=0/0/0,SP=N/N/N,Mem=2092MHz,Free=7439MB,PLS=0,Temp=17.7C/0.0C,TW=0.82ms,App=6.07ms,GD=0.00ms,CPU&GPU=8.79ms,LCnt=1(DR90,LM0),GPU%=0.64,CPU%=0.24(W0.30),DSF=1.00,CFL=17.61/21.39
12-30 18:13:48.010 32575 32728 I VrApi   : FPS=90/90,Prd=42ms,Tear=0,Early=89,Stale=0,VSnc=1,Lat=1,Fov=4,CPU4/GPU=4/4,1478/525MHz,OC=FF,TA=0/0/0,SP=N/N/N,Mem=2092MHz,Free=7439MB,PLS=0,Temp=17.7C/0.0C,TW=0.81ms,App=6.49ms,GD=0.00ms,CPU&GPU=8.68ms,LCnt=1(DR90,LM0),GPU%=0.67,CPU%=0.28(W0.38),DSF=1.00,CFL=17.65/21.00
12-30 18:13:49.010 32575 32728 I VrApi   : FPS=90/90,Prd=42ms,Tear=0,Early=89,Stale=0,VSnc=1,Lat=1,Fov=4,CPU4/GPU=4/4,1478/525MHz,OC=FF,TA=0/0/0,SP=N/N/N,Mem=2092MHz,Free=7439MB,PLS=0,Temp=17.7C/0.0C,TW=0.85ms,App=6.53ms,GD=0.00ms,CPU&GPU=8.80ms,LCnt=1(DR90,LM0),GPU%=0.68,CPU%=0.25(W0.35),DSF=1.00,CFL=17.64/22.26
12-30 18:13:50.010 32575 32728 I VrApi   : FPS=90/90,Prd=42ms,Tear=0,Early=79,Stale=0,VSnc=1,Lat=1,Fov=4,CPU4/GPU=4/4,1478/525MHz,OC=FF,TA=0/0/0,SP=N/N/N,Mem=2092MHz,Free=7439MB,PLS=0,Temp=17.7C/0.0C,TW=0.82ms,App=6.49ms,GD=0.00ms,CPU&GPU=9.25ms,LCnt=1(DR90,LM0),GPU%=0.62,CPU%=0.20(W0.25),DSF=1.00,CFL=17.71/21.13
12-30 18:13:51.011 32575 32728 I VrApi   : FPS=90/90,Prd=42ms,Tear=0,Early=90,Stale=0,VSnc=1,Lat=1,Fov=4,CPU4/GPU=4/4,1478/525MHz,OC=FF,TA=0/0/0,SP=N/N/N,Mem=2092MHz,Free=7439MB,PLS=0,Temp=17.7C/0.0C,TW=0.82ms,App=5.93ms,GD=0.00ms,CPU&GPU=9.03ms,LCnt=1(DR90,LM0),GPU%=0.63,CPU%=0.19(W0.26),DSF=1.00,CFL=17.61/21.56
12-30 18:13:52.010 32575 32728 I VrApi   : FPS=90/90,Prd=42ms,Tear=0,Early=90,Stale=0,VSnc=1,Lat=1,Fov=4,CPU4/GPU=4/4,1478/525MHz,OC=FF,TA=0/0/0,SP=N/N/N,Mem=2092MHz,Free=7439MB,PLS=0,Temp=17.7C/0.0C,TW=0.80ms,App=6.30ms,GD=0.00ms,CPU&GPU=8.57ms,LCnt=1(DR90,LM0),GPU%=0.69,CPU%=0.26(W0.32),DSF=1.00,CFL=17.62/21.20
12-30 18:13:53.011 32575 32728 I VrApi   : FPS=90/90,Prd=42ms,Tear=0,Early=87,Stale=0,VSnc=1,Lat=1,Fov=4,CPU4/GPU=4/4,1478/525MHz,OC=FF,TA=0/0/0,SP=N/N/N,Mem=2092MHz,Free=7439MB,PLS=0,Temp=17.7C/0.0C,TW=0.82ms,App=6.18ms,GD=0.00ms,CPU&GPU=8.73ms,LCnt=1(DR90,LM0),GPU%=0.63,CPU%=0.23(W0.32),DSF=1.00,CFL=17.59/21.47
12-30 18:13:54.022 32575 32728 I VrApi   : FPS=90/90,Prd=42ms,Tear=0,Early=88,Stale=0,VSnc=1,Lat=1,Fov=4,CPU4/GPU=4/4,1478/525MHz,OC=FF,TA=0/0/0,SP=N/N/N,Mem=2092MHz,Free=7436MB,PLS=0,Temp=17.7C/0.0C,TW=0.83ms,App=6.20ms,GD=0.00ms,CPU&GPU=8.73ms,LCnt=1(DR90,LM0),GPU%=0.64,CPU%=0.22(W0.29),DSF=1.00,CFL=17.70/21.32
12-30 18:13:55.012 32575 32728 I VrApi   : FPS=90/90,Prd=42ms,Tear=0,Early=89,Stale=0,VSnc=1,Lat=1,Fov=4,CPU4/GPU=4/4,1478/525MHz,OC=FF,TA=0/0/0,SP=N/N/N,Mem=2092MHz,Free=7436MB,PLS=0,Temp=17.7C/0.0C,TW=0.81ms,App=6.40ms,GD=0.00ms,CPU&GPU=8.71ms,LCnt=1(DR90,LM0),GPU%=0.66,CPU%=0.22(W0.35),DSF=1.00,CFL=17.69/20.84
12-30 18:13:56.011 32575 32728 I VrApi   : FPS=90/90,Prd=42ms,Tear=0,Early=89,Stale=0,VSnc=1,Lat=1,Fov=4,CPU4/GPU=4/4,1478/525MHz,OC=FF,TA=0/0/0,SP=N/N/N,Mem=2092MHz,Free=7436MB,PLS=0,Temp=17.7C/0.0C,TW=0.80ms,App=6.65ms,GD=0.00ms,CPU&GPU=8.78ms,LCnt=1(DR90,LM0),GPU%=0.70,CPU%=0.20(W0.25),DSF=1.00,CFL=17.57/21.32
12-30 18:13:57.011 32575 32728 I VrApi   : FPS=90/90,Prd=42ms,Tear=0,Early=89,Stale=0,VSnc=1,Lat=1,Fov=4,CPU4/GPU=4/4,1478/525MHz,OC=FF,TA=0/0/0,SP=N/N/N,Mem=2092MHz,Free=7436MB,PLS=0,Temp=17.7C/0.0C,TW=0.80ms,App=6.24ms,GD=0.00ms,CPU&GPU=9.09ms,LCnt=1(DR90,LM0),GPU%=0.65,CPU%=0.25(W0.30),DSF=1.00,CFL=17.60/21.65
12-30 18:13:58.011 32575 32728 I VrApi   : FPS=90/90,Prd=42ms,Tear=0,Early=89,Stale=0,VSnc=1,Lat=1,Fov=4,CPU4/GPU=4/4,1478/525MHz,OC=FF,TA=0/0/0,SP=N/N/N,Mem=2092MHz,Free=7436MB,PLS=0,Temp=17.7C/0.0C,TW=0.83ms,App=5.99ms,GD=0.00ms,CPU&GPU=8.81ms,LCnt=1(DR90,LM0),GPU%=0.63,CPU%=0.23(W0.30),DSF=1.00,CFL=17.58/21.53
12-30 18:13:59.011 32575 32728 I VrApi   : FPS=90/90,Prd=42ms,Tear=0,Early=90,Stale=0,VSnc=1,Lat=1,Fov=4,CPU4/GPU=4/4,1478/525MHz,OC=FF,TA=0/0/0,SP=N/N/N,Mem=2092MHz,Free=7436MB,PLS=0,Temp=17.7C/0.0C,TW=0.84ms,App=6.27ms,GD=0.00ms,CPU&GPU=8.88ms,LCnt=1(DR90,LM0),GPU%=0.67,CPU%=0.23(W0.30),DSF=1.00,CFL=17.70/21.05
12-30 18:14:00.020 32575 32728 I VrApi   : FPS=90/90,Prd=42ms,Tear=0,Early=88,Stale=0,VSnc=1,Lat=1,Fov=4,CPU4/GPU=4/4,1478/525MHz,OC=FF,TA=0/0/0,SP=N/N/N,Mem=2092MHz,Free=7436MB,PLS=0,Temp=17.7C/0.0C,TW=0.82ms,App=6.32ms,GD=0.00ms,CPU&GPU=9.05ms,LCnt=1(DR90,LM0),GPU%=0.66,CPU%=0.22(W0.30),DSF=1.00,CFL=17.52/22.26
12-30 18:14:01.015 32575 32728 I VrApi   : FPS=90/90,Prd=42ms,Tear=0,Early=89,Stale=0,VSnc=1,Lat=1,Fov=4,CPU4/GPU=4/4,1478/525MHz,OC=FF,TA=0/0/0,SP=N/N/N,Mem=2092MHz,Free=7436MB,PLS=0,Temp=17.7C/0.0C,TW=0.80ms,App=5.89ms,GD=0.00ms,CPU&GPU=8.78ms,LCnt=1(DR90,LM0),GPU%=0.62,CPU%=0.23(W0.29),DSF=1.00,CFL=17.65/21.14
12-30 18:14:02.012 32575 32728 I VrApi   : FPS=90/90,Prd=42ms,Tear=0,Early=90,Stale=0,VSnc=1,Lat=1,Fov=4,CPU4/GPU=4/4,1478/525MHz,OC=FF,TA=0/0/0,SP=N/N/N,Mem=2092MHz,Free=7436MB,PLS=0,Temp=17.7C/0.0C,TW=0.83ms,App=6.48ms,GD=0.00ms,CPU&GPU=8.63ms,LCnt=1(DR90,LM0),GPU%=0.66,CPU%=0.25(W0.36),DSF=1.00,CFL=17.70/21.34
12-30 18:14:03.013 32575 32728 I VrApi   : FPS=90/90,Prd=42ms,Tear=0,Early=89,Stale=0,VSnc=1,Lat=1,Fov=4,CPU4/GPU=4/4,1478/525MHz,OC=FF,TA=0/0/0,SP=N/N/N,Mem=2092MHz,Free=7436MB,PLS=0,Temp=17.7C/0.0C,TW=0.85ms,App=6.45ms,GD=0.00ms,CPU&GPU=8.91ms,LCnt=1(DR90,LM0),GPU%=0.67,CPU%=0.25(W0.30),DSF=1.00,CFL=17.68/21.23
12-30 18:14:04.014 32575 32728 I VrApi   : FPS=90/90,Prd=42ms,Tear=0,Early=90,Stale=0,VSnc=1,Lat=1,Fov=4,CPU4/GPU=4/4,1478/525MHz,OC=FF,TA=0/0/0,SP=N/N/N,Mem=2092MHz,Free=7436MB,PLS=0,Temp=17.7C/0.0C,TW=0.83ms,App=6.14ms,GD=0.00ms,CPU&GPU=8.91ms,LCnt=1(DR90,LM0),GPU%=0.64,CPU%=0.20(W0.25),DSF=1.00,CFL=17.78/21.68
12-30 18:14:05.013 32575 32728 I VrApi   : FPS=90/90,Prd=42ms,Tear=0,Early=88,Stale=0,VSnc=1,Lat=1,Fov=4,CPU4/GPU=4/4,1478/525MHz,OC=FF,TA=0/0/0,SP=N/N/N,Mem=2092MHz,Free=7436MB,PLS=0,Temp=17.7C/0.0C,TW=0.80ms,App=6.22ms,GD=0.00ms,CPU&GPU=8.77ms,LCnt=1(DR90,LM0),GPU%=0.64,CPU%=0.24(W0.30),DSF=1.00,CFL=17.53/21.24
12-30 18:14:06.013 32575 32728 I VrApi   : FPS=90/90,Prd=42ms,Tear=0,Early=90,Stale=0,VSnc=1,Lat=1,Fov=4,CPU4/GPU=4/4,1478/525MHz,OC=FF,TA=0/0/0,SP=N/N/N,Mem=2092MHz,Free=7436MB,PLS=0,Temp=17.7C/0.0C,TW=0.80ms,App=6.66ms,GD=0.00ms,CPU&GPU=8.80ms,LCnt=1(DR90,LM0),GPU%=0.68,CPU%=0.24(W0.30),DSF=1.00,CFL=17.71/21.49
12-30 18:14:07.013 32575 32728 I VrApi   : FPS=90/90,Prd=42ms,Tear=0,Early=90,Stale=0,VSnc=1,Lat=1,Fov=4,CPU4/GPU=4/4,1478/525MHz,OC=FF,TA=0/0/0,SP=N/N/N,Mem=2092MHz,Free=7436MB,PLS=0,Temp=17.7C/0.0C,TW=0.82ms,App=6.31ms,GD=0.00ms,CPU&GPU=9.07ms,LCnt=1(DR90,LM0),GPU%=0.65,CPU%=0.23(W0.30),DSF=1.00,CFL=17.65/21.20
12-30 18:14:08.013 32575 32728 I VrApi   : FPS=90/90,Prd=42ms,Tear=0,Early=89,Stale=0,VSnc=1,Lat=1,Fov=4,CPU4/GPU=4/4,1478/525MHz,OC=FF,TA=0/0/0,SP=N/N/N,Mem=2092MHz,Free=7436MB,PLS=0,Temp=17.7C/0.0C,TW=0.80ms,App=6.33ms,GD=0.00ms,CPU&GPU=8.80ms,LCnt=1(DR90,LM0),GPU%=0.66,CPU%=0.26(W0.33),DSF=1.00,CFL=17.65/20.94
12-30 18:14:09.013 32575 32728 I VrApi   : FPS=90/90,Prd=42ms,Tear=0,Early=86,Stale=0,VSnc=1,Lat=1,Fov=4,CPU4/GPU=4/4,1478/525MHz,OC=FF,TA=0/0/0,SP=N/N/N,Mem=2092MHz,Free=7436MB,PLS=0,Temp=17.7C/0.0C,TW=0.81ms,App=6.67ms,GD=0.00ms,CPU&GPU=8.99ms,LCnt=1(DR90,LM0),GPU%=0.69,CPU%=0.26(W0.32),DSF=1.00,CFL=17.78/20.51
12-30 18:14:10.013 32575 32728 I VrApi   : FPS=90/90,Prd=42ms,Tear=0,Early=89,Stale=0,VSnc=1,Lat=1,Fov=4,CPU4/GPU=4/4,1478/525MHz,OC=FF,TA=0/0/0,SP=N/N/N,Mem=2092MHz,Free=7436MB,PLS=0,Temp=17.7C/0.0C,TW=0.80ms,App=6.52ms,GD=0.00ms,CPU&GPU=9.47ms,LCnt=1(DR90,LM0),GPU%=0.68,CPU%=0.28(W0.32),DSF=1.00,CFL=17.64/21.68
12-30 18:14:11.013 32575 32728 I VrApi   : FPS=90/90,Prd=42ms,Tear=0,Early=89,Stale=0,VSnc=1,Lat=1,Fov=4,CPU4/GPU=4/4,1478/525MHz,OC=FF,TA=0/0/0,SP=N/N/N,Mem=2092MHz,Free=7436MB,PLS=0,Temp=17.7C/0.0C,TW=0.85ms,App=6.08ms,GD=0.00ms,CPU&GPU=9.21ms,LCnt=1(DR90,LM0),GPU%=0.64,CPU%=0.28(W0.35),DSF=1.00,CFL=17.57/21.62
12-30 18:14:12.013 32575 32728 I VrApi   : FPS=90/90,Prd=42ms,Tear=0,Early=88,Stale=0,VSnc=1,Lat=1,Fov=4,CPU4/GPU=4/4,1478/525MHz,OC=FF,TA=0/0/0,SP=N/N/N,Mem=2092MHz,Free=7436MB,PLS=0,Temp=17.7C/0.0C,TW=0.84ms,App=6.27ms,GD=0.00ms,CPU&GPU=8.89ms,LCnt=1(DR90,LM0),GPU%=0.67,CPU%=0.24(W0.36),DSF=1.00,CFL=17.69/20.96
12-30 18:14:13.013 32575 32728 I VrApi   : FPS=90/90,Prd=42ms,Tear=0,Early=86,Stale=0,VSnc=1,Lat=1,Fov=4,CPU4/GPU=4/4,1478/525MHz,OC=FF,TA=0/0/0,SP=N/N/N,Mem=2092MHz,Free=7436MB,PLS=0,Temp=18.0C/0.0C,TW=0.81ms,App=6.99ms,GD=0.00ms,CPU&GPU=9.16ms,LCnt=1(DR90,LM0),GPU%=0.70,CPU%=0.19(W0.21),DSF=1.00,CFL=17.57/21.58
12-30 18:14:14.025 32575 32728 I VrApi   : FPS=90/90,Prd=42ms,Tear=0,Early=84,Stale=0,VSnc=1,Lat=1,Fov=4,CPU4/GPU=4/4,1478/525MHz,OC=FF,TA=0/0/0,SP=N/N/N,Mem=2092MHz,Free=7437MB,PLS=0,Temp=18.0C/0.0C,TW=0.81ms,App=6.46ms,GD=0.00ms,CPU&GPU=9.38ms,LCnt=1(DR90,LM0),GPU%=0.68,CPU%=0.22(W0.33),DSF=1.00,CFL=17.51/21.08
12-30 18:14:15.013 32575 32728 I VrApi   : FPS=90/90,Prd=42ms,Tear=0,Early=90,Stale=0,VSnc=1,Lat=1,Fov=4,CPU4/GPU=4/4,1478/525MHz,OC=FF,TA=0/0/0,SP=N/N/N,Mem=2092MHz,Free=7437MB,PLS=0,Temp=18.0C/0.0C,TW=0.85ms,App=6.19ms,GD=0.00ms,CPU&GPU=8.78ms,LCnt=1(DR90,LM0),GPU%=0.65,CPU%=0.27(W0.35),DSF=1.00,CFL=17.73/21.37
12-30 18:14:16.013 32575 32728 I VrApi   : FPS=90/90,Prd=42ms,Tear=0,Early=81,Stale=0,VSnc=1,Lat=1,Fov=4,CPU4/GPU=4/4,1478/525MHz,OC=FF,TA=0/0/0,SP=N/N/N,Mem=2092MHz,Free=7437MB,PLS=0,Temp=18.0C/0.0C,TW=0.85ms,App=6.40ms,GD=0.00ms,CPU&GPU=8.71ms,LCnt=1(DR90,LM0),GPU%=0.66,CPU%=0.22(W0.35),DSF=1.00,CFL=17.53/21.28
12-30 18:14:17.014 32575 32728 I VrApi   : FPS=90/90,Prd=42ms,Tear=0,Early=88,Stale=0,VSnc=1,Lat=1,Fov=4,CPU4/GPU=4/4,1478/525MHz,OC=FF,TA=0/0/0,SP=N/N/N,Mem=2092MHz,Free=7437MB,PLS=0,Temp=18.0C/0.0C,TW=0.82ms,App=6.44ms,GD=0.00ms,CPU&GPU=9.30ms,LCnt=1(DR90,LM0),GPU%=0.70,CPU%=0.21(W0.32),DSF=1.00,CFL=17.54/21.74
12-30 18:14:18.014 32575 32728 I VrApi   : FPS=90/90,Prd=42ms,Tear=0,Early=90,Stale=0,VSnc=1,Lat=1,Fov=4,CPU4/GPU=4/4,1478/525MHz,OC=FF,TA=0/0/0,SP=N/N/N,Mem=2092MHz,Free=7437MB,PLS=0,Temp=18.0C/0.0C,TW=0.80ms,App=6.17ms,GD=0.00ms,CPU&GPU=9.10ms,LCnt=1(DR90,LM0),GPU%=0.66,CPU%=0.23(W0.30),DSF=1.00,CFL=17.42/21.26
12-30 18:14:19.014 32575 32728 I VrApi   : FPS=90/90,Prd=42ms,Tear=0,Early=89,Stale=0,VSnc=1,Lat=1,Fov=4,CPU4/GPU=4/4,1478/525MHz,OC=FF,TA=0/0/0,SP=N/N/N,Mem=2092MHz,Free=7437MB,PLS=0,Temp=18.0C/0.0C,TW=0.84ms,App=5.79ms,GD=0.00ms,CPU&GPU=8.79ms,LCnt=1(DR90,LM0),GPU%=0.61,CPU%=0.25(W0.33),DSF=1.00,CFL=17.63/21.64
12-30 18:14:20.013 32575 32728 I VrApi   : FPS=90/90,Prd=42ms,Tear=0,Early=89,Stale=0,VSnc=1,Lat=1,Fov=4,CPU4/GPU=4/4,1478/525MHz,OC=FF,TA=0/0/0,SP=N/N/N,Mem=2092MHz,Free=7437MB,PLS=0,Temp=18.0C/0.0C,TW=0.83ms,App=6.55ms,GD=0.00ms,CPU&GPU=8.68ms,LCnt=1(DR90,LM0),GPU%=0.68,CPU%=0.26(W0.33),DSF=1.00,CFL=17.67/21.09
12-30 18:14:21.014 32575 32728 I VrApi   : FPS=90/90,Prd=42ms,Tear=0,Early=86,Stale=0,VSnc=1,Lat=1,Fov=4,CPU4/GPU=4/4,1478/525MHz,OC=FF,TA=0/0/0,SP=N/N/N,Mem=2092MHz,Free=7437MB,PLS=0,Temp=18.0C/0.0C,TW=0.80ms,App=6.78ms,GD=0.00ms,CPU&GPU=9.16ms,LCnt=1(DR90,LM0),GPU%=0.70,CPU%=0.21(W0.25),DSF=1.00,CFL=17.48/21.19
12-30 18:14:22.014 32575 32728 I VrApi   : FPS=90/90,Prd=42ms,Tear=0,Early=87,Stale=0,VSnc=1,Lat=1,Fov=4,CPU4/GPU=4/4,1478/525MHz,OC=FF,TA=0/0/0,SP=N/N/N,Mem=2092MHz,Free=7437MB,PLS=0,Temp=18.0C/0.0C,TW=0.78ms,App=6.49ms,GD=0.00ms,CPU&GPU=9.69ms,LCnt=1(DR90,LM0),GPU%=0.67,CPU%=0.22(W0.30),DSF=1.00,CFL=17.49/21.27
12-30 18:14:23.015 32575 32728 I VrApi   : FPS=90/90,Prd=42ms,Tear=0,Early=90,Stale=0,VSnc=1,Lat=1,Fov=4,CPU4/GPU=4/4,1478/525MHz,OC=FF,TA=0/0/0,SP=N/N/N,Mem=2092MHz,Free=7437MB,PLS=0,Temp=18.0C/0.0C,TW=0.80ms,App=6.52ms,GD=0.00ms,CPU&GPU=9.34ms,LCnt=1(DR90,LM0),GPU%=0.68,CPU%=0.25(W0.32),DSF=1.00,CFL=17.75/21.74
12-30 18:14:24.014 32575 32728 I VrApi   : FPS=90/90,Prd=42ms,Tear=0,Early=88,Stale=0,VSnc=1,Lat=1,Fov=4,CPU4/GPU=4/4,1478/525MHz,OC=FF,TA=0/0/0,SP=N/N/N,Mem=2092MHz,Free=7437MB,PLS=0,Temp=18.0C/0.0C,TW=0.82ms,App=6.61ms,GD=0.00ms,CPU&GPU=9.17ms,LCnt=1(DR90,LM0),GPU%=0.68,CPU%=0.22(W0.26),DSF=1.00,CFL=17.57/21.27
12-30 18:14:25.019 32575 32728 I VrApi   : FPS=90/90,Prd=42ms,Tear=0,Early=86,Stale=0,VSnc=1,Lat=1,Fov=4,CPU4/GPU=4/4,1478/525MHz,OC=FF,TA=0/0/0,SP=N/N/N,Mem=2092MHz,Free=7437MB,PLS=0,Temp=18.0C/0.0C,TW=0.81ms,App=6.82ms,GD=0.00ms,CPU&GPU=9.28ms,LCnt=1(DR90,LM0),GPU%=0.69,CPU%=0.23(W0.33),DSF=1.00,CFL=17.61/21.11
12-30 18:14:26.014 32575 32728 I VrApi   : FPS=90/90,Prd=42ms,Tear=0,Early=85,Stale=0,VSnc=1,Lat=1,Fov=4,CPU4/GPU=4/4,1478/525MHz,OC=FF,TA=0/0/0,SP=N/N/N,Mem=2092MHz,Free=7437MB,PLS=0,Temp=18.0C/0.0C,TW=0.81ms,App=6.90ms,GD=0.00ms,CPU&GPU=9.43ms,LCnt=1(DR90,LM0),GPU%=0.69,CPU%=0.19(W0.25),DSF=1.00,CFL=17.60/21.60
12-30 18:14:27.015 32575 32728 I VrApi   : FPS=90/90,Prd=42ms,Tear=0,Early=88,Stale=0,VSnc=1,Lat=1,Fov=4,CPU4/GPU=4/4,1478/525MHz,OC=FF,TA=0/0/0,SP=N/N/N,Mem=2092MHz,Free=7437MB,PLS=0,Temp=18.0C/0.0C,TW=0.79ms,App=6.27ms,GD=0.00ms,CPU&GPU=9.41ms,LCnt=1(DR90,LM0),GPU%=0.64,CPU%=0.25(W0.30),DSF=1.00,CFL=17.70/21.15
12-30 18:14:28.014 32575 32728 I VrApi   : FPS=90/90,Prd=42ms,Tear=0,Early=88,Stale=0,VSnc=1,Lat=1,Fov=4,CPU4/GPU=4/4,1478/525MHz,OC=FF,TA=0/0/0,SP=N/N/N,Mem=2092MHz,Free=7437MB,PLS=0,Temp=18.0C/0.0C,TW=0.85ms,App=6.50ms,GD=0.00ms,CPU&GPU=8.94ms,LCnt=1(DR90,LM0),GPU%=0.67,CPU%=0.24(W0.29),DSF=1.00,CFL=17.60/20.74
12-30 18:14:29.014 32575 32728 I VrApi   : FPS=90/90,Prd=42ms,Tear=0,Early=81,Stale=0,VSnc=1,Lat=1,Fov=4,CPU4/GPU=4/4,1478/525MHz,OC=FF,TA=0/0/0,SP=N/N/N,Mem=2092MHz,Free=7437MB,PLS=0,Temp=18.0C/0.0C,TW=0.84ms,App=7.21ms,GD=0.00ms,CPU&GPU=9.20ms,LCnt=1(DR90,LM0),GPU%=0.72,CPU%=0.22(W0.35),DSF=1.00,CFL=17.66/21.29
12-30 18:14:30.016 32575 32728 I VrApi   : FPS=90/90,Prd=42ms,Tear=0,Early=89,Stale=0,VSnc=1,Lat=1,Fov=4,CPU4/GPU=4/4,1478/525MHz,OC=FF,TA=0/0/0,SP=N/N/N,Mem=2092MHz,Free=7437MB,PLS=0,Temp=18.0C/0.0C,TW=0.83ms,App=6.78ms,GD=0.00ms,CPU&GPU=9.96ms,LCnt=1(DR90,LM0),GPU%=0.70,CPU%=0.25(W0.29),DSF=1.00,CFL=17.60/21.74
12-30 18:14:31.014 32575 32728 I VrApi   : FPS=90/90,Prd=42ms,Tear=0,Early=89,Stale=0,VSnc=1,Lat=1,Fov=4,CPU4/GPU=4/4,1478/525MHz,OC=FF,TA=0/0/0,SP=N/N/N,Mem=2092MHz,Free=7437MB,PLS=0,Temp=18.0C/0.0C,TW=0.78ms,App=6.53ms,GD=0.00ms,CPU&GPU=9.30ms,LCnt=1(DR90,LM0),GPU%=0.66,CPU%=0.21(W0.32),DSF=1.00,CFL=17.60/21.74
12-30 18:14:32.017 32575 32728 I VrApi   : FPS=90/90,Prd=42ms,Tear=0,Early=89,Stale=0,VSnc=1,Lat=1,Fov=4,CPU4/GPU=4/4,1478/525MHz,OC=FF,TA=0/0/0,SP=N/N/N,Mem=2092MHz,Free=7437MB,PLS=0,Temp=18.0C/0.0C,TW=0.82ms,App=6.73ms,GD=0.00ms,CPU&GPU=8.99ms,LCnt=1(DR90,LM0),GPU%=0.68,CPU%=0.21(W0.30),DSF=1.00,CFL=17.50/21.07
12-30 18:14:33.014 32575 32728 I VrApi   : FPS=90/90,Prd=42ms,Tear=0,Early=89,Stale=0,VSnc=1,Lat=1,Fov=4,CPU4/GPU=4/4,1478/525MHz,OC=FF,TA=0/0/0,SP=N/N/N,Mem=2092MHz,Free=7437MB,PLS=0,Temp=18.0C/0.0C,TW=0.82ms,App=6.88ms,GD=0.00ms,CPU&GPU=9.27ms,LCnt=1(DR90,LM0),GPU%=0.69,CPU%=0.23(W0.30),DSF=1.00,CFL=17.67/21.55
12-30 18:14:34.025 32575 32728 I VrApi   : FPS=90/90,Prd=42ms,Tear=0,Early=89,Stale=0,VSnc=1,Lat=1,Fov=4,CPU4/GPU=4/4,1478/525MHz,OC=FF,TA=0/0/0,SP=N/N/N,Mem=2092MHz,Free=7434MB,PLS=0,Temp=18.0C/0.0C,TW=0.80ms,App=6.91ms,GD=0.00ms,CPU&GPU=9.56ms,LCnt=1(DR90,LM0),GPU%=0.70,CPU%=0.23(W0.30),DSF=1.00,CFL=17.63/21.05
12-30 18:14:35.014 32575 32728 I VrApi   : FPS=90/90,Prd=42ms,Tear=0,Early=89,Stale=0,VSnc=1,Lat=1,Fov=4,CPU4/GPU=4/4,1478/525MHz,OC=FF,TA=0/0/0,SP=N/N/N,Mem=2092MHz,Free=7434MB,PLS=0,Temp=18.0C/0.0C,TW=0.78ms,App=6.67ms,GD=0.00ms,CPU&GPU=9.62ms,LCnt=1(DR90,LM0),GPU%=0.69,CPU%=0.20(W0.25),DSF=1.00,CFL=17.57/20.87
12-30 18:14:36.017 32575 32728 I VrApi   : FPS=90/90,Prd=42ms,Tear=0,Early=89,Stale=0,VSnc=1,Lat=1,Fov=4,CPU4/GPU=4/4,1478/525MHz,OC=FF,TA=0/0/0,SP=N/N/N,Mem=2092MHz,Free=7434MB,PLS=0,Temp=18.0C/0.0C,TW=0.77ms,App=5.45ms,GD=0.00ms,CPU&GPU=9.18ms,LCnt=1(DR90,LM0),GPU%=0.56,CPU%=0.24(W0.26),DSF=1.00,CFL=17.54/21.23
12-30 18:14:37.018 32575 32728 I VrApi   : FPS=90/90,Prd=42ms,Tear=0,Early=90,Stale=0,VSnc=1,Lat=1,Fov=4,CPU4/GPU=4/4,1478/525MHz,OC=FF,TA=0/0/0,SP=N/N/N,Mem=2092MHz,Free=7434MB,PLS=0,Temp=18.0C/0.0C,TW=0.80ms,App=5.12ms,GD=0.00ms,CPU&GPU=7.97ms,LCnt=1(DR90,LM0),GPU%=0.56,CPU%=0.18(W0.25),DSF=1.00,CFL=17.81/21.68
12-30 18:14:38.015 32575 32728 I VrApi   : FPS=90/90,Prd=42ms,Tear=0,Early=90,Stale=0,VSnc=1,Lat=1,Fov=4,CPU4/GPU=4/4,1478/525MHz,OC=FF,TA=0/0/0,SP=N/N/N,Mem=2092MHz,Free=7434MB,PLS=0,Temp=18.0C/0.0C,TW=0.78ms,App=4.94ms,GD=0.00ms,CPU&GPU=7.71ms,LCnt=1(DR90,LM0),GPU%=0.54,CPU%=0.14(W0.20),DSF=1.00,CFL=17.61/21.36
12-30 18:14:39.014 32575 32728 I VrApi   : FPS=90/90,Prd=42ms,Tear=0,Early=90,Stale=0,VSnc=1,Lat=1,Fov=4,CPU4/GPU=4/4,1478/525MHz,OC=FF,TA=0/0/0,SP=N/N/N,Mem=2092MHz,Free=7434MB,PLS=0,Temp=18.0C/0.0C,TW=0.78ms,App=5.00ms,GD=0.00ms,CPU&GPU=7.52ms,LCnt=1(DR90,LM0),GPU%=0.54,CPU%=0.18(W0.32),DSF=1.00,CFL=17.69/21.05
12-30 18:14:40.015 32575 32728 I VrApi   : FPS=90/90,Prd=42ms,Tear=0,Early=90,Stale=0,VSnc=1,Lat=1,Fov=4,CPU4/GPU=4/4,1478/525MHz,OC=FF,TA=0/0/0,SP=N/N/N,Mem=2092MHz,Free=7434MB,PLS=0,Temp=18.0C/0.0C,TW=0.78ms,App=5.02ms,GD=0.00ms,CPU&GPU=7.38ms,LCnt=1(DR90,LM0),GPU%=0.55,CPU%=0.20(W0.25),DSF=1.00,CFL=17.65/21.52
12-30 18:14:41.015 32575 32728 I VrApi   : FPS=90/90,Prd=42ms,Tear=0,Early=90,Stale=0,VSnc=1,Lat=1,Fov=4,CPU4/GPU=4/4,1478/525MHz,OC=FF,TA=0/0/0,SP=N/N/N,Mem=2092MHz,Free=7434MB,PLS=0,Temp=18.0C/0.0C,TW=0.77ms,App=5.08ms,GD=0.00ms,CPU&GPU=7.51ms,LCnt=1(DR90,LM0),GPU%=0.54,CPU%=0.14(W0.21),DSF=1.00,CFL=17.60/21.03
12-30 18:14:42.015 32575 32728 I VrApi   : FPS=90/90,Prd=42ms,Tear=0,Early=90,Stale=0,VSnc=1,Lat=1,Fov=4,CPU4/GPU=4/4,1478/525MHz,OC=FF,TA=0/0/0,SP=N/N/N,Mem=2092MHz,Free=7434MB,PLS=0,Temp=18.0C/0.0C,TW=0.76ms,App=5.24ms,GD=0.00ms,CPU&GPU=7.64ms,LCnt=1(DR90,LM0),GPU%=0.55,CPU%=0.16(W0.24),DSF=1.00,CFL=17.70/21.29
12-30 18:14:42.644 32575 32596 I VrApi   : vrapi_SetDisplayRefreshRate: display refresh rate supported 90.000000
12-30 18:14:43.015 32575 32728 I VrApi   : FPS=90/90,Prd=42ms,Tear=0,Early=90,Stale=0,VSnc=1,Lat=1,Fov=0,CPU4/GPU=4/4,1478/525MHz,OC=FF,TA=0/0/0,SP=N/N/N,Mem=2092MHz,Free=7434MB,PLS=0,Temp=18.0C/0.0C,TW=0.76ms,App=5.24ms,GD=0.00ms,CPU&GPU=7.64ms,LCnt=1(DR90,LM0),GPU%=0.55,CPU%=0.16(W0.24),DSF=1.00,CFL=17.70/21.29
12-30 18:14:44.019 32575 32728 I VrApi   : FPS=50/90,Prd=41ms,Tear=0,Early=55,Stale=32,VSnc=1,Lat=1,Fov=0,CPU4/GPU=4/4,1478/525MHz,OC=FF,TA=0/0/0,SP=N/N/N,Mem=1804MHz,Free=7434MB,PLS=0,Temp=18.0C/0.0C,TW=1.04ms,App=5.53ms,GD=0.00ms,CPU&GPU=8.37ms,LCnt=1(DR90,LM0),GPU%=0.62,CPU%=0.17(W0.20),DSF=1.00,CFL=17.58/21.67
12-30 18:14:45.016 32575 32728 I VrApi   : FPS=90/90,Prd=42ms,Tear=0,Early=80,Stale=10,VSnc=1,Lat=1,Fov=0,CPU4/GPU=4/4,1478/525MHz,OC=FF,TA=0/0/0,SP=N/N/N,Mem=2092MHz,Free=7434MB,PLS=0,Temp=18.0C/0.0C,TW=1.12ms,App=5.34ms,GD=0.00ms,CPU&GPU=8.01ms,LCnt=1(DR90,LM0),GPU%=0.60,CPU%=0.23(W0.32),DSF=1.00,CFL=17.57/21.05
12-30 18:14:46.015 32575 32728 I VrApi   : FPS=88/90,Prd=42ms,Tear=0,Early=82,Stale=3,VSnc=1,Lat=1,Fov=0,CPU4/GPU=4/4,1478/525MHz,OC=FF,TA=0/0/0,SP=N/N/N,Mem=2092MHz,Free=7434MB,PLS=0,Temp=18.0C/0.0C,TW=1.14ms,App=5.28ms,GD=0.00ms,CPU&GPU=7.96ms,LCnt=1(DR90,LM0),GPU%=0.59,CPU%=0.24(W0.30),DSF=1.00,CFL=17.57/21.45
12-30 18:14:47.015 32575 32728 I VrApi   : FPS=90/90,Prd=42ms,Tear=0,Early=90,Stale=0,VSnc=1,Lat=1,Fov=0,CPU4/GPU=4/4,1478/525MHz,OC=FF,TA=0/0/0,SP=N/N/N,Mem=2092MHz,Free=7434MB,PLS=0,Temp=18.0C/0.0C,TW=1.10ms,App=5.54ms,GD=0.00ms,CPU&GPU=7.68ms,LCnt=1(DR90,LM0),GPU%=0.61,CPU%=0.16(W0.24),DSF=1.00,CFL=17.64/21.14
12-30 18:14:47.192  2228  2692 D VrApi   : targetSDKVersion 29
12-30 18:14:47.210  2228  2692 I VrApi   : OVR::Stats thread started
12-30 18:14:47.213  2228  5438 D VrApi   : targetSDKVersion 29
12-30 18:14:48.015 32575 32728 I VrApi   : FPS=90/90,Prd=42ms,Tear=0,Early=89,Stale=0,VSnc=1,Lat=1,Fov=0,CPU4/GPU=4/4,2419/525MHz,OC=FF,TA=0/0/0,SP=N/N/N,Mem=2092MHz,Free=7434MB,PLS=0,Temp=18.0C/0.0C,TW=1.05ms,App=5.49ms,GD=0.00ms,CPU&GPU=7.92ms,LCnt=1(DR90,LM0),GPU%=0.61,CPU%=0.15(W0.20),DSF=1.00,CFL=17.61/21.42
12-30 18:14:49.015 32575 32728 I VrApi   : FPS=82/90,Prd=42ms,Tear=0,Early=77,Stale=10,VSnc=1,Lat=1,Fov=0,CPU4/GPU=4/4,2419/525MHz,OC=FF,TA=0/0/0,SP=N/N/N,Mem=2092MHz,Free=7434MB,PLS=0,Temp=18.0C/0.0C,TW=3.22ms,App=5.44ms,GD=0.00ms,CPU&GPU=7.84ms,LCnt=1(DR90,LM0),GPU%=0.85,CPU%=0.19(W0.21),DSF=1.00,CFL=17.63/21.07
12-30 18:14:50.018 32575 32728 I VrApi   : FPS=90/90,Prd=42ms,Tear=0,Early=85,Stale=0,VSnc=1,Lat=1,Fov=0,CPU4/GPU=4/4,2419/525MHz,OC=FF,TA=0/0/0,SP=N/N/N,Mem=2092MHz,Free=7434MB,PLS=0,Temp=18.0C/0.0C,TW=3.24ms,App=5.15ms,GD=0.00ms,CPU&GPU=9.01ms,LCnt=5(DR13,LM0),GPU%=0.87,CPU%=0.20(W0.29),DSF=1.00,CFL=17.72/21.66
12-30 18:14:50.057 32575 32645 I VrApi   : ---------- vrapi_LeaveVrMode [start] ----------
12-30 18:14:50.059 32575 32645 D VrApi   : targetSDKVersion 29
12-30 18:14:50.069 32575 32728 I VrApi   : FPS=90/90,Prd=42ms,Tear=0,Early=85,Stale=0,VSnc=1,Lat=1,Fov=0,CPU4/GPU=4/4,2419/525MHz,OC=FF,TA=0/0/0,SP=N/N/N,Mem=2092MHz,Free=7434MB,PLS=0,Temp=18.0C/0.0C,TW=3.24ms,App=5.15ms,GD=0.00ms,CPU&GPU=9.01ms,LCnt=5(DR13,LM0),GPU%=0.87,CPU%=0.20(W0.29),DSF=1.00,CFL=17.72/21.66
12-30 18:14:50.091 32575 32645 I VrApi   : OVR::Stats thread stopped
12-30 18:14:50.117 32575 32645 I VrApi   : ---------- vrapi_LeaveVrMode [end] ----------
12-30 18:14:50.264  3134  3166 D VrApi   : targetSDKVersion 29
12-30 18:14:50.277  3134  3166 I VrApi   : OVR::Stats thread started
12-30 18:14:50.278  3134  5557 D VrApi   : targetSDKVersion 29
12-30 18:14:50.289  3167  3283 D VrApi   : targetSDKVersion 29
12-30 18:14:50.364  3167  3283 I VrApi   : OVR::Stats thread started
12-30 18:14:50.366  3167  5567 D VrApi   : targetSDKVersion 29
12-30 18:14:50.391  2228  2692 D VrApi   : targetSDKVersion 29
12-30 18:14:50.421  2228  2692 I VrApi   : OVR::Stats thread stopped
12-30 18:14:52.010  3134  5557 I VrApi   : FPS=86/90,Prd=26ms,Tear=0,Early=0,Stale=7,VSnc=0,Lat=-1,Fov=0,CPU4/GPU=3/4,2419/525MHz,OC=FF,TA=0/70/0,SP=N/F/N,Mem=2092MHz,Free=8482MB,PLS=0,Temp=18.0C/0.0C,TW=1.96ms,App=4.76ms,GD=0.31ms,CPU&GPU=8.12ms,LCnt=2(DR56,LM2),GPU%=0.65,CPU%=0.15(W0.24),DSF=1.00,CFL=17.63/21.59
12-30 18:14:53.002  3134  5557 I VrApi   : FPS=90/90,Prd=29ms,Tear=0,Early=0,Stale=1,VSnc=0,Lat=-1,Fov=0,CPU4/GPU=2/3,2419/490MHz,OC=FF,TA=0/70/0,SP=N/F/N,Mem=2092MHz,Free=8482MB,PLS=0,Temp=18.0C/0.0C,TW=2.06ms,App=5.22ms,GD=0.00ms,CPU&GPU=8.16ms,LCnt=3(DR21,LM2),GPU%=0.68,CPU%=0.14(W0.16),DSF=1.00,CFL=17.62/21.40
12-30 18:14:54.002  3134  5557 I VrApi   : FPS=90/90,Prd=29ms,Tear=0,Early=0,Stale=0,VSnc=0,Lat=-1,Fov=0,CPU4/GPU=2/3,2419/490MHz,OC=FF,TA=0/70/0,SP=N/F/N,Mem=2092MHz,Free=8482MB,PLS=0,Temp=18.0C/0.0C,TW=2.08ms,App=5.42ms,GD=0.00ms,CPU&GPU=8.44ms,LCnt=2(DR0,LM0),GPU%=0.69,CPU%=0.13(W0.20),DSF=1.00,CFL=17.45/20.89
12-30 18:14:55.002  3134  5557 I VrApi   : FPS=90/90,Prd=29ms,Tear=0,Early=0,Stale=0,VSnc=0,Lat=-1,Fov=0,CPU4/GPU=2/3,2419/490MHz,OC=FF,TA=0/70/0,SP=N/F/N,Mem=2092MHz,Free=8482MB,PLS=0,Temp=18.0C/0.0C,TW=2.08ms,App=5.48ms,GD=0.00ms,CPU&GPU=8.55ms,LCnt=2(DR0,LM0),GPU%=0.70,CPU%=0.14(W0.20),DSF=1.00,CFL=17.59/21.30
12-30 18:14:56.007  3134  5557 I VrApi   : FPS=90/90,Prd=29ms,Tear=0,Early=0,Stale=0,VSnc=0,Lat=-1,Fov=0,CPU4/GPU=2/3,1171/490MHz,OC=FF,TA=0/70/0,SP=N/F/N,Mem=2092MHz,Free=8482MB,PLS=0,Temp=18.0C/0.0C,TW=2.06ms,App=5.47ms,GD=0.00ms,CPU&GPU=8.75ms,LCnt=2(DR0,LM0),GPU%=0.70,CPU%=0.26(W0.30),DSF=1.00,CFL=17.76/21.54
12-30 18:14:57.003  3134  5557 I VrApi   : FPS=89/90,Prd=29ms,Tear=0,Early=0,Stale=1,VSnc=0,Lat=-1,Fov=0,CPU4/GPU=2/3,1171/490MHz,OC=FF,TA=0/70/0,SP=N/F/N,Mem=2092MHz,Free=8482MB,PLS=0,Temp=18.0C/0.0C,TW=1.96ms,App=5.13ms,GD=0.00ms,CPU&GPU=8.67ms,LCnt=2(DR0,LM0),GPU%=0.66,CPU%=0.19(W0.30),DSF=1.00,CFL=17.47/21.47
12-30 18:14:58.002  3134  5557 I VrApi   : FPS=88/90,Prd=28ms,Tear=0,Early=0,Stale=0,VSnc=0,Lat=-1,Fov=0,CPU4/GPU=2/3,1171/490MHz,OC=FF,TA=0/70/0,SP=N/F/N,Mem=2092MHz,Free=8482MB,PLS=0,Temp=18.0C/0.0C,TW=1.97ms,App=5.15ms,GD=0.00ms,CPU&GPU=8.71ms,LCnt=2(DR0,LM0),GPU%=0.66,CPU%=0.21(W0.26),DSF=1.00,CFL=17.59/21.00
12-30 18:14:59.004  3134  5557 I VrApi   : FPS=90/90,Prd=28ms,Tear=0,Early=0,Stale=2,VSnc=0,Lat=-1,Fov=0,CPU4/GPU=2/3,1171/490MHz,OC=FF,TA=0/70/0,SP=N/F/N,Mem=2092MHz,Free=8482MB,PLS=0,Temp=18.0C/0.0C,TW=1.98ms,App=5.32ms,GD=0.00ms,CPU&GPU=8.67ms,LCnt=2(DR0,LM0),GPU%=0.67,CPU%=0.18(W0.29),DSF=1.00,CFL=17.44/21.32
12-30 18:15:00.003  3134  5557 I VrApi   : FPS=90/90,Prd=28ms,Tear=0,Early=0,Stale=0,VSnc=0,Lat=-1,Fov=0,CPU4/GPU=2/3,1171/490MHz,OC=FF,TA=0/70/0,SP=N/F/N,Mem=2092MHz,Free=8482MB,PLS=0,Temp=18.0C/0.0C,TW=1.97ms,App=5.26ms,GD=0.00ms,CPU&GPU=8.95ms,LCnt=2(DR0,LM0),GPU%=0.67,CPU%=0.16(W0.26),DSF=1.00,CFL=17.59/20.95
12-30 18:15:01.003  3134  5557 I VrApi   : FPS=90/90,Prd=28ms,Tear=0,Early=0,Stale=0,VSnc=0,Lat=-1,Fov=0,CPU4/GPU=2/3,1171/490MHz,OC=FF,TA=0/70/0,SP=N/F/N,Mem=2092MHz,Free=8482MB,PLS=0,Temp=18.0C/0.0C,TW=1.96ms,App=5.37ms,GD=0.00ms,CPU&GPU=8.67ms,LCnt=2(DR0,LM0),GPU%=0.68,CPU%=0.19(W0.29),DSF=1.00,CFL=17.53/21.22
12-30 18:15:02.003  3134  5557 I VrApi   : FPS=90/90,Prd=28ms,Tear=0,Early=0,Stale=0,VSnc=0,Lat=-1,Fov=0,CPU4/GPU=2/3,1171/490MHz,OC=FF,TA=0/70/0,SP=N/F/N,Mem=2092MHz,Free=8482MB,PLS=0,Temp=18.0C/0.0C,TW=1.96ms,App=5.42ms,GD=0.00ms,CPU&GPU=8.64ms,LCnt=2(DR0,LM0),GPU%=0.69,CPU%=0.23(W0.24),DSF=1.00,CFL=17.55/20.92
12-30 18:15:03.003  3134  5557 I VrApi   : FPS=90/90,Prd=28ms,Tear=0,Early=0,Stale=0,VSnc=0,Lat=-1,Fov=0,CPU4/GPU=2/3,1171/490MHz,OC=FF,TA=0/70/0,SP=N/F/N,Mem=2092MHz,Free=8482MB,PLS=0,Temp=18.0C/0.0C,TW=1.97ms,App=5.50ms,GD=0.00ms,CPU&GPU=8.80ms,LCnt=2(DR0,LM0),GPU%=0.70,CPU%=0.22(W0.25),DSF=1.00,CFL=17.58/21.46
12-30 18:15:04.003  3134  5557 I VrApi   : FPS=90/90,Prd=28ms,Tear=0,Early=0,Stale=0,VSnc=0,Lat=-1,Fov=0,CPU4/GPU=2/3,1171/490MHz,OC=FF,TA=0/70/0,SP=N/F/N,Mem=2092MHz,Free=8482MB,PLS=0,Temp=18.0C/0.0C,TW=2.00ms,App=5.62ms,GD=0.00ms,CPU&GPU=8.94ms,LCnt=2(DR0,LM0),GPU%=0.71,CPU%=0.17(W0.21),DSF=1.00,CFL=17.62/21.11
12-30 18:15:05.006  3134  5557 I VrApi   : FPS=90/90,Prd=29ms,Tear=0,Early=0,Stale=0,VSnc=0,Lat=-1,Fov=0,CPU4/GPU=2/3,1171/490MHz,OC=FF,TA=0/70/0,SP=N/F/N,Mem=1555MHz,Free=8482MB,PLS=0,Temp=18.0C/0.0C,TW=1.96ms,App=5.43ms,GD=0.00ms,CPU&GPU=9.17ms,LCnt=2(DR0,LM0),GPU%=0.69,CPU%=0.19(W0.29),DSF=1.00,CFL=17.50/21.26
12-30 18:15:06.003  3134  5557 I VrApi   : FPS=90/90,Prd=28ms,Tear=0,Early=0,Stale=0,VSnc=0,Lat=-1,Fov=0,CPU4/GPU=2/3,1171/490MHz,OC=FF,TA=0/70/0,SP=N/F/N,Mem=1555MHz,Free=8482MB,PLS=0,Temp=18.0C/0.0C,TW=1.96ms,App=5.42ms,GD=0.00ms,CPU&GPU=8.70ms,LCnt=2(DR0,LM0),GPU%=0.69,CPU%=0.24(W0.29),DSF=1.00,CFL=17.53/21.15
12-30 18:15:07.003  3134  5557 I VrApi   : FPS=90/90,Prd=28ms,Tear=0,Early=0,Stale=0,VSnc=0,Lat=-1,Fov=0,CPU4/GPU=2/3,1171/490MHz,OC=FF,TA=0/70/0,SP=N/F/N,Mem=2092MHz,Free=8482MB,PLS=0,Temp=18.0C/0.0C,TW=1.97ms,App=5.68ms,GD=0.00ms,CPU&GPU=8.84ms,LCnt=2(DR0,LM0),GPU%=0.71,CPU%=0.18(W0.21),DSF=1.00,CFL=17.59/21.29
12-30 18:15:08.005  3134  5557 I VrApi   : FPS=90/90,Prd=28ms,Tear=0,Early=0,Stale=0,VSnc=0,Lat=-1,Fov=0,CPU4/GPU=2/3,1171/490MHz,OC=FF,TA=0/70/0,SP=N/F/N,Mem=2092MHz,Free=8482MB,PLS=0,Temp=18.0C/0.0C,TW=1.97ms,App=5.61ms,GD=0.00ms,CPU&GPU=9.07ms,LCnt=2(DR0,LM0),GPU%=0.69,CPU%=0.19(W0.26),DSF=1.00,CFL=17.56/21.15
12-30 18:15:09.004  3134  5557 I VrApi   : FPS=90/90,Prd=28ms,Tear=0,Early=0,Stale=0,VSnc=0,Lat=-1,Fov=0,CPU4/GPU=2/3,1171/490MHz,OC=FF,TA=0/70/0,SP=N/F/N,Mem=2092MHz,Free=8482MB,PLS=0,Temp=18.0C/0.0C,TW=1.96ms,App=5.67ms,GD=0.00ms,CPU&GPU=8.93ms,LCnt=2(DR0,LM0),GPU%=0.70,CPU%=0.20(W0.25),DSF=1.00,CFL=17.49/21.29
12-30 18:15:10.004  3134  5557 I VrApi   : FPS=90/90,Prd=28ms,Tear=0,Early=0,Stale=0,VSnc=0,Lat=-1,Fov=0,CPU4/GPU=2/3,1171/490MHz,OC=FF,TA=0/70/0,SP=N/F/N,Mem=2092MHz,Free=8482MB,PLS=0,Temp=18.0C/0.0C,TW=1.96ms,App=5.24ms,GD=0.00ms,CPU&GPU=8.82ms,LCnt=2(DR0,LM0),GPU%=0.68,CPU%=0.21(W0.26),DSF=1.00,CFL=17.56/21.16
12-30 18:15:11.005  3134  5557 I VrApi   : FPS=81/90,Prd=28ms,Tear=0,Early=0,Stale=0,VSnc=0,Lat=-1,Fov=0,CPU4/GPU=2/3,2419/490MHz,OC=FF,TA=0/70/0,SP=N/F/N,Mem=2092MHz,Free=8482MB,PLS=0,Temp=18.0C/0.0C,TW=2.52ms,App=4.94ms,GD=0.00ms,CPU&GPU=8.90ms,LCnt=2(DR0,LM0),GPU%=0.72,CPU%=0.21(W0.25),DSF=1.00,CFL=17.57/20.67
12-30 18:15:12.009  3134  5557 I VrApi   : FPS=91/90,Prd=32ms,Tear=0,Early=43,Stale=9,VSnc=0,Lat=-1,Fov=0,CPU4/GPU=2/3,2419/490MHz,OC=FF,TA=0/70/0,SP=N/F/N,Mem=2092MHz,Free=8451MB,PLS=0,Temp=18.0C/0.0C,TW=2.32ms,App=4.14ms,GD=0.00ms,CPU&GPU=5.86ms,LCnt=4(DR0,LM0),GPU%=0.71,CPU%=0.25(W0.32),DSF=1.00,CFL=17.56/21.22
12-30 18:15:13.005  3134  5557 I VrApi   : FPS=89/90,Prd=31ms,Tear=0,Early=33,Stale=1,VSnc=0,Lat=-1,Fov=0,CPU4/GPU=2/3,2419/490MHz,OC=FF,TA=0/70/0,SP=N/F/N,Mem=2092MHz,Free=8451MB,PLS=0,Temp=18.0C/0.0C,TW=2.42ms,App=4.90ms,GD=0.00ms,CPU&GPU=7.73ms,LCnt=2(DR0,LM0),GPU%=0.66,CPU%=0.18(W0.25),DSF=1.00,CFL=17.53/20.72
12-30 18:15:14.007  3134  5557 I VrApi   : FPS=90/90,Prd=31ms,Tear=0,Early=0,Stale=0,VSnc=0,Lat=-1,Fov=0,CPU4/GPU=2/3,2419/490MHz,OC=FF,TA=0/70/0,SP=N/F/N,Mem=2092MHz,Free=8451MB,PLS=0,Temp=18.0C/0.0C,TW=2.46ms,App=4.39ms,GD=0.00ms,CPU&GPU=8.71ms,LCnt=4(DR0,LM0),GPU%=0.69,CPU%=0.24(W0.24),DSF=1.00,CFL=17.41/21.86
12-30 18:15:15.004  3134  5557 I VrApi   : FPS=90/90,Prd=31ms,Tear=0,Early=0,Stale=0,VSnc=0,Lat=-1,Fov=0,CPU4/GPU=2/3,2419/490MHz,OC=FF,TA=0/70/0,SP=N/F/N,Mem=2092MHz,Free=8451MB,PLS=0,Temp=18.0C/0.0C,TW=2.25ms,App=4.52ms,GD=0.00ms,CPU&GPU=8.77ms,LCnt=4(DR0,LM0),GPU%=0.69,CPU%=0.18(W0.25),DSF=1.00,CFL=17.62/21.41
12-30 18:15:16.005  3134  5557 I VrApi   : FPS=90/90,Prd=30ms,Tear=0,Early=0,Stale=0,VSnc=0,Lat=-1,Fov=0,CPU4/GPU=2/3,2419/490MHz,OC=FF,TA=0/70/0,SP=N/F/N,Mem=2092MHz,Free=8451MB,PLS=0,Temp=18.0C/0.0C,TW=2.00ms,App=5.04ms,GD=0.00ms,CPU&GPU=7.97ms,LCnt=4(DR0,LM0),GPU%=0.62,CPU%=0.18(W0.30),DSF=1.00,CFL=17.48/21.19
12-30 18:15:17.007  3134  5557 I VrApi   : FPS=87/90,Prd=29ms,Tear=0,Early=0,Stale=3,VSnc=0,Lat=-1,Fov=0,CPU4/GPU=2/3,2419/490MHz,OC=FF,TA=0/70/0,SP=N/F/N,Mem=2092MHz,Free=8451MB,PLS=0,Temp=18.0C/0.0C,TW=2.51ms,App=5.09ms,GD=0.00ms,CPU&GPU=8.69ms,LCnt=4(DR0,LM0),GPU%=0.70,CPU%=0.22(W0.27),DSF=1.00,CFL=17.74/20.76
12-30 18:15:18.005  3134  5557 I VrApi   : FPS=90/90,Prd=29ms,Tear=0,Early=0,Stale=0,VSnc=0,Lat=-1,Fov=0,CPU4/GPU=2/3,2419/490MHz,OC=FF,TA=0/70/0,SP=N/F/N,Mem=2092MHz,Free=8451MB,PLS=0,Temp=18.0C/0.0C,TW=2.46ms,App=5.21ms,GD=0.00ms,CPU&GPU=8.85ms,LCnt=4(DR0,LM0),GPU%=0.71,CPU%=0.20(W0.21),DSF=1.00,CFL=17.69/21.07
12-30 18:15:19.004  3134  5557 I VrApi   : FPS=89/90,Prd=29ms,Tear=0,Early=0,Stale=0,VSnc=0,Lat=-1,Fov=0,CPU4/GPU=2/3,2419/490MHz,OC=FF,TA=0/70/0,SP=N/F/N,Mem=2092MHz,Free=8451MB,PLS=0,Temp=18.0C/0.0C,TW=2.58ms,App=5.21ms,GD=0.00ms,CPU&GPU=9.00ms,LCnt=4(DR0,LM0),GPU%=0.72,CPU%=0.15(W0.20),DSF=1.00,CFL=17.65/20.79
12-30 18:15:20.004  3134  5557 I VrApi   : FPS=90/90,Prd=29ms,Tear=0,Early=0,Stale=1,VSnc=0,Lat=-1,Fov=0,CPU4/GPU=2/3,2419/490MHz,OC=FF,TA=0/70/0,SP=N/F/N,Mem=2092MHz,Free=8451MB,PLS=0,Temp=18.0C/0.0C,TW=2.53ms,App=5.38ms,GD=0.00ms,CPU&GPU=9.06ms,LCnt=5(DR0,LM0),GPU%=0.73,CPU%=0.18(W0.24),DSF=1.00,CFL=17.50/21.27
12-30 18:15:21.004  3134  5557 I VrApi   : FPS=89/90,Prd=29ms,Tear=0,Early=0,Stale=1,VSnc=0,Lat=-1,Fov=0,CPU4/GPU=2/3,2419/490MHz,OC=FF,TA=0/70/0,SP=N/F/N,Mem=2092MHz,Free=8451MB,PLS=0,Temp=18.0C/0.0C,TW=2.08ms,App=5.53ms,GD=0.00ms,CPU&GPU=8.76ms,LCnt=3(DR0,LM0),GPU%=0.71,CPU%=0.17(W0.25),DSF=1.00,CFL=17.62/21.77
12-30 18:15:22.004  3134  5557 I VrApi   : FPS=90/90,Prd=28ms,Tear=0,Early=0,Stale=0,VSnc=0,Lat=-1,Fov=0,CPU4/GPU=2/3,2419/490MHz,OC=FF,TA=0/70/0,SP=N/F/N,Mem=2092MHz,Free=8451MB,PLS=0,Temp=18.0C/0.0C,TW=2.07ms,App=5.45ms,GD=0.00ms,CPU&GPU=8.77ms,LCnt=2(DR0,LM0),GPU%=0.70,CPU%=0.14(W0.17),DSF=1.00,CFL=17.50/21.08
12-30 18:15:23.005  3134  5557 I VrApi   : FPS=90/90,Prd=28ms,Tear=0,Early=0,Stale=0,VSnc=0,Lat=-1,Fov=0,CPU4/GPU=2/3,2419/490MHz,OC=FF,TA=0/70/0,SP=N/F/N,Mem=2092MHz,Free=8451MB,PLS=0,Temp=18.0C/0.0C,TW=2.07ms,App=5.53ms,GD=0.00ms,CPU&GPU=8.73ms,LCnt=2(DR0,LM0),GPU%=0.71,CPU%=0.16(W0.27),DSF=1.00,CFL=17.62/20.82
12-30 18:15:24.005  3134  5557 I VrApi   : FPS=90/90,Prd=28ms,Tear=0,Early=0,Stale=0,VSnc=0,Lat=-1,Fov=0,CPU4/GPU=2/3,2419/490MHz,OC=FF,TA=0/70/0,SP=N/F/N,Mem=2092MHz,Free=8451MB,PLS=0,Temp=18.0C/0.0C,TW=2.08ms,App=5.60ms,GD=0.00ms,CPU&GPU=8.68ms,LCnt=2(DR0,LM0),GPU%=0.71,CPU%=0.12(W0.24),DSF=1.00,CFL=17.53/21.00
12-30 18:15:25.005  3134  5557 I VrApi   : FPS=90/90,Prd=28ms,Tear=0,Early=0,Stale=0,VSnc=0,Lat=-1,Fov=0,CPU4/GPU=2/3,1171/490MHz,OC=FF,TA=0/70/0,SP=N/F/N,Mem=2092MHz,Free=8451MB,PLS=0,Temp=18.0C/0.0C,TW=2.31ms,App=5.69ms,GD=0.00ms,CPU&GPU=8.74ms,LCnt=2(DR0,LM0),GPU%=0.74,CPU%=0.23(W0.26),DSF=1.00,CFL=17.61/21.81
12-30 18:15:25.635  3134  3166 D VrApi   : targetSDKVersion 29
12-30 18:15:25.647  3134  5557 I VrApi   : FPS=90/90,Prd=28ms,Tear=0,Early=0,Stale=0,VSnc=0,Lat=-1,Fov=0,CPU4/GPU=2/3,2419/490MHz,OC=FF,TA=0/70/0,SP=N/F/N,Mem=2092MHz,Free=8451MB,PLS=0,Temp=18.0C/0.0C,TW=2.31ms,App=5.69ms,GD=0.00ms,CPU&GPU=8.74ms,LCnt=2(DR0,LM0),GPU%=0.74,CPU%=0.23(W0.26),DSF=1.00,CFL=17.61/21.81
12-30 18:15:25.648  3134  3166 I VrApi   : OVR::Stats thread stopped
12-30 18:15:26.457  3167  3283 D VrApi   : targetSDKVersion 29
12-30 18:15:26.528  3167  3283 I VrApi   : OVR::Stats thread stopped
12-30 18:15:27.055  6397  6428 I VrApi   : ----------- vrapi_Initialize [start] ----------
12-30 18:15:27.067  6397  6428 I VrApi   : Client type: 0 flags: 0x0 placement: 0
12-30 18:15:27.703  6397  6428 I VrApi   : vrapi_Initialize: Connected to VrRuntimeService after 0.635989s
12-30 18:15:27.752  6397  6428 I VrApi   : SkipPushFinalBlack=1
12-30 18:15:27.752  6397  6428 D VrApi   : isActivityFocusAware context = com.unity3d.player.UnityPlayerActivity@3e4f2b5
12-30 18:15:27.752  6397  6428 D VrApi   : isSystemApp = false for com.beatgames.beatsaber
12-30 18:15:27.752  6397  6428 I VrApi   : isActivityFocusAware = 1
12-30 18:15:27.774  6397  6428 I VrApi   : ----------- vrapi_Initialize [end] ----------
12-30 18:15:27.774  6397  6428 I VrApi   : ------------ vrapi_Shutdown [start] -----------
12-30 18:15:27.774  6397  6428 W VrApi   : IsOvrValid: ovr == nullptr. Package: com.beatgames.beatsaber
12-30 18:15:27.777  6397  6428 I VrApi   : ------------ vrapi_Shutdown [end] -----------
12-30 18:15:27.783  6397  6428 I VrApi   : ----------- vrapi_Initialize [start] ----------
12-30 18:15:28.791  6397  6428 I VrApi   : Client type: 0 flags: 0x0 placement: 0
12-30 18:15:29.108  6397  6428 I VrApi   : vrapi_Initialize: Connected to VrRuntimeService after 0.316263s
12-30 18:15:29.138  6397  6428 I VrApi   : SkipPushFinalBlack=1
12-30 18:15:29.138  6397  6428 D VrApi   : isActivityFocusAware context = com.unity3d.player.UnityPlayerActivity@3e4f2b5
12-30 18:15:29.139  6397  6428 D VrApi   : isSystemApp = false for com.beatgames.beatsaber
12-30 18:15:29.139  6397  6428 I VrApi   : isActivityFocusAware = 1
12-30 18:15:29.151  6397  6428 I VrApi   : ----------- vrapi_Initialize [end] ----------
12-30 18:15:29.153  6397  6428 W VrApi   : vrapi_LocateTrackingSpace: ovr == NULL
12-30 18:15:29.155  6397  6478 I VrApi   : ---------- vrapi_EnterVrMode [start] ----------
12-30 18:15:29.156  6397  6478 D VrApi   : targetSDKVersion 29
12-30 18:15:29.169  6397  6478 I VrApi   : ovrModeParms::VRAPI_MODE_FLAG_RESET_WINDOW_FULLSCREEN = 1
12-30 18:15:29.169  6397  6478 I VrApi   : ovrModeParms::VRAPI_MODE_FLAG_NATIVE_WINDOW = 1
12-30 18:15:29.169  6397  6478 I VrApi   : ovrModeParms::VRAPI_MODE_FLAG_FRONT_BUFFER_SRGB = 1
12-30 18:15:29.169  6397  6478 I VrApi   : ovrModeParms::VRAPI_MODE_FLAG_PHASE_SYNC = 0
12-30 18:15:29.169  6397  6478 I VrApi   : ovrModeParms::VRAPI_MODE_FLAG_APP_SPACE_WARP = 0
12-30 18:15:29.169  6397  6478 I VrApi   : PhaseSync disabled
12-30 18:15:29.169  6397  6478 I VrApi   : HMD sensor attached.
12-30 18:15:29.176  6397  6478 I VrApi   : Creating Default swapchain
12-30 18:15:29.176  6397  6478 I VrApi   : Creating Loading Icon swapchain
12-30 18:15:29.176  6397  6478 I VrApi   : OVR::Stats thread started
12-30 18:15:29.176  6397  6478 I VrApi   : Initial BaseVsync 26281 
12-30 18:15:29.176  6397  6478 I VrApi   : ---------- vrapi_EnterVrMode [end] ----------
12-30 18:15:29.177  6397  6565 D VrApi   : targetSDKVersion 29
12-30 18:15:30.508  6397  6478 W VrApi   : Time to first swap: 3.458 seconds
12-30 18:15:31.009  6397  6565 I VrApi   : FPS=1/72,Prd=0ms,Tear=0,Early=0,Stale=83,VSnc=0,Lat=1,Fov=0,CPU4/GPU=4/4,2419/525MHz,OC=FF,TA=0/0/0,SP=N/N/N,Mem=2092MHz,Free=7650MB,PLS=0,Temp=18.0C/0.0C,TW=1.26ms,App=0.40ms,GD=0.00ms,CPU&GPU=0.00ms,LCnt=2(DR0,LM0),GPU%=0.13,CPU%=0.56(W0.61),DSF=1.00,CFL=17.68/21.73
12-30 18:15:31.782  6397  6428 I VrApi   : vrapi_SetDisplayRefreshRate: display refresh rate supported 90.000000
12-30 18:15:32.002  6397  6565 I VrApi   : FPS=47/90,Prd=45ms,Tear=0,Early=37,Stale=45,VSnc=1,Lat=1,Fov=0,CPU4/GPU=4/4,2419/525MHz,OC=FF,TA=0/0/0,SP=N/N/N,Mem=2092MHz,Free=7650MB,PLS=0,Temp=18.0C/0.0C,TW=0.64ms,App=0.40ms,GD=0.00ms,CPU&GPU=1.23ms,LCnt=2(DR0,LM0),GPU%=0.07,CPU%=0.41(W0.77),DSF=1.00,CFL=6.67/21.29
12-30 18:15:33.002  6397  6565 I VrApi   : FPS=76/90,Prd=42ms,Tear=0,Early=31,Stale=45,VSnc=1,Lat=1,Fov=0,CPU4/GPU=4/4,2419/525MHz,OC=FF,TA=0/0/0,SP=N/N/N,Mem=2092MHz,Free=7650MB,PLS=0,Temp=18.0C/0.0C,TW=1.05ms,App=4.06ms,GD=0.00ms,CPU&GPU=6.95ms,LCnt=1(DR41,LM0),GPU%=0.48,CPU%=0.09(W0.11),DSF=1.00,CFL=15.38/29.30
12-30 18:15:34.002  6397  6565 I VrApi   : FPS=90/90,Prd=42ms,Tear=0,Early=90,Stale=0,VSnc=1,Lat=1,Fov=0,CPU4/GPU=4/4,2419/525MHz,OC=FF,TA=0/0/0,SP=N/N/N,Mem=2092MHz,Free=7650MB,PLS=0,Temp=18.0C/0.0C,TW=1.06ms,App=4.06ms,GD=0.00ms,CPU&GPU=5.98ms,LCnt=1(DR90,LM0),GPU%=0.48,CPU%=0.14(W0.23),DSF=1.00,CFL=17.47/21.23
12-30 18:15:35.002  6397  6565 I VrApi   : FPS=90/90,Prd=42ms,Tear=0,Early=90,Stale=0,VSnc=1,Lat=1,Fov=0,CPU4/GPU=4/4,1478/525MHz,OC=FF,TA=0/0/0,SP=N/N/N,Mem=2092MHz,Free=7650MB,PLS=0,Temp=18.0C/0.0C,TW=1.08ms,App=4.04ms,GD=0.00ms,CPU&GPU=6.23ms,LCnt=1(DR90,LM0),GPU%=0.49,CPU%=0.16(W0.24),DSF=1.00,CFL=17.57/21.14
12-30 18:15:35.999  6397  6428 I VrApi   : vrapi_SetDisplayRefreshRate: display refresh rate supported 90.000000
12-30 18:15:36.002  6397  6565 I VrApi   : FPS=89/90,Prd=42ms,Tear=0,Early=90,Stale=0,VSnc=1,Lat=1,Fov=0,CPU4/GPU=4/4,1478/525MHz,OC=FF,TA=0/0/0,SP=N/N/N,Mem=2092MHz,Free=7650MB,PLS=0,Temp=18.0C/0.0C,TW=0.64ms,App=0.69ms,GD=0.00ms,CPU&GPU=7.05ms,LCnt=1(DR90,LM0),GPU%=0.14,CPU%=0.34(W0.76),DSF=1.00,CFL=17.63/21.72
