12-30 18:38:33.021 11923 12292 I VrApi   : FPS=72/72,Prd=0ms,Tear=0,Early=0,Stale=72,VSnc=1,Lat=0,Fov=0,CPU4/GPU=3/3,1382/490MHz,OC=FF,TA=0/70/0,SP=N/F/N,Mem=2092MHz,Free=7299MB,PLS=0,Temp=18.7C/0.0C,TW=3.93ms,App=1.44ms,GD=0.00ms,CPU&GPU=13.88ms,LCnt=1(DR72,LM0),GPU%=0.41,CPU%=0.12(W0.20),DSF=1.00,CFL=18.20/22.58
12-30 18:38:34.021 11923 12292 I VrApi   : FPS=73/72,Prd=0ms,Tear=0,Early=0,Stale=14,VSnc=1,Lat=0,Fov=0,CPU4/GPU=3/3,1382/490MHz,OC=FF,TA=0/70/0,SP=N/F/N,Mem=2092MHz,Free=7299MB,PLS=0,Temp=18.7C/0.0C,TW=3.93ms,App=1.30ms,GD=0.00ms,CPU&GPU=13.88ms,LCnt=1(DR72,LM0),GPU%=0.40,CPU%=0.16(W0.23),DSF=1.00,CFL=18.34/22.28
12-30 18:38:35.021 11923 12292 I VrApi   : FPS=72/72,Prd=0ms,Tear=0,Early=0,Stale=0,VSnc=1,Lat=0,Fov=0,CPU4/GPU=3/3,1382/490MHz,OC=FF,TA=0/70/0,SP=N/F/N,Mem=2092MHz,Free=7299MB,PLS=0,Temp=18.7C/0.0C,TW=3.92ms,App=1.26ms,GD=0.00ms,CPU&GPU=13.88ms,LCnt=1(DR72,LM0),GPU%=0.40,CPU%=0.24(W0.32),DSF=1.00,CFL=18.39/22.38
12-30 18:38:36.022 11923 12292 I VrApi   : FPS=73/72,Prd=0ms,Tear=0,Early=0,Stale=0,VSnc=1,Lat=0,Fov=0,CPU4/GPU=2/3,1171/490MHz,OC=FF,TA=0/70/0,SP=N/F/N,Mem=2092MHz,Free=7299MB,PLS=0,Temp=19.0C/0.0C,TW=3.93ms,App=1.45ms,GD=0.00ms,CPU&GPU=13.87ms,LCnt=1(DR72,LM0),GPU%=0.41,CPU%=0.28(W0.32),DSF=1.00,CFL=18.08/22.35
12-30 18:38:37.022 11923 12292 I VrApi   : FPS=73/72,Prd=0ms,Tear=0,Early=0,Stale=13,VSnc=1,Lat=0,Fov=0,CPU4/GPU=3/3,1382/490MHz,OC=FF,TA=0/70/0,SP=N/F/N,Mem=2092MHz,Free=7299MB,PLS=0,Temp=19.0C/0.0C,TW=3.92ms,App=1.67ms,GD=0.00ms,CPU&GPU=13.88ms,LCnt=1(DR72,LM0),GPU%=0.43,CPU%=0.27(W0.33),DSF=1.00,CFL=18.29/22.88
12-30 18:38:38.021 11923 12292 I VrApi   : FPS=73/72,Prd=0ms,Tear=0,Early=0,Stale=72,VSnc=1,Lat=0,Fov=0,CPU4/GPU=3/3,1382/490MHz,OC=FF,TA=0/70/0,SP=N/F/N,Mem=2092MHz,Free=7299MB,PLS=0,Temp=19.0C/0.0C,TW=3.93ms,App=1.64ms,GD=0.00ms,CPU&GPU=13.87ms,LCnt=1(DR72,LM0),GPU%=0.43,CPU%=0.17(W0.20),DSF=1.00,CFL=18.21/22.12
12-30 18:38:39.022 11923 12292 I VrApi   : FPS=72/72,Prd=0ms,Tear=0,Early=0,Stale=72,VSnc=1,Lat=0,Fov=0,CPU4/GPU=3/3,1382/490MHz,OC=FF,TA=0/70/0,SP=N/F/N,Mem=2092MHz,Free=7299MB,PLS=0,Temp=19.0C/0.0C,TW=3.94ms,App=1.45ms,GD=0.00ms,CPU&GPU=13.87ms,LCnt=1(DR72,LM0),GPU%=0.40,CPU%=0.12(W0.15),DSF=1.00,CFL=18.25/22.68
12-30 18:38:40.021 11923 12292 I VrApi   : FPS=73/72,Prd=0ms,Tear=0,Early=0,Stale=25,VSnc=1,Lat=0,Fov=0,CPU4/GPU=3/3,1382/490MHz,OC=FF,TA=0/70/0,SP=N/F/N,Mem=2092MHz,Free=7299MB,PLS=0,Temp=19.0C/0.0C,TW=3.93ms,App=1.28ms,GD=0.00ms,CPU&GPU=13.88ms,LCnt=1(DR72,LM0),GPU%=0.40,CPU%=0.14(W0.23),DSF=1.00,CFL=18.23/21.92
12-30 18:38:41.022 11923 12292 I VrApi   : FPS=73/72,Prd=0ms,Tear=0,Early=0,Stale=0,VSnc=1,Lat=0,Fov=0,CPU4/GPU=3/3,1382/490MHz,OC=FF,TA=0/70/0,SP=N/F/N,Mem=2092MHz,Free=7299MB,PLS=0,Temp=19.0C/0.0C,TW=3.93ms,App=1.25ms,GD=0.00ms,CPU&GPU=13.88ms,LCnt=1(DR72,LM0),GPU%=0.40,CPU%=0.16(W0.24),DSF=1.00,CFL=18.24/21.79
12-30 18:38:42.022 11923 12292 I VrApi   : FPS=72/72,Prd=0ms,Tear=0,Early=0,Stale=0,VSnc=1,Lat=0,Fov=0,CPU4/GPU=2/3,1171/490MHz,OC=FF,TA=0/70/0,SP=N/F/N,Mem=2092MHz,Free=7299MB,PLS=0,Temp=19.0C/0.0C,TW=3.93ms,App=1.53ms,GD=0.00ms,CPU&GPU=13.87ms,LCnt=1(DR71,LM0),GPU%=0.41,CPU%=0.12(W0.15),DSF=1.00,CFL=18.19/22.41
12-30 18:38:43.022 11923 12292 I VrApi   : FPS=73/72,Prd=0ms,Tear=0,Early=0,Stale=2,VSnc=1,Lat=0,Fov=0,CPU4/GPU=3/3,1382/490MHz,OC=FF,TA=0/70/0,SP=N/F/N,Mem=2092MHz,Free=7299MB,PLS=0,Temp=19.0C/0.0C,TW=3.92ms,App=1.64ms,GD=0.00ms,CPU&GPU=13.87ms,LCnt=1(DR72,LM0),GPU%=0.43,CPU%=0.22(W0.30),DSF=1.00,CFL=18.31/21.84
12-30 18:38:44.027 11923 12292 I VrApi   : FPS=73/72,Prd=0ms,Tear=0,Early=0,Stale=72,VSnc=1,Lat=0,Fov=0,CPU4/GPU=3/3,1382/490MHz,OC=FF,TA=0/70/0,SP=N/F/N,Mem=2092MHz,Free=7304MB,PLS=0,Temp=19.0C/0.0C,TW=3.92ms,App=1.61ms,GD=0.00ms,CPU&GPU=13.87ms,LCnt=1(DR72,LM0),GPU%=0.42,CPU%=0.23(W0.27),DSF=1.00,CFL=18.24/22.09
12-30 18:38:45.022 11923 12292 I VrApi   : FPS=73/72,Prd=0ms,Tear=0,Early=0,Stale=72,VSnc=1,Lat=0,Fov=0,CPU4/GPU=3/3,1382/490MHz,OC=FF,TA=0/70/0,SP=N/F/N,Mem=2092MHz,Free=7304MB,PLS=0,Temp=19.0C/0.0C,TW=3.93ms,App=1.63ms,GD=0.00ms,CPU&GPU=13.87ms,LCnt=1(DR72,LM0),GPU%=0.41,CPU%=0.17(W0.27),DSF=1.00,CFL=18.38/21.92
12-30 18:38:46.022 11923 12292 I VrApi   : FPS=72/72,Prd=0ms,Tear=0,Early=0,Stale=34,VSnc=1,Lat=0,Fov=0,CPU4/GPU=3/3,1382/490MHz,OC=FF,TA=0/70/0,SP=N/F/N,Mem=2092MHz,Free=7304MB,PLS=0,Temp=19.0C/0.0C,TW=3.95ms,App=1.35ms,GD=0.00ms,CPU&GPU=13.88ms,LCnt=1(DR72,LM0),GPU%=0.40,CPU%=0.15(W0.25),DSF=1.00,CFL=18.45/22.12
12-30 18:38:47.022 11923 12292 I VrApi   : FPS=72/72,Prd=0ms,Tear=0,Early=0,Stale=0,VSnc=1,Lat=0,Fov=0,CPU4/GPU=3/3,1382/490MHz,OC=FF,TA=0/70/0,SP=N/F/N,Mem=2092MHz,Free=7304MB,PLS=0,Temp=19.0C/0.0C,TW=3.92ms,App=1.19ms,GD=0.00ms,CPU&GPU=13.88ms,LCnt=1(DR72,LM0),GPU%=0.40,CPU%=0.14(W0.16),DSF=1.00,CFL=18.13/22.05
12-30 18:38:48.023 11923 12292 I VrApi   : FPS=73/72,Prd=0ms,Tear=0,Early=0,Stale=0,VSnc=1,Lat=0,Fov=0,CPU4/GPU=2/2,1171/441MHz,OC=FF,TA=0/70/0,SP=N/F/N,Mem=2092MHz,Free=7304MB,PLS=0,Temp=19.0C/0.0C,TW=4.35ms,App=1.38ms,GD=0.00ms,CPU&GPU=13.88ms,LCnt=1(DR72,LM0),GPU%=0.44,CPU%=0.16(W0.38),DSF=1.00,CFL=18.21/21.86
12-30 18:38:49.022 11923 12292 I VrApi   : FPS=72/72,Prd=0ms,Tear=0,Early=0,Stale=0,VSnc=1,Lat=0,Fov=0,CPU4/GPU=2/2,1171/441MHz,OC=FF,TA=0/70/0,SP=N/F/N,Mem=2092MHz,Free=7304MB,PLS=0,Temp=19.0C/0.0C,TW=4.35ms,App=1.60ms,GD=0.00ms,CPU&GPU=13.88ms,LCnt=1(DR72,LM0),GPU%=0.44,CPU%=0.14(W0.19),DSF=1.00,CFL=18.25/21.88
12-30 18:38:50.023 11923 12292 I VrApi   : FPS=73/72,Prd=0ms,Tear=0,Early=0,Stale=63,VSnc=1,Lat=0,Fov=0,CPU4/GPU=3/3,1382/490MHz,OC=FF,TA=0/70/0,SP=N/F/N,Mem=2092MHz,Free=7304MB,PLS=0,Temp=19.0C/0.0C,TW=3.92ms,App=1.52ms,GD=0.00ms,CPU&GPU=13.88ms,LCnt=1(DR72,LM0),GPU%=0.41,CPU%=0.17(W0.20),DSF=1.00,CFL=18.25/22.24
12-30 18:38:51.022 11923 12292 I VrApi   : FPS=73/72,Prd=0ms,Tear=0,Early=0,Stale=72,VSnc=1,Lat=0,Fov=0,CPU4/GPU=3/3,1382/490MHz,OC=FF,TA=0/70/0,SP=N/F/N,Mem=2092MHz,Free=7304MB,PLS=0,Temp=19.0C/0.0C,TW=3.92ms,App=1.43ms,GD=0.00ms,CPU&GPU=13.88ms,LCnt=1(DR72,LM0),GPU%=0.40,CPU%=0.22(W0.26),DSF=1.00,CFL=18.23/22.52
12-30 18:38:52.022 11923 12292 I VrApi   : FPS=73/72,Prd=0ms,Tear=0,Early=0,Stale=46,VSnc=1,Lat=0,Fov=0,CPU4/GPU=3/3,1382/490MHz,OC=FF,TA=0/70/0,SP=N/F/N,Mem=2092MHz,Free=7304MB,PLS=0,Temp=19.0C/0.0C,TW=3.93ms,App=1.25ms,GD=0.00ms,CPU&GPU=13.88ms,LCnt=1(DR72,LM0),GPU%=0.39,CPU%=0.15(W0.23),DSF=1.00,CFL=18.17/22.32
12-30 18:38:53.022 11923 12292 I VrApi   : FPS=72/72,Prd=0ms,Tear=0,Early=0,Stale=0,VSnc=1,Lat=0,Fov=0,CPU4/GPU=3/3,1382/490MHz,OC=FF,TA=0/70/0,SP=N/F/N,Mem=2092MHz,Free=7304MB,PLS=0,Temp=19.0C/0.0C,TW=3.93ms,App=1.22ms,GD=0.00ms,CPU&GPU=13.88ms,LCnt=1(DR72,LM0),GPU%=0.39,CPU%=0.19(W0.23),DSF=1.00,CFL=18.22/22.28
12-30 18:38:54.023 11923 12292 I VrApi   : FPS=73/72,Prd=0ms,Tear=0,Early=0,Stale=0,VSnc=1,Lat=0,Fov=0,CPU4/GPU=2/3,1171/490MHz,OC=FF,TA=0/70/0,SP=N/F/N,Mem=2092MHz,Free=7304MB,PLS=0,Temp=19.0C/0.0C,TW=3.92ms,App=1.32ms,GD=0.00ms,CPU&GPU=13.88ms,LCnt=1(DR72,LM0),GPU%=0.40,CPU%=0.18(W0.26),DSF=1.00,CFL=18.25/22.20
12-30 18:38:55.023 11923 12292 I VrApi   : FPS=73/72,Prd=0ms,Tear=0,Early=0,Stale=0,VSnc=1,Lat=0,Fov=0,CPU4/GPU=2/3,1171/490MHz,OC=FF,TA=0/70/0,SP=N/F/N,Mem=2092MHz,Free=7304MB,PLS=0,Temp=19.0C/0.0C,TW=3.93ms,App=1.54ms,GD=0.00ms,CPU&GPU=13.88ms,LCnt=1(DR72,LM0),GPU%=0.42,CPU%=0.17(W0.27),DSF=1.00,CFL=18.21/21.91
12-30 18:38:56.022 11923 12292 I VrApi   : FPS=72/72,Prd=0ms,Tear=0,Early=0,Stale=52,VSnc=1,Lat=0,Fov=0,CPU4/GPU=3/3,1382/490MHz,OC=FF,TA=0/70/0,SP=N/F/N,Mem=2092MHz,Free=7304MB,PLS=0,Temp=19.0C/0.0C,TW=3.93ms,App=1.49ms,GD=0.00ms,CPU&GPU=13.88ms,LCnt=1(DR72,LM0),GPU%=0.40,CPU%=0.21(W0.30),DSF=1.00,CFL=18.16/22.43
12-30 18:38:57.023 11923 12292 I VrApi   : FPS=73/72,Prd=0ms,Tear=0,Early=0,Stale=72,VSnc=1,Lat=0,Fov=0,CPU4/GPU=3/3,1382/490MHz,OC=FF,TA=0/70/0,SP=N/F/N,Mem=2092MHz,Free=7304MB,PLS=0,Temp=19.0C/0.0C,TW=3.94ms,App=1.49ms,GD=0.00ms,CPU&GPU=13.87ms,LCnt=1(DR72,LM0),GPU%=0.41,CPU%=0.26(W0.30),DSF=1.00,CFL=18.33/21.91
12-30 18:38:58.023 11923 12292 I VrApi   : FPS=73/72,Prd=0ms,Tear=0,Early=0,Stale=55,VSnc=1,Lat=0,Fov=0,CPU4/GPU=3/3,1382/490MHz,OC=FF,TA=0/70/0,SP=N/F/N,Mem=2092MHz,Free=7304MB,PLS=0,Temp=19.0C/0.0C,TW=3.94ms,App=1.29ms,GD=0.00ms,CPU&GPU=13.88ms,LCnt=1(DR72,LM0),GPU%=0.39,CPU%=0.22(W0.27),DSF=1.00,CFL=18.36/22.37
12-30 18:38:59.024 11923 12292 I VrApi   : FPS=73/72,Prd=0ms,Tear=0,Early=0,Stale=0,VSnc=1,Lat=0,Fov=0,CPU4/GPU=3/3,1382/490MHz,OC=FF,TA=0/70/0,SP=N/F/N,Mem=2092MHz,Free=7304MB,PLS=0,Temp=19.0C/0.0C,TW=3.92ms,App=1.22ms,GD=0.00ms,CPU&GPU=13.88ms,LCnt=1(DR72,LM0),GPU%=0.39,CPU%=0.23(W0.32),DSF=1.00,CFL=18.22/22.17
12-30 18:39:00.027 11923 12292 I VrApi   : FPS=73/72,Prd=0ms,Tear=0,Early=0,Stale=0,VSnc=1,Lat=0,Fov=0,CPU4/GPU=2/3,1171/490MHz,OC=FF,TA=0/70/0,SP=N/F/N,Mem=2092MHz,Free=7304MB,PLS=0,Temp=19.0C/0.0C,TW=3.94ms,App=1.33ms,GD=0.00ms,CPU&GPU=13.88ms,LCnt=1(DR72,LM0),GPU%=0.40,CPU%=0.24(W0.33),DSF=1.00,CFL=18.35/22.12
12-30 18:39:01.023 11923 12292 I VrApi   : FPS=72/72,Prd=0ms,Tear=0,Early=0,Stale=0,VSnc=1,Lat=0,Fov=0,CPU4/GPU=2/3,1171/490MHz,OC=FF,TA=0/70/0,SP=N/F/N,Mem=2092MHz,Free=7304MB,PLS=0,Temp=19.0C/0.0C,TW=3.93ms,App=1.48ms,GD=0.00ms,CPU&GPU=13.87ms,LCnt=1(DR72,LM0),GPU%=0.41,CPU%=0.23(W0.35),DSF=1.00,CFL=18.25/22.79
12-30 18:39:02.023 11923 12292 I VrApi   : FPS=73/72,Prd=0ms,Tear=0,Early=0,Stale=42,VSnc=1,Lat=0,Fov=0,CPU4/GPU=3/3,1382/490MHz,OC=FF,TA=0/70/0,SP=N/F/N,Mem=2092MHz,Free=7304MB,PLS=0,Temp=19.0C/0.0C,TW=3.93ms,App=1.63ms,GD=0.00ms,CPU&GPU=13.87ms,LCnt=1(DR72,LM0),GPU%=0.43,CPU%=0.16(W0.27),DSF=1.00,CFL=18.43/22.91
12-30 18:39:03.023 11923 12292 I VrApi   : FPS=72/72,Prd=0ms,Tear=0,Early=0,Stale=72,VSnc=1,Lat=0,Fov=0,CPU4/GPU=3/3,1382/490MHz,OC=FF,TA=0/70/0,SP=N/F/N,Mem=2092MHz,Free=7304MB,PLS=0,Temp=19.0C/0.0C,TW=3.94ms,App=1.61ms,GD=0.00ms,CPU&GPU=13.87ms,LCnt=1(DR72,LM0),GPU%=0.42,CPU%=0.18(W0.29),DSF=1.00,CFL=18.12/22.29
12-30 18:39:04.028 11923 12292 I VrApi   : FPS=72/72,Prd=0ms,Tear=0,Early=0,Stale=65,VSnc=1,Lat=0,Fov=0,CPU4/GPU=3/3,1382/490MHz,OC=FF,TA=0/70/0,SP=N/F/N,Mem=2092MHz,Free=7311MB,PLS=0,Temp=19.0C/0.0C,TW=3.92ms,App=1.32ms,GD=0.00ms,CPU&GPU=13.88ms,LCnt=1(DR72,LM0),GPU%=0.40,CPU%=0.19(W0.23),DSF=1.00,CFL=18.14/22.11
12-30 18:39:05.024 11923 12292 I VrApi   : FPS=72/72,Prd=0ms,Tear=0,Early=0,Stale=0,VSnc=1,Lat=0,Fov=0,CPU4/GPU=3/3,1382/490MHz,OC=FF,TA=0/70/0,SP=N/F/N,Mem=2092MHz,Free=7311MB,PLS=0,Temp=19.0C/0.0C,TW=3.93ms,App=1.22ms,GD=0.00ms,CPU&GPU=13.88ms,LCnt=1(DR72,LM0),GPU%=0.39,CPU%=0.21(W0.26),DSF=1.00,CFL=18.18/22.46
12-30 18:39:06.023 11923 12292 I VrApi   : FPS=73/72,Prd=0ms,Tear=0,Early=0,Stale=0,VSnc=1,Lat=0,Fov=0,CPU4/GPU=3/3,1382/490MHz,OC=FF,TA=0/70/0,SP=N/F/N,Mem=2092MHz,Free=7311MB,PLS=0,Temp=19.0C/0.0C,TW=3.93ms,App=1.32ms,GD=0.00ms,CPU&GPU=13.88ms,LCnt=1(DR72,LM0),GPU%=0.41,CPU%=0.15(W0.24),DSF=1.00,CFL=18.27/21.91
12-30 18:39:07.024 11923 12292 I VrApi   : FPS=72/72,Prd=0ms,Tear=0,Early=0,Stale=0,VSnc=1,Lat=0,Fov=0,CPU4/GPU=2/3,1171/490MHz,OC=FF,TA=0/70/0,SP=N/F/N,Mem=2092MHz,Free=7311MB,PLS=0,Temp=19.0C/0.0C,TW=3.93ms,App=1.47ms,GD=0.00ms,CPU&GPU=13.87ms,LCnt=1(DR72,LM0),GPU%=0.41,CPU%=0.26(W0.35),DSF=1.00,CFL=18.24/22.29
12-30 18:39:08.023 11923 12292 I VrApi   : FPS=73/72,Prd=0ms,Tear=0,Early=0,Stale=31,VSnc=1,Lat=0,Fov=0,CPU4/GPU=3/3,1382/490MHz,OC=FF,TA=0/70/0,SP=N/F/N,Mem=2092MHz,Free=7311MB,PLS=0,Temp=19.0C/0.0C,TW=3.93ms,App=1.67ms,GD=0.00ms,CPU&GPU=13.88ms,LCnt=1(DR72,LM0),GPU%=0.42,CPU%=0.19(W0.23),DSF=1.00,CFL=18.15/22.38
12-30 18:39:09.023 11923 12292 I VrApi   : FPS=73/72,Prd=0ms,Tear=0,Early=0,Stale=72,VSnc=1,Lat=0,Fov=0,CPU4/GPU=3/3,1382/490MHz,OC=FF,TA=0/70/0,SP=N/F/N,Mem=2092MHz,Free=7311MB,PLS=0,Temp=19.0C/0.0C,TW=3.93ms,App=1.60ms,GD=0.00ms,CPU&GPU=13.87ms,LCnt=1(DR72,LM0),GPU%=0.41,CPU%=0.14(W0.26),DSF=1.00,CFL=18.35/22.60
12-30 18:39:10.023 11923 12292 I VrApi   : FPS=72/72,Prd=0ms,Tear=0,Early=0,Stale=72,VSnc=1,Lat=0,Fov=0,CPU4/GPU=3/3,1382/490MHz,OC=FF,TA=0/70/0,SP=N/F/N,Mem=2092MHz,Free=7311MB,PLS=0,Temp=19.0C/0.0C,TW=3.94ms,App=1.34ms,GD=0.00ms,CPU&GPU=13.87ms,LCnt=1(DR72,LM0),GPU%=0.40,CPU%=0.18(W0.32),DSF=1.00,CFL=18.37/22.11
12-30 18:39:11.023 11923 12292 I VrApi   : FPS=73/72,Prd=0ms,Tear=0,Early=0,Stale=5,VSnc=1,Lat=0,Fov=0,CPU4/GPU=3/3,1382/490MHz,OC=FF,TA=0/70/0,SP=N/F/N,Mem=2092MHz,Free=7311MB,PLS=0,Temp=19.2C/0.0C,TW=3.94ms,App=1.21ms,GD=0.00ms,CPU&GPU=13.88ms,LCnt=1(DR72,LM0),GPU%=0.39,CPU%=0.16(W0.22),DSF=1.00,CFL=18.18/22.35
12-30 18:39:12.025 11923 12292 I VrApi   : FPS=73/72,Prd=0ms,Tear=0,Early=0,Stale=0,VSnc=1,Lat=0,Fov=0,CPU4/GPU=3/3,1382/490MHz,OC=FF,TA=0/70/0,SP=N/F/N,Mem=2092MHz,Free=7311MB,PLS=0,Temp=19.2C/0.0C,TW=3.92ms,App=1.21ms,GD=0.00ms,CPU&GPU=13.88ms,LCnt=1(DR72,LM0),GPU%=0.40,CPU%=0.19(W0.27),DSF=1.00,CFL=18.27/21.90
12-30 18:39:13.024 11923 12292 I VrApi   : FPS=72/72,Prd=0ms,Tear=0,Early=0,Stale=0,VSnc=1,Lat=0,Fov=0,CPU4/GPU=2/3,1171/490MHz,OC=FF,TA=0/70/0,SP=N/F/N,Mem=2092MHz,Free=7311MB,PLS=0,Temp=19.2C/0.0C,TW=3.92ms,App=1.47ms,GD=0.00ms,CPU&GPU=13.87ms,LCnt=1(DR72,LM0),GPU%=0.41,CPU%=0.25(W0.42),DSF=1.00,CFL=18.38/22.27
12-30 18:39:14.024 11923 12292 I VrApi   : FPS=73/72,Prd=0ms,Tear=0,Early=0,Stale=20,VSnc=1,Lat=0,Fov=0,CPU4/GPU=3/3,1382/490MHz,OC=FF,TA=0/70/0,SP=N/F/N,Mem=2092MHz,Free=7311MB,PLS=0,Temp=19.2C/0.0C,TW=3.93ms,App=1.57ms,GD=0.00ms,CPU&GPU=13.87ms,LCnt=1(DR72,LM0),GPU%=0.41,CPU%=0.22(W0.30),DSF=1.00,CFL=18.08/22.05
12-30 18:39:15.024 11923 12292 I VrApi   : FPS=73/72,Prd=0ms,Tear=0,Early=0,Stale=72,VSnc=1,Lat=0,Fov=0,CPU4/GPU=3/3,1382/490MHz,OC=FF,TA=0/70/0,SP=N/F/N,Mem=2092MHz,Free=7311MB,PLS=0,Temp=19.2C/0.0C,TW=3.93ms,App=1.52ms,GD=0.00ms,CPU&GPU=13.87ms,LCnt=1(DR72,LM0),GPU%=0.41,CPU%=0.20(W0.30),DSF=1.00,CFL=18.42/22.87
12-30 18:39:16.024 11923 12292 I VrApi   : FPS=71/72,Prd=0ms,Tear=0,Early=0,Stale=72,VSnc=1,Lat=0,Fov=0,CPU4/GPU=3/3,1382/490MHz,OC=FF,TA=0/70/0,SP=N/F/N,Mem=2092MHz,Free=7311MB,PLS=0,Temp=19.2C/0.0C,TW=3.92ms,App=1.32ms,GD=0.00ms,CPU&GPU=13.82ms,LCnt=1(DR72,LM0),GPU%=0.40,CPU%=0.16(W0.25),DSF=1.00,CFL=18.18/22.41
12-30 18:39:17.024 11923 12292 I VrApi   : FPS=73/72,Prd=0ms,Tear=0,Early=0,Stale=16,VSnc=1,Lat=0,Fov=0,CPU4/GPU=3/3,1382/490MHz,OC=FF,TA=0/70/0,SP=N/F/N,Mem=2092MHz,Free=7311MB,PLS=0,Temp=19.2C/0.0C,TW=3.93ms,App=1.24ms,GD=0.00ms,CPU&GPU=13.88ms,LCnt=1(DR72,LM0),GPU%=0.39,CPU%=0.19(W0.26),DSF=1.00,CFL=18.21/22.65
12-30 18:39:18.024 11923 12292 I VrApi   : FPS=72/72,Prd=0ms,Tear=0,Early=0,Stale=0,VSnc=1,Lat=0,Fov=0,CPU4/GPU=3/3,1382/490MHz,OC=FF,TA=0/70/0,SP=N/F/N,Mem=2092MHz,Free=7311MB,PLS=0,Temp=19.2C/0.0C,TW=3.93ms,App=1.14ms,GD=0.00ms,CPU&GPU=13.88ms,LCnt=1(DR72,LM0),GPU%=0.39,CPU%=0.18(W0.23),DSF=1.00,CFL=18.18/22.60
12-30 18:39:19.024 11923 12292 I VrApi   : FPS=72/72,Prd=0ms,Tear=0,Early=0,Stale=0,VSnc=1,Lat=0,Fov=0,CPU4/GPU=2/3,1171/490MHz,OC=FF,TA=0/70/0,SP=N/F/N,Mem=1555MHz,Free=7311MB,PLS=0,Temp=19.2C/0.0C,TW=3.92ms,App=1.37ms,GD=0.00ms,CPU&GPU=13.87ms,LCnt=1(DR72,LM0),GPU%=0.41,CPU%=0.21(W0.43),DSF=1.00,CFL=18.20/22.37
12-30 18:39:20.024 11923 12292 I VrApi   : FPS=73/72,Prd=0ms,Tear=0,Early=0,Stale=9,VSnc=1,Lat=0,Fov=0,CPU4/GPU=2/3,1382/490MHz,OC=FF,TA=0/70/0,SP=N/F/N,Mem=2092MHz,Free=7311MB,PLS=0,Temp=19.2C/0.0C,TW=3.91ms,App=1.52ms,GD=0.00ms,CPU&GPU=13.87ms,LCnt=1(DR72,LM0),GPU%=0.41,CPU%=0.19(W0.24),DSF=1.00,CFL=18.28/21.76
12-30 18:39:21.024 11923 12292 I VrApi   : FPS=73/72,Prd=0ms,Tear=0,Early=0,Stale=72,VSnc=1,Lat=0,Fov=0,CPU4/GPU=3/3,1382/490MHz,OC=FF,TA=0/70/0,SP=N/F/N,Mem=2092MHz,Free=7311MB,PLS=0,Temp=19.0C/0.0C,TW=3.93ms,App=1.58ms,GD=0.00ms,CPU&GPU=13.87ms,LCnt=1(DR72,LM0),GPU%=0.42,CPU%=0.13(W0.19),DSF=1.00,CFL=18.08/21.93
12-30 18:39:22.024 11923 12292 I VrApi   : FPS=73/72,Prd=0ms,Tear=0,Early=0,Stale=72,VSnc=1,Lat=0,Fov=0,CPU4/GPU=3/3,1382/490MHz,OC=FF,TA=0/70/0,SP=N/F/N,Mem=2092MHz,Free=7311MB,PLS=0,Temp=19.0C/0.0C,TW=3.93ms,App=1.49ms,GD=0.00ms,CPU&GPU=13.87ms,LCnt=1(DR72,LM0),GPU%=0.41,CPU%=0.25(W0.27),DSF=1.00,CFL=18.44/22.97
12-30 18:39:23.024 11923 12292 I VrApi   : FPS=73/72,Prd=0ms,Tear=0,Early=0,Stale=27,VSnc=1,Lat=0,Fov=0,CPU4/GPU=3/3,1382/490MHz,OC=FF,TA=0/70/0,SP=N/F/N,Mem=2092MHz,Free=7311MB,PLS=0,Temp=19.0C/0.0C,TW=3.94ms,App=1.23ms,GD=0.00ms,CPU&GPU=13.88ms,LCnt=1(DR72,LM0),GPU%=0.39,CPU%=0.13(W0.23),DSF=1.00,CFL=18.17/22.35
12-30 18:39:24.029 11923 12292 I VrApi   : FPS=72/72,Prd=0ms,Tear=0,Early=0,Stale=0,VSnc=1,Lat=0,Fov=0,CPU4/GPU=3/3,1382/490MHz,OC=FF,TA=0/70/0,SP=N/F/N,Mem=2092MHz,Free=7302MB,PLS=0,Temp=19.0C/0.0C,TW=3.93ms,App=1.29ms,GD=0.00ms,CPU&GPU=13.88ms,LCnt=1(DR72,LM0),GPU%=0.40,CPU%=0.21(W0.27),DSF=1.00,CFL=18.16/22.08
12-30 18:39:25.025 11923 12292 I VrApi   : FPS=73/72,Prd=0ms,Tear=0,Early=0,Stale=0,VSnc=1,Lat=0,Fov=0,CPU4/GPU=2/3,1171/490MHz,OC=FF,TA=0/70/0,SP=N/F/N,Mem=2092MHz,Free=7302MB,PLS=0,Temp=19.0C/0.0C,TW=3.93ms,App=1.42ms,GD=0.00ms,CPU&GPU=13.88ms,LCnt=1(DR72,LM0),GPU%=0.41,CPU%=0.29(W0.38),DSF=1.00,CFL=18.53/22.02
12-30 18:39:26.025 11923 12292 I VrApi   : FPS=73/72,Prd=0ms,Tear=0,Early=0,Stale=0,VSnc=1,Lat=0,Fov=0,CPU4/GPU=2/3,1171/490MHz,OC=FF,TA=0/70/0,SP=N/F/N,Mem=2092MHz,Free=7302MB,PLS=0,Temp=19.0C/0.0C,TW=3.93ms,App=1.60ms,GD=0.00ms,CPU&GPU=13.87ms,LCnt=1(DR72,LM0),GPU%=0.42,CPU%=0.18(W0.23),DSF=1.00,CFL=18.22/22.62
12-30 18:39:27.025 11923 12292 I VrApi   : FPS=72/72,Prd=0ms,Tear=0,Early=0,Stale=71,VSnc=1,Lat=0,Fov=0,CPU4/GPU=3/3,1382/490MHz,OC=FF,TA=0/70/0,SP=N/F/N,Mem=2092MHz,Free=7302MB,PLS=0,Temp=19.0C/0.0C,TW=3.93ms,App=1.61ms,GD=0.00ms,CPU&GPU=13.87ms,LCnt=1(DR72,LM0),GPU%=0.43,CPU%=0.28(W0.30),DSF=1.00,CFL=18.27/21.84
12-30 18:39:28.025 11923 12292 I VrApi   : FPS=73/72,Prd=0ms,Tear=0,Early=0,Stale=72,VSnc=1,Lat=0,Fov=0,CPU4/GPU=3/3,1382/490MHz,OC=FF,TA=0/70/0,SP=N/F/N,Mem=2092MHz,Free=7302MB,PLS=0,Temp=19.0C/0.0C,TW=3.93ms,App=1.47ms,GD=0.00ms,CPU&GPU=13.88ms,LCnt=1(DR72,LM0),GPU%=0.41,CPU%=0.21(W0.26),DSF=1.00,CFL=18.22/22.39
12-30 18:39:29.025 11923 12292 I VrApi   : FPS=73/72,Prd=0ms,Tear=0,Early=0,Stale=36,VSnc=1,Lat=0,Fov=0,CPU4/GPU=3/3,1382/490MHz,OC=FF,TA=0/70/0,SP=N/F/N,Mem=2092MHz,Free=7302MB,PLS=0,Temp=19.0C/0.0C,TW=3.93ms,App=1.38ms,GD=0.00ms,CPU&GPU=13.88ms,LCnt=1(DR72,LM0),GPU%=0.40,CPU%=0.21(W0.26),DSF=1.00,CFL=18.23/21.94
12-30 18:39:30.024 11923 12292 I VrApi   : FPS=72/72,Prd=0ms,Tear=0,Early=0,Stale=2,VSnc=1,Lat=0,Fov=0,CPU4/GPU=3/3,1382/490MHz,OC=FF,TA=0/70/0,SP=N/F/N,Mem=2092MHz,Free=7302MB,PLS=0,Temp=19.0C/0.0C,TW=3.93ms,App=1.27ms,GD=0.00ms,CPU&GPU=13.23ms,LCnt=1(DR72,LM0),GPU%=0.40,CPU%=0.21(W0.26),DSF=1.00,CFL=18.30/22.29
12-30 18:39:30.395 11923 11952 W VrApi   : ovr_SubmitFrameInternal: FrameIndex discontinuity: Expected 26153, Received 26154
12-30 18:39:31.025 11923 12292 I VrApi   : FPS=71/72,Prd=0ms,Tear=0,Early=0,Stale=1,VSnc=1,Lat=0,Fov=0,CPU4/GPU=2/3,1171/490MHz,OC=FF,TA=0/70/0,SP=N/F/N,Mem=2092MHz,Free=7302MB,PLS=0,Temp=19.0C/0.0C,TW=3.92ms,App=1.36ms,GD=0.00ms,CPU&GPU=12.39ms,LCnt=1(DR72,LM0),GPU%=0.40,CPU%=0.18(W0.29),DSF=1.00,CFL=18.13/21.92
12-30 18:39:32.025 11923 12292 I VrApi   : FPS=72/72,Prd=0ms,Tear=0,Early=0,Stale=0,VSnc=1,Lat=0,Fov=0,CPU4/GPU=2/3,1171/490MHz,OC=FF,TA=0/70/0,SP=N/F/N,Mem=2092MHz,Free=7302MB,PLS=0,Temp=19.0C/0.0C,TW=3.93ms,App=1.61ms,GD=0.00ms,CPU&GPU=13.87ms,LCnt=1(DR72,LM0),GPU%=0.42,CPU%=0.27(W0.43),DSF=1.00,CFL=18.18/21.84
12-30 18:39:33.025 11923 12292 I VrApi   : FPS=73/72,Prd=0ms,Tear=0,Early=0,Stale=60,VSnc=1,Lat=0,Fov=0,CPU4/GPU=3/3,1382/490MHz,OC=FF,TA=0/70/0,SP=N/F/N,Mem=1555MHz,Free=7302MB,PLS=0,Temp=19.0C/0.0C,TW=3.94ms,App=1.66ms,GD=0.00ms,CPU&GPU=13.87ms,LCnt=1(DR72,LM0),GPU%=0.43,CPU%=0.30(W0.57),DSF=1.00,CFL=18.16/21.86
12-30 18:39:34.026 11923 12292 I VrApi   : FPS=73/72,Prd=0ms,Tear=0,Early=0,Stale=72,VSnc=1,Lat=0,Fov=0,CPU4/GPU=3/3,1382/490MHz,OC=FF,TA=0/70/0,SP=N/F/N,Mem=2092MHz,Free=7302MB,PLS=0,Temp=19.0C/0.0C,TW=3.93ms,App=1.65ms,GD=0.00ms,CPU&GPU=13.88ms,LCnt=1(DR72,LM0),GPU%=0.42,CPU%=0.27(W0.45),DSF=1.00,CFL=18.18/21.72
12-30 18:39:35.025 11923 12292 I VrApi   : FPS=73/72,Prd=0ms,Tear=0,Early=0,Stale=46,VSnc=1,Lat=0,Fov=0,CPU4/GPU=3/3,1382/490MHz,OC=FF,TA=0/70/0,SP=N/F/N,Mem=2092MHz,Free=7302MB,PLS=0,Temp=19.0C/0.0C,TW=3.93ms,App=1.30ms,GD=0.00ms,CPU&GPU=13.88ms,LCnt=1(DR72,LM0),GPU%=0.40,CPU%=0.34(W0.52),DSF=1.00,CFL=18.10/22.32
12-30 18:39:36.025 11923 12292 I VrApi   : FPS=73/72,Prd=0ms,Tear=0,Early=0,Stale=0,VSnc=1,Lat=0,Fov=0,CPU4/GPU=3/3,1382/490MHz,OC=FF,TA=0/70/0,SP=N/F/N,Mem=2092MHz,Free=7302MB,PLS=0,Temp=19.0C/0.0C,TW=3.94ms,App=1.27ms,GD=0.00ms,CPU&GPU=13.88ms,LCnt=1(DR72,LM0),GPU%=0.40,CPU%=0.14(W0.16),DSF=1.00,CFL=18.27/22.39
12-30 18:39:37.025 11923 12292 I VrApi   : FPS=72/72,Prd=0ms,Tear=0,Early=0,Stale=0,VSnc=1,Lat=0,Fov=0,CPU4/GPU=3/3,1382/490MHz,OC=FF,TA=0/70/0,SP=N/F/N,Mem=2092MHz,Free=7302MB,PLS=0,Temp=19.0C/0.0C,TW=3.92ms,App=1.32ms,GD=0.00ms,CPU&GPU=13.88ms,LCnt=1(DR72,LM0),GPU%=0.41,CPU%=0.24(W0.26),DSF=1.00,CFL=18.23/22.34
12-30 18:39:38.025 11923 12292 I VrApi   : FPS=73/72,Prd=0ms,Tear=0,Early=0,Stale=0,VSnc=1,Lat=0,Fov=0,CPU4/GPU=2/3,1171/490MHz,OC=FF,TA=0/70/0,SP=N/F/N,Mem=2092MHz,Free=7302MB,PLS=0,Temp=19.0C/0.0C,TW=3.93ms,App=1.48ms,GD=0.00ms,CPU&GPU=13.88ms,LCnt=1(DR72,LM0),GPU%=0.42,CPU%=0.20(W0.27),DSF=1.00,CFL=18.45/21.72
12-30 18:39:39.026 11923 12292 I VrApi   : FPS=73/72,Prd=0ms,Tear=0,Early=0,Stale=49,VSnc=1,Lat=0,Fov=0,CPU4/GPU=3/3,1382/490MHz,OC=FF,TA=0/70/0,SP=N/F/N,Mem=1804MHz,Free=7302MB,PLS=0,Temp=19.0C/0.0C,TW=3.92ms,App=1.69ms,GD=0.00ms,CPU&GPU=13.88ms,LCnt=1(DR72,LM0),GPU%=0.42,CPU%=0.24(W0.40),DSF=1.00,CFL=18.15/22.06
12-30 18:39:40.026 11923 12292 I VrApi   : FPS=73/72,Prd=0ms,Tear=0,Early=0,Stale=72,VSnc=1,Lat=0,Fov=0,CPU4/GPU=3/3,1382/490MHz,OC=FF,TA=0/70/0,SP=N/F/N,Mem=1555MHz,Free=7302MB,PLS=0,Temp=19.0C/0.0C,TW=3.93ms,App=1.58ms,GD=0.00ms,CPU&GPU=13.87ms,LCnt=1(DR72,LM0),GPU%=0.41,CPU%=0.24(W0.47),DSF=1.00,CFL=18.11/21.81
12-30 18:39:41.026 11923 12292 I VrApi   : FPS=72/72,Prd=0ms,Tear=0,Early=0,Stale=57,VSnc=1,Lat=0,Fov=0,CPU4/GPU=3/3,1382/490MHz,OC=FF,TA=0/70/0,SP=N/F/N,Mem=1804MHz,Free=7302MB,PLS=0,Temp=19.0C/0.0C,TW=3.93ms,App=1.28ms,GD=0.00ms,CPU&GPU=13.87ms,LCnt=1(DR72,LM0),GPU%=0.39,CPU%=0.17(W0.30),DSF=1.00,CFL=18.14/21.98
12-30 18:39:42.026 11923 12292 I VrApi   : FPS=73/72,Prd=0ms,Tear=0,Early=0,Stale=0,VSnc=1,Lat=0,Fov=0,CPU4/GPU=3/3,1382/490MHz,OC=FF,TA=0/70/0,SP=N/F/N,Mem=1804MHz,Free=7302MB,PLS=0,Temp=19.0C/0.0C,TW=3.94ms,App=1.39ms,GD=0.00ms,CPU&GPU=13.88ms,LCnt=1(DR72,LM0),GPU%=0.40,CPU%=0.23(W0.36),DSF=1.00,CFL=18.15/21.83
12-30 18:39:43.026 11923 12292 I VrApi   : FPS=73/72,Prd=0ms,Tear=0,Early=0,Stale=0,VSnc=1,Lat=0,Fov=0,CPU4/GPU=3/3,1382/490MHz,OC=FF,TA=0/70/0,SP=N/F/N,Mem=1804MHz,Free=7302MB,PLS=0,Temp=19.0C/0.0C,TW=3.93ms,App=1.50ms,GD=0.00ms,CPU&GPU=13.88ms,LCnt=1(DR72,LM0),GPU%=0.41,CPU%=0.23(W0.36),DSF=1.00,CFL=18.18/22.16
12-30 18:39:44.031 11923 12292 I VrApi   : FPS=72/72,Prd=0ms,Tear=0,Early=0,Stale=0,VSnc=1,Lat=0,Fov=0,CPU4/GPU=2/3,1171/490MHz,OC=FF,TA=0/70/0,SP=N/F/N,Mem=1804MHz,Free=7303MB,PLS=0,Temp=19.0C/0.0C,TW=3.92ms,App=1.57ms,GD=0.00ms,CPU&GPU=13.88ms,LCnt=1(DR72,LM0),GPU%=0.42,CPU%=0.24(W0.43),DSF=1.00,CFL=18.33/21.87
12-30 18:39:45.026 11923 12292 I VrApi   : FPS=73/72,Prd=0ms,Tear=0,Early=0,Stale=39,VSnc=1,Lat=0,Fov=0,CPU4/GPU=3/3,1382/490MHz,OC=FF,TA=0/70/0,SP=N/F/N,Mem=2092MHz,Free=7303MB,PLS=0,Temp=19.0C/0.0C,TW=3.93ms,App=1.64ms,GD=0.00ms,CPU&GPU=13.88ms,LCnt=1(DR72,LM0),GPU%=0.42,CPU%=0.18(W0.21),DSF=1.00,CFL=18.19/22.03
12-30 18:39:46.026 11923 12292 I VrApi   : FPS=73/72,Prd=0ms,Tear=0,Early=0,Stale=72,VSnc=1,Lat=0,Fov=0,CPU4/GPU=3/3,1382/490MHz,OC=FF,TA=0/70/0,SP=N/F/N,Mem=2092MHz,Free=7303MB,PLS=0,Temp=19.0C/0.0C,TW=3.94ms,App=1.61ms,GD=0.00ms,CPU&GPU=13.87ms,LCnt=1(DR72,LM0),GPU%=0.42,CPU%=0.12(W0.20),DSF=1.00,CFL=18.20/22.38
12-30 18:39:47.026 11923 12292 I VrApi   : FPS=73/72,Prd=0ms,Tear=0,Early=0,Stale=70,VSnc=1,Lat=0,Fov=0,CPU4/GPU=3/3,1382/490MHz,OC=FF,TA=0/70/0,SP=N/F/N,Mem=2092MHz,Free=7303MB,PLS=0,Temp=19.0C/0.0C,TW=3.93ms,App=1.32ms,GD=0.00ms,CPU&GPU=13.87ms,LCnt=1(DR72,LM0),GPU%=0.40,CPU%=0.13(W0.20),DSF=1.00,CFL=18.21/21.91
12-30 18:39:48.026 11923 12292 I VrApi   : FPS=72/72,Prd=0ms,Tear=0,Early=0,Stale=0,VSnc=1,Lat=0,Fov=0,CPU4/GPU=3/3,1382/490MHz,OC=FF,TA=0/70/0,SP=N/F/N,Mem=2092MHz,Free=7303MB,PLS=0,Temp=19.0C/0.0C,TW=3.93ms,App=1.18ms,GD=0.00ms,CPU&GPU=13.88ms,LCnt=1(DR72,LM0),GPU%=0.39,CPU%=0.20(W0.24),DSF=1.00,CFL=18.13/21.97
12-30 18:39:49.026 11923 12292 I VrApi   : FPS=73/72,Prd=0ms,Tear=0,Early=0,Stale=0,VSnc=1,Lat=0,Fov=0,CPU4/GPU=3/3,1382/490MHz,OC=FF,TA=0/70/0,SP=N/F/N,Mem=2092MHz,Free=7303MB,PLS=0,Temp=19.0C/0.0C,TW=3.92ms,App=1.00ms,GD=0.00ms,CPU&GPU=13.88ms,LCnt=1(DR72,LM0),GPU%=0.38,CPU%=0.31(W0.39),DSF=1.00,CFL=18.23/21.92
12-30 18:39:50.026 11923 12292 I VrApi   : FPS=73/72,Prd=0ms,Tear=0,Early=0,Stale=0,VSnc=1,Lat=0,Fov=0,CPU4/GPU=2/3,1171/490MHz,OC=FF,TA=0/70/0,SP=N/F/N,Mem=2092MHz,Free=7303MB,PLS=0,Temp=19.2C/0.0C,TW=3.93ms,App=1.47ms,GD=0.00ms,CPU&GPU=13.88ms,LCnt=1(DR72,LM0),GPU%=0.41,CPU%=0.27(W0.42),DSF=1.00,CFL=18.15/21.89
12-30 18:39:51.026 11923 12292 I VrApi   : FPS=72/72,Prd=0ms,Tear=0,Early=0,Stale=28,VSnc=1,Lat=0,Fov=0,CPU4/GPU=3/3,1382/490MHz,OC=FF,TA=0/70/0,SP=N/F/N,Mem=2092MHz,Free=7303MB,PLS=0,Temp=19.2C/0.0C,TW=3.92ms,App=1.66ms,GD=0.00ms,CPU&GPU=13.88ms,LCnt=1(DR72,LM0),GPU%=0.43,CPU%=0.19(W0.21),DSF=1.00,CFL=18.25/22.22
12-30 18:39:52.026 11923 12292 I VrApi   : FPS=72/72,Prd=0ms,Tear=0,Early=0,Stale=28,VSnc=1,Lat=0,Fov=0,CPU4/GPU=3/3,1382/490MHz,OC=FF,TA=0/70/0,SP=N/F/N,Mem=2092MHz,Free=7303MB,PLS=0,Temp=19.2C/0.0C,TW=3.93ms,App=1.52ms,GD=0.00ms,CPU&GPU=13.87ms,LCnt=1(DR72,LM0),GPU%=0.42,CPU%=0.21(W0.24),DSF=1.00,CFL=18.25/22.22
12-30 18:39:53.027 11923 12292 I VrApi   : FPS=72/72,Prd=0ms,Tear=0,Early=0,Stale=72,VSnc=1,Lat=0,Fov=0,CPU4/GPU=3/3,1382/490MHz,OC=FF,TA=0/70/0,SP=N/F/N,Mem=2092MHz,Free=7303MB,PLS=0,Temp=19.2C/0.0C,TW=3.92ms,App=1.27ms,GD=0.00ms,CPU&GPU=13.88ms,LCnt=1(DR72,LM0),GPU%=0.40,CPU%=0.13(W0.19),DSF=1.00,CFL=17.97/22.33
12-30 18:39:54.027 11923 12292 I VrApi   : FPS=73/72,Prd=0ms,Tear=0,Early=0,Stale=72,VSnc=1,Lat=0,Fov=0,CPU4/GPU=3/3,1382/490MHz,OC=FF,TA=0/70/0,SP=N/F/N,Mem=2092MHz,Free=7303MB,PLS=0,Temp=19.2C/0.0C,TW=3.93ms,App=1.20ms,GD=0.00ms,CPU&GPU=13.88ms,LCnt=1(DR72,LM0),GPU%=0.39,CPU%=0.23(W0.29),DSF=1.00,CFL=18.17/22.40
12-30 18:39:55.026 11923 12292 I VrApi   : FPS=73/72,Prd=0ms,Tear=0,Early=0,Stale=6,VSnc=1,Lat=0,Fov=0,CPU4/GPU=3/3,1382/490MHz,OC=FF,TA=0/70/0,SP=N/F/N,Mem=1555MHz,Free=7303MB,PLS=0,Temp=19.2C/0.0C,TW=3.93ms,App=1.12ms,GD=0.00ms,CPU&GPU=13.88ms,LCnt=1(DR72,LM0),GPU%=0.39,CPU%=0.18(W0.27),DSF=1.00,CFL=18.36/22.79
12-30 18:39:56.027 11923 12292 I VrApi   : FPS=72/72,Prd=0ms,Tear=0,Early=0,Stale=0,VSnc=1,Lat=0,Fov=0,CPU4/GPU=2/3,1171/490MHz,OC=FF,TA=0/70/0,SP=N/F/N,Mem=2092MHz,Free=7303MB,PLS=0,Temp=19.2C/0.0C,TW=3.91ms,App=1.25ms,GD=0.00ms,CPU&GPU=13.88ms,LCnt=1(DR72,LM0),GPU%=0.40,CPU%=0.22(W0.29),DSF=1.00,CFL=18.21/22.21
12-30 18:39:57.027 11923 12292 I VrApi   : FPS=72/72,Prd=0ms,Tear=0,Early=0,Stale=0,VSnc=1,Lat=0,Fov=0,CPU4/GPU=3/3,1382/490MHz,OC=FF,TA=0/70/0,SP=N/F/N,Mem=2092MHz,Free=7303MB,PLS=0,Temp=19.2C/0.0C,TW=3.93ms,App=1.65ms,GD=0.00ms,CPU&GPU=13.88ms,LCnt=1(DR72,LM0),GPU%=0.43,CPU%=0.25(W0.38),DSF=1.00,CFL=18.21/22.65
12-30 18:39:58.026 11923 12292 I VrApi   : FPS=73/72,Prd=0ms,Tear=0,Early=0,Stale=17,VSnc=1,Lat=0,Fov=0,CPU4/GPU=3/3,1382/490MHz,OC=FF,TA=0/70/0,SP=N/F/N,Mem=2092MHz,Free=7303MB,PLS=0,Temp=19.2C/0.0C,TW=3.92ms,App=1.63ms,GD=0.00ms,CPU&GPU=13.87ms,LCnt=1(DR72,LM0),GPU%=0.42,CPU%=0.13(W0.19),DSF=1.00,CFL=18.30/22.02
12-30 18:39:59.027 11923 12292 I VrApi   : FPS=74/72,Prd=0ms,Tear=0,Early=0,Stale=71,VSnc=1,Lat=0,Fov=0,CPU4/GPU=3/3,1382/490MHz,OC=FF,TA=0/70/0,SP=N/F/N,Mem=1555MHz,Free=7303MB,PLS=0,Temp=19.2C/0.0C,TW=1.12ms,App=0.00ms,GD=0.00ms,CPU&GPU=10.62ms,LCnt=1(DR71,LM0),GPU%=0.09,CPU%=0.13(W0.17),DSF=1.00,CFL=18.23/22.13
12-30 18:40:00.030 11923 12292 I VrApi   : FPS=72/72,Prd=0ms,Tear=0,Early=0,Stale=0,VSnc=1,Lat=0,Fov=0,CPU4/GPU=3/3,1382/490MHz,OC=FF,TA=0/70/0,SP=N/F/N,Mem=1555MHz,Free=7303MB,PLS=0,Temp=19.2C/0.0C,TW=2.42ms,App=0.00ms,GD=0.00ms,CPU&GPU=0.20ms,LCnt=2(DR0,LM0),GPU%=0.29,CPU%=0.05(W0.09),DSF=1.00,CFL=18.35/21.89
12-30 18:40:00.220  2228  2692 D VrApi   : targetSDKVersion 29
12-30 18:40:00.254  2228  2692 I VrApi   : OVR::Stats thread started
12-30 18:40:00.287 11923 11952 W VrApi   : ovr_SubmitFrameInternal: FrameIndex discontinuity: Expected 28307, Received 28306
12-30 18:40:00.291  2228 20003 D VrApi   : targetSDKVersion 29
12-30 18:40:00.302 11923 11952 I VrApi   : ---------- vrapi_LeaveVrMode [start] ----------
12-30 18:40:00.309 11923 11952 D VrApi   : targetSDKVersion 29
12-30 18:40:00.319 11923 12292 I VrApi   : FPS=72/72,Prd=0ms,Tear=0,Early=0,Stale=0,VSnc=1,Lat=0,Fov=0,CPU4/GPU=3/3,1478/525MHz,OC=FF,TA=0/70/0,SP=N/F/N,Mem=1804MHz,Free=7303MB,PLS=0,Temp=19.2C/0.0C,TW=2.42ms,App=0.00ms,GD=0.00ms,CPU&GPU=0.20ms,LCnt=2(DR0,LM0),GPU%=0.29,CPU%=0.05(W0.09),DSF=1.00,CFL=18.35/21.89
12-30 18:40:00.323 11923 11952 I VrApi   : OVR::Stats thread stopped
12-30 18:40:00.335 11923 11952 I VrApi   : ---------- vrapi_LeaveVrMode [end] ----------
12-30 18:40:09.990  2228  2692 D VrApi   : targetSDKVersion 29
12-30 18:40:10.057  2228  2692 I VrApi   : OVR::Stats thread stopped
12-30 18:40:10.236 11923 11952 I VrApi   : ---------- vrapi_EnterVrMode [start] ----------
12-30 18:40:10.240 11923 11952 D VrApi   : targetSDKVersion 29
12-30 18:40:10.290 11923 11952 I VrApi   : ovrModeParms::VRAPI_MODE_FLAG_RESET_WINDOW_FULLSCREEN = 0
12-30 18:40:10.290 11923 11952 I VrApi   : ovrModeParms::VRAPI_MODE_FLAG_NATIVE_WINDOW = 1
12-30 18:40:10.290 11923 11952 I VrApi   : ovrModeParms::VRAPI_MODE_FLAG_FRONT_BUFFER_SRGB = 0
12-30 18:40:10.290 11923 11952 I VrApi   : ovrModeParms::VRAPI_MODE_FLAG_PHASE_SYNC = 0
12-30 18:40:10.290 11923 11952 I VrApi   : ovrModeParms::VRAPI_MODE_FLAG_APP_SPACE_WARP = 0
12-30 18:40:10.290 11923 11952 I VrApi   : PhaseSync disabled
12-30 18:40:10.290 11923 11952 I VrApi   : HMD sensor attached.
12-30 18:40:10.296 11923 11952 I VrApi   : Creating Default swapchain
12-30 18:40:10.296 11923 11952 I VrApi   : Creating Loading Icon swapchain
12-30 18:40:10.296 11923 11952 I VrApi   : OVR::Stats thread started
12-30 18:40:10.296 11923 11952 I VrApi   : Initial BaseVsync 37599 
12-30 18:40:10.296 11923 11952 I VrApi   : ---------- vrapi_EnterVrMode [end] ----------
12-30 18:40:10.296 11923 11952 I VrApi   : vrapi_SetDisplayRefreshRate: display refresh rate supported 72.000000
12-30 18:40:10.299 11923 20242 D VrApi   : targetSDKVersion 29
12-30 18:40:10.330 11923 20242 D VrApi   : VrApi::isWifiConnected exception: Make sure android.permission.ACCESS_NETWORK_STATE is set in the manifest.
12-30 18:40:10.888 11923 11952 W VrApi   : ovr_SubmitFrameInternal: FrameIndex discontinuity: Expected 28315, Received 28316
12-30 18:40:12.008 11923 20242 I VrApi   : FPS=73/72,Prd=0ms,Tear=0,Early=0,Stale=49,VSnc=1,Lat=0,Fov=0,CPU4/GPU=2/4,1171/525MHz,OC=FF,TA=0/70/0,SP=N/F/N,Mem=1555MHz,Free=7290MB,PLS=0,Temp=19.0C/0.0C,TW=5.83ms,App=1.29ms,GD=0.40ms,CPU&GPU=13.88ms,LCnt=4(DR0,LM2),GPU%=0.66,CPU%=0.23(W0.27),DSF=1.00,CFL=16.83/21.60
12-30 18:40:13.006 11923 20242 I VrApi   : FPS=73/72,Prd=0ms,Tear=0,Early=0,Stale=37,VSnc=1,Lat=0,Fov=0,CPU4/GPU=2/4,1171/525MHz,OC=FF,TA=0/70/0,SP=N/F/N,Mem=2092MHz,Free=7290MB,PLS=0,Temp=19.0C/0.0C,TW=5.39ms,App=1.13ms,GD=0.28ms,CPU&GPU=13.88ms,LCnt=2(DR0,LM0),GPU%=0.51,CPU%=0.24(W0.26),DSF=1.00,CFL=18.19/21.98
12-30 18:40:14.003 11923 20242 I VrApi   : FPS=73/72,Prd=0ms,Tear=0,Early=0,Stale=0,VSnc=1,Lat=0,Fov=0,CPU4/GPU=2/4,1171/525MHz,OC=FF,TA=0/70/0,SP=N/F/N,Mem=2092MHz,Free=7290MB,PLS=0,Temp=19.0C/0.0C,TW=5.33ms,App=1.32ms,GD=0.23ms,CPU&GPU=13.88ms,LCnt=2(DR0,LM0),GPU%=0.53,CPU%=0.25(W0.27),DSF=1.00,CFL=18.04/21.99
12-30 18:40:15.004 11923 20242 I VrApi   : FPS=73/72,Prd=0ms,Tear=0,Early=0,Stale=0,VSnc=1,Lat=0,Fov=0,CPU4/GPU=2/4,1171/525MHz,OC=FF,TA=0/70/0,SP=N/F/N,Mem=2092MHz,Free=7290MB,PLS=0,Temp=19.0C/0.0C,TW=5.34ms,App=1.53ms,GD=0.23ms,CPU&GPU=13.88ms,LCnt=2(DR0,LM0),GPU%=0.54,CPU%=0.19(W0.24),DSF=1.00,CFL=18.31/21.68
12-30 18:40:16.004 11923 20242 I VrApi   : FPS=72/72,Prd=0ms,Tear=0,Early=0,Stale=0,VSnc=1,Lat=0,Fov=0,CPU4/GPU=2/4,1171/525MHz,OC=FF,TA=0/70/0,SP=N/F/N,Mem=2092MHz,Free=7290MB,PLS=0,Temp=19.0C/0.0C,TW=5.41ms,App=1.47ms,GD=0.28ms,CPU&GPU=13.87ms,LCnt=2(DR0,LM0),GPU%=0.53,CPU%=0.26(W0.36),DSF=1.00,CFL=18.07/22.65
12-30 18:40:16.743  3134  3166 D VrApi   : targetSDKVersion 29
12-30 18:40:16.757  3167  3283 D VrApi   : targetSDKVersion 29
12-30 18:40:16.790 11923 11952 W VrApi   : ovr_SubmitFrameInternal: FrameIndex discontinuity: Expected 28716, Received 28715
12-30 18:40:16.796  3134  3166 I VrApi   : OVR::Stats thread started
12-30 18:40:16.798  3134 20433 D VrApi   : targetSDKVersion 29
12-30 18:40:16.817 11923 11952 I VrApi   : ---------- vrapi_LeaveVrMode [start] ----------
12-30 18:40:16.824 11923 11952 D VrApi   : targetSDKVersion 29
12-30 18:40:16.863  3167  3283 I VrApi   : OVR::Stats thread started
12-30 18:40:16.869  3167 20441 D VrApi   : targetSDKVersion 29
12-30 18:40:16.893 11923 20242 I VrApi   : FPS=72/72,Prd=0ms,Tear=0,Early=0,Stale=0,VSnc=1,Lat=0,Fov=0,CPU4/GPU=2/4,1382/525MHz,OC=FF,TA=0/F/0,SP=N/N/N,Mem=2092MHz,Free=7290MB,PLS=0,Temp=19.0C/0.0C,TW=5.41ms,App=1.47ms,GD=0.28ms,CPU&GPU=13.87ms,LCnt=2(DR0,LM0),GPU%=0.53,CPU%=0.26(W0.36),DSF=1.00,CFL=18.07/22.65
12-30 18:40:16.897 11923 11952 I VrApi   : OVR::Stats thread stopped
12-30 18:40:16.918 11923 11952 I VrApi   : ---------- vrapi_LeaveVrMode [end] ----------
12-30 18:40:18.009  3134 20433 I VrApi   : FPS=82/90,Prd=26ms,Tear=0,Early=0,Stale=4,VSnc=0,Lat=-1,Fov=0,CPU4/GPU=3/4,2419/525MHz,OC=FF,TA=0/70/0,SP=N/F/N,Mem=2092MHz,Free=7333MB,PLS=0,Temp=19.0C/0.0C,TW=1.53ms,App=5.01ms,GD=0.27ms,CPU&GPU=7.91ms,LCnt=2(DR15,LM2),GPU%=0.59,CPU%=0.20(W0.27),DSF=1.00,CFL=17.10/29.60
12-30 18:40:18.854 11923 11952 I VrApi   : ------------ vrapi_DestroySystemVulkan -----------
12-30 18:40:18.856 11923 11952 I VrApi   : ------------ vrapi_Shutdown [start] -----------
12-30 18:40:18.856 11923 11952 W VrApi   : IsOvrValid: ovr == nullptr. Package: com.oculus.xrstreamingclient
12-30 18:40:18.871 11923 11952 I VrApi   : ------------ vrapi_Shutdown [end] -----------
12-30 18:40:19.002  3134 20433 I VrApi   : FPS=91/90,Prd=35ms,Tear=0,Early=8,Stale=9,VSnc=0,Lat=-1,Fov=0,CPU4/GPU=2/3,2419/490MHz,OC=FF,TA=0/70/0,SP=N/F/N,Mem=2092MHz,Free=7333MB,PLS=0,Temp=19.0C/0.0C,TW=1.98ms,App=5.32ms,GD=0.29ms,CPU&GPU=8.49ms,LCnt=3(DR69,LM2),GPU%=0.73,CPU%=0.15(W0.24),DSF=1.00,CFL=12.33/24.03
12-30 18:40:20.002  3134 20433 I VrApi   : FPS=90/90,Prd=31ms,Tear=0,Early=82,Stale=0,VSnc=0,Lat=-1,Fov=0,CPU4/GPU=2/3,2419/490MHz,OC=FF,TA=0/70/0,SP=N/F/N,Mem=2092MHz,Free=7333MB,PLS=0,Temp=19.0C/0.0C,TW=2.03ms,App=5.01ms,GD=0.28ms,CPU&GPU=7.96ms,LCnt=3(DR0,LM2),GPU%=0.67,CPU%=0.19(W0.25),DSF=1.00,CFL=17.05/20.61
12-30 18:40:21.003  3134 20433 I VrApi   : FPS=90/90,Prd=31ms,Tear=0,Early=0,Stale=0,VSnc=0,Lat=-1,Fov=0,CPU4/GPU=2/3,2419/490MHz,OC=FF,TA=0/70/0,SP=N/F/N,Mem=2092MHz,Free=7333MB,PLS=0,Temp=19.0C/0.0C,TW=2.02ms,App=5.57ms,GD=0.39ms,CPU&GPU=8.77ms,LCnt=3(DR0,LM2),GPU%=0.75,CPU%=0.25(W0.35),DSF=1.00,CFL=16.99/20.47
12-30 18:40:22.002  3134 20433 I VrApi   : FPS=90/90,Prd=30ms,Tear=0,Early=0,Stale=0,VSnc=0,Lat=-1,Fov=0,CPU4/GPU=2/3,2419/490MHz,OC=FF,TA=0/70/0,SP=N/F/N,Mem=2092MHz,Free=7333MB,PLS=0,Temp=19.0C/0.0C,TW=2.03ms,App=5.61ms,GD=0.43ms,CPU&GPU=8.81ms,LCnt=3(DR0,LM2),GPU%=0.75,CPU%=0.19(W0.25),DSF=1.00,CFL=17.07/20.63
12-30 18:40:23.003  3134 20433 I VrApi   : FPS=90/90,Prd=30ms,Tear=0,Early=0,Stale=0,VSnc=0,Lat=-1,Fov=0,CPU4/GPU=2/3,1171/490MHz,OC=FF,TA=0/70/0,SP=N/F/N,Mem=2092MHz,Free=7333MB,PLS=0,Temp=19.0C/0.0C,TW=2.01ms,App=5.58ms,GD=0.44ms,CPU&GPU=9.01ms,LCnt=3(DR0,LM2),GPU%=0.75,CPU%=0.22(W0.25),DSF=1.00,CFL=17.01/21.15
12-30 18:40:24.003  3134 20433 I VrApi   : FPS=90/90,Prd=29ms,Tear=0,Early=0,Stale=0,VSnc=0,Lat=-1,Fov=0,CPU4/GPU=2/3,1171/490MHz,OC=FF,TA=0/70/0,SP=N/F/N,Mem=2092MHz,Free=7333MB,PLS=0,Temp=19.0C/0.0C,TW=2.02ms,App=5.51ms,GD=0.43ms,CPU&GPU=9.06ms,LCnt=3(DR0,LM2),GPU%=0.75,CPU%=0.22(W0.29),DSF=1.00,CFL=17.02/20.58
12-30 18:40:25.003  3134 20433 I VrApi   : FPS=90/90,Prd=29ms,Tear=0,Early=0,Stale=0,VSnc=0,Lat=-1,Fov=0,CPU4/GPU=2/3,1171/490MHz,OC=FF,TA=0/70/0,SP=N/F/N,Mem=2092MHz,Free=7333MB,PLS=0,Temp=19.0C/0.0C,TW=2.03ms,App=5.60ms,GD=0.46ms,CPU&GPU=9.19ms,LCnt=3(DR0,LM2),GPU%=0.75,CPU%=0.21(W0.30),DSF=1.00,CFL=17.06/20.84
12-30 18:40:26.004  3134 20433 I VrApi   : FPS=90/90,Prd=29ms,Tear=0,Early=0,Stale=0,VSnc=0,Lat=-1,Fov=0,CPU4/GPU=2/3,1171/490MHz,OC=FF,TA=0/70/0,SP=N/F/N,Mem=2092MHz,Free=7333MB,PLS=0,Temp=19.0C/0.0C,TW=2.03ms,App=5.71ms,GD=0.46ms,CPU&GPU=9.34ms,LCnt=3(DR0,LM2),GPU%=0.76,CPU%=0.23(W0.25),DSF=1.00,CFL=17.00/20.52
12-30 18:40:27.004  3134 20433 I VrApi   : FPS=90/90,Prd=29ms,Tear=0,Early=0,Stale=0,VSnc=0,Lat=-1,Fov=0,CPU4/GPU=2/3,1171/490MHz,OC=FF,TA=0/70/0,SP=N/F/N,Mem=2092MHz,Free=7333MB,PLS=0,Temp=19.0C/0.0C,TW=2.01ms,App=5.69ms,GD=0.43ms,CPU&GPU=9.44ms,LCnt=3(DR0,LM2),GPU%=0.76,CPU%=0.22(W0.25),DSF=1.00,CFL=17.03/21.43
12-30 18:40:28.005  3134 20433 I VrApi   : FPS=90/90,Prd=29ms,Tear=0,Early=0,Stale=0,VSnc=0,Lat=-1,Fov=0,CPU4/GPU=2/3,1171/490MHz,OC=FF,TA=0/70/0,SP=N/F/N,Mem=2092MHz,Free=7333MB,PLS=0,Temp=19.0C/0.0C,TW=1.67ms,App=5.80ms,GD=0.37ms,CPU&GPU=10.88ms,LCnt=3(DR0,LM2),GPU%=0.88,CPU%=0.21(W0.26),DSF=1.00,CFL=17.06/20.48
12-30 18:40:29.006  3134 20433 I VrApi   : FPS=90/90,Prd=29ms,Tear=0,Early=0,Stale=0,VSnc=0,Lat=-1,Fov=0,CPU4/GPU=2/3,1171/490MHz,OC=FF,TA=0/70/0,SP=N/F/N,Mem=2092MHz,Free=7333MB,PLS=0,Temp=19.0C/0.0C,TW=2.27ms,App=5.51ms,GD=0.36ms,CPU&GPU=11.10ms,LCnt=3(DR50,LM3),GPU%=0.88,CPU%=0.21(W0.29),DSF=1.00,CFL=17.10/20.46
12-30 18:40:30.003  3134 20433 I VrApi   : FPS=90/90,Prd=29ms,Tear=0,Early=0,Stale=0,VSnc=0,Lat=-1,Fov=0,CPU4/GPU=2/3,1171/490MHz,OC=FF,TA=0/70/0,SP=N/F/N,Mem=2092MHz,Free=7333MB,PLS=0,Temp=19.0C/0.0C,TW=1.98ms,App=5.30ms,GD=0.39ms,CPU&GPU=9.24ms,LCnt=3(DR45,LM2),GPU%=0.73,CPU%=0.23(W0.33),DSF=1.00,CFL=16.90/20.70
12-30 18:40:31.006  3134 20433 I VrApi   : FPS=90/90,Prd=28ms,Tear=0,Early=0,Stale=0,VSnc=0,Lat=-1,Fov=0,CPU4/GPU=2/3,1171/490MHz,OC=FF,TA=0/70/0,SP=N/F/N,Mem=2092MHz,Free=7333MB,PLS=0,Temp=19.0C/0.0C,TW=1.80ms,App=4.86ms,GD=0.35ms,CPU&GPU=8.47ms,LCnt=3(DR0,LM2),GPU%=0.68,CPU%=0.18(W0.26),DSF=1.00,CFL=17.03/20.46
12-30 18:40:32.005  3134 20433 I VrApi   : FPS=90/90,Prd=27ms,Tear=0,Early=0,Stale=0,VSnc=0,Lat=-1,Fov=0,CPU4/GPU=2/3,1171/490MHz,OC=FF,TA=0/70/0,SP=N/F/N,Mem=1804MHz,Free=7333MB,PLS=0,Temp=19.0C/0.0C,TW=2.25ms,App=1.23ms,GD=0.00ms,CPU&GPU=5.71ms,LCnt=2(DR14,LM2),GPU%=0.56,CPU%=0.15(W0.19),DSF=1.00,CFL=17.13/20.69
12-30 18:40:33.006  3134 20433 I VrApi   : FPS=90/90,Prd=22ms,Tear=0,Early=0,Stale=0,VSnc=0,Lat=-1,Fov=0,CPU4/GPU=2/3,1171/490MHz,OC=FF,TA=0/70/0,SP=N/F/N,Mem=2092MHz,Free=7333MB,PLS=0,Temp=19.0C/0.0C,TW=2.24ms,App=0.99ms,GD=0.00ms,CPU&GPU=1.83ms,LCnt=3(DR11,LM2),GPU%=0.44,CPU%=0.10(W0.15),DSF=1.00,CFL=17.14/20.82
12-30 18:40:34.004  3134 20433 I VrApi   : FPS=90/90,Prd=21ms,Tear=0,Early=0,Stale=0,VSnc=0,Lat=-1,Fov=0,CPU4/GPU=2/3,1171/490MHz,OC=FF,TA=0/70/0,SP=N/F/N,Mem=2092MHz,Free=7333MB,PLS=0,Temp=19.0C/0.0C,TW=2.23ms,App=1.00ms,GD=0.00ms,CPU&GPU=1.85ms,LCnt=3(DR0,LM2),GPU%=0.44,CPU%=0.12(W0.19),DSF=1.00,CFL=16.97/20.70
12-30 18:40:35.008  3134 20433 I VrApi   : FPS=90/90,Prd=21ms,Tear=0,Early=0,Stale=0,VSnc=0,Lat=-1,Fov=0,CPU4/GPU=2/3,1171/490MHz,OC=FF,TA=0/70/0,SP=N/F/N,Mem=2092MHz,Free=7333MB,PLS=0,Temp=19.0C/0.0C,TW=2.24ms,App=1.00ms,GD=0.00ms,CPU&GPU=1.93ms,LCnt=3(DR0,LM2),GPU%=0.45,CPU%=0.14(W0.24),DSF=1.00,CFL=16.98/20.98
12-30 18:40:36.004  3134 20433 I VrApi   : FPS=90/90,Prd=21ms,Tear=0,Early=0,Stale=0,VSnc=0,Lat=-1,Fov=0,CPU4/GPU=2/3,1171/490MHz,OC=FF,TA=0/70/0,SP=N/F/N,Mem=2092MHz,Free=7333MB,PLS=0,Temp=19.0C/0.0C,TW=2.24ms,App=0.99ms,GD=0.00ms,CPU&GPU=1.88ms,LCnt=3(DR0,LM2),GPU%=0.45,CPU%=0.14(W0.23),DSF=1.00,CFL=17.06/20.87
12-30 18:40:37.007  3134 20433 I VrApi   : FPS=90/90,Prd=21ms,Tear=0,Early=0,Stale=0,VSnc=0,Lat=-1,Fov=0,CPU4/GPU=2/3,1171/490MHz,OC=FF,TA=0/70/0,SP=N/F/N,Mem=1555MHz,Free=7333MB,PLS=0,Temp=19.0C/0.0C,TW=2.25ms,App=0.99ms,GD=0.00ms,CPU&GPU=2.44ms,LCnt=3(DR0,LM2),GPU%=0.46,CPU%=0.10(W0.14),DSF=1.00,CFL=16.93/20.75
12-30 18:40:38.016  3134 20433 I VrApi   : FPS=90/90,Prd=22ms,Tear=0,Early=0,Stale=0,VSnc=0,Lat=-1,Fov=0,CPU4/GPU=2/3,1171/490MHz,OC=FF,TA=0/70/0,SP=N/F/N,Mem=2092MHz,Free=8357MB,PLS=0,Temp=19.0C/0.0C,TW=2.23ms,App=1.01ms,GD=0.00ms,CPU&GPU=3.54ms,LCnt=3(DR0,LM2),GPU%=0.44,CPU%=0.08(W0.20),DSF=1.00,CFL=17.18/20.67
12-30 18:40:39.006  3134 20433 I VrApi   : FPS=90/90,Prd=23ms,Tear=0,Early=0,Stale=0,VSnc=0,Lat=-1,Fov=0,CPU4/GPU=2/3,1171/490MHz,OC=FF,TA=0/70/0,SP=N/F/N,Mem=1555MHz,Free=8357MB,PLS=0,Temp=19.0C/0.0C,TW=2.23ms,App=0.99ms,GD=0.00ms,CPU&GPU=2.06ms,LCnt=3(DR0,LM2),GPU%=0.44,CPU%=0.09(W0.11),DSF=1.00,CFL=16.90/20.92
12-30 18:40:40.004  3134 20433 I VrApi   : FPS=90/90,Prd=22ms,Tear=0,Early=0,Stale=0,VSnc=0,Lat=-1,Fov=0,CPU4/GPU=2/3,1171/490MHz,OC=FF,TA=0/70/0,SP=N/F/N,Mem=2092MHz,Free=8357MB,PLS=0,Temp=19.0C/0.0C,TW=2.26ms,App=0.99ms,GD=0.00ms,CPU&GPU=3.08ms,LCnt=3(DR0,LM2),GPU%=0.44,CPU%=0.14(W0.24),DSF=1.00,CFL=17.08/20.32
12-30 18:40:41.004  3134 20433 I VrApi   : FPS=90/90,Prd=23ms,Tear=0,Early=0,Stale=0,VSnc=0,Lat=-1,Fov=0,CPU4/GPU=2/3,1171/490MHz,OC=FF,TA=0/70/0,SP=N/F/N,Mem=2092MHz,Free=8357MB,PLS=0,Temp=19.2C/0.0C,TW=2.25ms,App=1.07ms,GD=0.00ms,CPU&GPU=3.32ms,LCnt=3(DR0,LM2),GPU%=0.45,CPU%=0.13(W0.24),DSF=1.00,CFL=17.01/21.04
12-30 18:40:42.004  3134 20433 I VrApi   : FPS=90/90,Prd=22ms,Tear=0,Early=0,Stale=0,VSnc=0,Lat=-1,Fov=0,CPU4/GPU=2/3,1171/490MHz,OC=FF,TA=0/70/0,SP=N/F/N,Mem=2092MHz,Free=8357MB,PLS=0,Temp=19.2C/0.0C,TW=2.24ms,App=1.05ms,GD=0.00ms,CPU&GPU=3.33ms,LCnt=3(DR0,LM2),GPU%=0.45,CPU%=0.12(W0.20),DSF=1.00,CFL=17.15/20.63
12-30 18:40:43.005  3134 20433 I VrApi   : FPS=90/90,Prd=22ms,Tear=0,Early=0,Stale=0,VSnc=0,Lat=-1,Fov=0,CPU4/GPU=2/3,1171/490MHz,OC=FF,TA=0/70/0,SP=N/F/N,Mem=2092MHz,Free=8357MB,PLS=0,Temp=19.2C/0.0C,TW=2.23ms,App=1.07ms,GD=0.00ms,CPU&GPU=3.36ms,LCnt=3(DR0,LM2),GPU%=0.45,CPU%=0.10(W0.25),DSF=1.00,CFL=17.21/20.81
