--------- beginning of main
--------- beginning of system
--------- beginning of crash
--------- beginning of tracking
12-30 18:10:42.003  3134 31240 I VrApi   : FPS=90/90,Prd=36ms,Tear=0,Early=89,Stale=0,VSnc=0,Lat=-1,Fov=0,CPU4/GPU=3/3,2419/490MHz,OC=FF,TA=0/70/0,SP=N/F/N,Mem=2092MHz,Free=8516MB,PLS=0,Temp=17.2C/0.0C,TW=3.30ms,App=1.72ms,GD=0.22ms,CPU&GPU=4.21ms,LCnt=5(DR0,LM2),GPU%=0.63,CPU%=0.10(W0.15),DSF=1.00,CFL=18.17/21.97
12-30 18:10:43.003  3134 31240 I VrApi   : FPS=89/90,Prd=33ms,Tear=0,Early=66,Stale=1,VSnc=0,Lat=-1,Fov=0,CPU4/GPU=2/3,2419/490MHz,OC=FF,TA=0/70/0,SP=N/F/N,Mem=2092MHz,Free=8516MB,PLS=0,Temp=17.2C/0.0C,TW=3.37ms,App=1.58ms,GD=0.14ms,CPU&GPU=5.68ms,LCnt=5(DR0,LM2),GPU%=0.62,CPU%=0.14(W0.20),DSF=1.00,CFL=18.16/21.74
12-30 18:10:44.003  3134 31240 I VrApi   : FPS=89/90,Prd=30ms,Tear=0,Early=37,Stale=1,VSnc=0,Lat=-1,Fov=0,CPU4/GPU=2/3,2419/490MHz,OC=FF,TA=0/70/0,SP=N/F/N,Mem=2092MHz,Free=8516MB,PLS=0,Temp=17.2C/0.0C,TW=3.34ms,App=1.92ms,GD=0.14ms,CPU&GPU=6.12ms,LCnt=5(DR0,LM2),GPU%=0.70,CPU%=0.29(W0.39),DSF=1.00,CFL=18.30/21.42
12-30 18:10:45.003  3134 31240 I VrApi   : FPS=89/90,Prd=31ms,Tear=0,Early=24,Stale=1,VSnc=0,Lat=-1,Fov=0,CPU4/GPU=2/3,1171/490MHz,OC=FF,TA=0/70/0,SP=N/F/N,Mem=1555MHz,Free=8516MB,PLS=0,Temp=17.2C/0.0C,TW=2.03ms,App=5.04ms,GD=0.51ms,CPU&GPU=8.40ms,LCnt=3(DR20,LM3),GPU%=0.70,CPU%=0.34(W0.44),DSF=1.00,CFL=18.21/22.06
12-30 18:10:46.003  3134 31240 I VrApi   : FPS=90/90,Prd=32ms,Tear=0,Early=0,Stale=0,VSnc=0,Lat=-1,Fov=0,CPU4/GPU=2/3,1171/490MHz,OC=FF,TA=0/70/0,SP=N/F/N,Mem=2092MHz,Free=8516MB,PLS=0,Temp=17.2C/0.0C,TW=2.02ms,App=5.18ms,GD=0.38ms,CPU&GPU=8.70ms,LCnt=3(DR5,LM2),GPU%=0.71,CPU%=0.24(W0.30),DSF=1.00,CFL=18.21/21.65
12-30 18:10:47.003  3134 31240 I VrApi   : FPS=90/90,Prd=31ms,Tear=0,Early=0,Stale=0,VSnc=0,Lat=-1,Fov=0,CPU4/GPU=2/3,1171/490MHz,OC=FF,TA=0/70/0,SP=N/F/N,Mem=2092MHz,Free=8516MB,PLS=0,Temp=17.2C/0.0C,TW=2.02ms,App=4.89ms,GD=0.54ms,CPU&GPU=8.81ms,LCnt=3(DR0,LM2),GPU%=0.70,CPU%=0.19(W0.33),DSF=1.00,CFL=18.20/21.32
12-30 18:10:48.003  3134 31240 I VrApi   : FPS=90/90,Prd=31ms,Tear=0,Early=0,Stale=0,VSnc=0,Lat=-1,Fov=0,CPU4/GPU=2/3,1171/490MHz,OC=FF,TA=0/70/0,SP=N/F/N,Mem=2092MHz,Free=8516MB,PLS=0,Temp=17.2C/0.0C,TW=1.60ms,App=5.79ms,GD=0.65ms,CPU&GPU=8.56ms,LCnt=3(DR0,LM2),GPU%=0.70,CPU%=0.24(W0.33),DSF=1.00,CFL=18.15/21.78
12-30 18:10:49.003  3134 31240 I VrApi   : FPS=90/90,Prd=30ms,Tear=0,Early=0,Stale=0,VSnc=0,Lat=-1,Fov=0,CPU4/GPU=2/3,1171/490MHz,OC=FF,TA=0/70/0,SP=N/F/N,Mem=2092MHz,Free=8516MB,PLS=0,Temp=17.2C/0.0C,TW=1.16ms,App=5.65ms,GD=0.59ms,CPU&GPU=9.02ms,LCnt=2(DR60,LM2),GPU%=0.73,CPU%=0.26(W0.32),DSF=1.00,CFL=18.26/22.34
12-30 18:10:50.004  3134 31240 I VrApi   : FPS=90/90,Prd=30ms,Tear=0,Early=0,Stale=0,VSnc=0,Lat=-1,Fov=0,CPU4/GPU=2/3,1171/490MHz,OC=FF,TA=0/70/0,SP=N/F/N,Mem=2092MHz,Free=8516MB,PLS=0,Temp=17.2C/0.0C,TW=2.04ms,App=5.50ms,GD=0.46ms,CPU&GPU=8.99ms,LCnt=3(DR41,LM2),GPU%=0.75,CPU%=0.27(W0.36),DSF=1.00,CFL=18.15/22.24
12-30 18:10:51.003  3134 31240 I VrApi   : FPS=90/90,Prd=30ms,Tear=0,Early=0,Stale=0,VSnc=0,Lat=-1,Fov=0,CPU4/GPU=2/3,1171/490MHz,OC=FF,TA=0/70/0,SP=N/F/N,Mem=2092MHz,Free=8516MB,PLS=0,Temp=17.2C/0.0C,TW=2.00ms,App=5.45ms,GD=0.55ms,CPU&GPU=9.26ms,LCnt=3(DR0,LM2),GPU%=0.74,CPU%=0.22(W0.32),DSF=1.00,CFL=18.24/21.68
12-30 18:10:52.004  3134 31240 I VrApi   : FPS=90/90,Prd=30ms,Tear=0,Early=0,Stale=0,VSnc=0,Lat=-1,Fov=0,CPU4/GPU=2/3,1171/490MHz,OC=FF,TA=0/70/0,SP=N/F/N,Mem=2092MHz,Free=8516MB,PLS=0,Temp=17.2C/0.0C,TW=2.02ms,App=5.68ms,GD=0.42ms,CPU&GPU=9.36ms,LCnt=3(DR0,LM2),GPU%=0.77,CPU%=0.20(W0.25),DSF=1.00,CFL=18.17/21.51
12-30 18:10:53.004  3134 31240 I VrApi   : FPS=90/90,Prd=30ms,Tear=0,Early=0,Stale=0,VSnc=0,Lat=-1,Fov=0,CPU4/GPU=2/3,1171/490MHz,OC=FF,TA=0/70/0,SP=N/F/N,Mem=2092MHz,Free=8516MB,PLS=0,Temp=17.2C/0.0C,TW=1.29ms,App=5.72ms,GD=0.32ms,CPU&GPU=8.59ms,LCnt=2(DR7,LM2),GPU%=0.81,CPU%=0.27(W0.36),DSF=1.00,CFL=18.06/21.84
12-30 18:10:54.005  3134 31240 I VrApi   : FPS=90/90,Prd=30ms,Tear=0,Early=0,Stale=0,VSnc=0,Lat=-1,Fov=0,CPU4/GPU=2/3,1171/490MHz,OC=FF,TA=0/70/0,SP=N/F/N,Mem=1555MHz,Free=8516MB,PLS=0,Temp=17.2C/0.0C,TW=1.70ms,App=5.11ms,GD=0.25ms,CPU&GPU=9.79ms,LCnt=3(DR90,LM3),GPU%=0.80,CPU%=0.24(W0.36),DSF=1.00,CFL=18.01/21.74
12-30 18:10:55.005  3134 31240 I VrApi   : FPS=90/90,Prd=30ms,Tear=0,Early=0,Stale=0,VSnc=0,Lat=-1,Fov=0,CPU4/GPU=2/3,1171/490MHz,OC=FF,TA=0/70/0,SP=N/F/N,Mem=1804MHz,Free=8516MB,PLS=0,Temp=17.2C/0.0C,TW=1.64ms,App=5.20ms,GD=0.24ms,CPU&GPU=9.82ms,LCnt=3(DR90,LM3),GPU%=0.79,CPU%=0.21(W0.25),DSF=1.00,CFL=18.12/21.43
12-30 18:10:56.005  3134 31240 I VrApi   : FPS=90/90,Prd=30ms,Tear=0,Early=0,Stale=0,VSnc=0,Lat=-1,Fov=0,CPU4/GPU=2/3,1171/490MHz,OC=FF,TA=0/70/0,SP=N/F/N,Mem=2092MHz,Free=8516MB,PLS=0,Temp=17.2C/0.0C,TW=1.64ms,App=5.12ms,GD=0.24ms,CPU&GPU=9.84ms,LCnt=3(DR90,LM3),GPU%=0.79,CPU%=0.24(W0.35),DSF=1.00,CFL=18.08/21.07
12-30 18:10:57.005  3134 31240 I VrApi   : FPS=90/90,Prd=30ms,Tear=0,Early=0,Stale=0,VSnc=0,Lat=-1,Fov=0,CPU4/GPU=2/3,1171/490MHz,OC=FF,TA=0/70/0,SP=N/F/N,Mem=2092MHz,Free=8516MB,PLS=0,Temp=17.5C/0.0C,TW=1.65ms,App=5.22ms,GD=0.26ms,CPU&GPU=9.81ms,LCnt=3(DR90,LM3),GPU%=0.82,CPU%=0.23(W0.25),DSF=1.00,CFL=18.09/21.57
12-30 18:10:58.005  3134 31240 I VrApi   : FPS=90/90,Prd=30ms,Tear=0,Early=0,Stale=0,VSnc=0,Lat=-1,Fov=0,CPU4/GPU=2/3,1171/490MHz,OC=FF,TA=0/70/0,SP=N/F/N,Mem=2092MHz,Free=8516MB,PLS=0,Temp=17.5C/0.0C,TW=1.64ms,App=6.18ms,GD=0.15ms,CPU&GPU=10.75ms,LCnt=3(DR90,LM3),GPU%=0.88,CPU%=0.23(W0.29),DSF=1.00,CFL=18.00/22.28
12-30 18:10:59.011  3134 31240 I VrApi   : FPS=90/90,Prd=30ms,Tear=0,Early=0,Stale=0,VSnc=0,Lat=-1,Fov=0,CPU4/GPU=2/4,2419/525MHz,OC=FF,TA=0/70/0,SP=N/F/N,Mem=2092MHz,Free=8398MB,PLS=0,Temp=17.5C/0.0C,TW=1.77ms,App=4.27ms,GD=0.14ms,CPU&GPU=11.07ms,LCnt=3(DR90,LM3),GPU%=0.46,CPU%=0.17(W0.24),DSF=1.00,CFL=18.02/20.99
12-30 18:11:00.004  3134 31240 I VrApi   : FPS=88/90,Prd=28ms,Tear=0,Early=4,Stale=2,VSnc=0,Lat=-1,Fov=0,CPU4/GPU=2/4,2419/525MHz,OC=FF,TA=0/70/0,SP=N/F/N,Mem=2092MHz,Free=8398MB,PLS=0,Temp=17.5C/0.0C,TW=3.03ms,App=1.42ms,GD=0.12ms,CPU&GPU=5.89ms,LCnt=4(DR34,LM2),GPU%=0.56,CPU%=0.19(W0.22),DSF=1.00,CFL=18.10/21.54
12-30 18:11:01.004  3134 31240 I VrApi   : FPS=90/90,Prd=28ms,Tear=0,Early=0,Stale=0,VSnc=0,Lat=-1,Fov=0,CPU4/GPU=2/3,2419/490MHz,OC=FF,TA=0/70/0,SP=N/F/N,Mem=2092MHz,Free=8398MB,PLS=0,Temp=17.5C/0.0C,TW=3.02ms,App=1.26ms,GD=0.12ms,CPU&GPU=6.32ms,LCnt=4(DR0,LM2),GPU%=0.55,CPU%=0.15(W0.19),DSF=1.00,CFL=18.23/21.26
12-30 18:11:02.004  3134 31240 I VrApi   : FPS=90/90,Prd=28ms,Tear=0,Early=0,Stale=0,VSnc=0,Lat=-1,Fov=0,CPU4/GPU=2/3,2419/490MHz,OC=FF,TA=0/70/0,SP=N/F/N,Mem=2092MHz,Free=8398MB,PLS=0,Temp=17.5C/0.0C,TW=3.20ms,App=1.36ms,GD=0.14ms,CPU&GPU=6.37ms,LCnt=4(DR0,LM2),GPU%=0.58,CPU%=0.16(W0.24),DSF=1.00,CFL=18.14/21.83
12-30 18:11:03.005  3134 31240 I VrApi   : FPS=90/90,Prd=28ms,Tear=0,Early=0,Stale=0,VSnc=0,Lat=-1,Fov=0,CPU4/GPU=2/3,2419/490MHz,OC=FF,TA=0/70/0,SP=N/F/N,Mem=2092MHz,Free=8398MB,PLS=0,Temp=17.5C/0.0C,TW=3.07ms,App=1.31ms,GD=0.14ms,CPU&GPU=6.98ms,LCnt=4(DR0,LM2),GPU%=0.56,CPU%=0.12(W0.20),DSF=1.00,CFL=17.97/21.56
12-30 18:11:04.005  3134 31240 I VrApi   : FPS=90/90,Prd=28ms,Tear=0,Early=0,Stale=0,VSnc=0,Lat=-1,Fov=0,CPU4/GPU=2/3,1171/490MHz,OC=FF,TA=0/70/0,SP=N/F/N,Mem=2092MHz,Free=8398MB,PLS=0,Temp=17.5C/0.0C,TW=3.10ms,App=1.32ms,GD=0.14ms,CPU&GPU=6.47ms,LCnt=4(DR0,LM2),GPU%=0.58,CPU%=0.22(W0.24),DSF=1.00,CFL=18.15/22.20
12-30 18:11:05.005  3134 31240 I VrApi   : FPS=90/90,Prd=28ms,Tear=0,Early=0,Stale=0,VSnc=0,Lat=-1,Fov=0,CPU4/GPU=2/3,1171/490MHz,OC=FF,TA=0/70/0,SP=N/F/N,Mem=2092MHz,Free=8398MB,PLS=0,Temp=17.5C/0.0C,TW=3.12ms,App=1.33ms,GD=0.14ms,CPU&GPU=6.65ms,LCnt=4(DR0,LM2),GPU%=0.59,CPU%=0.20(W0.23),DSF=1.00,CFL=18.03/21.79
12-30 18:11:06.005  3134 31240 I VrApi   : FPS=90/90,Prd=29ms,Tear=0,Early=0,Stale=0,VSnc=0,Lat=-1,Fov=0,CPU4/GPU=2/3,1171/490MHz,OC=FF,TA=0/70/0,SP=N/F/N,Mem=2092MHz,Free=8398MB,PLS=0,Temp=17.5C/0.0C,TW=3.08ms,App=1.17ms,GD=0.14ms,CPU&GPU=7.05ms,LCnt=4(DR0,LM2),GPU%=0.57,CPU%=0.17(W0.27),DSF=1.00,CFL=18.13/21.42
12-30 18:11:07.006  3134 31240 I VrApi   : FPS=90/90,Prd=28ms,Tear=0,Early=0,Stale=0,VSnc=0,Lat=-1,Fov=0,CPU4/GPU=2/3,1171/490MHz,OC=FF,TA=0/70/0,SP=N/F/N,Mem=2092MHz,Free=8398MB,PLS=0,Temp=17.5C/0.0C,TW=3.14ms,App=1.28ms,GD=0.21ms,CPU&GPU=7.33ms,LCnt=4(DR0,LM2),GPU%=0.57,CPU%=0.15(W0.27),DSF=1.00,CFL=18.10/21.11
12-30 18:11:08.006  3134 31240 I VrApi   : FPS=90/90,Prd=28ms,Tear=0,Early=0,Stale=0,VSnc=0,Lat=-1,Fov=0,CPU4/GPU=2/3,1171/490MHz,OC=FF,TA=0/70/0,SP=N/F/N,Mem=2092MHz,Free=8398MB,PLS=0,Temp=17.5C/0.0C,TW=3.13ms,App=1.35ms,GD=0.26ms,CPU&GPU=7.25ms,LCnt=4(DR0,LM2),GPU%=0.57,CPU%=0.21(W0.32),DSF=1.00,CFL=18.09/21.64
12-30 18:11:09.006  3134 31240 I VrApi   : FPS=90/90,Prd=28ms,Tear=0,Early=0,Stale=0,VSnc=0,Lat=-1,Fov=0,CPU4/GPU=2/3,1171/490MHz,OC=FF,TA=0/70/0,SP=N/F/N,Mem=2092MHz,Free=8398MB,PLS=0,Temp=17.5C/0.0C,TW=3.24ms,App=1.32ms,GD=0.26ms,CPU&GPU=7.26ms,LCnt=4(DR0,LM2),GPU%=0.59,CPU%=0.26(W0.32),DSF=1.00,CFL=18.26/22.27
12-30 18:11:10.005  3134 31240 I VrApi   : FPS=90/90,Prd=29ms,Tear=0,Early=0,Stale=1,VSnc=0,Lat=-1,Fov=0,CPU4/GPU=2/3,1171/490MHz,OC=FF,TA=0/70/0,SP=N/F/N,Mem=2092MHz,Free=8398MB,PLS=0,Temp=17.5C/0.0C,TW=2.02ms,App=5.56ms,GD=0.70ms,CPU&GPU=10.32ms,LCnt=4(DR0,LM3),GPU%=0.76,CPU%=0.24(W0.36),DSF=1.00,CFL=18.04/21.08
12-30 18:11:11.005  3134 31240 I VrApi   : FPS=90/90,Prd=31ms,Tear=0,Early=0,Stale=0,VSnc=0,Lat=-1,Fov=0,CPU4/GPU=2/3,1171/490MHz,OC=FF,TA=0/70/0,SP=N/F/N,Mem=2092MHz,Free=8398MB,PLS=0,Temp=17.5C/0.0C,TW=2.02ms,App=5.60ms,GD=1.00ms,CPU&GPU=9.63ms,LCnt=3(DR0,LM2),GPU%=0.79,CPU%=0.23(W0.36),DSF=1.00,CFL=18.04/21.63
12-30 18:11:12.006  3134 31240 I VrApi   : FPS=90/90,Prd=31ms,Tear=0,Early=0,Stale=0,VSnc=0,Lat=-1,Fov=0,CPU4/GPU=2/3,1171/490MHz,OC=FF,TA=0/70/0,SP=N/F/N,Mem=2092MHz,Free=8398MB,PLS=0,Temp=17.5C/0.0C,TW=2.02ms,App=5.58ms,GD=0.29ms,CPU&GPU=9.46ms,LCnt=3(DR0,LM2),GPU%=0.73,CPU%=0.23(W0.30),DSF=1.00,CFL=17.97/21.28
12-30 18:11:13.010  3134 31240 I VrApi   : FPS=90/90,Prd=31ms,Tear=0,Early=0,Stale=0,VSnc=0,Lat=-1,Fov=0,CPU4/GPU=2/3,1171/490MHz,OC=FF,TA=0/70/0,SP=N/F/N,Mem=2092MHz,Free=8398MB,PLS=0,Temp=17.5C/0.0C,TW=2.28ms,App=5.66ms,GD=0.14ms,CPU&GPU=11.07ms,LCnt=4(DR0,LM3),GPU%=0.87,CPU%=0.27(W0.30),DSF=1.00,CFL=17.98/21.90
12-30 18:11:14.008  3134 31240 I VrApi   : FPS=90/90,Prd=32ms,Tear=0,Early=0,Stale=0,VSnc=0,Lat=-1,Fov=0,CPU4/GPU=2/4,2419/525MHz,OC=FF,TA=0/70/0,SP=N/F/N,Mem=2092MHz,Free=8398MB,PLS=0,Temp=17.5C/0.0C,TW=1.95ms,App=1.41ms,GD=0.13ms,CPU&GPU=11.22ms,LCnt=4(DR0,LM3),GPU%=0.60,CPU%=0.27(W0.30),DSF=1.00,CFL=18.00/21.53
12-30 18:11:15.012  3134 31240 I VrApi   : FPS=88/90,Prd=29ms,Tear=0,Early=6,Stale=2,VSnc=0,Lat=-1,Fov=0,CPU4/GPU=2/4,2419/525MHz,OC=FF,TA=0/70/0,SP=N/F/N,Mem=2092MHz,Free=8398MB,PLS=0,Temp=17.5C/0.0C,TW=3.07ms,App=1.38ms,GD=0.45ms,CPU&GPU=5.88ms,LCnt=4(DR14,LM2),GPU%=0.58,CPU%=0.12(W0.15),DSF=1.00,CFL=18.08/21.90
12-30 18:11:16.006  3134 31240 I VrApi   : FPS=90/90,Prd=29ms,Tear=0,Early=0,Stale=0,VSnc=0,Lat=-1,Fov=0,CPU4/GPU=2/3,2419/490MHz,OC=FF,TA=0/70/0,SP=N/F/N,Mem=2092MHz,Free=8398MB,PLS=0,Temp=17.5C/0.0C,TW=1.14ms,App=5.18ms,GD=0.55ms,CPU&GPU=7.25ms,LCnt=2(DR37,LM2),GPU%=0.63,CPU%=0.22(W0.32),DSF=1.00,CFL=18.06/21.77
12-30 18:11:17.007  3134 31240 I VrApi   : FPS=90/90,Prd=29ms,Tear=0,Early=0,Stale=0,VSnc=0,Lat=-1,Fov=0,CPU4/GPU=2/3,2419/490MHz,OC=FF,TA=0/70/0,SP=N/F/N,Mem=2092MHz,Free=8398MB,PLS=0,Temp=17.5C/0.0C,TW=1.15ms,App=5.44ms,GD=0.44ms,CPU&GPU=8.19ms,LCnt=2(DR90,LM2),GPU%=0.65,CPU%=0.19(W0.26),DSF=1.00,CFL=18.10/21.48
12-30 18:11:18.008  3134 31240 I VrApi   : FPS=90/90,Prd=29ms,Tear=0,Early=0,Stale=0,VSnc=0,Lat=-1,Fov=0,CPU4/GPU=2/3,2419/490MHz,OC=FF,TA=0/70/0,SP=N/F/N,Mem=2092MHz,Free=8398MB,PLS=0,Temp=17.5C/0.0C,TW=1.14ms,App=5.62ms,GD=0.33ms,CPU&GPU=8.20ms,LCnt=2(DR90,LM2),GPU%=0.68,CPU%=0.14(W0.16),DSF=1.00,CFL=18.04/21.80
12-30 18:11:19.039  3134 31240 I VrApi   : FPS=90/90,Prd=29ms,Tear=0,Early=0,Stale=0,VSnc=0,Lat=-1,Fov=0,CPU4/GPU=2/3,1171/490MHz,OC=FF,TA=0/70/0,SP=N/F/N,Mem=2092MHz,Free=8473MB,PLS=0,Temp=17.5C/0.0C,TW=1.16ms,App=5.76ms,GD=0.33ms,CPU&GPU=8.15ms,LCnt=2(DR90,LM2),GPU%=0.68,CPU%=0.22(W0.30),DSF=1.00,CFL=18.10/21.67
12-30 18:11:20.007  3134 31240 I VrApi   : FPS=90/90,Prd=29ms,Tear=0,Early=0,Stale=0,VSnc=0,Lat=-1,Fov=0,CPU4/GPU=2/3,1171/490MHz,OC=FF,TA=0/70/0,SP=N/F/N,Mem=2092MHz,Free=8473MB,PLS=0,Temp=17.5C/0.0C,TW=2.02ms,App=5.73ms,GD=0.73ms,CPU&GPU=9.47ms,LCnt=3(DR43,LM2),GPU%=0.78,CPU%=0.20(W0.27),DSF=1.00,CFL=17.93/22.33
12-30 18:11:21.008  3134 31240 I VrApi   : FPS=90/90,Prd=30ms,Tear=0,Early=0,Stale=0,VSnc=0,Lat=-1,Fov=0,CPU4/GPU=2/3,1171/490MHz,OC=FF,TA=0/70/0,SP=N/F/N,Mem=2092MHz,Free=8473MB,PLS=0,Temp=17.7C/0.0C,TW=1.15ms,App=5.52ms,GD=0.24ms,CPU&GPU=9.26ms,LCnt=2(DR22,LM2),GPU%=0.68,CPU%=0.23(W0.33),DSF=1.00,CFL=17.95/21.01
12-30 18:11:22.007  3134 31240 I VrApi   : FPS=90/90,Prd=29ms,Tear=0,Early=0,Stale=0,VSnc=0,Lat=-1,Fov=0,CPU4/GPU=2/3,1171/490MHz,OC=FF,TA=0/70/0,SP=N/F/N,Mem=2092MHz,Free=8473MB,PLS=0,Temp=17.7C/0.0C,TW=1.04ms,App=5.06ms,GD=0.25ms,CPU&GPU=7.79ms,LCnt=2(DR90,LM2),GPU%=0.62,CPU%=0.22(W0.25),DSF=1.00,CFL=17.84/21.62
12-30 18:11:23.007  3134 31240 I VrApi   : FPS=90/90,Prd=27ms,Tear=0,Early=0,Stale=0,VSnc=0,Lat=-1,Fov=0,CPU4/GPU=2/3,1171/490MHz,OC=FF,TA=0/70/0,SP=N/F/N,Mem=2092MHz,Free=8473MB,PLS=0,Temp=17.7C/0.0C,TW=0.85ms,App=5.11ms,GD=0.00ms,CPU&GPU=6.82ms,LCnt=1(DR90,LM0),GPU%=0.56,CPU%=0.23(W0.24),DSF=1.00,CFL=18.17/21.28
12-30 18:11:24.010  3134 31240 I VrApi   : FPS=90/90,Prd=27ms,Tear=0,Early=0,Stale=0,VSnc=0,Lat=-1,Fov=0,CPU4/GPU=2/3,1171/490MHz,OC=FF,TA=0/70/0,SP=N/F/N,Mem=1555MHz,Free=8473MB,PLS=0,Temp=17.7C/0.0C,TW=0.84ms,App=5.24ms,GD=0.00ms,CPU&GPU=6.86ms,LCnt=1(DR90,LM0),GPU%=0.58,CPU%=0.24(W0.32),DSF=1.00,CFL=17.88/21.87
12-30 18:11:25.007  3134 31240 I VrApi   : FPS=90/90,Prd=27ms,Tear=0,Early=0,Stale=0,VSnc=0,Lat=-1,Fov=0,CPU4/GPU=2/3,1171/490MHz,OC=FF,TA=0/70/0,SP=N/F/N,Mem=1555MHz,Free=8473MB,PLS=0,Temp=17.7C/0.0C,TW=0.82ms,App=5.32ms,GD=0.00ms,CPU&GPU=7.07ms,LCnt=1(DR90,LM0),GPU%=0.58,CPU%=0.22(W0.25),DSF=1.00,CFL=17.97/21.46
12-30 18:11:26.008  3134 31240 I VrApi   : FPS=90/90,Prd=27ms,Tear=0,Early=0,Stale=0,VSnc=0,Lat=-1,Fov=0,CPU4/GPU=2/3,1171/490MHz,OC=FF,TA=0/70/0,SP=N/F/N,Mem=2092MHz,Free=8473MB,PLS=0,Temp=17.7C/0.0C,TW=0.80ms,App=5.38ms,GD=0.00ms,CPU&GPU=7.06ms,LCnt=1(DR90,LM0),GPU%=0.58,CPU%=0.20(W0.33),DSF=1.00,CFL=18.08/21.98
12-30 18:11:27.007  3134 31240 I VrApi   : FPS=90/90,Prd=27ms,Tear=0,Early=0,Stale=0,VSnc=0,Lat=-1,Fov=0,CPU4/GPU=2/3,1171/490MHz,OC=FF,TA=0/70/0,SP=N/F/N,Mem=2092MHz,Free=8473MB,PLS=0,Temp=17.7C/0.0C,TW=0.82ms,App=5.26ms,GD=0.00ms,CPU&GPU=7.14ms,LCnt=1(DR90,LM0),GPU%=0.57,CPU%=0.27(W0.32),DSF=1.00,CFL=17.89/21.78
12-30 18:11:28.009  3134 31240 I VrApi   : FPS=90/90,Prd=27ms,Tear=0,Early=0,Stale=0,VSnc=0,Lat=-1,Fov=0,CPU4/GPU=2/3,1171/490MHz,OC=FF,TA=0/70/0,SP=N/F/N,Mem=2092MHz,Free=8473MB,PLS=0,Temp=17.7C/0.0C,TW=0.84ms,App=5.20ms,GD=0.00ms,CPU&GPU=6.96ms,LCnt=1(DR90,LM0),GPU%=0.57,CPU%=0.22(W0.30),DSF=1.00,CFL=18.10/21.44
12-30 18:11:29.007  3134 31240 I VrApi   : FPS=90/90,Prd=27ms,Tear=0,Early=0,Stale=0,VSnc=0,Lat=-1,Fov=0,CPU4/GPU=2/3,1171/490MHz,OC=FF,TA=0/70/0,SP=N/F/N,Mem=2092MHz,Free=8473MB,PLS=0,Temp=17.5C/0.0C,TW=0.83ms,App=5.20ms,GD=0.00ms,CPU&GPU=6.97ms,LCnt=1(DR90,LM0),GPU%=0.57,CPU%=0.30(W0.36),DSF=1.00,CFL=17.98/21.10
12-30 18:11:30.008  3134 31240 I VrApi   : FPS=90/90,Prd=27ms,Tear=0,Early=0,Stale=0,VSnc=0,Lat=-1,Fov=0,CPU4/GPU=2/3,1171/490MHz,OC=FF,TA=0/70/0,SP=N/F/N,Mem=2092MHz,Free=8473MB,PLS=0,Temp=17.5C/0.0C,TW=0.81ms,App=5.28ms,GD=0.00ms,CPU&GPU=7.06ms,LCnt=1(DR90,LM0),GPU%=0.58,CPU%=0.22(W0.26),DSF=1.00,CFL=17.93/21.61
12-30 18:11:31.007  3134 31240 I VrApi   : FPS=90/90,Prd=27ms,Tear=0,Early=0,Stale=0,VSnc=0,Lat=-1,Fov=0,CPU4/GPU=2/3,1171/490MHz,OC=FF,TA=0/70/0,SP=N/F/N,Mem=2092MHz,Free=8473MB,PLS=0,Temp=17.5C/0.0C,TW=0.82ms,App=5.28ms,GD=0.00ms,CPU&GPU=7.01ms,LCnt=1(DR90,LM0),GPU%=0.58,CPU%=0.20(W0.25),DSF=1.00,CFL=17.96/21.30
12-30 18:11:32.007  3134 31240 I VrApi   : FPS=90/90,Prd=27ms,Tear=0,Early=0,Stale=0,VSnc=0,Lat=-1,Fov=0,CPU4/GPU=2/3,1171/490MHz,OC=FF,TA=0/70/0,SP=N/F/N,Mem=2092MHz,Free=8473MB,PLS=0,Temp=17.5C/0.0C,TW=0.84ms,App=6.01ms,GD=0.00ms,CPU&GPU=7.80ms,LCnt=1(DR90,LM0),GPU%=0.63,CPU%=0.22(W0.30),DSF=1.00,CFL=17.95/21.75
12-30 18:11:33.008  3134 31240 I VrApi   : FPS=90/90,Prd=28ms,Tear=0,Early=0,Stale=0,VSnc=0,Lat=-1,Fov=0,CPU4/GPU=2/3,1171/490MHz,OC=FF,TA=0/70/0,SP=N/F/N,Mem=2092MHz,Free=8473MB,PLS=0,Temp=17.5C/0.0C,TW=0.85ms,App=5.89ms,GD=0.00ms,CPU&GPU=8.20ms,LCnt=1(DR90,LM0),GPU%=0.63,CPU%=0.18(W0.29),DSF=1.00,CFL=18.08/21.58
12-30 18:11:34.009  3134 31240 I VrApi   : FPS=90/90,Prd=28ms,Tear=0,Early=0,Stale=0,VSnc=0,Lat=-1,Fov=0,CPU4/GPU=2/3,1171/490MHz,OC=FF,TA=0/70/0,SP=N/F/N,Mem=2092MHz,Free=8473MB,PLS=0,Temp=17.5C/0.0C,TW=1.43ms,App=5.37ms,GD=0.00ms,CPU&GPU=7.08ms,LCnt=2(DR90,LM2),GPU%=0.60,CPU%=0.18(W0.26),DSF=1.00,CFL=18.12/21.97
12-30 18:11:35.009  3134 31240 I VrApi   : FPS=89/90,Prd=28ms,Tear=0,Early=0,Stale=1,VSnc=0,Lat=-1,Fov=0,CPU4/GPU=2/3,1171/490MHz,OC=FF,TA=0/70/0,SP=N/F/N,Mem=2092MHz,Free=8473MB,PLS=0,Temp=17.5C/0.0C,TW=1.99ms,App=5.33ms,GD=0.30ms,CPU&GPU=9.14ms,LCnt=3(DR31,LM2),GPU%=0.71,CPU%=0.19(W0.29),DSF=1.00,CFL=17.77/21.54
12-30 18:11:36.008  3134 31240 I VrApi   : FPS=90/90,Prd=29ms,Tear=0,Early=0,Stale=0,VSnc=0,Lat=-1,Fov=0,CPU4/GPU=2/3,1171/490MHz,OC=FF,TA=0/70/0,SP=N/F/N,Mem=2092MHz,Free=8473MB,PLS=0,Temp=17.5C/0.0C,TW=1.97ms,App=5.56ms,GD=0.21ms,CPU&GPU=9.23ms,LCnt=3(DR0,LM2),GPU%=0.74,CPU%=0.21(W0.29),DSF=1.00,CFL=18.02/21.50
12-30 18:11:37.008  3134 31240 I VrApi   : FPS=90/90,Prd=29ms,Tear=0,Early=0,Stale=0,VSnc=0,Lat=-1,Fov=0,CPU4/GPU=2/3,1171/490MHz,OC=FF,TA=0/70/0,SP=N/F/N,Mem=2092MHz,Free=8473MB,PLS=0,Temp=17.5C/0.0C,TW=1.98ms,App=5.43ms,GD=0.00ms,CPU&GPU=8.84ms,LCnt=2(DR0,LM0),GPU%=0.69,CPU%=0.23(W0.26),DSF=1.00,CFL=18.04/21.12
12-30 18:11:38.008  3134 31240 I VrApi   : FPS=90/90,Prd=29ms,Tear=0,Early=0,Stale=0,VSnc=0,Lat=-1,Fov=0,CPU4/GPU=2/3,1171/490MHz,OC=FF,TA=0/70/0,SP=N/F/N,Mem=2092MHz,Free=8473MB,PLS=0,Temp=17.5C/0.0C,TW=1.98ms,App=5.37ms,GD=0.00ms,CPU&GPU=8.77ms,LCnt=2(DR0,LM0),GPU%=0.68,CPU%=0.20(W0.33),DSF=1.00,CFL=17.90/21.46
12-30 18:11:39.015  3134 31240 I VrApi   : FPS=90/90,Prd=29ms,Tear=0,Early=0,Stale=0,VSnc=0,Lat=-1,Fov=0,CPU4/GPU=2/3,1171/490MHz,OC=FF,TA=0/70/0,SP=N/F/N,Mem=2092MHz,Free=8510MB,PLS=0,Temp=17.2C/0.0C,TW=1.95ms,App=5.55ms,GD=0.00ms,CPU&GPU=8.74ms,LCnt=2(DR0,LM0),GPU%=0.70,CPU%=0.24(W0.25),DSF=1.00,CFL=18.05/21.39
12-30 18:11:40.008  3134 31240 I VrApi   : FPS=90/90,Prd=29ms,Tear=0,Early=0,Stale=0,VSnc=0,Lat=-1,Fov=0,CPU4/GPU=2/3,1171/490MHz,OC=FF,TA=0/70/0,SP=N/F/N,Mem=2092MHz,Free=8510MB,PLS=0,Temp=17.2C/0.0C,TW=1.95ms,App=5.46ms,GD=0.00ms,CPU&GPU=8.76ms,LCnt=2(DR0,LM0),GPU%=0.69,CPU%=0.22(W0.24),DSF=1.00,CFL=17.95/21.01
12-30 18:11:41.008  3134 31240 I VrApi   : FPS=90/90,Prd=29ms,Tear=0,Early=0,Stale=0,VSnc=0,Lat=-1,Fov=0,CPU4/GPU=2/3,1171/490MHz,OC=FF,TA=0/70/0,SP=N/F/N,Mem=2092MHz,Free=8510MB,PLS=0,Temp=17.2C/0.0C,TW=1.96ms,App=5.43ms,GD=0.00ms,CPU&GPU=8.76ms,LCnt=2(DR0,LM0),GPU%=0.69,CPU%=0.26(W0.36),DSF=1.00,CFL=18.03/21.45
12-30 18:11:42.008  3134 31240 I VrApi   : FPS=90/90,Prd=29ms,Tear=0,Early=0,Stale=0,VSnc=0,Lat=-1,Fov=0,CPU4/GPU=2/3,1171/490MHz,OC=FF,TA=0/70/0,SP=N/F/N,Mem=2092MHz,Free=8510MB,PLS=0,Temp=17.2C/0.0C,TW=1.96ms,App=5.43ms,GD=0.00ms,CPU&GPU=8.82ms,LCnt=2(DR0,LM0),GPU%=0.69,CPU%=0.24(W0.33),DSF=1.00,CFL=17.92/21.31
12-30 18:11:43.008  3134 31240 I VrApi   : FPS=90/90,Prd=29ms,Tear=0,Early=0,Stale=0,VSnc=0,Lat=-1,Fov=0,CPU4/GPU=2/3,1171/490MHz,OC=FF,TA=0/70/0,SP=N/F/N,Mem=2092MHz,Free=8510MB,PLS=0,Temp=17.2C/0.0C,TW=1.96ms,App=5.39ms,GD=0.00ms,CPU&GPU=8.74ms,LCnt=2(DR0,LM0),GPU%=0.69,CPU%=0.19(W0.24),DSF=1.00,CFL=17.95/21.71
12-30 18:11:44.009  3134 31240 I VrApi   : FPS=90/90,Prd=29ms,Tear=0,Early=0,Stale=0,VSnc=0,Lat=-1,Fov=0,CPU4/GPU=2/3,1171/490MHz,OC=FF,TA=0/70/0,SP=N/F/N,Mem=2092MHz,Free=8510MB,PLS=0,Temp=17.2C/0.0C,TW=1.98ms,App=5.46ms,GD=0.00ms,CPU&GPU=8.97ms,LCnt=2(DR0,LM0),GPU%=0.69,CPU%=0.20(W0.30),DSF=1.00,CFL=17.86/21.44
12-30 18:11:45.009  3134 31240 I VrApi   : FPS=90/90,Prd=29ms,Tear=0,Early=0,Stale=0,VSnc=0,Lat=-1,Fov=0,CPU4/GPU=2/3,1171/490MHz,OC=FF,TA=0/70/0,SP=N/F/N,Mem=2092MHz,Free=8510MB,PLS=0,Temp=17.2C/0.0C,TW=1.99ms,App=5.36ms,GD=0.00ms,CPU&GPU=8.68ms,LCnt=2(DR0,LM0),GPU%=0.68,CPU%=0.25(W0.35),DSF=1.00,CFL=18.01/21.93
12-30 18:11:46.008  3134 31240 I VrApi   : FPS=90/90,Prd=29ms,Tear=0,Early=0,Stale=0,VSnc=0,Lat=-1,Fov=0,CPU4/GPU=2/3,1171/490MHz,OC=FF,TA=0/70/0,SP=N/F/N,Mem=2092MHz,Free=8510MB,PLS=0,Temp=17.2C/0.0C,TW=1.97ms,App=5.45ms,GD=0.00ms,CPU&GPU=8.82ms,LCnt=2(DR0,LM0),GPU%=0.69,CPU%=0.20(W0.33),DSF=1.00,CFL=17.84/21.66
12-30 18:11:47.009  3134 31240 I VrApi   : FPS=90/90,Prd=29ms,Tear=0,Early=0,Stale=0,VSnc=0,Lat=-1,Fov=0,CPU4/GPU=2/3,1171/490MHz,OC=FF,TA=0/70/0,SP=N/F/N,Mem=1555MHz,Free=8510MB,PLS=0,Temp=17.2C/0.0C,TW=1.96ms,App=5.60ms,GD=0.00ms,CPU&GPU=8.97ms,LCnt=2(DR0,LM0),GPU%=0.71,CPU%=0.21(W0.26),DSF=1.00,CFL=17.90/21.36
12-30 18:11:48.010  3134 31240 I VrApi   : FPS=90/90,Prd=29ms,Tear=0,Early=0,Stale=0,VSnc=0,Lat=-1,Fov=0,CPU4/GPU=2/3,1171/490MHz,OC=FF,TA=0/70/0,SP=N/F/N,Mem=2092MHz,Free=8510MB,PLS=0,Temp=17.2C/0.0C,TW=1.98ms,App=5.43ms,GD=0.00ms,CPU&GPU=8.83ms,LCnt=2(DR0,LM0),GPU%=0.69,CPU%=0.24(W0.33),DSF=1.00,CFL=17.88/21.68
12-30 18:11:49.010  3134 31240 I VrApi   : FPS=90/90,Prd=29ms,Tear=0,Early=0,Stale=0,VSnc=0,Lat=-1,Fov=0,CPU4/GPU=2/3,1171/490MHz,OC=FF,TA=0/70/0,SP=N/F/N,Mem=2092MHz,Free=8510MB,PLS=0,Temp=17.5C/0.0C,TW=1.98ms,App=5.44ms,GD=0.00ms,CPU&GPU=9.09ms,LCnt=2(DR0,LM0),GPU%=0.71,CPU%=0.29(W0.42),DSF=1.00,CFL=17.80/21.42
12-30 18:11:49.267  3134  3166 D VrApi   : targetSDKVersion 29
12-30 18:11:49.276  3134 31240 I VrApi   : FPS=90/90,Prd=29ms,Tear=0,Early=0,Stale=0,VSnc=0,Lat=-1,Fov=0,CPU4/GPU=2/3,2419/490MHz,OC=FF,TA=0/F/0,SP=N/F/N,Mem=2092MHz,Free=8510MB,PLS=0,Temp=17.5C/0.0C,TW=1.98ms,App=5.44ms,GD=0.00ms,CPU&GPU=9.09ms,LCnt=2(DR0,LM0),GPU%=0.71,CPU%=0.29(W0.42),DSF=1.00,CFL=17.80/21.42
12-30 18:11:49.278  3134  3166 I VrApi   : OVR::Stats thread stopped
12-30 18:11:49.305  3134  3166 D VrApi   : targetSDKVersion 29
12-30 18:11:49.315  3134  3166 I VrApi   : OVR::Stats thread started
12-30 18:11:49.318  3134 32551 D VrApi   : targetSDKVersion 29
12-30 18:11:49.660  3134  3166 D VrApi   : targetSDKVersion 29
12-30 18:11:50.002  3134  3166 I VrApi   : OVR::Stats thread stopped
12-30 18:11:50.063  3167  3283 D VrApi   : targetSDKVersion 29
12-30 18:11:50.118  3167  3283 I VrApi   : OVR::Stats thread stopped
12-30 18:11:50.671 32575 32596 I VrApi   : ----------- vrapi_Initialize [start] ----------
12-30 18:11:50.684 32575 32596 I VrApi   : Client type: 0 flags: 0x0 placement: 0
12-30 18:11:51.004 32575 32596 I VrApi   : vrapi_Initialize: Connected to VrRuntimeService after 0.319990s
12-30 18:11:51.049 32575 32596 I VrApi   : SkipPushFinalBlack=1
12-30 18:11:51.049 32575 32596 D VrApi   : isActivityFocusAware context = com.unity3d.player.UnityPlayerActivity@3e4f2b5
12-30 18:11:51.050 32575 32596 D VrApi   : isSystemApp = false for com.beatgames.beatsaber
12-30 18:11:51.050 32575 32596 I VrApi   : isActivityFocusAware = 1
12-30 18:11:51.069 32575 32596 I VrApi   : ----------- vrapi_Initialize [end] ----------
12-30 18:11:51.069 32575 32596 I VrApi   : ------------ vrapi_Shutdown [start] -----------
12-30 18:11:51.069 32575 32596 W VrApi   : IsOvrValid: ovr == nullptr. Package: com.beatgames.beatsaber
12-30 18:11:51.072 32575 32596 I VrApi   : ------------ vrapi_Shutdown [end] -----------
12-30 18:11:51.078 32575 32596 I VrApi   : ----------- vrapi_Initialize [start] ----------
12-30 18:11:52.082 32575 32596 I VrApi   : Client type: 0 flags: 0x0 placement: 0
12-30 18:11:52.706 32575 32596 I VrApi   : vrapi_Initialize: Connected to VrRuntimeService after 0.624184s
12-30 18:11:52.739 32575 32596 I VrApi   : SkipPushFinalBlack=1
12-30 18:11:52.739 32575 32596 D VrApi   : isActivityFocusAware context = com.unity3d.player.UnityPlayerActivity@3e4f2b5
12-30 18:11:52.740 32575 32596 D VrApi   : isSystemApp = false for com.beatgames.beatsaber
12-30 18:11:52.740 32575 32596 I VrApi   : isActivityFocusAware = 1
12-30 18:11:52.754 32575 32596 I VrApi   : ----------- vrapi_Initialize [end] ----------
12-30 18:11:52.755 32575 32596 W VrApi   : vrapi_LocateTrackingSpace: ovr == NULL
12-30 18:11:52.757 32575 32645 I VrApi   : ---------- vrapi_EnterVrMode [start] ----------
12-30 18:11:52.759 32575 32645 D VrApi   : targetSDKVersion 29
12-30 18:11:52.768 32575 32645 I VrApi   : ovrModeParms::VRAPI_MODE_FLAG_RESET_WINDOW_FULLSCREEN = 1
12-30 18:11:52.768 32575 32645 I VrApi   : ovrModeParms::VRAPI_MODE_FLAG_NATIVE_WINDOW = 1
12-30 18:11:52.768 32575 32645 I VrApi   : ovrModeParms::VRAPI_MODE_FLAG_FRONT_BUFFER_SRGB = 1
12-30 18:11:52.768 32575 32645 I VrApi   : ovrModeParms::VRAPI_MODE_FLAG_PHASE_SYNC = 0
12-30 18:11:52.768 32575 32645 I VrApi   : ovrModeParms::VRAPI_MODE_FLAG_APP_SPACE_WARP = 0
12-30 18:11:52.768 32575 32645 I VrApi   : PhaseSync disabled
12-30 18:11:52.768 32575 32645 I VrApi   : HMD sensor attached.
12-30 18:11:52.775 32575 32645 I VrApi   : Creating Default swapchain
12-30 18:11:52.775 32575 32645 I VrApi   : Creating Loading Icon swapchain
12-30 18:11:52.775 32575 32645 I VrApi   : OVR::Stats thread started
12-30 18:11:52.775 32575 32645 I VrApi   : Initial BaseVsync 6879 
12-30 18:11:52.775 32575 32645 I VrApi   : ---------- vrapi_EnterVrMode [end] ----------
12-30 18:11:52.778 32575 32728 D VrApi   : targetSDKVersion 29
12-30 18:11:54.009 32575 32728 I VrApi   : FPS=0/72,Prd=0ms,Tear=0,Early=0,Stale=0,VSnc=1,Lat=0,Fov=0,CPU4/GPU=0/0,2419/305MHz,OC=FF,TA=0/0/0,SP=N/N/N,Mem=2092MHz,Free=8114MB,PLS=0,Temp=0.0C/0.0C,TW=0.57ms,App=0.00ms,GD=0.00ms,CPU&GPU=0.00ms,LCnt=2(DR0,LM0),GPU%=0.00,CPU%=0.00(W0.00),DSF=1.00,CFL=18.00/22.35
12-30 18:11:54.106 32575 32645 W VrApi   : Time to first swap: 3.440 seconds
12-30 18:11:55.002 32575 32728 I VrApi   : FPS=0/90,Prd=0ms,Tear=0,Early=0,Stale=0,VSnc=1,Lat=0,Fov=0,CPU4/GPU=0/0,2419/525MHz,OC=FF,TA=0/0/0,SP=N/N/N,Mem=2092MHz,Free=8114MB,PLS=0,Temp=17.5C/0.0C,TW=0.57ms,App=0.00ms,GD=0.00ms,CPU&GPU=0.00ms,LCnt=2(DR0,LM0),GPU%=0.11,CPU%=0.30(W0.63),DSF=1.00,CFL=18.00/22.35
12-30 18:11:55.395 32575 32596 I VrApi   : vrapi_SetDisplayRefreshRate: display refresh rate supported 90.000000
12-30 18:11:56.001 32575 32728 I VrApi   : FPS=47/90,Prd=45ms,Tear=0,Early=29,Stale=44,VSnc=1,Lat=1,Fov=0,CPU4/GPU=4/4,2419/525MHz,OC=FF,TA=0/0/0,SP=N/N/N,Mem=2092MHz,Free=8114MB,PLS=0,Temp=17.5C/0.0C,TW=0.86ms,App=4.26ms,GD=0.00ms,CPU&GPU=1.26ms,LCnt=1(DR26,LM0),GPU%=0.48,CPU%=0.10(W0.15),DSF=1.00,CFL=16.73/25.26
12-30 18:11:57.002 32575 32728 I VrApi   : FPS=77/90,Prd=42ms,Tear=0,Early=90,Stale=0,VSnc=1,Lat=1,Fov=0,CPU4/GPU=4/4,2419/525MHz,OC=FF,TA=0/0/0,SP=N/N/N,Mem=2092MHz,Free=8114MB,PLS=0,Temp=17.5C/0.0C,TW=1.09ms,App=3.95ms,GD=0.00ms,CPU&GPU=6.11ms,LCnt=1(DR90,LM0),GPU%=0.47,CPU%=0.12(W0.19),DSF=1.00,CFL=18.02/29.75
12-30 18:11:58.002 32575 32728 I VrApi   : FPS=90/90,Prd=42ms,Tear=0,Early=90,Stale=0,VSnc=1,Lat=1,Fov=0,CPU4/GPU=4/4,1478/525MHz,OC=FF,TA=0/0/0,SP=N/N/N,Mem=2092MHz,Free=8114MB,PLS=0,Temp=17.5C/0.0C,TW=1.11ms,App=4.07ms,GD=0.00ms,CPU&GPU=5.97ms,LCnt=1(DR90,LM0),GPU%=0.49,CPU%=0.19(W0.24),DSF=1.00,CFL=17.95/21.39
12-30 18:11:59.002 32575 32728 I VrApi   : FPS=90/90,Prd=43ms,Tear=0,Early=90,Stale=0,VSnc=1,Lat=1,Fov=0,CPU4/GPU=4/4,1478/525MHz,OC=FF,TA=0/0/0,SP=N/N/N,Mem=2092MHz,Free=8114MB,PLS=0,Temp=17.5C/0.0C,TW=1.02ms,App=5.09ms,GD=0.00ms,CPU&GPU=6.24ms,LCnt=1(DR90,LM0),GPU%=0.57,CPU%=0.09(W0.15),DSF=1.00,CFL=17.86/21.37
12-30 18:11:59.609 32575 32596 I VrApi   : vrapi_SetDisplayRefreshRate: display refresh rate supported 90.000000
12-30 18:12:00.008 32575 32728 I VrApi   : FPS=89/90,Prd=42ms,Tear=0,Early=89,Stale=0,VSnc=1,Lat=1,Fov=4,CPU4/GPU=4/4,1478/525MHz,OC=FF,TA=0/0/0,SP=N/N/N,Mem=2092MHz,Free=8114MB,PLS=0,Temp=17.5C/0.0C,TW=0.63ms,App=0.69ms,GD=0.00ms,CPU&GPU=6.94ms,LCnt=1(DR90,LM0),GPU%=0.06,CPU%=0.33(W0.55),DSF=1.00,CFL=17.86/21.61
12-30 18:12:01.003 32575 32728 I VrApi   : FPS=89/90,Prd=42ms,Tear=0,Early=89,Stale=0,VSnc=1,Lat=1,Fov=4,CPU4/GPU=4/4,1478/525MHz,OC=FF,TA=0/0/0,SP=N/N/N,Mem=2092MHz,Free=8114MB,PLS=0,Temp=17.5C/0.0C,TW=0.63ms,App=0.69ms,GD=0.00ms,CPU&GPU=6.94ms,LCnt=1(DR90,LM0),GPU%=0.06,CPU%=0.33(W0.55),DSF=1.00,CFL=17.86/21.61
12-30 18:12:01.044 32575 32596 I VrApi   : vrapi_SetDisplayRefreshRate: display refresh rate supported 90.000000
12-30 18:12:02.002 32575 32728 I VrApi   : FPS=21/90,Prd=41ms,Tear=0,Early=14,Stale=75,VSnc=1,Lat=1,Fov=0,CPU4/GPU=4/4,1478/525MHz,OC=FF,TA=0/0/0,SP=N/N/N,Mem=2092MHz,Free=8114MB,PLS=0,Temp=17.5C/0.0C,TW=1.00ms,App=6.02ms,GD=0.00ms,CPU&GPU=6.61ms,LCnt=1(DR90,LM0),GPU%=0.66,CPU%=0.21(W0.24),DSF=1.00,CFL=17.89/21.19
12-30 18:12:03.003 32575 32728 I VrApi   : FPS=85/90,Prd=42ms,Tear=0,Early=82,Stale=7,VSnc=1,Lat=1,Fov=0,CPU4/GPU=4/4,1478/525MHz,OC=FF,TA=0/0/0,SP=N/N/N,Mem=2092MHz,Free=8114MB,PLS=0,Temp=17.5C/0.0C,TW=1.08ms,App=5.36ms,GD=0.00ms,CPU&GPU=8.26ms,LCnt=1(DR90,LM0),GPU%=0.60,CPU%=0.19(W0.35),DSF=1.00,CFL=17.89/21.85
12-30 18:12:04.002 32575 32728 I VrApi   : FPS=91/90,Prd=42ms,Tear=0,Early=89,Stale=0,VSnc=1,Lat=1,Fov=0,CPU4/GPU=4/4,1478/525MHz,OC=FF,TA=0/0/0,SP=N/N/N,Mem=2092MHz,Free=8114MB,PLS=0,Temp=17.5C/0.0C,TW=1.06ms,App=5.25ms,GD=0.00ms,CPU&GPU=7.69ms,LCnt=1(DR90,LM0),GPU%=0.58,CPU%=0.23(W0.29),DSF=1.00,CFL=17.89/21.40
12-30 18:12:05.003 32575 32728 I VrApi   : FPS=90/90,Prd=42ms,Tear=0,Early=87,Stale=0,VSnc=1,Lat=1,Fov=0,CPU4/GPU=4/4,1478/525MHz,OC=FF,TA=0/0/0,SP=N/N/N,Mem=2092MHz,Free=8114MB,PLS=0,Temp=17.5C/0.0C,TW=1.08ms,App=5.38ms,GD=0.00ms,CPU&GPU=7.78ms,LCnt=1(DR90,LM0),GPU%=0.53,CPU%=0.29(W0.39),DSF=1.00,CFL=18.01/21.83
12-30 18:12:06.003 32575 32728 I VrApi   : FPS=87/90,Prd=42ms,Tear=0,Early=86,Stale=4,VSnc=1,Lat=1,Fov=0,CPU4/GPU=4/4,1478/525MHz,OC=FF,TA=0/0/0,SP=N/N/N,Mem=2092MHz,Free=8114MB,PLS=0,Temp=17.5C/0.0C,TW=1.11ms,App=5.32ms,GD=0.00ms,CPU&GPU=8.07ms,LCnt=1(DR90,LM0),GPU%=0.59,CPU%=0.21(W0.24),DSF=1.00,CFL=18.07/21.63
12-30 18:12:07.003 32575 32728 I VrApi   : FPS=90/90,Prd=42ms,Tear=0,Early=87,Stale=2,VSnc=1,Lat=1,Fov=0,CPU4/GPU=4/4,1478/525MHz,OC=FF,TA=0/0/0,SP=N/N/N,Mem=2092MHz,Free=8114MB,PLS=0,Temp=17.5C/0.0C,TW=0.79ms,App=5.58ms,GD=0.00ms,CPU&GPU=8.17ms,LCnt=1(DR90,LM0),GPU%=0.60,CPU%=0.28(W0.33),DSF=1.00,CFL=17.89/21.30
12-30 18:12:07.515 32575 32596 I VrApi   : vrapi_SetDisplayRefreshRate: display refresh rate supported 90.000000
12-30 18:12:08.003 32575 32728 I VrApi   : FPS=65/90,Prd=42ms,Tear=0,Early=43,Stale=37,VSnc=1,Lat=1,Fov=4,CPU4/GPU=4/4,1478/525MHz,OC=FF,TA=0/0/0,SP=N/N/N,Mem=2092MHz,Free=8114MB,PLS=0,Temp=17.5C/0.0C,TW=0.61ms,App=5.59ms,GD=0.00ms,CPU&GPU=8.40ms,LCnt=1(DR90,LM0),GPU%=0.11,CPU%=0.33(W0.90),DSF=1.00,CFL=17.89/21.69
12-30 18:12:09.003 32575 32728 I VrApi   : FPS=69/90,Prd=42ms,Tear=0,Early=56,Stale=35,VSnc=1,Lat=1,Fov=4,CPU4/GPU=4/4,1478/525MHz,OC=FF,TA=0/0/0,SP=N/N/N,Mem=2092MHz,Free=8114MB,PLS=0,Temp=17.5C/0.0C,TW=0.79ms,App=5.46ms,GD=0.00ms,CPU&GPU=8.24ms,LCnt=1(DR90,LM0),GPU%=0.58,CPU%=0.22(W0.29),DSF=1.00,CFL=17.95/21.43
12-30 18:12:10.003 32575 32728 I VrApi   : FPS=90/90,Prd=42ms,Tear=0,Early=89,Stale=0,VSnc=1,Lat=1,Fov=4,CPU4/GPU=4/4,1478/525MHz,OC=FF,TA=0/0/0,SP=N/N/N,Mem=2092MHz,Free=8114MB,PLS=0,Temp=17.5C/0.0C,TW=0.85ms,App=5.67ms,GD=0.00ms,CPU&GPU=8.18ms,LCnt=1(DR90,LM0),GPU%=0.62,CPU%=0.22(W0.32),DSF=1.00,CFL=17.96/21.08
12-30 18:12:11.004 32575 32728 I VrApi   : FPS=90/90,Prd=42ms,Tear=0,Early=87,Stale=0,VSnc=1,Lat=1,Fov=4,CPU4/GPU=4/4,1478/525MHz,OC=FF,TA=0/0/0,SP=N/N/N,Mem=2092MHz,Free=8114MB,PLS=0,Temp=17.5C/0.0C,TW=0.87ms,App=6.36ms,GD=0.00ms,CPU&GPU=8.78ms,LCnt=1(DR90,LM0),GPU%=0.68,CPU%=0.27(W0.32),DSF=1.00,CFL=17.89/21.57
12-30 18:12:12.003 32575 32728 I VrApi   : FPS=90/90,Prd=42ms,Tear=0,Early=88,Stale=0,VSnc=1,Lat=1,Fov=4,CPU4/GPU=4/4,1478/525MHz,OC=FF,TA=0/0/0,SP=N/N/N,Mem=2092MHz,Free=8114MB,PLS=0,Temp=17.5C/0.0C,TW=0.82ms,App=6.39ms,GD=0.00ms,CPU&GPU=8.56ms,LCnt=1(DR90,LM0),GPU%=0.68,CPU%=0.26(W0.36),DSF=1.00,CFL=17.93/21.30
12-30 18:12:13.004 32575 32728 I VrApi   : FPS=90/90,Prd=42ms,Tear=0,Early=88,Stale=0,VSnc=1,Lat=1,Fov=4,CPU4/GPU=4/4,1478/525MHz,OC=FF,TA=0/0/0,SP=N/N/N,Mem=2092MHz,Free=8114MB,PLS=0,Temp=17.5C/0.0C,TW=0.82ms,App=6.50ms,GD=0.00ms,CPU&GPU=8.86ms,LCnt=1(DR90,LM0),GPU%=0.67,CPU%=0.27(W0.33),DSF=1.00,CFL=17.78/21.91
12-30 18:12:14.016 32575 32728 I VrApi   : FPS=90/90,Prd=42ms,Tear=0,Early=88,Stale=0,VSnc=1,Lat=1,Fov=4,CPU4/GPU=4/4,1478/525MHz,OC=FF,TA=0/0/0,SP=N/N/N,Mem=2092MHz,Free=7428MB,PLS=0,Temp=17.5C/0.0C,TW=0.83ms,App=6.43ms,GD=0.00ms,CPU&GPU=8.67ms,LCnt=1(DR90,LM0),GPU%=0.65,CPU%=0.24(W0.32),DSF=1.00,CFL=17.85/21.35
12-30 18:12:15.004 32575 32728 I VrApi   : FPS=90/90,Prd=42ms,Tear=0,Early=87,Stale=0,VSnc=1,Lat=1,Fov=4,CPU4/GPU=4/4,1478/525MHz,OC=FF,TA=0/0/0,SP=N/N/N,Mem=2092MHz,Free=7428MB,PLS=0,Temp=17.5C/0.0C,TW=0.84ms,App=6.60ms,GD=0.00ms,CPU&GPU=9.15ms,LCnt=1(DR90,LM0),GPU%=0.67,CPU%=0.27(W0.33),DSF=1.00,CFL=18.02/22.12
12-30 18:12:16.004 32575 32728 I VrApi   : FPS=90/90,Prd=43ms,Tear=0,Early=89,Stale=0,VSnc=1,Lat=1,Fov=4,CPU4/GPU=4/4,1478/525MHz,OC=FF,TA=0/0/0,SP=N/N/N,Mem=2092MHz,Free=7428MB,PLS=0,Temp=17.5C/0.0C,TW=0.82ms,App=6.55ms,GD=0.00ms,CPU&GPU=8.89ms,LCnt=1(DR90,LM0),GPU%=0.68,CPU%=0.25(W0.35),DSF=1.00,CFL=17.79/21.47
12-30 18:12:17.004 32575 32728 I VrApi   : FPS=90/90,Prd=42ms,Tear=0,Early=87,Stale=0,VSnc=1,Lat=1,Fov=4,CPU4/GPU=4/4,1478/525MHz,OC=FF,TA=0/0/0,SP=N/N/N,Mem=2092MHz,Free=7428MB,PLS=0,Temp=17.5C/0.0C,TW=0.82ms,App=6.32ms,GD=0.00ms,CPU&GPU=8.95ms,LCnt=1(DR90,LM0),GPU%=0.65,CPU%=0.22(W0.30),DSF=1.00,CFL=17.75/21.33
12-30 18:12:18.004 32575 32728 I VrApi   : FPS=90/90,Prd=42ms,Tear=0,Early=90,Stale=0,VSnc=1,Lat=1,Fov=4,CPU4/GPU=4/4,1478/525MHz,OC=FF,TA=0/0/0,SP=N/N/N,Mem=2092MHz,Free=7428MB,PLS=0,Temp=17.7C/0.0C,TW=0.81ms,App=6.79ms,GD=0.00ms,CPU&GPU=8.91ms,LCnt=1(DR90,LM0),GPU%=0.69,CPU%=0.25(W0.30),DSF=1.00,CFL=17.83/21.59
12-30 18:12:19.004 32575 32728 I VrApi   : FPS=90/90,Prd=42ms,Tear=0,Early=85,Stale=0,VSnc=1,Lat=1,Fov=4,CPU4/GPU=4/4,1478/525MHz,OC=FF,TA=0/0/0,SP=N/N/N,Mem=2092MHz,Free=7428MB,PLS=0,Temp=17.7C/0.0C,TW=0.81ms,App=6.52ms,GD=0.00ms,CPU&GPU=9.47ms,LCnt=1(DR90,LM0),GPU%=0.67,CPU%=0.21(W0.30),DSF=1.00,CFL=17.85/21.51
12-30 18:12:20.004 32575 32728 I VrApi   : FPS=90/90,Prd=42ms,Tear=0,Early=90,Stale=0,VSnc=1,Lat=1,Fov=4,CPU4/GPU=4/4,1478/525MHz,OC=FF,TA=0/0/0,SP=N/N/N,Mem=2092MHz,Free=7428MB,PLS=0,Temp=17.7C/0.0C,TW=0.81ms,App=7.06ms,GD=0.00ms,CPU&GPU=9.05ms,LCnt=1(DR90,LM0),GPU%=0.73,CPU%=0.19(W0.30),DSF=1.00,CFL=17.79/21.11
12-30 18:12:21.004 32575 32728 I VrApi   : FPS=90/90,Prd=42ms,Tear=0,Early=89,Stale=0,VSnc=1,Lat=1,Fov=4,CPU4/GPU=4/4,1478/525MHz,OC=FF,TA=0/0/0,SP=N/N/N,Mem=2092MHz,Free=7428MB,PLS=0,Temp=17.7C/0.0C,TW=0.80ms,App=6.26ms,GD=0.00ms,CPU&GPU=9.16ms,LCnt=1(DR90,LM0),GPU%=0.65,CPU%=0.21(W0.29),DSF=1.00,CFL=18.04/21.70
12-30 18:12:22.004 32575 32728 I VrApi   : FPS=90/90,Prd=42ms,Tear=0,Early=89,Stale=0,VSnc=1,Lat=1,Fov=4,CPU4/GPU=4/4,1478/525MHz,OC=FF,TA=0/0/0,SP=N/N/N,Mem=2092MHz,Free=7428MB,PLS=0,Temp=17.7C/0.0C,TW=0.82ms,App=7.21ms,GD=0.00ms,CPU&GPU=9.35ms,LCnt=1(DR90,LM0),GPU%=0.74,CPU%=0.24(W0.35),DSF=1.00,CFL=17.82/21.35
12-30 18:12:23.004 32575 32728 I VrApi   : FPS=90/90,Prd=42ms,Tear=0,Early=90,Stale=0,VSnc=1,Lat=1,Fov=4,CPU4/GPU=4/4,1478/525MHz,OC=FF,TA=0/0/0,SP=N/N/N,Mem=2092MHz,Free=7428MB,PLS=0,Temp=17.7C/0.0C,TW=0.83ms,App=6.09ms,GD=0.00ms,CPU&GPU=9.10ms,LCnt=1(DR90,LM0),GPU%=0.63,CPU%=0.27(W0.30),DSF=1.00,CFL=17.89/21.83
12-30 18:12:24.004 32575 32728 I VrApi   : FPS=90/90,Prd=42ms,Tear=0,Early=90,Stale=0,VSnc=1,Lat=1,Fov=4,CPU4/GPU=4/4,1478/525MHz,OC=FF,TA=0/0/0,SP=N/N/N,Mem=2092MHz,Free=7428MB,PLS=0,Temp=17.7C/0.0C,TW=0.83ms,App=6.93ms,GD=0.00ms,CPU&GPU=9.21ms,LCnt=1(DR90,LM0),GPU%=0.72,CPU%=0.20(W0.26),DSF=1.00,CFL=17.89/21.36
12-30 18:12:25.004 32575 32728 I VrApi   : FPS=90/90,Prd=42ms,Tear=0,Early=89,Stale=0,VSnc=1,Lat=1,Fov=4,CPU4/GPU=4/4,1478/525MHz,OC=FF,TA=0/0/0,SP=N/N/N,Mem=2092MHz,Free=7428MB,PLS=0,Temp=17.7C/0.0C,TW=0.81ms,App=6.50ms,GD=0.00ms,CPU&GPU=9.16ms,LCnt=1(DR90,LM0),GPU%=0.68,CPU%=0.25(W0.30),DSF=1.00,CFL=17.78/21.14
12-30 18:12:26.005 32575 32728 I VrApi   : FPS=90/90,Prd=42ms,Tear=0,Early=90,Stale=0,VSnc=1,Lat=1,Fov=4,CPU4/GPU=4/4,1478/525MHz,OC=FF,TA=0/0/0,SP=N/N/N,Mem=2092MHz,Free=7428MB,PLS=0,Temp=17.7C/0.0C,TW=0.81ms,App=6.58ms,GD=0.00ms,CPU&GPU=9.13ms,LCnt=1(DR90,LM0),GPU%=0.68,CPU%=0.20(W0.26),DSF=1.00,CFL=17.86/21.39
12-30 18:12:27.004 32575 32728 I VrApi   : FPS=90/90,Prd=42ms,Tear=0,Early=84,Stale=0,VSnc=1,Lat=1,Fov=4,CPU4/GPU=4/4,1478/525MHz,OC=FF,TA=0/0/0,SP=N/N/N,Mem=2092MHz,Free=7428MB,PLS=0,Temp=17.7C/0.0C,TW=0.84ms,App=6.64ms,GD=0.00ms,CPU&GPU=9.57ms,LCnt=1(DR90,LM0),GPU%=0.68,CPU%=0.19(W0.30),DSF=1.00,CFL=17.92/21.25
12-30 18:12:28.005 32575 32728 I VrApi   : FPS=90/90,Prd=42ms,Tear=0,Early=88,Stale=0,VSnc=1,Lat=1,Fov=4,CPU4/GPU=4/4,1478/525MHz,OC=FF,TA=0/0/0,SP=N/N/N,Mem=2092MHz,Free=7428MB,PLS=0,Temp=17.7C/0.0C,TW=0.83ms,App=6.54ms,GD=0.00ms,CPU&GPU=9.23ms,LCnt=1(DR90,LM0),GPU%=0.67,CPU%=0.28(W0.30),DSF=1.00,CFL=17.86/20.96
12-30 18:12:29.004 32575 32728 I VrApi   : FPS=90/90,Prd=42ms,Tear=0,Early=87,Stale=0,VSnc=1,Lat=1,Fov=4,CPU4/GPU=4/4,1478/525MHz,OC=FF,TA=0/0/0,SP=N/N/N,Mem=2092MHz,Free=7428MB,PLS=0,Temp=17.7C/0.0C,TW=0.84ms,App=5.95ms,GD=0.00ms,CPU&GPU=8.74ms,LCnt=1(DR90,LM0),GPU%=0.63,CPU%=0.19(W0.26),DSF=1.00,CFL=17.90/21.51
12-30 18:12:30.005 32575 32728 I VrApi   : FPS=90/90,Prd=42ms,Tear=0,Early=89,Stale=0,VSnc=1,Lat=1,Fov=4,CPU4/GPU=4/4,1478/525MHz,OC=FF,TA=0/0/0,SP=N/N/N,Mem=2092MHz,Free=7428MB,PLS=0,Temp=17.7C/0.0C,TW=0.80ms,App=6.72ms,GD=0.00ms,CPU&GPU=9.55ms,LCnt=1(DR90,LM0),GPU%=0.68,CPU%=0.18(W0.26),DSF=1.00,CFL=18.03/21.16
12-30 18:12:31.005 32575 32728 I VrApi   : FPS=90/90,Prd=42ms,Tear=0,Early=88,Stale=0,VSnc=1,Lat=1,Fov=4,CPU4/GPU=4/4,1478/525MHz,OC=FF,TA=0/0/0,SP=N/N/N,Mem=2092MHz,Free=7428MB,PLS=0,Temp=17.7C/0.0C,TW=0.82ms,App=5.97ms,GD=0.00ms,CPU&GPU=8.81ms,LCnt=1(DR90,LM0),GPU%=0.63,CPU%=0.26(W0.32),DSF=1.00,CFL=17.74/21.79
12-30 18:12:32.005 32575 32728 I VrApi   : FPS=90/90,Prd=42ms,Tear=0,Early=86,Stale=0,VSnc=1,Lat=1,Fov=4,CPU4/GPU=4/4,1478/525MHz,OC=FF,TA=0/0/0,SP=N/N/N,Mem=2092MHz,Free=7428MB,PLS=0,Temp=17.7C/0.0C,TW=0.80ms,App=6.48ms,GD=0.00ms,CPU&GPU=9.68ms,LCnt=1(DR90,LM0),GPU%=0.63,CPU%=0.24(W0.35),DSF=1.00,CFL=17.75/22.22
12-30 18:12:33.005 32575 32728 I VrApi   : FPS=89/90,Prd=42ms,Tear=0,Early=87,Stale=2,VSnc=1,Lat=1,Fov=4,CPU4/GPU=4/4,1478/525MHz,OC=FF,TA=0/0/0,SP=N/N/N,Mem=2092MHz,Free=7428MB,PLS=0,Temp=17.7C/0.0C,TW=0.80ms,App=5.91ms,GD=0.00ms,CPU&GPU=8.35ms,LCnt=1(DR90,LM0),GPU%=0.62,CPU%=0.27(W0.36),DSF=1.00,CFL=17.77/21.62
12-30 18:12:34.018 32575 32728 I VrApi   : FPS=90/90,Prd=42ms,Tear=0,Early=90,Stale=0,VSnc=1,Lat=1,Fov=4,CPU4/GPU=4/4,1478/525MHz,OC=FF,TA=0/0/0,SP=N/N/N,Mem=2092MHz,Free=7444MB,PLS=0,Temp=17.7C/0.0C,TW=0.81ms,App=6.10ms,GD=0.00ms,CPU&GPU=8.79ms,LCnt=1(DR90,LM0),GPU%=0.64,CPU%=0.23(W0.30),DSF=1.00,CFL=17.82/21.46
12-30 18:12:35.007 32575 32728 I VrApi   : FPS=90/90,Prd=42ms,Tear=0,Early=89,Stale=0,VSnc=1,Lat=1,Fov=4,CPU4/GPU=4/4,1478/525MHz,OC=FF,TA=0/0/0,SP=N/N/N,Mem=2092MHz,Free=7444MB,PLS=0,Temp=17.7C/0.0C,TW=0.83ms,App=5.88ms,GD=0.00ms,CPU&GPU=8.90ms,LCnt=1(DR90,LM0),GPU%=0.63,CPU%=0.23(W0.33),DSF=1.00,CFL=17.77/21.07
12-30 18:12:36.006 32575 32728 I VrApi   : FPS=90/90,Prd=42ms,Tear=0,Early=87,Stale=0,VSnc=1,Lat=1,Fov=4,CPU4/GPU=4/4,1478/525MHz,OC=FF,TA=0/0/0,SP=N/N/N,Mem=2092MHz,Free=7444MB,PLS=0,Temp=17.7C/0.0C,TW=0.84ms,App=6.70ms,GD=0.00ms,CPU&GPU=9.32ms,LCnt=1(DR90,LM0),GPU%=0.69,CPU%=0.25(W0.30),DSF=1.00,CFL=17.77/21.53
12-30 18:12:37.006 32575 32728 I VrApi   : FPS=90/90,Prd=42ms,Tear=0,Early=89,Stale=0,VSnc=1,Lat=1,Fov=4,CPU4/GPU=4/4,1478/525MHz,OC=FF,TA=0/0/0,SP=N/N/N,Mem=2092MHz,Free=7444MB,PLS=0,Temp=17.7C/0.0C,TW=0.84ms,App=6.28ms,GD=0.00ms,CPU&GPU=8.98ms,LCnt=1(DR90,LM0),GPU%=0.65,CPU%=0.24(W0.32),DSF=1.00,CFL=17.87/21.23
12-30 18:12:38.005 32575 32728 I VrApi   : FPS=90/90,Prd=42ms,Tear=0,Early=88,Stale=0,VSnc=1,Lat=1,Fov=4,CPU4/GPU=4/4,1478/525MHz,OC=FF,TA=0/0/0,SP=N/N/N,Mem=2092MHz,Free=7444MB,PLS=0,Temp=17.7C/0.0C,TW=0.83ms,App=6.49ms,GD=0.00ms,CPU&GPU=8.66ms,LCnt=1(DR90,LM0),GPU%=0.63,CPU%=0.25(W0.33),DSF=1.00,CFL=17.77/21.66
12-30 18:12:39.005 32575 32728 I VrApi   : FPS=90/90,Prd=42ms,Tear=0,Early=90,Stale=0,VSnc=1,Lat=1,Fov=4,CPU4/GPU=4/4,1478/525MHz,OC=FF,TA=0/0/0,SP=N/N/N,Mem=2092MHz,Free=7444MB,PLS=0,Temp=17.7C/0.0C,TW=0.85ms,App=6.15ms,GD=0.00ms,CPU&GPU=8.63ms,LCnt=1(DR90,LM0),GPU%=0.61,CPU%=0.24(W0.26),DSF=1.00,CFL=17.87/21.40
12-30 18:12:40.005 32575 32728 I VrApi   : FPS=90/90,Prd=42ms,Tear=0,Early=89,Stale=0,VSnc=1,Lat=1,Fov=4,CPU4/GPU=4/4,1478/525MHz,OC=FF,TA=0/0/0,SP=N/N/N,Mem=2092MHz,Free=7444MB,PLS=0,Temp=17.7C/0.0C,TW=0.85ms,App=6.15ms,GD=0.00ms,CPU&GPU=9.34ms,LCnt=1(DR90,LM0),GPU%=0.68,CPU%=0.23(W0.33),DSF=1.00,CFL=18.00/21.84
12-30 18:12:41.006 32575 32728 I VrApi   : FPS=90/90,Prd=42ms,Tear=0,Early=88,Stale=0,VSnc=1,Lat=1,Fov=4,CPU4/GPU=4/4,1478/525MHz,OC=FF,TA=0/0/0,SP=N/N/N,Mem=2092MHz,Free=7444MB,PLS=0,Temp=17.7C/0.0C,TW=0.88ms,App=6.24ms,GD=0.00ms,CPU&GPU=9.00ms,LCnt=1(DR90,LM0),GPU%=0.66,CPU%=0.26(W0.33),DSF=1.00,CFL=17.89/21.69
12-30 18:12:42.006 32575 32728 I VrApi   : FPS=90/90,Prd=42ms,Tear=0,Early=90,Stale=0,VSnc=1,Lat=1,Fov=4,CPU4/GPU=4/4,1478/525MHz,OC=FF,TA=0/0/0,SP=N/N/N,Mem=2092MHz,Free=7444MB,PLS=0,Temp=17.7C/0.0C,TW=0.81ms,App=5.85ms,GD=0.00ms,CPU&GPU=9.05ms,LCnt=1(DR90,LM0),GPU%=0.66,CPU%=0.23(W0.30),DSF=1.00,CFL=17.85/21.22
12-30 18:12:43.006 32575 32728 I VrApi   : FPS=90/90,Prd=42ms,Tear=0,Early=89,Stale=0,VSnc=1,Lat=1,Fov=4,CPU4/GPU=4/4,1478/525MHz,OC=FF,TA=0/0/0,SP=N/N/N,Mem=2092MHz,Free=7444MB,PLS=0,Temp=17.7C/0.0C,TW=0.81ms,App=5.95ms,GD=0.00ms,CPU&GPU=8.64ms,LCnt=1(DR90,LM0),GPU%=0.64,CPU%=0.18(W0.25),DSF=1.00,CFL=17.80/21.59
12-30 18:12:44.006 32575 32728 I VrApi   : FPS=90/90,Prd=42ms,Tear=0,Early=90,Stale=0,VSnc=1,Lat=1,Fov=4,CPU4/GPU=4/4,1478/525MHz,OC=FF,TA=0/0/0,SP=N/N/N,Mem=2092MHz,Free=7444MB,PLS=0,Temp=17.7C/0.0C,TW=0.80ms,App=5.52ms,GD=0.00ms,CPU&GPU=8.60ms,LCnt=1(DR90,LM0),GPU%=0.61,CPU%=0.16(W0.21),DSF=1.00,CFL=17.85/21.24
12-30 18:12:45.006 32575 32728 I VrApi   : FPS=90/90,Prd=42ms,Tear=0,Early=89,Stale=0,VSnc=1,Lat=1,Fov=4,CPU4/GPU=4/4,1478/525MHz,OC=FF,TA=0/0/0,SP=N/N/N,Mem=2092MHz,Free=7444MB,PLS=0,Temp=17.7C/0.0C,TW=0.82ms,App=6.30ms,GD=0.00ms,CPU&GPU=8.70ms,LCnt=1(DR90,LM0),GPU%=0.64,CPU%=0.23(W0.29),DSF=1.00,CFL=17.91/22.04
12-30 18:12:46.006 32575 32728 I VrApi   : FPS=89/90,Prd=42ms,Tear=0,Early=88,Stale=1,VSnc=1,Lat=1,Fov=4,CPU4/GPU=4/4,1478/525MHz,OC=FF,TA=0/0/0,SP=N/N/N,Mem=2092MHz,Free=7444MB,PLS=0,Temp=17.7C/0.0C,TW=0.81ms,App=6.15ms,GD=0.00ms,CPU&GPU=8.78ms,LCnt=1(DR90,LM0),GPU%=0.65,CPU%=0.17(W0.25),DSF=1.00,CFL=17.81/21.40
12-30 18:12:47.006 32575 32728 I VrApi   : FPS=90/90,Prd=42ms,Tear=0,Early=88,Stale=0,VSnc=1,Lat=1,Fov=4,CPU4/GPU=4/4,1478/525MHz,OC=FF,TA=0/0/0,SP=N/N/N,Mem=2092MHz,Free=7444MB,PLS=0,Temp=17.7C/0.0C,TW=0.80ms,App=6.02ms,GD=0.00ms,CPU&GPU=8.62ms,LCnt=1(DR90,LM0),GPU%=0.61,CPU%=0.25(W0.29),DSF=1.00,CFL=17.79/21.17
12-30 18:12:48.006 32575 32728 I VrApi   : FPS=90/90,Prd=42ms,Tear=0,Early=90,Stale=0,VSnc=1,Lat=1,Fov=4,CPU4/GPU=4/4,1478/525MHz,OC=FF,TA=0/0/0,SP=N/N/N,Mem=2092MHz,Free=7444MB,PLS=0,Temp=17.7C/0.0C,TW=0.82ms,App=7.18ms,GD=0.00ms,CPU&GPU=8.89ms,LCnt=1(DR90,LM0),GPU%=0.65,CPU%=0.24(W0.30),DSF=1.00,CFL=17.82/21.74
12-30 18:12:49.006 32575 32728 I VrApi   : FPS=90/90,Prd=42ms,Tear=0,Early=83,Stale=0,VSnc=1,Lat=1,Fov=4,CPU4/GPU=4/4,1478/525MHz,OC=FF,TA=0/0/0,SP=N/N/N,Mem=2092MHz,Free=7444MB,PLS=0,Temp=17.7C/0.0C,TW=0.83ms,App=6.39ms,GD=0.00ms,CPU&GPU=8.97ms,LCnt=1(DR90,LM0),GPU%=0.67,CPU%=0.26(W0.33),DSF=1.00,CFL=17.73/21.40
12-30 18:12:50.007 32575 32728 I VrApi   : FPS=90/90,Prd=42ms,Tear=0,Early=89,Stale=0,VSnc=1,Lat=1,Fov=4,CPU4/GPU=4/4,1478/525MHz,OC=FF,TA=0/0/0,SP=N/N/N,Mem=2092MHz,Free=7444MB,PLS=0,Temp=17.7C/0.0C,TW=0.86ms,App=6.27ms,GD=0.00ms,CPU&GPU=8.92ms,LCnt=1(DR90,LM0),GPU%=0.66,CPU%=0.26(W0.30),DSF=1.00,CFL=17.82/20.98
12-30 18:12:51.006 32575 32728 I VrApi   : FPS=90/90,Prd=42ms,Tear=0,Early=89,Stale=0,VSnc=1,Lat=1,Fov=4,CPU4/GPU=4/4,1478/525MHz,OC=FF,TA=0/0/0,SP=N/N/N,Mem=2092MHz,Free=7444MB,PLS=0,Temp=17.5C/0.0C,TW=0.83ms,App=6.13ms,GD=0.00ms,CPU&GPU=8.92ms,LCnt=1(DR90,LM0),GPU%=0.66,CPU%=0.22(W0.25),DSF=1.00,CFL=17.89/21.52
12-30 18:12:52.006 32575 32728 I VrApi   : FPS=90/90,Prd=42ms,Tear=0,Early=89,Stale=0,VSnc=1,Lat=1,Fov=4,CPU4/GPU=4/4,1478/525MHz,OC=FF,TA=0/0/0,SP=N/N/N,Mem=2092MHz,Free=7444MB,PLS=0,Temp=17.5C/0.0C,TW=0.80ms,App=5.98ms,GD=0.00ms,CPU&GPU=8.51ms,LCnt=1(DR90,LM0),GPU%=0.61,CPU%=0.21(W0.29),DSF=1.00,CFL=17.70/21.76
12-30 18:12:53.007 32575 32728 I VrApi   : FPS=90/90,Prd=42ms,Tear=0,Early=90,Stale=0,VSnc=1,Lat=1,Fov=4,CPU4/GPU=4/4,1478/525MHz,OC=FF,TA=0/0/0,SP=N/N/N,Mem=2092MHz,Free=7444MB,PLS=0,Temp=17.5C/0.0C,TW=0.84ms,App=6.37ms,GD=0.00ms,CPU&GPU=8.86ms,LCnt=1(DR90,LM0),GPU%=0.67,CPU%=0.28(W0.36),DSF=1.00,CFL=17.75/21.52
12-30 18:12:54.018 32575 32728 I VrApi   : FPS=90/90,Prd=42ms,Tear=0,Early=90,Stale=0,VSnc=1,Lat=1,Fov=4,CPU4/GPU=4/4,1478/525MHz,OC=FF,TA=0/0/0,SP=N/N/N,Mem=2092MHz,Free=7440MB,PLS=0,Temp=17.5C/0.0C,TW=0.83ms,App=6.35ms,GD=0.00ms,CPU&GPU=8.91ms,LCnt=1(DR90,LM0),GPU%=0.66,CPU%=0.22(W0.32),DSF=1.00,CFL=17.77/21.29
12-30 18:12:55.007 32575 32728 I VrApi   : FPS=90/90,Prd=42ms,Tear=0,Early=89,Stale=0,VSnc=1,Lat=1,Fov=4,CPU4/GPU=4/4,1478/525MHz,OC=FF,TA=0/0/0,SP=N/N/N,Mem=2092MHz,Free=7440MB,PLS=0,Temp=17.5C/0.0C,TW=0.81ms,App=6.02ms,GD=0.00ms,CPU&GPU=8.63ms,LCnt=1(DR90,LM0),GPU%=0.61,CPU%=0.21(W0.30),DSF=1.00,CFL=17.79/20.90
12-30 18:12:56.007 32575 32728 I VrApi   : FPS=90/90,Prd=42ms,Tear=0,Early=89,Stale=0,VSnc=1,Lat=1,Fov=4,CPU4/GPU=4/4,1478/525MHz,OC=FF,TA=0/0/0,SP=N/N/N,Mem=2092MHz,Free=7440MB,PLS=0,Temp=17.5C/0.0C,TW=0.79ms,App=6.02ms,GD=0.00ms,CPU&GPU=8.58ms,LCnt=1(DR90,LM0),GPU%=0.64,CPU%=0.19(W0.25),DSF=1.00,CFL=17.87/21.35
12-30 18:12:57.007 32575 32728 I VrApi   : FPS=90/90,Prd=42ms,Tear=0,Early=89,Stale=0,VSnc=1,Lat=1,Fov=4,CPU4/GPU=4/4,1478/525MHz,OC=FF,TA=0/0/0,SP=N/N/N,Mem=2092MHz,Free=7440MB,PLS=0,Temp=17.5C/0.0C,TW=0.81ms,App=6.19ms,GD=0.00ms,CPU&GPU=8.70ms,LCnt=1(DR90,LM0),GPU%=0.63,CPU%=0.21(W0.30),DSF=1.00,CFL=17.89/21.81
12-30 18:12:58.011 32575 32728 I VrApi   : FPS=90/90,Prd=42ms,Tear=0,Early=89,Stale=0,VSnc=1,Lat=1,Fov=4,CPU4/GPU=4/4,1478/525MHz,OC=FF,TA=0/0/0,SP=N/N/N,Mem=2092MHz,Free=7440MB,PLS=0,Temp=17.5C/0.0C,TW=0.81ms,App=6.61ms,GD=0.00ms,CPU&GPU=8.99ms,LCnt=1(DR90,LM0),GPU%=0.67,CPU%=0.22(W0.30),DSF=1.00,CFL=17.74/21.36
12-30 18:12:59.007 32575 32728 I VrApi   : FPS=90/90,Prd=42ms,Tear=0,Early=89,Stale=0,VSnc=1,Lat=1,Fov=4,CPU4/GPU=4/4,1478/525MHz,OC=FF,TA=0/0/0,SP=N/N/N,Mem=2092MHz,Free=7440MB,PLS=0,Temp=17.5C/0.0C,TW=0.80ms,App=5.72ms,GD=0.00ms,CPU&GPU=8.57ms,LCnt=1(DR90,LM0),GPU%=0.61,CPU%=0.24(W0.30),DSF=1.00,CFL=17.75/21.21
12-30 18:13:00.011 32575 32728 I VrApi   : FPS=90/90,Prd=42ms,Tear=0,Early=85,Stale=0,VSnc=1,Lat=1,Fov=4,CPU4/GPU=4/4,1478/525MHz,OC=FF,TA=0/0/0,SP=N/N/N,Mem=2092MHz,Free=7440MB,PLS=0,Temp=17.5C/0.0C,TW=0.78ms,App=5.95ms,GD=0.00ms,CPU&GPU=8.47ms,LCnt=1(DR90,LM0),GPU%=0.63,CPU%=0.20(W0.32),DSF=1.00,CFL=17.69/21.73
12-30 18:13:01.011 32575 32728 I VrApi   : FPS=90/90,Prd=42ms,Tear=0,Early=90,Stale=0,VSnc=1,Lat=1,Fov=4,CPU4/GPU=4/4,1478/525MHz,OC=FF,TA=0/0/0,SP=N/N/N,Mem=2092MHz,Free=7440MB,PLS=0,Temp=17.5C/0.0C,TW=0.81ms,App=6.26ms,GD=0.00ms,CPU&GPU=8.71ms,LCnt=1(DR90,LM0),GPU%=0.65,CPU%=0.25(W0.30),DSF=1.00,CFL=17.82/21.38
12-30 18:13:02.007 32575 32728 I VrApi   : FPS=90/90,Prd=42ms,Tear=0,Early=89,Stale=0,VSnc=1,Lat=1,Fov=4,CPU4/GPU=4/4,1478/525MHz,OC=FF,TA=0/0/0,SP=N/N/N,Mem=2092MHz,Free=7440MB,PLS=0,Temp=17.5C/0.0C,TW=0.83ms,App=6.60ms,GD=0.00ms,CPU&GPU=9.21ms,LCnt=1(DR90,LM0),GPU%=0.69,CPU%=0.22(W0.30),DSF=1.00,CFL=17.81/20.97
12-30 18:13:03.008 32575 32728 I VrApi   : FPS=90/90,Prd=42ms,Tear=0,Early=86,Stale=0,VSnc=1,Lat=1,Fov=4,CPU4/GPU=4/4,1478/525MHz,OC=FF,TA=0/0/0,SP=N/N/N,Mem=2092MHz,Free=7440MB,PLS=0,Temp=17.5C/0.0C,TW=0.84ms,App=6.51ms,GD=0.00ms,CPU&GPU=8.98ms,LCnt=1(DR90,LM0),GPU%=0.70,CPU%=0.23(W0.30),DSF=1.00,CFL=17.75/21.50
12-30 18:13:04.008 32575 32728 I VrApi   : FPS=90/90,Prd=42ms,Tear=0,Early=89,Stale=0,VSnc=1,Lat=1,Fov=4,CPU4/GPU=4/4,1478/525MHz,OC=FF,TA=0/0/0,SP=N/N/N,Mem=2092MHz,Free=7440MB,PLS=0,Temp=17.5C/0.0C,TW=0.80ms,App=7.04ms,GD=0.00ms,CPU&GPU=9.30ms,LCnt=1(DR90,LM0),GPU%=0.72,CPU%=0.17(W0.29),DSF=1.00,CFL=17.99/21.97
12-30 18:13:05.007 32575 32728 I VrApi   : FPS=90/90,Prd=42ms,Tear=0,Early=90,Stale=0,VSnc=1,Lat=1,Fov=4,CPU4/GPU=4/4,1478/525MHz,OC=FF,TA=0/0/0,SP=N/N/N,Mem=2092MHz,Free=7440MB,PLS=0,Temp=17.5C/0.0C,TW=0.83ms,App=6.41ms,GD=0.00ms,CPU&GPU=9.03ms,LCnt=1(DR90,LM0),GPU%=0.66,CPU%=0.22(W0.33),DSF=1.00,CFL=17.77/20.70
12-30 18:13:06.010 32575 32728 I VrApi   : FPS=90/90,Prd=42ms,Tear=0,Early=89,Stale=0,VSnc=1,Lat=1,Fov=4,CPU4/GPU=4/4,1478/525MHz,OC=FF,TA=0/0/0,SP=N/N/N,Mem=2092MHz,Free=7440MB,PLS=0,Temp=17.5C/0.0C,TW=0.86ms,App=6.33ms,GD=0.00ms,CPU&GPU=8.79ms,LCnt=1(DR90,LM0),GPU%=0.66,CPU%=0.26(W0.30),DSF=1.00,CFL=17.88/21.19
12-30 18:13:07.008 32575 32728 I VrApi   : FPS=90/90,Prd=42ms,Tear=0,Early=90,Stale=0,VSnc=1,Lat=1,Fov=4,CPU4/GPU=4/4,1478/525MHz,OC=FF,TA=0/0/0,SP=N/N/N,Mem=2092MHz,Free=7440MB,PLS=0,Temp=17.5C/0.0C,TW=0.85ms,App=6.63ms,GD=0.00ms,CPU&GPU=9.29ms,LCnt=1(DR90,LM0),GPU%=0.69,CPU%=0.22(W0.30),DSF=1.00,CFL=17.74/21.75
12-30 18:13:08.007 32575 32728 I VrApi   : FPS=90/90,Prd=42ms,Tear=0,Early=86,Stale=0,VSnc=1,Lat=1,Fov=4,CPU4/GPU=4/4,1478/525MHz,OC=FF,TA=0/0/0,SP=N/N/N,Mem=2092MHz,Free=7440MB,PLS=0,Temp=17.5C/0.0C,TW=0.83ms,App=6.54ms,GD=0.00ms,CPU&GPU=9.65ms,LCnt=1(DR90,LM0),GPU%=0.67,CPU%=0.26(W0.30),DSF=1.00,CFL=17.78/21.37
12-30 18:13:09.008 32575 32728 I VrApi   : FPS=90/90,Prd=42ms,Tear=0,Early=89,Stale=0,VSnc=1,Lat=1,Fov=4,CPU4/GPU=4/4,1478/525MHz,OC=FF,TA=0/0/0,SP=N/N/N,Mem=2092MHz,Free=7440MB,PLS=0,Temp=17.5C/0.0C,TW=0.79ms,App=5.97ms,GD=0.00ms,CPU&GPU=9.03ms,LCnt=1(DR90,LM0),GPU%=0.61,CPU%=0.31(W0.36),DSF=1.00,CFL=17.85/20.97
