12-30 23:23:55.010 26531 29190 I VrApi   : FPS=72/72,Prd=0ms,Tear=0,Early=0,Stale=0,VSnc=1,Lat=0,Fov=0,CPU4/GPU=2/2,1382/441MHz,OC=FF,TA=0/70/0,SP=N/F/N,Mem=2092MHz,Free=8474MB,PLS=0,Temp=26.0C/0.0C,TW=6.37ms,App=0.99ms,GD=0.14ms,CPU&GPU=13.92ms,LCnt=2(DR0,LM0),GPU%=0.55,CPU%=0.12(W0.14),DSF=1.00,CFL=17.94/21.79
12-30 23:23:55.339 26531 26556 W VrApi   : ovr_SubmitFrameInternal: FrameIndex discontinuity: Expected 10967, Received 10968
12-30 23:23:55.422 26531 26556 W VrApi   : ovr_SubmitFrameInternal: FrameIndex discontinuity: Expected 10973, Received 10974
12-30 23:23:55.506 26531 26556 W VrApi   : ovr_SubmitFrameInternal: FrameIndex discontinuity: Expected 10979, Received 10980
12-30 23:23:55.673 26531 26556 W VrApi   : ovr_SubmitFrameInternal: FrameIndex discontinuity: Expected 10988, Received 10989
12-30 23:23:56.010 26531 29190 I VrApi   : FPS=65/72,Prd=0ms,Tear=0,Early=0,Stale=17,VSnc=1,Lat=0,Fov=0,CPU4/GPU=3/3,1382/490MHz,OC=FF,TA=0/70/0,SP=N/F/N,Mem=2092MHz,Free=8474MB,PLS=0,Temp=26.0C/0.0C,TW=5.78ms,App=1.16ms,GD=0.13ms,CPU&GPU=15.32ms,LCnt=2(DR0,LM0),GPU%=0.54,CPU%=0.11(W0.18),DSF=1.00,CFL=17.76/21.85
12-30 23:23:56.144 26531 26556 W VrApi   : ovr_SubmitFrameInternal: FrameIndex discontinuity: Expected 11014, Received 11015
12-30 23:23:57.010 26531 29190 I VrApi   : FPS=57/72,Prd=0ms,Tear=0,Early=0,Stale=43,VSnc=1,Lat=0,Fov=0,CPU4/GPU=3/4,1382/525MHz,OC=FF,TA=0/70/0,SP=N/F/N,Mem=2092MHz,Free=8474MB,PLS=0,Temp=26.0C/0.0C,TW=5.76ms,App=1.13ms,GD=0.13ms,CPU&GPU=17.07ms,LCnt=2(DR0,LM0),GPU%=0.52,CPU%=0.08(W0.14),DSF=1.00,CFL=18.14/21.60
12-30 23:23:57.845 26531 26556 W VrApi   : ovr_SubmitFrameInternal: FrameIndex discontinuity: Expected 11132, Received 11133
12-30 23:23:58.011 26531 29190 I VrApi   : FPS=64/72,Prd=0ms,Tear=0,Early=0,Stale=17,VSnc=1,Lat=0,Fov=0,CPU4/GPU=3/4,1382/525MHz,OC=FF,TA=0/70/0,SP=N/F/N,Mem=2092MHz,Free=8474MB,PLS=0,Temp=26.0C/0.0C,TW=5.43ms,App=1.02ms,GD=0.12ms,CPU&GPU=15.42ms,LCnt=2(DR0,LM0),GPU%=0.49,CPU%=0.08(W0.17),DSF=1.00,CFL=17.84/21.73
12-30 23:23:58.133 26531 26556 W VrApi   : ovr_SubmitFrameInternal: FrameIndex discontinuity: Expected 11147, Received 11148
12-30 23:23:58.551 26531 26556 W VrApi   : ovr_SubmitFrameInternal: FrameIndex discontinuity: Expected 11170, Received 11171
12-30 23:23:58.606 26531 26556 W VrApi   : ovr_SubmitFrameInternal: FrameIndex discontinuity: Expected 11174, Received 11175
12-30 23:23:58.834 26531 26556 W VrApi   : ovr_SubmitFrameInternal: FrameIndex discontinuity: Expected 11186, Received 11187
12-30 23:23:59.012 26531 29190 I VrApi   : FPS=69/72,Prd=0ms,Tear=0,Early=0,Stale=12,VSnc=1,Lat=0,Fov=0,CPU4/GPU=3/4,1382/525MHz,OC=FF,TA=0/70/0,SP=N/F/N,Mem=2092MHz,Free=8474MB,PLS=0,Temp=26.0C/0.0C,TW=5.41ms,App=1.27ms,GD=0.12ms,CPU&GPU=14.10ms,LCnt=2(DR0,LM0),GPU%=0.47,CPU%=0.11(W0.14),DSF=1.00,CFL=17.74/23.36
12-30 23:23:59.441 26531 26556 W VrApi   : ovr_SubmitFrameInternal: FrameIndex discontinuity: Expected 11221, Received 11222
12-30 23:23:59.513 26531 26556 W VrApi   : ovr_SubmitFrameInternal: FrameIndex discontinuity: Expected 11224, Received 11225
12-30 23:23:59.557 26531 26556 W VrApi   : ovr_SubmitFrameInternal: FrameIndex discontinuity: Expected 11228, Received 11229
12-30 23:24:00.014 26531 29190 I VrApi   : FPS=54/72,Prd=0ms,Tear=0,Early=0,Stale=53,VSnc=1,Lat=0,Fov=0,CPU4/GPU=3/4,1382/525MHz,OC=FF,TA=0/70/0,SP=N/F/N,Mem=1555MHz,Free=8474MB,PLS=0,Temp=26.0C/0.0C,TW=5.34ms,App=1.05ms,GD=0.12ms,CPU&GPU=17.81ms,LCnt=2(DR0,LM0),GPU%=0.47,CPU%=0.05(W0.10),DSF=1.00,CFL=17.96/23.01
12-30 23:24:01.010 26531 29190 I VrApi   : FPS=59/72,Prd=0ms,Tear=0,Early=0,Stale=34,VSnc=1,Lat=0,Fov=0,CPU4/GPU=3/4,1382/490MHz,OC=FF,TA=0/70/0,SP=N/F/N,Mem=1555MHz,Free=8474MB,PLS=0,Temp=26.0C/0.0C,TW=4.28ms,App=1.09ms,GD=0.06ms,CPU&GPU=15.84ms,LCnt=2(DR0,LM0),GPU%=0.37,CPU%=0.09(W0.21),DSF=1.00,CFL=18.08/21.76
12-30 23:24:02.011 26531 29190 I VrApi   : FPS=70/72,Prd=0ms,Tear=0,Early=0,Stale=2,VSnc=1,Lat=0,Fov=0,CPU4/GPU=3/3,1171/490MHz,OC=FF,TA=0/70/0,SP=N/F/N,Mem=1804MHz,Free=8474MB,PLS=0,Temp=26.0C/0.0C,TW=3.95ms,App=0.85ms,GD=0.00ms,CPU&GPU=14.32ms,LCnt=1(DR69,LM0),GPU%=0.36,CPU%=0.08(W0.10),DSF=1.00,CFL=17.96/21.64
12-30 23:24:02.865 26531 26556 W VrApi   : ovr_SubmitFrameInternal: FrameIndex discontinuity: Expected 11458, Received 11459
12-30 23:24:02.906 26531 26556 W VrApi   : ovr_SubmitFrameInternal: FrameIndex discontinuity: Expected 11462, Received 11463
12-30 23:24:03.010 26531 29190 I VrApi   : FPS=72/72,Prd=0ms,Tear=0,Early=0,Stale=0,VSnc=1,Lat=0,Fov=0,CPU4/GPU=2/3,1382/490MHz,OC=FF,TA=0/70/0,SP=N/F/N,Mem=1804MHz,Free=8474MB,PLS=0,Temp=26.0C/0.0C,TW=3.92ms,App=0.84ms,GD=0.00ms,CPU&GPU=13.92ms,LCnt=1(DR72,LM0),GPU%=0.36,CPU%=0.14(W0.24),DSF=1.00,CFL=18.09/21.59
12-30 23:24:04.010 26531 29190 I VrApi   : FPS=62/72,Prd=0ms,Tear=0,Early=0,Stale=31,VSnc=1,Lat=0,Fov=0,CPU4/GPU=3/3,1382/490MHz,OC=FF,TA=0/70/0,SP=N/F/N,Mem=1804MHz,Free=8474MB,PLS=0,Temp=26.0C/0.0C,TW=3.93ms,App=0.95ms,GD=0.00ms,CPU&GPU=14.73ms,LCnt=1(DR72,LM0),GPU%=0.37,CPU%=0.07(W0.10),DSF=1.00,CFL=17.83/21.99
12-30 23:24:04.076 26531 26556 W VrApi   : ovr_SubmitFrameInternal: FrameIndex discontinuity: Expected 11538, Received 11539
12-30 23:24:04.131 26531 26556 W VrApi   : ovr_SubmitFrameInternal: FrameIndex discontinuity: Expected 11541, Received 11542
12-30 23:24:05.012 26531 29190 I VrApi   : FPS=70/72,Prd=0ms,Tear=0,Early=0,Stale=4,VSnc=1,Lat=0,Fov=0,CPU4/GPU=3/3,1382/490MHz,OC=FF,TA=0/70/0,SP=N/F/N,Mem=1804MHz,Free=8474MB,PLS=0,Temp=26.0C/0.0C,TW=3.93ms,App=1.16ms,GD=0.00ms,CPU&GPU=14.07ms,LCnt=1(DR72,LM0),GPU%=0.35,CPU%=0.17(W0.21),DSF=1.00,CFL=18.09/21.80
12-30 23:24:05.544 26531 26556 W VrApi   : ovr_SubmitFrameInternal: FrameIndex discontinuity: Expected 11634, Received 11635
12-30 23:24:05.697 26531 26556 W VrApi   : ovr_SubmitFrameInternal: FrameIndex discontinuity: Expected 11641, Received 11642
12-30 23:24:06.011 26531 29190 I VrApi   : FPS=65/72,Prd=0ms,Tear=0,Early=0,Stale=23,VSnc=1,Lat=0,Fov=0,CPU4/GPU=3/3,1382/490MHz,OC=FF,TA=0/70/0,SP=N/F/N,Mem=1804MHz,Free=8474MB,PLS=0,Temp=26.0C/0.0C,TW=3.93ms,App=0.96ms,GD=0.00ms,CPU&GPU=15.47ms,LCnt=1(DR72,LM0),GPU%=0.37,CPU%=0.12(W0.17),DSF=1.00,CFL=17.86/21.96
12-30 23:24:06.853 26531 26556 W VrApi   : ovr_SubmitFrameInternal: FrameIndex discontinuity: Expected 11721, Received 11722
12-30 23:24:07.011 26531 29190 I VrApi   : FPS=61/72,Prd=0ms,Tear=0,Early=0,Stale=21,VSnc=1,Lat=0,Fov=0,CPU4/GPU=3/3,1382/490MHz,OC=FF,TA=0/70/0,SP=N/F/N,Mem=1804MHz,Free=8474MB,PLS=0,Temp=26.0C/0.0C,TW=3.96ms,App=0.94ms,GD=0.00ms,CPU&GPU=16.02ms,LCnt=1(DR72,LM0),GPU%=0.37,CPU%=0.08(W0.14),DSF=1.00,CFL=17.93/22.01
12-30 23:24:08.010 26531 29190 I VrApi   : FPS=69/72,Prd=0ms,Tear=0,Early=0,Stale=7,VSnc=1,Lat=0,Fov=0,CPU4/GPU=3/4,1171/525MHz,OC=FF,TA=0/70/0,SP=N/F/N,Mem=2092MHz,Free=8474MB,PLS=0,Temp=26.0C/0.0C,TW=4.17ms,App=0.95ms,GD=0.13ms,CPU&GPU=14.43ms,LCnt=1(DR72,LM0),GPU%=0.42,CPU%=0.15(W0.17),DSF=1.00,CFL=18.11/21.35
12-30 23:24:08.213 26531 26556 W VrApi   : ovr_SubmitFrameInternal: FrameIndex discontinuity: Expected 11802, Received 11803
12-30 23:24:08.241 26531 26556 W VrApi   : ovr_SubmitFrameInternal: FrameIndex discontinuity: Expected 11806, Received 11807
12-30 23:24:08.255 26531 26556 W VrApi   : ovr_SubmitFrameInternal: FrameIndex discontinuity: Expected 11808, Received 11809
12-30 23:24:08.270 26531 26556 W VrApi   : ovr_SubmitFrameInternal: FrameIndex discontinuity: Expected 11810, Received 11811
12-30 23:24:08.311 26531 26556 W VrApi   : ovr_SubmitFrameInternal: FrameIndex discontinuity: Expected 11813, Received 11814
12-30 23:24:08.476 26531 26556 W VrApi   : ovr_SubmitFrameInternal: FrameIndex discontinuity: Expected 11825, Received 11826
12-30 23:24:09.011 26531 29190 I VrApi   : FPS=64/72,Prd=0ms,Tear=0,Early=0,Stale=10,VSnc=1,Lat=0,Fov=0,CPU4/GPU=3/4,1382/490MHz,OC=FF,TA=0/70/0,SP=N/F/N,Mem=2092MHz,Free=8474MB,PLS=0,Temp=26.0C/0.0C,TW=5.27ms,App=1.23ms,GD=0.13ms,CPU&GPU=14.23ms,LCnt=2(DR16,LM0),GPU%=0.52,CPU%=0.13(W0.14),DSF=1.00,CFL=17.82/22.09
12-30 23:24:09.130 26531 26556 W VrApi   : ovr_SubmitFrameInternal: FrameIndex discontinuity: Expected 11861, Received 11862
12-30 23:24:09.145 26531 26556 W VrApi   : ovr_SubmitFrameInternal: FrameIndex discontinuity: Expected 11864, Received 11865
12-30 23:24:09.159 26531 26556 W VrApi   : ovr_SubmitFrameInternal: FrameIndex discontinuity: Expected 11866, Received 11867
12-30 23:24:09.186 26531 26556 W VrApi   : ovr_SubmitFrameInternal: FrameIndex discontinuity: Expected 11868, Received 11869
12-30 23:24:09.206 26531 26556 W VrApi   : ovr_SubmitFrameInternal: FrameIndex discontinuity: Expected 11871, Received 11872
12-30 23:24:09.519 26531 26556 W VrApi   : ovr_SubmitFrameInternal: FrameIndex discontinuity: Expected 11883, Received 11884
12-30 23:24:09.656 26531 26556 W VrApi   : ovr_SubmitFrameInternal: FrameIndex discontinuity: Expected 11889, Received 11890
12-30 23:24:09.714 26531 26556 W VrApi   : ovr_SubmitFrameInternal: FrameIndex discontinuity: Expected 11892, Received 11893
12-30 23:24:09.881 26531 26556 W VrApi   : ovr_SubmitFrameInternal: FrameIndex discontinuity: Expected 11898, Received 11899
12-30 23:24:09.978 26531 26556 W VrApi   : ovr_SubmitFrameInternal: FrameIndex discontinuity: Expected 11903, Received 11904
12-30 23:24:10.011 26531 29190 I VrApi   : FPS=60/72,Prd=0ms,Tear=0,Early=0,Stale=42,VSnc=1,Lat=0,Fov=0,CPU4/GPU=3/3,1382/490MHz,OC=FF,TA=0/70/0,SP=N/F/N,Mem=2092MHz,Free=8474MB,PLS=0,Temp=26.0C/0.0C,TW=3.82ms,App=1.85ms,GD=0.00ms,CPU&GPU=18.71ms,LCnt=1(DR36,LM0),GPU%=0.35,CPU%=0.10(W0.20),DSF=1.00,CFL=18.19/21.51
12-30 23:24:10.065 26531 26556 W VrApi   : ovr_SubmitFrameInternal: FrameIndex discontinuity: Expected 11908, Received 11909
12-30 23:24:10.111 26531 26556 W VrApi   : ovr_SubmitFrameInternal: FrameIndex discontinuity: Expected 11912, Received 11913
12-30 23:24:10.494 26531 26556 W VrApi   : ovr_SubmitFrameInternal: FrameIndex discontinuity: Expected 11923, Received 11924
12-30 23:24:10.578 26531 26556 W VrApi   : ovr_SubmitFrameInternal: FrameIndex discontinuity: Expected 11931, Received 11932
12-30 23:24:10.648 26531 26556 W VrApi   : ovr_SubmitFrameInternal: FrameIndex discontinuity: Expected 11933, Received 11934
12-30 23:24:10.721 26531 26556 W VrApi   : ovr_SubmitFrameInternal: FrameIndex discontinuity: Expected 11939, Received 11940
12-30 23:24:10.773 26531 26556 W VrApi   : ovr_SubmitFrameInternal: FrameIndex discontinuity: Expected 11944, Received 11945
12-30 23:24:10.800 26531 26556 W VrApi   : ovr_SubmitFrameInternal: FrameIndex discontinuity: Expected 11947, Received 11948
12-30 23:24:10.849 26531 26556 W VrApi   : ovr_SubmitFrameInternal: FrameIndex discontinuity: Expected 11950, Received 11951
12-30 23:24:10.981 26531 26556 W VrApi   : ovr_SubmitFrameInternal: FrameIndex discontinuity: Expected 11957, Received 11958
12-30 23:24:11.011 26531 29190 I VrApi   : FPS=35/72,Prd=0ms,Tear=0,Early=0,Stale=68,VSnc=1,Lat=0,Fov=0,CPU4/GPU=3/3,1382/490MHz,OC=FF,TA=0/70/0,SP=N/F/N,Mem=2092MHz,Free=8474MB,PLS=0,Temp=26.0C/0.0C,TW=3.92ms,App=1.47ms,GD=0.00ms,CPU&GPU=21.24ms,LCnt=1(DR72,LM0),GPU%=0.31,CPU%=0.10(W0.20),DSF=1.00,CFL=17.91/21.53
12-30 23:24:11.238 26531 26556 W VrApi   : ovr_SubmitFrameInternal: FrameIndex discontinuity: Expected 11970, Received 11971
12-30 23:24:11.306 26531 26556 W VrApi   : ovr_SubmitFrameInternal: FrameIndex discontinuity: Expected 11976, Received 11977
12-30 23:24:11.371 26531 26556 W VrApi   : ovr_SubmitFrameInternal: FrameIndex discontinuity: Expected 11979, Received 11980
12-30 23:24:11.414 26531 26556 W VrApi   : ovr_SubmitFrameInternal: FrameIndex discontinuity: Expected 11983, Received 11984
12-30 23:24:11.441 26531 26556 W VrApi   : ovr_SubmitFrameInternal: FrameIndex discontinuity: Expected 11986, Received 11987
12-30 23:24:11.482 26531 26556 W VrApi   : ovr_SubmitFrameInternal: FrameIndex discontinuity: Expected 11990, Received 11991
12-30 23:24:11.538 26531 26556 W VrApi   : ovr_SubmitFrameInternal: FrameIndex discontinuity: Expected 11995, Received 11996
12-30 23:24:11.684 26531 26556 W VrApi   : ovr_SubmitFrameInternal: FrameIndex discontinuity: Expected 12005, Received 12006
12-30 23:24:11.712 26531 26556 W VrApi   : Warning: app-submitted vsync 25828 for display time 2109.462s exceeds max future display vsync -- clamping to 25818
12-30 23:24:11.767 26531 26556 W VrApi   : Warning: app-submitted vsync 25829 for display time 2109.476s exceeds max future display vsync -- clamping to 25822
12-30 23:24:11.823 26531 26556 W VrApi   : Warning: app-submitted vsync 25830 for display time 2109.490s exceeds max future display vsync -- clamping to 25826
12-30 23:24:11.878 26531 26556 W VrApi   : Warning: app-submitted vsync 25831 for display time 2109.504s exceeds max future display vsync -- clamping to 25830
12-30 23:24:11.934 26531 26556 W VrApi   : Warning: app-submitted vsync 25843 for display time 2109.671s exceeds max future display vsync -- clamping to 25834
12-30 23:24:12.004 26531 26556 W VrApi   : ovr_SubmitFrameInternal: FrameIndex discontinuity: Expected 12013, Received 12014
12-30 23:24:12.004 26531 26556 W VrApi   : Warning: app-submitted vsync 25847 for display time 2109.727s exceeds max future display vsync -- clamping to 25839
12-30 23:24:12.015 26531 29190 I VrApi   : FPS=48/72,Prd=0ms,Tear=0,Early=0,Stale=72,VSnc=1,Lat=0,Fov=0,CPU4/GPU=3/3,1382/490MHz,OC=FF,TA=0/70/0,SP=N/F/N,Mem=2092MHz,Free=8473MB,PLS=0,Temp=26.0C/0.0C,TW=3.93ms,App=1.36ms,GD=0.00ms,CPU&GPU=21.22ms,LCnt=1(DR72,LM0),GPU%=0.38,CPU%=0.05(W0.09),DSF=1.00,CFL=17.94/22.57
12-30 23:24:12.074 26531 26556 W VrApi   : ovr_SubmitFrameInternal: FrameIndex discontinuity: Expected 12016, Received 12017
12-30 23:24:12.074 26531 26556 W VrApi   : Warning: app-submitted vsync 25852 for display time 2109.796s exceeds max future display vsync -- clamping to 25844
12-30 23:24:12.129 26531 26556 W VrApi   : Warning: app-submitted vsync 25854 for display time 2109.824s exceeds max future display vsync -- clamping to 25848
12-30 23:24:12.185 26531 26556 W VrApi   : Warning: app-submitted vsync 25858 for display time 2109.880s exceeds max future display vsync -- clamping to 25852
12-30 23:24:12.240 26531 26556 W VrApi   : Warning: app-submitted vsync 25862 for display time 2109.936s exceeds max future display vsync -- clamping to 25856
12-30 23:24:12.296 26531 26556 W VrApi   : Warning: app-submitted vsync 25866 for display time 2109.991s exceeds max future display vsync -- clamping to 25860
12-30 23:24:12.338 26531 26556 W VrApi   : ovr_SubmitFrameInternal: FrameIndex discontinuity: Expected 12023, Received 12024
12-30 23:24:12.547 26531 26556 W VrApi   : Warning: app-submitted vsync 25886 for display time 2110.270s exceeds max future display vsync -- clamping to 25878
12-30 23:24:12.603 26531 26556 W VrApi   : Warning: app-submitted vsync 25888 for display time 2110.298s exceeds max future display vsync -- clamping to 25882
12-30 23:24:12.658 26531 26556 W VrApi   : Warning: app-submitted vsync 25892 for display time 2110.353s exceeds max future display vsync -- clamping to 25886
12-30 23:24:12.714 26531 26556 W VrApi   : Warning: app-submitted vsync 25896 for display time 2110.409s exceeds max future display vsync -- clamping to 25890
12-30 23:24:12.770 26531 26556 W VrApi   : Warning: app-submitted vsync 25900 for display time 2110.465s exceeds max future display vsync -- clamping to 25894
12-30 23:24:12.825 26531 26556 W VrApi   : Warning: app-submitted vsync 25904 for display time 2110.520s exceeds max future display vsync -- clamping to 25898
12-30 23:24:12.881 26531 26556 W VrApi   : Warning: app-submitted vsync 25908 for display time 2110.576s exceeds max future display vsync -- clamping to 25902
12-30 23:24:12.937 26531 26556 W VrApi   : Warning: app-submitted vsync 25912 for display time 2110.632s exceeds max future display vsync -- clamping to 25906
12-30 23:24:12.992 26531 26556 W VrApi   : Warning: app-submitted vsync 25916 for display time 2110.687s exceeds max future display vsync -- clamping to 25910
12-30 23:24:13.011 26531 29190 I VrApi   : FPS=40/72,Prd=0ms,Tear=0,Early=14,Stale=65,VSnc=1,Lat=0,Fov=0,CPU4/GPU=3/3,1382/490MHz,OC=FF,TA=0/70/0,SP=N/F/N,Mem=2092MHz,Free=8473MB,PLS=0,Temp=26.0C/0.0C,TW=3.88ms,App=0.79ms,GD=0.00ms,CPU&GPU=21.93ms,LCnt=1(DR72,LM0),GPU%=0.31,CPU%=0.12(W0.14),DSF=1.00,CFL=18.00/21.47
12-30 23:24:13.048 26531 26556 W VrApi   : Warning: app-submitted vsync 25920 for display time 2110.743s exceeds max future display vsync -- clamping to 25914
12-30 23:24:13.104 26531 26556 W VrApi   : Warning: app-submitted vsync 25924 for display time 2110.799s exceeds max future display vsync -- clamping to 25918
12-30 23:24:13.159 26531 26556 W VrApi   : Warning: app-submitted vsync 25928 for display time 2110.854s exceeds max future display vsync -- clamping to 25922
12-30 23:24:13.215 26531 26556 W VrApi   : Warning: app-submitted vsync 25932 for display time 2110.910s exceeds max future display vsync -- clamping to 25926
12-30 23:24:13.271 26531 26556 W VrApi   : Warning: app-submitted vsync 25936 for display time 2110.966s exceeds max future display vsync -- clamping to 25930
12-30 23:24:13.326 26531 26556 W VrApi   : Warning: app-submitted vsync 25940 for display time 2111.022s exceeds max future display vsync -- clamping to 25934
12-30 23:24:13.382 26531 26556 W VrApi   : Warning: app-submitted vsync 25944 for display time 2111.077s exceeds max future display vsync -- clamping to 25938
12-30 23:24:13.438 26531 26556 W VrApi   : Warning: app-submitted vsync 25948 for display time 2111.133s exceeds max future display vsync -- clamping to 25942
12-30 23:24:13.494 26531 26556 W VrApi   : Warning: app-submitted vsync 25952 for display time 2111.189s exceeds max future display vsync -- clamping to 25946
12-30 23:24:13.549 26531 26556 W VrApi   : Warning: app-submitted vsync 25956 for display time 2111.244s exceeds max future display vsync -- clamping to 25950
12-30 23:24:13.605 26531 26556 W VrApi   : Warning: app-submitted vsync 25960 for display time 2111.300s exceeds max future display vsync -- clamping to 25954
12-30 23:24:13.661 26531 26556 W VrApi   : Warning: app-submitted vsync 25964 for display time 2111.356s exceeds max future display vsync -- clamping to 25958
12-30 23:24:13.716 26531 26556 W VrApi   : Warning: app-submitted vsync 25968 for display time 2111.411s exceeds max future display vsync -- clamping to 25962
12-30 23:24:13.772 26531 26556 W VrApi   : Warning: app-submitted vsync 25972 for display time 2111.467s exceeds max future display vsync -- clamping to 25966
12-30 23:24:13.828 26531 26556 W VrApi   : Warning: app-submitted vsync 25976 for display time 2111.523s exceeds max future display vsync -- clamping to 25970
12-30 23:24:13.883 26531 26556 W VrApi   : Warning: app-submitted vsync 25980 for display time 2111.578s exceeds max future display vsync -- clamping to 25974
12-30 23:24:13.939 26531 26556 W VrApi   : Warning: app-submitted vsync 25984 for display time 2111.634s exceeds max future display vsync -- clamping to 25978
12-30 23:24:13.995 26531 26556 W VrApi   : Warning: app-submitted vsync 25988 for display time 2111.690s exceeds max future display vsync -- clamping to 25982
12-30 23:24:14.011 26531 29190 I VrApi   : FPS=30/72,Prd=0ms,Tear=0,Early=30,Stale=44,VSnc=1,Lat=0,Fov=0,CPU4/GPU=3/3,1382/490MHz,OC=FF,TA=0/70/0,SP=N/F/N,Mem=2092MHz,Free=8473MB,PLS=0,Temp=26.0C/0.0C,TW=3.89ms,App=0.86ms,GD=0.00ms,CPU&GPU=28.79ms,LCnt=1(DR72,LM0),GPU%=0.30,CPU%=0.14(W0.18),DSF=1.00,CFL=17.93/21.87
12-30 23:24:14.050 26531 26556 W VrApi   : Warning: app-submitted vsync 25992 for display time 2111.746s exceeds max future display vsync -- clamping to 25986
12-30 23:24:14.106 26531 26556 W VrApi   : Warning: app-submitted vsync 25996 for display time 2111.801s exceeds max future display vsync -- clamping to 25990
12-30 23:24:14.162 26531 26556 W VrApi   : Warning: app-submitted vsync 26000 for display time 2111.857s exceeds max future display vsync -- clamping to 25994
12-30 23:24:14.218 26531 26556 W VrApi   : Warning: app-submitted vsync 26004 for display time 2111.913s exceeds max future display vsync -- clamping to 25998
12-30 23:24:14.273 26531 26556 W VrApi   : Warning: app-submitted vsync 26008 for display time 2111.968s exceeds max future display vsync -- clamping to 26002
12-30 23:24:14.329 26531 26556 W VrApi   : Warning: app-submitted vsync 26012 for display time 2112.024s exceeds max future display vsync -- clamping to 26006
12-30 23:24:14.385 26531 26556 W VrApi   : Warning: app-submitted vsync 26016 for display time 2112.080s exceeds max future display vsync -- clamping to 26010
12-30 23:24:14.440 26531 26556 W VrApi   : Warning: app-submitted vsync 26020 for display time 2112.135s exceeds max future display vsync -- clamping to 26014
12-30 23:24:14.496 26531 26556 W VrApi   : Warning: app-submitted vsync 26024 for display time 2112.191s exceeds max future display vsync -- clamping to 26018
12-30 23:24:14.552 26531 26556 W VrApi   : Warning: app-submitted vsync 26028 for display time 2112.247s exceeds max future display vsync -- clamping to 26022
12-30 23:24:14.607 26531 26556 W VrApi   : Warning: app-submitted vsync 26032 for display time 2112.302s exceeds max future display vsync -- clamping to 26026
12-30 23:24:14.663 26531 26556 W VrApi   : Warning: app-submitted vsync 26036 for display time 2112.358s exceeds max future display vsync -- clamping to 26030
12-30 23:24:14.719 26531 26556 W VrApi   : Warning: app-submitted vsync 26040 for display time 2112.414s exceeds max future display vsync -- clamping to 26034
12-30 23:24:14.774 26531 26556 W VrApi   : Warning: app-submitted vsync 26044 for display time 2112.469s exceeds max future display vsync -- clamping to 26038
12-30 23:24:14.830 26531 26556 W VrApi   : Warning: app-submitted vsync 26048 for display time 2112.525s exceeds max future display vsync -- clamping to 26042
12-30 23:24:14.886 26531 26556 W VrApi   : Warning: app-submitted vsync 26052 for display time 2112.581s exceeds max future display vsync -- clamping to 26046
12-30 23:24:14.942 26531 26556 W VrApi   : Warning: app-submitted vsync 26056 for display time 2112.637s exceeds max future display vsync -- clamping to 26050
12-30 23:24:14.997 26531 26556 W VrApi   : Warning: app-submitted vsync 26060 for display time 2112.692s exceeds max future display vsync -- clamping to 26054
12-30 23:24:15.018 26531 29190 I VrApi   : FPS=18/72,Prd=0ms,Tear=0,Early=36,Stale=54,VSnc=1,Lat=0,Fov=0,CPU4/GPU=3/4,1382/525MHz,OC=FF,TA=0/70/0,SP=N/F/N,Mem=2092MHz,Free=8473MB,PLS=0,Temp=26.0C/0.0C,TW=5.53ms,App=0.81ms,GD=0.12ms,CPU&GPU=41.05ms,LCnt=2(DR57,LM0),GPU%=0.45,CPU%=0.12(W0.14),DSF=1.00,CFL=18.09/21.77
12-30 23:24:15.053 26531 26556 W VrApi   : Warning: app-submitted vsync 26064 for display time 2112.748s exceeds max future display vsync -- clamping to 26058
12-30 23:24:15.108  2248  3086 D VrApi   : targetSDKVersion 29
12-30 23:24:15.109 26531 26556 W VrApi   : Warning: app-submitted vsync 26068 for display time 2112.804s exceeds max future display vsync -- clamping to 26062
12-30 23:24:15.164 26531 26556 W VrApi   : Warning: app-submitted vsync 26072 for display time 2112.859s exceeds max future display vsync -- clamping to 26066
12-30 23:24:15.166  2248  3086 I VrApi   : OVR::Stats thread started
12-30 23:24:15.181  2248 31502 D VrApi   : targetSDKVersion 29
12-30 23:24:15.220 26531 26556 W VrApi   : Warning: app-submitted vsync 26076 for display time 2112.915s exceeds max future display vsync -- clamping to 26070
12-30 23:24:15.220 26531 26556 W VrApi   : ovr_SubmitFrameInternal: FrameIndex discontinuity: Expected 12087, Received 12086
12-30 23:24:15.220 26531 26556 W VrApi   : Warning: app-submitted vsync 26071 for display time 2112.846s exceeds max future display vsync -- clamping to 26070
12-30 23:24:15.242 26531 26556 I VrApi   : ---------- vrapi_LeaveVrMode [start] ----------
12-30 23:24:15.250 26531 26556 D VrApi   : targetSDKVersion 29
12-30 23:24:15.256 26531 29190 I VrApi   : FPS=18/72,Prd=0ms,Tear=0,Early=36,Stale=54,VSnc=1,Lat=0,Fov=0,CPU4/GPU=3/4,1478/525MHz,OC=FF,TA=0/70/0,SP=N/F/N,Mem=2092MHz,Free=8473MB,PLS=0,Temp=26.0C/0.0C,TW=5.53ms,App=0.81ms,GD=0.12ms,CPU&GPU=41.05ms,LCnt=2(DR57,LM0),GPU%=0.45,CPU%=0.12(W0.14),DSF=1.00,CFL=18.09/21.77
12-30 23:24:15.260 26531 26556 I VrApi   : OVR::Stats thread stopped
12-30 23:24:15.290 26531 26556 I VrApi   : ---------- vrapi_LeaveVrMode [end] ----------
12-30 23:24:44.235  2248  3086 D VrApi   : targetSDKVersion 29
12-30 23:24:44.345  2248  3086 I VrApi   : OVR::Stats thread stopped
12-30 23:24:46.014 26531 26556 I VrApi   : ---------- vrapi_EnterVrMode [start] ----------
12-30 23:24:46.016 26531 26556 D VrApi   : targetSDKVersion 29
12-30 23:24:46.023 26531 26556 I VrApi   : ovrModeParms::VRAPI_MODE_FLAG_RESET_WINDOW_FULLSCREEN = 0
12-30 23:24:46.023 26531 26556 I VrApi   : ovrModeParms::VRAPI_MODE_FLAG_NATIVE_WINDOW = 1
12-30 23:24:46.023 26531 26556 I VrApi   : ovrModeParms::VRAPI_MODE_FLAG_FRONT_BUFFER_SRGB = 0
12-30 23:24:46.023 26531 26556 I VrApi   : ovrModeParms::VRAPI_MODE_FLAG_PHASE_SYNC = 0
12-30 23:24:46.023 26531 26556 I VrApi   : ovrModeParms::VRAPI_MODE_FLAG_APP_SPACE_WARP = 0
12-30 23:24:46.023 26531 26556 I VrApi   : PhaseSync disabled
12-30 23:24:46.023 26531 26556 I VrApi   : HMD sensor attached.
12-30 23:24:46.027 26531 26556 I VrApi   : Creating Default swapchain
12-30 23:24:46.027 26531 26556 I VrApi   : Creating Loading Icon swapchain
12-30 23:24:46.027 26531 26556 I VrApi   : OVR::Stats thread started
12-30 23:24:46.027 26531 26556 I VrApi   : Initial BaseVsync 28280 
12-30 23:24:46.028 26531 26556 I VrApi   : ---------- vrapi_EnterVrMode [end] ----------
12-30 23:24:46.028 26531 26556 I VrApi   : vrapi_SetDisplayRefreshRate: display refresh rate supported 72.000000
12-30 23:24:46.033 26531 32211 D VrApi   : targetSDKVersion 29
12-30 23:24:46.070 26531 32211 D VrApi   : VrApi::isWifiConnected exception: Make sure android.permission.ACCESS_NETWORK_STATE is set in the manifest.
12-30 23:24:46.386 26531 26556 W VrApi   : Warning: app-submitted vsync 28316 for display time 2144.101s exceeds max future display vsync -- clamping to 28309
12-30 23:24:46.449 26531 26556 W VrApi   : Warning: app-submitted vsync 28317 for display time 2144.115s exceeds max future display vsync -- clamping to 28313
12-30 23:24:46.505 26531 26556 W VrApi   : Warning: app-submitted vsync 28323 for display time 2144.199s exceeds max future display vsync -- clamping to 28317
12-30 23:24:46.559 26531 26556 W VrApi   : Warning: app-submitted vsync 28327 for display time 2144.254s exceeds max future display vsync -- clamping to 28321
12-30 23:24:46.615 26531 26556 W VrApi   : Warning: app-submitted vsync 28330 for display time 2144.296s exceeds max future display vsync -- clamping to 28325
12-30 23:24:46.671 26531 26556 W VrApi   : Warning: app-submitted vsync 28334 for display time 2144.352s exceeds max future display vsync -- clamping to 28329
12-30 23:24:46.726 26531 26556 W VrApi   : Warning: app-submitted vsync 28339 for display time 2144.421s exceeds max future display vsync -- clamping to 28333
12-30 23:24:46.782 26531 26556 W VrApi   : Warning: app-submitted vsync 28343 for display time 2144.477s exceeds max future display vsync -- clamping to 28337
12-30 23:24:46.838 26531 26556 W VrApi   : Warning: app-submitted vsync 28347 for display time 2144.533s exceeds max future display vsync -- clamping to 28341
12-30 23:24:46.893 26531 26556 W VrApi   : Warning: app-submitted vsync 28351 for display time 2144.588s exceeds max future display vsync -- clamping to 28345
12-30 23:24:46.949 26531 26556 W VrApi   : Warning: app-submitted vsync 28355 for display time 2144.644s exceeds max future display vsync -- clamping to 28349
12-30 23:24:47.005 26531 26556 W VrApi   : Warning: app-submitted vsync 28359 for display time 2144.700s exceeds max future display vsync -- clamping to 28353
12-30 23:24:47.060 26531 26556 W VrApi   : Warning: app-submitted vsync 28363 for display time 2144.755s exceeds max future display vsync -- clamping to 28357
12-30 23:24:47.116 26531 26556 W VrApi   : Warning: app-submitted vsync 28367 for display time 2144.811s exceeds max future display vsync -- clamping to 28361
12-30 23:24:47.172 26531 26556 W VrApi   : Warning: app-submitted vsync 28371 for display time 2144.867s exceeds max future display vsync -- clamping to 28365
12-30 23:24:47.227 26531 26556 W VrApi   : Warning: app-submitted vsync 28375 for display time 2144.923s exceeds max future display vsync -- clamping to 28369
12-30 23:24:47.283 26531 26556 W VrApi   : Warning: app-submitted vsync 28379 for display time 2144.978s exceeds max future display vsync -- clamping to 28373
12-30 23:24:47.339 26531 26556 W VrApi   : Warning: app-submitted vsync 28383 for display time 2145.034s exceeds max future display vsync -- clamping to 28377
12-30 23:24:47.395 26531 26556 W VrApi   : Warning: app-submitted vsync 28387 for display time 2145.090s exceeds max future display vsync -- clamping to 28381
12-30 23:24:47.450 26531 26556 W VrApi   : Warning: app-submitted vsync 28391 for display time 2145.145s exceeds max future display vsync -- clamping to 28385
12-30 23:24:47.506 26531 26556 W VrApi   : Warning: app-submitted vsync 28395 for display time 2145.201s exceeds max future display vsync -- clamping to 28389
12-30 23:24:47.562 26531 26556 W VrApi   : Warning: app-submitted vsync 28399 for display time 2145.257s exceeds max future display vsync -- clamping to 28393
12-30 23:24:47.631 26531 26556 W VrApi   : ovr_SubmitFrameInternal: FrameIndex discontinuity: Expected 12110, Received 12111
12-30 23:24:47.631 26531 26556 W VrApi   : Warning: app-submitted vsync 28406 for display time 2145.354s exceeds max future display vsync -- clamping to 28398
12-30 23:24:47.673 26531 26556 W VrApi   : ovr_SubmitFrameInternal: FrameIndex discontinuity: Expected 12113, Received 12114
12-30 23:24:47.701 26531 26556 W VrApi   : Warning: app-submitted vsync 28411 for display time 2145.424s exceeds max future display vsync -- clamping to 28403
12-30 23:24:47.757 26531 26556 W VrApi   : Warning: app-submitted vsync 28413 for display time 2145.452s exceeds max future display vsync -- clamping to 28407
12-30 23:24:47.812 26531 26556 W VrApi   : Warning: app-submitted vsync 28417 for display time 2145.507s exceeds max future display vsync -- clamping to 28411
12-30 23:24:47.868 26531 26556 W VrApi   : Warning: app-submitted vsync 28421 for display time 2145.563s exceeds max future display vsync -- clamping to 28415
12-30 23:24:47.924 26531 26556 W VrApi   : Warning: app-submitted vsync 28425 for display time 2145.619s exceeds max future display vsync -- clamping to 28419
12-30 23:24:47.979 26531 26556 W VrApi   : Warning: app-submitted vsync 28429 for display time 2145.674s exceeds max future display vsync -- clamping to 28423
12-30 23:24:48.007 26531 32211 I VrApi   : FPS=18/72,Prd=0ms,Tear=0,Early=28,Stale=59,VSnc=1,Lat=0,Fov=0,CPU4/GPU=2/3,1171/490MHz,OC=FF,TA=0/70/0,SP=N/F/N,Mem=1555MHz,Free=8427MB,PLS=0,Temp=25.2C/0.0C,TW=3.91ms,App=1.02ms,GD=0.00ms,CPU&GPU=548.34ms,LCnt=1(DR49,LM0),GPU%=0.31,CPU%=0.12(W0.21),DSF=1.00,CFL=16.72/21.60
12-30 23:24:48.035 26531 26556 W VrApi   : Warning: app-submitted vsync 28433 for display time 2145.730s exceeds max future display vsync -- clamping to 28427
12-30 23:24:48.091 26531 26556 W VrApi   : Warning: app-submitted vsync 28437 for display time 2145.786s exceeds max future display vsync -- clamping to 28431
12-30 23:24:48.146 26531 26556 W VrApi   : Warning: app-submitted vsync 28441 for display time 2145.841s exceeds max future display vsync -- clamping to 28435
12-30 23:24:48.202 26531 26556 W VrApi   : Warning: app-submitted vsync 28445 for display time 2145.897s exceeds max future display vsync -- clamping to 28439
12-30 23:24:48.258 26531 26556 W VrApi   : Warning: app-submitted vsync 28449 for display time 2145.953s exceeds max future display vsync -- clamping to 28443
12-30 23:24:48.313 26531 26556 W VrApi   : Warning: app-submitted vsync 28453 for display time 2146.008s exceeds max future display vsync -- clamping to 28447
12-30 23:24:48.369 26531 26556 W VrApi   : Warning: app-submitted vsync 28457 for display time 2146.064s exceeds max future display vsync -- clamping to 28451
12-30 23:24:48.425 26531 26556 W VrApi   : Warning: app-submitted vsync 28461 for display time 2146.120s exceeds max future display vsync -- clamping to 28455
12-30 23:24:48.481 26531 26556 W VrApi   : Warning: app-submitted vsync 28465 for display time 2146.176s exceeds max future display vsync -- clamping to 28459
12-30 23:24:48.536 26531 26556 W VrApi   : Warning: app-submitted vsync 28469 for display time 2146.231s exceeds max future display vsync -- clamping to 28463
12-30 23:24:48.592 26531 26556 W VrApi   : Warning: app-submitted vsync 28473 for display time 2146.287s exceeds max future display vsync -- clamping to 28467
12-30 23:24:48.647 26531 26556 W VrApi   : Warning: app-submitted vsync 28477 for display time 2146.343s exceeds max future display vsync -- clamping to 28471
12-30 23:24:48.689 26531 26556 W VrApi   : ovr_SubmitFrameInternal: FrameIndex discontinuity: Expected 12134, Received 12135
12-30 23:24:48.787 26531 26556 W VrApi   : Warning: app-submitted vsync 28489 for display time 2146.510s exceeds max future display vsync -- clamping to 28481
12-30 23:24:48.843 26531 26556 W VrApi   : Warning: app-submitted vsync 28491 for display time 2146.538s exceeds max future display vsync -- clamping to 28485
12-30 23:24:48.898 26531 26556 W VrApi   : Warning: app-submitted vsync 28495 for display time 2146.593s exceeds max future display vsync -- clamping to 28489
12-30 23:24:48.954 26531 26556 W VrApi   : Warning: app-submitted vsync 28499 for display time 2146.649s exceeds max future display vsync -- clamping to 28493
12-30 23:24:49.003 26531 32211 I VrApi   : FPS=21/72,Prd=0ms,Tear=0,Early=36,Stale=53,VSnc=1,Lat=0,Fov=0,CPU4/GPU=2/3,1171/490MHz,OC=FF,TA=0/70/0,SP=N/F/N,Mem=2092MHz,Free=8427MB,PLS=0,Temp=25.2C/0.0C,TW=3.84ms,App=0.73ms,GD=0.00ms,CPU&GPU=545.89ms,LCnt=1(DR72,LM0),GPU%=0.30,CPU%=0.11(W0.22),DSF=1.00,CFL=17.97/21.71
12-30 23:24:49.010 26531 26556 W VrApi   : Warning: app-submitted vsync 28503 for display time 2146.705s exceeds max future display vsync -- clamping to 28497
12-30 23:24:49.065 26531 26556 W VrApi   : Warning: app-submitted vsync 28507 for display time 2146.760s exceeds max future display vsync -- clamping to 28501
12-30 23:24:49.121 26531 26556 W VrApi   : Warning: app-submitted vsync 28511 for display time 2146.816s exceeds max future display vsync -- clamping to 28505
12-30 23:24:49.177 26531 26556 W VrApi   : Warning: app-submitted vsync 28515 for display time 2146.872s exceeds max future display vsync -- clamping to 28509
12-30 23:24:49.232 26531 26556 W VrApi   : Warning: app-submitted vsync 28519 for display time 2146.927s exceeds max future display vsync -- clamping to 28513
12-30 23:24:49.288 26531 26556 W VrApi   : Warning: app-submitted vsync 28523 for display time 2146.983s exceeds max future display vsync -- clamping to 28517
12-30 23:24:49.344 26531 26556 W VrApi   : Warning: app-submitted vsync 28527 for display time 2147.039s exceeds max future display vsync -- clamping to 28521
12-30 23:24:49.399 26531 26556 W VrApi   : Warning: app-submitted vsync 28531 for display time 2147.094s exceeds max future display vsync -- clamping to 28525
12-30 23:24:49.455 26531 26556 W VrApi   : Warning: app-submitted vsync 28535 for display time 2147.150s exceeds max future display vsync -- clamping to 28529
12-30 23:24:49.511 26531 26556 W VrApi   : Warning: app-submitted vsync 28539 for display time 2147.206s exceeds max future display vsync -- clamping to 28533
12-30 23:24:49.566 26531 26556 W VrApi   : Warning: app-submitted vsync 28543 for display time 2147.261s exceeds max future display vsync -- clamping to 28537
12-30 23:24:49.622 26531 26556 W VrApi   : Warning: app-submitted vsync 28547 for display time 2147.317s exceeds max future display vsync -- clamping to 28541
12-30 23:24:49.678 26531 26556 W VrApi   : Warning: app-submitted vsync 28551 for display time 2147.373s exceeds max future display vsync -- clamping to 28545
12-30 23:24:49.734 26531 26556 W VrApi   : Warning: app-submitted vsync 28555 for display time 2147.429s exceeds max future display vsync -- clamping to 28549
12-30 23:24:49.789 26531 26556 W VrApi   : Warning: app-submitted vsync 28559 for display time 2147.484s exceeds max future display vsync -- clamping to 28553
12-30 23:24:49.845 26531 26556 W VrApi   : Warning: app-submitted vsync 28563 for display time 2147.540s exceeds max future display vsync -- clamping to 28557
12-30 23:24:49.901 26531 26556 W VrApi   : Warning: app-submitted vsync 28567 for display time 2147.596s exceeds max future display vsync -- clamping to 28561
12-30 23:24:49.970 26531 26556 W VrApi   : ovr_SubmitFrameInternal: FrameIndex discontinuity: Expected 12163, Received 12164
12-30 23:24:49.970 26531 26556 W VrApi   : Warning: app-submitted vsync 28574 for display time 2147.693s exceeds max future display vsync -- clamping to 28566
12-30 23:24:50.003 26531 32211 I VrApi   : FPS=21/72,Prd=0ms,Tear=0,Early=35,Stale=50,VSnc=1,Lat=0,Fov=0,CPU4/GPU=2/3,1171/525MHz,OC=FF,TA=0/70/0,SP=N/F/N,Mem=2092MHz,Free=8427MB,PLS=0,Temp=25.2C/0.0C,TW=3.76ms,App=0.88ms,GD=0.00ms,CPU&GPU=545.89ms,LCnt=1(DR72,LM0),GPU%=0.30,CPU%=0.15(W0.22),DSF=1.00,CFL=18.01/22.01
12-30 23:24:50.026 26531 26556 W VrApi   : Warning: app-submitted vsync 28576 for display time 2147.721s exceeds max future display vsync -- clamping to 28570
12-30 23:24:50.082 26531 26556 W VrApi   : Warning: app-submitted vsync 28580 for display time 2147.777s exceeds max future display vsync -- clamping to 28574
12-30 23:24:50.137 26531 26556 W VrApi   : Warning: app-submitted vsync 28584 for display time 2147.832s exceeds max future display vsync -- clamping to 28578
12-30 23:24:50.193 26531 26556 W VrApi   : Warning: app-submitted vsync 28588 for display time 2147.888s exceeds max future display vsync -- clamping to 28582
12-30 23:24:50.249 26531 26556 W VrApi   : Warning: app-submitted vsync 28592 for display time 2147.944s exceeds max future display vsync -- clamping to 28586
12-30 23:24:50.304 26531 26556 W VrApi   : Warning: app-submitted vsync 28596 for display time 2147.999s exceeds max future display vsync -- clamping to 28590
12-30 23:24:50.360 26531 26556 W VrApi   : Warning: app-submitted vsync 28600 for display time 2148.055s exceeds max future display vsync -- clamping to 28594
12-30 23:24:50.416 26531 26556 W VrApi   : Warning: app-submitted vsync 28604 for display time 2148.111s exceeds max future display vsync -- clamping to 28598
12-30 23:24:50.471 26531 26556 W VrApi   : Warning: app-submitted vsync 28608 for display time 2148.166s exceeds max future display vsync -- clamping to 28602
12-30 23:24:50.527 26531 26556 W VrApi   : Warning: app-submitted vsync 28612 for display time 2148.222s exceeds max future display vsync -- clamping to 28606
12-30 23:24:50.583 26531 26556 W VrApi   : Warning: app-submitted vsync 28616 for display time 2148.278s exceeds max future display vsync -- clamping to 28610
12-30 23:24:50.638 26531 26556 W VrApi   : Warning: app-submitted vsync 28620 for display time 2148.333s exceeds max future display vsync -- clamping to 28614
12-30 23:24:50.694 26531 26556 W VrApi   : Warning: app-submitted vsync 28624 for display time 2148.389s exceeds max future display vsync -- clamping to 28618
12-30 23:24:50.750 26531 26556 W VrApi   : Warning: app-submitted vsync 28628 for display time 2148.445s exceeds max future display vsync -- clamping to 28622
12-30 23:24:50.806 26531 26556 W VrApi   : Warning: app-submitted vsync 28632 for display time 2148.501s exceeds max future display vsync -- clamping to 28626
12-30 23:24:50.861 26531 26556 W VrApi   : Warning: app-submitted vsync 28636 for display time 2148.556s exceeds max future display vsync -- clamping to 28630
12-30 23:24:50.917 26531 26556 W VrApi   : Warning: app-submitted vsync 28640 for display time 2148.612s exceeds max future display vsync -- clamping to 28634
12-30 23:24:50.973 26531 26556 W VrApi   : Warning: app-submitted vsync 28644 for display time 2148.668s exceeds max future display vsync -- clamping to 28638
12-30 23:24:51.004 26531 32211 I VrApi   : FPS=24/72,Prd=0ms,Tear=0,Early=36,Stale=54,VSnc=1,Lat=0,Fov=0,CPU4/GPU=2/4,1171/525MHz,OC=FF,TA=0/70/0,SP=N/F/N,Mem=2092MHz,Free=8427MB,PLS=0,Temp=25.2C/0.0C,TW=5.34ms,App=0.89ms,GD=0.20ms,CPU&GPU=541.64ms,LCnt=2(DR24,LM0),GPU%=0.43,CPU%=0.08(W0.10),DSF=1.00,CFL=17.92/21.67
12-30 23:24:51.028 26531 26556 W VrApi   : Warning: app-submitted vsync 28648 for display time 2148.723s exceeds max future display vsync -- clamping to 28642
12-30 23:24:51.084 26531 26556 W VrApi   : Warning: app-submitted vsync 28652 for display time 2148.779s exceeds max future display vsync -- clamping to 28646
12-30 23:24:51.140 26531 26556 W VrApi   : Warning: app-submitted vsync 28656 for display time 2148.835s exceeds max future display vsync -- clamping to 28650
12-30 23:24:51.195 26531 26556 W VrApi   : Warning: app-submitted vsync 28660 for display time 2148.890s exceeds max future display vsync -- clamping to 28654
12-30 23:24:51.251 26531 26556 W VrApi   : Warning: app-submitted vsync 28664 for display time 2148.946s exceeds max future display vsync -- clamping to 28658
12-30 23:24:51.307 26531 26556 W VrApi   : Warning: app-submitted vsync 28668 for display time 2149.002s exceeds max future display vsync -- clamping to 28662
12-30 23:24:51.362 26531 26556 W VrApi   : Warning: app-submitted vsync 28672 for display time 2149.057s exceeds max future display vsync -- clamping to 28666
12-30 23:24:51.418 26531 26556 W VrApi   : Warning: app-submitted vsync 28676 for display time 2149.113s exceeds max future display vsync -- clamping to 28670
12-30 23:24:51.460 26531 26556 W VrApi   : ovr_SubmitFrameInternal: FrameIndex discontinuity: Expected 12192, Received 12193
12-30 23:24:52.003 26531 32211 I VrApi   : FPS=19/72,Prd=0ms,Tear=0,Early=36,Stale=54,VSnc=1,Lat=0,Fov=0,CPU4/GPU=2/4,1171/490MHz,OC=FF,TA=0/70/0,SP=N/F/N,Mem=2092MHz,Free=8427MB,PLS=0,Temp=25.2C/0.0C,TW=5.31ms,App=0.80ms,GD=0.21ms,CPU&GPU=47.28ms,LCnt=2(DR0,LM0),GPU%=0.41,CPU%=0.11(W0.14),DSF=1.00,CFL=18.04/22.07
12-30 23:24:52.224 26531 26556 W VrApi   : ovr_SubmitFrameInternal: FrameIndex discontinuity: Expected 12239, Received 12240
12-30 23:24:52.295 26531 26556 W VrApi   : ovr_SubmitFrameInternal: FrameIndex discontinuity: Expected 12242, Received 12243
12-30 23:24:52.888 26531 26556 W VrApi   : ovr_SubmitFrameInternal: FrameIndex discontinuity: Expected 12282, Received 12283
12-30 23:24:53.003 26531 32211 I VrApi   : FPS=20/72,Prd=0ms,Tear=0,Early=12,Stale=29,VSnc=1,Lat=0,Fov=0,CPU4/GPU=2/4,1171/525MHz,OC=FF,TA=0/70/0,SP=N/F/N,Mem=2092MHz,Free=8427MB,PLS=0,Temp=25.2C/0.0C,TW=4.60ms,App=1.33ms,GD=0.23ms,CPU&GPU=48.31ms,LCnt=2(DR38,LM0),GPU%=0.48,CPU%=0.14(W0.18),DSF=1.00,CFL=17.94/22.68
12-30 23:24:53.054 26531 26556 W VrApi   : ovr_SubmitFrameInternal: FrameIndex discontinuity: Expected 12288, Received 12289
12-30 23:24:53.089 26531 26556 W VrApi   : ovr_SubmitFrameInternal: FrameIndex discontinuity: Expected 12291, Received 12292
12-30 23:24:54.005 26531 32211 I VrApi   : FPS=60/72,Prd=0ms,Tear=0,Early=0,Stale=35,VSnc=1,Lat=0,Fov=0,CPU4/GPU=2/4,1171/525MHz,OC=FF,TA=0/70/0,SP=N/F/N,Mem=2092MHz,Free=8427MB,PLS=0,Temp=25.2C/0.0C,TW=4.21ms,App=1.00ms,GD=0.21ms,CPU&GPU=16.36ms,LCnt=1(DR14,LM0),GPU%=0.45,CPU%=0.16(W0.25),DSF=1.00,CFL=17.86/21.83
12-30 23:24:55.003 26531 32211 I VrApi   : FPS=59/72,Prd=0ms,Tear=0,Early=0,Stale=0,VSnc=1,Lat=0,Fov=0,CPU4/GPU=2/4,1171/525MHz,OC=FF,TA=0/70/0,SP=N/F/N,Mem=2092MHz,Free=8427MB,PLS=0,Temp=25.2C/0.0C,TW=5.36ms,App=0.86ms,GD=0.20ms,CPU&GPU=16.45ms,LCnt=2(DR1,LM0),GPU%=0.48,CPU%=0.17(W0.31),DSF=1.00,CFL=17.92/21.70
12-30 23:24:56.003 26531 32211 I VrApi   : FPS=72/72,Prd=0ms,Tear=0,Early=0,Stale=4,VSnc=1,Lat=0,Fov=0,CPU4/GPU=2/4,1171/525MHz,OC=FF,TA=0/70/0,SP=N/F/N,Mem=2092MHz,Free=8427MB,PLS=0,Temp=25.2C/0.0C,TW=5.41ms,App=0.91ms,GD=0.22ms,CPU&GPU=13.92ms,LCnt=2(DR0,LM0),GPU%=0.49,CPU%=0.13(W0.22),DSF=1.00,CFL=17.85/21.73
12-30 23:24:57.003 26531 32211 I VrApi   : FPS=71/72,Prd=0ms,Tear=0,Early=0,Stale=0,VSnc=1,Lat=0,Fov=0,CPU4/GPU=2/3,1171/490MHz,OC=FF,TA=0/70/0,SP=N/F/N,Mem=2092MHz,Free=8427MB,PLS=0,Temp=25.5C/0.0C,TW=5.76ms,App=0.89ms,GD=0.22ms,CPU&GPU=14.14ms,LCnt=2(DR0,LM0),GPU%=0.51,CPU%=0.05(W0.10),DSF=1.00,CFL=17.79/22.26
12-30 23:24:58.003 26531 32211 I VrApi   : FPS=72/72,Prd=0ms,Tear=0,Early=0,Stale=3,VSnc=1,Lat=0,Fov=0,CPU4/GPU=2/3,1171/490MHz,OC=FF,TA=0/70/0,SP=N/F/N,Mem=2092MHz,Free=8427MB,PLS=0,Temp=25.5C/0.0C,TW=5.79ms,App=0.96ms,GD=0.23ms,CPU&GPU=13.92ms,LCnt=2(DR0,LM0),GPU%=0.52,CPU%=0.20(W0.22),DSF=1.00,CFL=17.87/21.72
12-30 23:24:59.004 26531 32211 I VrApi   : FPS=71/72,Prd=0ms,Tear=0,Early=0,Stale=0,VSnc=1,Lat=0,Fov=0,CPU4/GPU=2/2,1171/441MHz,OC=FF,TA=0/70/0,SP=N/F/N,Mem=2092MHz,Free=8427MB,PLS=0,Temp=25.5C/0.0C,TW=6.46ms,App=0.97ms,GD=0.23ms,CPU&GPU=14.12ms,LCnt=2(DR0,LM0),GPU%=0.57,CPU%=0.08(W0.10),DSF=1.00,CFL=17.86/22.40
12-30 23:25:00.006 26531 32211 I VrApi   : FPS=72/72,Prd=0ms,Tear=0,Early=0,Stale=3,VSnc=1,Lat=0,Fov=0,CPU4/GPU=2/2,1171/441MHz,OC=FF,TA=0/70/0,SP=N/F/N,Mem=2092MHz,Free=8427MB,PLS=0,Temp=25.5C/0.0C,TW=6.44ms,App=0.99ms,GD=0.24ms,CPU&GPU=14.08ms,LCnt=2(DR0,LM0),GPU%=0.58,CPU%=0.13(W0.21),DSF=1.00,CFL=18.11/21.68
12-30 23:25:00.872 26531 26556 W VrApi   : ovr_SubmitFrameInternal: FrameIndex discontinuity: Expected 12840, Received 12841
12-30 23:25:01.004 26531 32211 I VrApi   : FPS=71/72,Prd=0ms,Tear=0,Early=0,Stale=4,VSnc=1,Lat=0,Fov=0,CPU4/GPU=2/2,1171/441MHz,OC=FF,TA=0/70/0,SP=N/F/N,Mem=2092MHz,Free=8427MB,PLS=0,Temp=25.5C/0.0C,TW=6.48ms,App=1.00ms,GD=0.23ms,CPU&GPU=13.92ms,LCnt=2(DR0,LM0),GPU%=0.57,CPU%=0.14(W0.18),DSF=1.00,CFL=18.16/21.65
12-30 23:25:02.003 26531 32211 I VrApi   : FPS=70/72,Prd=0ms,Tear=0,Early=0,Stale=14,VSnc=1,Lat=0,Fov=0,CPU4/GPU=2/2,1171/441MHz,OC=FF,TA=0/70/0,SP=N/F/N,Mem=2092MHz,Free=8427MB,PLS=0,Temp=25.5C/0.0C,TW=4.50ms,App=0.94ms,GD=0.00ms,CPU&GPU=14.29ms,LCnt=1(DR33,LM0),GPU%=0.40,CPU%=0.11(W0.21),DSF=1.00,CFL=17.93/21.51
12-30 23:25:03.004 26531 32211 I VrApi   : FPS=68/72,Prd=0ms,Tear=0,Early=0,Stale=0,VSnc=1,Lat=0,Fov=0,CPU4/GPU=2/2,1171/441MHz,OC=FF,TA=0/70/0,SP=N/F/N,Mem=2092MHz,Free=8427MB,PLS=0,Temp=25.5C/0.0C,TW=4.51ms,App=0.96ms,GD=0.00ms,CPU&GPU=14.56ms,LCnt=1(DR72,LM0),GPU%=0.39,CPU%=0.07(W0.10),DSF=1.00,CFL=18.01/21.84
12-30 23:25:04.004 26531 32211 I VrApi   : FPS=72/72,Prd=0ms,Tear=0,Early=0,Stale=0,VSnc=1,Lat=0,Fov=0,CPU4/GPU=2/2,1171/441MHz,OC=FF,TA=0/70/0,SP=N/F/N,Mem=2092MHz,Free=8427MB,PLS=0,Temp=25.5C/0.0C,TW=4.19ms,App=0.98ms,GD=0.00ms,CPU&GPU=13.92ms,LCnt=1(DR72,LM0),GPU%=0.40,CPU%=0.20(W0.31),DSF=1.00,CFL=17.82/22.26
12-30 23:25:05.004 26531 32211 I VrApi   : FPS=72/72,Prd=0ms,Tear=0,Early=0,Stale=0,VSnc=1,Lat=0,Fov=0,CPU4/GPU=2/2,1171/441MHz,OC=FF,TA=0/70/0,SP=N/F/N,Mem=2092MHz,Free=8427MB,PLS=0,Temp=25.5C/0.0C,TW=4.20ms,App=0.96ms,GD=0.00ms,CPU&GPU=13.92ms,LCnt=1(DR72,LM0),GPU%=0.39,CPU%=0.12(W0.17),DSF=1.00,CFL=18.04/21.87
12-30 23:25:06.004 26531 32211 I VrApi   : FPS=72/72,Prd=0ms,Tear=0,Early=0,Stale=0,VSnc=1,Lat=0,Fov=0,CPU4/GPU=2/2,1171/441MHz,OC=FF,TA=0/70/0,SP=N/F/N,Mem=2092MHz,Free=8427MB,PLS=0,Temp=25.5C/0.0C,TW=4.50ms,App=0.95ms,GD=0.00ms,CPU&GPU=13.92ms,LCnt=1(DR72,LM0),GPU%=0.40,CPU%=0.11(W0.14),DSF=1.00,CFL=18.04/21.59
12-30 23:25:06.134 26531 26556 W VrApi   : ovr_SubmitFrameInternal: FrameIndex discontinuity: Expected 13217, Received 13218
12-30 23:25:07.004 26531 32211 I VrApi   : FPS=72/72,Prd=0ms,Tear=0,Early=0,Stale=8,VSnc=1,Lat=0,Fov=0,CPU4/GPU=2/2,1171/441MHz,OC=FF,TA=0/70/0,SP=N/F/N,Mem=2092MHz,Free=8427MB,PLS=0,Temp=25.5C/0.0C,TW=4.35ms,App=0.95ms,GD=0.00ms,CPU&GPU=13.92ms,LCnt=1(DR72,LM0),GPU%=0.40,CPU%=0.16(W0.21),DSF=1.00,CFL=17.81/22.04
12-30 23:25:08.011 26531 32211 I VrApi   : FPS=69/72,Prd=0ms,Tear=0,Early=0,Stale=5,VSnc=1,Lat=0,Fov=0,CPU4/GPU=2/2,1171/441MHz,OC=FF,TA=0/70/0,SP=N/F/N,Mem=2092MHz,Free=8437MB,PLS=0,Temp=25.5C/0.0C,TW=4.50ms,App=1.29ms,GD=0.00ms,CPU&GPU=14.49ms,LCnt=1(DR72,LM0),GPU%=0.42,CPU%=0.09(W0.17),DSF=1.00,CFL=17.73/21.64
12-30 23:25:08.320 26531 26556 W VrApi   : ovr_SubmitFrameInternal: FrameIndex discontinuity: Expected 13372, Received 13373
12-30 23:25:09.004 26531 32211 I VrApi   : FPS=72/72,Prd=0ms,Tear=0,Early=0,Stale=3,VSnc=1,Lat=0,Fov=0,CPU4/GPU=2/2,1171/441MHz,OC=FF,TA=0/70/0,SP=N/F/N,Mem=2092MHz,Free=8437MB,PLS=0,Temp=25.5C/0.0C,TW=4.69ms,App=0.88ms,GD=0.24ms,CPU&GPU=12.70ms,LCnt=1(DR72,LM0),GPU%=0.49,CPU%=0.12(W0.17),DSF=1.00,CFL=17.89/21.84
12-30 23:25:10.004 26531 32211 I VrApi   : FPS=69/72,Prd=0ms,Tear=0,Early=0,Stale=6,VSnc=1,Lat=0,Fov=0,CPU4/GPU=2/2,1171/441MHz,OC=FF,TA=0/70/0,SP=N/F/N,Mem=2092MHz,Free=8437MB,PLS=0,Temp=25.5C/0.0C,TW=6.40ms,App=0.91ms,GD=0.24ms,CPU&GPU=13.42ms,LCnt=2(DR3,LM0),GPU%=0.56,CPU%=0.12(W0.17),DSF=1.00,CFL=18.04/21.72
12-30 23:25:11.004 26531 32211 I VrApi   : FPS=72/72,Prd=0ms,Tear=0,Early=0,Stale=0,VSnc=1,Lat=0,Fov=0,CPU4/GPU=2/2,1171/441MHz,OC=FF,TA=0/70/0,SP=N/F/N,Mem=2092MHz,Free=8437MB,PLS=0,Temp=25.5C/0.0C,TW=5.31ms,App=0.93ms,GD=0.14ms,CPU&GPU=13.92ms,LCnt=2(DR0,LM0),GPU%=0.56,CPU%=0.12(W0.22),DSF=1.00,CFL=17.97/21.74
12-30 23:25:12.012 26531 32211 I VrApi   : FPS=72/72,Prd=0ms,Tear=0,Early=0,Stale=0,VSnc=1,Lat=0,Fov=0,CPU4/GPU=2/2,1171/441MHz,OC=FF,TA=0/70/0,SP=N/F/N,Mem=2092MHz,Free=8437MB,PLS=0,Temp=25.5C/0.0C,TW=4.36ms,App=0.94ms,GD=0.00ms,CPU&GPU=13.92ms,LCnt=1(DR68,LM0),GPU%=0.40,CPU%=0.09(W0.22),DSF=1.00,CFL=18.13/21.60
12-30 23:25:13.004 26531 32211 I VrApi   : FPS=72/72,Prd=0ms,Tear=0,Early=0,Stale=6,VSnc=1,Lat=0,Fov=0,CPU4/GPU=2/2,1171/441MHz,OC=FF,TA=0/70/0,SP=N/F/N,Mem=2092MHz,Free=8437MB,PLS=0,Temp=25.5C/0.0C,TW=4.18ms,App=0.98ms,GD=0.00ms,CPU&GPU=13.92ms,LCnt=1(DR72,LM0),GPU%=0.38,CPU%=0.09(W0.18),DSF=1.00,CFL=17.92/21.55
