--------- beginning of system
--------- beginning of tracking
--------- beginning of main
12-30 23:18:33.202  3437  3496 I VrApi   : OVR::Stats thread started
12-30 23:18:33.204  3437 24849 D VrApi   : targetSDKVersion 29
12-30 23:18:35.011  3437 24849 I VrApi   : FPS=86/90,Prd=25ms,Tear=0,Early=0,Stale=8,VSnc=0,Lat=-1,Fov=0,CPU4/GPU=2/3,2419/490MHz,OC=FF,TA=0/70/0,SP=N/F/N,Mem=2092MHz,Free=8903MB,PLS=0,Temp=23.5C/0.0C,TW=2.53ms,App=4.18ms,GD=0.00ms,CPU&GPU=7.88ms,LCnt=4(DR0,LM2),GPU%=0.70,CPU%=0.26(W0.30),DSF=1.00,CFL=13.80/29.00
12-30 23:18:36.032  3437 24849 I VrApi   : FPS=90/90,Prd=37ms,Tear=0,Early=82,Stale=2,VSnc=0,Lat=-1,Fov=0,CPU4/GPU=2/3,2419/490MHz,OC=FF,TA=0/70/0,SP=N/F/N,Mem=2092MHz,Free=8903MB,PLS=0,Temp=23.5C/0.0C,TW=2.67ms,App=5.11ms,GD=0.00ms,CPU&GPU=10.08ms,LCnt=5(DR0,LM4),GPU%=0.84,CPU%=0.39(W0.45),DSF=1.00,CFL=17.52/20.92
12-30 23:18:37.005  3437 24849 I VrApi   : FPS=79/90,Prd=32ms,Tear=0,Early=14,Stale=9,VSnc=0,Lat=-1,Fov=0,CPU4/GPU=2/3,2419/490MHz,OC=FF,TA=0/70/0,SP=N/F/N,Mem=2092MHz,Free=8903MB,PLS=0,Temp=23.5C/0.0C,TW=2.50ms,App=5.22ms,GD=0.00ms,CPU&GPU=9.91ms,LCnt=6(DR0,LM4),GPU%=0.75,CPU%=0.13(W0.19),DSF=1.00,CFL=17.55/21.96
12-30 23:18:38.002  3437 24849 I VrApi   : FPS=88/90,Prd=33ms,Tear=0,Early=68,Stale=6,VSnc=0,Lat=-1,Fov=0,CPU4/GPU=2/3,2419/490MHz,OC=FF,TA=0/70/0,SP=N/F/N,Mem=2092MHz,Free=8903MB,PLS=0,Temp=23.5C/0.0C,TW=2.19ms,App=4.58ms,GD=0.22ms,CPU&GPU=5.86ms,LCnt=4(DR79,LM4),GPU%=0.78,CPU%=0.20(W0.29),DSF=1.00,CFL=17.76/21.39
12-30 23:18:39.002  3437 24849 I VrApi   : FPS=90/90,Prd=37ms,Tear=0,Early=89,Stale=1,VSnc=0,Lat=-1,Fov=0,CPU4/GPU=2/3,2419/490MHz,OC=FF,TA=0/70/0,SP=N/F/N,Mem=2092MHz,Free=8903MB,PLS=0,Temp=23.5C/0.0C,TW=1.66ms,App=4.74ms,GD=0.15ms,CPU&GPU=8.60ms,LCnt=3(DR90,LM3),GPU%=0.55,CPU%=0.29(W0.35),DSF=1.00,CFL=17.50/21.18
12-30 23:18:40.003  3437 24849 I VrApi   : FPS=90/90,Prd=31ms,Tear=0,Early=29,Stale=0,VSnc=0,Lat=-1,Fov=0,CPU4/GPU=2/3,2419/490MHz,OC=FF,TA=0/70/0,SP=N/F/N,Mem=2092MHz,Free=8903MB,PLS=0,Temp=23.5C/0.0C,TW=2.27ms,App=4.95ms,GD=0.45ms,CPU&GPU=8.35ms,LCnt=3(DR12,LM3),GPU%=0.76,CPU%=0.15(W0.24),DSF=1.00,CFL=17.68/21.21
12-30 23:18:41.002  3437 24849 I VrApi   : FPS=90/90,Prd=31ms,Tear=0,Early=0,Stale=0,VSnc=0,Lat=-1,Fov=0,CPU4/GPU=2/3,2419/490MHz,OC=FF,TA=0/70/0,SP=N/F/N,Mem=2092MHz,Free=8903MB,PLS=0,Temp=23.5C/0.0C,TW=1.13ms,App=5.69ms,GD=0.52ms,CPU&GPU=8.15ms,LCnt=2(DR90,LM2),GPU%=0.69,CPU%=0.14(W0.16),DSF=1.00,CFL=17.70/20.97
12-30 23:18:42.002  3437 24849 I VrApi   : FPS=89/90,Prd=30ms,Tear=0,Early=5,Stale=1,VSnc=0,Lat=-1,Fov=0,CPU4/GPU=2/3,2419/490MHz,OC=FF,TA=0/70/0,SP=N/F/N,Mem=2092MHz,Free=8903MB,PLS=0,Temp=23.5C/0.0C,TW=2.19ms,App=1.44ms,GD=0.13ms,CPU&GPU=5.36ms,LCnt=4(DR80,LM2),GPU%=0.49,CPU%=0.23(W0.33),DSF=1.00,CFL=17.41/20.81
12-30 23:18:43.005  3437 24849 I VrApi   : FPS=90/90,Prd=28ms,Tear=0,Early=0,Stale=0,VSnc=0,Lat=-1,Fov=0,CPU4/GPU=2/3,2419/490MHz,OC=FF,TA=0/70/0,SP=N/F/N,Mem=2092MHz,Free=8903MB,PLS=0,Temp=23.5C/0.0C,TW=3.26ms,App=1.34ms,GD=0.61ms,CPU&GPU=5.91ms,LCnt=4(DR0,LM2),GPU%=0.59,CPU%=0.10(W0.15),DSF=1.00,CFL=17.45/20.76
12-30 23:18:44.003  3437 24849 I VrApi   : FPS=90/90,Prd=28ms,Tear=0,Early=0,Stale=0,VSnc=0,Lat=-1,Fov=0,CPU4/GPU=2/3,2419/490MHz,OC=FF,TA=0/70/0,SP=N/F/N,Mem=2092MHz,Free=8903MB,PLS=0,Temp=23.5C/0.0C,TW=3.25ms,App=1.30ms,GD=0.13ms,CPU&GPU=6.56ms,LCnt=4(DR0,LM2),GPU%=0.57,CPU%=0.10(W0.15),DSF=1.00,CFL=17.53/21.22
12-30 23:18:45.004  3437 24849 I VrApi   : FPS=90/90,Prd=27ms,Tear=0,Early=0,Stale=0,VSnc=0,Lat=-1,Fov=0,CPU4/GPU=2/3,2419/490MHz,OC=FF,TA=0/70/0,SP=N/F/N,Mem=2092MHz,Free=8903MB,PLS=0,Temp=23.5C/0.0C,TW=3.24ms,App=1.31ms,GD=0.13ms,CPU&GPU=6.53ms,LCnt=4(DR0,LM2),GPU%=0.58,CPU%=0.11(W0.11),DSF=1.00,CFL=17.38/21.27
12-30 23:18:46.009  3437 24849 I VrApi   : FPS=90/90,Prd=27ms,Tear=0,Early=0,Stale=0,VSnc=0,Lat=-1,Fov=0,CPU4/GPU=2/3,2419/490MHz,OC=FF,TA=0/70/0,SP=N/F/N,Mem=2092MHz,Free=8903MB,PLS=0,Temp=23.5C/0.0C,TW=3.26ms,App=1.32ms,GD=0.13ms,CPU&GPU=6.63ms,LCnt=4(DR0,LM2),GPU%=0.58,CPU%=0.15(W0.20),DSF=1.00,CFL=17.57/20.95
12-30 23:18:47.007  3437 24849 I VrApi   : FPS=90/90,Prd=27ms,Tear=0,Early=0,Stale=0,VSnc=0,Lat=-1,Fov=0,CPU4/GPU=2/3,1171/490MHz,OC=FF,TA=0/70/0,SP=N/F/N,Mem=2092MHz,Free=8903MB,PLS=0,Temp=24.7C/0.0C,TW=3.27ms,App=1.45ms,GD=0.13ms,CPU&GPU=6.66ms,LCnt=4(DR0,LM2),GPU%=0.58,CPU%=0.18(W0.19),DSF=1.00,CFL=17.43/21.34
12-30 23:18:48.007  3437 24849 I VrApi   : FPS=90/90,Prd=27ms,Tear=0,Early=0,Stale=0,VSnc=0,Lat=-1,Fov=0,CPU4/GPU=2/3,1171/490MHz,OC=FF,TA=0/70/0,SP=N/F/N,Mem=2092MHz,Free=8903MB,PLS=0,Temp=24.7C/0.0C,TW=3.24ms,App=1.33ms,GD=0.13ms,CPU&GPU=6.62ms,LCnt=4(DR0,LM2),GPU%=0.58,CPU%=0.17(W0.24),DSF=1.00,CFL=17.49/20.78
12-30 23:18:49.006  3437 24849 I VrApi   : FPS=90/90,Prd=27ms,Tear=0,Early=0,Stale=0,VSnc=0,Lat=-1,Fov=0,CPU4/GPU=2/3,1171/490MHz,OC=FF,TA=0/70/0,SP=N/F/N,Mem=2092MHz,Free=8903MB,PLS=0,Temp=24.7C/0.0C,TW=3.23ms,App=1.33ms,GD=0.13ms,CPU&GPU=6.70ms,LCnt=4(DR0,LM2),GPU%=0.58,CPU%=0.16(W0.22),DSF=1.00,CFL=17.48/21.73
12-30 23:18:50.004  3437 24849 I VrApi   : FPS=89/90,Prd=27ms,Tear=0,Early=0,Stale=1,VSnc=0,Lat=-1,Fov=0,CPU4/GPU=2/3,1171/490MHz,OC=FF,TA=0/70/0,SP=N/F/N,Mem=2092MHz,Free=8903MB,PLS=0,Temp=24.7C/0.0C,TW=3.22ms,App=1.35ms,GD=0.14ms,CPU&GPU=6.90ms,LCnt=4(DR0,LM2),GPU%=0.58,CPU%=0.18(W0.21),DSF=1.00,CFL=17.42/21.07
12-30 23:18:51.005  3437 24849 I VrApi   : FPS=89/90,Prd=30ms,Tear=0,Early=0,Stale=1,VSnc=0,Lat=-1,Fov=0,CPU4/GPU=2/3,1171/490MHz,OC=FF,TA=0/70/0,SP=N/F/N,Mem=2092MHz,Free=8903MB,PLS=0,Temp=24.7C/0.0C,TW=2.01ms,App=5.38ms,GD=0.96ms,CPU&GPU=9.03ms,LCnt=3(DR0,LM2),GPU%=0.78,CPU%=0.27(W0.30),DSF=1.00,CFL=17.45/20.90
12-30 23:18:52.004  3437 24849 I VrApi   : FPS=90/90,Prd=30ms,Tear=0,Early=0,Stale=0,VSnc=0,Lat=-1,Fov=0,CPU4/GPU=2/3,1171/490MHz,OC=FF,TA=0/70/0,SP=N/F/N,Mem=2092MHz,Free=8903MB,PLS=0,Temp=24.7C/0.0C,TW=2.02ms,App=5.33ms,GD=0.65ms,CPU&GPU=8.92ms,LCnt=3(DR0,LM2),GPU%=0.75,CPU%=0.21(W0.30),DSF=1.00,CFL=17.42/21.37
12-30 23:18:53.008  3437 24849 I VrApi   : FPS=90/90,Prd=31ms,Tear=0,Early=0,Stale=0,VSnc=0,Lat=-1,Fov=0,CPU4/GPU=2/3,1171/490MHz,OC=FF,TA=0/70/0,SP=N/F/N,Mem=2092MHz,Free=8903MB,PLS=0,Temp=24.7C/0.0C,TW=2.30ms,App=5.14ms,GD=0.29ms,CPU&GPU=10.01ms,LCnt=4(DR0,LM3),GPU%=0.85,CPU%=0.21(W0.26),DSF=1.00,CFL=17.46/20.60
12-30 23:18:54.005  3437 24849 I VrApi   : FPS=90/90,Prd=30ms,Tear=0,Early=0,Stale=0,VSnc=0,Lat=-1,Fov=0,CPU4/GPU=2/3,1171/490MHz,OC=FF,TA=0/70/0,SP=N/F/N,Mem=2092MHz,Free=8903MB,PLS=0,Temp=24.7C/0.0C,TW=2.29ms,App=5.03ms,GD=0.26ms,CPU&GPU=10.35ms,LCnt=4(DR0,LM3),GPU%=0.84,CPU%=0.22(W0.25),DSF=1.00,CFL=17.52/21.03
12-30 23:18:55.011  3437 24849 I VrApi   : FPS=90/90,Prd=31ms,Tear=0,Early=0,Stale=0,VSnc=0,Lat=-1,Fov=0,CPU4/GPU=2/3,1171/490MHz,OC=FF,TA=0/70/0,SP=N/F/N,Mem=2092MHz,Free=8912MB,PLS=0,Temp=24.7C/0.0C,TW=2.32ms,App=4.99ms,GD=0.26ms,CPU&GPU=10.32ms,LCnt=4(DR0,LM3),GPU%=0.84,CPU%=0.22(W0.29),DSF=1.00,CFL=17.40/21.12
12-30 23:18:56.007  3437 24849 I VrApi   : FPS=90/90,Prd=30ms,Tear=0,Early=0,Stale=0,VSnc=0,Lat=-1,Fov=0,CPU4/GPU=2/3,1171/490MHz,OC=FF,TA=0/70/0,SP=N/F/N,Mem=1555MHz,Free=8912MB,PLS=0,Temp=24.7C/0.0C,TW=2.32ms,App=4.99ms,GD=0.25ms,CPU&GPU=9.74ms,LCnt=4(DR0,LM3),GPU%=0.83,CPU%=0.24(W0.26),DSF=1.00,CFL=17.29/22.51
12-30 23:18:57.007  3437 24849 I VrApi   : FPS=90/90,Prd=30ms,Tear=0,Early=0,Stale=0,VSnc=0,Lat=-1,Fov=0,CPU4/GPU=2/3,1171/490MHz,OC=FF,TA=0/70/0,SP=N/F/N,Mem=2092MHz,Free=8912MB,PLS=0,Temp=25.0C/0.0C,TW=2.29ms,App=4.98ms,GD=0.25ms,CPU&GPU=9.85ms,LCnt=4(DR0,LM3),GPU%=0.83,CPU%=0.24(W0.32),DSF=1.00,CFL=17.37/21.01
12-30 23:18:58.010  3437 24849 I VrApi   : FPS=90/90,Prd=30ms,Tear=0,Early=0,Stale=0,VSnc=0,Lat=-1,Fov=0,CPU4/GPU=2/3,1171/490MHz,OC=FF,TA=0/70/0,SP=N/F/N,Mem=2092MHz,Free=8912MB,PLS=0,Temp=25.0C/0.0C,TW=2.30ms,App=5.18ms,GD=0.25ms,CPU&GPU=10.71ms,LCnt=4(DR0,LM3),GPU%=0.85,CPU%=0.27(W0.32),DSF=1.00,CFL=17.30/21.39
12-30 23:18:59.009  3437 24849 I VrApi   : FPS=90/90,Prd=30ms,Tear=0,Early=0,Stale=0,VSnc=0,Lat=-1,Fov=0,CPU4/GPU=2/3,1171/490MHz,OC=FF,TA=0/70/0,SP=N/F/N,Mem=2092MHz,Free=8912MB,PLS=0,Temp=25.0C/0.0C,TW=2.29ms,App=5.19ms,GD=0.25ms,CPU&GPU=10.66ms,LCnt=4(DR0,LM3),GPU%=0.85,CPU%=0.20(W0.29),DSF=1.00,CFL=17.36/20.96
12-30 23:19:00.005  3437 24849 I VrApi   : FPS=90/90,Prd=30ms,Tear=0,Early=0,Stale=0,VSnc=0,Lat=-1,Fov=0,CPU4/GPU=2/3,1171/490MHz,OC=FF,TA=0/70/0,SP=N/F/N,Mem=2092MHz,Free=8912MB,PLS=0,Temp=25.0C/0.0C,TW=2.31ms,App=5.20ms,GD=0.25ms,CPU&GPU=10.50ms,LCnt=4(DR0,LM3),GPU%=0.86,CPU%=0.22(W0.25),DSF=1.00,CFL=17.41/21.13
12-30 23:19:01.007  3437 24849 I VrApi   : FPS=90/90,Prd=30ms,Tear=0,Early=0,Stale=0,VSnc=0,Lat=-1,Fov=0,CPU4/GPU=2/3,1171/490MHz,OC=FF,TA=0/70/0,SP=N/F/N,Mem=2092MHz,Free=8912MB,PLS=0,Temp=25.0C/0.0C,TW=2.30ms,App=5.59ms,GD=0.26ms,CPU&GPU=10.77ms,LCnt=4(DR0,LM3),GPU%=0.87,CPU%=0.18(W0.26),DSF=1.00,CFL=17.22/21.00
12-30 23:19:02.006  3437 24849 I VrApi   : FPS=90/90,Prd=30ms,Tear=0,Early=0,Stale=0,VSnc=0,Lat=-1,Fov=0,CPU4/GPU=2/3,1171/490MHz,OC=FF,TA=0/70/0,SP=N/F/N,Mem=2092MHz,Free=8912MB,PLS=0,Temp=25.0C/0.0C,TW=2.29ms,App=5.58ms,GD=0.28ms,CPU&GPU=11.29ms,LCnt=4(DR0,LM3),GPU%=0.89,CPU%=0.22(W0.26),DSF=1.00,CFL=17.17/21.13
12-30 23:19:03.005  3437 24849 I VrApi   : FPS=90/90,Prd=29ms,Tear=0,Early=0,Stale=0,VSnc=0,Lat=-1,Fov=0,CPU4/GPU=2/3,1171/490MHz,OC=FF,TA=0/70/0,SP=N/F/N,Mem=2092MHz,Free=8912MB,PLS=0,Temp=25.0C/0.0C,TW=2.02ms,App=5.55ms,GD=0.92ms,CPU&GPU=9.59ms,LCnt=3(DR0,LM2),GPU%=0.79,CPU%=0.18(W0.26),DSF=1.00,CFL=17.48/21.80
12-30 23:19:04.005  3437 24849 I VrApi   : FPS=90/90,Prd=29ms,Tear=0,Early=0,Stale=0,VSnc=0,Lat=-1,Fov=0,CPU4/GPU=2/3,1171/490MHz,OC=FF,TA=0/70/0,SP=N/F/N,Mem=2092MHz,Free=8912MB,PLS=0,Temp=25.0C/0.0C,TW=2.01ms,App=5.73ms,GD=1.04ms,CPU&GPU=10.17ms,LCnt=3(DR0,LM2),GPU%=0.81,CPU%=0.19(W0.29),DSF=1.00,CFL=17.29/21.04
12-30 23:19:05.005  3437 24849 I VrApi   : FPS=90/90,Prd=29ms,Tear=0,Early=0,Stale=0,VSnc=0,Lat=-1,Fov=0,CPU4/GPU=2/3,1171/490MHz,OC=FF,TA=0/70/0,SP=N/F/N,Mem=2092MHz,Free=8912MB,PLS=0,Temp=25.0C/0.0C,TW=1.22ms,App=5.81ms,GD=0.63ms,CPU&GPU=9.13ms,LCnt=2(DR17,LM2),GPU%=0.72,CPU%=0.19(W0.22),DSF=1.00,CFL=17.49/20.61
12-30 23:19:06.005  3437 24849 I VrApi   : FPS=90/90,Prd=28ms,Tear=0,Early=0,Stale=0,VSnc=0,Lat=-1,Fov=0,CPU4/GPU=2/3,1171/490MHz,OC=FF,TA=0/70/0,SP=N/F/N,Mem=2092MHz,Free=8912MB,PLS=0,Temp=25.0C/0.0C,TW=1.14ms,App=5.55ms,GD=0.34ms,CPU&GPU=8.35ms,LCnt=2(DR90,LM2),GPU%=0.65,CPU%=0.18(W0.21),DSF=1.00,CFL=17.53/20.96
12-30 23:19:07.006  3437 24849 I VrApi   : FPS=90/90,Prd=28ms,Tear=0,Early=0,Stale=0,VSnc=0,Lat=-1,Fov=0,CPU4/GPU=2/3,1171/490MHz,OC=FF,TA=0/70/0,SP=N/F/N,Mem=2092MHz,Free=8912MB,PLS=0,Temp=25.0C/0.0C,TW=1.14ms,App=5.48ms,GD=0.30ms,CPU&GPU=8.18ms,LCnt=2(DR90,LM2),GPU%=0.65,CPU%=0.19(W0.25),DSF=1.00,CFL=17.32/21.45
12-30 23:19:08.005  3437 24849 I VrApi   : FPS=90/90,Prd=28ms,Tear=0,Early=0,Stale=0,VSnc=0,Lat=-1,Fov=0,CPU4/GPU=2/3,1171/490MHz,OC=FF,TA=0/70/0,SP=N/F/N,Mem=2092MHz,Free=8912MB,PLS=0,Temp=25.0C/0.0C,TW=1.14ms,App=5.39ms,GD=0.33ms,CPU&GPU=8.14ms,LCnt=2(DR90,LM2),GPU%=0.65,CPU%=0.21(W0.32),DSF=1.00,CFL=17.36/20.87
12-30 23:19:09.005  3437 24849 I VrApi   : FPS=90/90,Prd=27ms,Tear=0,Early=0,Stale=0,VSnc=0,Lat=-1,Fov=0,CPU4/GPU=2/3,1171/490MHz,OC=FF,TA=0/70/0,SP=N/F/N,Mem=2092MHz,Free=8912MB,PLS=0,Temp=25.0C/0.0C,TW=1.46ms,App=4.97ms,GD=0.27ms,CPU&GPU=8.71ms,LCnt=3(DR83,LM2),GPU%=0.64,CPU%=0.18(W0.26),DSF=1.00,CFL=17.24/20.98
12-30 23:19:10.007  3437 24849 I VrApi   : FPS=90/90,Prd=28ms,Tear=0,Early=0,Stale=0,VSnc=0,Lat=-1,Fov=0,CPU4/GPU=2/3,1171/490MHz,OC=FF,TA=0/70/0,SP=N/F/N,Mem=2092MHz,Free=8912MB,PLS=0,Temp=25.0C/0.0C,TW=1.95ms,App=5.44ms,GD=0.82ms,CPU&GPU=9.63ms,LCnt=3(DR0,LM2),GPU%=0.78,CPU%=0.24(W0.33),DSF=1.00,CFL=17.24/20.67
12-30 23:19:11.011  3437 24849 I VrApi   : FPS=90/90,Prd=29ms,Tear=0,Early=0,Stale=0,VSnc=0,Lat=-1,Fov=0,CPU4/GPU=2/3,2419/490MHz,OC=FF,TA=0/70/0,SP=N/F/N,Mem=2092MHz,Free=8912MB,PLS=0,Temp=25.0C/0.0C,TW=1.98ms,App=5.60ms,GD=0.15ms,CPU&GPU=10.20ms,LCnt=4(DR0,LM3),GPU%=0.76,CPU%=0.19(W0.25),DSF=1.00,CFL=17.32/20.87
12-30 23:19:12.005  3437 24849 I VrApi   : FPS=84/90,Prd=29ms,Tear=0,Early=5,Stale=6,VSnc=0,Lat=-1,Fov=0,CPU4/GPU=2/3,2419/490MHz,OC=FF,TA=0/70/0,SP=N/F/N,Mem=2092MHz,Free=8912MB,PLS=0,Temp=25.0C/0.0C,TW=2.63ms,App=1.26ms,GD=0.13ms,CPU&GPU=6.95ms,LCnt=4(DR14,LM2),GPU%=0.52,CPU%=0.20(W0.29),DSF=1.00,CFL=17.41/21.24
12-30 23:19:13.005  3437 24849 I VrApi   : FPS=90/90,Prd=28ms,Tear=0,Early=0,Stale=0,VSnc=0,Lat=-1,Fov=0,CPU4/GPU=2/3,2419/490MHz,OC=FF,TA=0/70/0,SP=N/F/N,Mem=2092MHz,Free=8912MB,PLS=0,Temp=25.0C/0.0C,TW=3.24ms,App=1.27ms,GD=0.12ms,CPU&GPU=5.88ms,LCnt=4(DR0,LM2),GPU%=0.58,CPU%=0.16(W0.21),DSF=1.00,CFL=17.43/20.90
12-30 23:19:14.005  3437 24849 I VrApi   : FPS=90/90,Prd=28ms,Tear=0,Early=0,Stale=0,VSnc=0,Lat=-1,Fov=0,CPU4/GPU=2/3,2419/490MHz,OC=FF,TA=0/70/0,SP=N/F/N,Mem=2092MHz,Free=8912MB,PLS=0,Temp=25.0C/0.0C,TW=3.24ms,App=1.29ms,GD=0.12ms,CPU&GPU=5.81ms,LCnt=4(DR0,LM2),GPU%=0.58,CPU%=0.20(W0.27),DSF=1.00,CFL=17.39/20.81
12-30 23:19:15.012  3437 24849 I VrApi   : FPS=90/90,Prd=27ms,Tear=0,Early=0,Stale=0,VSnc=0,Lat=-1,Fov=0,CPU4/GPU=2/3,2419/490MHz,OC=FF,TA=0/70/0,SP=N/F/N,Mem=2092MHz,Free=8899MB,PLS=0,Temp=25.0C/0.0C,TW=3.22ms,App=1.38ms,GD=0.12ms,CPU&GPU=6.49ms,LCnt=4(DR0,LM2),GPU%=0.59,CPU%=0.17(W0.25),DSF=1.00,CFL=17.28/21.49
12-30 23:19:16.008  3437 24849 I VrApi   : FPS=90/90,Prd=28ms,Tear=0,Early=0,Stale=0,VSnc=0,Lat=-1,Fov=0,CPU4/GPU=2/3,1171/490MHz,OC=FF,TA=0/70/0,SP=N/F/N,Mem=1804MHz,Free=8899MB,PLS=0,Temp=25.0C/0.0C,TW=3.19ms,App=1.22ms,GD=0.12ms,CPU&GPU=7.03ms,LCnt=4(DR0,LM2),GPU%=0.58,CPU%=0.18(W0.26),DSF=1.00,CFL=17.32/20.87
12-30 23:19:17.006  3437 24849 I VrApi   : FPS=90/90,Prd=28ms,Tear=0,Early=0,Stale=0,VSnc=0,Lat=-1,Fov=0,CPU4/GPU=2/3,1171/490MHz,OC=FF,TA=0/70/0,SP=N/F/N,Mem=2092MHz,Free=8899MB,PLS=0,Temp=25.2C/0.0C,TW=3.26ms,App=1.32ms,GD=0.13ms,CPU&GPU=6.55ms,LCnt=4(DR0,LM2),GPU%=0.59,CPU%=0.23(W0.30),DSF=1.00,CFL=17.41/21.08
12-30 23:19:18.006  3437 24849 I VrApi   : FPS=90/90,Prd=27ms,Tear=0,Early=0,Stale=0,VSnc=0,Lat=-1,Fov=0,CPU4/GPU=2/3,1171/490MHz,OC=FF,TA=0/70/0,SP=N/F/N,Mem=2092MHz,Free=8899MB,PLS=0,Temp=25.2C/0.0C,TW=3.23ms,App=1.41ms,GD=0.13ms,CPU&GPU=6.71ms,LCnt=4(DR0,LM2),GPU%=0.58,CPU%=0.22(W0.25),DSF=1.00,CFL=17.32/20.77
12-30 23:19:19.008  3437 24849 I VrApi   : FPS=90/90,Prd=27ms,Tear=0,Early=0,Stale=0,VSnc=0,Lat=-1,Fov=0,CPU4/GPU=2/3,1171/490MHz,OC=FF,TA=0/70/0,SP=N/F/N,Mem=2092MHz,Free=8899MB,PLS=0,Temp=25.2C/0.0C,TW=3.23ms,App=1.52ms,GD=0.13ms,CPU&GPU=6.96ms,LCnt=4(DR0,LM2),GPU%=0.60,CPU%=0.18(W0.21),DSF=1.00,CFL=17.29/20.93
12-30 23:19:20.007  3437 24849 I VrApi   : FPS=90/90,Prd=28ms,Tear=0,Early=0,Stale=0,VSnc=0,Lat=-1,Fov=0,CPU4/GPU=2/3,1171/490MHz,OC=FF,TA=0/70/0,SP=N/F/N,Mem=2092MHz,Free=8899MB,PLS=0,Temp=25.2C/0.0C,TW=3.25ms,App=1.34ms,GD=0.13ms,CPU&GPU=7.22ms,LCnt=4(DR0,LM2),GPU%=0.59,CPU%=0.23(W0.30),DSF=1.00,CFL=17.27/21.58
12-30 23:19:21.007  3437 24849 I VrApi   : FPS=90/90,Prd=28ms,Tear=0,Early=0,Stale=0,VSnc=0,Lat=-1,Fov=0,CPU4/GPU=2/3,1171/490MHz,OC=FF,TA=0/70/0,SP=N/F/N,Mem=2092MHz,Free=8899MB,PLS=0,Temp=25.2C/0.0C,TW=3.25ms,App=1.33ms,GD=0.12ms,CPU&GPU=7.25ms,LCnt=4(DR0,LM2),GPU%=0.59,CPU%=0.22(W0.30),DSF=1.00,CFL=17.35/20.84
12-30 23:19:22.006  3437 24849 I VrApi   : FPS=90/90,Prd=28ms,Tear=0,Early=0,Stale=0,VSnc=0,Lat=-1,Fov=0,CPU4/GPU=2/3,1171/490MHz,OC=FF,TA=0/70/0,SP=N/F/N,Mem=2092MHz,Free=8899MB,PLS=0,Temp=25.2C/0.0C,TW=3.24ms,App=1.31ms,GD=0.12ms,CPU&GPU=7.00ms,LCnt=4(DR0,LM2),GPU%=0.59,CPU%=0.22(W0.25),DSF=1.00,CFL=17.29/20.59
12-30 23:19:23.007  3437 24849 I VrApi   : FPS=90/90,Prd=27ms,Tear=0,Early=0,Stale=0,VSnc=0,Lat=-1,Fov=0,CPU4/GPU=2/3,1171/490MHz,OC=FF,TA=0/70/0,SP=N/F/N,Mem=2092MHz,Free=8899MB,PLS=0,Temp=25.2C/0.0C,TW=3.24ms,App=1.27ms,GD=0.12ms,CPU&GPU=6.78ms,LCnt=4(DR0,LM2),GPU%=0.58,CPU%=0.22(W0.27),DSF=1.00,CFL=17.36/21.44
12-30 23:19:24.007  3437 24849 I VrApi   : FPS=90/90,Prd=27ms,Tear=0,Early=0,Stale=0,VSnc=0,Lat=-1,Fov=0,CPU4/GPU=2/3,1171/490MHz,OC=FF,TA=0/70/0,SP=N/F/N,Mem=2092MHz,Free=8899MB,PLS=0,Temp=25.2C/0.0C,TW=3.23ms,App=1.31ms,GD=0.13ms,CPU&GPU=7.04ms,LCnt=4(DR0,LM2),GPU%=0.59,CPU%=0.19(W0.27),DSF=1.00,CFL=17.18/21.37
12-30 23:19:25.008  3437 24849 I VrApi   : FPS=89/90,Prd=27ms,Tear=0,Early=0,Stale=1,VSnc=0,Lat=-1,Fov=0,CPU4/GPU=2/3,1171/490MHz,OC=FF,TA=0/70/0,SP=N/F/N,Mem=2092MHz,Free=8899MB,PLS=0,Temp=25.2C/0.0C,TW=3.24ms,App=1.37ms,GD=0.14ms,CPU&GPU=6.97ms,LCnt=4(DR0,LM2),GPU%=0.58,CPU%=0.25(W0.39),DSF=1.00,CFL=17.41/20.75
12-30 23:19:26.009  3437 24849 I VrApi   : FPS=90/90,Prd=27ms,Tear=0,Early=0,Stale=0,VSnc=0,Lat=-1,Fov=0,CPU4/GPU=2/3,1171/490MHz,OC=FF,TA=0/70/0,SP=N/F/N,Mem=2092MHz,Free=8899MB,PLS=0,Temp=25.2C/0.0C,TW=3.26ms,App=1.50ms,GD=0.14ms,CPU&GPU=6.97ms,LCnt=4(DR0,LM2),GPU%=0.60,CPU%=0.20(W0.29),DSF=1.00,CFL=17.25/20.82
12-30 23:19:27.006  3437 24849 I VrApi   : FPS=90/90,Prd=27ms,Tear=0,Early=0,Stale=0,VSnc=0,Lat=-1,Fov=0,CPU4/GPU=2/3,1171/490MHz,OC=FF,TA=0/70/0,SP=N/F/N,Mem=2092MHz,Free=8899MB,PLS=0,Temp=25.2C/0.0C,TW=3.24ms,App=1.56ms,GD=0.14ms,CPU&GPU=6.72ms,LCnt=4(DR0,LM2),GPU%=0.60,CPU%=0.19(W0.25),DSF=1.00,CFL=17.29/20.59
12-30 23:19:28.007  3437 24849 I VrApi   : FPS=90/90,Prd=26ms,Tear=0,Early=0,Stale=0,VSnc=0,Lat=-1,Fov=0,CPU4/GPU=2/3,1171/490MHz,OC=FF,TA=0/70/0,SP=N/F/N,Mem=2092MHz,Free=8899MB,PLS=0,Temp=25.2C/0.0C,TW=3.24ms,App=1.31ms,GD=0.14ms,CPU&GPU=4.97ms,LCnt=4(DR0,LM2),GPU%=0.58,CPU%=0.20(W0.25),DSF=1.00,CFL=17.23/20.90
12-30 23:19:29.008  3437 24849 I VrApi   : FPS=90/90,Prd=25ms,Tear=0,Early=0,Stale=0,VSnc=0,Lat=-1,Fov=0,CPU4/GPU=2/3,1171/490MHz,OC=FF,TA=0/70/0,SP=N/F/N,Mem=2092MHz,Free=8899MB,PLS=0,Temp=25.2C/0.0C,TW=3.26ms,App=1.32ms,GD=0.14ms,CPU&GPU=5.31ms,LCnt=4(DR0,LM2),GPU%=0.58,CPU%=0.16(W0.20),DSF=1.00,CFL=17.31/20.88
12-30 23:19:30.006  3437 24849 I VrApi   : FPS=89/90,Prd=27ms,Tear=0,Early=0,Stale=1,VSnc=0,Lat=-1,Fov=0,CPU4/GPU=2/3,1171/490MHz,OC=FF,TA=0/70/0,SP=N/F/N,Mem=2092MHz,Free=8899MB,PLS=0,Temp=25.2C/0.0C,TW=3.26ms,App=1.99ms,GD=0.12ms,CPU&GPU=7.62ms,LCnt=4(DR0,LM2),GPU%=0.64,CPU%=0.19(W0.25),DSF=1.00,CFL=17.32/20.76
12-30 23:19:31.007  3437 24849 I VrApi   : FPS=90/90,Prd=25ms,Tear=0,Early=0,Stale=0,VSnc=0,Lat=-1,Fov=0,CPU4/GPU=2/3,1171/490MHz,OC=FF,TA=0/70/0,SP=N/F/N,Mem=2092MHz,Free=8899MB,PLS=0,Temp=25.2C/0.0C,TW=3.24ms,App=1.30ms,GD=0.13ms,CPU&GPU=5.41ms,LCnt=4(DR0,LM2),GPU%=0.58,CPU%=0.20(W0.25),DSF=1.00,CFL=17.30/21.10
12-30 23:19:32.006  3437 24849 I VrApi   : FPS=90/90,Prd=25ms,Tear=0,Early=0,Stale=0,VSnc=0,Lat=-1,Fov=0,CPU4/GPU=2/3,1171/490MHz,OC=FF,TA=0/70/0,SP=N/F/N,Mem=1804MHz,Free=8899MB,PLS=0,Temp=25.2C/0.0C,TW=3.25ms,App=1.30ms,GD=0.13ms,CPU&GPU=5.65ms,LCnt=4(DR0,LM2),GPU%=0.59,CPU%=0.28(W0.30),DSF=1.00,CFL=17.33/21.32
12-30 23:19:33.009  3437 24849 I VrApi   : FPS=90/90,Prd=25ms,Tear=0,Early=0,Stale=0,VSnc=0,Lat=-1,Fov=0,CPU4/GPU=2/3,1171/490MHz,OC=FF,TA=0/70/0,SP=N/F/N,Mem=2092MHz,Free=8899MB,PLS=0,Temp=25.2C/0.0C,TW=3.13ms,App=1.38ms,GD=0.14ms,CPU&GPU=5.65ms,LCnt=4(DR0,LM2),GPU%=0.58,CPU%=0.15(W0.24),DSF=1.00,CFL=17.18/21.03
12-30 23:19:34.008  3437 24849 I VrApi   : FPS=90/90,Prd=25ms,Tear=0,Early=0,Stale=0,VSnc=0,Lat=-1,Fov=0,CPU4/GPU=2/3,1171/490MHz,OC=FF,TA=0/70/0,SP=N/F/N,Mem=2092MHz,Free=8899MB,PLS=0,Temp=25.2C/0.0C,TW=3.08ms,App=1.35ms,GD=0.14ms,CPU&GPU=5.59ms,LCnt=4(DR0,LM2),GPU%=0.57,CPU%=0.19(W0.21),DSF=1.00,CFL=17.32/21.13
12-30 23:19:35.014  3437 24849 I VrApi   : FPS=90/90,Prd=25ms,Tear=0,Early=0,Stale=0,VSnc=0,Lat=-1,Fov=0,CPU4/GPU=2/3,1171/490MHz,OC=FF,TA=0/70/0,SP=N/F/N,Mem=2092MHz,Free=8911MB,PLS=0,Temp=25.2C/0.0C,TW=3.08ms,App=1.40ms,GD=0.14ms,CPU&GPU=5.54ms,LCnt=4(DR0,LM2),GPU%=0.58,CPU%=0.17(W0.20),DSF=1.00,CFL=17.31/20.84
12-30 23:19:36.010  3437 24849 I VrApi   : FPS=90/90,Prd=25ms,Tear=0,Early=0,Stale=0,VSnc=0,Lat=-1,Fov=0,CPU4/GPU=2/3,1171/490MHz,OC=FF,TA=0/70/0,SP=N/F/N,Mem=1804MHz,Free=8911MB,PLS=0,Temp=25.2C/0.0C,TW=3.07ms,App=2.17ms,GD=0.16ms,CPU&GPU=5.57ms,LCnt=4(DR0,LM2),GPU%=0.64,CPU%=0.17(W0.21),DSF=1.00,CFL=17.34/20.78
12-30 23:19:37.009  3437 24849 I VrApi   : FPS=90/90,Prd=25ms,Tear=0,Early=0,Stale=0,VSnc=0,Lat=-1,Fov=0,CPU4/GPU=2/3,1171/490MHz,OC=FF,TA=0/70/0,SP=N/F/N,Mem=2092MHz,Free=8911MB,PLS=0,Temp=25.5C/0.0C,TW=3.08ms,App=1.27ms,GD=0.15ms,CPU&GPU=7.44ms,LCnt=4(DR0,LM2),GPU%=0.57,CPU%=0.19(W0.25),DSF=1.00,CFL=17.24/20.68
12-30 23:19:38.008  3437 24849 I VrApi   : FPS=90/90,Prd=25ms,Tear=0,Early=0,Stale=0,VSnc=0,Lat=-1,Fov=0,CPU4/GPU=2/3,1171/490MHz,OC=FF,TA=0/70/0,SP=N/F/N,Mem=2092MHz,Free=8911MB,PLS=0,Temp=25.5C/0.0C,TW=3.07ms,App=1.11ms,GD=0.24ms,CPU&GPU=5.57ms,LCnt=4(DR0,LM2),GPU%=0.57,CPU%=0.18(W0.24),DSF=1.00,CFL=17.24/20.80
12-30 23:19:39.007  3437 24849 I VrApi   : FPS=90/90,Prd=25ms,Tear=0,Early=0,Stale=1,VSnc=0,Lat=-1,Fov=0,CPU4/GPU=2/3,1171/490MHz,OC=FF,TA=0/70/0,SP=N/F/N,Mem=2092MHz,Free=8911MB,PLS=0,Temp=25.5C/0.0C,TW=1.17ms,App=5.14ms,GD=0.47ms,CPU&GPU=4.70ms,LCnt=2(DR71,LM2),GPU%=0.64,CPU%=0.26(W0.33),DSF=1.00,CFL=17.34/20.47
12-30 23:19:40.008  3437 24849 I VrApi   : FPS=91/90,Prd=29ms,Tear=0,Early=0,Stale=0,VSnc=0,Lat=-1,Fov=0,CPU4/GPU=2/3,1171/490MHz,OC=FF,TA=0/70/0,SP=N/F/N,Mem=2092MHz,Free=8911MB,PLS=0,Temp=25.5C/0.0C,TW=1.16ms,App=5.16ms,GD=0.31ms,CPU&GPU=7.75ms,LCnt=2(DR90,LM2),GPU%=0.63,CPU%=0.22(W0.27),DSF=1.00,CFL=17.33/20.86
12-30 23:19:41.010  3437 24849 I VrApi   : FPS=90/90,Prd=28ms,Tear=0,Early=0,Stale=0,VSnc=0,Lat=-1,Fov=0,CPU4/GPU=2/3,1171/490MHz,OC=FF,TA=0/70/0,SP=N/F/N,Mem=2092MHz,Free=8911MB,PLS=0,Temp=25.5C/0.0C,TW=1.77ms,App=5.50ms,GD=0.00ms,CPU&GPU=7.90ms,LCnt=2(DR74,LM0),GPU%=0.69,CPU%=0.20(W0.25),DSF=1.00,CFL=17.25/21.90
12-30 23:19:42.007  3437 24849 I VrApi   : FPS=90/90,Prd=28ms,Tear=0,Early=0,Stale=0,VSnc=0,Lat=-1,Fov=0,CPU4/GPU=2/3,1171/490MHz,OC=FF,TA=0/70/0,SP=N/F/N,Mem=2092MHz,Free=8911MB,PLS=0,Temp=25.5C/0.0C,TW=1.98ms,App=6.16ms,GD=0.00ms,CPU&GPU=8.91ms,LCnt=2(DR0,LM0),GPU%=0.76,CPU%=0.17(W0.24),DSF=1.00,CFL=17.32/20.67
12-30 23:19:43.008  3437 24849 I VrApi   : FPS=90/90,Prd=29ms,Tear=0,Early=0,Stale=0,VSnc=0,Lat=-1,Fov=0,CPU4/GPU=2/3,1171/490MHz,OC=FF,TA=0/70/0,SP=N/F/N,Mem=2092MHz,Free=8911MB,PLS=0,Temp=25.5C/0.0C,TW=1.97ms,App=6.21ms,GD=0.00ms,CPU&GPU=9.55ms,LCnt=2(DR0,LM0),GPU%=0.76,CPU%=0.19(W0.24),DSF=1.00,CFL=17.13/21.77
12-30 23:19:44.008  3437 24849 I VrApi   : FPS=90/90,Prd=29ms,Tear=0,Early=0,Stale=0,VSnc=0,Lat=-1,Fov=0,CPU4/GPU=2/3,1171/490MHz,OC=FF,TA=0/70/0,SP=N/F/N,Mem=2092MHz,Free=8911MB,PLS=0,Temp=25.5C/0.0C,TW=1.96ms,App=5.46ms,GD=0.00ms,CPU&GPU=9.41ms,LCnt=2(DR0,LM0),GPU%=0.69,CPU%=0.23(W0.33),DSF=1.00,CFL=17.18/20.48
12-30 23:19:45.008  3437 24849 I VrApi   : FPS=90/90,Prd=29ms,Tear=0,Early=0,Stale=0,VSnc=0,Lat=-1,Fov=0,CPU4/GPU=2/3,1171/490MHz,OC=FF,TA=0/70/0,SP=N/F/N,Mem=2092MHz,Free=8911MB,PLS=0,Temp=25.5C/0.0C,TW=1.95ms,App=5.78ms,GD=0.00ms,CPU&GPU=8.98ms,LCnt=2(DR0,LM0),GPU%=0.72,CPU%=0.16(W0.20),DSF=1.00,CFL=17.33/21.50
12-30 23:19:46.008  3437 24849 I VrApi   : FPS=90/90,Prd=29ms,Tear=0,Early=0,Stale=0,VSnc=0,Lat=-1,Fov=0,CPU4/GPU=2/3,1171/490MHz,OC=FF,TA=0/70/0,SP=N/F/N,Mem=2092MHz,Free=8911MB,PLS=0,Temp=25.5C/0.0C,TW=0.84ms,App=5.80ms,GD=0.00ms,CPU&GPU=9.23ms,LCnt=1(DR47,LM0),GPU%=0.63,CPU%=0.19(W0.26),DSF=1.00,CFL=17.28/20.86
12-30 23:19:47.009  3437 24849 I VrApi   : FPS=90/90,Prd=28ms,Tear=0,Early=0,Stale=0,VSnc=0,Lat=-1,Fov=0,CPU4/GPU=2/3,1171/490MHz,OC=FF,TA=0/70/0,SP=N/F/N,Mem=2092MHz,Free=8911MB,PLS=0,Temp=25.5C/0.0C,TW=1.97ms,App=5.62ms,GD=0.00ms,CPU&GPU=8.03ms,LCnt=2(DR38,LM0),GPU%=0.71,CPU%=0.21(W0.26),DSF=1.00,CFL=17.25/21.27
12-30 23:19:48.008  3437 24849 I VrApi   : FPS=90/90,Prd=28ms,Tear=0,Early=0,Stale=0,VSnc=0,Lat=-1,Fov=0,CPU4/GPU=2/3,1171/490MHz,OC=FF,TA=0/70/0,SP=N/F/N,Mem=2092MHz,Free=8911MB,PLS=0,Temp=25.5C/0.0C,TW=1.98ms,App=6.18ms,GD=0.00ms,CPU&GPU=8.96ms,LCnt=2(DR0,LM0),GPU%=0.76,CPU%=0.18(W0.22),DSF=1.00,CFL=17.30/20.87
12-30 23:19:49.008  3437 24849 I VrApi   : FPS=90/90,Prd=29ms,Tear=0,Early=0,Stale=0,VSnc=0,Lat=-1,Fov=0,CPU4/GPU=2/3,1171/490MHz,OC=FF,TA=0/70/0,SP=N/F/N,Mem=2092MHz,Free=8911MB,PLS=0,Temp=25.5C/0.0C,TW=1.98ms,App=5.51ms,GD=0.00ms,CPU&GPU=9.71ms,LCnt=2(DR0,LM0),GPU%=0.70,CPU%=0.22(W0.25),DSF=1.00,CFL=17.21/21.12
12-30 23:19:50.012  3437 24849 I VrApi   : FPS=90/90,Prd=28ms,Tear=0,Early=0,Stale=0,VSnc=0,Lat=-1,Fov=0,CPU4/GPU=2/3,2419/490MHz,OC=FF,TA=0/70/0,SP=N/F/N,Mem=2092MHz,Free=8911MB,PLS=0,Temp=25.5C/0.0C,TW=1.97ms,App=5.53ms,GD=0.00ms,CPU&GPU=8.93ms,LCnt=2(DR0,LM0),GPU%=0.70,CPU%=0.18(W0.21),DSF=1.00,CFL=17.23/20.79
12-30 23:19:51.009  3437 24849 I VrApi   : FPS=90/90,Prd=28ms,Tear=0,Early=0,Stale=8,VSnc=0,Lat=-1,Fov=0,CPU4/GPU=2/3,2419/490MHz,OC=FF,TA=0/70/0,SP=N/F/N,Mem=2092MHz,Free=8911MB,PLS=0,Temp=25.5C/0.0C,TW=2.48ms,App=5.58ms,GD=0.00ms,CPU&GPU=8.97ms,LCnt=4(DR0,LM0),GPU%=0.78,CPU%=0.23(W0.30),DSF=1.00,CFL=17.04/20.88
12-30 23:19:52.008  3437 24849 I VrApi   : FPS=82/90,Prd=28ms,Tear=0,Early=30,Stale=1,VSnc=0,Lat=-1,Fov=0,CPU4/GPU=2/3,2419/490MHz,OC=FF,TA=0/70/0,SP=N/F/N,Mem=2092MHz,Free=8911MB,PLS=0,Temp=25.5C/0.0C,TW=2.55ms,App=5.86ms,GD=0.00ms,CPU&GPU=9.54ms,LCnt=3(DR0,LM0),GPU%=0.80,CPU%=0.33(W0.40),DSF=1.00,CFL=17.42/21.29
12-30 23:19:52.633  3437  3496 D VrApi   : targetSDKVersion 29
12-30 23:19:52.661  3437 24849 I VrApi   : FPS=90/90,Prd=32ms,Tear=0,Early=50,Stale=0,VSnc=0,Lat=-1,Fov=0,CPU4/GPU=2/3,2419/490MHz,OC=FF,TA=0/F/0,SP=N/F/N,Mem=2092MHz,Free=8911MB,PLS=0,Temp=25.5C/0.0C,TW=2.08ms,App=5.22ms,GD=0.00ms,CPU&GPU=6.96ms,LCnt=2(DR0,LM0),GPU%=0.68,CPU%=0.14(W0.20),DSF=1.00,CFL=17.27/20.94
12-30 23:19:52.674  3437  3496 I VrApi   : OVR::Stats thread stopped
12-30 23:19:52.788 26531 26556 I VrApi   : ----------- vrapi_Initialize [start] ----------
12-30 23:19:52.796 26531 26556 I VrApi   : Client type: 0 flags: 0x0 placement: 0
12-30 23:19:53.018 26531 26556 I VrApi   : vrapi_Initialize: Connected to VrRuntimeService after 0.221711s
12-30 23:19:53.070 26531 26556 I VrApi   : SkipPushFinalBlack=1
12-30 23:19:53.070 26531 26556 D VrApi   : isActivityFocusAware context = com.oculus.xrstreamingclient.MainActivity@937923b
12-30 23:19:53.070 26531 26556 D VrApi   : isSystemApp = true for com.oculus.xrstreamingclient
12-30 23:19:53.070 26531 26556 I VrApi   : isActivityFocusAware = 0
12-30 23:19:53.070 26531 26556 I VrApi   : Client-driven display vsync: enabled
12-30 23:19:53.110 26531 26556 I VrApi   : ----------- vrapi_Initialize [end] ----------
12-30 23:19:53.118 26531 26556 I VrApi   : ------------ vrapi_CreateSystemVulkan -----------
12-30 23:19:53.175  3457  3638 D VrApi   : targetSDKVersion 29
12-30 23:19:53.202  3457  3638 I VrApi   : OVR::Stats thread stopped
12-30 23:19:53.283  4199  4199 I VrApi   : ----------- vrapi_Initialize [start] ----------
12-30 23:19:53.286  4199  4199 I VrApi   : Client type: 0 flags: 0x0 placement: 0
12-30 23:19:53.600  4199  4199 I VrApi   : vrapi_Initialize: Connected to VrRuntimeService after 0.313982s
12-30 23:19:53.630  4199  4199 I VrApi   : SkipPushFinalBlack=1
12-30 23:19:53.630  4199  4199 D VrApi   : isActivityFocusAware context = com.oculus.os.DialogContext@ff618ce
12-30 23:19:53.630  4199  4199 D VrApi   : isSystemApp = true for com.android.permissioncontroller
12-30 23:19:53.630  4199  4199 I VrApi   : isActivityFocusAware = 0
12-30 23:19:53.643  4199  4199 I VrApi   : ----------- vrapi_Initialize [end] ----------
12-30 23:19:54.280 26531 26556 I VrApi   : ---------- vrapi_EnterVrMode [start] ----------
12-30 23:19:54.285 26531 26556 D VrApi   : targetSDKVersion 29
12-30 23:19:54.299  4199  4199 I VrApi   : ------------ vrapi_Shutdown [start] -----------
12-30 23:19:54.299  4199  4199 W VrApi   : IsOvrValid: ovr == nullptr. Package: com.android.permissioncontroller
12-30 23:19:54.303 26531 26556 I VrApi   : ovrModeParms::VRAPI_MODE_FLAG_RESET_WINDOW_FULLSCREEN = 0
12-30 23:19:54.303 26531 26556 I VrApi   : ovrModeParms::VRAPI_MODE_FLAG_NATIVE_WINDOW = 1
12-30 23:19:54.303 26531 26556 I VrApi   : ovrModeParms::VRAPI_MODE_FLAG_FRONT_BUFFER_SRGB = 0
12-30 23:19:54.303 26531 26556 I VrApi   : ovrModeParms::VRAPI_MODE_FLAG_PHASE_SYNC = 0
12-30 23:19:54.303 26531 26556 I VrApi   : ovrModeParms::VRAPI_MODE_FLAG_APP_SPACE_WARP = 0
12-30 23:19:54.304 26531 26556 I VrApi   : PhaseSync disabled
12-30 23:19:54.304 26531 26556 I VrApi   : HMD sensor attached.
12-30 23:19:54.307  4199  4199 I VrApi   : ------------ vrapi_Shutdown [end] -----------
12-30 23:19:54.313 26531 26556 I VrApi   : Creating Default swapchain
12-30 23:19:54.313 26531 26556 I VrApi   : Creating Loading Icon swapchain
12-30 23:19:54.313 26531 26556 I VrApi   : OVR::Stats thread started
12-30 23:19:54.313 26531 26556 I VrApi   : Initial BaseVsync 7316 
12-30 23:19:54.313 26531 26556 I VrApi   : ---------- vrapi_EnterVrMode [end] ----------
12-30 23:19:54.313 26531 26556 I VrApi   : vrapi_SetDisplayRefreshRate: display refresh rate supported 72.000000
12-30 23:19:54.322 26531 26669 D VrApi   : targetSDKVersion 29
12-30 23:19:54.331 26531 26669 D VrApi   : VrApi::isWifiConnected exception: Make sure android.permission.ACCESS_NETWORK_STATE is set in the manifest.
12-30 23:19:54.905 26531 26556 W VrApi   : Time to first swap: 2.120 seconds
12-30 23:19:56.006 26531 26669 I VrApi   : FPS=1/72,Prd=0ms,Tear=0,Early=0,Stale=10,VSnc=0,Lat=0,Fov=0,CPU4/GPU=3/2,2419/441MHz,OC=FF,TA=0/70/0,SP=N/F/N,Mem=2092MHz,Free=8405MB,PLS=0,Temp=25.5C/0.0C,TW=4.86ms,App=0.88ms,GD=0.00ms,CPU&GPU=1853473.50ms,LCnt=2(DR0,LM2),GPU%=0.45,CPU%=0.19(W0.24),DSF=1.00,CFL=17.21/20.83
12-30 23:19:57.004 26531 26669 I VrApi   : FPS=70/72,Prd=0ms,Tear=0,Early=0,Stale=52,VSnc=1,Lat=0,Fov=0,CPU4/GPU=3/2,2419/441MHz,OC=FF,TA=0/70/0,SP=N/F/N,Mem=2092MHz,Free=8405MB,PLS=0,Temp=25.5C/0.0C,TW=4.19ms,App=1.03ms,GD=0.00ms,CPU&GPU=12.66ms,LCnt=2(DR0,LM0),GPU%=0.41,CPU%=0.16(W0.18),DSF=1.00,CFL=10.21/22.11
12-30 23:19:58.004 26531 26669 I VrApi   : FPS=72/72,Prd=0ms,Tear=0,Early=0,Stale=0,VSnc=1,Lat=0,Fov=0,CPU4/GPU=2/2,2419/441MHz,OC=FF,TA=0/70/0,SP=N/F/N,Mem=2092MHz,Free=8405MB,PLS=0,Temp=25.5C/0.0C,TW=4.34ms,App=1.04ms,GD=0.00ms,CPU&GPU=12.55ms,LCnt=1(DR33,LM0),GPU%=0.41,CPU%=0.16(W0.24),DSF=1.00,CFL=18.27/22.36
12-30 23:19:58.291 26531 26556 W VrApi   : ovr_SubmitFrameInternal: FrameIndex discontinuity: Expected 239, Received 240
12-30 23:19:58.339 26531 26556 W VrApi   : ovr_SubmitFrameInternal: FrameIndex discontinuity: Expected 241, Received 242
12-30 23:19:59.005 26531 26669 I VrApi   : FPS=72/72,Prd=0ms,Tear=0,Early=0,Stale=0,VSnc=1,Lat=0,Fov=0,CPU4/GPU=2/2,2419/441MHz,OC=FF,TA=0/70/0,SP=N/F/N,Mem=2092MHz,Free=8405MB,PLS=0,Temp=25.5C/0.0C,TW=4.19ms,App=1.03ms,GD=0.00ms,CPU&GPU=12.56ms,LCnt=1(DR72,LM0),GPU%=0.38,CPU%=0.11(W0.14),DSF=1.00,CFL=18.54/22.31
12-30 23:20:00.005 26531 26669 I VrApi   : FPS=67/72,Prd=0ms,Tear=0,Early=0,Stale=8,VSnc=1,Lat=0,Fov=0,CPU4/GPU=2/2,1171/441MHz,OC=FF,TA=0/70/0,SP=N/F/N,Mem=2092MHz,Free=8405MB,PLS=0,Temp=25.5C/0.0C,TW=6.20ms,App=0.89ms,GD=0.24ms,CPU&GPU=14.42ms,LCnt=1(DR72,LM0),GPU%=0.56,CPU%=0.14(W0.18),DSF=1.00,CFL=18.26/22.14
12-30 23:20:01.005 26531 26669 I VrApi   : FPS=72/72,Prd=0ms,Tear=0,Early=0,Stale=0,VSnc=1,Lat=0,Fov=0,CPU4/GPU=2/2,1171/441MHz,OC=FF,TA=0/70/0,SP=N/F/N,Mem=1555MHz,Free=8405MB,PLS=0,Temp=25.5C/0.0C,TW=6.20ms,App=0.84ms,GD=0.16ms,CPU&GPU=13.92ms,LCnt=2(DR21,LM0),GPU%=0.54,CPU%=0.18(W0.18),DSF=1.00,CFL=18.48/22.85
12-30 23:20:02.003 26531 26669 I VrApi   : FPS=72/72,Prd=0ms,Tear=0,Early=0,Stale=0,VSnc=1,Lat=0,Fov=0,CPU4/GPU=2/2,1171/441MHz,OC=FF,TA=0/70/0,SP=N/F/N,Mem=2092MHz,Free=8405MB,PLS=0,Temp=25.5C/0.0C,TW=6.35ms,App=1.18ms,GD=0.18ms,CPU&GPU=13.92ms,LCnt=2(DR0,LM0),GPU%=0.68,CPU%=0.10(W0.14),DSF=1.00,CFL=18.37/22.13
12-30 23:20:03.004 26531 26669 I VrApi   : FPS=72/72,Prd=0ms,Tear=0,Early=0,Stale=0,VSnc=1,Lat=0,Fov=0,CPU4/GPU=2/2,1171/441MHz,OC=FF,TA=0/70/0,SP=N/F/N,Mem=2092MHz,Free=8405MB,PLS=0,Temp=25.5C/0.0C,TW=6.36ms,App=1.17ms,GD=0.18ms,CPU&GPU=13.92ms,LCnt=3(DR0,LM2),GPU%=0.69,CPU%=0.18(W0.25),DSF=1.00,CFL=18.18/22.51
12-30 23:20:04.008 26531 26669 I VrApi   : FPS=72/72,Prd=0ms,Tear=0,Early=0,Stale=0,VSnc=1,Lat=0,Fov=0,CPU4/GPU=2/2,1171/441MHz,OC=FF,TA=0/70/0,SP=N/F/N,Mem=2092MHz,Free=8405MB,PLS=0,Temp=25.5C/0.0C,TW=6.38ms,App=1.32ms,GD=0.16ms,CPU&GPU=13.92ms,LCnt=3(DR0,LM2),GPU%=0.69,CPU%=0.19(W0.25),DSF=1.00,CFL=18.56/22.56
12-30 23:20:05.006 26531 26669 I VrApi   : FPS=72/72,Prd=0ms,Tear=0,Early=0,Stale=0,VSnc=1,Lat=0,Fov=0,CPU4/GPU=2/2,1171/441MHz,OC=FF,TA=0/70/0,SP=N/F/N,Mem=2092MHz,Free=8405MB,PLS=0,Temp=25.5C/0.0C,TW=6.38ms,App=1.14ms,GD=0.16ms,CPU&GPU=13.92ms,LCnt=3(DR0,LM2),GPU%=0.67,CPU%=0.13(W0.14),DSF=1.00,CFL=18.58/22.16
12-30 23:20:06.003 26531 26669 I VrApi   : FPS=72/72,Prd=0ms,Tear=0,Early=0,Stale=0,VSnc=1,Lat=0,Fov=0,CPU4/GPU=2/2,1171/441MHz,OC=FF,TA=0/70/0,SP=N/F/N,Mem=1555MHz,Free=8405MB,PLS=0,Temp=25.5C/0.0C,TW=6.38ms,App=1.10ms,GD=0.16ms,CPU&GPU=13.92ms,LCnt=3(DR0,LM2),GPU%=0.68,CPU%=0.04(W0.05),DSF=1.00,CFL=18.42/22.19
12-30 23:20:07.003 26531 26669 I VrApi   : FPS=72/72,Prd=0ms,Tear=0,Early=0,Stale=0,VSnc=1,Lat=0,Fov=0,CPU4/GPU=2/2,1171/441MHz,OC=FF,TA=0/70/0,SP=N/F/N,Mem=2092MHz,Free=8405MB,PLS=0,Temp=25.5C/0.0C,TW=6.39ms,App=1.10ms,GD=0.16ms,CPU&GPU=13.92ms,LCnt=3(DR0,LM2),GPU%=0.70,CPU%=0.15(W0.21),DSF=1.00,CFL=18.42/22.72
12-30 23:20:08.005 26531 26669 I VrApi   : FPS=72/72,Prd=0ms,Tear=0,Early=0,Stale=0,VSnc=1,Lat=0,Fov=0,CPU4/GPU=2/2,1171/441MHz,OC=FF,TA=0/70/0,SP=N/F/N,Mem=1555MHz,Free=8405MB,PLS=0,Temp=25.5C/0.0C,TW=6.40ms,App=1.20ms,GD=0.16ms,CPU&GPU=13.92ms,LCnt=3(DR0,LM2),GPU%=0.69,CPU%=0.16(W0.22),DSF=1.00,CFL=18.38/22.31
12-30 23:20:09.009 26531 26669 I VrApi   : FPS=72/72,Prd=0ms,Tear=0,Early=0,Stale=0,VSnc=1,Lat=0,Fov=0,CPU4/GPU=2/2,1171/441MHz,OC=FF,TA=0/70/0,SP=N/F/N,Mem=2092MHz,Free=8405MB,PLS=0,Temp=25.5C/0.0C,TW=6.41ms,App=0.95ms,GD=0.36ms,CPU&GPU=13.92ms,LCnt=3(DR0,LM2),GPU%=0.58,CPU%=0.11(W0.14),DSF=1.00,CFL=18.21/22.70
12-30 23:20:10.004 26531 26669 I VrApi   : FPS=72/72,Prd=0ms,Tear=0,Early=0,Stale=0,VSnc=1,Lat=0,Fov=0,CPU4/GPU=2/2,1171/441MHz,OC=FF,TA=0/70/0,SP=N/F/N,Mem=2092MHz,Free=8405MB,PLS=0,Temp=25.5C/0.0C,TW=6.34ms,App=0.88ms,GD=0.34ms,CPU&GPU=13.92ms,LCnt=2(DR0,LM0),GPU%=0.55,CPU%=0.12(W0.19),DSF=1.00,CFL=18.29/22.23
12-30 23:20:11.006 26531 26669 I VrApi   : FPS=72/72,Prd=0ms,Tear=0,Early=0,Stale=0,VSnc=1,Lat=0,Fov=0,CPU4/GPU=2/2,1171/441MHz,OC=FF,TA=0/70/0,SP=N/F/N,Mem=1555MHz,Free=8405MB,PLS=0,Temp=25.5C/0.0C,TW=4.20ms,App=0.92ms,GD=0.00ms,CPU&GPU=13.92ms,LCnt=1(DR11,LM0),GPU%=0.39,CPU%=0.12(W0.14),DSF=1.00,CFL=18.23/22.39
12-30 23:20:12.003 26531 26669 I VrApi   : FPS=72/72,Prd=0ms,Tear=0,Early=0,Stale=0,VSnc=1,Lat=0,Fov=0,CPU4/GPU=2/2,1171/441MHz,OC=FF,TA=0/70/0,SP=N/F/N,Mem=2092MHz,Free=8405MB,PLS=0,Temp=25.5C/0.0C,TW=4.35ms,App=0.93ms,GD=0.00ms,CPU&GPU=13.92ms,LCnt=1(DR72,LM0),GPU%=0.39,CPU%=0.11(W0.14),DSF=1.00,CFL=18.54/22.53
12-30 23:20:13.008 26531 26669 I VrApi   : FPS=72/72,Prd=0ms,Tear=0,Early=0,Stale=0,VSnc=1,Lat=0,Fov=0,CPU4/GPU=2/2,1171/441MHz,OC=FF,TA=0/70/0,SP=N/F/N,Mem=2092MHz,Free=8405MB,PLS=0,Temp=25.5C/0.0C,TW=6.37ms,App=0.95ms,GD=0.25ms,CPU&GPU=13.92ms,LCnt=1(DR72,LM0),GPU%=0.56,CPU%=0.12(W0.18),DSF=1.00,CFL=18.26/22.00
12-30 23:20:14.004 26531 26669 I VrApi   : FPS=72/72,Prd=0ms,Tear=0,Early=0,Stale=0,VSnc=1,Lat=0,Fov=0,CPU4/GPU=2/2,1171/441MHz,OC=FF,TA=0/70/0,SP=N/F/N,Mem=2092MHz,Free=8405MB,PLS=0,Temp=25.5C/0.0C,TW=6.38ms,App=0.94ms,GD=0.26ms,CPU&GPU=13.92ms,LCnt=2(DR20,LM0),GPU%=0.56,CPU%=0.14(W0.28),DSF=1.00,CFL=18.32/23.00
12-30 23:20:15.003 26531 26669 I VrApi   : FPS=72/72,Prd=0ms,Tear=0,Early=0,Stale=0,VSnc=1,Lat=0,Fov=0,CPU4/GPU=2/2,1171/441MHz,OC=FF,TA=0/70/0,SP=N/F/N,Mem=2092MHz,Free=8405MB,PLS=0,Temp=25.5C/0.0C,TW=6.37ms,App=0.91ms,GD=0.27ms,CPU&GPU=13.92ms,LCnt=2(DR0,LM0),GPU%=0.56,CPU%=0.11(W0.14),DSF=1.00,CFL=18.23/22.06
12-30 23:20:16.008 26531 26669 I VrApi   : FPS=72/72,Prd=0ms,Tear=0,Early=0,Stale=0,VSnc=1,Lat=0,Fov=0,CPU4/GPU=2/2,1171/441MHz,OC=FF,TA=0/70/0,SP=N/F/N,Mem=2092MHz,Free=8455MB,PLS=0,Temp=25.5C/0.0C,TW=6.38ms,App=0.91ms,GD=0.27ms,CPU&GPU=13.92ms,LCnt=2(DR0,LM0),GPU%=0.56,CPU%=0.14(W0.18),DSF=1.00,CFL=18.43/22.41
12-30 23:20:17.006 26531 26669 I VrApi   : FPS=72/72,Prd=0ms,Tear=0,Early=0,Stale=0,VSnc=1,Lat=0,Fov=0,CPU4/GPU=2/2,1171/441MHz,OC=FF,TA=0/70/0,SP=N/F/N,Mem=2092MHz,Free=8455MB,PLS=0,Temp=25.5C/0.0C,TW=6.38ms,App=0.89ms,GD=0.27ms,CPU&GPU=13.92ms,LCnt=2(DR0,LM0),GPU%=0.56,CPU%=0.13(W0.21),DSF=1.00,CFL=18.28/21.93
12-30 23:20:18.004 26531 26669 I VrApi   : FPS=72/72,Prd=0ms,Tear=0,Early=0,Stale=0,VSnc=1,Lat=0,Fov=0,CPU4/GPU=2/2,1171/441MHz,OC=FF,TA=0/70/0,SP=N/F/N,Mem=1555MHz,Free=8455MB,PLS=0,Temp=25.5C/0.0C,TW=6.36ms,App=0.91ms,GD=0.27ms,CPU&GPU=13.92ms,LCnt=2(DR0,LM0),GPU%=0.56,CPU%=0.15(W0.24),DSF=1.00,CFL=18.38/22.37
12-30 23:20:19.006 26531 26669 I VrApi   : FPS=72/72,Prd=0ms,Tear=0,Early=0,Stale=0,VSnc=1,Lat=0,Fov=0,CPU4/GPU=2/2,1171/441MHz,OC=FF,TA=0/70/0,SP=N/F/N,Mem=2092MHz,Free=8455MB,PLS=0,Temp=25.5C/0.0C,TW=6.39ms,App=0.91ms,GD=0.27ms,CPU&GPU=13.92ms,LCnt=2(DR0,LM0),GPU%=0.56,CPU%=0.20(W0.28),DSF=1.00,CFL=18.55/22.01
12-30 23:20:20.005 26531 26669 I VrApi   : FPS=72/72,Prd=0ms,Tear=0,Early=0,Stale=0,VSnc=1,Lat=0,Fov=0,CPU4/GPU=2/2,1171/441MHz,OC=FF,TA=0/70/0,SP=N/F/N,Mem=2092MHz,Free=8455MB,PLS=0,Temp=25.5C/0.0C,TW=6.38ms,App=0.98ms,GD=0.29ms,CPU&GPU=13.92ms,LCnt=2(DR0,LM0),GPU%=0.57,CPU%=0.16(W0.24),DSF=1.00,CFL=18.36/22.52
12-30 23:20:21.004 26531 26669 I VrApi   : FPS=72/72,Prd=0ms,Tear=0,Early=0,Stale=0,VSnc=1,Lat=0,Fov=0,CPU4/GPU=2/2,1171/441MHz,OC=FF,TA=0/70/0,SP=N/F/N,Mem=1555MHz,Free=8455MB,PLS=0,Temp=25.5C/0.0C,TW=4.34ms,App=0.93ms,GD=0.00ms,CPU&GPU=13.92ms,LCnt=2(DR0,LM0),GPU%=0.39,CPU%=0.15(W0.21),DSF=1.00,CFL=18.25/22.19
12-30 23:20:22.006 26531 26669 I VrApi   : FPS=72/72,Prd=0ms,Tear=0,Early=0,Stale=0,VSnc=1,Lat=0,Fov=0,CPU4/GPU=2/2,1171/441MHz,OC=FF,TA=0/70/0,SP=N/F/N,Mem=2092MHz,Free=8455MB,PLS=0,Temp=25.5C/0.0C,TW=6.37ms,App=0.94ms,GD=0.50ms,CPU&GPU=13.92ms,LCnt=1(DR54,LM0),GPU%=0.59,CPU%=0.06(W0.14),DSF=1.00,CFL=18.13/21.99
12-30 23:20:22.462  2248  3086 D VrApi   : targetSDKVersion 29
12-30 23:20:22.565 26531 26556 W VrApi   : ovr_SubmitFrameInternal: FrameIndex discontinuity: Expected 1983, Received 1982
12-30 23:20:22.566 26531 26556 I VrApi   : ---------- vrapi_LeaveVrMode [start] ----------
12-30 23:20:22.569 26531 26556 D VrApi   : targetSDKVersion 29
12-30 23:20:22.593 26531 26669 I VrApi   : FPS=72/72,Prd=0ms,Tear=0,Early=0,Stale=0,VSnc=1,Lat=0,Fov=0,CPU4/GPU=2/2,1478/525MHz,OC=FF,TA=0/70/0,SP=N/F/N,Mem=2092MHz,Free=8455MB,PLS=0,Temp=25.5C/0.0C,TW=6.38ms,App=1.04ms,GD=0.16ms,CPU&GPU=13.92ms,LCnt=2(DR22,LM0),GPU%=0.66,CPU%=0.10(W0.15),DSF=1.00,CFL=18.29/21.88
12-30 23:20:22.595 26531 26556 I VrApi   : OVR::Stats thread stopped
12-30 23:20:22.598  2248  3086 I VrApi   : OVR::Stats thread started
12-30 23:20:22.613 26531 26556 I VrApi   : ---------- vrapi_LeaveVrMode [end] ----------
12-30 23:20:22.630  2248 27314 D VrApi   : targetSDKVersion 29
12-30 23:20:59.148  2248  3086 D VrApi   : targetSDKVersion 29
12-30 23:20:59.264  2248  3086 I VrApi   : OVR::Stats thread stopped
12-30 23:20:59.479 26531 26556 I VrApi   : ---------- vrapi_EnterVrMode [start] ----------
12-30 23:20:59.484 26531 26556 D VrApi   : targetSDKVersion 29
12-30 23:20:59.491 26531 26556 I VrApi   : ovrModeParms::VRAPI_MODE_FLAG_RESET_WINDOW_FULLSCREEN = 0
12-30 23:20:59.491 26531 26556 I VrApi   : ovrModeParms::VRAPI_MODE_FLAG_NATIVE_WINDOW = 1
12-30 23:20:59.491 26531 26556 I VrApi   : ovrModeParms::VRAPI_MODE_FLAG_FRONT_BUFFER_SRGB = 0
12-30 23:20:59.491 26531 26556 I VrApi   : ovrModeParms::VRAPI_MODE_FLAG_PHASE_SYNC = 0
12-30 23:20:59.491 26531 26556 I VrApi   : ovrModeParms::VRAPI_MODE_FLAG_APP_SPACE_WARP = 0
12-30 23:20:59.491 26531 26556 I VrApi   : PhaseSync disabled
12-30 23:20:59.491 26531 26556 I VrApi   : HMD sensor attached.
12-30 23:20:59.496 26531 26556 I VrApi   : Creating Default swapchain
12-30 23:20:59.496 26531 26556 I VrApi   : Creating Loading Icon swapchain
12-30 23:20:59.496 26531 26556 I VrApi   : OVR::Stats thread started
12-30 23:20:59.496 26531 26556 I VrApi   : Initial BaseVsync 12009 
12-30 23:20:59.496 26531 26556 I VrApi   : ---------- vrapi_EnterVrMode [end] ----------
12-30 23:20:59.496 26531 26556 I VrApi   : vrapi_SetDisplayRefreshRate: display refresh rate supported 72.000000
12-30 23:20:59.498 26531 28072 D VrApi   : targetSDKVersion 29
12-30 23:20:59.527 26531 28072 D VrApi   : VrApi::isWifiConnected exception: Make sure android.permission.ACCESS_NETWORK_STATE is set in the manifest.
12-30 23:21:01.008 26531 28072 I VrApi   : FPS=44/72,Prd=0ms,Tear=0,Early=0,Stale=7,VSnc=1,Lat=0,Fov=0,CPU4/GPU=2/2,1171/441MHz,OC=FF,TA=0/70/0,SP=N/F/N,Mem=1804MHz,Free=8475MB,PLS=0,Temp=25.5C/0.0C,TW=6.40ms,App=0.95ms,GD=0.24ms,CPU&GPU=13.72ms,LCnt=2(DR33,LM2),GPU%=0.57,CPU%=0.12(W0.20),DSF=1.00,CFL=15.39/21.14
12-30 23:21:02.006 26531 28072 I VrApi   : FPS=73/72,Prd=0ms,Tear=0,Early=0,Stale=21,VSnc=1,Lat=0,Fov=0,CPU4/GPU=2/2,1171/441MHz,OC=FF,TA=0/70/0,SP=N/F/N,Mem=1555MHz,Free=8475MB,PLS=0,Temp=25.5C/0.0C,TW=6.36ms,App=0.92ms,GD=0.42ms,CPU&GPU=13.92ms,LCnt=2(DR21,LM0),GPU%=0.66,CPU%=0.10(W0.14),DSF=1.00,CFL=17.25/22.00
12-30 23:21:02.631  2248  3086 D VrApi   : targetSDKVersion 29
12-30 23:21:02.703 26531 26556 W VrApi   : ovr_SubmitFrameInternal: FrameIndex discontinuity: Expected 2188, Received 2187
12-30 23:21:02.705 26531 26556 I VrApi   : ---------- vrapi_LeaveVrMode [start] ----------
12-30 23:21:02.724 26531 26556 D VrApi   : targetSDKVersion 29
12-30 23:21:02.727  2248  3086 I VrApi   : OVR::Stats thread started
12-30 23:21:02.728 26531 28072 I VrApi   : FPS=72/72,Prd=0ms,Tear=0,Early=0,Stale=0,VSnc=1,Lat=0,Fov=0,CPU4/GPU=2/2,1478/525MHz,OC=FF,TA=0/70/0,SP=N/F/N,Mem=2092MHz,Free=8475MB,PLS=0,Temp=25.5C/0.0C,TW=6.41ms,App=0.97ms,GD=0.27ms,CPU&GPU=13.92ms,LCnt=3(DR0,LM2),GPU%=0.71,CPU%=0.11(W0.14),DSF=1.00,CFL=18.09/22.31
12-30 23:21:02.731 26531 26556 I VrApi   : OVR::Stats thread stopped
12-30 23:21:02.752 26531 26556 I VrApi   : ---------- vrapi_LeaveVrMode [end] ----------
12-30 23:21:02.759  2248 28147 D VrApi   : targetSDKVersion 29
12-30 23:21:12.365  2248  3086 D VrApi   : targetSDKVersion 29
12-30 23:21:12.446  2248  3086 I VrApi   : OVR::Stats thread stopped
12-30 23:21:12.628 26531 26556 I VrApi   : ---------- vrapi_EnterVrMode [start] ----------
12-30 23:21:12.632 26531 26556 D VrApi   : targetSDKVersion 29
12-30 23:21:12.639 26531 26556 I VrApi   : ovrModeParms::VRAPI_MODE_FLAG_RESET_WINDOW_FULLSCREEN = 0
12-30 23:21:12.639 26531 26556 I VrApi   : ovrModeParms::VRAPI_MODE_FLAG_NATIVE_WINDOW = 1
12-30 23:21:12.639 26531 26556 I VrApi   : ovrModeParms::VRAPI_MODE_FLAG_FRONT_BUFFER_SRGB = 0
12-30 23:21:12.639 26531 26556 I VrApi   : ovrModeParms::VRAPI_MODE_FLAG_PHASE_SYNC = 0
12-30 23:21:12.639 26531 26556 I VrApi   : ovrModeParms::VRAPI_MODE_FLAG_APP_SPACE_WARP = 0
12-30 23:21:12.639 26531 26556 I VrApi   : PhaseSync disabled
12-30 23:21:12.639 26531 26556 I VrApi   : HMD sensor attached.
12-30 23:21:12.642 26531 26556 I VrApi   : Creating Default swapchain
12-30 23:21:12.642 26531 26556 I VrApi   : Creating Loading Icon swapchain
12-30 23:21:12.642 26531 26556 I VrApi   : OVR::Stats thread started
12-30 23:21:12.642 26531 26556 I VrApi   : Initial BaseVsync 12953 
12-30 23:21:12.642 26531 26556 I VrApi   : ---------- vrapi_EnterVrMode [end] ----------
12-30 23:21:12.642 26531 26556 I VrApi   : vrapi_SetDisplayRefreshRate: display refresh rate supported 72.000000
12-30 23:21:12.645 26531 28355 D VrApi   : targetSDKVersion 29
12-30 23:21:12.730 26531 28355 D VrApi   : VrApi::isWifiConnected exception: Make sure android.permission.ACCESS_NETWORK_STATE is set in the manifest.
12-30 23:21:14.007 26531 28355 I VrApi   : FPS=61/72,Prd=0ms,Tear=0,Early=19,Stale=4,VSnc=1,Lat=0,Fov=0,CPU4/GPU=2/2,1171/441MHz,OC=FF,TA=0/70/0,SP=N/F/N,Mem=1555MHz,Free=8485MB,PLS=0,Temp=25.5C/0.0C,TW=6.36ms,App=0.91ms,GD=0.33ms,CPU&GPU=13.71ms,LCnt=2(DR20,LM2),GPU%=0.60,CPU%=0.16(W0.19),DSF=1.00,CFL=16.89/20.53
12-30 23:21:15.004 26531 28355 I VrApi   : FPS=73/72,Prd=0ms,Tear=0,Early=0,Stale=26,VSnc=1,Lat=0,Fov=0,CPU4/GPU=2/2,1171/441MHz,OC=FF,TA=0/70/0,SP=N/F/N,Mem=1804MHz,Free=8485MB,PLS=0,Temp=25.5C/0.0C,TW=4.35ms,App=0.89ms,GD=0.00ms,CPU&GPU=13.92ms,LCnt=2(DR2,LM0),GPU%=0.39,CPU%=0.10(W0.14),DSF=1.00,CFL=17.08/21.82
12-30 23:21:16.005 26531 28355 I VrApi   : FPS=72/72,Prd=0ms,Tear=0,Early=0,Stale=0,VSnc=1,Lat=0,Fov=0,CPU4/GPU=2/2,1171/441MHz,OC=FF,TA=0/70/0,SP=N/F/N,Mem=2092MHz,Free=8485MB,PLS=0,Temp=25.5C/0.0C,TW=6.43ms,App=0.97ms,GD=0.33ms,CPU&GPU=13.92ms,LCnt=2(DR37,LM0),GPU%=0.66,CPU%=0.09(W0.18),DSF=1.00,CFL=18.29/22.27
12-30 23:21:16.212  2248  3086 D VrApi   : targetSDKVersion 29
12-30 23:21:16.288  2248  3086 I VrApi   : OVR::Stats thread started
12-30 23:21:16.291  2248 28441 D VrApi   : targetSDKVersion 29
12-30 23:21:16.305 26531 26556 W VrApi   : ovr_SubmitFrameInternal: FrameIndex discontinuity: Expected 2428, Received 2427
12-30 23:21:16.325 26531 26556 I VrApi   : ---------- vrapi_LeaveVrMode [start] ----------
12-30 23:21:16.334 26531 26556 D VrApi   : targetSDKVersion 29
12-30 23:21:16.343 26531 28355 I VrApi   : FPS=72/72,Prd=0ms,Tear=0,Early=0,Stale=0,VSnc=1,Lat=0,Fov=0,CPU4/GPU=2/2,1478/525MHz,OC=FF,TA=0/70/0,SP=N/F/N,Mem=2092MHz,Free=8485MB,PLS=0,Temp=25.5C/0.0C,TW=6.43ms,App=0.97ms,GD=0.33ms,CPU&GPU=13.92ms,LCnt=2(DR37,LM0),GPU%=0.66,CPU%=0.09(W0.18),DSF=1.00,CFL=18.29/22.27
12-30 23:21:16.355 26531 26556 I VrApi   : OVR::Stats thread stopped
12-30 23:21:16.368 26531 26556 I VrApi   : ---------- vrapi_LeaveVrMode [end] ----------
12-30 23:21:49.520  2248  3086 D VrApi   : targetSDKVersion 29
12-30 23:21:49.656  2248  3086 I VrApi   : OVR::Stats thread stopped
12-30 23:21:50.109 26531 26556 I VrApi   : ---------- vrapi_EnterVrMode [start] ----------
12-30 23:21:50.110 26531 26556 D VrApi   : targetSDKVersion 29
12-30 23:21:50.137 26531 26556 I VrApi   : ovrModeParms::VRAPI_MODE_FLAG_RESET_WINDOW_FULLSCREEN = 0
12-30 23:21:50.137 26531 26556 I VrApi   : ovrModeParms::VRAPI_MODE_FLAG_NATIVE_WINDOW = 1
12-30 23:21:50.137 26531 26556 I VrApi   : ovrModeParms::VRAPI_MODE_FLAG_FRONT_BUFFER_SRGB = 0
12-30 23:21:50.137 26531 26556 I VrApi   : ovrModeParms::VRAPI_MODE_FLAG_PHASE_SYNC = 0
12-30 23:21:50.137 26531 26556 I VrApi   : ovrModeParms::VRAPI_MODE_FLAG_APP_SPACE_WARP = 0
12-30 23:21:50.137 26531 26556 I VrApi   : PhaseSync disabled
12-30 23:21:50.137 26531 26556 I VrApi   : HMD sensor attached.
12-30 23:21:50.140 26531 26556 I VrApi   : Creating Default swapchain
12-30 23:21:50.140 26531 26556 I VrApi   : Creating Loading Icon swapchain
12-30 23:21:50.140 26531 26556 I VrApi   : OVR::Stats thread started
12-30 23:21:50.140 26531 26556 I VrApi   : Initial BaseVsync 15646 
12-30 23:21:50.140 26531 26556 I VrApi   : ---------- vrapi_EnterVrMode [end] ----------
12-30 23:21:50.140 26531 26556 I VrApi   : vrapi_SetDisplayRefreshRate: display refresh rate supported 72.000000
12-30 23:21:50.144 26531 29190 D VrApi   : targetSDKVersion 29
12-30 23:21:50.151 26531 29190 D VrApi   : VrApi::isWifiConnected exception: Make sure android.permission.ACCESS_NETWORK_STATE is set in the manifest.
12-30 23:21:50.604 26531 26556 W VrApi   : ovr_SubmitFrameInternal: FrameIndex discontinuity: Expected 2436, Received 2437
12-30 23:21:50.622 26531 26556 W VrApi   : ovr_SubmitFrameInternal: FrameIndex discontinuity: Expected 2438, Received 2439
12-30 23:21:50.692 26531 26556 W VrApi   : ovr_SubmitFrameInternal: FrameIndex discontinuity: Expected 2443, Received 2444
12-30 23:21:50.831 26531 26556 W VrApi   : ovr_SubmitFrameInternal: FrameIndex discontinuity: Expected 2448, Received 2449
12-30 23:21:51.020 26531 26556 W VrApi   : ovr_SubmitFrameInternal: FrameIndex discontinuity: Expected 2457, Received 2458
12-30 23:21:51.654 26531 26556 W VrApi   : ovr_SubmitFrameInternal: FrameIndex discontinuity: Expected 2493, Received 2494
12-30 23:21:51.735 26531 26556 W VrApi   : ovr_SubmitFrameInternal: FrameIndex discontinuity: Expected 2498, Received 2499
12-30 23:21:51.832 26531 26556 W VrApi   : ovr_SubmitFrameInternal: FrameIndex discontinuity: Expected 2503, Received 2504
12-30 23:21:51.911 26531 26556 W VrApi   : ovr_SubmitFrameInternal: FrameIndex discontinuity: Expected 2506, Received 2507
12-30 23:21:52.006 26531 29190 I VrApi   : FPS=24/72,Prd=0ms,Tear=0,Early=0,Stale=37,VSnc=1,Lat=0,Fov=0,CPU4/GPU=3/2,1382/441MHz,OC=FF,TA=0/70/0,SP=N/F/N,Mem=1555MHz,Free=8448MB,PLS=0,Temp=25.7C/0.0C,TW=4.49ms,App=1.00ms,GD=0.00ms,CPU&GPU=13.72ms,LCnt=1(DR47,LM0),GPU%=0.39,CPU%=0.09(W0.17),DSF=1.00,CFL=16.94/21.84
12-30 23:21:52.386 26531 26556 W VrApi   : ovr_SubmitFrameInternal: FrameIndex discontinuity: Expected 2536, Received 2537
12-30 23:21:52.404 26531 26556 W VrApi   : ovr_SubmitFrameInternal: FrameIndex discontinuity: Expected 2538, Received 2539
12-30 23:21:52.516 26531 26556 W VrApi   : ovr_SubmitFrameInternal: FrameIndex discontinuity: Expected 2546, Received 2547
12-30 23:21:53.002 26531 29190 I VrApi   : FPS=51/72,Prd=0ms,Tear=0,Early=0,Stale=48,VSnc=1,Lat=0,Fov=0,CPU4/GPU=3/2,1382/441MHz,OC=FF,TA=0/70/0,SP=N/F/N,Mem=1555MHz,Free=8448MB,PLS=0,Temp=25.7C/0.0C,TW=4.26ms,App=1.20ms,GD=0.00ms,CPU&GPU=559.56ms,LCnt=1(DR72,LM0),GPU%=0.39,CPU%=0.05(W0.10),DSF=1.00,CFL=18.07/22.55
12-30 23:21:53.957 26531 26556 W VrApi   : ovr_SubmitFrameInternal: FrameIndex discontinuity: Expected 2648, Received 2649
12-30 23:21:54.002 26531 29190 I VrApi   : FPS=53/72,Prd=0ms,Tear=0,Early=0,Stale=37,VSnc=1,Lat=0,Fov=0,CPU4/GPU=3/2,1382/441MHz,OC=FF,TA=0/70/0,SP=N/F/N,Mem=1804MHz,Free=8448MB,PLS=0,Temp=25.7C/0.0C,TW=4.50ms,App=0.97ms,GD=0.00ms,CPU&GPU=17.88ms,LCnt=1(DR72,LM0),GPU%=0.39,CPU%=0.08(W0.10),DSF=1.00,CFL=17.98/22.24
12-30 23:21:54.284 26531 26556 W VrApi   : ovr_SubmitFrameInternal: FrameIndex discontinuity: Expected 2665, Received 2666
12-30 23:21:55.003 26531 29190 I VrApi   : FPS=71/72,Prd=0ms,Tear=0,Early=0,Stale=0,VSnc=1,Lat=0,Fov=0,CPU4/GPU=3/2,1382/441MHz,OC=FF,TA=0/70/0,SP=N/F/N,Mem=1804MHz,Free=8448MB,PLS=0,Temp=25.7C/0.0C,TW=4.33ms,App=1.14ms,GD=0.00ms,CPU&GPU=13.91ms,LCnt=1(DR72,LM0),GPU%=0.37,CPU%=0.12(W0.14),DSF=1.00,CFL=18.22/21.96
12-30 23:21:55.551 26531 26556 W VrApi   : ovr_SubmitFrameInternal: FrameIndex discontinuity: Expected 2751, Received 2752
