12-30 18:55:27.030 22053 22235 I VrApi   : FPS=73/72,Prd=0ms,Tear=0,Early=0,Stale=72,VSnc=1,Lat=0,Fov=0,CPU4/GPU=3/3,1382/490MHz,OC=FF,TA=0/70/0,SP=N/F/N,Mem=1555MHz,Free=7874MB,PLS=0,Temp=19.7C/0.0C,TW=3.91ms,App=1.09ms,GD=0.00ms,CPU&GPU=13.88ms,LCnt=1(DR72,LM0),GPU%=0.38,CPU%=0.09(W0.14),DSF=1.00,CFL=17.96/21.62
12-30 18:55:28.031 22053 22235 I VrApi   : FPS=73/72,Prd=0ms,Tear=0,Early=0,Stale=6,VSnc=1,Lat=0,Fov=0,CPU4/GPU=3/3,1382/490MHz,OC=FF,TA=0/70/0,SP=N/F/N,Mem=1555MHz,Free=7874MB,PLS=0,Temp=19.7C/0.0C,TW=3.93ms,App=0.85ms,GD=0.00ms,CPU&GPU=13.88ms,LCnt=1(DR72,LM0),GPU%=0.36,CPU%=0.09(W0.17),DSF=1.00,CFL=17.79/21.62
12-30 18:55:29.031 22053 22235 I VrApi   : FPS=72/72,Prd=0ms,Tear=0,Early=0,Stale=0,VSnc=1,Lat=0,Fov=0,CPU4/GPU=2/2,1171/441MHz,OC=FF,TA=0/70/0,SP=N/F/N,Mem=1555MHz,Free=7874MB,PLS=0,Temp=19.7C/0.0C,TW=4.34ms,App=1.02ms,GD=0.00ms,CPU&GPU=13.88ms,LCnt=1(DR72,LM0),GPU%=0.40,CPU%=0.11(W0.14),DSF=1.00,CFL=17.91/22.32
12-30 18:55:30.035 22053 22235 I VrApi   : FPS=73/72,Prd=0ms,Tear=0,Early=0,Stale=0,VSnc=1,Lat=0,Fov=0,CPU4/GPU=2/2,1171/441MHz,OC=FF,TA=0/70/0,SP=N/F/N,Mem=1555MHz,Free=7874MB,PLS=0,Temp=19.7C/0.0C,TW=4.34ms,App=1.14ms,GD=0.00ms,CPU&GPU=13.88ms,LCnt=1(DR72,LM0),GPU%=0.41,CPU%=0.11(W0.18),DSF=1.00,CFL=17.81/21.58
12-30 18:55:31.032 22053 22235 I VrApi   : FPS=72/72,Prd=0ms,Tear=0,Early=0,Stale=31,VSnc=1,Lat=0,Fov=0,CPU4/GPU=3/3,1382/490MHz,OC=FF,TA=0/70/0,SP=N/F/N,Mem=1555MHz,Free=7874MB,PLS=0,Temp=19.7C/0.0C,TW=3.93ms,App=1.07ms,GD=0.00ms,CPU&GPU=13.87ms,LCnt=1(DR72,LM0),GPU%=0.37,CPU%=0.08(W0.14),DSF=1.00,CFL=17.94/21.90
12-30 18:55:32.035 22053 22235 I VrApi   : FPS=72/72,Prd=0ms,Tear=0,Early=0,Stale=72,VSnc=1,Lat=0,Fov=0,CPU4/GPU=3/3,1382/490MHz,OC=FF,TA=0/70/0,SP=N/F/N,Mem=1555MHz,Free=7892MB,PLS=0,Temp=19.7C/0.0C,TW=3.93ms,App=1.01ms,GD=0.00ms,CPU&GPU=13.87ms,LCnt=1(DR72,LM0),GPU%=0.37,CPU%=0.05(W0.10),DSF=1.00,CFL=18.02/21.51
12-30 18:55:33.032 22053 22235 I VrApi   : FPS=72/72,Prd=0ms,Tear=0,Early=0,Stale=72,VSnc=1,Lat=0,Fov=0,CPU4/GPU=3/3,1382/490MHz,OC=FF,TA=0/70/0,SP=N/F/N,Mem=1555MHz,Free=7892MB,PLS=0,Temp=19.7C/0.0C,TW=3.91ms,App=1.05ms,GD=0.00ms,CPU&GPU=13.87ms,LCnt=1(DR72,LM0),GPU%=0.38,CPU%=0.11(W0.14),DSF=1.00,CFL=17.94/21.67
12-30 18:55:34.030 22053 22235 I VrApi   : FPS=72/72,Prd=0ms,Tear=0,Early=0,Stale=15,VSnc=1,Lat=0,Fov=0,CPU4/GPU=3/3,1382/490MHz,OC=FF,TA=0/70/0,SP=N/F/N,Mem=1555MHz,Free=7892MB,PLS=0,Temp=19.7C/0.0C,TW=3.92ms,App=0.91ms,GD=0.00ms,CPU&GPU=13.88ms,LCnt=1(DR72,LM0),GPU%=0.37,CPU%=0.09(W0.21),DSF=1.00,CFL=18.01/21.53
12-30 18:55:35.031 22053 22235 I VrApi   : FPS=73/72,Prd=0ms,Tear=0,Early=0,Stale=0,VSnc=1,Lat=0,Fov=0,CPU4/GPU=2/2,1171/441MHz,OC=FF,TA=0/70/0,SP=N/F/N,Mem=1555MHz,Free=7892MB,PLS=0,Temp=19.7C/0.0C,TW=4.29ms,App=0.96ms,GD=0.00ms,CPU&GPU=13.88ms,LCnt=1(DR72,LM0),GPU%=0.39,CPU%=0.07(W0.11),DSF=1.00,CFL=17.95/22.67
12-30 18:55:36.031 22053 22235 I VrApi   : FPS=73/72,Prd=0ms,Tear=0,Early=0,Stale=0,VSnc=1,Lat=0,Fov=0,CPU4/GPU=2/2,1171/441MHz,OC=FF,TA=0/70/0,SP=N/F/N,Mem=1555MHz,Free=7892MB,PLS=0,Temp=19.7C/0.0C,TW=4.33ms,App=1.12ms,GD=0.00ms,CPU&GPU=13.87ms,LCnt=1(DR72,LM0),GPU%=0.40,CPU%=0.12(W0.19),DSF=1.00,CFL=17.90/22.05
12-30 18:55:37.032 22053 22235 I VrApi   : FPS=73/72,Prd=0ms,Tear=0,Early=0,Stale=21,VSnc=1,Lat=0,Fov=0,CPU4/GPU=3/3,1382/490MHz,OC=FF,TA=0/70/0,SP=N/F/N,Mem=1555MHz,Free=7892MB,PLS=0,Temp=19.7C/0.0C,TW=3.93ms,App=1.14ms,GD=0.00ms,CPU&GPU=13.87ms,LCnt=1(DR72,LM0),GPU%=0.38,CPU%=0.10(W0.15),DSF=1.00,CFL=17.85/21.81
12-30 18:55:38.031 22053 22235 I VrApi   : FPS=73/72,Prd=0ms,Tear=0,Early=0,Stale=72,VSnc=1,Lat=0,Fov=0,CPU4/GPU=3/3,1382/490MHz,OC=FF,TA=0/70/0,SP=N/F/N,Mem=1555MHz,Free=7892MB,PLS=0,Temp=19.7C/0.0C,TW=3.93ms,App=1.05ms,GD=0.00ms,CPU&GPU=13.87ms,LCnt=1(DR72,LM0),GPU%=0.37,CPU%=0.10(W0.14),DSF=1.00,CFL=17.76/21.73
12-30 18:55:39.031 22053 22235 I VrApi   : FPS=72/72,Prd=0ms,Tear=0,Early=0,Stale=72,VSnc=1,Lat=0,Fov=0,CPU4/GPU=3/3,1382/490MHz,OC=FF,TA=0/70/0,SP=N/F/N,Mem=1804MHz,Free=7892MB,PLS=0,Temp=19.7C/0.0C,TW=3.91ms,App=1.01ms,GD=0.00ms,CPU&GPU=13.87ms,LCnt=1(DR72,LM0),GPU%=0.37,CPU%=0.06(W0.14),DSF=1.00,CFL=17.98/22.49
12-30 18:55:40.031 22053 22235 I VrApi   : FPS=73/72,Prd=0ms,Tear=0,Early=0,Stale=25,VSnc=1,Lat=0,Fov=0,CPU4/GPU=3/3,1382/490MHz,OC=FF,TA=0/70/0,SP=N/F/N,Mem=1555MHz,Free=7892MB,PLS=0,Temp=19.7C/0.0C,TW=3.92ms,App=0.85ms,GD=0.00ms,CPU&GPU=13.87ms,LCnt=1(DR72,LM0),GPU%=0.36,CPU%=0.10(W0.14),DSF=1.00,CFL=17.76/22.49
12-30 18:55:41.030 22053 22235 I VrApi   : FPS=72/72,Prd=0ms,Tear=0,Early=0,Stale=0,VSnc=1,Lat=0,Fov=0,CPU4/GPU=3/2,1171/441MHz,OC=FF,TA=0/70/0,SP=N/F/N,Mem=1555MHz,Free=7892MB,PLS=0,Temp=19.7C/0.0C,TW=4.09ms,App=1.00ms,GD=0.00ms,CPU&GPU=13.88ms,LCnt=1(DR72,LM0),GPU%=0.38,CPU%=0.08(W0.15),DSF=1.00,CFL=17.76/21.69
12-30 18:55:42.031 22053 22235 I VrApi   : FPS=72/72,Prd=0ms,Tear=0,Early=0,Stale=0,VSnc=1,Lat=0,Fov=0,CPU4/GPU=2/2,1171/441MHz,OC=FF,TA=0/70/0,SP=N/F/N,Mem=1555MHz,Free=7892MB,PLS=0,Temp=19.5C/0.0C,TW=4.33ms,App=1.10ms,GD=0.00ms,CPU&GPU=13.88ms,LCnt=1(DR72,LM0),GPU%=0.41,CPU%=0.14(W0.18),DSF=1.00,CFL=18.15/21.52
12-30 18:55:43.031 22053 22235 I VrApi   : FPS=73/72,Prd=0ms,Tear=0,Early=0,Stale=10,VSnc=1,Lat=0,Fov=0,CPU4/GPU=3/2,1382/490MHz,OC=FF,TA=0/70/0,SP=N/F/N,Mem=1555MHz,Free=7892MB,PLS=0,Temp=19.5C/0.0C,TW=4.34ms,App=1.04ms,GD=0.00ms,CPU&GPU=13.88ms,LCnt=1(DR72,LM0),GPU%=0.39,CPU%=0.12(W0.18),DSF=1.00,CFL=17.94/21.44
12-30 18:55:44.032 22053 22235 I VrApi   : FPS=73/72,Prd=0ms,Tear=0,Early=0,Stale=72,VSnc=1,Lat=0,Fov=0,CPU4/GPU=3/3,1382/490MHz,OC=FF,TA=0/70/0,SP=N/F/N,Mem=1555MHz,Free=7892MB,PLS=0,Temp=19.5C/0.0C,TW=3.92ms,App=1.00ms,GD=0.00ms,CPU&GPU=13.87ms,LCnt=1(DR72,LM0),GPU%=0.37,CPU%=0.07(W0.10),DSF=1.00,CFL=18.19/21.96
12-30 18:55:45.031 22053 22235 I VrApi   : FPS=73/72,Prd=0ms,Tear=0,Early=0,Stale=72,VSnc=1,Lat=0,Fov=0,CPU4/GPU=3/3,1382/490MHz,OC=FF,TA=0/70/0,SP=N/F/N,Mem=1804MHz,Free=7892MB,PLS=0,Temp=19.5C/0.0C,TW=3.92ms,App=1.05ms,GD=0.00ms,CPU&GPU=13.87ms,LCnt=1(DR72,LM0),GPU%=0.37,CPU%=0.16(W0.21),DSF=1.00,CFL=18.00/21.91
12-30 18:55:46.030 22053 22235 I VrApi   : FPS=73/72,Prd=0ms,Tear=0,Early=0,Stale=36,VSnc=1,Lat=0,Fov=0,CPU4/GPU=3/3,1382/490MHz,OC=FF,TA=0/70/0,SP=N/F/N,Mem=1555MHz,Free=7892MB,PLS=0,Temp=19.5C/0.0C,TW=3.93ms,App=0.96ms,GD=0.00ms,CPU&GPU=13.87ms,LCnt=1(DR72,LM0),GPU%=0.37,CPU%=0.06(W0.14),DSF=1.00,CFL=17.85/22.10
12-30 18:55:47.031 22053 22235 I VrApi   : FPS=72/72,Prd=0ms,Tear=0,Early=0,Stale=0,VSnc=1,Lat=0,Fov=0,CPU4/GPU=3/3,1382/441MHz,OC=FF,TA=0/70/0,SP=N/F/N,Mem=1555MHz,Free=7892MB,PLS=0,Temp=19.5C/0.0C,TW=3.92ms,App=0.89ms,GD=0.00ms,CPU&GPU=13.88ms,LCnt=1(DR72,LM0),GPU%=0.37,CPU%=0.10(W0.14),DSF=1.00,CFL=17.79/21.65
12-30 18:55:48.031 22053 22235 I VrApi   : FPS=72/72,Prd=0ms,Tear=0,Early=0,Stale=0,VSnc=1,Lat=0,Fov=0,CPU4/GPU=2/2,1171/441MHz,OC=FF,TA=0/70/0,SP=N/F/N,Mem=1555MHz,Free=7892MB,PLS=0,Temp=19.5C/0.0C,TW=4.34ms,App=1.11ms,GD=0.00ms,CPU&GPU=13.88ms,LCnt=1(DR72,LM0),GPU%=0.41,CPU%=0.05(W0.10),DSF=1.00,CFL=17.75/21.78
12-30 18:55:49.030 22053 22235 I VrApi   : FPS=73/72,Prd=0ms,Tear=0,Early=0,Stale=0,VSnc=1,Lat=0,Fov=0,CPU4/GPU=3/2,1382/490MHz,OC=FF,TA=0/70/0,SP=N/F/N,Mem=1555MHz,Free=7892MB,PLS=0,Temp=19.5C/0.0C,TW=4.35ms,App=1.13ms,GD=0.00ms,CPU&GPU=13.88ms,LCnt=1(DR72,LM0),GPU%=0.42,CPU%=0.09(W0.17),DSF=1.00,CFL=17.89/22.16
12-30 18:55:50.031 22053 22235 I VrApi   : FPS=72/72,Prd=0ms,Tear=0,Early=0,Stale=71,VSnc=1,Lat=0,Fov=0,CPU4/GPU=3/3,1382/490MHz,OC=FF,TA=0/70/0,SP=N/F/N,Mem=1804MHz,Free=7892MB,PLS=0,Temp=19.5C/0.0C,TW=3.93ms,App=1.06ms,GD=0.00ms,CPU&GPU=13.87ms,LCnt=1(DR72,LM0),GPU%=0.37,CPU%=0.07(W0.15),DSF=1.00,CFL=17.84/22.39
12-30 18:55:51.031 22053 22235 I VrApi   : FPS=73/72,Prd=0ms,Tear=0,Early=0,Stale=72,VSnc=1,Lat=0,Fov=0,CPU4/GPU=3/3,1382/490MHz,OC=FF,TA=0/70/0,SP=N/F/N,Mem=1804MHz,Free=7892MB,PLS=0,Temp=19.5C/0.0C,TW=3.92ms,App=1.00ms,GD=0.00ms,CPU&GPU=13.87ms,LCnt=1(DR72,LM0),GPU%=0.37,CPU%=0.13(W0.25),DSF=1.00,CFL=18.15/22.04
12-30 18:55:52.034 22053 22235 I VrApi   : FPS=72/72,Prd=0ms,Tear=0,Early=0,Stale=47,VSnc=1,Lat=0,Fov=0,CPU4/GPU=3/3,1382/490MHz,OC=FF,TA=0/70/0,SP=N/F/N,Mem=1804MHz,Free=7880MB,PLS=0,Temp=19.5C/0.0C,TW=3.92ms,App=0.97ms,GD=0.00ms,CPU&GPU=13.87ms,LCnt=1(DR72,LM0),GPU%=0.37,CPU%=0.09(W0.17),DSF=1.00,CFL=17.96/21.81
12-30 18:55:53.031 22053 22235 I VrApi   : FPS=73/72,Prd=0ms,Tear=0,Early=0,Stale=0,VSnc=1,Lat=0,Fov=0,CPU4/GPU=3/3,1382/490MHz,OC=FF,TA=0/70/0,SP=N/F/N,Mem=1804MHz,Free=7880MB,PLS=0,Temp=19.5C/0.0C,TW=3.92ms,App=0.82ms,GD=0.00ms,CPU&GPU=13.88ms,LCnt=1(DR72,LM0),GPU%=0.36,CPU%=0.14(W0.18),DSF=1.00,CFL=18.10/21.87
12-30 18:55:54.031 22053 22235 I VrApi   : FPS=72/72,Prd=0ms,Tear=0,Early=0,Stale=0,VSnc=1,Lat=0,Fov=0,CPU4/GPU=2/2,1171/441MHz,OC=FF,TA=0/70/0,SP=N/F/N,Mem=1555MHz,Free=7880MB,PLS=0,Temp=19.5C/0.0C,TW=4.35ms,App=1.15ms,GD=0.00ms,CPU&GPU=13.88ms,LCnt=1(DR72,LM0),GPU%=0.41,CPU%=0.08(W0.14),DSF=1.00,CFL=17.98/21.52
12-30 18:55:55.030 22053 22235 I VrApi   : FPS=73/72,Prd=0ms,Tear=0,Early=0,Stale=0,VSnc=1,Lat=0,Fov=0,CPU4/GPU=3/2,1382/441MHz,OC=FF,TA=0/70/0,SP=N/F/N,Mem=1555MHz,Free=7880MB,PLS=0,Temp=19.5C/0.0C,TW=4.34ms,App=1.13ms,GD=0.00ms,CPU&GPU=13.87ms,LCnt=1(DR72,LM0),GPU%=0.41,CPU%=0.14(W0.18),DSF=1.00,CFL=18.10/21.82
12-30 18:55:56.031 22053 22235 I VrApi   : FPS=73/72,Prd=0ms,Tear=0,Early=0,Stale=61,VSnc=1,Lat=0,Fov=0,CPU4/GPU=3/3,1382/490MHz,OC=FF,TA=0/70/0,SP=N/F/N,Mem=1555MHz,Free=7880MB,PLS=0,Temp=19.5C/0.0C,TW=3.93ms,App=1.00ms,GD=0.00ms,CPU&GPU=13.87ms,LCnt=1(DR72,LM0),GPU%=0.37,CPU%=0.08(W0.14),DSF=1.00,CFL=18.16/22.17
12-30 18:55:57.034 22053 22235 I VrApi   : FPS=73/72,Prd=0ms,Tear=0,Early=0,Stale=72,VSnc=1,Lat=0,Fov=0,CPU4/GPU=3/3,1382/490MHz,OC=FF,TA=0/70/0,SP=N/F/N,Mem=1555MHz,Free=7880MB,PLS=0,Temp=19.5C/0.0C,TW=3.92ms,App=1.02ms,GD=0.00ms,CPU&GPU=13.86ms,LCnt=1(DR72,LM0),GPU%=0.37,CPU%=0.11(W0.18),DSF=1.00,CFL=18.01/21.91
12-30 18:55:58.031 22053 22235 I VrApi   : FPS=73/72,Prd=0ms,Tear=0,Early=0,Stale=56,VSnc=1,Lat=0,Fov=0,CPU4/GPU=3/3,1382/490MHz,OC=FF,TA=0/70/0,SP=N/F/N,Mem=1555MHz,Free=7880MB,PLS=0,Temp=19.5C/0.0C,TW=3.77ms,App=1.04ms,GD=0.00ms,CPU&GPU=13.88ms,LCnt=1(DR72,LM0),GPU%=0.38,CPU%=0.03(W0.05),DSF=1.00,CFL=18.03/21.59
12-30 18:55:59.033 22053 22235 I VrApi   : FPS=72/72,Prd=0ms,Tear=0,Early=0,Stale=0,VSnc=1,Lat=0,Fov=0,CPU4/GPU=3/3,1382/490MHz,OC=FF,TA=0/70/0,SP=N/F/N,Mem=1555MHz,Free=7880MB,PLS=0,Temp=19.5C/0.0C,TW=3.92ms,App=0.86ms,GD=0.00ms,CPU&GPU=13.90ms,LCnt=1(DR72,LM0),GPU%=0.36,CPU%=0.05(W0.10),DSF=1.00,CFL=17.92/21.82
12-30 18:56:00.036 22053 22235 I VrApi   : FPS=73/72,Prd=0ms,Tear=0,Early=0,Stale=0,VSnc=1,Lat=0,Fov=0,CPU4/GPU=2/2,1171/441MHz,OC=FF,TA=0/70/0,SP=N/F/N,Mem=2092MHz,Free=7880MB,PLS=0,Temp=19.5C/0.0C,TW=4.33ms,App=1.07ms,GD=0.00ms,CPU&GPU=13.88ms,LCnt=1(DR72,LM0),GPU%=0.41,CPU%=0.10(W0.29),DSF=1.00,CFL=18.00/21.69
12-30 18:56:01.032 22053 22235 I VrApi   : FPS=73/72,Prd=0ms,Tear=0,Early=0,Stale=0,VSnc=1,Lat=0,Fov=0,CPU4/GPU=3/2,1382/441MHz,OC=FF,TA=0/70/0,SP=N/F/N,Mem=1555MHz,Free=7880MB,PLS=0,Temp=19.5C/0.0C,TW=4.34ms,App=1.14ms,GD=0.00ms,CPU&GPU=13.88ms,LCnt=1(DR72,LM0),GPU%=0.41,CPU%=0.09(W0.18),DSF=1.00,CFL=18.02/22.15
12-30 18:56:02.031 22053 22235 I VrApi   : FPS=73/72,Prd=0ms,Tear=0,Early=0,Stale=50,VSnc=1,Lat=0,Fov=0,CPU4/GPU=3/3,1382/490MHz,OC=FF,TA=0/70/0,SP=N/F/N,Mem=1555MHz,Free=7880MB,PLS=0,Temp=19.5C/0.0C,TW=3.93ms,App=1.03ms,GD=0.00ms,CPU&GPU=13.88ms,LCnt=1(DR72,LM0),GPU%=0.37,CPU%=0.08(W0.14),DSF=1.00,CFL=17.85/21.88
12-30 18:56:03.031 22053 22235 I VrApi   : FPS=73/72,Prd=0ms,Tear=0,Early=0,Stale=72,VSnc=1,Lat=0,Fov=0,CPU4/GPU=3/3,1382/490MHz,OC=FF,TA=0/70/0,SP=N/F/N,Mem=2092MHz,Free=7880MB,PLS=0,Temp=19.5C/0.0C,TW=3.93ms,App=1.00ms,GD=0.00ms,CPU&GPU=13.87ms,LCnt=1(DR72,LM0),GPU%=0.37,CPU%=0.07(W0.10),DSF=1.00,CFL=17.85/21.91
12-30 18:56:04.031 22053 22235 I VrApi   : FPS=73/72,Prd=0ms,Tear=0,Early=0,Stale=67,VSnc=1,Lat=0,Fov=0,CPU4/GPU=3/3,1382/490MHz,OC=FF,TA=0/70/0,SP=N/F/N,Mem=2092MHz,Free=7880MB,PLS=0,Temp=19.5C/0.0C,TW=3.94ms,App=1.10ms,GD=0.00ms,CPU&GPU=13.87ms,LCnt=1(DR72,LM0),GPU%=0.37,CPU%=0.10(W0.14),DSF=1.00,CFL=17.91/21.94
12-30 18:56:05.032 22053 22235 I VrApi   : FPS=73/72,Prd=0ms,Tear=0,Early=0,Stale=0,VSnc=1,Lat=0,Fov=0,CPU4/GPU=3/3,1382/490MHz,OC=FF,TA=0/70/0,SP=N/F/N,Mem=2092MHz,Free=7880MB,PLS=0,Temp=19.5C/0.0C,TW=3.91ms,App=0.86ms,GD=0.00ms,CPU&GPU=13.88ms,LCnt=1(DR72,LM0),GPU%=0.36,CPU%=0.03(W0.10),DSF=1.00,CFL=17.99/21.42
12-30 18:56:06.032 22053 22235 I VrApi   : FPS=73/72,Prd=0ms,Tear=0,Early=0,Stale=0,VSnc=1,Lat=0,Fov=0,CPU4/GPU=2/2,1171/441MHz,OC=FF,TA=0/70/0,SP=N/F/N,Mem=2092MHz,Free=7880MB,PLS=0,Temp=19.5C/0.0C,TW=4.34ms,App=1.05ms,GD=0.00ms,CPU&GPU=13.88ms,LCnt=1(DR72,LM0),GPU%=0.41,CPU%=0.15(W0.27),DSF=1.00,CFL=17.84/21.78
12-30 18:56:07.031 22053 22235 I VrApi   : FPS=73/72,Prd=0ms,Tear=0,Early=0,Stale=0,VSnc=1,Lat=0,Fov=0,CPU4/GPU=2/2,1171/441MHz,OC=FF,TA=0/70/0,SP=N/F/N,Mem=2092MHz,Free=7880MB,PLS=0,Temp=19.5C/0.0C,TW=4.33ms,App=1.16ms,GD=0.00ms,CPU&GPU=13.88ms,LCnt=1(DR72,LM0),GPU%=0.41,CPU%=0.03(W0.05),DSF=1.00,CFL=17.90/21.42
12-30 18:56:08.034 22053 22235 I VrApi   : FPS=72/72,Prd=0ms,Tear=0,Early=0,Stale=40,VSnc=1,Lat=0,Fov=0,CPU4/GPU=3/3,1382/490MHz,OC=FF,TA=0/70/0,SP=N/F/N,Mem=2092MHz,Free=7880MB,PLS=0,Temp=19.5C/0.0C,TW=3.93ms,App=1.10ms,GD=0.00ms,CPU&GPU=13.88ms,LCnt=1(DR72,LM0),GPU%=0.38,CPU%=0.12(W0.22),DSF=1.00,CFL=17.71/22.26
12-30 18:56:09.032 22053 22235 I VrApi   : FPS=73/72,Prd=0ms,Tear=0,Early=0,Stale=72,VSnc=1,Lat=0,Fov=0,CPU4/GPU=3/3,1382/490MHz,OC=FF,TA=0/70/0,SP=N/F/N,Mem=2092MHz,Free=7880MB,PLS=0,Temp=19.7C/0.0C,TW=3.91ms,App=1.08ms,GD=0.00ms,CPU&GPU=13.87ms,LCnt=1(DR72,LM0),GPU%=0.37,CPU%=0.07(W0.10),DSF=1.00,CFL=17.86/21.87
12-30 18:56:10.031 22053 22235 I VrApi   : FPS=73/72,Prd=0ms,Tear=0,Early=0,Stale=72,VSnc=1,Lat=0,Fov=0,CPU4/GPU=3/3,1382/490MHz,OC=FF,TA=0/70/0,SP=N/F/N,Mem=2092MHz,Free=7880MB,PLS=0,Temp=19.7C/0.0C,TW=3.92ms,App=1.04ms,GD=0.00ms,CPU&GPU=13.87ms,LCnt=1(DR72,LM0),GPU%=0.37,CPU%=0.10(W0.25),DSF=1.00,CFL=18.10/22.09
12-30 18:56:11.031 22053 22235 I VrApi   : FPS=73/72,Prd=0ms,Tear=0,Early=0,Stale=7,VSnc=1,Lat=0,Fov=0,CPU4/GPU=3/3,1382/490MHz,OC=FF,TA=0/70/0,SP=N/F/N,Mem=2092MHz,Free=7880MB,PLS=0,Temp=19.7C/0.0C,TW=3.93ms,App=0.87ms,GD=0.00ms,CPU&GPU=13.88ms,LCnt=1(DR72,LM0),GPU%=0.36,CPU%=0.10(W0.14),DSF=1.00,CFL=17.86/21.77
12-30 18:56:12.044 22053 22235 I VrApi   : FPS=73/72,Prd=0ms,Tear=0,Early=0,Stale=0,VSnc=1,Lat=0,Fov=0,CPU4/GPU=2/3,1171/490MHz,OC=FF,TA=0/70/0,SP=N/F/N,Mem=2092MHz,Free=7881MB,PLS=0,Temp=19.7C/0.0C,TW=3.97ms,App=1.04ms,GD=0.00ms,CPU&GPU=13.88ms,LCnt=1(DR72,LM0),GPU%=0.38,CPU%=0.13(W0.14),DSF=1.00,CFL=18.02/21.52
12-30 18:56:13.032 22053 22235 I VrApi   : FPS=72/72,Prd=0ms,Tear=0,Early=0,Stale=0,VSnc=1,Lat=0,Fov=0,CPU4/GPU=2/3,1171/490MHz,OC=FF,TA=0/70/0,SP=N/F/N,Mem=2092MHz,Free=7881MB,PLS=0,Temp=19.7C/0.0C,TW=3.93ms,App=1.00ms,GD=0.00ms,CPU&GPU=13.88ms,LCnt=1(DR72,LM0),GPU%=0.38,CPU%=0.10(W0.14),DSF=1.00,CFL=17.90/21.57
12-30 18:56:14.034 22053 22235 I VrApi   : FPS=73/72,Prd=0ms,Tear=0,Early=0,Stale=29,VSnc=1,Lat=0,Fov=0,CPU4/GPU=3/3,1382/490MHz,OC=FF,TA=0/70/0,SP=N/F/N,Mem=2092MHz,Free=7881MB,PLS=0,Temp=19.7C/0.0C,TW=3.92ms,App=0.83ms,GD=0.00ms,CPU&GPU=13.88ms,LCnt=1(DR72,LM0),GPU%=0.36,CPU%=0.05(W0.05),DSF=1.00,CFL=17.86/21.63
12-30 18:56:15.032 22053 22235 I VrApi   : FPS=73/72,Prd=0ms,Tear=0,Early=0,Stale=72,VSnc=1,Lat=0,Fov=0,CPU4/GPU=3/3,1382/490MHz,OC=FF,TA=0/70/0,SP=N/F/N,Mem=1555MHz,Free=7881MB,PLS=0,Temp=19.7C/0.0C,TW=3.93ms,App=0.90ms,GD=0.00ms,CPU&GPU=13.87ms,LCnt=1(DR72,LM0),GPU%=0.36,CPU%=0.15(W0.17),DSF=1.00,CFL=17.84/21.59
12-30 18:56:16.039 22053 22235 I VrApi   : FPS=73/72,Prd=0ms,Tear=0,Early=0,Stale=72,VSnc=1,Lat=0,Fov=0,CPU4/GPU=3/3,1382/490MHz,OC=FF,TA=0/70/0,SP=N/F/N,Mem=1555MHz,Free=7881MB,PLS=0,Temp=19.7C/0.0C,TW=3.92ms,App=0.92ms,GD=0.00ms,CPU&GPU=13.88ms,LCnt=1(DR72,LM0),GPU%=0.37,CPU%=0.05(W0.10),DSF=1.00,CFL=17.92/21.85
12-30 18:56:17.032 22053 22235 I VrApi   : FPS=73/72,Prd=0ms,Tear=0,Early=0,Stale=19,VSnc=1,Lat=0,Fov=0,CPU4/GPU=3/3,1382/490MHz,OC=FF,TA=0/70/0,SP=N/F/N,Mem=2092MHz,Free=7881MB,PLS=0,Temp=19.7C/0.0C,TW=3.93ms,App=1.11ms,GD=0.00ms,CPU&GPU=13.36ms,LCnt=1(DR72,LM0),GPU%=0.38,CPU%=0.11(W0.17),DSF=1.00,CFL=18.09/21.78
12-30 18:56:17.592 22053 22077 W VrApi   : ovr_SubmitFrameInternal: FrameIndex discontinuity: Expected 34993, Received 34994
12-30 18:56:18.032 22053 22235 I VrApi   : FPS=73/72,Prd=0ms,Tear=0,Early=0,Stale=0,VSnc=1,Lat=0,Fov=0,CPU4/GPU=3/2,1171/441MHz,OC=FF,TA=0/70/0,SP=N/F/N,Mem=2092MHz,Free=7881MB,PLS=0,Temp=19.7C/0.0C,TW=4.08ms,App=1.16ms,GD=0.00ms,CPU&GPU=11.13ms,LCnt=1(DR72,LM0),GPU%=0.38,CPU%=0.11(W0.15),DSF=1.00,CFL=17.86/21.46
12-30 18:56:19.032 22053 22235 I VrApi   : FPS=73/72,Prd=0ms,Tear=0,Early=22,Stale=1,VSnc=1,Lat=0,Fov=0,CPU4/GPU=2/2,1171/441MHz,OC=FF,TA=0/70/0,SP=N/F/N,Mem=2092MHz,Free=7881MB,PLS=0,Temp=19.7C/0.0C,TW=1.25ms,App=0.00ms,GD=0.00ms,CPU&GPU=9.47ms,LCnt=2(DR50,LM0),GPU%=0.10,CPU%=0.07(W0.17),DSF=1.00,CFL=17.86/21.63
12-30 18:56:20.032 22053 22235 I VrApi   : FPS=72/72,Prd=0ms,Tear=0,Early=72,Stale=0,VSnc=1,Lat=0,Fov=0,CPU4/GPU=2/2,1171/441MHz,OC=FF,TA=0/70/0,SP=N/F/N,Mem=2092MHz,Free=7881MB,PLS=0,Temp=19.7C/0.0C,TW=1.25ms,App=0.00ms,GD=0.00ms,CPU&GPU=0.21ms,LCnt=2(DR0,LM0),GPU%=0.10,CPU%=0.09(W0.18),DSF=1.00,CFL=17.74/21.59
12-30 18:56:20.958  2228  2692 D VrApi   : targetSDKVersion 29
12-30 18:56:21.035 22053 22235 I VrApi   : FPS=72/72,Prd=0ms,Tear=0,Early=72,Stale=0,VSnc=1,Lat=0,Fov=0,CPU4/GPU=2/2,1478/525MHz,OC=FF,TA=0/70/0,SP=N/F/N,Mem=2092MHz,Free=7881MB,PLS=0,Temp=19.7C/0.0C,TW=2.67ms,App=0.00ms,GD=0.00ms,CPU&GPU=0.21ms,LCnt=3(DR0,LM0),GPU%=0.32,CPU%=0.06(W0.09),DSF=1.00,CFL=17.92/21.77
12-30 18:56:21.049 22053 22077 W VrApi   : ovr_SubmitFrameInternal: FrameIndex discontinuity: Expected 35244, Received 35243
12-30 18:56:21.065 22053 22077 I VrApi   : ---------- vrapi_LeaveVrMode [start] ----------
12-30 18:56:21.067 22053 22077 D VrApi   : targetSDKVersion 29
12-30 18:56:21.068  2228  2692 I VrApi   : OVR::Stats thread started
12-30 18:56:21.075 22053 22235 I VrApi   : FPS=72/72,Prd=0ms,Tear=0,Early=72,Stale=0,VSnc=1,Lat=0,Fov=0,CPU4/GPU=2/2,1478/525MHz,OC=FF,TA=0/70/0,SP=N/F/N,Mem=2092MHz,Free=7881MB,PLS=0,Temp=19.7C/0.0C,TW=2.67ms,App=0.00ms,GD=0.00ms,CPU&GPU=0.21ms,LCnt=3(DR0,LM0),GPU%=0.32,CPU%=0.06(W0.09),DSF=1.00,CFL=17.92/21.77
12-30 18:56:21.077 22053 22077 I VrApi   : OVR::Stats thread stopped
12-30 18:56:21.083  2228 32180 D VrApi   : targetSDKVersion 29
12-30 18:56:21.097 22053 22077 I VrApi   : ---------- vrapi_LeaveVrMode [end] ----------
12-30 18:56:33.328  2228  2692 D VrApi   : targetSDKVersion 29
12-30 18:56:33.389  2228  2692 I VrApi   : OVR::Stats thread stopped
12-30 18:56:40.389 22053 22077 I VrApi   : ---------- vrapi_EnterVrMode [start] ----------
12-30 18:56:40.393 22053 22077 D VrApi   : targetSDKVersion 29
12-30 18:56:40.400 22053 22077 I VrApi   : ovrModeParms::VRAPI_MODE_FLAG_RESET_WINDOW_FULLSCREEN = 0
12-30 18:56:40.400 22053 22077 I VrApi   : ovrModeParms::VRAPI_MODE_FLAG_NATIVE_WINDOW = 1
12-30 18:56:40.400 22053 22077 I VrApi   : ovrModeParms::VRAPI_MODE_FLAG_FRONT_BUFFER_SRGB = 0
12-30 18:56:40.400 22053 22077 I VrApi   : ovrModeParms::VRAPI_MODE_FLAG_PHASE_SYNC = 0
12-30 18:56:40.400 22053 22077 I VrApi   : ovrModeParms::VRAPI_MODE_FLAG_APP_SPACE_WARP = 0
12-30 18:56:40.400 22053 22077 I VrApi   : PhaseSync disabled
12-30 18:56:40.400 22053 22077 I VrApi   : HMD sensor attached.
12-30 18:56:40.415 22053 22077 W VrApi   : GetSpecialSwapChain: response.SwapChainId == -1
12-30 18:56:40.415 22053 22077 W VrApi   : GetSpecialSwapChain: response.SwapChainId == -1
12-30 18:56:40.416 22053 22077 I VrApi   : OVR::Stats thread started
12-30 18:56:40.416 22053 22077 I VrApi   : Initial BaseVsync 38865 
12-30 18:56:40.416 22053 22077 I VrApi   : ---------- vrapi_EnterVrMode [end] ----------
12-30 18:56:40.416 22053 22077 I VrApi   : vrapi_SetDisplayRefreshRate: display refresh rate supported 72.000000
12-30 18:56:40.417 22053 32723 D VrApi   : targetSDKVersion 29
12-30 18:56:40.427 22053 32723 D VrApi   : VrApi::isWifiConnected exception: Make sure android.permission.ACCESS_NETWORK_STATE is set in the manifest.
12-30 18:56:40.903 22053 22077 I VrApi   : Creating Default swapchain
12-30 18:56:40.903 22053 22077 W VrApi   : Warning: app-submitted vsync 45 for display time 42942.212s exceeds max future display vsync -- clamping to 34
12-30 18:56:40.927 22053 22077 W VrApi   : ovr_SubmitFrameInternal: FrameIndex discontinuity: Expected 35246, Received 35247
12-30 18:56:42.007 22053 32723 I VrApi   : FPS=58/72,Prd=0ms,Tear=0,Early=0,Stale=0,VSnc=1,Lat=0,Fov=0,CPU4/GPU=2/2,1171/441MHz,OC=FF,TA=0/70/0,SP=N/F/N,Mem=1555MHz,Free=7957MB,PLS=0,Temp=19.5C/0.0C,TW=5.61ms,App=0.86ms,GD=0.00ms,CPU&GPU=327.12ms,LCnt=1(DR0,LM0),GPU%=0.48,CPU%=0.09(W0.17),DSF=1.00,CFL=-1000.00/-1000.00
12-30 18:56:43.003 22053 32723 I VrApi   : FPS=72/72,Prd=0ms,Tear=0,Early=0,Stale=0,VSnc=1,Lat=0,Fov=0,CPU4/GPU=2/2,1171/441MHz,OC=FF,TA=0/70/0,SP=N/F/N,Mem=2092MHz,Free=7957MB,PLS=0,Temp=19.5C/0.0C,TW=5.61ms,App=1.09ms,GD=0.00ms,CPU&GPU=13.88ms,LCnt=3(DR0,LM2),GPU%=0.50,CPU%=0.08(W0.14),DSF=1.00,CFL=17.79/21.96
12-30 18:56:44.003 22053 32723 I VrApi   : FPS=73/72,Prd=0ms,Tear=0,Early=0,Stale=0,VSnc=1,Lat=0,Fov=0,CPU4/GPU=2/2,1171/441MHz,OC=FF,TA=0/70/0,SP=N/F/N,Mem=2092MHz,Free=7957MB,PLS=0,Temp=19.5C/0.0C,TW=6.50ms,App=0.88ms,GD=0.30ms,CPU&GPU=13.88ms,LCnt=3(DR0,LM2),GPU%=0.70,CPU%=0.11(W0.18),DSF=1.00,CFL=17.91/21.67
12-30 18:56:45.004 22053 32723 I VrApi   : FPS=73/72,Prd=0ms,Tear=0,Early=0,Stale=0,VSnc=1,Lat=0,Fov=0,CPU4/GPU=2/2,1171/441MHz,OC=FF,TA=0/70/0,SP=N/F/N,Mem=2092MHz,Free=7957MB,PLS=0,Temp=19.5C/0.0C,TW=6.43ms,App=1.04ms,GD=0.30ms,CPU&GPU=13.88ms,LCnt=3(DR0,LM2),GPU%=0.58,CPU%=0.10(W0.14),DSF=1.00,CFL=15.43/21.73
12-30 18:56:46.003 22053 32723 I VrApi   : FPS=73/72,Prd=0ms,Tear=0,Early=0,Stale=0,VSnc=1,Lat=0,Fov=0,CPU4/GPU=2/2,1171/441MHz,OC=FF,TA=0/70/0,SP=N/F/N,Mem=2092MHz,Free=7957MB,PLS=0,Temp=19.5C/0.0C,TW=6.35ms,App=1.01ms,GD=0.27ms,CPU&GPU=13.87ms,LCnt=2(DR0,LM0),GPU%=0.56,CPU%=0.13(W0.21),DSF=1.00,CFL=15.95/21.82
12-30 18:56:47.002 22053 32723 I VrApi   : FPS=73/72,Prd=0ms,Tear=0,Early=0,Stale=0,VSnc=1,Lat=0,Fov=0,CPU4/GPU=2/2,1171/441MHz,OC=FF,TA=0/70/0,SP=N/F/N,Mem=1555MHz,Free=7957MB,PLS=0,Temp=19.5C/0.0C,TW=6.33ms,App=0.97ms,GD=0.26ms,CPU&GPU=13.87ms,LCnt=2(DR0,LM0),GPU%=0.56,CPU%=0.13(W0.14),DSF=1.00,CFL=17.85/21.95
12-30 18:56:48.003 22053 32723 I VrApi   : FPS=72/72,Prd=0ms,Tear=0,Early=0,Stale=0,VSnc=1,Lat=0,Fov=0,CPU4/GPU=2/2,1171/441MHz,OC=FF,TA=0/70/0,SP=N/F/N,Mem=1555MHz,Free=7957MB,PLS=0,Temp=19.5C/0.0C,TW=6.31ms,App=0.95ms,GD=0.22ms,CPU&GPU=13.88ms,LCnt=2(DR0,LM0),GPU%=0.55,CPU%=0.10(W0.10),DSF=1.00,CFL=17.80/21.82
12-30 18:56:49.003 22053 32723 I VrApi   : FPS=72/72,Prd=0ms,Tear=0,Early=0,Stale=0,VSnc=1,Lat=0,Fov=0,CPU4/GPU=2/2,1171/441MHz,OC=FF,TA=0/70/0,SP=N/F/N,Mem=2092MHz,Free=7957MB,PLS=0,Temp=19.5C/0.0C,TW=6.34ms,App=1.13ms,GD=0.33ms,CPU&GPU=13.88ms,LCnt=2(DR0,LM0),GPU%=0.58,CPU%=0.15(W0.25),DSF=1.00,CFL=18.00/21.80
12-30 18:56:50.005 22053 32723 I VrApi   : FPS=73/72,Prd=0ms,Tear=0,Early=0,Stale=0,VSnc=1,Lat=0,Fov=0,CPU4/GPU=2/2,1171/441MHz,OC=FF,TA=0/70/0,SP=N/F/N,Mem=2092MHz,Free=7957MB,PLS=0,Temp=19.5C/0.0C,TW=6.34ms,App=0.80ms,GD=0.27ms,CPU&GPU=13.88ms,LCnt=2(DR0,LM0),GPU%=0.55,CPU%=0.13(W0.19),DSF=1.00,CFL=18.10/22.39
12-30 18:56:51.005 22053 32723 I VrApi   : FPS=72/72,Prd=0ms,Tear=0,Early=0,Stale=0,VSnc=1,Lat=0,Fov=0,CPU4/GPU=2/2,1171/441MHz,OC=FF,TA=0/70/0,SP=N/F/N,Mem=2092MHz,Free=7957MB,PLS=0,Temp=19.7C/0.0C,TW=6.32ms,App=0.95ms,GD=0.29ms,CPU&GPU=13.88ms,LCnt=2(DR0,LM0),GPU%=0.55,CPU%=0.18(W0.25),DSF=1.00,CFL=17.91/21.65
12-30 18:56:52.003 22053 32723 I VrApi   : FPS=73/72,Prd=0ms,Tear=0,Early=0,Stale=0,VSnc=1,Lat=0,Fov=0,CPU4/GPU=2/2,1171/441MHz,OC=FF,TA=0/70/0,SP=N/F/N,Mem=2092MHz,Free=7957MB,PLS=0,Temp=19.7C/0.0C,TW=6.31ms,App=1.00ms,GD=0.31ms,CPU&GPU=13.87ms,LCnt=2(DR0,LM0),GPU%=0.56,CPU%=0.14(W0.19),DSF=1.00,CFL=17.93/21.66
12-30 18:56:53.007 22053 32723 I VrApi   : FPS=73/72,Prd=0ms,Tear=0,Early=0,Stale=0,VSnc=1,Lat=0,Fov=0,CPU4/GPU=2/2,1171/441MHz,OC=FF,TA=0/70/0,SP=N/F/N,Mem=2092MHz,Free=7957MB,PLS=0,Temp=19.7C/0.0C,TW=6.31ms,App=1.09ms,GD=0.32ms,CPU&GPU=13.87ms,LCnt=2(DR0,LM0),GPU%=0.57,CPU%=0.12(W0.14),DSF=1.00,CFL=17.77/21.80
12-30 18:56:54.009 22053 32723 I VrApi   : FPS=73/72,Prd=0ms,Tear=0,Early=0,Stale=0,VSnc=1,Lat=0,Fov=0,CPU4/GPU=2/2,1171/441MHz,OC=FF,TA=0/70/0,SP=N/F/N,Mem=2092MHz,Free=7957MB,PLS=0,Temp=19.7C/0.0C,TW=6.31ms,App=1.14ms,GD=0.32ms,CPU&GPU=13.88ms,LCnt=2(DR0,LM0),GPU%=0.58,CPU%=0.08(W0.14),DSF=1.00,CFL=17.89/21.78
12-30 18:56:55.007 22053 32723 I VrApi   : FPS=73/72,Prd=0ms,Tear=0,Early=0,Stale=0,VSnc=1,Lat=0,Fov=0,CPU4/GPU=2/2,1171/441MHz,OC=FF,TA=0/70/0,SP=N/F/N,Mem=2092MHz,Free=7957MB,PLS=0,Temp=19.7C/0.0C,TW=6.33ms,App=0.85ms,GD=0.33ms,CPU&GPU=13.88ms,LCnt=2(DR0,LM0),GPU%=0.57,CPU%=0.10(W0.14),DSF=1.00,CFL=17.94/22.07
12-30 18:56:56.006 22053 32723 I VrApi   : FPS=72/72,Prd=0ms,Tear=0,Early=0,Stale=0,VSnc=1,Lat=0,Fov=0,CPU4/GPU=2/2,1171/441MHz,OC=FF,TA=0/70/0,SP=N/F/N,Mem=2092MHz,Free=7957MB,PLS=0,Temp=19.7C/0.0C,TW=6.34ms,App=0.82ms,GD=0.32ms,CPU&GPU=13.88ms,LCnt=2(DR0,LM0),GPU%=0.56,CPU%=0.11(W0.14),DSF=1.00,CFL=17.85/22.18
12-30 18:56:56.927 22053 22077 W VrApi   : ovr_SubmitFrameInternal: FrameIndex discontinuity: Expected 36400, Received 36399
12-30 18:56:56.927 22053 22077 W VrApi   : Warning: app-submitted vsync 1196 for display time 42958.238s exceeds max future display vsync -- clamping to 1185
12-30 18:56:56.934 22053 22077 I VrApi   : ---------- vrapi_LeaveVrMode [start] ----------
12-30 18:56:56.941 22053 22077 D VrApi   : targetSDKVersion 29
12-30 18:56:56.949 22053 32723 I VrApi   : FPS=73/72,Prd=0ms,Tear=0,Early=0,Stale=0,VSnc=1,Lat=0,Fov=0,CPU4/GPU=2/2,1171/441MHz,OC=FF,TA=0/70/0,SP=N/F/N,Mem=2092MHz,Free=7957MB,PLS=0,Temp=19.7C/0.0C,TW=6.33ms,App=1.01ms,GD=0.31ms,CPU&GPU=13.88ms,LCnt=2(DR0,LM0),GPU%=0.56,CPU%=0.12(W0.14),DSF=1.00,CFL=17.75/21.51
12-30 18:56:57.004 22053 22077 I VrApi   : OVR::Stats thread stopped
12-30 18:56:57.023 22053 22077 I VrApi   : ---------- vrapi_LeaveVrMode [end] ----------
12-30 18:56:57.071  3134  3166 D VrApi   : targetSDKVersion 29
12-30 18:56:57.170  3134  3166 I VrApi   : OVR::Stats thread started
12-30 18:56:57.176  3134  1359 D VrApi   : targetSDKVersion 29
12-30 18:56:57.238  3167  3283 D VrApi   : targetSDKVersion 29
12-30 18:56:57.345  3167  3283 I VrApi   : OVR::Stats thread started
12-30 18:56:57.351  3167  1375 D VrApi   : targetSDKVersion 29
12-30 18:56:58.718 22053 22077 I VrApi   : ------------ vrapi_DestroySystemVulkan -----------
12-30 18:56:58.727 22053 22077 I VrApi   : ------------ vrapi_Shutdown [start] -----------
12-30 18:56:58.728 22053 22077 W VrApi   : IsOvrValid: ovr == nullptr. Package: com.oculus.xrstreamingclient
12-30 18:56:58.747 22053 22077 I VrApi   : ------------ vrapi_Shutdown [end] -----------
12-30 18:56:59.012  3134  1359 I VrApi   : FPS=83/90,Prd=24ms,Tear=0,Early=0,Stale=14,VSnc=0,Lat=-1,Fov=0,CPU4/GPU=2/3,2419/490MHz,OC=FF,TA=0/70/0,SP=N/F/N,Mem=2092MHz,Free=8480MB,PLS=0,Temp=19.7C/0.0C,TW=2.05ms,App=4.93ms,GD=0.29ms,CPU&GPU=7.87ms,LCnt=2(DR62,LM2),GPU%=0.78,CPU%=0.45(W0.59),DSF=1.00,CFL=14.04/28.97
12-30 18:57:00.004  3134  1359 I VrApi   : FPS=90/90,Prd=29ms,Tear=0,Early=0,Stale=1,VSnc=0,Lat=-1,Fov=0,CPU4/GPU=2/3,2419/490MHz,OC=FF,TA=0/70/0,SP=N/F/N,Mem=2092MHz,Free=8480MB,PLS=0,Temp=19.7C/0.0C,TW=2.03ms,App=5.56ms,GD=0.24ms,CPU&GPU=8.57ms,LCnt=3(DR37,LM2),GPU%=0.76,CPU%=0.32(W0.38),DSF=1.00,CFL=16.87/20.84
12-30 18:57:01.002  3134  1359 I VrApi   : FPS=90/90,Prd=29ms,Tear=0,Early=0,Stale=0,VSnc=0,Lat=-1,Fov=0,CPU4/GPU=2/3,2419/490MHz,OC=FF,TA=0/70/0,SP=N/F/N,Mem=2092MHz,Free=8480MB,PLS=0,Temp=19.7C/0.0C,TW=1.93ms,App=4.60ms,GD=0.37ms,CPU&GPU=8.34ms,LCnt=4(DR0,LM2),GPU%=0.65,CPU%=0.28(W0.33),DSF=1.00,CFL=16.86/20.37
12-30 18:57:02.002  3134  1359 I VrApi   : FPS=90/90,Prd=27ms,Tear=0,Early=0,Stale=0,VSnc=0,Lat=-1,Fov=0,CPU4/GPU=2/3,2419/490MHz,OC=FF,TA=0/70/0,SP=N/F/N,Mem=2092MHz,Free=8480MB,PLS=0,Temp=19.7C/0.0C,TW=2.23ms,App=4.30ms,GD=0.00ms,CPU&GPU=6.13ms,LCnt=2(DR5,LM2),GPU%=0.73,CPU%=0.23(W0.25),DSF=1.00,CFL=16.89/20.47
12-30 18:57:03.002  3134  1359 I VrApi   : FPS=90/90,Prd=27ms,Tear=0,Early=0,Stale=0,VSnc=0,Lat=-1,Fov=0,CPU4/GPU=2/3,1171/490MHz,OC=FF,TA=0/70/0,SP=N/F/N,Mem=2092MHz,Free=8480MB,PLS=0,Temp=19.7C/0.0C,TW=2.24ms,App=1.89ms,GD=0.00ms,CPU&GPU=6.29ms,LCnt=3(DR40,LM2),GPU%=0.52,CPU%=0.07(W0.20),DSF=1.00,CFL=16.78/20.48
12-30 18:57:04.002  3134  1359 I VrApi   : FPS=90/90,Prd=26ms,Tear=0,Early=0,Stale=0,VSnc=0,Lat=-1,Fov=0,CPU4/GPU=2/3,1171/490MHz,OC=FF,TA=0/70/0,SP=N/F/N,Mem=2092MHz,Free=8480MB,PLS=0,Temp=19.7C/0.0C,TW=2.26ms,App=1.01ms,GD=0.00ms,CPU&GPU=6.17ms,LCnt=3(DR0,LM2),GPU%=0.45,CPU%=0.14(W0.24),DSF=1.00,CFL=16.79/20.93
12-30 18:57:05.003  3134  1359 I VrApi   : FPS=90/90,Prd=23ms,Tear=0,Early=0,Stale=0,VSnc=0,Lat=-1,Fov=0,CPU4/GPU=2/3,1171/490MHz,OC=FF,TA=0/70/0,SP=N/F/N,Mem=2092MHz,Free=8480MB,PLS=0,Temp=19.7C/0.0C,TW=2.23ms,App=0.99ms,GD=0.00ms,CPU&GPU=1.75ms,LCnt=3(DR0,LM2),GPU%=0.45,CPU%=0.15(W0.24),DSF=1.00,CFL=16.92/20.20
12-30 18:57:06.002  3134  1359 I VrApi   : FPS=90/90,Prd=21ms,Tear=0,Early=0,Stale=0,VSnc=0,Lat=-1,Fov=0,CPU4/GPU=2/3,1171/490MHz,OC=FF,TA=0/70/0,SP=N/F/N,Mem=2092MHz,Free=8480MB,PLS=0,Temp=19.7C/0.0C,TW=2.24ms,App=0.99ms,GD=0.00ms,CPU&GPU=1.87ms,LCnt=3(DR0,LM2),GPU%=0.45,CPU%=0.12(W0.21),DSF=1.00,CFL=16.86/20.55
12-30 18:57:07.003  3134  1359 I VrApi   : FPS=90/90,Prd=21ms,Tear=0,Early=0,Stale=0,VSnc=0,Lat=-1,Fov=0,CPU4/GPU=2/3,1171/490MHz,OC=FF,TA=0/70/0,SP=N/F/N,Mem=2092MHz,Free=8480MB,PLS=0,Temp=19.7C/0.0C,TW=2.25ms,App=0.99ms,GD=0.00ms,CPU&GPU=1.86ms,LCnt=3(DR0,LM2),GPU%=0.45,CPU%=0.17(W0.21),DSF=1.00,CFL=16.76/20.93
12-30 18:57:08.002  3134  1359 I VrApi   : FPS=90/90,Prd=21ms,Tear=0,Early=0,Stale=0,VSnc=0,Lat=-1,Fov=0,CPU4/GPU=2/3,1171/490MHz,OC=FF,TA=0/70/0,SP=N/F/N,Mem=2092MHz,Free=8480MB,PLS=0,Temp=19.7C/0.0C,TW=2.26ms,App=0.99ms,GD=0.00ms,CPU&GPU=1.79ms,LCnt=3(DR0,LM2),GPU%=0.45,CPU%=0.11(W0.16),DSF=1.00,CFL=16.90/20.97
12-30 18:57:09.003  3134  1359 I VrApi   : FPS=90/90,Prd=21ms,Tear=0,Early=0,Stale=0,VSnc=0,Lat=-1,Fov=0,CPU4/GPU=2/3,1171/490MHz,OC=FF,TA=0/70/0,SP=N/F/N,Mem=2092MHz,Free=8480MB,PLS=0,Temp=19.7C/0.0C,TW=2.24ms,App=0.99ms,GD=0.00ms,CPU&GPU=1.74ms,LCnt=3(DR0,LM2),GPU%=0.44,CPU%=0.13(W0.25),DSF=1.00,CFL=16.67/20.49
12-30 18:57:10.004  3134  1359 I VrApi   : FPS=90/90,Prd=21ms,Tear=0,Early=0,Stale=0,VSnc=0,Lat=-1,Fov=0,CPU4/GPU=2/3,1171/490MHz,OC=FF,TA=0/70/0,SP=N/F/N,Mem=2092MHz,Free=8480MB,PLS=0,Temp=19.7C/0.0C,TW=2.24ms,App=1.08ms,GD=0.00ms,CPU&GPU=3.20ms,LCnt=3(DR0,LM2),GPU%=0.45,CPU%=0.11(W0.21),DSF=1.00,CFL=16.69/20.43
12-30 18:57:11.003  3134  1359 I VrApi   : FPS=90/90,Prd=22ms,Tear=0,Early=0,Stale=0,VSnc=0,Lat=-1,Fov=0,CPU4/GPU=2/3,1171/490MHz,OC=FF,TA=0/70/0,SP=N/F/N,Mem=2092MHz,Free=8480MB,PLS=0,Temp=19.7C/0.0C,TW=2.24ms,App=1.08ms,GD=0.00ms,CPU&GPU=3.27ms,LCnt=3(DR0,LM2),GPU%=0.45,CPU%=0.10(W0.21),DSF=1.00,CFL=16.68/21.93
12-30 18:57:12.003  3134  1359 I VrApi   : FPS=90/90,Prd=22ms,Tear=0,Early=0,Stale=0,VSnc=0,Lat=-1,Fov=0,CPU4/GPU=2/3,1171/490MHz,OC=FF,TA=0/70/0,SP=N/F/N,Mem=2092MHz,Free=8480MB,PLS=0,Temp=19.7C/0.0C,TW=2.25ms,App=1.07ms,GD=0.00ms,CPU&GPU=3.28ms,LCnt=3(DR0,LM2),GPU%=0.45,CPU%=0.12(W0.25),DSF=1.00,CFL=16.75/20.11
12-30 18:57:13.004  3134  1359 I VrApi   : FPS=90/90,Prd=22ms,Tear=0,Early=0,Stale=0,VSnc=0,Lat=-1,Fov=0,CPU4/GPU=2/3,1171/490MHz,OC=FF,TA=0/70/0,SP=N/F/N,Mem=2092MHz,Free=8480MB,PLS=0,Temp=19.7C/0.0C,TW=2.24ms,App=1.07ms,GD=0.00ms,CPU&GPU=3.25ms,LCnt=3(DR0,LM2),GPU%=0.45,CPU%=0.10(W0.21),DSF=1.00,CFL=16.78/20.44
12-30 18:57:14.003  3134  1359 I VrApi   : FPS=90/90,Prd=22ms,Tear=0,Early=0,Stale=0,VSnc=0,Lat=-1,Fov=0,CPU4/GPU=2/3,1171/490MHz,OC=FF,TA=0/70/0,SP=N/F/N,Mem=2092MHz,Free=8480MB,PLS=0,Temp=19.7C/0.0C,TW=2.24ms,App=1.07ms,GD=0.00ms,CPU&GPU=3.19ms,LCnt=3(DR0,LM2),GPU%=0.45,CPU%=0.06(W0.17),DSF=1.00,CFL=16.71/20.21
12-30 18:57:15.003  3134  1359 I VrApi   : FPS=90/90,Prd=22ms,Tear=0,Early=0,Stale=0,VSnc=0,Lat=-1,Fov=0,CPU4/GPU=2/3,1171/490MHz,OC=FF,TA=0/70/0,SP=N/F/N,Mem=2092MHz,Free=8480MB,PLS=0,Temp=19.7C/0.0C,TW=2.24ms,App=1.07ms,GD=0.00ms,CPU&GPU=3.28ms,LCnt=3(DR0,LM2),GPU%=0.45,CPU%=0.12(W0.21),DSF=1.00,CFL=16.75/20.84
12-30 18:57:16.003  3134  1359 I VrApi   : FPS=90/90,Prd=22ms,Tear=0,Early=0,Stale=0,VSnc=0,Lat=-1,Fov=0,CPU4/GPU=2/3,1171/490MHz,OC=FF,TA=0/70/0,SP=N/F/N,Mem=2092MHz,Free=8480MB,PLS=0,Temp=19.7C/0.0C,TW=2.26ms,App=1.08ms,GD=0.00ms,CPU&GPU=3.36ms,LCnt=3(DR0,LM2),GPU%=0.45,CPU%=0.12(W0.25),DSF=1.00,CFL=16.69/20.82
12-30 18:57:16.416  3134  3166 D VrApi   : targetSDKVersion 29
12-30 18:57:16.458  3134  1359 I VrApi   : FPS=90/90,Prd=22ms,Tear=0,Early=0,Stale=0,VSnc=0,Lat=-1,Fov=0,CPU4/GPU=2/3,1171/490MHz,OC=FF,TA=0/F/0,SP=N/F/N,Mem=2092MHz,Free=8480MB,PLS=0,Temp=19.7C/0.0C,TW=2.26ms,App=1.08ms,GD=0.00ms,CPU&GPU=3.36ms,LCnt=3(DR0,LM2),GPU%=0.45,CPU%=0.12(W0.25),DSF=1.00,CFL=16.69/20.82
12-30 18:57:16.465  3134  3166 I VrApi   : OVR::Stats thread stopped
12-30 18:57:16.540  3167  3283 D VrApi   : targetSDKVersion 29
12-30 18:57:16.558  3167  3283 I VrApi   : OVR::Stats thread stopped
