--------- beginning of main
--------- beginning of system
--------- beginning of crash
--------- beginning of tracking
12-30 18:47:49.003  3134 21424 I VrApi   : FPS=91/90,Prd=36ms,Tear=0,Early=64,Stale=0,VSnc=0,Lat=-1,Fov=0,CPU4/GPU=3/4,2419/525MHz,OC=FF,TA=0/70/0,SP=N/F/N,Mem=2092MHz,Free=8364MB,PLS=0,Temp=18.7C/0.0C,TW=2.76ms,App=4.31ms,GD=0.45ms,CPU&GPU=11.03ms,LCnt=5(DR0,LM4),GPU%=0.85,CPU%=0.23(W0.24),DSF=1.00,CFL=17.67/20.90
12-30 18:47:50.002  3134 21424 I VrApi   : FPS=89/90,Prd=32ms,Tear=0,Early=13,Stale=1,VSnc=0,Lat=-1,Fov=0,CPU4/GPU=2/4,2419/525MHz,OC=FF,TA=0/70/0,SP=N/F/N,Mem=2092MHz,Free=8364MB,PLS=0,Temp=18.7C/0.0C,TW=1.96ms,App=4.37ms,GD=0.40ms,CPU&GPU=7.57ms,LCnt=5(DR0,LM4),GPU%=0.66,CPU%=0.24(W0.26),DSF=1.00,CFL=17.61/21.03
12-30 18:47:51.001  3134 21424 I VrApi   : FPS=90/90,Prd=30ms,Tear=0,Early=0,Stale=0,VSnc=0,Lat=-1,Fov=0,CPU4/GPU=2/4,2419/525MHz,OC=FF,TA=0/70/0,SP=N/F/N,Mem=2092MHz,Free=8364MB,PLS=0,Temp=19.0C/0.0C,TW=1.88ms,App=4.46ms,GD=0.30ms,CPU&GPU=7.63ms,LCnt=3(DR0,LM2),GPU%=0.62,CPU%=0.13(W0.16),DSF=1.00,CFL=17.70/20.75
12-30 18:47:52.002  3134 21424 I VrApi   : FPS=90/90,Prd=29ms,Tear=0,Early=0,Stale=0,VSnc=0,Lat=-1,Fov=0,CPU4/GPU=2/4,1171/525MHz,OC=FF,TA=0/70/0,SP=N/F/N,Mem=2092MHz,Free=8364MB,PLS=0,Temp=19.0C/0.0C,TW=1.09ms,App=4.45ms,GD=0.31ms,CPU&GPU=7.30ms,LCnt=3(DR0,LM2),GPU%=0.56,CPU%=0.20(W0.30),DSF=1.00,CFL=17.62/21.06
12-30 18:47:53.003  3134 21424 I VrApi   : FPS=90/90,Prd=28ms,Tear=0,Early=0,Stale=0,VSnc=0,Lat=-1,Fov=0,CPU4/GPU=2/4,1171/525MHz,OC=FF,TA=0/70/0,SP=N/F/N,Mem=2092MHz,Free=8364MB,PLS=0,Temp=19.0C/0.0C,TW=1.08ms,App=4.52ms,GD=0.19ms,CPU&GPU=7.04ms,LCnt=2(DR89,LM2),GPU%=0.30,CPU%=0.35(W0.37),DSF=1.00,CFL=17.58/21.36
12-30 18:47:54.002  3134 21424 I VrApi   : FPS=62/90,Prd=28ms,Tear=0,Early=0,Stale=28,VSnc=0,Lat=-1,Fov=0,CPU4/GPU=3/3,1382/490MHz,OC=FF,TA=0/70/0,SP=N/F/N,Mem=2092MHz,Free=8364MB,PLS=0,Temp=19.0C/0.0C,TW=0.87ms,App=4.11ms,GD=0.00ms,CPU&GPU=6.28ms,LCnt=1(DR85,LM0),GPU%=0.48,CPU%=0.21(W0.26),DSF=1.00,CFL=17.61/21.20
12-30 18:47:55.002  3134 21424 I VrApi   : FPS=90/90,Prd=33ms,Tear=0,Early=52,Stale=1,VSnc=0,Lat=-1,Fov=0,CPU4/GPU=3/3,1382/490MHz,OC=FF,TA=0/70/0,SP=N/F/N,Mem=2092MHz,Free=8364MB,PLS=0,Temp=19.0C/0.0C,TW=0.89ms,App=4.69ms,GD=0.00ms,CPU&GPU=6.26ms,LCnt=1(DR90,LM0),GPU%=0.53,CPU%=0.17(W0.25),DSF=1.00,CFL=17.62/21.55
12-30 18:47:56.006  3134 21424 I VrApi   : FPS=90/90,Prd=36ms,Tear=0,Early=90,Stale=0,VSnc=0,Lat=-1,Fov=0,CPU4/GPU=2/3,1171/490MHz,OC=FF,TA=0/70/0,SP=N/F/N,Mem=2092MHz,Free=8364MB,PLS=0,Temp=19.0C/0.0C,TW=0.86ms,App=5.12ms,GD=0.00ms,CPU&GPU=6.01ms,LCnt=1(DR90,LM0),GPU%=0.56,CPU%=0.21(W0.26),DSF=1.00,CFL=17.72/21.08
12-30 18:47:57.003  3134 21424 I VrApi   : FPS=90/90,Prd=32ms,Tear=0,Early=30,Stale=0,VSnc=0,Lat=-1,Fov=0,CPU4/GPU=2/3,1171/490MHz,OC=FF,TA=0/70/0,SP=N/F/N,Mem=2092MHz,Free=8364MB,PLS=0,Temp=19.0C/0.0C,TW=0.89ms,App=5.14ms,GD=0.00ms,CPU&GPU=7.37ms,LCnt=1(DR90,LM0),GPU%=0.57,CPU%=0.21(W0.25),DSF=1.00,CFL=17.55/21.18
12-30 18:47:58.003  3134 21424 I VrApi   : FPS=90/90,Prd=30ms,Tear=0,Early=0,Stale=0,VSnc=0,Lat=-1,Fov=0,CPU4/GPU=2/3,1171/490MHz,OC=FF,TA=0/70/0,SP=N/F/N,Mem=2092MHz,Free=8364MB,PLS=0,Temp=19.0C/0.0C,TW=2.02ms,App=5.07ms,GD=0.23ms,CPU&GPU=7.58ms,LCnt=2(DR90,LM2),GPU%=0.67,CPU%=0.22(W0.26),DSF=1.00,CFL=17.71/20.99
12-30 18:47:59.004  3134 21424 I VrApi   : FPS=89/90,Prd=30ms,Tear=0,Early=0,Stale=1,VSnc=0,Lat=-1,Fov=0,CPU4/GPU=2/3,1171/490MHz,OC=FF,TA=0/70/0,SP=N/F/N,Mem=2092MHz,Free=8364MB,PLS=0,Temp=19.0C/0.0C,TW=2.02ms,App=5.29ms,GD=0.24ms,CPU&GPU=8.97ms,LCnt=3(DR22,LM2),GPU%=0.68,CPU%=0.21(W0.25),DSF=1.00,CFL=17.61/21.05
12-30 18:48:00.003  3134 21424 I VrApi   : FPS=89/90,Prd=30ms,Tear=0,Early=0,Stale=1,VSnc=0,Lat=-1,Fov=0,CPU4/GPU=2/3,1171/490MHz,OC=FF,TA=0/70/0,SP=N/F/N,Mem=2092MHz,Free=8364MB,PLS=0,Temp=19.0C/0.0C,TW=1.97ms,App=5.21ms,GD=0.00ms,CPU&GPU=9.12ms,LCnt=3(DR0,LM2),GPU%=0.66,CPU%=0.20(W0.21),DSF=1.00,CFL=17.61/21.29
12-30 18:48:01.004  3134 21424 I VrApi   : FPS=90/90,Prd=30ms,Tear=0,Early=0,Stale=0,VSnc=0,Lat=-1,Fov=0,CPU4/GPU=2/3,2419/490MHz,OC=FF,TA=0/70/0,SP=N/F/N,Mem=2092MHz,Free=8364MB,PLS=0,Temp=19.0C/0.0C,TW=1.98ms,App=5.13ms,GD=0.00ms,CPU&GPU=8.68ms,LCnt=2(DR0,LM0),GPU%=0.49,CPU%=0.27(W0.33),DSF=1.00,CFL=17.63/21.20
12-30 18:48:02.003  3134 21424 I VrApi   : FPS=79/90,Prd=29ms,Tear=0,Early=0,Stale=11,VSnc=0,Lat=-1,Fov=0,CPU4/GPU=3/3,2419/490MHz,OC=FF,TA=0/70/0,SP=N/F/N,Mem=2092MHz,Free=8364MB,PLS=0,Temp=19.0C/0.0C,TW=2.50ms,App=5.41ms,GD=0.00ms,CPU&GPU=8.91ms,LCnt=4(DR0,LM0),GPU%=0.72,CPU%=0.26(W0.35),DSF=1.00,CFL=17.70/21.92
12-30 18:48:03.003  3134 21424 I VrApi   : FPS=90/90,Prd=33ms,Tear=0,Early=37,Stale=1,VSnc=0,Lat=-1,Fov=0,CPU4/GPU=3/3,2419/490MHz,OC=FF,TA=0/70/0,SP=N/F/N,Mem=2092MHz,Free=8364MB,PLS=0,Temp=19.0C/0.0C,TW=2.08ms,App=5.45ms,GD=0.00ms,CPU&GPU=8.31ms,LCnt=2(DR0,LM0),GPU%=0.70,CPU%=0.18(W0.21),DSF=1.00,CFL=17.57/21.15
12-30 18:48:04.003  3134 21424 I VrApi   : FPS=90/90,Prd=35ms,Tear=0,Early=52,Stale=0,VSnc=0,Lat=-1,Fov=0,CPU4/GPU=2/3,2419/490MHz,OC=FF,TA=0/70/0,SP=N/F/N,Mem=2092MHz,Free=8364MB,PLS=0,Temp=19.0C/0.0C,TW=2.05ms,App=4.36ms,GD=0.00ms,CPU&GPU=7.82ms,LCnt=2(DR0,LM0),GPU%=0.67,CPU%=0.22(W0.27),DSF=1.00,CFL=17.56/21.44
12-30 18:48:05.004  3134 21424 I VrApi   : FPS=90/90,Prd=31ms,Tear=0,Early=0,Stale=0,VSnc=0,Lat=-1,Fov=0,CPU4/GPU=2/3,2419/490MHz,OC=FF,TA=0/70/0,SP=N/F/N,Mem=2092MHz,Free=8364MB,PLS=0,Temp=19.0C/0.0C,TW=2.05ms,App=5.18ms,GD=0.00ms,CPU&GPU=8.37ms,LCnt=2(DR0,LM0),GPU%=0.66,CPU%=0.15(W0.24),DSF=1.00,CFL=17.52/21.05
12-30 18:48:06.005  3134 21424 I VrApi   : FPS=90/90,Prd=30ms,Tear=0,Early=1,Stale=0,VSnc=0,Lat=-1,Fov=0,CPU4/GPU=2/3,2419/490MHz,OC=FF,TA=0/70/0,SP=N/F/N,Mem=2092MHz,Free=8364MB,PLS=0,Temp=19.0C/0.0C,TW=2.07ms,App=3.71ms,GD=0.00ms,CPU&GPU=8.27ms,LCnt=2(DR0,LM0),GPU%=0.70,CPU%=0.36(W0.40),DSF=1.00,CFL=15.94/21.77
12-30 18:48:07.003  3134 21424 I VrApi   : FPS=90/90,Prd=30ms,Tear=0,Early=0,Stale=0,VSnc=0,Lat=-1,Fov=0,CPU4/GPU=2/3,1171/490MHz,OC=FF,TA=0/70/0,SP=N/F/N,Mem=2092MHz,Free=8364MB,PLS=0,Temp=19.0C/0.0C,TW=2.19ms,App=5.13ms,GD=0.00ms,CPU&GPU=8.95ms,LCnt=3(DR0,LM0),GPU%=0.69,CPU%=0.23(W0.30),DSF=1.00,CFL=17.64/21.73
12-30 18:48:07.137  3134  3166 D VrApi   : targetSDKVersion 29
12-30 18:48:07.149  3134 21424 I VrApi   : FPS=90/90,Prd=30ms,Tear=0,Early=0,Stale=0,VSnc=0,Lat=-1,Fov=0,CPU4/GPU=2/3,2419/490MHz,OC=FF,TA=0/F/0,SP=N/F/N,Mem=2092MHz,Free=8364MB,PLS=0,Temp=19.0C/0.0C,TW=2.19ms,App=5.13ms,GD=0.00ms,CPU&GPU=8.95ms,LCnt=3(DR0,LM0),GPU%=0.69,CPU%=0.23(W0.30),DSF=1.00,CFL=17.64/21.73
12-30 18:48:07.160  3134  3166 I VrApi   : OVR::Stats thread stopped
12-30 18:48:07.298 22053 22077 I VrApi   : ----------- vrapi_Initialize [start] ----------
12-30 18:48:07.308 22053 22077 I VrApi   : Client type: 0 flags: 0x0 placement: 0
12-30 18:48:07.626 22053 22077 I VrApi   : vrapi_Initialize: Connected to VrRuntimeService after 0.317776s
12-30 18:48:07.652  3167  3283 D VrApi   : targetSDKVersion 29
12-30 18:48:07.687  3167  3283 I VrApi   : OVR::Stats thread stopped
12-30 18:48:07.783  8569  8569 I VrApi   : ----------- vrapi_Initialize [start] ----------
12-30 18:48:07.788  8569  8569 I VrApi   : Client type: 0 flags: 0x0 placement: 0
12-30 18:48:07.831 22053 22077 I VrApi   : SkipPushFinalBlack=1
12-30 18:48:07.831 22053 22077 D VrApi   : isActivityFocusAware context = com.oculus.xrstreamingclient.MainActivity@88be5d5
12-30 18:48:07.831 22053 22077 D VrApi   : isSystemApp = true for com.oculus.xrstreamingclient
12-30 18:48:07.831 22053 22077 I VrApi   : isActivityFocusAware = 0
12-30 18:48:07.831 22053 22077 I VrApi   : Client-driven display vsync: enabled
12-30 18:48:07.914 22053 22077 I VrApi   : ----------- vrapi_Initialize [end] ----------
12-30 18:48:07.931 22053 22077 I VrApi   : ------------ vrapi_CreateSystemVulkan -----------
12-30 18:48:08.112  8569  8569 I VrApi   : vrapi_Initialize: Connected to VrRuntimeService after 0.323211s
12-30 18:48:08.145  8569  8569 I VrApi   : SkipPushFinalBlack=1
12-30 18:48:08.146  8569  8569 D VrApi   : isActivityFocusAware context = com.oculus.os.DialogContext@bbdbfb3
12-30 18:48:08.146  8569  8569 D VrApi   : isSystemApp = true for com.android.permissioncontroller
12-30 18:48:08.146  8569  8569 I VrApi   : isActivityFocusAware = 0
12-30 18:48:08.165  8569  8569 I VrApi   : ----------- vrapi_Initialize [end] ----------
12-30 18:48:10.837 22053 22077 I VrApi   : ---------- vrapi_EnterVrMode [start] ----------
12-30 18:48:10.839 22053 22077 D VrApi   : targetSDKVersion 29
12-30 18:48:10.865  8569  8569 I VrApi   : ------------ vrapi_Shutdown [start] -----------
12-30 18:48:10.865  8569  8569 W VrApi   : IsOvrValid: ovr == nullptr. Package: com.android.permissioncontroller
12-30 18:48:10.872 22053 22077 I VrApi   : ovrModeParms::VRAPI_MODE_FLAG_RESET_WINDOW_FULLSCREEN = 0
12-30 18:48:10.872 22053 22077 I VrApi   : ovrModeParms::VRAPI_MODE_FLAG_NATIVE_WINDOW = 1
12-30 18:48:10.872 22053 22077 I VrApi   : ovrModeParms::VRAPI_MODE_FLAG_FRONT_BUFFER_SRGB = 0
12-30 18:48:10.872 22053 22077 I VrApi   : ovrModeParms::VRAPI_MODE_FLAG_PHASE_SYNC = 0
12-30 18:48:10.872 22053 22077 I VrApi   : ovrModeParms::VRAPI_MODE_FLAG_APP_SPACE_WARP = 0
12-30 18:48:10.872 22053 22077 I VrApi   : PhaseSync disabled
12-30 18:48:10.872 22053 22077 I VrApi   : HMD sensor attached.
12-30 18:48:10.878 22053 22077 I VrApi   : Creating Default swapchain
12-30 18:48:10.878 22053 22077 I VrApi   : Creating Loading Icon swapchain
12-30 18:48:10.879 22053 22077 I VrApi   : OVR::Stats thread started
12-30 18:48:10.879 22053 22077 I VrApi   : Initial BaseVsync 2250 
12-30 18:48:10.879 22053 22077 I VrApi   : ---------- vrapi_EnterVrMode [end] ----------
12-30 18:48:10.879 22053 22077 I VrApi   : vrapi_SetDisplayRefreshRate: display refresh rate supported 72.000000
12-30 18:48:10.880 22053 22235 D VrApi   : targetSDKVersion 29
12-30 18:48:10.903 22053 22235 D VrApi   : VrApi::isWifiConnected exception: Make sure android.permission.ACCESS_NETWORK_STATE is set in the manifest.
12-30 18:48:10.909  8569  8569 I VrApi   : ------------ vrapi_Shutdown [end] -----------
12-30 18:48:11.474 22053 22077 W VrApi   : Time to first swap: 4.179 seconds
12-30 18:48:11.511 22053 22077 W VrApi   : ovr_SubmitFrameInternal: FrameIndex discontinuity: Expected 5, Received 6
12-30 18:48:11.533 22053 22077 W VrApi   : ovr_SubmitFrameInternal: FrameIndex discontinuity: Expected 8, Received 9
12-30 18:48:11.550 22053 22077 W VrApi   : ovr_SubmitFrameInternal: FrameIndex discontinuity: Expected 10, Received 11
12-30 18:48:11.580 22053 22077 W VrApi   : ovr_SubmitFrameInternal: FrameIndex discontinuity: Expected 12, Received 13
12-30 18:48:12.005 22053 22235 I VrApi   : FPS=1/72,Prd=0ms,Tear=0,Early=0,Stale=36,VSnc=0,Lat=0,Fov=0,CPU4/GPU=2/2,2419/441MHz,OC=FF,TA=0/70/0,SP=N/F/N,Mem=2092MHz,Free=7803MB,PLS=0,Temp=19.2C/0.0C,TW=4.07ms,App=1.03ms,GD=0.00ms,CPU&GPU=42433588.00ms,LCnt=2(DR0,LM2),GPU%=0.39,CPU%=0.21(W0.27),DSF=1.00,CFL=17.49/21.21
12-30 18:48:13.001 22053 22235 I VrApi   : FPS=73/72,Prd=0ms,Tear=0,Early=3,Stale=20,VSnc=1,Lat=0,Fov=0,CPU4/GPU=2/2,2419/441MHz,OC=FF,TA=0/70/0,SP=N/F/N,Mem=2092MHz,Free=7803MB,PLS=0,Temp=19.2C/0.0C,TW=3.41ms,App=0.78ms,GD=0.00ms,CPU&GPU=13.84ms,LCnt=2(DR0,LM0),GPU%=0.33,CPU%=0.11(W0.17),DSF=1.00,CFL=10.59/22.77
12-30 18:48:13.136 22053 22077 W VrApi   : ovr_SubmitFrameInternal: FrameIndex discontinuity: Expected 122, Received 123
12-30 18:48:13.150 22053 22077 W VrApi   : ovr_SubmitFrameInternal: FrameIndex discontinuity: Expected 124, Received 125
12-30 18:48:13.204 22053 22077 W VrApi   : ovr_SubmitFrameInternal: FrameIndex discontinuity: Expected 126, Received 127
12-30 18:48:14.001 22053 22235 I VrApi   : FPS=66/72,Prd=0ms,Tear=0,Early=0,Stale=7,VSnc=1,Lat=0,Fov=0,CPU4/GPU=2/2,2419/441MHz,OC=FF,TA=0/70/0,SP=N/F/N,Mem=2092MHz,Free=7803MB,PLS=0,Temp=19.2C/0.0C,TW=3.37ms,App=0.85ms,GD=0.00ms,CPU&GPU=14.82ms,LCnt=1(DR54,LM0),GPU%=0.32,CPU%=0.16(W0.18),DSF=1.00,CFL=18.58/22.66
12-30 18:48:15.002 22053 22235 I VrApi   : FPS=73/72,Prd=0ms,Tear=0,Early=4,Stale=3,VSnc=1,Lat=0,Fov=0,CPU4/GPU=2/2,2419/441MHz,OC=FF,TA=0/70/0,SP=N/F/N,Mem=2092MHz,Free=7803MB,PLS=0,Temp=19.2C/0.0C,TW=3.36ms,App=0.70ms,GD=0.00ms,CPU&GPU=13.75ms,LCnt=1(DR72,LM0),GPU%=0.31,CPU%=0.19(W0.24),DSF=1.00,CFL=18.70/22.54
12-30 18:48:16.002 22053 22235 I VrApi   : FPS=73/72,Prd=0ms,Tear=0,Early=43,Stale=2,VSnc=1,Lat=0,Fov=0,CPU4/GPU=2/2,2419/441MHz,OC=FF,TA=0/70/0,SP=N/F/N,Mem=2092MHz,Free=7803MB,PLS=0,Temp=19.2C/0.0C,TW=3.35ms,App=0.73ms,GD=0.00ms,CPU&GPU=13.25ms,LCnt=1(DR72,LM0),GPU%=0.31,CPU%=0.14(W0.19),DSF=1.00,CFL=18.57/22.96
12-30 18:48:17.002 22053 22235 I VrApi   : FPS=72/72,Prd=0ms,Tear=0,Early=63,Stale=3,VSnc=1,Lat=0,Fov=0,CPU4/GPU=2/2,1171/441MHz,OC=FF,TA=0/70/0,SP=N/F/N,Mem=1804MHz,Free=7803MB,PLS=0,Temp=19.2C/0.0C,TW=3.37ms,App=0.71ms,GD=0.00ms,CPU&GPU=13.88ms,LCnt=1(DR72,LM0),GPU%=0.30,CPU%=0.03(W0.05),DSF=1.00,CFL=18.63/22.78
12-30 18:48:17.577 22053 22077 W VrApi   : ovr_SubmitFrameInternal: FrameIndex discontinuity: Expected 441, Received 442
12-30 18:48:18.002 22053 22235 I VrApi   : FPS=73/72,Prd=0ms,Tear=0,Early=8,Stale=4,VSnc=1,Lat=0,Fov=0,CPU4/GPU=2/2,1171/441MHz,OC=FF,TA=0/70/0,SP=N/F/N,Mem=1804MHz,Free=7803MB,PLS=0,Temp=19.2C/0.0C,TW=3.39ms,App=0.78ms,GD=0.00ms,CPU&GPU=13.87ms,LCnt=1(DR72,LM0),GPU%=0.32,CPU%=0.02(W0.05),DSF=1.00,CFL=18.67/22.34
12-30 18:48:19.002 22053 22235 I VrApi   : FPS=73/72,Prd=0ms,Tear=0,Early=0,Stale=3,VSnc=1,Lat=0,Fov=0,CPU4/GPU=2/2,1171/441MHz,OC=FF,TA=0/70/0,SP=N/F/N,Mem=1804MHz,Free=7803MB,PLS=0,Temp=19.2C/0.0C,TW=3.37ms,App=0.74ms,GD=0.00ms,CPU&GPU=13.91ms,LCnt=1(DR72,LM0),GPU%=0.31,CPU%=0.09(W0.23),DSF=1.00,CFL=18.73/22.72
12-30 18:48:20.003 22053 22235 I VrApi   : FPS=72/72,Prd=0ms,Tear=0,Early=0,Stale=0,VSnc=1,Lat=0,Fov=0,CPU4/GPU=2/2,1171/441MHz,OC=FF,TA=0/70/0,SP=N/F/N,Mem=1804MHz,Free=7803MB,PLS=0,Temp=19.2C/0.0C,TW=3.38ms,App=0.84ms,GD=0.00ms,CPU&GPU=13.91ms,LCnt=1(DR72,LM0),GPU%=0.32,CPU%=0.17(W0.18),DSF=1.00,CFL=18.65/22.18
12-30 18:48:21.003 22053 22235 I VrApi   : FPS=73/72,Prd=0ms,Tear=0,Early=0,Stale=0,VSnc=1,Lat=0,Fov=0,CPU4/GPU=2/2,1171/441MHz,OC=FF,TA=0/70/0,SP=N/F/N,Mem=2092MHz,Free=7803MB,PLS=0,Temp=19.2C/0.0C,TW=3.39ms,App=0.71ms,GD=0.00ms,CPU&GPU=13.82ms,LCnt=1(DR72,LM0),GPU%=0.31,CPU%=0.11(W0.22),DSF=1.00,CFL=18.51/22.51
12-30 18:48:22.003 22053 22235 I VrApi   : FPS=73/72,Prd=0ms,Tear=0,Early=26,Stale=2,VSnc=1,Lat=0,Fov=0,CPU4/GPU=2/2,1171/441MHz,OC=FF,TA=0/70/0,SP=N/F/N,Mem=1555MHz,Free=7803MB,PLS=0,Temp=19.2C/0.0C,TW=3.38ms,App=0.73ms,GD=0.00ms,CPU&GPU=13.50ms,LCnt=1(DR72,LM0),GPU%=0.31,CPU%=0.08(W0.10),DSF=1.00,CFL=18.44/22.26
12-30 18:48:23.003 22053 22235 I VrApi   : FPS=73/72,Prd=0ms,Tear=0,Early=54,Stale=2,VSnc=1,Lat=0,Fov=0,CPU4/GPU=2/2,1171/441MHz,OC=FF,TA=0/70/0,SP=N/F/N,Mem=2092MHz,Free=7803MB,PLS=0,Temp=19.2C/0.0C,TW=3.40ms,App=0.71ms,GD=0.00ms,CPU&GPU=12.43ms,LCnt=1(DR72,LM0),GPU%=0.31,CPU%=0.10(W0.21),DSF=1.00,CFL=18.49/23.00
12-30 18:48:24.003 22053 22235 I VrApi   : FPS=73/72,Prd=0ms,Tear=0,Early=21,Stale=3,VSnc=1,Lat=0,Fov=0,CPU4/GPU=2/2,1171/441MHz,OC=FF,TA=0/70/0,SP=N/F/N,Mem=2092MHz,Free=7803MB,PLS=0,Temp=19.2C/0.0C,TW=3.37ms,App=0.71ms,GD=0.00ms,CPU&GPU=13.88ms,LCnt=1(DR72,LM0),GPU%=0.31,CPU%=0.05(W0.06),DSF=1.00,CFL=18.67/22.32
12-30 18:48:25.004 22053 22235 I VrApi   : FPS=72/72,Prd=0ms,Tear=0,Early=0,Stale=5,VSnc=1,Lat=0,Fov=0,CPU4/GPU=2/2,1171/441MHz,OC=FF,TA=0/70/0,SP=N/F/N,Mem=2092MHz,Free=7803MB,PLS=0,Temp=19.2C/0.0C,TW=3.34ms,App=0.76ms,GD=0.00ms,CPU&GPU=13.91ms,LCnt=1(DR72,LM0),GPU%=0.31,CPU%=0.07(W0.10),DSF=1.00,CFL=18.63/22.09
12-30 18:48:26.003 22053 22235 I VrApi   : FPS=72/72,Prd=0ms,Tear=0,Early=0,Stale=0,VSnc=1,Lat=0,Fov=0,CPU4/GPU=2/2,1171/441MHz,OC=FF,TA=0/70/0,SP=N/F/N,Mem=2092MHz,Free=7803MB,PLS=0,Temp=19.2C/0.0C,TW=3.38ms,App=0.86ms,GD=0.00ms,CPU&GPU=13.87ms,LCnt=1(DR72,LM0),GPU%=0.32,CPU%=0.09(W0.18),DSF=1.00,CFL=18.59/22.57
12-30 18:48:27.003 22053 22235 I VrApi   : FPS=73/72,Prd=0ms,Tear=0,Early=0,Stale=0,VSnc=1,Lat=0,Fov=0,CPU4/GPU=2/2,1171/441MHz,OC=FF,TA=0/70/0,SP=N/F/N,Mem=2092MHz,Free=7803MB,PLS=0,Temp=19.2C/0.0C,TW=3.35ms,App=0.74ms,GD=0.00ms,CPU&GPU=13.87ms,LCnt=1(DR72,LM0),GPU%=0.31,CPU%=0.05(W0.10),DSF=1.00,CFL=18.62/22.61
12-30 18:48:28.003 22053 22235 I VrApi   : FPS=73/72,Prd=0ms,Tear=0,Early=9,Stale=0,VSnc=1,Lat=0,Fov=0,CPU4/GPU=2/2,1171/441MHz,OC=FF,TA=0/70/0,SP=N/F/N,Mem=2092MHz,Free=7803MB,PLS=0,Temp=19.2C/0.0C,TW=3.38ms,App=0.70ms,GD=0.00ms,CPU&GPU=13.71ms,LCnt=1(DR72,LM0),GPU%=0.31,CPU%=0.08(W0.10),DSF=1.00,CFL=18.88/22.36
12-30 18:48:29.003 22053 22235 I VrApi   : FPS=73/72,Prd=0ms,Tear=0,Early=68,Stale=1,VSnc=1,Lat=0,Fov=0,CPU4/GPU=2/2,1171/441MHz,OC=FF,TA=0/70/0,SP=N/F/N,Mem=2092MHz,Free=7803MB,PLS=0,Temp=19.2C/0.0C,TW=3.30ms,App=0.71ms,GD=0.00ms,CPU&GPU=13.87ms,LCnt=1(DR72,LM0),GPU%=0.31,CPU%=0.09(W0.18),DSF=1.00,CFL=18.47/22.23
12-30 18:48:30.003 22053 22235 I VrApi   : FPS=73/72,Prd=0ms,Tear=0,Early=32,Stale=4,VSnc=1,Lat=0,Fov=0,CPU4/GPU=2/2,1171/441MHz,OC=FF,TA=0/70/0,SP=N/F/N,Mem=1555MHz,Free=7803MB,PLS=0,Temp=19.2C/0.0C,TW=3.29ms,App=0.71ms,GD=0.00ms,CPU&GPU=13.88ms,LCnt=1(DR72,LM0),GPU%=0.30,CPU%=0.09(W0.18),DSF=1.00,CFL=18.59/22.37
12-30 18:48:31.003 22053 22235 I VrApi   : FPS=72/72,Prd=0ms,Tear=0,Early=0,Stale=0,VSnc=1,Lat=0,Fov=0,CPU4/GPU=2/2,1171/441MHz,OC=FF,TA=0/70/0,SP=N/F/N,Mem=1804MHz,Free=7803MB,PLS=0,Temp=19.2C/0.0C,TW=3.27ms,App=0.71ms,GD=0.00ms,CPU&GPU=13.84ms,LCnt=1(DR72,LM0),GPU%=0.30,CPU%=0.09(W0.14),DSF=1.00,CFL=18.46/22.45
12-30 18:48:32.008 22053 22235 I VrApi   : FPS=72/72,Prd=0ms,Tear=0,Early=0,Stale=0,VSnc=1,Lat=0,Fov=0,CPU4/GPU=2/2,1171/441MHz,OC=FF,TA=0/70/0,SP=N/F/N,Mem=1804MHz,Free=7855MB,PLS=0,Temp=19.2C/0.0C,TW=3.33ms,App=0.84ms,GD=0.00ms,CPU&GPU=13.90ms,LCnt=1(DR72,LM0),GPU%=0.32,CPU%=0.08(W0.18),DSF=1.00,CFL=18.33/22.64
12-30 18:48:33.003 22053 22235 I VrApi   : FPS=73/72,Prd=0ms,Tear=0,Early=0,Stale=0,VSnc=1,Lat=0,Fov=0,CPU4/GPU=2/2,1171/441MHz,OC=FF,TA=0/70/0,SP=N/F/N,Mem=2092MHz,Free=7855MB,PLS=0,Temp=19.2C/0.0C,TW=3.30ms,App=0.77ms,GD=0.00ms,CPU&GPU=13.85ms,LCnt=1(DR72,LM0),GPU%=0.31,CPU%=0.07(W0.10),DSF=1.00,CFL=18.63/22.28
12-30 18:48:34.010 22053 22235 I VrApi   : FPS=73/72,Prd=0ms,Tear=0,Early=8,Stale=0,VSnc=1,Lat=0,Fov=0,CPU4/GPU=2/2,1171/441MHz,OC=FF,TA=0/70/0,SP=N/F/N,Mem=1555MHz,Free=7855MB,PLS=0,Temp=19.2C/0.0C,TW=3.32ms,App=0.72ms,GD=0.00ms,CPU&GPU=13.80ms,LCnt=1(DR72,LM0),GPU%=0.31,CPU%=0.12(W0.23),DSF=1.00,CFL=18.58/22.87
12-30 18:48:34.424 22053 22077 W VrApi   : ovr_SubmitFrameInternal: FrameIndex discontinuity: Expected 1654, Received 1655
12-30 18:48:35.003 22053 22235 I VrApi   : FPS=72/72,Prd=0ms,Tear=0,Early=52,Stale=1,VSnc=1,Lat=0,Fov=0,CPU4/GPU=2/2,1171/441MHz,OC=FF,TA=0/70/0,SP=N/F/N,Mem=2092MHz,Free=7855MB,PLS=0,Temp=19.2C/0.0C,TW=3.31ms,App=0.71ms,GD=0.00ms,CPU&GPU=13.20ms,LCnt=1(DR72,LM0),GPU%=0.30,CPU%=0.07(W0.10),DSF=1.00,CFL=18.57/22.47
12-30 18:48:36.008 22053 22235 I VrApi   : FPS=73/72,Prd=0ms,Tear=0,Early=44,Stale=1,VSnc=1,Lat=0,Fov=0,CPU4/GPU=2/2,1171/441MHz,OC=FF,TA=0/70/0,SP=N/F/N,Mem=2092MHz,Free=7855MB,PLS=0,Temp=19.2C/0.0C,TW=3.28ms,App=0.71ms,GD=0.00ms,CPU&GPU=13.87ms,LCnt=1(DR72,LM0),GPU%=0.30,CPU%=0.15(W0.18),DSF=1.00,CFL=18.55/22.95
12-30 18:48:37.003 22053 22235 I VrApi   : FPS=72/72,Prd=0ms,Tear=0,Early=0,Stale=0,VSnc=1,Lat=0,Fov=0,CPU4/GPU=2/2,1171/441MHz,OC=FF,TA=0/70/0,SP=N/F/N,Mem=2092MHz,Free=7855MB,PLS=0,Temp=19.2C/0.0C,TW=3.32ms,App=0.71ms,GD=0.00ms,CPU&GPU=13.88ms,LCnt=1(DR72,LM0),GPU%=0.30,CPU%=0.14(W0.18),DSF=1.00,CFL=18.45/22.29
12-30 18:48:38.003 22053 22235 I VrApi   : FPS=73/72,Prd=0ms,Tear=0,Early=0,Stale=1,VSnc=1,Lat=0,Fov=0,CPU4/GPU=2/2,1171/441MHz,OC=FF,TA=0/70/0,SP=N/F/N,Mem=2092MHz,Free=7855MB,PLS=0,Temp=19.2C/0.0C,TW=3.37ms,App=0.80ms,GD=0.00ms,CPU&GPU=13.90ms,LCnt=1(DR72,LM0),GPU%=0.32,CPU%=0.10(W0.14),DSF=1.00,CFL=18.54/22.49
12-30 18:48:39.005 22053 22235 I VrApi   : FPS=72/72,Prd=0ms,Tear=0,Early=0,Stale=0,VSnc=1,Lat=0,Fov=0,CPU4/GPU=2/2,1171/441MHz,OC=FF,TA=0/70/0,SP=N/F/N,Mem=2092MHz,Free=7855MB,PLS=0,Temp=19.2C/0.0C,TW=3.32ms,App=0.80ms,GD=0.00ms,CPU&GPU=13.90ms,LCnt=1(DR72,LM0),GPU%=0.32,CPU%=0.06(W0.14),DSF=1.00,CFL=18.36/23.22
12-30 18:48:40.006 22053 22235 I VrApi   : FPS=73/72,Prd=0ms,Tear=0,Early=5,Stale=0,VSnc=1,Lat=0,Fov=0,CPU4/GPU=2/2,1171/441MHz,OC=FF,TA=0/70/0,SP=N/F/N,Mem=2092MHz,Free=7855MB,PLS=0,Temp=19.2C/0.0C,TW=3.33ms,App=0.70ms,GD=0.00ms,CPU&GPU=13.71ms,LCnt=1(DR72,LM0),GPU%=0.31,CPU%=0.03(W0.10),DSF=1.00,CFL=18.51/22.23
12-30 18:48:41.004 22053 22235 I VrApi   : FPS=72/72,Prd=0ms,Tear=0,Early=49,Stale=0,VSnc=1,Lat=0,Fov=0,CPU4/GPU=2/2,1171/441MHz,OC=FF,TA=0/70/0,SP=N/F/N,Mem=2092MHz,Free=7855MB,PLS=0,Temp=19.2C/0.0C,TW=3.30ms,App=0.71ms,GD=0.00ms,CPU&GPU=12.37ms,LCnt=1(DR72,LM0),GPU%=0.31,CPU%=0.08(W0.10),DSF=1.00,CFL=18.55/22.45
12-30 18:48:41.758 22053 22077 W VrApi   : ovr_SubmitFrameInternal: FrameIndex discontinuity: Expected 2182, Received 2183
12-30 18:48:42.005 22053 22235 I VrApi   : FPS=72/72,Prd=0ms,Tear=0,Early=54,Stale=0,VSnc=1,Lat=0,Fov=0,CPU4/GPU=2/2,1171/441MHz,OC=FF,TA=0/70/0,SP=N/F/N,Mem=2092MHz,Free=7855MB,PLS=0,Temp=19.2C/0.0C,TW=3.32ms,App=0.76ms,GD=0.00ms,CPU&GPU=13.83ms,LCnt=1(DR72,LM0),GPU%=0.31,CPU%=0.08(W0.10),DSF=1.00,CFL=18.45/22.53
12-30 18:48:43.007 22053 22235 I VrApi   : FPS=73/72,Prd=0ms,Tear=0,Early=0,Stale=4,VSnc=1,Lat=0,Fov=0,CPU4/GPU=2/2,1171/441MHz,OC=FF,TA=0/70/0,SP=N/F/N,Mem=2092MHz,Free=7855MB,PLS=0,Temp=19.2C/0.0C,TW=3.31ms,App=0.72ms,GD=0.00ms,CPU&GPU=13.87ms,LCnt=1(DR72,LM0),GPU%=0.30,CPU%=0.06(W0.10),DSF=1.00,CFL=18.62/22.28
12-30 18:48:44.009 22053 22235 I VrApi   : FPS=72/72,Prd=0ms,Tear=0,Early=0,Stale=0,VSnc=1,Lat=0,Fov=0,CPU4/GPU=2/2,1171/441MHz,OC=FF,TA=0/70/0,SP=N/F/N,Mem=2092MHz,Free=7855MB,PLS=0,Temp=19.2C/0.0C,TW=3.32ms,App=0.73ms,GD=0.00ms,CPU&GPU=13.86ms,LCnt=1(DR72,LM0),GPU%=0.31,CPU%=0.06(W0.10),DSF=1.00,CFL=18.55/22.74
12-30 18:48:45.004 22053 22235 I VrApi   : FPS=72/72,Prd=0ms,Tear=0,Early=0,Stale=0,VSnc=1,Lat=0,Fov=0,CPU4/GPU=2/2,1171/441MHz,OC=FF,TA=0/70/0,SP=N/F/N,Mem=2092MHz,Free=7855MB,PLS=0,Temp=19.2C/0.0C,TW=3.32ms,App=0.75ms,GD=0.00ms,CPU&GPU=13.90ms,LCnt=1(DR72,LM0),GPU%=0.31,CPU%=0.11(W0.14),DSF=1.00,CFL=18.63/22.34
12-30 18:48:46.006 22053 22235 I VrApi   : FPS=72/72,Prd=0ms,Tear=0,Early=3,Stale=0,VSnc=1,Lat=0,Fov=0,CPU4/GPU=2/2,1171/441MHz,OC=FF,TA=0/70/0,SP=N/F/N,Mem=2092MHz,Free=7855MB,PLS=0,Temp=19.2C/0.0C,TW=3.91ms,App=0.71ms,GD=0.23ms,CPU&GPU=13.73ms,LCnt=1(DR72,LM0),GPU%=0.37,CPU%=0.07(W0.10),DSF=1.00,CFL=18.47/22.55
12-30 18:48:46.673 22053 22077 W VrApi   : ovr_SubmitFrameInternal: FrameIndex discontinuity: Expected 2536, Received 2537
12-30 18:48:47.008 22053 22235 I VrApi   : FPS=72/72,Prd=0ms,Tear=0,Early=34,Stale=0,VSnc=1,Lat=0,Fov=0,CPU4/GPU=2/2,1171/441MHz,OC=FF,TA=0/70/0,SP=N/F/N,Mem=2092MHz,Free=7855MB,PLS=0,Temp=19.2C/0.0C,TW=3.29ms,App=0.76ms,GD=0.00ms,CPU&GPU=13.86ms,LCnt=1(DR50,LM0),GPU%=0.31,CPU%=0.03(W0.05),DSF=1.00,CFL=18.40/22.69
12-30 18:48:48.006 22053 22235 I VrApi   : FPS=72/72,Prd=0ms,Tear=0,Early=48,Stale=14,VSnc=1,Lat=0,Fov=0,CPU4/GPU=2/2,1171/441MHz,OC=FF,TA=0/70/0,SP=N/F/N,Mem=2092MHz,Free=7855MB,PLS=0,Temp=19.2C/0.0C,TW=5.11ms,App=0.71ms,GD=0.42ms,CPU&GPU=13.88ms,LCnt=2(DR53,LM0),GPU%=0.47,CPU%=0.12(W0.14),DSF=1.00,CFL=18.66/22.29
12-30 18:48:49.005 22053 22235 I VrApi   : FPS=72/72,Prd=0ms,Tear=0,Early=7,Stale=15,VSnc=1,Lat=0,Fov=0,CPU4/GPU=2/2,1171/441MHz,OC=FF,TA=0/70/0,SP=N/F/N,Mem=2092MHz,Free=7855MB,PLS=0,Temp=19.2C/0.0C,TW=5.11ms,App=0.74ms,GD=0.38ms,CPU&GPU=13.90ms,LCnt=2(DR0,LM0),GPU%=0.46,CPU%=0.08(W0.11),DSF=1.00,CFL=18.72/22.29
12-30 18:48:50.006 22053 22235 I VrApi   : FPS=72/72,Prd=0ms,Tear=0,Early=0,Stale=0,VSnc=1,Lat=0,Fov=0,CPU4/GPU=2/2,1171/441MHz,OC=FF,TA=0/70/0,SP=N/F/N,Mem=2092MHz,Free=7855MB,PLS=0,Temp=19.2C/0.0C,TW=5.14ms,App=0.74ms,GD=0.26ms,CPU&GPU=13.91ms,LCnt=2(DR0,LM0),GPU%=0.46,CPU%=0.07(W0.10),DSF=1.00,CFL=18.54/22.23
12-30 18:48:51.005 22053 22235 I VrApi   : FPS=73/72,Prd=0ms,Tear=0,Early=0,Stale=0,VSnc=1,Lat=0,Fov=0,CPU4/GPU=2/2,1171/441MHz,OC=FF,TA=0/70/0,SP=N/F/N,Mem=2092MHz,Free=7855MB,PLS=0,Temp=19.2C/0.0C,TW=3.28ms,App=0.81ms,GD=0.00ms,CPU&GPU=13.84ms,LCnt=1(DR6,LM0),GPU%=0.31,CPU%=0.07(W0.10),DSF=1.00,CFL=18.64/22.17
12-30 18:48:52.009 22053 22235 I VrApi   : FPS=73/72,Prd=0ms,Tear=0,Early=0,Stale=16,VSnc=1,Lat=0,Fov=0,CPU4/GPU=2/2,1171/441MHz,OC=FF,TA=0/70/0,SP=N/F/N,Mem=2092MHz,Free=7859MB,PLS=0,Temp=19.2C/0.0C,TW=5.19ms,App=0.72ms,GD=0.35ms,CPU&GPU=13.70ms,LCnt=2(DR31,LM0),GPU%=0.46,CPU%=0.05(W0.10),DSF=1.00,CFL=18.59/22.73
12-30 18:48:53.009 22053 22235 I VrApi   : FPS=72/72,Prd=0ms,Tear=0,Early=23,Stale=17,VSnc=1,Lat=0,Fov=0,CPU4/GPU=2/2,1171/441MHz,OC=FF,TA=0/70/0,SP=N/F/N,Mem=2092MHz,Free=7859MB,PLS=0,Temp=19.2C/0.0C,TW=5.17ms,App=0.73ms,GD=0.37ms,CPU&GPU=13.87ms,LCnt=2(DR0,LM0),GPU%=0.47,CPU%=0.08(W0.14),DSF=1.00,CFL=18.49/22.19
12-30 18:48:54.008 22053 22235 I VrApi   : FPS=72/72,Prd=0ms,Tear=0,Early=32,Stale=19,VSnc=1,Lat=0,Fov=0,CPU4/GPU=2/2,1171/441MHz,OC=FF,TA=0/70/0,SP=N/F/N,Mem=1555MHz,Free=7859MB,PLS=0,Temp=19.2C/0.0C,TW=5.15ms,App=0.82ms,GD=0.31ms,CPU&GPU=13.89ms,LCnt=2(DR0,LM0),GPU%=0.47,CPU%=0.03(W0.05),DSF=1.00,CFL=18.61/22.66
12-30 18:48:55.006 22053 22235 I VrApi   : FPS=72/72,Prd=0ms,Tear=0,Early=20,Stale=30,VSnc=1,Lat=0,Fov=0,CPU4/GPU=3/2,1382/441MHz,OC=FF,TA=0/70/0,SP=N/F/N,Mem=1804MHz,Free=7859MB,PLS=0,Temp=19.2C/0.0C,TW=5.14ms,App=0.73ms,GD=0.27ms,CPU&GPU=13.88ms,LCnt=2(DR0,LM0),GPU%=0.46,CPU%=0.09(W0.17),DSF=1.00,CFL=18.62/22.12
12-30 18:48:56.006 22053 22235 I VrApi   : FPS=72/72,Prd=0ms,Tear=0,Early=0,Stale=7,VSnc=1,Lat=0,Fov=0,CPU4/GPU=3/2,1382/441MHz,OC=FF,TA=0/70/0,SP=N/F/N,Mem=1555MHz,Free=7859MB,PLS=0,Temp=19.2C/0.0C,TW=5.17ms,App=0.71ms,GD=0.25ms,CPU&GPU=13.91ms,LCnt=2(DR0,LM0),GPU%=0.46,CPU%=0.12(W0.21),DSF=1.00,CFL=18.56/22.74
12-30 18:48:57.006 22053 22235 I VrApi   : FPS=72/72,Prd=0ms,Tear=0,Early=0,Stale=0,VSnc=1,Lat=0,Fov=0,CPU4/GPU=2/2,1171/441MHz,OC=FF,TA=0/70/0,SP=N/F/N,Mem=2092MHz,Free=7859MB,PLS=0,Temp=19.2C/0.0C,TW=5.18ms,App=0.73ms,GD=0.25ms,CPU&GPU=13.80ms,LCnt=2(DR0,LM0),GPU%=0.46,CPU%=0.11(W0.25),DSF=1.00,CFL=18.47/22.75
12-30 18:48:58.009 22053 22235 I VrApi   : FPS=73/72,Prd=0ms,Tear=0,Early=0,Stale=22,VSnc=1,Lat=0,Fov=0,CPU4/GPU=2/2,1171/441MHz,OC=FF,TA=0/70/0,SP=N/F/N,Mem=2092MHz,Free=7859MB,PLS=0,Temp=19.2C/0.0C,TW=5.15ms,App=0.73ms,GD=0.27ms,CPU&GPU=13.73ms,LCnt=2(DR0,LM0),GPU%=0.46,CPU%=0.14(W0.17),DSF=1.00,CFL=18.29/22.81
12-30 18:48:59.008 22053 22235 I VrApi   : FPS=73/72,Prd=0ms,Tear=0,Early=22,Stale=9,VSnc=1,Lat=0,Fov=0,CPU4/GPU=2/2,1171/441MHz,OC=FF,TA=0/70/0,SP=N/F/N,Mem=1804MHz,Free=7859MB,PLS=0,Temp=19.2C/0.0C,TW=5.18ms,App=0.72ms,GD=0.25ms,CPU&GPU=13.41ms,LCnt=2(DR0,LM0),GPU%=0.46,CPU%=0.09(W0.14),DSF=1.00,CFL=18.75/22.68
12-30 18:49:00.013 22053 22235 I VrApi   : FPS=72/72,Prd=0ms,Tear=0,Early=49,Stale=14,VSnc=1,Lat=0,Fov=0,CPU4/GPU=2/2,1171/441MHz,OC=FF,TA=0/70/0,SP=N/F/N,Mem=1804MHz,Free=7859MB,PLS=0,Temp=19.2C/0.0C,TW=5.18ms,App=0.77ms,GD=0.26ms,CPU&GPU=13.89ms,LCnt=2(DR0,LM0),GPU%=0.45,CPU%=0.11(W0.18),DSF=1.00,CFL=18.62/22.01
12-30 18:49:01.007 22053 22235 I VrApi   : FPS=73/72,Prd=0ms,Tear=0,Early=33,Stale=13,VSnc=1,Lat=0,Fov=0,CPU4/GPU=2/2,1171/441MHz,OC=FF,TA=0/70/0,SP=N/F/N,Mem=1804MHz,Free=7859MB,PLS=0,Temp=19.2C/0.0C,TW=5.10ms,App=0.73ms,GD=0.43ms,CPU&GPU=13.89ms,LCnt=2(DR0,LM0),GPU%=0.47,CPU%=0.08(W0.10),DSF=1.00,CFL=18.31/22.46
12-30 18:49:02.006 22053 22235 I VrApi   : FPS=72/72,Prd=0ms,Tear=0,Early=0,Stale=8,VSnc=1,Lat=0,Fov=0,CPU4/GPU=2/2,1171/441MHz,OC=FF,TA=0/70/0,SP=N/F/N,Mem=1804MHz,Free=7859MB,PLS=0,Temp=19.2C/0.0C,TW=5.10ms,App=0.71ms,GD=0.39ms,CPU&GPU=13.92ms,LCnt=2(DR0,LM0),GPU%=0.46,CPU%=0.07(W0.10),DSF=1.00,CFL=18.65/22.19
12-30 18:49:03.007 22053 22235 I VrApi   : FPS=72/72,Prd=0ms,Tear=0,Early=0,Stale=0,VSnc=1,Lat=0,Fov=0,CPU4/GPU=2/2,1171/441MHz,OC=FF,TA=0/70/0,SP=N/F/N,Mem=1804MHz,Free=7859MB,PLS=0,Temp=19.2C/0.0C,TW=5.11ms,App=0.73ms,GD=0.45ms,CPU&GPU=13.91ms,LCnt=2(DR0,LM0),GPU%=0.47,CPU%=0.05(W0.10),DSF=1.00,CFL=18.54/22.00
12-30 18:49:04.006 22053 22235 I VrApi   : FPS=73/72,Prd=0ms,Tear=0,Early=0,Stale=6,VSnc=1,Lat=0,Fov=0,CPU4/GPU=2/2,1171/441MHz,OC=FF,TA=0/70/0,SP=N/F/N,Mem=1804MHz,Free=7859MB,PLS=0,Temp=19.2C/0.0C,TW=5.13ms,App=0.76ms,GD=0.45ms,CPU&GPU=13.84ms,LCnt=2(DR0,LM0),GPU%=0.48,CPU%=0.10(W0.14),DSF=1.00,CFL=18.57/22.55
12-30 18:49:05.006 22053 22235 I VrApi   : FPS=73/72,Prd=0ms,Tear=0,Early=18,Stale=10,VSnc=1,Lat=0,Fov=0,CPU4/GPU=2/2,1171/441MHz,OC=FF,TA=0/70/0,SP=N/F/N,Mem=1804MHz,Free=7859MB,PLS=0,Temp=19.2C/0.0C,TW=5.15ms,App=0.71ms,GD=0.35ms,CPU&GPU=13.78ms,LCnt=2(DR0,LM0),GPU%=0.47,CPU%=0.10(W0.15),DSF=1.00,CFL=18.68/22.33
12-30 18:49:05.425 22053 22077 W VrApi   : ovr_SubmitFrameInternal: FrameIndex discontinuity: Expected 3886, Received 3887
12-30 18:49:05.910 22053 22077 W VrApi   : ovr_SubmitFrameInternal: FrameIndex discontinuity: Expected 3921, Received 3922
12-30 18:49:06.005 22053 22235 I VrApi   : FPS=71/72,Prd=0ms,Tear=0,Early=41,Stale=16,VSnc=1,Lat=0,Fov=0,CPU4/GPU=2/2,1171/441MHz,OC=FF,TA=0/70/0,SP=N/F/N,Mem=1555MHz,Free=7859MB,PLS=0,Temp=19.2C/0.0C,TW=3.31ms,App=0.70ms,GD=0.00ms,CPU&GPU=14.11ms,LCnt=1(DR44,LM0),GPU%=0.31,CPU%=0.11(W0.18),DSF=1.00,CFL=18.55/22.61
12-30 18:49:07.007 22053 22235 I VrApi   : FPS=71/72,Prd=0ms,Tear=0,Early=39,Stale=23,VSnc=1,Lat=0,Fov=0,CPU4/GPU=2/2,1171/441MHz,OC=FF,TA=0/70/0,SP=N/F/N,Mem=1804MHz,Free=7859MB,PLS=0,Temp=19.2C/0.0C,TW=5.18ms,App=0.71ms,GD=0.36ms,CPU&GPU=13.87ms,LCnt=2(DR39,LM0),GPU%=0.47,CPU%=0.07(W0.10),DSF=1.00,CFL=18.53/21.95
12-30 18:49:08.007 22053 22235 I VrApi   : FPS=71/72,Prd=0ms,Tear=0,Early=0,Stale=15,VSnc=1,Lat=0,Fov=0,CPU4/GPU=2/2,1171/441MHz,OC=FF,TA=0/70/0,SP=N/F/N,Mem=1804MHz,Free=7859MB,PLS=0,Temp=19.2C/0.0C,TW=5.17ms,App=0.71ms,GD=0.35ms,CPU&GPU=13.87ms,LCnt=1(DR36,LM0),GPU%=0.47,CPU%=0.07(W0.10),DSF=1.00,CFL=18.55/22.47
12-30 18:49:09.007 22053 22235 I VrApi   : FPS=73/72,Prd=0ms,Tear=0,Early=0,Stale=0,VSnc=1,Lat=0,Fov=0,CPU4/GPU=2/2,1171/441MHz,OC=FF,TA=0/70/0,SP=N/F/N,Mem=1804MHz,Free=7859MB,PLS=0,Temp=19.2C/0.0C,TW=4.93ms,App=0.75ms,GD=0.27ms,CPU&GPU=13.92ms,LCnt=2(DR2,LM0),GPU%=0.43,CPU%=0.12(W0.14),DSF=1.00,CFL=18.30/22.68
12-30 18:49:10.006 22053 22235 I VrApi   : FPS=72/72,Prd=0ms,Tear=0,Early=0,Stale=2,VSnc=1,Lat=0,Fov=0,CPU4/GPU=2/2,1171/441MHz,OC=FF,TA=0/70/0,SP=N/F/N,Mem=1804MHz,Free=7859MB,PLS=0,Temp=19.2C/0.0C,TW=3.35ms,App=0.83ms,GD=0.00ms,CPU&GPU=13.88ms,LCnt=1(DR56,LM0),GPU%=0.32,CPU%=0.07(W0.10),DSF=1.00,CFL=18.30/22.06
12-30 18:49:11.006 22053 22235 I VrApi   : FPS=73/72,Prd=0ms,Tear=0,Early=10,Stale=6,VSnc=1,Lat=0,Fov=0,CPU4/GPU=2/2,1171/441MHz,OC=FF,TA=0/70/0,SP=N/F/N,Mem=1804MHz,Free=7859MB,PLS=0,Temp=19.2C/0.0C,TW=3.28ms,App=0.71ms,GD=0.00ms,CPU&GPU=13.80ms,LCnt=1(DR72,LM0),GPU%=0.31,CPU%=0.10(W0.14),DSF=1.00,CFL=18.47/22.03
12-30 18:49:11.257 22053 22077 W VrApi   : ovr_SubmitFrameInternal: FrameIndex discontinuity: Expected 4306, Received 4307
12-30 18:49:12.010 22053 22235 I VrApi   : FPS=73/72,Prd=0ms,Tear=0,Early=39,Stale=13,VSnc=1,Lat=0,Fov=0,CPU4/GPU=2/2,1171/441MHz,OC=FF,TA=0/70/0,SP=N/F/N,Mem=1804MHz,Free=7893MB,PLS=0,Temp=19.2C/0.0C,TW=3.32ms,App=0.71ms,GD=0.00ms,CPU&GPU=13.86ms,LCnt=1(DR72,LM0),GPU%=0.31,CPU%=0.15(W0.22),DSF=1.00,CFL=18.69/22.25
12-30 18:49:13.006 22053 22235 I VrApi   : FPS=71/72,Prd=0ms,Tear=0,Early=52,Stale=13,VSnc=1,Lat=0,Fov=0,CPU4/GPU=2/2,1171/441MHz,OC=FF,TA=0/70/0,SP=N/F/N,Mem=1555MHz,Free=7893MB,PLS=0,Temp=19.2C/0.0C,TW=4.35ms,App=0.78ms,GD=0.00ms,CPU&GPU=13.91ms,LCnt=1(DR72,LM0),GPU%=0.38,CPU%=0.14(W0.18),DSF=1.00,CFL=18.36/22.39
12-30 18:49:14.006 22053 22235 I VrApi   : FPS=68/72,Prd=0ms,Tear=0,Early=0,Stale=6,VSnc=1,Lat=0,Fov=0,CPU4/GPU=2/2,1171/441MHz,OC=FF,TA=0/70/0,SP=N/F/N,Mem=1555MHz,Free=7893MB,PLS=0,Temp=19.2C/0.0C,TW=4.49ms,App=0.80ms,GD=0.00ms,CPU&GPU=14.74ms,LCnt=1(DR72,LM0),GPU%=0.38,CPU%=0.11(W0.14),DSF=1.00,CFL=18.59/22.46
12-30 18:49:15.006 22053 22235 I VrApi   : FPS=72/72,Prd=0ms,Tear=0,Early=0,Stale=10,VSnc=1,Lat=0,Fov=0,CPU4/GPU=3/2,1382/441MHz,OC=FF,TA=0/70/0,SP=N/F/N,Mem=2092MHz,Free=7893MB,PLS=0,Temp=19.2C/0.0C,TW=4.35ms,App=0.89ms,GD=0.00ms,CPU&GPU=13.88ms,LCnt=1(DR72,LM0),GPU%=0.39,CPU%=0.08(W0.10),DSF=1.00,CFL=18.43/23.00
12-30 18:49:16.007 22053 22235 I VrApi   : FPS=73/72,Prd=0ms,Tear=0,Early=0,Stale=72,VSnc=1,Lat=0,Fov=0,CPU4/GPU=3/3,1382/490MHz,OC=FF,TA=0/70/0,SP=N/F/N,Mem=2092MHz,Free=7893MB,PLS=0,Temp=19.2C/0.0C,TW=3.93ms,App=0.89ms,GD=0.00ms,CPU&GPU=13.87ms,LCnt=1(DR72,LM0),GPU%=0.36,CPU%=0.08(W0.14),DSF=1.00,CFL=18.71/22.31
12-30 18:49:17.007 22053 22235 I VrApi   : FPS=73/72,Prd=0ms,Tear=0,Early=0,Stale=72,VSnc=1,Lat=0,Fov=0,CPU4/GPU=3/3,1382/490MHz,OC=FF,TA=0/70/0,SP=N/F/N,Mem=2092MHz,Free=7893MB,PLS=0,Temp=19.2C/0.0C,TW=3.92ms,App=0.82ms,GD=0.00ms,CPU&GPU=13.87ms,LCnt=1(DR72,LM0),GPU%=0.36,CPU%=0.08(W0.10),DSF=1.00,CFL=18.34/21.93
12-30 18:49:18.006 22053 22235 I VrApi   : FPS=73/72,Prd=0ms,Tear=0,Early=0,Stale=20,VSnc=1,Lat=0,Fov=0,CPU4/GPU=3/3,1382/490MHz,OC=FF,TA=0/70/0,SP=N/F/N,Mem=1555MHz,Free=7893MB,PLS=0,Temp=19.2C/0.0C,TW=3.91ms,App=0.96ms,GD=0.00ms,CPU&GPU=13.88ms,LCnt=1(DR72,LM0),GPU%=0.37,CPU%=0.06(W0.14),DSF=1.00,CFL=18.52/22.48
12-30 18:49:19.006 22053 22235 I VrApi   : FPS=72/72,Prd=0ms,Tear=0,Early=0,Stale=0,VSnc=1,Lat=0,Fov=0,CPU4/GPU=3/2,1171/441MHz,OC=FF,TA=0/70/0,SP=N/F/N,Mem=2092MHz,Free=7893MB,PLS=0,Temp=19.2C/0.0C,TW=3.92ms,App=0.85ms,GD=0.00ms,CPU&GPU=13.88ms,LCnt=1(DR72,LM0),GPU%=0.36,CPU%=0.08(W0.15),DSF=1.00,CFL=18.42/21.97
12-30 18:49:20.006 22053 22235 I VrApi   : FPS=72/72,Prd=0ms,Tear=0,Early=0,Stale=0,VSnc=1,Lat=0,Fov=0,CPU4/GPU=2/2,1171/441MHz,OC=FF,TA=0/70/0,SP=N/F/N,Mem=2092MHz,Free=7893MB,PLS=0,Temp=19.2C/0.0C,TW=4.35ms,App=0.90ms,GD=0.00ms,CPU&GPU=13.87ms,LCnt=1(DR72,LM0),GPU%=0.38,CPU%=0.11(W0.15),DSF=1.00,CFL=18.37/22.52
12-30 18:49:21.007 22053 22235 I VrApi   : FPS=73/72,Prd=0ms,Tear=0,Early=0,Stale=0,VSnc=1,Lat=0,Fov=0,CPU4/GPU=3/2,1382/441MHz,OC=FF,TA=0/70/0,SP=N/F/N,Mem=2092MHz,Free=7893MB,PLS=0,Temp=19.2C/0.0C,TW=4.36ms,App=0.91ms,GD=0.00ms,CPU&GPU=13.87ms,LCnt=1(DR72,LM0),GPU%=0.39,CPU%=0.09(W0.18),DSF=1.00,CFL=18.31/22.34
12-30 18:49:22.007 22053 22235 I VrApi   : FPS=72/72,Prd=0ms,Tear=0,Early=0,Stale=71,VSnc=1,Lat=0,Fov=0,CPU4/GPU=3/3,1382/490MHz,OC=FF,TA=0/70/0,SP=N/F/N,Mem=2092MHz,Free=7893MB,PLS=0,Temp=19.2C/0.0C,TW=3.91ms,App=0.89ms,GD=0.00ms,CPU&GPU=13.88ms,LCnt=1(DR72,LM0),GPU%=0.36,CPU%=0.13(W0.14),DSF=1.00,CFL=18.45/21.99
12-30 18:49:23.007 22053 22235 I VrApi   : FPS=73/72,Prd=0ms,Tear=0,Early=0,Stale=72,VSnc=1,Lat=0,Fov=0,CPU4/GPU=3/3,1382/490MHz,OC=FF,TA=0/70/0,SP=N/F/N,Mem=2092MHz,Free=7893MB,PLS=0,Temp=19.2C/0.0C,TW=3.92ms,App=0.91ms,GD=0.00ms,CPU&GPU=13.87ms,LCnt=1(DR72,LM0),GPU%=0.37,CPU%=0.09(W0.22),DSF=1.00,CFL=18.67/22.04
12-30 18:49:24.006 22053 22235 I VrApi   : FPS=73/72,Prd=0ms,Tear=0,Early=0,Stale=31,VSnc=1,Lat=0,Fov=0,CPU4/GPU=3/3,1382/490MHz,OC=FF,TA=0/70/0,SP=N/F/N,Mem=2092MHz,Free=7893MB,PLS=0,Temp=19.2C/0.0C,TW=3.92ms,App=0.88ms,GD=0.00ms,CPU&GPU=13.87ms,LCnt=1(DR72,LM0),GPU%=0.36,CPU%=0.11(W0.14),DSF=1.00,CFL=18.53/22.08
12-30 18:49:25.006 22053 22235 I VrApi   : FPS=72/72,Prd=0ms,Tear=0,Early=0,Stale=0,VSnc=1,Lat=0,Fov=0,CPU4/GPU=3/3,1382/441MHz,OC=FF,TA=0/70/0,SP=N/F/N,Mem=1555MHz,Free=7893MB,PLS=0,Temp=19.2C/0.0C,TW=3.92ms,App=0.80ms,GD=0.00ms,CPU&GPU=13.88ms,LCnt=1(DR72,LM0),GPU%=0.36,CPU%=0.11(W0.18),DSF=1.00,CFL=18.31/22.50
12-30 18:49:26.007 22053 22235 I VrApi   : FPS=73/72,Prd=0ms,Tear=0,Early=0,Stale=0,VSnc=1,Lat=0,Fov=0,CPU4/GPU=2/2,1171/441MHz,OC=FF,TA=0/70/0,SP=N/F/N,Mem=2092MHz,Free=7893MB,PLS=0,Temp=19.2C/0.0C,TW=4.33ms,App=0.94ms,GD=0.00ms,CPU&GPU=13.88ms,LCnt=1(DR72,LM0),GPU%=0.39,CPU%=0.14(W0.18),DSF=1.00,CFL=18.70/21.97
12-30 18:49:27.007 22053 22235 I VrApi   : FPS=72/72,Prd=0ms,Tear=0,Early=0,Stale=0,VSnc=1,Lat=0,Fov=0,CPU4/GPU=3/2,1382/441MHz,OC=FF,TA=0/70/0,SP=N/F/N,Mem=1555MHz,Free=7893MB,PLS=0,Temp=19.2C/0.0C,TW=4.34ms,App=0.91ms,GD=0.00ms,CPU&GPU=13.88ms,LCnt=1(DR72,LM0),GPU%=0.39,CPU%=0.12(W0.17),DSF=1.00,CFL=18.31/22.43
12-30 18:49:28.009 22053 22235 I VrApi   : FPS=72/72,Prd=0ms,Tear=0,Early=0,Stale=60,VSnc=1,Lat=0,Fov=0,CPU4/GPU=3/3,1382/490MHz,OC=FF,TA=0/70/0,SP=N/F/N,Mem=1804MHz,Free=7893MB,PLS=0,Temp=19.2C/0.0C,TW=4.35ms,App=0.87ms,GD=0.00ms,CPU&GPU=13.88ms,LCnt=1(DR72,LM0),GPU%=0.39,CPU%=0.08(W0.14),DSF=1.00,CFL=18.45/22.87
12-30 18:49:29.008 22053 22235 I VrApi   : FPS=72/72,Prd=0ms,Tear=0,Early=0,Stale=72,VSnc=1,Lat=0,Fov=0,CPU4/GPU=3/3,1382/490MHz,OC=FF,TA=0/70/0,SP=N/F/N,Mem=1555MHz,Free=7893MB,PLS=0,Temp=19.2C/0.0C,TW=3.92ms,App=0.94ms,GD=0.00ms,CPU&GPU=13.87ms,LCnt=1(DR72,LM0),GPU%=0.37,CPU%=0.10(W0.10),DSF=1.00,CFL=18.38/22.45
12-30 18:49:30.007 22053 22235 I VrApi   : FPS=73/72,Prd=0ms,Tear=0,Early=0,Stale=39,VSnc=1,Lat=0,Fov=0,CPU4/GPU=3/3,1382/490MHz,OC=FF,TA=0/70/0,SP=N/F/N,Mem=1804MHz,Free=7893MB,PLS=0,Temp=19.5C/0.0C,TW=3.93ms,App=0.96ms,GD=0.00ms,CPU&GPU=13.87ms,LCnt=1(DR72,LM0),GPU%=0.37,CPU%=0.06(W0.14),DSF=1.00,CFL=18.38/22.33
12-30 18:49:31.007 22053 22235 I VrApi   : FPS=72/72,Prd=0ms,Tear=0,Early=0,Stale=0,VSnc=1,Lat=0,Fov=0,CPU4/GPU=3/3,1382/490MHz,OC=FF,TA=0/70/0,SP=N/F/N,Mem=1555MHz,Free=7893MB,PLS=0,Temp=19.5C/0.0C,TW=3.92ms,App=0.78ms,GD=0.00ms,CPU&GPU=13.88ms,LCnt=1(DR72,LM0),GPU%=0.36,CPU%=0.05(W0.10),DSF=1.00,CFL=18.44/22.75
12-30 18:49:32.012 22053 22235 I VrApi   : FPS=72/72,Prd=0ms,Tear=0,Early=0,Stale=0,VSnc=1,Lat=0,Fov=0,CPU4/GPU=2/2,1171/441MHz,OC=FF,TA=0/70/0,SP=N/F/N,Mem=1555MHz,Free=7886MB,PLS=0,Temp=19.5C/0.0C,TW=4.34ms,App=0.97ms,GD=0.00ms,CPU&GPU=13.88ms,LCnt=1(DR72,LM0),GPU%=0.40,CPU%=0.12(W0.32),DSF=1.00,CFL=18.78/22.49
12-30 18:49:33.007 22053 22235 I VrApi   : FPS=72/72,Prd=0ms,Tear=0,Early=0,Stale=0,VSnc=1,Lat=0,Fov=0,CPU4/GPU=2/2,1171/441MHz,OC=FF,TA=0/70/0,SP=N/F/N,Mem=1804MHz,Free=7886MB,PLS=0,Temp=19.5C/0.0C,TW=4.35ms,App=0.80ms,GD=0.00ms,CPU&GPU=13.88ms,LCnt=1(DR72,LM0),GPU%=0.38,CPU%=0.08(W0.10),DSF=1.00,CFL=18.31/22.10
12-30 18:49:34.007 22053 22235 I VrApi   : FPS=72/72,Prd=0ms,Tear=0,Early=0,Stale=49,VSnc=1,Lat=0,Fov=0,CPU4/GPU=3/3,1382/490MHz,OC=FF,TA=0/70/0,SP=N/F/N,Mem=1804MHz,Free=7886MB,PLS=0,Temp=19.5C/0.0C,TW=4.35ms,App=0.81ms,GD=0.00ms,CPU&GPU=13.88ms,LCnt=1(DR72,LM0),GPU%=0.39,CPU%=0.07(W0.10),DSF=1.00,CFL=18.32/22.38
12-30 18:49:35.007 22053 22235 I VrApi   : FPS=73/72,Prd=0ms,Tear=0,Early=0,Stale=72,VSnc=1,Lat=0,Fov=0,CPU4/GPU=3/3,1382/490MHz,OC=FF,TA=0/70/0,SP=N/F/N,Mem=1804MHz,Free=7886MB,PLS=0,Temp=19.5C/0.0C,TW=3.92ms,App=0.86ms,GD=0.00ms,CPU&GPU=13.87ms,LCnt=1(DR72,LM0),GPU%=0.36,CPU%=0.05(W0.10),DSF=1.00,CFL=18.39/22.84
12-30 18:49:36.007 22053 22235 I VrApi   : FPS=72/72,Prd=0ms,Tear=0,Early=0,Stale=51,VSnc=1,Lat=0,Fov=0,CPU4/GPU=3/3,1382/490MHz,OC=FF,TA=0/70/0,SP=N/F/N,Mem=1804MHz,Free=7886MB,PLS=0,Temp=19.5C/0.0C,TW=3.92ms,App=0.87ms,GD=0.00ms,CPU&GPU=13.87ms,LCnt=1(DR72,LM0),GPU%=0.36,CPU%=0.08(W0.10),DSF=1.00,CFL=18.43/22.27
12-30 18:49:37.007 22053 22235 I VrApi   : FPS=72/72,Prd=0ms,Tear=0,Early=0,Stale=0,VSnc=1,Lat=0,Fov=0,CPU4/GPU=3/3,1382/490MHz,OC=FF,TA=0/70/0,SP=N/F/N,Mem=1804MHz,Free=7886MB,PLS=0,Temp=19.5C/0.0C,TW=3.92ms,App=0.77ms,GD=0.00ms,CPU&GPU=13.88ms,LCnt=1(DR72,LM0),GPU%=0.35,CPU%=0.09(W0.14),DSF=1.00,CFL=18.45/22.42
12-30 18:49:38.007 22053 22235 I VrApi   : FPS=73/72,Prd=0ms,Tear=0,Early=0,Stale=0,VSnc=1,Lat=0,Fov=0,CPU4/GPU=2/2,1171/441MHz,OC=FF,TA=0/70/0,SP=N/F/N,Mem=1804MHz,Free=7886MB,PLS=0,Temp=19.5C/0.0C,TW=4.35ms,App=0.85ms,GD=0.00ms,CPU&GPU=13.87ms,LCnt=1(DR72,LM0),GPU%=0.39,CPU%=0.15(W0.25),DSF=1.00,CFL=18.31/22.29
12-30 18:49:39.008 22053 22235 I VrApi   : FPS=73/72,Prd=0ms,Tear=0,Early=0,Stale=0,VSnc=1,Lat=0,Fov=0,CPU4/GPU=2/2,1171/441MHz,OC=FF,TA=0/70/0,SP=N/F/N,Mem=1804MHz,Free=7886MB,PLS=0,Temp=19.2C/0.0C,TW=4.34ms,App=0.86ms,GD=0.00ms,CPU&GPU=13.88ms,LCnt=1(DR72,LM0),GPU%=0.39,CPU%=0.09(W0.22),DSF=1.00,CFL=18.36/22.17
12-30 18:49:40.007 22053 22235 I VrApi   : FPS=73/72,Prd=0ms,Tear=0,Early=0,Stale=38,VSnc=1,Lat=0,Fov=0,CPU4/GPU=3/2,1382/441MHz,OC=FF,TA=0/70/0,SP=N/F/N,Mem=1804MHz,Free=7886MB,PLS=0,Temp=19.2C/0.0C,TW=4.35ms,App=0.85ms,GD=0.00ms,CPU&GPU=13.88ms,LCnt=1(DR72,LM0),GPU%=0.38,CPU%=0.07(W0.10),DSF=1.00,CFL=18.49/21.96
12-30 18:49:41.008 22053 22235 I VrApi   : FPS=73/72,Prd=0ms,Tear=0,Early=0,Stale=72,VSnc=1,Lat=0,Fov=0,CPU4/GPU=3/3,1382/490MHz,OC=FF,TA=0/70/0,SP=N/F/N,Mem=1804MHz,Free=7886MB,PLS=0,Temp=19.2C/0.0C,TW=3.92ms,App=0.86ms,GD=0.00ms,CPU&GPU=13.87ms,LCnt=1(DR72,LM0),GPU%=0.36,CPU%=0.10(W0.14),DSF=1.00,CFL=18.29/22.04
12-30 18:49:42.008 22053 22235 I VrApi   : FPS=73/72,Prd=0ms,Tear=0,Early=0,Stale=63,VSnc=1,Lat=0,Fov=0,CPU4/GPU=3/3,1382/490MHz,OC=FF,TA=0/70/0,SP=N/F/N,Mem=1804MHz,Free=7886MB,PLS=0,Temp=19.2C/0.0C,TW=3.92ms,App=0.93ms,GD=0.00ms,CPU&GPU=13.87ms,LCnt=1(DR72,LM0),GPU%=0.37,CPU%=0.08(W0.10),DSF=1.00,CFL=18.46/21.97
12-30 18:49:43.007 22053 22235 I VrApi   : FPS=73/72,Prd=0ms,Tear=0,Early=0,Stale=0,VSnc=1,Lat=0,Fov=0,CPU4/GPU=3/3,1382/490MHz,OC=FF,TA=0/70/0,SP=N/F/N,Mem=1804MHz,Free=7886MB,PLS=0,Temp=19.2C/0.0C,TW=3.93ms,App=0.73ms,GD=0.00ms,CPU&GPU=13.88ms,LCnt=1(DR72,LM0),GPU%=0.35,CPU%=0.08(W0.13),DSF=1.00,CFL=18.31/22.50
12-30 18:49:44.008 22053 22235 I VrApi   : FPS=72/72,Prd=0ms,Tear=0,Early=0,Stale=0,VSnc=1,Lat=0,Fov=0,CPU4/GPU=2/2,1171/441MHz,OC=FF,TA=0/70/0,SP=N/F/N,Mem=1804MHz,Free=7886MB,PLS=0,Temp=19.2C/0.0C,TW=4.34ms,App=0.84ms,GD=0.00ms,CPU&GPU=13.87ms,LCnt=1(DR72,LM0),GPU%=0.39,CPU%=0.05(W0.15),DSF=1.00,CFL=18.39/22.09
12-30 18:49:45.008 22053 22235 I VrApi   : FPS=72/72,Prd=0ms,Tear=0,Early=0,Stale=0,VSnc=1,Lat=0,Fov=0,CPU4/GPU=2/2,1171/441MHz,OC=FF,TA=0/70/0,SP=N/F/N,Mem=1555MHz,Free=7886MB,PLS=0,Temp=19.2C/0.0C,TW=4.35ms,App=0.88ms,GD=0.00ms,CPU&GPU=13.88ms,LCnt=1(DR72,LM0),GPU%=0.39,CPU%=0.08(W0.10),DSF=1.00,CFL=18.34/22.38
12-30 18:49:46.008 22053 22235 I VrApi   : FPS=73/72,Prd=0ms,Tear=0,Early=0,Stale=27,VSnc=1,Lat=0,Fov=0,CPU4/GPU=3/2,1382/441MHz,OC=FF,TA=0/70/0,SP=N/F/N,Mem=1555MHz,Free=7886MB,PLS=0,Temp=19.2C/0.0C,TW=4.35ms,App=0.84ms,GD=0.00ms,CPU&GPU=13.88ms,LCnt=1(DR72,LM0),GPU%=0.39,CPU%=0.09(W0.17),DSF=1.00,CFL=18.39/21.96
12-30 18:49:47.008 22053 22235 I VrApi   : FPS=73/72,Prd=0ms,Tear=0,Early=0,Stale=72,VSnc=1,Lat=0,Fov=0,CPU4/GPU=3/3,1382/490MHz,OC=FF,TA=0/70/0,SP=N/F/N,Mem=1804MHz,Free=7886MB,PLS=0,Temp=19.2C/0.0C,TW=3.93ms,App=0.79ms,GD=0.00ms,CPU&GPU=13.87ms,LCnt=1(DR72,LM0),GPU%=0.35,CPU%=0.11(W0.14),DSF=1.00,CFL=18.42/22.36
12-30 18:49:48.007 22053 22235 I VrApi   : FPS=73/72,Prd=0ms,Tear=0,Early=0,Stale=72,VSnc=1,Lat=0,Fov=0,CPU4/GPU=3/3,1382/490MHz,OC=FF,TA=0/70/0,SP=N/F/N,Mem=1804MHz,Free=7886MB,PLS=0,Temp=19.2C/0.0C,TW=3.92ms,App=0.87ms,GD=0.00ms,CPU&GPU=13.88ms,LCnt=1(DR72,LM0),GPU%=0.36,CPU%=0.08(W0.14),DSF=1.00,CFL=18.30/22.26
12-30 18:49:49.007 22053 22235 I VrApi   : FPS=72/72,Prd=0ms,Tear=0,Early=0,Stale=1,VSnc=1,Lat=0,Fov=0,CPU4/GPU=3/3,1382/490MHz,OC=FF,TA=0/70/0,SP=N/F/N,Mem=1804MHz,Free=7886MB,PLS=0,Temp=19.2C/0.0C,TW=3.92ms,App=0.74ms,GD=0.00ms,CPU&GPU=13.88ms,LCnt=1(DR72,LM0),GPU%=0.35,CPU%=0.08(W0.10),DSF=1.00,CFL=18.27/21.96
12-30 18:49:50.008 22053 22235 I VrApi   : FPS=73/72,Prd=0ms,Tear=0,Early=0,Stale=0,VSnc=1,Lat=0,Fov=0,CPU4/GPU=2/2,1171/441MHz,OC=FF,TA=0/70/0,SP=N/F/N,Mem=1804MHz,Free=7886MB,PLS=0,Temp=19.2C/0.0C,TW=4.34ms,App=0.80ms,GD=0.00ms,CPU&GPU=13.88ms,LCnt=1(DR72,LM0),GPU%=0.39,CPU%=0.11(W0.15),DSF=1.00,CFL=18.62/22.43
12-30 18:49:51.008 22053 22235 I VrApi   : FPS=72/72,Prd=0ms,Tear=0,Early=0,Stale=0,VSnc=1,Lat=0,Fov=0,CPU4/GPU=2/2,1171/441MHz,OC=FF,TA=0/70/0,SP=N/F/N,Mem=1804MHz,Free=7886MB,PLS=0,Temp=19.2C/0.0C,TW=4.34ms,App=0.88ms,GD=0.00ms,CPU&GPU=13.87ms,LCnt=1(DR72,LM0),GPU%=0.39,CPU%=0.09(W0.17),DSF=1.00,CFL=18.54/22.28
12-30 18:49:52.012 22053 22235 I VrApi   : FPS=72/72,Prd=0ms,Tear=0,Early=0,Stale=16,VSnc=1,Lat=0,Fov=0,CPU4/GPU=3/2,1382/441MHz,OC=FF,TA=0/70/0,SP=N/F/N,Mem=1804MHz,Free=7889MB,PLS=0,Temp=19.2C/0.0C,TW=4.35ms,App=0.86ms,GD=0.00ms,CPU&GPU=13.88ms,LCnt=1(DR72,LM0),GPU%=0.39,CPU%=0.08(W0.18),DSF=1.00,CFL=18.28/22.15
12-30 18:49:53.008 22053 22235 I VrApi   : FPS=73/72,Prd=0ms,Tear=0,Early=0,Stale=72,VSnc=1,Lat=0,Fov=0,CPU4/GPU=3/3,1382/490MHz,OC=FF,TA=0/70/0,SP=N/F/N,Mem=1804MHz,Free=7889MB,PLS=0,Temp=19.2C/0.0C,TW=3.92ms,App=0.84ms,GD=0.00ms,CPU&GPU=13.87ms,LCnt=1(DR72,LM0),GPU%=0.36,CPU%=0.11(W0.18),DSF=1.00,CFL=18.35/23.31
12-30 18:49:54.008 22053 22235 I VrApi   : FPS=73/72,Prd=0ms,Tear=0,Early=0,Stale=72,VSnc=1,Lat=0,Fov=0,CPU4/GPU=3/3,1382/490MHz,OC=FF,TA=0/70/0,SP=N/F/N,Mem=1804MHz,Free=7889MB,PLS=0,Temp=19.2C/0.0C,TW=3.92ms,App=0.83ms,GD=0.00ms,CPU&GPU=13.88ms,LCnt=1(DR72,LM0),GPU%=0.36,CPU%=0.08(W0.14),DSF=1.00,CFL=18.33/21.83
12-30 18:49:55.008 22053 22235 I VrApi   : FPS=73/72,Prd=0ms,Tear=0,Early=0,Stale=11,VSnc=1,Lat=0,Fov=0,CPU4/GPU=3/3,1382/490MHz,OC=FF,TA=0/70/0,SP=N/F/N,Mem=1804MHz,Free=7889MB,PLS=0,Temp=19.2C/0.0C,TW=3.92ms,App=0.90ms,GD=0.00ms,CPU&GPU=13.88ms,LCnt=1(DR72,LM0),GPU%=0.36,CPU%=0.11(W0.17),DSF=1.00,CFL=18.34/22.16
12-30 18:49:56.008 22053 22235 I VrApi   : FPS=73/72,Prd=0ms,Tear=0,Early=0,Stale=0,VSnc=1,Lat=0,Fov=0,CPU4/GPU=3/2,1171/441MHz,OC=FF,TA=0/70/0,SP=N/F/N,Mem=1804MHz,Free=7889MB,PLS=0,Temp=19.2C/0.0C,TW=4.17ms,App=0.90ms,GD=0.00ms,CPU&GPU=13.88ms,LCnt=1(DR72,LM0),GPU%=0.38,CPU%=0.10(W0.14),DSF=1.00,CFL=18.28/21.96
12-30 18:49:56.440 22053 22077 W VrApi   : ovr_SubmitFrameInternal: FrameIndex discontinuity: Expected 7554, Received 7555
12-30 18:49:57.008 22053 22235 I VrApi   : FPS=72/72,Prd=0ms,Tear=0,Early=0,Stale=6,VSnc=1,Lat=0,Fov=0,CPU4/GPU=2/2,1171/441MHz,OC=FF,TA=0/70/0,SP=N/F/N,Mem=1804MHz,Free=7889MB,PLS=0,Temp=19.2C/0.0C,TW=4.35ms,App=1.04ms,GD=0.00ms,CPU&GPU=13.87ms,LCnt=1(DR72,LM0),GPU%=0.40,CPU%=0.08(W0.10),DSF=1.00,CFL=18.14/22.04
12-30 18:49:58.008 22053 22235 I VrApi   : FPS=70/72,Prd=0ms,Tear=0,Early=0,Stale=5,VSnc=1,Lat=0,Fov=0,CPU4/GPU=3/2,1382/441MHz,OC=FF,TA=0/70/0,SP=N/F/N,Mem=1804MHz,Free=7889MB,PLS=0,Temp=19.2C/0.0C,TW=4.34ms,App=0.79ms,GD=0.00ms,CPU&GPU=14.41ms,LCnt=1(DR72,LM0),GPU%=0.38,CPU%=0.08(W0.14),DSF=1.00,CFL=18.47/22.23
12-30 18:49:59.008 22053 22235 I VrApi   : FPS=73/72,Prd=0ms,Tear=0,Early=0,Stale=72,VSnc=1,Lat=0,Fov=0,CPU4/GPU=3/3,1382/490MHz,OC=FF,TA=0/70/0,SP=N/F/N,Mem=1804MHz,Free=7889MB,PLS=0,Temp=19.2C/0.0C,TW=3.92ms,App=0.81ms,GD=0.00ms,CPU&GPU=13.88ms,LCnt=1(DR72,LM0),GPU%=0.35,CPU%=0.06(W0.14),DSF=1.00,CFL=18.37/22.05
12-30 18:50:00.012 22053 22235 I VrApi   : FPS=72/72,Prd=0ms,Tear=0,Early=0,Stale=72,VSnc=1,Lat=0,Fov=0,CPU4/GPU=3/3,1382/490MHz,OC=FF,TA=0/70/0,SP=N/F/N,Mem=1804MHz,Free=7889MB,PLS=0,Temp=19.2C/0.0C,TW=3.92ms,App=0.93ms,GD=0.00ms,CPU&GPU=13.88ms,LCnt=1(DR72,LM0),GPU%=0.37,CPU%=0.11(W0.17),DSF=1.00,CFL=18.32/21.95
12-30 18:50:01.008 22053 22235 I VrApi   : FPS=73/72,Prd=0ms,Tear=0,Early=0,Stale=23,VSnc=1,Lat=0,Fov=0,CPU4/GPU=3/3,1382/490MHz,OC=FF,TA=0/70/0,SP=N/F/N,Mem=1804MHz,Free=7889MB,PLS=0,Temp=19.2C/0.0C,TW=3.93ms,App=0.87ms,GD=0.00ms,CPU&GPU=13.88ms,LCnt=1(DR72,LM0),GPU%=0.36,CPU%=0.13(W0.14),DSF=1.00,CFL=18.24/22.18
12-30 18:50:02.009 22053 22235 I VrApi   : FPS=72/72,Prd=0ms,Tear=0,Early=0,Stale=0,VSnc=1,Lat=0,Fov=0,CPU4/GPU=3/3,1382/441MHz,OC=FF,TA=0/70/0,SP=N/F/N,Mem=1804MHz,Free=7889MB,PLS=0,Temp=19.5C/0.0C,TW=3.91ms,App=0.85ms,GD=0.00ms,CPU&GPU=13.88ms,LCnt=1(DR72,LM0),GPU%=0.36,CPU%=0.10(W0.21),DSF=1.00,CFL=18.57/23.33
12-30 18:50:03.008 22053 22235 I VrApi   : FPS=72/72,Prd=0ms,Tear=0,Early=0,Stale=0,VSnc=1,Lat=0,Fov=0,CPU4/GPU=2/2,1171/441MHz,OC=FF,TA=0/70/0,SP=N/F/N,Mem=1804MHz,Free=7889MB,PLS=0,Temp=19.5C/0.0C,TW=4.34ms,App=1.02ms,GD=0.00ms,CPU&GPU=13.87ms,LCnt=1(DR72,LM0),GPU%=0.41,CPU%=0.11(W0.18),DSF=1.00,CFL=18.36/22.33
12-30 18:50:04.009 22053 22235 I VrApi   : FPS=73/72,Prd=0ms,Tear=0,Early=0,Stale=0,VSnc=1,Lat=0,Fov=0,CPU4/GPU=3/2,1382/441MHz,OC=FF,TA=0/70/0,SP=N/F/N,Mem=1804MHz,Free=7889MB,PLS=0,Temp=19.5C/0.0C,TW=4.34ms,App=1.01ms,GD=0.00ms,CPU&GPU=13.87ms,LCnt=1(DR72,LM0),GPU%=0.40,CPU%=0.11(W0.15),DSF=1.00,CFL=18.43/22.04
12-30 18:50:05.009 22053 22235 I VrApi   : FPS=73/72,Prd=0ms,Tear=0,Early=0,Stale=66,VSnc=1,Lat=0,Fov=0,CPU4/GPU=3/3,1382/490MHz,OC=FF,TA=0/70/0,SP=N/F/N,Mem=1804MHz,Free=7889MB,PLS=0,Temp=19.5C/0.0C,TW=3.92ms,App=0.91ms,GD=0.00ms,CPU&GPU=13.88ms,LCnt=1(DR72,LM0),GPU%=0.36,CPU%=0.07(W0.10),DSF=1.00,CFL=18.36/22.80
12-30 18:50:06.009 22053 22235 I VrApi   : FPS=73/72,Prd=0ms,Tear=0,Early=0,Stale=72,VSnc=1,Lat=0,Fov=0,CPU4/GPU=3/3,1382/490MHz,OC=FF,TA=0/70/0,SP=N/F/N,Mem=2092MHz,Free=7889MB,PLS=0,Temp=19.5C/0.0C,TW=3.91ms,App=0.98ms,GD=0.00ms,CPU&GPU=13.88ms,LCnt=1(DR72,LM0),GPU%=0.37,CPU%=0.11(W0.22),DSF=1.00,CFL=18.24/21.91
12-30 18:50:07.008 22053 22235 I VrApi   : FPS=73/72,Prd=0ms,Tear=0,Early=0,Stale=34,VSnc=1,Lat=0,Fov=0,CPU4/GPU=3/3,1382/490MHz,OC=FF,TA=0/70/0,SP=N/F/N,Mem=2092MHz,Free=7889MB,PLS=0,Temp=19.5C/0.0C,TW=3.92ms,App=0.85ms,GD=0.00ms,CPU&GPU=13.88ms,LCnt=1(DR72,LM0),GPU%=0.36,CPU%=0.08(W0.14),DSF=1.00,CFL=18.14/21.81
12-30 18:50:08.009 22053 22235 I VrApi   : FPS=73/72,Prd=0ms,Tear=0,Early=0,Stale=0,VSnc=1,Lat=0,Fov=0,CPU4/GPU=3/3,1382/490MHz,OC=FF,TA=0/70/0,SP=N/F/N,Mem=2092MHz,Free=7889MB,PLS=0,Temp=19.2C/0.0C,TW=3.92ms,App=0.84ms,GD=0.00ms,CPU&GPU=13.88ms,LCnt=1(DR72,LM0),GPU%=0.36,CPU%=0.05(W0.05),DSF=1.00,CFL=18.39/22.04
12-30 18:50:09.009 22053 22235 I VrApi   : FPS=73/72,Prd=0ms,Tear=0,Early=0,Stale=0,VSnc=1,Lat=0,Fov=0,CPU4/GPU=2/2,1171/441MHz,OC=FF,TA=0/70/0,SP=N/F/N,Mem=2092MHz,Free=7889MB,PLS=0,Temp=19.2C/0.0C,TW=4.35ms,App=1.13ms,GD=0.00ms,CPU&GPU=13.88ms,LCnt=1(DR72,LM0),GPU%=0.41,CPU%=0.10(W0.25),DSF=1.00,CFL=18.25/21.91
12-30 18:50:10.009 22053 22235 I VrApi   : FPS=73/72,Prd=0ms,Tear=0,Early=0,Stale=0,VSnc=1,Lat=0,Fov=0,CPU4/GPU=2/2,1382/441MHz,OC=FF,TA=0/70/0,SP=N/F/N,Mem=1555MHz,Free=7889MB,PLS=0,Temp=19.2C/0.0C,TW=4.33ms,App=1.12ms,GD=0.00ms,CPU&GPU=13.88ms,LCnt=1(DR72,LM0),GPU%=0.40,CPU%=0.11(W0.25),DSF=1.00,CFL=18.23/22.61
12-30 18:50:10.454 22053 22077 W VrApi   : ovr_SubmitFrameInternal: FrameIndex discontinuity: Expected 8559, Received 8560
12-30 18:50:11.009 22053 22235 I VrApi   : FPS=69/72,Prd=0ms,Tear=0,Early=0,Stale=55,VSnc=1,Lat=0,Fov=0,CPU4/GPU=3/3,1382/490MHz,OC=FF,TA=0/70/0,SP=N/F/N,Mem=2092MHz,Free=7889MB,PLS=0,Temp=19.2C/0.0C,TW=3.92ms,App=0.96ms,GD=0.00ms,CPU&GPU=14.70ms,LCnt=1(DR72,LM0),GPU%=0.37,CPU%=0.09(W0.14),DSF=1.00,CFL=18.30/22.16
