01-29 13:57:53.008 14899 16848 I VrApi   : FPS=73/72,Prd=0ms,Tear=0,Early=0,Stale=0,Stale2/5/10/max=0/0/0/0,VSnc=1,Lat=0,Fov=0,CPU4/GPU=2/2,1171/441MHz,OC=FF,TA=0/70/0,SP=N/F/N,Mem=2092MHz,Free=8301MB,PLS=0,Temp=18.7C/0.0C,TW=4.40ms,App=0.83ms,GD=0.32ms,CPU&GPU=13.89ms,LCnt=3(DR0,LM2),GPU%=0.54,CPU%=0.05(W0.10),DSF=1.00,CFL=18.80/22.63
01-29 13:57:54.006 14899 16848 I VrApi   : FPS=73/72,Prd=0ms,Tear=0,Early=0,Stale=0,Stale2/5/10/max=0/0/0/0,VSnc=1,Lat=0,Fov=0,CPU4/GPU=2/2,1171/441MHz,OC=FF,TA=0/70/0,SP=N/F/N,Mem=2092MHz,Free=8301MB,PLS=0,Temp=18.7C/0.0C,TW=4.32ms,App=0.91ms,GD=2.48ms,CPU&GPU=13.88ms,LCnt=2(DR0,LM0),GPU%=0.57,CPU%=0.11(W0.14),DSF=1.00,CFL=19.00/22.66
01-29 13:57:55.006 14899 16848 I VrApi   : FPS=72/72,Prd=0ms,Tear=1,Early=0,Stale=0,Stale2/5/10/max=0/0/0/0,VSnc=1,Lat=0,Fov=0,CPU4/GPU=2/2,1171/441MHz,OC=FF,TA=0/70/0,SP=N/F/N,Mem=1555MHz,Free=8301MB,PLS=0,Temp=18.7C/0.0C,TW=4.34ms,App=0.89ms,GD=2.56ms,CPU&GPU=13.88ms,LCnt=2(DR0,LM0),GPU%=0.58,CPU%=0.11(W0.18),DSF=1.00,CFL=18.94/23.53
01-29 13:57:56.008 14899 16848 I VrApi   : FPS=73/72,Prd=0ms,Tear=0,Early=0,Stale=46,Stale2/5/10/max=0/0/0/0,VSnc=1,Lat=0,Fov=0,CPU4/GPU=2/2,1171/441MHz,OC=FF,TA=0/70/0,SP=N/F/N,Mem=2092MHz,Free=8301MB,PLS=0,Temp=18.7C/0.0C,TW=4.31ms,App=0.82ms,GD=0.90ms,CPU&GPU=13.88ms,LCnt=2(DR0,LM0),GPU%=0.46,CPU%=0.12(W0.22),DSF=1.00,CFL=18.81/22.64
01-29 13:57:57.013 14899 16848 I VrApi   : FPS=72/72,Prd=0ms,Tear=0,Early=0,Stale=72,Stale2/5/10/max=0/0/0/0,VSnc=1,Lat=0,Fov=0,CPU4/GPU=2/2,1171/441MHz,OC=FF,TA=0/70/0,SP=N/F/N,Mem=2092MHz,Free=8280MB,PLS=0,Temp=18.7C/0.0C,TW=4.34ms,App=0.91ms,GD=0.82ms,CPU&GPU=13.88ms,LCnt=2(DR0,LM0),GPU%=0.46,CPU%=0.14(W0.18),DSF=1.00,CFL=18.63/22.75
01-29 13:57:58.006 14899 16848 I VrApi   : FPS=72/72,Prd=0ms,Tear=0,Early=0,Stale=61,Stale2/5/10/max=0/0/1/177,VSnc=1,Lat=0,Fov=0,CPU4/GPU=2/2,1171/441MHz,OC=FF,TA=0/70/0,SP=N/F/N,Mem=2092MHz,Free=8280MB,PLS=0,Temp=18.7C/0.0C,TW=2.39ms,App=0.79ms,GD=0.00ms,CPU&GPU=13.88ms,LCnt=1(DR16,LM0),GPU%=0.24,CPU%=0.02(W0.05),DSF=1.00,CFL=18.97/23.38
01-29 13:57:59.006 14899 16848 I VrApi   : FPS=72/72,Prd=0ms,Tear=0,Early=0,Stale=0,Stale2/5/10/max=0/0/0/0,VSnc=1,Lat=0,Fov=0,CPU4/GPU=2/2,1171/441MHz,OC=FF,TA=0/70/0,SP=N/F/N,Mem=2092MHz,Free=8280MB,PLS=0,Temp=19.0C/0.0C,TW=2.39ms,App=0.74ms,GD=0.00ms,CPU&GPU=13.89ms,LCnt=1(DR72,LM0),GPU%=0.24,CPU%=0.14(W0.19),DSF=1.00,CFL=18.91/22.30
01-29 13:58:00.009 14899 16848 I VrApi   : FPS=72/72,Prd=0ms,Tear=0,Early=0,Stale=0,Stale2/5/10/max=0/0/0/0,VSnc=1,Lat=0,Fov=0,CPU4/GPU=2/2,1171/441MHz,OC=FF,TA=0/70/0,SP=N/F/N,Mem=2092MHz,Free=8280MB,PLS=0,Temp=19.0C/0.0C,TW=2.40ms,App=0.87ms,GD=0.00ms,CPU&GPU=13.88ms,LCnt=1(DR72,LM0),GPU%=0.25,CPU%=0.10(W0.14),DSF=1.00,CFL=19.00/22.82
01-29 13:58:01.007 14899 16848 I VrApi   : FPS=72/72,Prd=0ms,Tear=0,Early=0,Stale=0,Stale2/5/10/max=0/0/0/0,VSnc=1,Lat=0,Fov=0,CPU4/GPU=2/2,1171/441MHz,OC=FF,TA=0/70/0,SP=N/F/N,Mem=2092MHz,Free=8280MB,PLS=0,Temp=19.0C/0.0C,TW=2.40ms,App=0.91ms,GD=0.00ms,CPU&GPU=13.89ms,LCnt=1(DR72,LM0),GPU%=0.26,CPU%=0.11(W0.14),DSF=1.00,CFL=18.71/22.41
01-29 13:58:02.006 14899 16848 I VrApi   : FPS=73/72,Prd=0ms,Tear=0,Early=0,Stale=35,Stale2/5/10/max=0/0/0/0,VSnc=1,Lat=0,Fov=0,CPU4/GPU=2/2,1171/441MHz,OC=FF,TA=0/70/0,SP=N/F/N,Mem=2092MHz,Free=8280MB,PLS=0,Temp=19.0C/0.0C,TW=2.40ms,App=0.85ms,GD=0.00ms,CPU&GPU=13.88ms,LCnt=1(DR72,LM0),GPU%=0.25,CPU%=0.11(W0.22),DSF=1.00,CFL=18.70/22.62
01-29 13:58:03.006 14899 16848 I VrApi   : FPS=72/72,Prd=0ms,Tear=0,Early=0,Stale=72,Stale2/5/10/max=0/0/0/0,VSnc=1,Lat=0,Fov=0,CPU4/GPU=2/2,1171/441MHz,OC=FF,TA=0/70/0,SP=N/F/N,Mem=2092MHz,Free=8280MB,PLS=0,Temp=19.0C/0.0C,TW=2.39ms,App=0.85ms,GD=0.00ms,CPU&GPU=13.88ms,LCnt=1(DR72,LM0),GPU%=0.25,CPU%=0.09(W0.18),DSF=1.00,CFL=18.71/22.71
01-29 13:58:04.006 14899 16848 I VrApi   : FPS=73/72,Prd=0ms,Tear=0,Early=0,Stale=72,Stale2/5/10/max=0/0/0/0,VSnc=1,Lat=0,Fov=0,CPU4/GPU=2/2,1171/441MHz,OC=FF,TA=0/70/0,SP=N/F/N,Mem=1555MHz,Free=8280MB,PLS=0,Temp=19.0C/0.0C,TW=2.40ms,App=0.78ms,GD=0.00ms,CPU&GPU=13.88ms,LCnt=1(DR72,LM0),GPU%=0.24,CPU%=0.05(W0.10),DSF=1.00,CFL=18.85/22.51
01-29 13:58:05.006 14899 16848 I VrApi   : FPS=72/72,Prd=0ms,Tear=0,Early=0,Stale=0,Stale2/5/10/max=0/0/1/179,VSnc=1,Lat=0,Fov=0,CPU4/GPU=2/2,1171/441MHz,OC=FF,TA=0/70/0,SP=N/F/N,Mem=2092MHz,Free=8280MB,PLS=0,Temp=19.0C/0.0C,TW=2.39ms,App=0.79ms,GD=0.00ms,CPU&GPU=13.88ms,LCnt=1(DR72,LM0),GPU%=0.25,CPU%=0.10(W0.14),DSF=1.00,CFL=18.76/23.24
01-29 13:58:06.008 14899 16848 I VrApi   : FPS=72/72,Prd=0ms,Tear=0,Early=0,Stale=0,Stale2/5/10/max=0/0/0/0,VSnc=1,Lat=0,Fov=0,CPU4/GPU=2/2,1171/441MHz,OC=FF,TA=0/70/0,SP=N/F/N,Mem=2092MHz,Free=8280MB,PLS=0,Temp=19.0C/0.0C,TW=2.39ms,App=0.82ms,GD=0.00ms,CPU&GPU=13.88ms,LCnt=1(DR72,LM0),GPU%=0.25,CPU%=0.07(W0.15),DSF=1.00,CFL=18.80/22.69
01-29 13:58:07.007 14899 16848 I VrApi   : FPS=73/72,Prd=0ms,Tear=0,Early=0,Stale=0,Stale2/5/10/max=0/0/0/0,VSnc=1,Lat=0,Fov=0,CPU4/GPU=2/2,1171/441MHz,OC=FF,TA=0/70/0,SP=N/F/N,Mem=2092MHz,Free=8280MB,PLS=0,Temp=19.0C/0.0C,TW=2.40ms,App=0.88ms,GD=0.00ms,CPU&GPU=13.88ms,LCnt=1(DR72,LM0),GPU%=0.25,CPU%=0.05(W0.11),DSF=1.00,CFL=18.72/22.65
01-29 13:58:08.006 14899 16848 I VrApi   : FPS=73/72,Prd=0ms,Tear=0,Early=0,Stale=24,Stale2/5/10/max=0/0/0/0,VSnc=1,Lat=0,Fov=0,CPU4/GPU=2/2,1171/441MHz,OC=FF,TA=0/70/0,SP=N/F/N,Mem=2092MHz,Free=8280MB,PLS=0,Temp=19.0C/0.0C,TW=2.39ms,App=0.87ms,GD=0.00ms,CPU&GPU=13.89ms,LCnt=1(DR72,LM0),GPU%=0.25,CPU%=0.08(W0.14),DSF=1.00,CFL=18.60/22.61
01-29 13:58:09.007 14899 16848 I VrApi   : FPS=72/72,Prd=0ms,Tear=0,Early=0,Stale=72,Stale2/5/10/max=0/0/0/0,VSnc=1,Lat=0,Fov=0,CPU4/GPU=2/2,1171/441MHz,OC=FF,TA=0/70/0,SP=N/F/N,Mem=2092MHz,Free=8280MB,PLS=0,Temp=19.0C/0.0C,TW=2.40ms,App=0.81ms,GD=0.00ms,CPU&GPU=13.88ms,LCnt=1(DR72,LM0),GPU%=0.25,CPU%=0.08(W0.15),DSF=1.00,CFL=18.93/22.66
01-29 13:58:10.008 14899 16848 I VrApi   : FPS=73/72,Prd=0ms,Tear=0,Early=0,Stale=72,Stale2/5/10/max=0/0/0/0,VSnc=1,Lat=0,Fov=0,CPU4/GPU=2/2,1171/441MHz,OC=FF,TA=0/70/0,SP=N/F/N,Mem=1555MHz,Free=8280MB,PLS=0,Temp=19.0C/0.0C,TW=2.40ms,App=0.78ms,GD=0.00ms,CPU&GPU=13.88ms,LCnt=1(DR72,LM0),GPU%=0.24,CPU%=0.09(W0.11),DSF=1.00,CFL=18.82/22.41
01-29 13:58:11.009 14899 16848 I VrApi   : FPS=73/72,Prd=0ms,Tear=0,Early=0,Stale=9,Stale2/5/10/max=0/0/1/177,VSnc=1,Lat=0,Fov=0,CPU4/GPU=2/2,1171/441MHz,OC=FF,TA=0/70/0,SP=N/F/N,Mem=2092MHz,Free=8280MB,PLS=0,Temp=19.0C/0.0C,TW=2.39ms,App=0.78ms,GD=0.00ms,CPU&GPU=13.88ms,LCnt=1(DR72,LM0),GPU%=0.24,CPU%=0.08(W0.15),DSF=1.00,CFL=18.66/22.73
01-29 13:58:12.008 14899 16848 I VrApi   : FPS=73/72,Prd=0ms,Tear=0,Early=0,Stale=0,Stale2/5/10/max=0/0/0/0,VSnc=1,Lat=0,Fov=0,CPU4/GPU=2/2,1171/441MHz,OC=FF,TA=0/70/0,SP=N/F/N,Mem=2092MHz,Free=8280MB,PLS=0,Temp=19.0C/0.0C,TW=2.39ms,App=0.82ms,GD=0.00ms,CPU&GPU=13.88ms,LCnt=1(DR72,LM0),GPU%=0.24,CPU%=0.07(W0.11),DSF=1.00,CFL=18.72/22.54
01-29 13:58:13.011 14899 16848 I VrApi   : FPS=73/72,Prd=0ms,Tear=0,Early=0,Stale=0,Stale2/5/10/max=0/0/0/0,VSnc=1,Lat=0,Fov=0,CPU4/GPU=2/2,1171/441MHz,OC=FF,TA=0/70/0,SP=N/F/N,Mem=2092MHz,Free=8280MB,PLS=0,Temp=19.0C/0.0C,TW=2.40ms,App=0.88ms,GD=0.00ms,CPU&GPU=13.88ms,LCnt=1(DR72,LM0),GPU%=0.25,CPU%=0.07(W0.10),DSF=1.00,CFL=18.69/22.62
01-29 13:58:14.007 14899 16848 I VrApi   : FPS=72/72,Prd=0ms,Tear=0,Early=0,Stale=13,Stale2/5/10/max=0/0/0/0,VSnc=1,Lat=0,Fov=0,CPU4/GPU=2/2,1171/441MHz,OC=FF,TA=0/70/0,SP=N/F/N,Mem=2092MHz,Free=8280MB,PLS=0,Temp=19.0C/0.0C,TW=2.40ms,App=0.91ms,GD=0.00ms,CPU&GPU=13.89ms,LCnt=1(DR72,LM0),GPU%=0.25,CPU%=0.18(W0.22),DSF=1.00,CFL=18.84/22.49
01-29 13:58:15.007 14899 16848 I VrApi   : FPS=73/72,Prd=0ms,Tear=0,Early=0,Stale=72,Stale2/5/10/max=0/0/0/0,VSnc=1,Lat=0,Fov=0,CPU4/GPU=2/2,1171/441MHz,OC=FF,TA=0/70/0,SP=N/F/N,Mem=2092MHz,Free=8280MB,PLS=0,Temp=19.0C/0.0C,TW=2.40ms,App=0.82ms,GD=0.00ms,CPU&GPU=13.88ms,LCnt=1(DR72,LM0),GPU%=0.25,CPU%=0.09(W0.23),DSF=1.00,CFL=18.78/22.33
01-29 13:58:16.007 14899 16848 I VrApi   : FPS=73/72,Prd=0ms,Tear=0,Early=0,Stale=72,Stale2/5/10/max=0/0/0/0,VSnc=1,Lat=0,Fov=0,CPU4/GPU=2/2,1171/441MHz,OC=FF,TA=0/70/0,SP=N/F/N,Mem=2092MHz,Free=8280MB,PLS=0,Temp=19.0C/0.0C,TW=2.40ms,App=0.81ms,GD=0.00ms,CPU&GPU=13.88ms,LCnt=1(DR72,LM0),GPU%=0.25,CPU%=0.14(W0.18),DSF=1.00,CFL=18.70/22.91
01-29 13:58:17.016 14899 16848 I VrApi   : FPS=73/72,Prd=0ms,Tear=0,Early=0,Stale=20,Stale2/5/10/max=0/0/1/176,VSnc=1,Lat=0,Fov=0,CPU4/GPU=2/2,1171/441MHz,OC=FF,TA=0/70/0,SP=N/F/N,Mem=1555MHz,Free=8279MB,PLS=0,Temp=19.0C/0.0C,TW=2.39ms,App=0.77ms,GD=0.00ms,CPU&GPU=13.88ms,LCnt=1(DR72,LM0),GPU%=0.24,CPU%=0.11(W0.18),DSF=1.00,CFL=18.68/22.39
01-29 13:58:18.007 14899 16848 I VrApi   : FPS=72/72,Prd=0ms,Tear=0,Early=0,Stale=0,Stale2/5/10/max=0/0/0/0,VSnc=1,Lat=0,Fov=0,CPU4/GPU=2/2,1171/441MHz,OC=FF,TA=0/70/0,SP=N/F/N,Mem=2092MHz,Free=8279MB,PLS=0,Temp=19.0C/0.0C,TW=2.39ms,App=0.77ms,GD=0.00ms,CPU&GPU=13.89ms,LCnt=1(DR72,LM0),GPU%=0.24,CPU%=0.03(W0.05),DSF=1.00,CFL=18.78/23.15
01-29 13:58:19.010 14899 16848 I VrApi   : FPS=73/72,Prd=0ms,Tear=0,Early=0,Stale=0,Stale2/5/10/max=0/0/0/0,VSnc=1,Lat=0,Fov=0,CPU4/GPU=2/2,1171/441MHz,OC=FF,TA=0/70/0,SP=N/F/N,Mem=1555MHz,Free=8279MB,PLS=0,Temp=19.0C/0.0C,TW=2.40ms,App=0.86ms,GD=0.00ms,CPU&GPU=13.88ms,LCnt=1(DR72,LM0),GPU%=0.25,CPU%=0.06(W0.14),DSF=1.00,CFL=18.71/22.71
01-29 13:58:20.007 14899 16848 I VrApi   : FPS=72/72,Prd=0ms,Tear=0,Early=0,Stale=2,Stale2/5/10/max=0/0/0/0,VSnc=1,Lat=0,Fov=0,CPU4/GPU=2/2,1171/441MHz,OC=FF,TA=0/70/0,SP=N/F/N,Mem=1555MHz,Free=8279MB,PLS=0,Temp=19.2C/0.0C,TW=2.40ms,App=0.87ms,GD=0.00ms,CPU&GPU=13.89ms,LCnt=1(DR72,LM0),GPU%=0.25,CPU%=0.15(W0.22),DSF=1.00,CFL=18.50/22.35
01-29 13:58:21.007 14899 16848 I VrApi   : FPS=72/72,Prd=0ms,Tear=0,Early=0,Stale=72,Stale2/5/10/max=0/0/0/0,VSnc=1,Lat=0,Fov=0,CPU4/GPU=2/2,1171/441MHz,OC=FF,TA=0/70/0,SP=N/F/N,Mem=2092MHz,Free=8279MB,PLS=0,Temp=19.2C/0.0C,TW=2.39ms,App=0.83ms,GD=0.00ms,CPU&GPU=13.89ms,LCnt=1(DR72,LM0),GPU%=0.25,CPU%=0.03(W0.05),DSF=1.00,CFL=18.97/22.46
01-29 13:58:22.008 14899 16848 I VrApi   : FPS=73/72,Prd=0ms,Tear=0,Early=0,Stale=72,Stale2/5/10/max=0/0/0/0,VSnc=1,Lat=0,Fov=0,CPU4/GPU=2/2,1171/441MHz,OC=FF,TA=0/70/0,SP=N/F/N,Mem=2092MHz,Free=8279MB,PLS=0,Temp=19.2C/0.0C,TW=2.39ms,App=0.83ms,GD=0.00ms,CPU&GPU=13.88ms,LCnt=1(DR72,LM0),GPU%=0.25,CPU%=0.08(W0.14),DSF=1.00,CFL=18.96/22.69
01-29 13:58:23.008 14899 16848 I VrApi   : FPS=73/72,Prd=0ms,Tear=1,Early=0,Stale=32,Stale2/5/10/max=0/0/1/177,VSnc=1,Lat=0,Fov=0,CPU4/GPU=2/2,1171/441MHz,OC=FF,TA=0/70/0,SP=N/F/N,Mem=2092MHz,Free=8279MB,PLS=0,Temp=19.2C/0.0C,TW=2.40ms,App=0.83ms,GD=0.00ms,CPU&GPU=13.88ms,LCnt=1(DR72,LM0),GPU%=0.25,CPU%=0.16(W0.22),DSF=1.00,CFL=18.93/23.10
01-29 13:58:24.008 14899 16848 I VrApi   : FPS=73/72,Prd=0ms,Tear=0,Early=0,Stale=0,Stale2/5/10/max=0/0/0/0,VSnc=1,Lat=0,Fov=0,CPU4/GPU=2/2,1171/441MHz,OC=FF,TA=0/70/0,SP=N/F/N,Mem=2092MHz,Free=8279MB,PLS=0,Temp=19.2C/0.0C,TW=2.39ms,App=0.77ms,GD=0.00ms,CPU&GPU=13.89ms,LCnt=1(DR72,LM0),GPU%=0.25,CPU%=0.05(W0.10),DSF=1.00,CFL=18.68/22.22
01-29 13:58:25.008 14899 16848 I VrApi   : FPS=72/72,Prd=0ms,Tear=0,Early=0,Stale=0,Stale2/5/10/max=0/0/0/0,VSnc=1,Lat=0,Fov=0,CPU4/GPU=2/2,1171/441MHz,OC=FF,TA=0/70/0,SP=N/F/N,Mem=1555MHz,Free=8279MB,PLS=0,Temp=19.2C/0.0C,TW=2.39ms,App=0.84ms,GD=0.00ms,CPU&GPU=13.88ms,LCnt=1(DR72,LM0),GPU%=0.25,CPU%=0.04(W0.05),DSF=1.00,CFL=18.78/22.58
01-29 13:58:26.008 14899 16848 I VrApi   : FPS=73/72,Prd=0ms,Tear=0,Early=0,Stale=0,Stale2/5/10/max=0/0/0/0,VSnc=1,Lat=0,Fov=0,CPU4/GPU=2/2,1171/441MHz,OC=FF,TA=0/70/0,SP=N/F/N,Mem=1555MHz,Free=8279MB,PLS=0,Temp=19.2C/0.0C,TW=2.39ms,App=0.95ms,GD=0.00ms,CPU&GPU=13.88ms,LCnt=1(DR72,LM0),GPU%=0.26,CPU%=0.07(W0.10),DSF=1.00,CFL=18.65/23.28
01-29 13:58:27.008 14899 16848 I VrApi   : FPS=73/72,Prd=0ms,Tear=0,Early=0,Stale=63,Stale2/5/10/max=0/0/0/0,VSnc=1,Lat=0,Fov=0,CPU4/GPU=2/2,1171/441MHz,OC=FF,TA=0/70/0,SP=N/F/N,Mem=1555MHz,Free=8279MB,PLS=0,Temp=19.2C/0.0C,TW=2.40ms,App=0.87ms,GD=0.00ms,CPU&GPU=13.89ms,LCnt=1(DR72,LM0),GPU%=0.25,CPU%=0.04(W0.06),DSF=1.00,CFL=18.84/22.73
01-29 13:58:28.008 14899 16848 I VrApi   : FPS=73/72,Prd=0ms,Tear=0,Early=0,Stale=72,Stale2/5/10/max=0/0/0/0,VSnc=1,Lat=0,Fov=0,CPU4/GPU=2/2,1171/441MHz,OC=FF,TA=0/70/0,SP=N/F/N,Mem=2092MHz,Free=8279MB,PLS=0,Temp=19.2C/0.0C,TW=2.40ms,App=0.84ms,GD=0.00ms,CPU&GPU=13.88ms,LCnt=1(DR72,LM0),GPU%=0.25,CPU%=0.08(W0.19),DSF=1.00,CFL=18.69/22.54
01-29 13:58:29.008 14899 16848 I VrApi   : FPS=73/72,Prd=0ms,Tear=0,Early=0,Stale=41,Stale2/5/10/max=0/0/1/175,VSnc=1,Lat=0,Fov=0,CPU4/GPU=2/2,1171/441MHz,OC=FF,TA=0/70/0,SP=N/F/N,Mem=1555MHz,Free=8279MB,PLS=0,Temp=19.2C/0.0C,TW=2.40ms,App=0.82ms,GD=0.00ms,CPU&GPU=13.88ms,LCnt=1(DR72,LM0),GPU%=0.25,CPU%=0.07(W0.11),DSF=1.00,CFL=18.69/22.86
01-29 13:58:30.008 14899 16848 I VrApi   : FPS=73/72,Prd=0ms,Tear=0,Early=0,Stale=0,Stale2/5/10/max=0/0/0/0,VSnc=1,Lat=0,Fov=0,CPU4/GPU=2/2,1171/441MHz,OC=FF,TA=0/70/0,SP=N/F/N,Mem=2092MHz,Free=8279MB,PLS=0,Temp=19.0C/0.0C,TW=2.40ms,App=0.82ms,GD=0.00ms,CPU&GPU=13.89ms,LCnt=1(DR72,LM0),GPU%=0.24,CPU%=0.08(W0.10),DSF=1.00,CFL=18.57/22.43
01-29 13:58:31.009 14899 16848 I VrApi   : FPS=72/72,Prd=0ms,Tear=0,Early=0,Stale=0,Stale2/5/10/max=0/0/0/0,VSnc=1,Lat=0,Fov=0,CPU4/GPU=2/2,1171/441MHz,OC=FF,TA=0/70/0,SP=N/F/N,Mem=1555MHz,Free=8279MB,PLS=0,Temp=19.0C/0.0C,TW=2.39ms,App=0.86ms,GD=0.00ms,CPU&GPU=13.88ms,LCnt=1(DR72,LM0),GPU%=0.25,CPU%=0.08(W0.14),DSF=1.00,CFL=18.67/22.39
01-29 13:58:32.009 14899 16848 I VrApi   : FPS=73/72,Prd=0ms,Tear=0,Early=0,Stale=0,Stale2/5/10/max=0/0/0/0,VSnc=1,Lat=0,Fov=0,CPU4/GPU=2/2,1171/441MHz,OC=FF,TA=0/70/0,SP=N/F/N,Mem=1555MHz,Free=8279MB,PLS=0,Temp=19.0C/0.0C,TW=2.40ms,App=0.89ms,GD=0.00ms,CPU&GPU=13.88ms,LCnt=1(DR72,LM0),GPU%=0.26,CPU%=0.16(W0.25),DSF=1.00,CFL=18.64/22.84
01-29 13:58:33.008 14899 16848 I VrApi   : FPS=73/72,Prd=0ms,Tear=0,Early=0,Stale=53,Stale2/5/10/max=0/0/0/0,VSnc=1,Lat=0,Fov=0,CPU4/GPU=2/2,1171/441MHz,OC=FF,TA=0/70/0,SP=N/F/N,Mem=1555MHz,Free=8279MB,PLS=0,Temp=19.0C/0.0C,TW=2.40ms,App=0.89ms,GD=0.00ms,CPU&GPU=13.88ms,LCnt=1(DR72,LM0),GPU%=0.25,CPU%=0.08(W0.18),DSF=1.00,CFL=18.52/23.20
01-29 13:58:34.008 14899 16848 I VrApi   : FPS=72/72,Prd=0ms,Tear=0,Early=0,Stale=72,Stale2/5/10/max=0/0/0/0,VSnc=1,Lat=0,Fov=0,CPU4/GPU=2/2,1171/441MHz,OC=FF,TA=0/70/0,SP=N/F/N,Mem=2092MHz,Free=8279MB,PLS=0,Temp=19.0C/0.0C,TW=2.40ms,App=0.82ms,GD=0.00ms,CPU&GPU=13.88ms,LCnt=1(DR72,LM0),GPU%=0.25,CPU%=0.05(W0.05),DSF=1.00,CFL=18.56/23.11
01-29 13:58:35.009 14899 16848 I VrApi   : FPS=72/72,Prd=0ms,Tear=0,Early=0,Stale=52,Stale2/5/10/max=0/0/1/177,VSnc=1,Lat=0,Fov=0,CPU4/GPU=2/2,1171/441MHz,OC=FF,TA=0/70/0,SP=N/F/N,Mem=1555MHz,Free=8279MB,PLS=0,Temp=19.0C/0.0C,TW=2.40ms,App=0.80ms,GD=0.00ms,CPU&GPU=13.88ms,LCnt=1(DR72,LM0),GPU%=0.25,CPU%=0.07(W0.10),DSF=1.00,CFL=18.70/22.48
01-29 13:58:36.010 14899 16848 I VrApi   : FPS=73/72,Prd=0ms,Tear=0,Early=0,Stale=0,Stale2/5/10/max=0/0/0/0,VSnc=1,Lat=0,Fov=0,CPU4/GPU=2/2,1171/441MHz,OC=FF,TA=0/70/0,SP=N/F/N,Mem=2092MHz,Free=8279MB,PLS=0,Temp=19.0C/0.0C,TW=2.39ms,App=0.80ms,GD=0.00ms,CPU&GPU=13.89ms,LCnt=1(DR72,LM0),GPU%=0.25,CPU%=0.07(W0.14),DSF=1.00,CFL=18.80/22.74
01-29 13:58:37.017 14899 16848 I VrApi   : FPS=73/72,Prd=0ms,Tear=0,Early=0,Stale=0,Stale2/5/10/max=0/0/0/0,VSnc=1,Lat=0,Fov=0,CPU4/GPU=2/2,1171/441MHz,OC=FF,TA=0/70/0,SP=N/F/N,Mem=2092MHz,Free=8276MB,PLS=0,Temp=19.0C/0.0C,TW=2.39ms,App=0.80ms,GD=0.00ms,CPU&GPU=13.88ms,LCnt=1(DR72,LM0),GPU%=0.25,CPU%=0.20(W0.28),DSF=1.00,CFL=18.80/22.71
01-29 13:58:38.008 14899 16848 I VrApi   : FPS=72/72,Prd=0ms,Tear=0,Early=0,Stale=0,Stale2/5/10/max=0/0/0/0,VSnc=1,Lat=0,Fov=0,CPU4/GPU=2/2,1171/441MHz,OC=FF,TA=0/70/0,SP=N/F/N,Mem=1555MHz,Free=8276MB,PLS=0,Temp=19.0C/0.0C,TW=2.40ms,App=0.89ms,GD=0.00ms,CPU&GPU=13.88ms,LCnt=1(DR72,LM0),GPU%=0.26,CPU%=0.07(W0.10),DSF=1.00,CFL=18.55/22.31
01-29 13:58:39.009 14899 16848 I VrApi   : FPS=73/72,Prd=0ms,Tear=0,Early=0,Stale=42,Stale2/5/10/max=0/0/0/0,VSnc=1,Lat=0,Fov=0,CPU4/GPU=2/2,1171/441MHz,OC=FF,TA=0/70/0,SP=N/F/N,Mem=2092MHz,Free=8276MB,PLS=0,Temp=19.0C/0.0C,TW=2.40ms,App=0.90ms,GD=0.00ms,CPU&GPU=13.88ms,LCnt=1(DR72,LM0),GPU%=0.26,CPU%=0.10(W0.24),DSF=1.00,CFL=18.69/22.23
01-29 13:58:40.009 14899 16848 I VrApi   : FPS=73/72,Prd=0ms,Tear=0,Early=0,Stale=72,Stale2/5/10/max=0/0/0/0,VSnc=1,Lat=0,Fov=0,CPU4/GPU=2/2,1171/441MHz,OC=FF,TA=0/70/0,SP=N/F/N,Mem=1555MHz,Free=8276MB,PLS=0,Temp=19.2C/0.0C,TW=2.40ms,App=0.82ms,GD=0.00ms,CPU&GPU=13.88ms,LCnt=1(DR72,LM0),GPU%=0.25,CPU%=0.09(W0.11),DSF=1.00,CFL=18.67/22.72
01-29 13:58:41.010 14899 16848 I VrApi   : FPS=72/72,Prd=0ms,Tear=0,Early=0,Stale=63,Stale2/5/10/max=0/0/1/177,VSnc=1,Lat=0,Fov=0,CPU4/GPU=2/2,1171/441MHz,OC=FF,TA=0/70/0,SP=N/F/N,Mem=1555MHz,Free=8276MB,PLS=0,Temp=19.2C/0.0C,TW=2.39ms,App=0.87ms,GD=0.00ms,CPU&GPU=13.88ms,LCnt=1(DR72,LM0),GPU%=0.25,CPU%=0.07(W0.14),DSF=1.00,CFL=18.57/22.60
01-29 13:58:42.010 14899 16848 I VrApi   : FPS=73/72,Prd=0ms,Tear=0,Early=0,Stale=0,Stale2/5/10/max=0/0/0/0,VSnc=1,Lat=0,Fov=0,CPU4/GPU=2/2,1171/441MHz,OC=FF,TA=0/70/0,SP=N/F/N,Mem=1555MHz,Free=8276MB,PLS=0,Temp=19.2C/0.0C,TW=2.40ms,App=0.79ms,GD=0.00ms,CPU&GPU=13.89ms,LCnt=1(DR72,LM0),GPU%=0.25,CPU%=0.13(W0.18),DSF=1.00,CFL=18.70/23.62
01-29 13:58:43.009 14899 16848 I VrApi   : FPS=73/72,Prd=0ms,Tear=0,Early=0,Stale=0,Stale2/5/10/max=0/0/0/0,VSnc=1,Lat=0,Fov=0,CPU4/GPU=2/2,1171/441MHz,OC=FF,TA=0/70/0,SP=N/F/N,Mem=2092MHz,Free=8276MB,PLS=0,Temp=19.2C/0.0C,TW=2.39ms,App=0.78ms,GD=0.00ms,CPU&GPU=13.89ms,LCnt=1(DR72,LM0),GPU%=0.24,CPU%=0.05(W0.10),DSF=1.00,CFL=18.92/22.60
01-29 13:58:44.009 14899 16848 I VrApi   : FPS=73/72,Prd=0ms,Tear=0,Early=0,Stale=0,Stale2/5/10/max=0/0/0/0,VSnc=1,Lat=0,Fov=0,CPU4/GPU=2/2,1171/441MHz,OC=FF,TA=0/70/0,SP=N/F/N,Mem=2092MHz,Free=8276MB,PLS=0,Temp=19.2C/0.0C,TW=2.40ms,App=0.89ms,GD=0.00ms,CPU&GPU=13.89ms,LCnt=1(DR72,LM0),GPU%=0.26,CPU%=0.03(W0.10),DSF=1.00,CFL=18.57/22.21
01-29 13:58:45.010 14899 16848 I VrApi   : FPS=72/72,Prd=0ms,Tear=0,Early=0,Stale=31,Stale2/5/10/max=0/0/0/0,VSnc=1,Lat=0,Fov=0,CPU4/GPU=2/2,1171/441MHz,OC=FF,TA=0/70/0,SP=N/F/N,Mem=1555MHz,Free=8276MB,PLS=0,Temp=19.2C/0.0C,TW=2.40ms,App=0.88ms,GD=0.00ms,CPU&GPU=13.88ms,LCnt=1(DR72,LM0),GPU%=0.25,CPU%=0.10(W0.15),DSF=1.00,CFL=18.67/22.73
01-29 13:58:46.010 14899 16848 I VrApi   : FPS=73/72,Prd=0ms,Tear=0,Early=0,Stale=72,Stale2/5/10/max=0/0/0/0,VSnc=1,Lat=0,Fov=0,CPU4/GPU=2/2,1171/441MHz,OC=FF,TA=0/70/0,SP=N/F/N,Mem=1555MHz,Free=8276MB,PLS=0,Temp=19.2C/0.0C,TW=2.41ms,App=0.85ms,GD=0.00ms,CPU&GPU=13.88ms,LCnt=1(DR72,LM0),GPU%=0.25,CPU%=0.09(W0.11),DSF=1.00,CFL=18.87/22.45
01-29 13:58:47.009 14899 16848 I VrApi   : FPS=72/72,Prd=0ms,Tear=0,Early=0,Stale=72,Stale2/5/10/max=0/0/0/0,VSnc=1,Lat=0,Fov=0,CPU4/GPU=2/2,1171/441MHz,OC=FF,TA=0/70/0,SP=N/F/N,Mem=1555MHz,Free=8276MB,PLS=0,Temp=19.2C/0.0C,TW=2.39ms,App=0.85ms,GD=0.00ms,CPU&GPU=13.88ms,LCnt=1(DR72,LM0),GPU%=0.25,CPU%=0.03(W0.05),DSF=1.00,CFL=18.84/22.69
01-29 13:58:48.011 14899 16848 I VrApi   : FPS=73/72,Prd=0ms,Tear=0,Early=0,Stale=1,Stale2/5/10/max=0/0/1/175,VSnc=1,Lat=0,Fov=0,CPU4/GPU=2/2,1171/441MHz,OC=FF,TA=0/70/0,SP=N/F/N,Mem=2092MHz,Free=8276MB,PLS=0,Temp=19.2C/0.0C,TW=2.40ms,App=0.86ms,GD=0.00ms,CPU&GPU=13.89ms,LCnt=1(DR72,LM0),GPU%=0.25,CPU%=0.16(W0.25),DSF=1.00,CFL=18.67/23.00
01-29 13:58:49.010 14899 16848 I VrApi   : FPS=72/72,Prd=0ms,Tear=0,Early=0,Stale=0,Stale2/5/10/max=0/0/0/0,VSnc=1,Lat=0,Fov=0,CPU4/GPU=2/2,1171/441MHz,OC=FF,TA=0/70/0,SP=N/F/N,Mem=1555MHz,Free=8276MB,PLS=0,Temp=19.2C/0.0C,TW=2.39ms,App=0.82ms,GD=0.00ms,CPU&GPU=13.88ms,LCnt=1(DR72,LM0),GPU%=0.25,CPU%=0.13(W0.18),DSF=1.00,CFL=18.66/22.82
01-29 13:58:50.009 14899 16848 I VrApi   : FPS=73/72,Prd=0ms,Tear=0,Early=0,Stale=0,Stale2/5/10/max=0/0/0/0,VSnc=1,Lat=0,Fov=0,CPU4/GPU=2/2,1171/441MHz,OC=FF,TA=0/70/0,SP=N/F/N,Mem=2092MHz,Free=8276MB,PLS=0,Temp=19.2C/0.0C,TW=2.40ms,App=0.91ms,GD=0.00ms,CPU&GPU=13.88ms,LCnt=1(DR72,LM0),GPU%=0.25,CPU%=0.13(W0.19),DSF=1.00,CFL=18.83/22.92
01-29 13:58:51.010 14899 16848 I VrApi   : FPS=73/72,Prd=0ms,Tear=0,Early=0,Stale=20,Stale2/5/10/max=0/0/0/0,VSnc=1,Lat=0,Fov=0,CPU4/GPU=2/2,1171/441MHz,OC=FF,TA=0/70/0,SP=N/F/N,Mem=2092MHz,Free=8276MB,PLS=0,Temp=19.2C/0.0C,TW=2.40ms,App=0.93ms,GD=0.00ms,CPU&GPU=13.88ms,LCnt=1(DR72,LM0),GPU%=0.26,CPU%=0.08(W0.18),DSF=1.00,CFL=18.63/22.65
01-29 13:58:52.011 14899 16848 I VrApi   : FPS=73/72,Prd=0ms,Tear=0,Early=0,Stale=72,Stale2/5/10/max=0/0/0/0,VSnc=1,Lat=0,Fov=0,CPU4/GPU=2/2,1171/441MHz,OC=FF,TA=0/70/0,SP=N/F/N,Mem=1555MHz,Free=8276MB,PLS=0,Temp=19.2C/0.0C,TW=2.40ms,App=0.90ms,GD=0.00ms,CPU&GPU=13.87ms,LCnt=1(DR72,LM0),GPU%=0.25,CPU%=0.15(W0.21),DSF=1.00,CFL=18.92/22.23
01-29 13:58:53.010 14899 16848 I VrApi   : FPS=72/72,Prd=0ms,Tear=0,Early=0,Stale=72,Stale2/5/10/max=0/0/0/0,VSnc=1,Lat=0,Fov=0,CPU4/GPU=2/2,1171/441MHz,OC=FF,TA=0/70/0,SP=N/F/N,Mem=1555MHz,Free=8276MB,PLS=0,Temp=19.2C/0.0C,TW=2.40ms,App=0.82ms,GD=0.00ms,CPU&GPU=13.88ms,LCnt=1(DR72,LM0),GPU%=0.25,CPU%=0.10(W0.18),DSF=1.00,CFL=18.61/22.65
01-29 13:58:54.010 14899 16848 I VrApi   : FPS=73/72,Prd=0ms,Tear=0,Early=0,Stale=12,Stale2/5/10/max=0/0/1/175,VSnc=1,Lat=0,Fov=0,CPU4/GPU=2/2,1171/441MHz,OC=FF,TA=0/70/0,SP=N/F/N,Mem=1555MHz,Free=8276MB,PLS=0,Temp=19.2C/0.0C,TW=2.39ms,App=0.83ms,GD=0.00ms,CPU&GPU=13.89ms,LCnt=1(DR72,LM0),GPU%=0.25,CPU%=0.11(W0.14),DSF=1.00,CFL=18.60/22.42
01-29 13:58:55.011 14899 16848 I VrApi   : FPS=72/72,Prd=0ms,Tear=0,Early=0,Stale=0,Stale2/5/10/max=0/0/0/0,VSnc=1,Lat=0,Fov=0,CPU4/GPU=2/2,1171/441MHz,OC=FF,TA=0/70/0,SP=N/F/N,Mem=2092MHz,Free=8276MB,PLS=0,Temp=19.2C/0.0C,TW=2.39ms,App=0.78ms,GD=0.00ms,CPU&GPU=13.89ms,LCnt=1(DR72,LM0),GPU%=0.25,CPU%=0.07(W0.11),DSF=1.00,CFL=18.52/23.07
01-29 13:58:56.011 14899 16848 I VrApi   : FPS=73/72,Prd=0ms,Tear=0,Early=0,Stale=0,Stale2/5/10/max=0/0/0/0,VSnc=1,Lat=0,Fov=0,CPU4/GPU=2/2,1171/441MHz,OC=FF,TA=0/70/0,SP=N/F/N,Mem=2092MHz,Free=8276MB,PLS=0,Temp=19.2C/0.0C,TW=2.39ms,App=0.89ms,GD=0.00ms,CPU&GPU=13.88ms,LCnt=1(DR72,LM0),GPU%=0.25,CPU%=0.09(W0.22),DSF=1.00,CFL=18.55/22.45
01-29 13:58:57.018 14899 16848 I VrApi   : FPS=73/72,Prd=0ms,Tear=0,Early=0,Stale=9,Stale2/5/10/max=0/0/0/0,VSnc=1,Lat=0,Fov=0,CPU4/GPU=2/2,1171/441MHz,OC=FF,TA=0/70/0,SP=N/F/N,Mem=1555MHz,Free=8289MB,PLS=0,Temp=19.2C/0.0C,TW=2.41ms,App=0.89ms,GD=0.00ms,CPU&GPU=13.88ms,LCnt=1(DR72,LM0),GPU%=0.25,CPU%=0.08(W0.10),DSF=1.00,CFL=18.82/22.80
01-29 13:58:58.012 14899 16848 I VrApi   : FPS=72/72,Prd=0ms,Tear=0,Early=0,Stale=72,Stale2/5/10/max=0/0/0/0,VSnc=1,Lat=0,Fov=0,CPU4/GPU=2/2,1171/441MHz,OC=FF,TA=0/70/0,SP=N/F/N,Mem=1555MHz,Free=8289MB,PLS=0,Temp=19.2C/0.0C,TW=2.40ms,App=0.83ms,GD=0.00ms,CPU&GPU=13.87ms,LCnt=1(DR72,LM0),GPU%=0.25,CPU%=0.15(W0.17),DSF=1.00,CFL=18.72/22.66
01-29 13:58:59.012 14899 16848 I VrApi   : FPS=72/72,Prd=0ms,Tear=0,Early=0,Stale=72,Stale2/5/10/max=0/0/0/0,VSnc=1,Lat=0,Fov=0,CPU4/GPU=2/2,1171/441MHz,OC=FF,TA=0/70/0,SP=N/F/N,Mem=2092MHz,Free=8289MB,PLS=0,Temp=19.2C/0.0C,TW=2.39ms,App=0.83ms,GD=0.00ms,CPU&GPU=13.88ms,LCnt=1(DR72,LM0),GPU%=0.25,CPU%=0.05(W0.10),DSF=1.00,CFL=18.63/22.71
01-29 13:59:00.015 14899 16848 I VrApi   : FPS=73/72,Prd=0ms,Tear=0,Early=0,Stale=23,Stale2/5/10/max=0/0/1/176,VSnc=1,Lat=0,Fov=0,CPU4/GPU=2/2,1171/441MHz,OC=FF,TA=0/70/0,SP=N/F/N,Mem=1555MHz,Free=8289MB,PLS=0,Temp=19.2C/0.0C,TW=2.39ms,App=0.83ms,GD=0.00ms,CPU&GPU=13.89ms,LCnt=1(DR72,LM0),GPU%=0.25,CPU%=0.10(W0.14),DSF=1.00,CFL=18.84/22.47
01-29 13:59:01.010 14899 16848 I VrApi   : FPS=73/72,Prd=0ms,Tear=0,Early=0,Stale=0,Stale2/5/10/max=0/0/0/0,VSnc=1,Lat=0,Fov=0,CPU4/GPU=2/2,1171/441MHz,OC=FF,TA=0/70/0,SP=N/F/N,Mem=1555MHz,Free=8289MB,PLS=0,Temp=19.2C/0.0C,TW=2.39ms,App=0.80ms,GD=0.00ms,CPU&GPU=13.88ms,LCnt=1(DR72,LM0),GPU%=0.25,CPU%=0.10(W0.10),DSF=1.00,CFL=18.74/22.38
01-29 13:59:02.011 14899 16848 I VrApi   : FPS=73/72,Prd=0ms,Tear=0,Early=0,Stale=0,Stale2/5/10/max=0/0/0/0,VSnc=1,Lat=0,Fov=0,CPU4/GPU=2/2,1171/441MHz,OC=FF,TA=0/70/0,SP=N/F/N,Mem=1555MHz,Free=8289MB,PLS=0,Temp=19.2C/0.0C,TW=2.39ms,App=0.85ms,GD=0.00ms,CPU&GPU=13.88ms,LCnt=1(DR72,LM0),GPU%=0.25,CPU%=0.12(W0.21),DSF=1.00,CFL=18.70/22.60
01-29 13:59:03.011 14899 16848 I VrApi   : FPS=72/72,Prd=0ms,Tear=0,Early=0,Stale=0,Stale2/5/10/max=0/0/0/0,VSnc=1,Lat=0,Fov=0,CPU4/GPU=2/2,1171/441MHz,OC=FF,TA=0/70/0,SP=N/F/N,Mem=2092MHz,Free=8289MB,PLS=0,Temp=19.2C/0.0C,TW=2.40ms,App=0.91ms,GD=0.00ms,CPU&GPU=13.89ms,LCnt=1(DR72,LM0),GPU%=0.26,CPU%=0.14(W0.23),DSF=1.00,CFL=18.68/22.54
01-29 13:59:04.011 14899 16848 I VrApi   : FPS=73/72,Prd=0ms,Tear=0,Early=0,Stale=70,Stale2/5/10/max=0/0/0/0,VSnc=1,Lat=0,Fov=0,CPU4/GPU=2/2,1171/441MHz,OC=FF,TA=0/70/0,SP=N/F/N,Mem=1555MHz,Free=8289MB,PLS=0,Temp=19.2C/0.0C,TW=2.40ms,App=0.88ms,GD=0.00ms,CPU&GPU=13.88ms,LCnt=1(DR72,LM0),GPU%=0.25,CPU%=0.08(W0.10),DSF=1.00,CFL=18.73/22.51
01-29 13:59:05.010 14899 16848 I VrApi   : FPS=72/72,Prd=0ms,Tear=0,Early=0,Stale=72,Stale2/5/10/max=0/0/0/0,VSnc=1,Lat=0,Fov=0,CPU4/GPU=2/2,1171/441MHz,OC=FF,TA=0/70/0,SP=N/F/N,Mem=1555MHz,Free=8289MB,PLS=0,Temp=19.2C/0.0C,TW=2.40ms,App=0.82ms,GD=0.00ms,CPU&GPU=13.88ms,LCnt=1(DR72,LM0),GPU%=0.25,CPU%=0.13(W0.18),DSF=1.00,CFL=18.63/22.22
01-29 13:59:05.676 14899 14922 W VrApi   : ovr_SubmitFrameInternal: FrameIndex discontinuity: Expected 6869, Received 6868
01-29 13:59:05.677 14899 14922 I VrApi   : ---------- vrapi_LeaveVrMode [start] ----------
01-29 13:59:05.685 14899 14922 D VrApi   : targetSDKVersion 29
01-29 13:59:05.700 14899 16848 I VrApi   : FPS=72/72,Prd=0ms,Tear=0,Early=0,Stale=72,Stale2/5/10/max=0/0/0/0,VSnc=1,Lat=0,Fov=0,CPU4/GPU=2/2,1171/441MHz,OC=FF,TA=0/70/0,SP=N/N/N,Mem=2092MHz,Free=8289MB,PLS=0,Temp=19.2C/0.0C,TW=2.40ms,App=0.82ms,GD=0.00ms,CPU&GPU=13.88ms,LCnt=1(DR72,LM0),GPU%=0.25,CPU%=0.13(W0.18),DSF=1.00,CFL=18.63/22.22
01-29 13:59:05.739 14899 14922 I VrApi   : OVR::Stats thread stopped
01-29 13:59:05.766  1955  2065 D VrApi   : targetSDKVersion 29
01-29 13:59:05.774 14899 14922 I VrApi   : ---------- vrapi_LeaveVrMode [end] ----------
01-29 13:59:05.799  1955  2065 I VrApi   : OVR::Stats thread started
01-29 13:59:05.800  1955 19414 D VrApi   : targetSDKVersion 29
01-29 13:59:05.826  2966  3126 D VrApi   : targetSDKVersion 29
01-29 13:59:05.916  2966  3126 I VrApi   : OVR::Stats thread started
01-29 13:59:05.923  2966 19420 D VrApi   : targetSDKVersion 29
01-29 13:59:07.015  1955 19414 I VrApi   : FPS=72/90,Prd=27ms,Tear=1,Early=0,Stale=24,Stale2/5/10/max=2/1/1/10424,VSnc=0,Lat=-1,Fov=0,CPU4/GPU=3/3,2419/490MHz,OC=FF,TA=0/70/0,SP=N/F/N,Mem=2092MHz,Free=8249MB,PLS=0,Temp=19.2C/0.0C,TW=2.00ms,App=6.91ms,GD=0.00ms,CPU&GPU=11.04ms,LCnt=3(DR18,LM0),GPU%=0.84,CPU%=0.49(W0.55),DSF=1.00,CFL=15.90/25.34
01-29 13:59:07.363 14899 14922 I VrApi   : ------------ vrapi_DestroySystemVulkan -----------
01-29 13:59:07.372 14899 14922 I VrApi   : ------------ vrapi_Shutdown [start] -----------
01-29 13:59:07.373 14899 14922 W VrApi   : IsOvrValid: ovr == nullptr. Package: com.oculus.xrstreamingclient
01-29 13:59:07.394 14899 14922 I VrApi   : ------------ vrapi_Shutdown [end] -----------
01-29 13:59:08.002  1955 19414 I VrApi   : FPS=91/90,Prd=36ms,Tear=0,Early=34,Stale=0,Stale2/5/10/max=0/0/0/0,VSnc=0,Lat=-1,Fov=0,CPU4/GPU=3/3,2419/490MHz,OC=FF,TA=0/70/0,SP=N/F/N,Mem=2092MHz,Free=8249MB,PLS=0,Temp=19.2C/0.0C,TW=2.04ms,App=6.67ms,GD=0.00ms,CPU&GPU=9.47ms,LCnt=3(DR0,LM0),GPU%=0.80,CPU%=0.24(W0.33),DSF=1.00,CFL=17.58/21.51
01-29 13:59:09.002  1955 19414 I VrApi   : FPS=90/90,Prd=34ms,Tear=0,Early=27,Stale=0,Stale2/5/10/max=0/0/0/0,VSnc=0,Lat=-1,Fov=0,CPU4/GPU=2/3,2419/490MHz,OC=FF,TA=0/70/0,SP=N/F/N,Mem=2092MHz,Free=8249MB,PLS=0,Temp=19.2C/0.0C,TW=2.19ms,App=2.09ms,GD=0.00ms,CPU&GPU=10.00ms,LCnt=4(DR0,LM0),GPU%=0.84,CPU%=0.25(W0.36),DSF=1.00,CFL=17.58/21.06
01-29 13:59:10.002  1955 19414 I VrApi   : FPS=90/90,Prd=32ms,Tear=0,Early=0,Stale=0,Stale2/5/10/max=0/0/0/0,VSnc=0,Lat=-1,Fov=0,CPU4/GPU=2/3,2419/490MHz,OC=FF,TA=0/70/0,SP=N/F/N,Mem=2092MHz,Free=8249MB,PLS=0,Temp=19.2C/0.0C,TW=2.09ms,App=7.53ms,GD=0.00ms,CPU&GPU=11.23ms,LCnt=4(DR0,LM0),GPU%=0.87,CPU%=0.21(W0.35),DSF=1.00,CFL=17.59/21.29
01-29 13:59:11.002  1955 19414 I VrApi   : FPS=90/90,Prd=32ms,Tear=0,Early=0,Stale=0,Stale2/5/10/max=0/0/0/0,VSnc=0,Lat=-1,Fov=0,CPU4/GPU=2/3,2419/490MHz,OC=FF,TA=0/70/0,SP=N/F/N,Mem=2092MHz,Free=8249MB,PLS=0,Temp=19.2C/0.0C,TW=1.77ms,App=7.10ms,GD=0.00ms,CPU&GPU=10.29ms,LCnt=2(DR44,LM0),GPU%=0.80,CPU%=0.19(W0.30),DSF=1.00,CFL=17.48/20.82
01-29 13:59:12.002  1955 19414 I VrApi   : FPS=90/90,Prd=31ms,Tear=0,Early=0,Stale=0,Stale2/5/10/max=0/0/0/0,VSnc=0,Lat=-1,Fov=0,CPU4/GPU=2/3,1171/490MHz,OC=FF,TA=0/70/0,SP=N/F/N,Mem=2092MHz,Free=8249MB,PLS=0,Temp=19.2C/0.0C,TW=1.91ms,App=7.38ms,GD=0.00ms,CPU&GPU=11.41ms,LCnt=2(DR0,LM0),GPU%=0.86,CPU%=0.31(W0.45),DSF=1.00,CFL=17.40/21.71
01-29 13:59:13.002  1955 19414 I VrApi   : FPS=90/90,Prd=30ms,Tear=0,Early=0,Stale=0,Stale2/5/10/max=0/0/0/0,VSnc=0,Lat=-1,Fov=0,CPU4/GPU=2/3,1171/490MHz,OC=FF,TA=0/70/0,SP=N/F/N,Mem=2092MHz,Free=8249MB,PLS=0,Temp=19.2C/0.0C,TW=0.89ms,App=6.23ms,GD=0.00ms,CPU&GPU=9.12ms,LCnt=1(DR65,LM0),GPU%=0.65,CPU%=0.30(W0.42),DSF=1.00,CFL=17.43/20.52
01-29 13:59:14.003  1955 19414 I VrApi   : FPS=89/90,Prd=29ms,Tear=0,Early=0,Stale=0,Stale2/5/10/max=0/0/0/0,VSnc=0,Lat=-1,Fov=0,CPU4/GPU=2/3,1171/490MHz,OC=FF,TA=0/70/0,SP=N/F/N,Mem=2092MHz,Free=8249MB,PLS=0,Temp=19.2C/0.0C,TW=1.78ms,App=7.05ms,GD=0.00ms,CPU&GPU=11.21ms,LCnt=2(DR83,LM0),GPU%=0.80,CPU%=0.35(W0.45),DSF=1.00,CFL=17.39/20.91
01-29 13:59:15.002  1955 19414 I VrApi   : FPS=90/90,Prd=29ms,Tear=0,Early=0,Stale=1,Stale2/5/10/max=0/0/0/1,VSnc=0,Lat=-1,Fov=0,CPU4/GPU=2/3,1171/490MHz,OC=FF,TA=0/70/0,SP=N/F/N,Mem=2092MHz,Free=8249MB,PLS=0,Temp=19.2C/0.0C,TW=2.09ms,App=7.52ms,GD=0.00ms,CPU&GPU=11.76ms,LCnt=4(DR0,LM0),GPU%=0.86,CPU%=0.31(W0.47),DSF=1.00,CFL=17.67/21.09
01-29 13:59:16.004  1955 19414 I VrApi   : FPS=90/90,Prd=29ms,Tear=0,Early=0,Stale=0,Stale2/5/10/max=0/0/0/0,VSnc=0,Lat=-1,Fov=0,CPU4/GPU=2/3,1171/490MHz,OC=FF,TA=0/70/0,SP=N/F/N,Mem=2092MHz,Free=8249MB,PLS=0,Temp=19.2C/0.0C,TW=2.03ms,App=6.60ms,GD=0.00ms,CPU&GPU=11.28ms,LCnt=3(DR0,LM0),GPU%=0.80,CPU%=0.31(W0.47),DSF=1.00,CFL=17.43/21.23
01-29 13:59:17.003  1955 19414 I VrApi   : FPS=90/90,Prd=29ms,Tear=0,Early=0,Stale=0,Stale2/5/10/max=0/0/0/0,VSnc=0,Lat=-1,Fov=0,CPU4/GPU=2/3,1171/490MHz,OC=FF,TA=0/70/0,SP=N/F/N,Mem=2092MHz,Free=8249MB,PLS=0,Temp=19.2C/0.0C,TW=2.03ms,App=7.17ms,GD=0.00ms,CPU&GPU=11.87ms,LCnt=3(DR0,LM0),GPU%=0.85,CPU%=0.35(W0.47),DSF=1.00,CFL=17.60/20.95
01-29 13:59:18.006  1955 19414 I VrApi   : FPS=81/90,Prd=31ms,Tear=0,Early=0,Stale=10,Stale2/5/10/max=2/0/0/4,VSnc=0,Lat=-1,Fov=0,CPU4/GPU=2/3,2419/490MHz,OC=FF,TA=0/70/0,SP=N/F/N,Mem=2092MHz,Free=8249MB,PLS=0,Temp=19.2C/0.0C,TW=2.65ms,App=7.85ms,GD=0.00ms,CPU&GPU=12.59ms,LCnt=6(DR0,LM0),GPU%=0.97,CPU%=0.31(W0.38),DSF=1.00,CFL=17.53/21.18
01-29 13:59:19.002  1955 19414 I VrApi   : FPS=89/90,Prd=33ms,Tear=0,Early=0,Stale=1,Stale2/5/10/max=0/0/0/1,VSnc=0,Lat=-1,Fov=0,CPU4/GPU=2/3,2419/490MHz,OC=FF,TA=0/70/0,SP=N/F/N,Mem=2092MHz,Free=8249MB,PLS=0,Temp=19.2C/0.0C,TW=2.71ms,App=7.83ms,GD=0.00ms,CPU&GPU=12.47ms,LCnt=6(DR0,LM0),GPU%=0.95,CPU%=0.28(W0.37),DSF=1.00,CFL=17.41/21.52
01-29 13:59:19.606  1955  2065 D VrApi   : targetSDKVersion 29
01-29 13:59:19.627  1955 19414 I VrApi   : FPS=89/90,Prd=33ms,Tear=0,Early=0,Stale=1,Stale2/5/10/max=0/0/0/1,VSnc=0,Lat=-1,Fov=0,CPU4/GPU=2/3,2419/490MHz,OC=FF,TA=0/F/0,SP=N/F/N,Mem=2092MHz,Free=8249MB,PLS=0,Temp=19.2C/0.0C,TW=2.71ms,App=7.83ms,GD=0.00ms,CPU&GPU=12.47ms,LCnt=6(DR0,LM0),GPU%=0.95,CPU%=0.28(W0.37),DSF=1.00,CFL=17.41/21.52
01-29 13:59:19.642  1955  2065 I VrApi   : OVR::Stats thread stopped
01-29 13:59:19.755 19785 19814 I VrApi   : ----------- vrapi_Initialize [start] ----------
01-29 13:59:19.763 19785 19814 I VrApi   : Client type: 0 flags: 0x0 placement: 0
01-29 13:59:20.188  2966  3126 D VrApi   : targetSDKVersion 29
01-29 13:59:20.210  2966  3126 I VrApi   : OVR::Stats thread stopped
01-29 13:59:20.248  4287  4287 I VrApi   : ----------- vrapi_Initialize [start] ----------
01-29 13:59:20.251  4287  4287 I VrApi   : Client type: 0 flags: 0x0 placement: 0
01-29 13:59:20.377 19785 19814 I VrApi   : vrapi_Initialize: Connected to VrRuntimeService after 0.613557s
01-29 13:59:20.478 19785 19814 I VrApi   : SkipPushFinalBlack=1
01-29 13:59:20.478 19785 19814 D VrApi   : isActivityFocusAware context = com.oculus.xrstreamingclient.MainActivity@13620ae
01-29 13:59:20.479 19785 19814 D VrApi   : isSystemApp = true for com.oculus.xrstreamingclient
01-29 13:59:20.479 19785 19814 I VrApi   : isActivityFocusAware = 0
01-29 13:59:20.479 19785 19814 I VrApi   : Client-driven display vsync: enabled
01-29 13:59:20.551 19785 19814 I VrApi   : ----------- vrapi_Initialize [end] ----------
01-29 13:59:20.568 19785 19814 I VrApi   : ------------ vrapi_CreateSystemVulkan -----------
01-29 13:59:20.682  4287  4287 I VrApi   : vrapi_Initialize: Connected to VrRuntimeService after 0.430671s
01-29 13:59:20.810  4287  4287 I VrApi   : SkipPushFinalBlack=1
01-29 13:59:20.810  4287  4287 D VrApi   : isActivityFocusAware context = com.oculus.os.DialogContext@2ee57b8
01-29 13:59:20.810  4287  4287 D VrApi   : isSystemApp = true for com.android.permissioncontroller
01-29 13:59:20.810  4287  4287 I VrApi   : isActivityFocusAware = 0
01-29 13:59:20.824  4287  4287 I VrApi   : ----------- vrapi_Initialize [end] ----------
01-29 13:59:20.869 19785 19814 I VrApi   : ---------- vrapi_EnterVrMode [start] ----------
01-29 13:59:20.873 19785 19814 D VrApi   : targetSDKVersion 29
01-29 13:59:20.886  4287  4287 I VrApi   : ------------ vrapi_Shutdown [start] -----------
01-29 13:59:20.886  4287  4287 W VrApi   : IsOvrValid: ovr == nullptr. Package: com.android.permissioncontroller
01-29 13:59:20.898 19785 19814 I VrApi   : ovrModeParms::VRAPI_MODE_FLAG_RESET_WINDOW_FULLSCREEN = 0
01-29 13:59:20.898 19785 19814 I VrApi   : ovrModeParms::VRAPI_MODE_FLAG_NATIVE_WINDOW = 1
01-29 13:59:20.898 19785 19814 I VrApi   : ovrModeParms::VRAPI_MODE_FLAG_FRONT_BUFFER_SRGB = 0
01-29 13:59:20.898 19785 19814 I VrApi   : ovrModeParms::VRAPI_MODE_FLAG_PHASE_SYNC = 0
01-29 13:59:20.898 19785 19814 I VrApi   : ovrModeParms::VRAPI_MODE_FLAG_APP_SPACE_WARP = 0
01-29 13:59:20.898 19785 19814 I VrApi   : PhaseSync disabled
01-29 13:59:20.898 19785 19814 I VrApi   : HMD sensor attached.
01-29 13:59:20.905 19785 19814 I VrApi   : Creating Default swapchain
01-29 13:59:20.905 19785 19814 I VrApi   : Creating Loading Icon swapchain
01-29 13:59:20.905 19785 19814 I VrApi   : OVR::Stats thread started
01-29 13:59:20.905 19785 19814 I VrApi   : Initial BaseVsync 35355 
01-29 13:59:20.905 19785 19814 I VrApi   : ---------- vrapi_EnterVrMode [end] ----------
01-29 13:59:20.905 19785 19814 I VrApi   : vrapi_SetDisplayRefreshRate: display refresh rate supported 72.000000
01-29 13:59:20.906 19785 19914 D VrApi   : targetSDKVersion 29
01-29 13:59:20.913 19785 19914 D VrApi   : VrApi::isWifiConnected exception: Make sure android.permission.ACCESS_NETWORK_STATE is set in the manifest.
01-29 13:59:20.921  4287  4287 I VrApi   : ------------ vrapi_Shutdown [end] -----------
01-29 13:59:21.174 19785 19814 W VrApi   : Time to first swap: 1.424 seconds
01-29 13:59:21.248  1288  2618 I VrApi   : MakeNonblockingRequest: blocked for 2.04ms
01-29 13:59:22.009 19785 19914 I VrApi   : FPS=0/90,Prd=0ms,Tear=1,Early=0,Stale=0,Stale2/5/10/max=0/0/0/0,VSnc=1,Lat=0,Fov=0,CPU4/GPU=0/0,1171/441MHz,OC=FF,TA=0/0/0,SP=N/N/N,Mem=2092MHz,Free=8216MB,PLS=0,Temp=19.5C/0.0C,TW=2.45ms,App=0.00ms,GD=0.00ms,CPU&GPU=0.00ms,LCnt=2(DR0,LM2),GPU%=0.19,CPU%=0.24(W0.25),DSF=1.00,CFL=17.49/20.93
01-29 13:59:23.002 19785 19914 I VrApi   : FPS=0/90,Prd=0ms,Tear=1,Early=0,Stale=0,Stale2/5/10/max=0/0/0/0,VSnc=1,Lat=0,Fov=0,CPU4/GPU=0/0,1171/441MHz,OC=FF,TA=0/0/0,SP=N/N/N,Mem=1555MHz,Free=8216MB,PLS=0,Temp=19.5C/0.0C,TW=2.45ms,App=0.00ms,GD=0.00ms,CPU&GPU=0.00ms,LCnt=2(DR0,LM2),GPU%=0.19,CPU%=0.24(W0.25),DSF=1.00,CFL=17.49/20.93
01-29 13:59:24.002 19785 19914 I VrApi   : FPS=0/90,Prd=0ms,Tear=1,Early=0,Stale=0,Stale2/5/10/max=0/0/0/0,VSnc=1,Lat=0,Fov=0,CPU4/GPU=0/0,1171/441MHz,OC=FF,TA=0/0/0,SP=N/N/N,Mem=1555MHz,Free=8216MB,PLS=0,Temp=19.5C/0.0C,TW=2.45ms,App=0.00ms,GD=0.00ms,CPU&GPU=0.00ms,LCnt=2(DR0,LM2),GPU%=0.19,CPU%=0.24(W0.25),DSF=1.00,CFL=17.49/20.93
01-29 13:59:25.002 19785 19914 I VrApi   : FPS=0/90,Prd=0ms,Tear=1,Early=0,Stale=0,Stale2/5/10/max=0/0/0/0,VSnc=1,Lat=0,Fov=0,CPU4/GPU=0/0,1171/441MHz,OC=FF,TA=0/0/0,SP=N/N/N,Mem=1555MHz,Free=8216MB,PLS=0,Temp=19.5C/0.0C,TW=2.45ms,App=0.00ms,GD=0.00ms,CPU&GPU=0.00ms,LCnt=2(DR0,LM2),GPU%=0.19,CPU%=0.24(W0.25),DSF=1.00,CFL=17.49/20.93
01-29 13:59:26.003 19785 19914 I VrApi   : FPS=0/90,Prd=0ms,Tear=1,Early=0,Stale=0,Stale2/5/10/max=0/0/0/0,VSnc=1,Lat=0,Fov=0,CPU4/GPU=0/0,1171/441MHz,OC=FF,TA=0/0/0,SP=N/N/N,Mem=1555MHz,Free=8216MB,PLS=0,Temp=19.5C/0.0C,TW=2.45ms,App=0.00ms,GD=0.00ms,CPU&GPU=0.00ms,LCnt=2(DR0,LM2),GPU%=0.19,CPU%=0.24(W0.25),DSF=1.00,CFL=17.49/20.93
01-29 13:59:27.003 19785 19914 I VrApi   : FPS=0/90,Prd=0ms,Tear=1,Early=0,Stale=0,Stale2/5/10/max=0/0/0/0,VSnc=1,Lat=0,Fov=0,CPU4/GPU=0/0,1171/441MHz,OC=FF,TA=0/0/0,SP=N/N/N,Mem=1555MHz,Free=8216MB,PLS=0,Temp=19.5C/0.0C,TW=2.45ms,App=0.00ms,GD=0.00ms,CPU&GPU=0.00ms,LCnt=2(DR0,LM2),GPU%=0.19,CPU%=0.24(W0.25),DSF=1.00,CFL=17.49/20.93
01-29 13:59:28.003 19785 19914 I VrApi   : FPS=0/90,Prd=0ms,Tear=1,Early=0,Stale=0,Stale2/5/10/max=0/0/0/0,VSnc=1,Lat=0,Fov=0,CPU4/GPU=0/0,1171/441MHz,OC=FF,TA=0/0/0,SP=N/N/N,Mem=1555MHz,Free=8216MB,PLS=0,Temp=19.5C/0.0C,TW=2.45ms,App=0.00ms,GD=0.00ms,CPU&GPU=0.00ms,LCnt=2(DR0,LM2),GPU%=0.19,CPU%=0.24(W0.25),DSF=1.00,CFL=17.49/20.93
01-29 13:59:29.003 19785 19914 I VrApi   : FPS=0/90,Prd=0ms,Tear=1,Early=0,Stale=0,Stale2/5/10/max=0/0/0/0,VSnc=1,Lat=0,Fov=0,CPU4/GPU=0/0,1171/441MHz,OC=FF,TA=0/0/0,SP=N/N/N,Mem=1555MHz,Free=8216MB,PLS=0,Temp=19.5C/0.0C,TW=2.45ms,App=0.00ms,GD=0.00ms,CPU&GPU=0.00ms,LCnt=2(DR0,LM2),GPU%=0.19,CPU%=0.24(W0.25),DSF=1.00,CFL=17.49/20.93
01-29 13:59:30.003 19785 19914 I VrApi   : FPS=0/90,Prd=0ms,Tear=1,Early=0,Stale=0,Stale2/5/10/max=0/0/0/0,VSnc=1,Lat=0,Fov=0,CPU4/GPU=0/0,1171/441MHz,OC=FF,TA=0/0/0,SP=N/N/N,Mem=1555MHz,Free=8216MB,PLS=0,Temp=19.5C/0.0C,TW=2.45ms,App=0.00ms,GD=0.00ms,CPU&GPU=0.00ms,LCnt=2(DR0,LM2),GPU%=0.19,CPU%=0.24(W0.25),DSF=1.00,CFL=17.49/20.93
01-29 13:59:31.003 19785 19914 I VrApi   : FPS=0/90,Prd=0ms,Tear=1,Early=0,Stale=0,Stale2/5/10/max=0/0/0/0,VSnc=1,Lat=0,Fov=0,CPU4/GPU=0/0,1171/441MHz,OC=FF,TA=0/0/0,SP=N/N/N,Mem=1555MHz,Free=8216MB,PLS=0,Temp=19.5C/0.0C,TW=2.45ms,App=0.00ms,GD=0.00ms,CPU&GPU=0.00ms,LCnt=2(DR0,LM2),GPU%=0.19,CPU%=0.24(W0.25),DSF=1.00,CFL=17.49/20.93
01-29 13:59:32.003 19785 19914 I VrApi   : FPS=0/90,Prd=0ms,Tear=1,Early=0,Stale=0,Stale2/5/10/max=0/0/0/0,VSnc=1,Lat=0,Fov=0,CPU4/GPU=0/0,1171/441MHz,OC=FF,TA=0/0/0,SP=N/N/N,Mem=2092MHz,Free=8216MB,PLS=0,Temp=19.5C/0.0C,TW=2.45ms,App=0.00ms,GD=0.00ms,CPU&GPU=0.00ms,LCnt=2(DR0,LM2),GPU%=0.19,CPU%=0.24(W0.25),DSF=1.00,CFL=17.49/20.93
01-29 13:59:33.003 19785 19914 I VrApi   : FPS=0/90,Prd=0ms,Tear=1,Early=0,Stale=0,Stale2/5/10/max=0/0/0/0,VSnc=1,Lat=0,Fov=0,CPU4/GPU=0/0,1171/441MHz,OC=FF,TA=0/0/0,SP=N/N/N,Mem=2092MHz,Free=8216MB,PLS=0,Temp=19.5C/0.0C,TW=2.45ms,App=0.00ms,GD=0.00ms,CPU&GPU=0.00ms,LCnt=2(DR0,LM2),GPU%=0.19,CPU%=0.24(W0.25),DSF=1.00,CFL=17.49/20.93
01-29 13:59:34.003 19785 19914 I VrApi   : FPS=0/90,Prd=0ms,Tear=1,Early=0,Stale=0,Stale2/5/10/max=0/0/0/0,VSnc=1,Lat=0,Fov=0,CPU4/GPU=0/0,1171/441MHz,OC=FF,TA=0/0/0,SP=N/N/N,Mem=2092MHz,Free=8216MB,PLS=0,Temp=19.5C/0.0C,TW=2.45ms,App=0.00ms,GD=0.00ms,CPU&GPU=0.00ms,LCnt=2(DR0,LM2),GPU%=0.19,CPU%=0.24(W0.25),DSF=1.00,CFL=17.49/20.93
01-29 13:59:35.003 19785 19914 I VrApi   : FPS=0/90,Prd=0ms,Tear=1,Early=0,Stale=0,Stale2/5/10/max=0/0/0/0,VSnc=1,Lat=0,Fov=0,CPU4/GPU=0/0,1171/441MHz,OC=FF,TA=0/0/0,SP=N/N/N,Mem=2092MHz,Free=8216MB,PLS=0,Temp=19.5C/0.0C,TW=2.45ms,App=0.00ms,GD=0.00ms,CPU&GPU=0.00ms,LCnt=2(DR0,LM2),GPU%=0.19,CPU%=0.24(W0.25),DSF=1.00,CFL=17.49/20.93
01-29 13:59:36.003 19785 19914 I VrApi   : FPS=0/90,Prd=0ms,Tear=1,Early=0,Stale=0,Stale2/5/10/max=0/0/0/0,VSnc=1,Lat=0,Fov=0,CPU4/GPU=0/0,1171/441MHz,OC=FF,TA=0/0/0,SP=N/N/N,Mem=1555MHz,Free=8216MB,PLS=0,Temp=19.5C/0.0C,TW=2.45ms,App=0.00ms,GD=0.00ms,CPU&GPU=0.00ms,LCnt=2(DR0,LM2),GPU%=0.19,CPU%=0.24(W0.25),DSF=1.00,CFL=17.49/20.93
01-29 13:59:37.003 19785 19914 I VrApi   : FPS=0/90,Prd=0ms,Tear=1,Early=0,Stale=0,Stale2/5/10/max=0/0/0/0,VSnc=1,Lat=0,Fov=0,CPU4/GPU=0/0,1171/441MHz,OC=FF,TA=0/0/0,SP=N/N/N,Mem=2092MHz,Free=8216MB,PLS=0,Temp=19.5C/0.0C,TW=2.45ms,App=0.00ms,GD=0.00ms,CPU&GPU=0.00ms,LCnt=2(DR0,LM2),GPU%=0.19,CPU%=0.24(W0.25),DSF=1.00,CFL=17.49/20.93
01-29 13:59:38.004 19785 19914 I VrApi   : FPS=0/90,Prd=0ms,Tear=1,Early=0,Stale=0,Stale2/5/10/max=0/0/0/0,VSnc=1,Lat=0,Fov=0,CPU4/GPU=0/0,1171/441MHz,OC=FF,TA=0/0/0,SP=N/N/N,Mem=1555MHz,Free=8216MB,PLS=0,Temp=19.5C/0.0C,TW=2.45ms,App=0.00ms,GD=0.00ms,CPU&GPU=0.00ms,LCnt=2(DR0,LM2),GPU%=0.19,CPU%=0.24(W0.25),DSF=1.00,CFL=17.49/20.93
01-29 13:59:39.004 19785 19914 I VrApi   : FPS=0/90,Prd=0ms,Tear=1,Early=0,Stale=0,Stale2/5/10/max=0/0/0/0,VSnc=1,Lat=0,Fov=0,CPU4/GPU=0/0,1171/441MHz,OC=FF,TA=0/0/0,SP=N/N/N,Mem=1555MHz,Free=8216MB,PLS=0,Temp=19.5C/0.0C,TW=2.45ms,App=0.00ms,GD=0.00ms,CPU&GPU=0.00ms,LCnt=2(DR0,LM2),GPU%=0.19,CPU%=0.24(W0.25),DSF=1.00,CFL=17.49/20.93
01-29 13:59:40.003 19785 19914 I VrApi   : FPS=0/90,Prd=0ms,Tear=1,Early=0,Stale=0,Stale2/5/10/max=0/0/0/0,VSnc=1,Lat=0,Fov=0,CPU4/GPU=0/0,1171/441MHz,OC=FF,TA=0/0/0,SP=N/N/N,Mem=1555MHz,Free=8216MB,PLS=0,Temp=19.5C/0.0C,TW=2.45ms,App=0.00ms,GD=0.00ms,CPU&GPU=0.00ms,LCnt=2(DR0,LM2),GPU%=0.19,CPU%=0.24(W0.25),DSF=1.00,CFL=17.49/20.93
01-29 13:59:41.004 19785 19914 I VrApi   : FPS=0/90,Prd=0ms,Tear=1,Early=0,Stale=0,Stale2/5/10/max=0/0/0/0,VSnc=1,Lat=0,Fov=0,CPU4/GPU=0/0,1171/441MHz,OC=FF,TA=0/0/0,SP=N/N/N,Mem=1555MHz,Free=8216MB,PLS=0,Temp=19.5C/0.0C,TW=2.45ms,App=0.00ms,GD=0.00ms,CPU&GPU=0.00ms,LCnt=2(DR0,LM2),GPU%=0.19,CPU%=0.24(W0.25),DSF=1.00,CFL=17.49/20.93
01-29 13:59:42.011 19785 19914 I VrApi   : FPS=0/90,Prd=0ms,Tear=1,Early=0,Stale=0,Stale2/5/10/max=0/0/0/0,VSnc=1,Lat=0,Fov=0,CPU4/GPU=0/0,1171/441MHz,OC=FF,TA=0/0/0,SP=N/N/N,Mem=1555MHz,Free=8332MB,PLS=0,Temp=19.5C/0.0C,TW=2.45ms,App=0.00ms,GD=0.00ms,CPU&GPU=0.00ms,LCnt=2(DR0,LM2),GPU%=0.19,CPU%=0.24(W0.25),DSF=1.00,CFL=17.49/20.93
01-29 13:59:43.004 19785 19914 I VrApi   : FPS=0/90,Prd=0ms,Tear=1,Early=0,Stale=0,Stale2/5/10/max=0/0/0/0,VSnc=1,Lat=0,Fov=0,CPU4/GPU=0/0,1171/441MHz,OC=FF,TA=0/0/0,SP=N/N/N,Mem=1555MHz,Free=8332MB,PLS=0,Temp=19.5C/0.0C,TW=2.45ms,App=0.00ms,GD=0.00ms,CPU&GPU=0.00ms,LCnt=2(DR0,LM2),GPU%=0.19,CPU%=0.24(W0.25),DSF=1.00,CFL=17.49/20.93
01-29 13:59:44.004 19785 19914 I VrApi   : FPS=0/90,Prd=0ms,Tear=1,Early=0,Stale=0,Stale2/5/10/max=0/0/0/0,VSnc=1,Lat=0,Fov=0,CPU4/GPU=0/0,1171/441MHz,OC=FF,TA=0/0/0,SP=N/N/N,Mem=1555MHz,Free=8332MB,PLS=0,Temp=19.5C/0.0C,TW=2.45ms,App=0.00ms,GD=0.00ms,CPU&GPU=0.00ms,LCnt=2(DR0,LM2),GPU%=0.19,CPU%=0.24(W0.25),DSF=1.00,CFL=17.49/20.93
01-29 13:59:45.004 19785 19914 I VrApi   : FPS=0/90,Prd=0ms,Tear=1,Early=0,Stale=0,Stale2/5/10/max=0/0/0/0,VSnc=1,Lat=0,Fov=0,CPU4/GPU=0/0,1171/441MHz,OC=FF,TA=0/0/0,SP=N/N/N,Mem=1555MHz,Free=8332MB,PLS=0,Temp=19.5C/0.0C,TW=2.45ms,App=0.00ms,GD=0.00ms,CPU&GPU=0.00ms,LCnt=2(DR0,LM2),GPU%=0.19,CPU%=0.24(W0.25),DSF=1.00,CFL=17.49/20.93
01-29 13:59:46.004 19785 19914 I VrApi   : FPS=0/90,Prd=0ms,Tear=1,Early=0,Stale=0,Stale2/5/10/max=0/0/0/0,VSnc=1,Lat=0,Fov=0,CPU4/GPU=0/0,1171/441MHz,OC=FF,TA=0/0/0,SP=N/N/N,Mem=1555MHz,Free=8332MB,PLS=0,Temp=19.5C/0.0C,TW=2.45ms,App=0.00ms,GD=0.00ms,CPU&GPU=0.00ms,LCnt=2(DR0,LM2),GPU%=0.19,CPU%=0.24(W0.25),DSF=1.00,CFL=17.49/20.93
01-29 13:59:47.004 19785 19914 I VrApi   : FPS=0/90,Prd=0ms,Tear=1,Early=0,Stale=0,Stale2/5/10/max=0/0/0/0,VSnc=1,Lat=0,Fov=0,CPU4/GPU=0/0,1171/441MHz,OC=FF,TA=0/0/0,SP=N/N/N,Mem=1555MHz,Free=8332MB,PLS=0,Temp=19.5C/0.0C,TW=2.45ms,App=0.00ms,GD=0.00ms,CPU&GPU=0.00ms,LCnt=2(DR0,LM2),GPU%=0.19,CPU%=0.24(W0.25),DSF=1.00,CFL=17.49/20.93
01-29 13:59:48.004 19785 19914 I VrApi   : FPS=0/90,Prd=0ms,Tear=1,Early=0,Stale=0,Stale2/5/10/max=0/0/0/0,VSnc=1,Lat=0,Fov=0,CPU4/GPU=0/0,1171/441MHz,OC=FF,TA=0/0/0,SP=N/N/N,Mem=1555MHz,Free=8332MB,PLS=0,Temp=19.5C/0.0C,TW=2.45ms,App=0.00ms,GD=0.00ms,CPU&GPU=0.00ms,LCnt=2(DR0,LM2),GPU%=0.19,CPU%=0.24(W0.25),DSF=1.00,CFL=17.49/20.93
01-29 13:59:49.004 19785 19914 I VrApi   : FPS=0/90,Prd=0ms,Tear=1,Early=0,Stale=0,Stale2/5/10/max=0/0/0/0,VSnc=1,Lat=0,Fov=0,CPU4/GPU=0/0,1171/441MHz,OC=FF,TA=0/0/0,SP=N/N/N,Mem=1555MHz,Free=8332MB,PLS=0,Temp=19.5C/0.0C,TW=2.45ms,App=0.00ms,GD=0.00ms,CPU&GPU=0.00ms,LCnt=2(DR0,LM2),GPU%=0.19,CPU%=0.24(W0.25),DSF=1.00,CFL=17.49/20.93
01-29 13:59:50.004 19785 19914 I VrApi   : FPS=0/90,Prd=0ms,Tear=1,Early=0,Stale=0,Stale2/5/10/max=0/0/0/0,VSnc=1,Lat=0,Fov=0,CPU4/GPU=0/0,1171/441MHz,OC=FF,TA=0/0/0,SP=N/N/N,Mem=1555MHz,Free=8332MB,PLS=0,Temp=19.5C/0.0C,TW=2.45ms,App=0.00ms,GD=0.00ms,CPU&GPU=0.00ms,LCnt=2(DR0,LM2),GPU%=0.19,CPU%=0.24(W0.25),DSF=1.00,CFL=17.49/20.93
01-29 13:59:51.004 19785 19914 I VrApi   : FPS=0/90,Prd=0ms,Tear=1,Early=0,Stale=0,Stale2/5/10/max=0/0/0/0,VSnc=1,Lat=0,Fov=0,CPU4/GPU=0/0,1171/441MHz,OC=FF,TA=0/0/0,SP=N/N/N,Mem=1555MHz,Free=8332MB,PLS=0,Temp=19.5C/0.0C,TW=2.45ms,App=0.00ms,GD=0.00ms,CPU&GPU=0.00ms,LCnt=2(DR0,LM2),GPU%=0.19,CPU%=0.24(W0.25),DSF=1.00,CFL=17.49/20.93
01-29 13:59:52.004 19785 19914 I VrApi   : FPS=0/90,Prd=0ms,Tear=1,Early=0,Stale=0,Stale2/5/10/max=0/0/0/0,VSnc=1,Lat=0,Fov=0,CPU4/GPU=0/0,1171/441MHz,OC=FF,TA=0/0/0,SP=N/N/N,Mem=2092MHz,Free=8332MB,PLS=0,Temp=19.5C/0.0C,TW=2.45ms,App=0.00ms,GD=0.00ms,CPU&GPU=0.00ms,LCnt=2(DR0,LM2),GPU%=0.19,CPU%=0.24(W0.25),DSF=1.00,CFL=17.49/20.93
01-29 13:59:53.005 19785 19914 I VrApi   : FPS=0/90,Prd=0ms,Tear=1,Early=0,Stale=0,Stale2/5/10/max=0/0/0/0,VSnc=1,Lat=0,Fov=0,CPU4/GPU=0/0,1171/441MHz,OC=FF,TA=0/0/0,SP=N/N/N,Mem=1555MHz,Free=8332MB,PLS=0,Temp=19.5C/0.0C,TW=2.45ms,App=0.00ms,GD=0.00ms,CPU&GPU=0.00ms,LCnt=2(DR0,LM2),GPU%=0.19,CPU%=0.24(W0.25),DSF=1.00,CFL=17.49/20.93
01-29 13:59:54.004 19785 19914 I VrApi   : FPS=0/90,Prd=0ms,Tear=1,Early=0,Stale=0,Stale2/5/10/max=0/0/0/0,VSnc=1,Lat=0,Fov=0,CPU4/GPU=0/0,1171/441MHz,OC=FF,TA=0/0/0,SP=N/N/N,Mem=2092MHz,Free=8332MB,PLS=0,Temp=19.5C/0.0C,TW=2.45ms,App=0.00ms,GD=0.00ms,CPU&GPU=0.00ms,LCnt=2(DR0,LM2),GPU%=0.19,CPU%=0.24(W0.25),DSF=1.00,CFL=17.49/20.93
01-29 13:59:55.005 19785 19914 I VrApi   : FPS=0/90,Prd=0ms,Tear=1,Early=0,Stale=0,Stale2/5/10/max=0/0/0/0,VSnc=1,Lat=0,Fov=0,CPU4/GPU=0/0,1171/441MHz,OC=FF,TA=0/0/0,SP=N/N/N,Mem=1555MHz,Free=8332MB,PLS=0,Temp=19.5C/0.0C,TW=2.45ms,App=0.00ms,GD=0.00ms,CPU&GPU=0.00ms,LCnt=2(DR0,LM2),GPU%=0.19,CPU%=0.24(W0.25),DSF=1.00,CFL=17.49/20.93
01-29 13:59:56.005 19785 19914 I VrApi   : FPS=0/90,Prd=0ms,Tear=1,Early=0,Stale=0,Stale2/5/10/max=0/0/0/0,VSnc=1,Lat=0,Fov=0,CPU4/GPU=0/0,1171/441MHz,OC=FF,TA=0/0/0,SP=N/N/N,Mem=1555MHz,Free=8332MB,PLS=0,Temp=19.5C/0.0C,TW=2.45ms,App=0.00ms,GD=0.00ms,CPU&GPU=0.00ms,LCnt=2(DR0,LM2),GPU%=0.19,CPU%=0.24(W0.25),DSF=1.00,CFL=17.49/20.93
01-29 13:59:57.005 19785 19914 I VrApi   : FPS=0/90,Prd=0ms,Tear=1,Early=0,Stale=0,Stale2/5/10/max=0/0/0/0,VSnc=1,Lat=0,Fov=0,CPU4/GPU=0/0,1171/441MHz,OC=FF,TA=0/0/0,SP=N/N/N,Mem=1555MHz,Free=8332MB,PLS=0,Temp=19.5C/0.0C,TW=2.45ms,App=0.00ms,GD=0.00ms,CPU&GPU=0.00ms,LCnt=2(DR0,LM2),GPU%=0.19,CPU%=0.24(W0.25),DSF=1.00,CFL=17.49/20.93
01-29 13:59:58.005 19785 19914 I VrApi   : FPS=0/90,Prd=0ms,Tear=1,Early=0,Stale=0,Stale2/5/10/max=0/0/0/0,VSnc=1,Lat=0,Fov=0,CPU4/GPU=0/0,1171/441MHz,OC=FF,TA=0/0/0,SP=N/N/N,Mem=1555MHz,Free=8332MB,PLS=0,Temp=19.5C/0.0C,TW=2.45ms,App=0.00ms,GD=0.00ms,CPU&GPU=0.00ms,LCnt=2(DR0,LM2),GPU%=0.19,CPU%=0.24(W0.25),DSF=1.00,CFL=17.49/20.93
01-29 13:59:59.005 19785 19914 I VrApi   : FPS=0/90,Prd=0ms,Tear=1,Early=0,Stale=0,Stale2/5/10/max=0/0/0/0,VSnc=1,Lat=0,Fov=0,CPU4/GPU=0/0,1171/441MHz,OC=FF,TA=0/0/0,SP=N/N/N,Mem=1555MHz,Free=8332MB,PLS=0,Temp=19.5C/0.0C,TW=2.45ms,App=0.00ms,GD=0.00ms,CPU&GPU=0.00ms,LCnt=2(DR0,LM2),GPU%=0.19,CPU%=0.24(W0.25),DSF=1.00,CFL=17.49/20.93
01-29 14:00:00.007 19785 19914 I VrApi   : FPS=0/90,Prd=0ms,Tear=1,Early=0,Stale=0,Stale2/5/10/max=0/0/0/0,VSnc=1,Lat=0,Fov=0,CPU4/GPU=0/0,1171/441MHz,OC=FF,TA=0/0/0,SP=N/N/N,Mem=1555MHz,Free=8332MB,PLS=0,Temp=19.5C/0.0C,TW=2.45ms,App=0.00ms,GD=0.00ms,CPU&GPU=0.00ms,LCnt=2(DR0,LM2),GPU%=0.19,CPU%=0.24(W0.25),DSF=1.00,CFL=17.49/20.93
01-29 14:00:01.005 19785 19914 I VrApi   : FPS=0/90,Prd=0ms,Tear=1,Early=0,Stale=0,Stale2/5/10/max=0/0/0/0,VSnc=1,Lat=0,Fov=0,CPU4/GPU=0/0,1171/441MHz,OC=FF,TA=0/0/0,SP=N/N/N,Mem=1555MHz,Free=8332MB,PLS=0,Temp=19.5C/0.0C,TW=2.45ms,App=0.00ms,GD=0.00ms,CPU&GPU=0.00ms,LCnt=2(DR0,LM2),GPU%=0.19,CPU%=0.24(W0.25),DSF=1.00,CFL=17.49/20.93
01-29 14:00:02.011 19785 19914 I VrApi   : FPS=0/90,Prd=0ms,Tear=1,Early=0,Stale=0,Stale2/5/10/max=0/0/0/0,VSnc=1,Lat=0,Fov=0,CPU4/GPU=0/0,1171/441MHz,OC=FF,TA=0/0/0,SP=N/N/N,Mem=2092MHz,Free=8325MB,PLS=0,Temp=19.5C/0.0C,TW=2.45ms,App=0.00ms,GD=0.00ms,CPU&GPU=0.00ms,LCnt=2(DR0,LM2),GPU%=0.19,CPU%=0.24(W0.25),DSF=1.00,CFL=17.49/20.93
01-29 14:00:03.005 19785 19914 I VrApi   : FPS=0/90,Prd=0ms,Tear=1,Early=0,Stale=0,Stale2/5/10/max=0/0/0/0,VSnc=1,Lat=0,Fov=0,CPU4/GPU=0/0,1171/441MHz,OC=FF,TA=0/0/0,SP=N/N/N,Mem=1555MHz,Free=8325MB,PLS=0,Temp=19.5C/0.0C,TW=2.45ms,App=0.00ms,GD=0.00ms,CPU&GPU=0.00ms,LCnt=2(DR0,LM2),GPU%=0.19,CPU%=0.24(W0.25),DSF=1.00,CFL=17.49/20.93
01-29 14:00:04.005 19785 19914 I VrApi   : FPS=0/90,Prd=0ms,Tear=1,Early=0,Stale=0,Stale2/5/10/max=0/0/0/0,VSnc=1,Lat=0,Fov=0,CPU4/GPU=0/0,1171/441MHz,OC=FF,TA=0/0/0,SP=N/N/N,Mem=1555MHz,Free=8325MB,PLS=0,Temp=19.5C/0.0C,TW=2.45ms,App=0.00ms,GD=0.00ms,CPU&GPU=0.00ms,LCnt=2(DR0,LM2),GPU%=0.19,CPU%=0.24(W0.25),DSF=1.00,CFL=17.49/20.93
01-29 14:00:05.005 19785 19914 I VrApi   : FPS=0/90,Prd=0ms,Tear=1,Early=0,Stale=0,Stale2/5/10/max=0/0/0/0,VSnc=1,Lat=0,Fov=0,CPU4/GPU=0/0,1171/441MHz,OC=FF,TA=0/0/0,SP=N/N/N,Mem=1555MHz,Free=8325MB,PLS=0,Temp=19.5C/0.0C,TW=2.45ms,App=0.00ms,GD=0.00ms,CPU&GPU=0.00ms,LCnt=2(DR0,LM2),GPU%=0.19,CPU%=0.24(W0.25),DSF=1.00,CFL=17.49/20.93
01-29 14:00:06.005 19785 19914 I VrApi   : FPS=0/90,Prd=0ms,Tear=1,Early=0,Stale=0,Stale2/5/10/max=0/0/0/0,VSnc=1,Lat=0,Fov=0,CPU4/GPU=0/0,1171/441MHz,OC=FF,TA=0/0/0,SP=N/N/N,Mem=1555MHz,Free=8325MB,PLS=0,Temp=19.5C/0.0C,TW=2.45ms,App=0.00ms,GD=0.00ms,CPU&GPU=0.00ms,LCnt=2(DR0,LM2),GPU%=0.19,CPU%=0.24(W0.25),DSF=1.00,CFL=17.49/20.93
