01-29 14:10:13.692 24040 24065 I VrApi   : ---------- vrapi_LeaveVrMode [end] ----------
01-29 14:10:13.693  2253  1848 D VrApi   : targetSDKVersion 29
01-29 14:10:28.067  2253  2873 D VrApi   : targetSDKVersion 29
01-29 14:10:28.281  2253  2873 I VrApi   : OVR::Stats thread stopped
01-29 14:10:28.462 24040 24065 I VrApi   : ---------- vrapi_EnterVrMode [start] ----------
01-29 14:10:28.464 24040 24065 D VrApi   : targetSDKVersion 29
01-29 14:10:28.469 24040 24065 I VrApi   : ovrModeParms::VRAPI_MODE_FLAG_RESET_WINDOW_FULLSCREEN = 0
01-29 14:10:28.469 24040 24065 I VrApi   : ovrModeParms::VRAPI_MODE_FLAG_NATIVE_WINDOW = 1
01-29 14:10:28.469 24040 24065 I VrApi   : ovrModeParms::VRAPI_MODE_FLAG_FRONT_BUFFER_SRGB = 0
01-29 14:10:28.469 24040 24065 I VrApi   : ovrModeParms::VRAPI_MODE_FLAG_PHASE_SYNC = 0
01-29 14:10:28.469 24040 24065 I VrApi   : ovrModeParms::VRAPI_MODE_FLAG_APP_SPACE_WARP = 0
01-29 14:10:28.469 24040 24065 I VrApi   : PhaseSync disabled
01-29 14:10:28.469 24040 24065 I VrApi   : HMD sensor attached.
01-29 14:10:28.472 24040 24065 I VrApi   : Creating Default swapchain
01-29 14:10:28.472 24040 24065 I VrApi   : Creating Loading Icon swapchain
01-29 14:10:28.472 24040 24065 I VrApi   : OVR::Stats thread started
01-29 14:10:28.474 24040 24065 I VrApi   : Initial BaseVsync 40919 
01-29 14:10:28.474 24040 24065 I VrApi   : ---------- vrapi_EnterVrMode [end] ----------
01-29 14:10:28.474 24040 24065 I VrApi   : vrapi_SetDisplayRefreshRate: display refresh rate supported 72.000000
01-29 14:10:28.476 24040  2364 D VrApi   : targetSDKVersion 29
01-29 14:10:28.524 24040  2364 D VrApi   : VrApi::isWifiConnected exception: Make sure android.permission.ACCESS_NETWORK_STATE is set in the manifest.
01-29 14:10:30.014 24040  2364 I VrApi   : FPS=64/72,Prd=0ms,Tear=0,Early=0,Stale=8,Stale2/5/10/max=1/0/1/30,VSnc=1,Lat=0,Fov=0,CPU4/GPU=2/4,1171/525MHz,OC=FF,TA=0/70/0,SP=N/F/N,Mem=1804MHz,Free=8254MB,PLS=0,Temp=21.7C/0.0C,TW=3.61ms,App=0.70ms,GD=0.90ms,CPU&GPU=15.66ms,LCnt=2(DR0,LM0),GPU%=0.40,CPU%=0.14(W0.19),DSF=1.00,CFL=18.14/21.83
01-29 14:10:31.002 24040  2364 I VrApi   : FPS=73/72,Prd=0ms,Tear=0,Early=0,Stale=0,Stale2/5/10/max=0/0/0/0,VSnc=1,Lat=0,Fov=0,CPU4/GPU=2/4,1171/525MHz,OC=FF,TA=0/70/0,SP=N/F/N,Mem=2092MHz,Free=8254MB,PLS=0,Temp=22.0C/0.0C,TW=3.65ms,App=0.82ms,GD=2.18ms,CPU&GPU=13.89ms,LCnt=2(DR0,LM0),GPU%=0.50,CPU%=0.10(W0.14),DSF=1.00,CFL=18.14/22.15
01-29 14:10:32.002 24040  2364 I VrApi   : FPS=72/72,Prd=0ms,Tear=0,Early=0,Stale=0,Stale2/5/10/max=0/0/0/0,VSnc=1,Lat=0,Fov=0,CPU4/GPU=2/4,1171/525MHz,OC=FF,TA=0/70/0,SP=N/F/N,Mem=2092MHz,Free=8254MB,PLS=0,Temp=22.0C/0.0C,TW=3.65ms,App=0.87ms,GD=1.69ms,CPU&GPU=13.88ms,LCnt=2(DR0,LM0),GPU%=0.47,CPU%=0.11(W0.14),DSF=1.00,CFL=18.13/21.84
01-29 14:10:33.002 24040  2364 I VrApi   : FPS=73/72,Prd=0ms,Tear=0,Early=0,Stale=26,Stale2/5/10/max=0/0/0/0,VSnc=1,Lat=0,Fov=0,CPU4/GPU=2/4,1171/525MHz,OC=FF,TA=0/70/0,SP=N/F/N,Mem=1555MHz,Free=8254MB,PLS=0,Temp=22.0C/0.0C,TW=3.67ms,App=0.85ms,GD=1.69ms,CPU&GPU=13.88ms,LCnt=2(DR0,LM0),GPU%=0.47,CPU%=0.05(W0.10),DSF=1.00,CFL=18.13/22.00
01-29 14:10:34.002 24040  2364 I VrApi   : FPS=72/72,Prd=0ms,Tear=0,Early=0,Stale=72,Stale2/5/10/max=0/0/0/0,VSnc=1,Lat=0,Fov=0,CPU4/GPU=2/4,1171/525MHz,OC=FF,TA=0/70/0,SP=N/F/N,Mem=1804MHz,Free=8254MB,PLS=0,Temp=22.0C/0.0C,TW=3.66ms,App=0.87ms,GD=1.57ms,CPU&GPU=13.87ms,LCnt=2(DR0,LM0),GPU%=0.45,CPU%=0.03(W0.10),DSF=1.00,CFL=18.09/21.91
01-29 14:10:35.003 24040  2364 I VrApi   : FPS=72/72,Prd=0ms,Tear=0,Early=0,Stale=62,Stale2/5/10/max=0/0/1/160,VSnc=1,Lat=0,Fov=0,CPU4/GPU=2/4,1171/525MHz,OC=FF,TA=0/70/0,SP=N/F/N,Mem=1804MHz,Free=8254MB,PLS=0,Temp=22.0C/0.0C,TW=3.62ms,App=0.84ms,GD=0.90ms,CPU&GPU=13.88ms,LCnt=2(DR0,LM0),GPU%=0.41,CPU%=0.12(W0.17),DSF=1.00,CFL=18.10/21.69
01-29 14:10:36.002 24040  2364 I VrApi   : FPS=73/72,Prd=0ms,Tear=0,Early=0,Stale=0,Stale2/5/10/max=0/0/0/0,VSnc=1,Lat=0,Fov=0,CPU4/GPU=2/4,1171/525MHz,OC=FF,TA=0/70/0,SP=N/F/N,Mem=1804MHz,Free=8254MB,PLS=0,Temp=22.0C/0.0C,TW=3.62ms,App=0.72ms,GD=0.58ms,CPU&GPU=13.88ms,LCnt=2(DR0,LM0),GPU%=0.38,CPU%=0.15(W0.31),DSF=1.00,CFL=18.17/21.94
01-29 14:10:37.003 24040  2364 I VrApi   : FPS=73/72,Prd=0ms,Tear=0,Early=0,Stale=0,Stale2/5/10/max=0/0/0/0,VSnc=1,Lat=0,Fov=0,CPU4/GPU=2/4,1171/525MHz,OC=FF,TA=0/70/0,SP=N/F/N,Mem=1804MHz,Free=8254MB,PLS=0,Temp=22.0C/0.0C,TW=3.62ms,App=0.82ms,GD=1.25ms,CPU&GPU=13.88ms,LCnt=2(DR0,LM0),GPU%=0.43,CPU%=0.11(W0.19),DSF=1.00,CFL=18.12/21.90
01-29 14:10:38.004 24040  2364 I VrApi   : FPS=72/72,Prd=0ms,Tear=0,Early=0,Stale=0,Stale2/5/10/max=0/0/0/0,VSnc=1,Lat=0,Fov=0,CPU4/GPU=2/4,1171/525MHz,OC=FF,TA=0/70/0,SP=N/F/N,Mem=1804MHz,Free=8254MB,PLS=0,Temp=22.0C/0.0C,TW=3.66ms,App=0.87ms,GD=1.01ms,CPU&GPU=13.88ms,LCnt=2(DR0,LM0),GPU%=0.41,CPU%=0.18(W0.28),DSF=1.00,CFL=18.12/21.68
01-29 14:10:39.003 24040  2364 I VrApi   : FPS=72/72,Prd=0ms,Tear=0,Early=0,Stale=43,Stale2/5/10/max=0/0/0/0,VSnc=1,Lat=0,Fov=0,CPU4/GPU=2/4,1171/525MHz,OC=FF,TA=0/70/0,SP=N/F/N,Mem=1804MHz,Free=8254MB,PLS=0,Temp=22.0C/0.0C,TW=3.74ms,App=0.88ms,GD=0.27ms,CPU&GPU=13.88ms,LCnt=3(DR0,LM2),GPU%=0.48,CPU%=0.08(W0.10),DSF=1.00,CFL=18.19/22.19
01-29 14:10:40.003 24040  2364 I VrApi   : FPS=73/72,Prd=0ms,Tear=0,Early=0,Stale=72,Stale2/5/10/max=0/0/0/0,VSnc=1,Lat=0,Fov=0,CPU4/GPU=2/4,1171/525MHz,OC=FF,TA=0/70/0,SP=N/F/N,Mem=1804MHz,Free=8254MB,PLS=0,Temp=22.0C/0.0C,TW=3.71ms,App=0.81ms,GD=0.39ms,CPU&GPU=13.88ms,LCnt=3(DR0,LM2),GPU%=0.47,CPU%=0.14(W0.22),DSF=1.00,CFL=18.18/21.67
01-29 14:10:41.003 24040  2364 I VrApi   : FPS=73/72,Prd=0ms,Tear=0,Early=0,Stale=44,Stale2/5/10/max=0/0/1/159,VSnc=1,Lat=0,Fov=0,CPU4/GPU=2/3,1171/490MHz,OC=FF,TA=0/70/0,SP=N/F/N,Mem=1804MHz,Free=8254MB,PLS=0,Temp=22.0C/0.0C,TW=3.88ms,App=0.85ms,GD=2.32ms,CPU&GPU=13.88ms,LCnt=2(DR0,LM0),GPU%=0.53,CPU%=0.14(W0.18),DSF=1.00,CFL=18.08/21.73
01-29 14:10:42.002 24040  2364 I VrApi   : FPS=72/72,Prd=0ms,Tear=0,Early=0,Stale=0,Stale2/5/10/max=0/0/0/0,VSnc=1,Lat=0,Fov=0,CPU4/GPU=2/3,1171/490MHz,OC=FF,TA=0/70/0,SP=N/F/N,Mem=1804MHz,Free=8254MB,PLS=0,Temp=22.0C/0.0C,TW=3.87ms,App=0.78ms,GD=1.39ms,CPU&GPU=13.89ms,LCnt=2(DR0,LM0),GPU%=0.45,CPU%=0.08(W0.10),DSF=1.00,CFL=18.04/22.33
01-29 14:10:43.003 24040  2364 I VrApi   : FPS=72/72,Prd=0ms,Tear=0,Early=0,Stale=0,Stale2/5/10/max=0/0/0/0,VSnc=1,Lat=0,Fov=0,CPU4/GPU=2/2,1171/441MHz,OC=FF,TA=0/70/0,SP=N/F/N,Mem=1804MHz,Free=8254MB,PLS=0,Temp=22.0C/0.0C,TW=4.21ms,App=0.86ms,GD=2.50ms,CPU&GPU=13.89ms,LCnt=2(DR0,LM0),GPU%=0.57,CPU%=0.18(W0.22),DSF=1.00,CFL=17.95/21.83
01-29 14:10:44.003 24040  2364 I VrApi   : FPS=73/72,Prd=0ms,Tear=0,Early=0,Stale=0,Stale2/5/10/max=0/0/0/0,VSnc=1,Lat=0,Fov=0,CPU4/GPU=2/2,1171/441MHz,OC=FF,TA=0/70/0,SP=N/F/N,Mem=1804MHz,Free=8254MB,PLS=0,Temp=22.0C/0.0C,TW=4.30ms,App=0.89ms,GD=2.63ms,CPU&GPU=13.89ms,LCnt=2(DR0,LM0),GPU%=0.57,CPU%=0.18(W0.21),DSF=1.00,CFL=18.07/22.16
01-29 14:10:45.004 24040  2364 I VrApi   : FPS=73/72,Prd=0ms,Tear=0,Early=0,Stale=60,Stale2/5/10/max=0/0/0/0,VSnc=1,Lat=0,Fov=0,CPU4/GPU=2/2,1171/441MHz,OC=FF,TA=0/70/0,SP=N/F/N,Mem=1555MHz,Free=8254MB,PLS=0,Temp=22.0C/0.0C,TW=4.32ms,App=0.87ms,GD=2.43ms,CPU&GPU=13.88ms,LCnt=2(DR0,LM0),GPU%=0.56,CPU%=0.11(W0.14),DSF=1.00,CFL=18.11/21.63
01-29 14:10:46.003 24040  2364 I VrApi   : FPS=73/72,Prd=0ms,Tear=0,Early=0,Stale=72,Stale2/5/10/max=0/0/0/0,VSnc=1,Lat=0,Fov=0,CPU4/GPU=2/2,1171/441MHz,OC=FF,TA=0/70/0,SP=N/F/N,Mem=1555MHz,Free=8254MB,PLS=0,Temp=22.0C/0.0C,TW=4.29ms,App=0.93ms,GD=2.21ms,CPU&GPU=13.87ms,LCnt=2(DR0,LM0),GPU%=0.56,CPU%=0.13(W0.14),DSF=1.00,CFL=18.20/22.30
01-29 14:10:47.003 24040  2364 I VrApi   : FPS=73/72,Prd=0ms,Tear=0,Early=0,Stale=27,Stale2/5/10/max=0/0/1/158,VSnc=1,Lat=0,Fov=0,CPU4/GPU=2/2,1171/441MHz,OC=FF,TA=0/70/0,SP=N/F/N,Mem=1804MHz,Free=8254MB,PLS=0,Temp=22.0C/0.0C,TW=4.28ms,App=0.88ms,GD=2.16ms,CPU&GPU=13.88ms,LCnt=2(DR0,LM0),GPU%=0.55,CPU%=0.11(W0.17),DSF=1.00,CFL=18.11/21.94
01-29 14:10:48.003 24040  2364 I VrApi   : FPS=73/72,Prd=0ms,Tear=0,Early=0,Stale=0,Stale2/5/10/max=0/0/0/0,VSnc=1,Lat=0,Fov=0,CPU4/GPU=2/2,1171/441MHz,OC=FF,TA=0/70/0,SP=N/F/N,Mem=1555MHz,Free=8254MB,PLS=0,Temp=22.0C/0.0C,TW=4.28ms,App=0.78ms,GD=2.43ms,CPU&GPU=13.88ms,LCnt=2(DR0,LM0),GPU%=0.56,CPU%=0.10(W0.14),DSF=1.00,CFL=18.03/22.43
01-29 14:10:49.003 24040  2364 I VrApi   : FPS=73/72,Prd=0ms,Tear=0,Early=0,Stale=0,Stale2/5/10/max=0/0/0/0,VSnc=1,Lat=0,Fov=0,CPU4/GPU=2/2,1171/441MHz,OC=FF,TA=0/70/0,SP=N/F/N,Mem=1804MHz,Free=8254MB,PLS=0,Temp=22.0C/0.0C,TW=4.31ms,App=0.88ms,GD=2.57ms,CPU&GPU=13.88ms,LCnt=2(DR0,LM0),GPU%=0.58,CPU%=0.07(W0.10),DSF=1.00,CFL=18.10/22.91
01-29 14:10:50.012 24040  2364 I VrApi   : FPS=73/72,Prd=0ms,Tear=0,Early=0,Stale=5,Stale2/5/10/max=0/0/0/0,VSnc=1,Lat=0,Fov=0,CPU4/GPU=2/2,1171/441MHz,OC=FF,TA=0/70/0,SP=N/F/N,Mem=1804MHz,Free=8269MB,PLS=0,Temp=22.0C/0.0C,TW=4.33ms,App=0.89ms,GD=2.55ms,CPU&GPU=13.88ms,LCnt=2(DR0,LM0),GPU%=0.57,CPU%=0.12(W0.22),DSF=1.00,CFL=18.12/21.92
01-29 14:10:51.003 24040  2364 I VrApi   : FPS=73/72,Prd=0ms,Tear=0,Early=0,Stale=72,Stale2/5/10/max=0/0/0/0,VSnc=1,Lat=0,Fov=0,CPU4/GPU=2/2,1171/441MHz,OC=FF,TA=0/70/0,SP=N/F/N,Mem=1555MHz,Free=8269MB,PLS=0,Temp=22.2C/0.0C,TW=4.33ms,App=0.85ms,GD=2.54ms,CPU&GPU=13.88ms,LCnt=2(DR0,LM0),GPU%=0.57,CPU%=0.13(W0.28),DSF=1.00,CFL=18.18/22.03
01-29 14:10:52.003 24040  2364 I VrApi   : FPS=72/72,Prd=0ms,Tear=0,Early=0,Stale=72,Stale2/5/10/max=0/0/0/0,VSnc=1,Lat=0,Fov=0,CPU4/GPU=2/2,1171/441MHz,OC=FF,TA=0/70/0,SP=N/F/N,Mem=1555MHz,Free=8269MB,PLS=0,Temp=22.2C/0.0C,TW=4.30ms,App=0.93ms,GD=2.54ms,CPU&GPU=13.88ms,LCnt=2(DR0,LM0),GPU%=0.58,CPU%=0.11(W0.14),DSF=1.00,CFL=17.95/21.90
01-29 14:10:53.003 24040  2364 I VrApi   : FPS=73/72,Prd=0ms,Tear=0,Early=0,Stale=11,Stale2/5/10/max=0/0/1/160,VSnc=1,Lat=0,Fov=0,CPU4/GPU=2/2,1171/441MHz,OC=FF,TA=0/70/0,SP=N/F/N,Mem=1555MHz,Free=8269MB,PLS=0,Temp=22.2C/0.0C,TW=4.28ms,App=0.80ms,GD=2.69ms,CPU&GPU=13.88ms,LCnt=2(DR0,LM0),GPU%=0.58,CPU%=0.17(W0.25),DSF=1.00,CFL=18.29/22.13
01-29 14:10:54.003 24040  2364 I VrApi   : FPS=73/72,Prd=0ms,Tear=0,Early=0,Stale=0,Stale2/5/10/max=0/0/0/0,VSnc=1,Lat=0,Fov=0,CPU4/GPU=2/2,1171/441MHz,OC=FF,TA=0/70/0,SP=N/F/N,Mem=1555MHz,Free=8269MB,PLS=0,Temp=22.2C/0.0C,TW=4.32ms,App=0.83ms,GD=2.32ms,CPU&GPU=13.89ms,LCnt=2(DR0,LM0),GPU%=0.56,CPU%=0.08(W0.10),DSF=1.00,CFL=18.06/22.36
01-29 14:10:55.004 24040  2364 I VrApi   : FPS=73/72,Prd=0ms,Tear=0,Early=0,Stale=0,Stale2/5/10/max=0/0/0/0,VSnc=1,Lat=0,Fov=0,CPU4/GPU=2/2,1171/441MHz,OC=FF,TA=0/70/0,SP=N/F/N,Mem=1804MHz,Free=8269MB,PLS=0,Temp=22.2C/0.0C,TW=4.33ms,App=0.86ms,GD=2.73ms,CPU&GPU=13.88ms,LCnt=2(DR0,LM0),GPU%=0.59,CPU%=0.15(W0.17),DSF=1.00,CFL=18.35/21.98
01-29 14:10:56.004 24040  2364 I VrApi   : FPS=72/72,Prd=0ms,Tear=0,Early=0,Stale=22,Stale2/5/10/max=0/0/0/0,VSnc=1,Lat=0,Fov=0,CPU4/GPU=2/2,1171/441MHz,OC=FF,TA=0/70/0,SP=N/F/N,Mem=1804MHz,Free=8269MB,PLS=0,Temp=22.2C/0.0C,TW=4.29ms,App=0.93ms,GD=1.94ms,CPU&GPU=13.88ms,LCnt=2(DR0,LM0),GPU%=0.53,CPU%=0.08(W0.14),DSF=1.00,CFL=18.14/22.30
01-29 14:10:57.003 24040  2364 I VrApi   : FPS=73/72,Prd=0ms,Tear=0,Early=0,Stale=72,Stale2/5/10/max=0/0/0/0,VSnc=1,Lat=0,Fov=0,CPU4/GPU=2/2,1171/441MHz,OC=FF,TA=0/70/0,SP=N/F/N,Mem=1555MHz,Free=8269MB,PLS=0,Temp=22.0C/0.0C,TW=4.39ms,App=0.87ms,GD=0.31ms,CPU&GPU=13.88ms,LCnt=3(DR0,LM2),GPU%=0.53,CPU%=0.11(W0.18),DSF=1.00,CFL=17.99/22.38
01-29 14:10:57.183  2253  2873 D VrApi   : targetSDKVersion 29
01-29 14:10:57.251 24040 24065 W VrApi   : ovr_SubmitFrameInternal: FrameIndex discontinuity: Expected 26967, Received 26966
01-29 14:10:57.255 24040 24065 I VrApi   : ---------- vrapi_LeaveVrMode [start] ----------
01-29 14:10:57.261 24040 24065 D VrApi   : targetSDKVersion 29
01-29 14:10:57.263  2253  2873 I VrApi   : OVR::Stats thread started
01-29 14:10:57.270 24040  2364 I VrApi   : FPS=73/72,Prd=0ms,Tear=0,Early=0,Stale=72,Stale2/5/10/max=0/0/0/0,VSnc=1,Lat=0,Fov=0,CPU4/GPU=2/2,1478/525MHz,OC=FF,TA=0/70/0,SP=N/F/N,Mem=1804MHz,Free=8269MB,PLS=0,Temp=22.0C/0.0C,TW=4.39ms,App=0.87ms,GD=0.31ms,CPU&GPU=13.88ms,LCnt=3(DR0,LM2),GPU%=0.53,CPU%=0.11(W0.18),DSF=1.00,CFL=17.99/22.38
01-29 14:10:57.284 24040 24065 I VrApi   : OVR::Stats thread stopped
01-29 14:10:57.285  2253  3196 D VrApi   : targetSDKVersion 29
01-29 14:10:57.298 24040 24065 I VrApi   : ---------- vrapi_LeaveVrMode [end] ----------
01-29 14:10:58.537  2253  2873 D VrApi   : targetSDKVersion 29
01-29 14:10:58.724  2253  2873 I VrApi   : OVR::Stats thread stopped
01-29 14:10:58.905 24040 24065 I VrApi   : ---------- vrapi_EnterVrMode [start] ----------
01-29 14:10:58.909 24040 24065 D VrApi   : targetSDKVersion 29
01-29 14:10:58.921 24040 24065 I VrApi   : ovrModeParms::VRAPI_MODE_FLAG_RESET_WINDOW_FULLSCREEN = 0
01-29 14:10:58.921 24040 24065 I VrApi   : ovrModeParms::VRAPI_MODE_FLAG_NATIVE_WINDOW = 1
01-29 14:10:58.921 24040 24065 I VrApi   : ovrModeParms::VRAPI_MODE_FLAG_FRONT_BUFFER_SRGB = 0
01-29 14:10:58.921 24040 24065 I VrApi   : ovrModeParms::VRAPI_MODE_FLAG_PHASE_SYNC = 0
01-29 14:10:58.921 24040 24065 I VrApi   : ovrModeParms::VRAPI_MODE_FLAG_APP_SPACE_WARP = 0
01-29 14:10:58.921 24040 24065 I VrApi   : PhaseSync disabled
01-29 14:10:58.921 24040 24065 I VrApi   : HMD sensor attached.
01-29 14:10:58.940 24040 24065 I VrApi   : Creating Default swapchain
01-29 14:10:58.940 24040 24065 I VrApi   : Creating Loading Icon swapchain
01-29 14:10:58.940 24040 24065 I VrApi   : OVR::Stats thread started
01-29 14:10:58.941 24040 24065 I VrApi   : Initial BaseVsync 43108 
01-29 14:10:58.941 24040 24065 I VrApi   : ---------- vrapi_EnterVrMode [end] ----------
01-29 14:10:58.941 24040 24065 I VrApi   : vrapi_SetDisplayRefreshRate: display refresh rate supported 72.000000
01-29 14:10:58.947 24040  3282 D VrApi   : targetSDKVersion 29
01-29 14:10:59.047 24040  3282 D VrApi   : VrApi::isWifiConnected exception: Make sure android.permission.ACCESS_NETWORK_STATE is set in the manifest.
01-29 14:11:01.014 24040  3282 I VrApi   : FPS=67/72,Prd=0ms,Tear=0,Early=0,Stale=0,Stale2/5/10/max=0/0/0/0,VSnc=1,Lat=0,Fov=0,CPU4/GPU=2/2,1171/441MHz,OC=FF,TA=0/70/0,SP=N/F/N,Mem=1804MHz,Free=8299MB,PLS=0,Temp=22.0C/0.0C,TW=4.32ms,App=0.92ms,GD=1.85ms,CPU&GPU=14.14ms,LCnt=2(DR0,LM0),GPU%=0.54,CPU%=0.07(W0.14),DSF=1.00,CFL=18.23/22.42
01-29 14:11:02.003 24040  3282 I VrApi   : FPS=73/72,Prd=0ms,Tear=0,Early=0,Stale=40,Stale2/5/10/max=0/0/0/0,VSnc=1,Lat=0,Fov=0,CPU4/GPU=2/2,1171/441MHz,OC=FF,TA=0/70/0,SP=N/F/N,Mem=1804MHz,Free=8299MB,PLS=0,Temp=22.0C/0.0C,TW=4.29ms,App=0.82ms,GD=1.55ms,CPU&GPU=13.88ms,LCnt=2(DR0,LM0),GPU%=0.50,CPU%=0.06(W0.14),DSF=1.00,CFL=18.07/21.78
01-29 14:11:03.002 24040  3282 I VrApi   : FPS=73/72,Prd=0ms,Tear=0,Early=0,Stale=72,Stale2/5/10/max=0/0/0/0,VSnc=1,Lat=0,Fov=0,CPU4/GPU=2/2,1171/441MHz,OC=FF,TA=0/70/0,SP=N/F/N,Mem=1804MHz,Free=8299MB,PLS=0,Temp=22.0C/0.0C,TW=4.29ms,App=0.84ms,GD=2.24ms,CPU&GPU=13.88ms,LCnt=2(DR0,LM0),GPU%=0.56,CPU%=0.13(W0.24),DSF=1.00,CFL=18.26/22.41
01-29 14:11:03.656 24040 24065 W VrApi   : ovr_SubmitFrameInternal: FrameIndex discontinuity: Expected 27286, Received 27285
01-29 14:11:03.659 24040 24065 I VrApi   : ---------- vrapi_LeaveVrMode [start] ----------
01-29 14:11:03.661 24040 24065 D VrApi   : targetSDKVersion 29
01-29 14:11:03.687 24040  3282 I VrApi   : FPS=73/72,Prd=0ms,Tear=0,Early=0,Stale=72,Stale2/5/10/max=0/0/0/0,VSnc=1,Lat=0,Fov=0,CPU4/GPU=2/2,1171/441MHz,OC=FF,TA=0/70/0,SP=N/F/N,Mem=1804MHz,Free=8299MB,PLS=0,Temp=22.0C/0.0C,TW=4.29ms,App=0.84ms,GD=2.24ms,CPU&GPU=13.88ms,LCnt=2(DR0,LM0),GPU%=0.56,CPU%=0.13(W0.24),DSF=1.00,CFL=18.26/22.41
01-29 14:11:03.697 24040 24065 I VrApi   : OVR::Stats thread stopped
01-29 14:11:03.715 24040 24065 I VrApi   : ---------- vrapi_LeaveVrMode [end] ----------
01-29 14:11:03.767  1955  2065 D VrApi   : targetSDKVersion 29
01-29 14:11:03.870  1955  2065 I VrApi   : OVR::Stats thread started
01-29 14:11:03.871  1955  3437 D VrApi   : targetSDKVersion 29
01-29 14:11:03.895  2966  3126 D VrApi   : targetSDKVersion 29
01-29 14:11:03.961  2966  3126 I VrApi   : OVR::Stats thread started
01-29 14:11:03.963  2966  3446 D VrApi   : targetSDKVersion 29
01-29 14:11:05.024  1955  3437 I VrApi   : FPS=66/90,Prd=37ms,Tear=2,Early=5,Stale=32,Stale2/5/10/max=2/0/4/137,VSnc=0,Lat=-1,Fov=0,CPU4/GPU=3/4,2419/525MHz,OC=FF,TA=0/70/0,SP=N/F/N,Mem=2092MHz,Free=8220MB,PLS=0,Temp=22.0C/0.0C,TW=1.80ms,App=5.99ms,GD=2.18ms,CPU&GPU=0.00ms,LCnt=3(DR14,LM2),GPU%=0.88,CPU%=0.30(W0.36),DSF=1.00,CFL=15.54/28.34
01-29 14:11:05.251 24040 24065 I VrApi   : ------------ vrapi_DestroySystemVulkan -----------
01-29 14:11:05.270 24040 24065 I VrApi   : ------------ vrapi_Shutdown [start] -----------
01-29 14:11:05.270 24040 24065 W VrApi   : IsOvrValid: ovr == nullptr. Package: com.oculus.xrstreamingclient
01-29 14:11:05.339 24040 24065 I VrApi   : ------------ vrapi_Shutdown [end] -----------
01-29 14:11:06.002  1955  3437 I VrApi   : FPS=63/90,Prd=28ms,Tear=0,Early=23,Stale=1,Stale2/5/10/max=0/0/0/1,VSnc=0,Lat=-1,Fov=0,CPU4/GPU=3/4,2419/525MHz,OC=FF,TA=0/70/0,SP=N/F/N,Mem=2092MHz,Free=8220MB,PLS=0,Temp=22.0C/0.0C,TW=2.52ms,App=1.05ms,GD=0.32ms,CPU&GPU=12.16ms,LCnt=6(DR0,LM3),GPU%=0.99,CPU%=0.35(W0.37),DSF=1.00,CFL=17.12/20.43
01-29 14:11:07.001  1955  3437 I VrApi   : FPS=90/90,Prd=36ms,Tear=0,Early=49,Stale=0,Stale2/5/10/max=0/0/0/0,VSnc=0,Lat=-1,Fov=0,CPU4/GPU=2/4,2419/525MHz,OC=FF,TA=0/70/0,SP=N/F/N,Mem=2092MHz,Free=8220MB,PLS=0,Temp=22.0C/0.0C,TW=2.47ms,App=5.76ms,GD=0.89ms,CPU&GPU=11.21ms,LCnt=6(DR0,LM3),GPU%=0.92,CPU%=0.21(W0.32),DSF=1.00,CFL=17.05/20.75
01-29 14:11:08.003  1955  3437 I VrApi   : FPS=90/90,Prd=34ms,Tear=0,Early=6,Stale=0,Stale2/5/10/max=0/0/0/0,VSnc=0,Lat=-1,Fov=0,CPU4/GPU=2/4,2419/525MHz,OC=FF,TA=0/70/0,SP=N/F/N,Mem=2092MHz,Free=8220MB,PLS=0,Temp=22.0C/0.0C,TW=2.50ms,App=5.99ms,GD=0.37ms,CPU&GPU=10.80ms,LCnt=6(DR0,LM3),GPU%=0.94,CPU%=0.15(W0.28),DSF=1.00,CFL=17.06/20.48
01-29 14:11:09.002  1955  3437 I VrApi   : FPS=90/90,Prd=33ms,Tear=0,Early=10,Stale=0,Stale2/5/10/max=0/0/0/0,VSnc=0,Lat=-1,Fov=0,CPU4/GPU=2/4,2419/525MHz,OC=FF,TA=0/70/0,SP=N/F/N,Mem=2092MHz,Free=8220MB,PLS=0,Temp=22.0C/0.0C,TW=2.18ms,App=6.15ms,GD=0.27ms,CPU&GPU=11.02ms,LCnt=4(DR0,LM3),GPU%=0.93,CPU%=0.20(W0.33),DSF=1.00,CFL=16.98/21.05
01-29 14:11:10.002  1955  3437 I VrApi   : FPS=90/90,Prd=34ms,Tear=0,Early=0,Stale=0,Stale2/5/10/max=0/0/0/0,VSnc=0,Lat=-1,Fov=0,CPU4/GPU=2/4,1171/525MHz,OC=FF,TA=0/70/0,SP=N/F/N,Mem=2092MHz,Free=8220MB,PLS=0,Temp=22.0C/0.0C,TW=2.10ms,App=6.10ms,GD=0.27ms,CPU&GPU=10.70ms,LCnt=4(DR0,LM3),GPU%=0.92,CPU%=0.25(W0.48),DSF=1.00,CFL=16.99/20.68
01-29 14:11:11.003  1955  3437 I VrApi   : FPS=90/90,Prd=33ms,Tear=1,Early=0,Stale=0,Stale2/5/10/max=0/0/0/0,VSnc=0,Lat=-1,Fov=0,CPU4/GPU=2/4,1171/525MHz,OC=FF,TA=0/70/0,SP=N/F/N,Mem=2092MHz,Free=8220MB,PLS=0,Temp=22.2C/0.0C,TW=2.11ms,App=0.75ms,GD=0.28ms,CPU&GPU=11.46ms,LCnt=4(DR0,LM3),GPU%=0.93,CPU%=0.42(W0.47),DSF=1.00,CFL=16.96/20.79
01-29 14:11:12.003  1955  3437 I VrApi   : FPS=90/90,Prd=33ms,Tear=0,Early=0,Stale=0,Stale2/5/10/max=0/0/0/0,VSnc=0,Lat=-1,Fov=0,CPU4/GPU=2/4,1171/525MHz,OC=FF,TA=0/70/0,SP=N/F/N,Mem=2092MHz,Free=8220MB,PLS=0,Temp=22.2C/0.0C,TW=2.12ms,App=5.99ms,GD=0.28ms,CPU&GPU=11.63ms,LCnt=4(DR0,LM3),GPU%=0.91,CPU%=0.36(W0.52),DSF=1.00,CFL=16.99/20.42
01-29 14:11:13.004  1955  3437 I VrApi   : FPS=90/90,Prd=33ms,Tear=0,Early=0,Stale=0,Stale2/5/10/max=0/0/0/0,VSnc=0,Lat=-1,Fov=0,CPU4/GPU=2/4,1171/525MHz,OC=FF,TA=0/70/0,SP=N/F/N,Mem=1555MHz,Free=8220MB,PLS=0,Temp=22.2C/0.0C,TW=2.15ms,App=6.00ms,GD=0.28ms,CPU&GPU=12.01ms,LCnt=4(DR0,LM3),GPU%=0.91,CPU%=0.28(W0.45),DSF=1.00,CFL=16.99/20.51
01-29 14:11:14.002  1955  3437 I VrApi   : FPS=90/90,Prd=33ms,Tear=0,Early=0,Stale=0,Stale2/5/10/max=0/0/0/0,VSnc=0,Lat=-1,Fov=0,CPU4/GPU=2/4,1171/525MHz,OC=FF,TA=0/70/0,SP=N/F/N,Mem=2092MHz,Free=8220MB,PLS=0,Temp=22.2C/0.0C,TW=2.11ms,App=6.14ms,GD=0.28ms,CPU&GPU=12.23ms,LCnt=4(DR0,LM3),GPU%=0.91,CPU%=0.27(W0.47),DSF=1.00,CFL=16.98/20.90
01-29 14:11:15.003  1955  3437 I VrApi   : FPS=90/90,Prd=32ms,Tear=0,Early=0,Stale=0,Stale2/5/10/max=0/0/0/0,VSnc=0,Lat=-1,Fov=0,CPU4/GPU=2/4,1171/525MHz,OC=FF,TA=0/70/0,SP=N/F/N,Mem=2092MHz,Free=8220MB,PLS=0,Temp=22.2C/0.0C,TW=2.11ms,App=6.07ms,GD=0.29ms,CPU&GPU=12.20ms,LCnt=4(DR0,LM3),GPU%=0.91,CPU%=0.25(W0.42),DSF=1.00,CFL=17.02/20.40
01-29 14:11:16.003  1955  3437 I VrApi   : FPS=90/90,Prd=32ms,Tear=0,Early=0,Stale=0,Stale2/5/10/max=0/0/0/0,VSnc=0,Lat=-1,Fov=0,CPU4/GPU=2/4,1171/525MHz,OC=FF,TA=0/70/0,SP=N/F/N,Mem=2092MHz,Free=8220MB,PLS=0,Temp=22.2C/0.0C,TW=2.13ms,App=6.16ms,GD=0.28ms,CPU&GPU=12.46ms,LCnt=4(DR0,LM3),GPU%=0.92,CPU%=0.33(W0.50),DSF=1.00,CFL=16.90/20.64
01-29 14:11:17.003  1955  3437 I VrApi   : FPS=90/90,Prd=32ms,Tear=0,Early=0,Stale=0,Stale2/5/10/max=0/0/0/0,VSnc=0,Lat=-1,Fov=0,CPU4/GPU=2/4,1171/525MHz,OC=FF,TA=0/70/0,SP=N/F/N,Mem=2092MHz,Free=8220MB,PLS=0,Temp=22.2C/0.0C,TW=2.14ms,App=6.17ms,GD=0.28ms,CPU&GPU=12.43ms,LCnt=4(DR0,LM3),GPU%=0.92,CPU%=0.25(W0.47),DSF=1.00,CFL=17.07/20.68
01-29 14:11:18.005  1955  3437 I VrApi   : FPS=90/90,Prd=32ms,Tear=0,Early=0,Stale=0,Stale2/5/10/max=0/0/0/0,VSnc=0,Lat=-1,Fov=0,CPU4/GPU=2/4,1171/525MHz,OC=FF,TA=0/70/0,SP=N/F/N,Mem=2092MHz,Free=8220MB,PLS=0,Temp=22.2C/0.0C,TW=2.13ms,App=6.16ms,GD=0.28ms,CPU&GPU=12.52ms,LCnt=4(DR0,LM3),GPU%=0.91,CPU%=0.32(W0.45),DSF=1.00,CFL=17.05/21.23
01-29 14:11:19.003  1955  3437 I VrApi   : FPS=90/90,Prd=32ms,Tear=0,Early=0,Stale=0,Stale2/5/10/max=0/0/0/0,VSnc=0,Lat=-1,Fov=0,CPU4/GPU=2/4,1171/525MHz,OC=FF,TA=0/70/0,SP=N/F/N,Mem=2092MHz,Free=8220MB,PLS=0,Temp=22.2C/0.0C,TW=2.11ms,App=6.23ms,GD=0.28ms,CPU&GPU=12.28ms,LCnt=4(DR0,LM3),GPU%=0.92,CPU%=0.27(W0.50),DSF=1.00,CFL=16.99/20.33
01-29 14:11:20.003  1955  3437 I VrApi   : FPS=90/90,Prd=32ms,Tear=0,Early=0,Stale=0,Stale2/5/10/max=0/0/0/0,VSnc=0,Lat=-1,Fov=0,CPU4/GPU=2/4,1171/525MHz,OC=FF,TA=0/70/0,SP=N/F/N,Mem=2092MHz,Free=8220MB,PLS=0,Temp=22.2C/0.0C,TW=2.12ms,App=6.14ms,GD=0.28ms,CPU&GPU=12.63ms,LCnt=4(DR0,LM3),GPU%=0.92,CPU%=0.29(W0.47),DSF=1.00,CFL=17.07/20.94
01-29 14:11:21.004  1955  3437 I VrApi   : FPS=90/90,Prd=32ms,Tear=0,Early=0,Stale=0,Stale2/5/10/max=0/0/0/0,VSnc=0,Lat=-1,Fov=0,CPU4/GPU=2/4,1171/525MHz,OC=FF,TA=0/70/0,SP=N/F/N,Mem=2092MHz,Free=8220MB,PLS=0,Temp=22.0C/0.0C,TW=2.16ms,App=6.11ms,GD=0.28ms,CPU&GPU=12.62ms,LCnt=4(DR0,LM3),GPU%=0.92,CPU%=0.29(W0.45),DSF=1.00,CFL=16.99/20.33
01-29 14:11:22.005  1955  3437 I VrApi   : FPS=90/90,Prd=32ms,Tear=0,Early=0,Stale=0,Stale2/5/10/max=0/0/0/0,VSnc=0,Lat=-1,Fov=0,CPU4/GPU=2/4,1171/525MHz,OC=FF,TA=0/70/0,SP=N/F/N,Mem=2092MHz,Free=8220MB,PLS=0,Temp=22.0C/0.0C,TW=2.19ms,App=6.09ms,GD=0.28ms,CPU&GPU=12.37ms,LCnt=4(DR0,LM3),GPU%=0.92,CPU%=0.23(W0.42),DSF=1.00,CFL=16.91/21.23
01-29 14:11:23.003  1955  3437 I VrApi   : FPS=90/90,Prd=32ms,Tear=0,Early=0,Stale=0,Stale2/5/10/max=0/0/0/0,VSnc=0,Lat=-1,Fov=0,CPU4/GPU=2/4,1171/525MHz,OC=FF,TA=0/70/0,SP=N/F/N,Mem=2092MHz,Free=8220MB,PLS=0,Temp=22.0C/0.0C,TW=2.12ms,App=6.12ms,GD=0.28ms,CPU&GPU=12.38ms,LCnt=4(DR0,LM3),GPU%=0.91,CPU%=0.25(W0.42),DSF=1.00,CFL=17.13/20.64
01-29 14:11:24.003  1955  3437 I VrApi   : FPS=90/90,Prd=32ms,Tear=0,Early=0,Stale=0,Stale2/5/10/max=0/0/0/0,VSnc=0,Lat=-1,Fov=0,CPU4/GPU=2/4,1171/525MHz,OC=FF,TA=0/70/0,SP=N/F/N,Mem=2092MHz,Free=8220MB,PLS=0,Temp=22.0C/0.0C,TW=2.11ms,App=6.05ms,GD=0.28ms,CPU&GPU=12.38ms,LCnt=4(DR0,LM3),GPU%=0.91,CPU%=0.26(W0.48),DSF=1.00,CFL=16.96/20.69
01-29 14:11:25.026  1955  3437 I VrApi   : FPS=90/90,Prd=32ms,Tear=0,Early=0,Stale=0,Stale2/5/10/max=0/0/0/0,VSnc=0,Lat=-1,Fov=0,CPU4/GPU=2/4,1171/525MHz,OC=FF,TA=0/70/0,SP=N/F/N,Mem=2092MHz,Free=8696MB,PLS=0,Temp=22.0C/0.0C,TW=2.12ms,App=6.00ms,GD=0.28ms,CPU&GPU=12.46ms,LCnt=4(DR0,LM3),GPU%=0.91,CPU%=0.26(W0.42),DSF=1.00,CFL=16.98/20.52
01-29 14:11:26.004  1955  3437 I VrApi   : FPS=90/90,Prd=31ms,Tear=0,Early=0,Stale=0,Stale2/5/10/max=0/0/0/0,VSnc=0,Lat=-1,Fov=0,CPU4/GPU=2/4,1171/525MHz,OC=FF,TA=0/70/0,SP=N/F/N,Mem=1804MHz,Free=8696MB,PLS=0,Temp=22.0C/0.0C,TW=2.15ms,App=5.98ms,GD=0.28ms,CPU&GPU=12.09ms,LCnt=4(DR0,LM3),GPU%=0.90,CPU%=0.24(W0.45),DSF=1.00,CFL=17.06/20.80
01-29 14:11:27.005  1955  3437 I VrApi   : FPS=90/90,Prd=31ms,Tear=0,Early=0,Stale=0,Stale2/5/10/max=0/0/0/0,VSnc=0,Lat=-1,Fov=0,CPU4/GPU=2/4,1171/525MHz,OC=FF,TA=0/70/0,SP=N/F/N,Mem=2092MHz,Free=8696MB,PLS=0,Temp=22.0C/0.0C,TW=2.12ms,App=6.12ms,GD=0.28ms,CPU&GPU=12.05ms,LCnt=4(DR0,LM3),GPU%=0.91,CPU%=0.25(W0.42),DSF=1.00,CFL=17.09/20.30
01-29 14:11:28.005  1955  3437 I VrApi   : FPS=90/90,Prd=31ms,Tear=0,Early=0,Stale=0,Stale2/5/10/max=0/0/0/0,VSnc=0,Lat=-1,Fov=0,CPU4/GPU=2/4,1171/525MHz,OC=FF,TA=0/70/0,SP=N/F/N,Mem=2092MHz,Free=8696MB,PLS=0,Temp=22.0C/0.0C,TW=2.32ms,App=6.11ms,GD=0.78ms,CPU&GPU=12.56ms,LCnt=4(DR0,LM2),GPU%=0.97,CPU%=0.27(W0.47),DSF=1.00,CFL=17.18/20.68
01-29 14:11:29.005  1955  3437 I VrApi   : FPS=90/90,Prd=32ms,Tear=0,Early=0,Stale=0,Stale2/5/10/max=0/0/0/0,VSnc=0,Lat=-1,Fov=0,CPU4/GPU=2/4,1171/525MHz,OC=FF,TA=0/70/0,SP=N/F/N,Mem=2092MHz,Free=8696MB,PLS=0,Temp=22.0C/0.0C,TW=1.97ms,App=5.74ms,GD=1.56ms,CPU&GPU=12.12ms,LCnt=4(DR0,LM2),GPU%=0.89,CPU%=0.27(W0.42),DSF=1.00,CFL=17.01/21.82
01-29 14:11:30.004  1955  3437 I VrApi   : FPS=90/90,Prd=31ms,Tear=0,Early=0,Stale=10,Stale2/5/10/max=2/0/0/3,VSnc=0,Lat=-1,Fov=0,CPU4/GPU=2/4,2419/525MHz,OC=FF,TA=0/70/0,SP=N/F/N,Mem=2092MHz,Free=8696MB,PLS=0,Temp=22.0C/0.0C,TW=1.91ms,App=5.69ms,GD=1.72ms,CPU&GPU=12.28ms,LCnt=6(DR0,LM2),GPU%=0.70,CPU%=0.32(W0.48),DSF=1.00,CFL=17.06/21.01
01-29 14:11:31.004  1955  3437 I VrApi   : FPS=80/90,Prd=31ms,Tear=0,Early=3,Stale=10,Stale2/5/10/max=3/0/0/4,VSnc=0,Lat=-1,Fov=0,CPU4/GPU=2/4,2419/525MHz,OC=FF,TA=0/70/0,SP=N/F/N,Mem=2092MHz,Free=8696MB,PLS=0,Temp=22.2C/0.0C,TW=2.09ms,App=5.88ms,GD=1.65ms,CPU&GPU=19.94ms,LCnt=5(DR0,LM2),GPU%=0.97,CPU%=0.17(W0.26),DSF=1.00,CFL=17.01/20.60
01-29 14:11:32.005  1955  3437 I VrApi   : FPS=87/90,Prd=35ms,Tear=0,Early=0,Stale=8,Stale2/5/10/max=1/0/0/2,VSnc=0,Lat=-1,Fov=0,CPU4/GPU=2/4,2419/525MHz,OC=FF,TA=0/70/0,SP=N/F/N,Mem=2092MHz,Free=8696MB,PLS=0,Temp=22.2C/0.0C,TW=2.50ms,App=6.82ms,GD=2.11ms,CPU&GPU=15.04ms,LCnt=6(DR0,LM2),GPU%=0.93,CPU%=0.17(W0.26),DSF=1.00,CFL=17.08/20.36
01-29 14:11:33.005  1955  3437 I VrApi   : FPS=79/90,Prd=34ms,Tear=0,Early=0,Stale=17,Stale2/5/10/max=0/0/0/1,VSnc=0,Lat=-1,Fov=0,CPU4/GPU=2/4,2419/525MHz,OC=FF,TA=0/70/0,SP=N/F/N,Mem=2092MHz,Free=8696MB,PLS=0,Temp=22.2C/0.0C,TW=2.62ms,App=7.18ms,GD=2.16ms,CPU&GPU=16.10ms,LCnt=7(DR0,LM2),GPU%=0.98,CPU%=0.14(W0.22),DSF=1.00,CFL=17.08/21.01
01-29 14:11:34.004  1955  3437 I VrApi   : FPS=72/90,Prd=35ms,Tear=0,Early=0,Stale=26,Stale2/5/10/max=1/0/0/2,VSnc=0,Lat=-1,Fov=0,CPU4/GPU=3/4,2419/525MHz,OC=FF,TA=0/70/0,SP=N/F/N,Mem=2092MHz,Free=8696MB,PLS=0,Temp=22.2C/0.0C,TW=2.78ms,App=7.12ms,GD=2.21ms,CPU&GPU=16.90ms,LCnt=7(DR0,LM2),GPU%=0.94,CPU%=0.20(W0.29),DSF=1.00,CFL=17.17/20.37
01-29 14:11:35.004  1955  3437 I VrApi   : FPS=65/90,Prd=35ms,Tear=0,Early=0,Stale=21,Stale2/5/10/max=2/0/0/2,VSnc=0,Lat=-1,Fov=0,CPU4/GPU=3/4,2419/525MHz,OC=FF,TA=0/70/0,SP=N/F/N,Mem=2092MHz,Free=8696MB,PLS=0,Temp=22.2C/0.0C,TW=2.81ms,App=1.71ms,GD=2.04ms,CPU&GPU=15.60ms,LCnt=6(DR0,LM2),GPU%=0.97,CPU%=0.22(W0.25),DSF=1.00,CFL=16.93/20.67
01-29 14:11:35.236  1955  2065 D VrApi   : targetSDKVersion 29
01-29 14:11:35.251  1955  3437 I VrApi   : FPS=65/90,Prd=35ms,Tear=0,Early=0,Stale=21,Stale2/5/10/max=2/0/0/2,VSnc=0,Lat=-1,Fov=0,CPU4/GPU=3/4,2419/525MHz,OC=FF,TA=0/70/0,SP=N/F/N,Mem=2092MHz,Free=8696MB,PLS=0,Temp=22.2C/0.0C,TW=2.81ms,App=1.71ms,GD=2.04ms,CPU&GPU=15.60ms,LCnt=6(DR0,LM2),GPU%=0.97,CPU%=0.22(W0.25),DSF=1.00,CFL=16.93/20.67
01-29 14:11:35.254  1955  2065 I VrApi   : OVR::Stats thread stopped
01-29 14:11:35.407  4326  4352 I VrApi   : ----------- vrapi_Initialize [start] ----------
01-29 14:11:35.426  4326  4352 I VrApi   : Client type: 0 flags: 0x0 placement: 0
01-29 14:11:35.442  4326  4352 I VrApi   : vrapi_Initialize: Connected to VrRuntimeService after 0.015298s
01-29 14:11:35.489  4326  4352 I VrApi   : SkipPushFinalBlack=1
01-29 14:11:35.489  4326  4352 D VrApi   : isActivityFocusAware context = com.oculus.xrstreamingclient.MainActivity@13620ae
01-29 14:11:35.490  4326  4352 D VrApi   : isSystemApp = true for com.oculus.xrstreamingclient
01-29 14:11:35.490  4326  4352 I VrApi   : isActivityFocusAware = 0
01-29 14:11:35.490  4326  4352 I VrApi   : Client-driven display vsync: enabled
01-29 14:11:35.525  4326  4352 I VrApi   : ----------- vrapi_Initialize [end] ----------
01-29 14:11:35.531  4326  4352 I VrApi   : ------------ vrapi_CreateSystemVulkan -----------
01-29 14:11:35.639  4287  4287 I VrApi   : ----------- vrapi_Initialize [start] ----------
01-29 14:11:35.643  4287  4287 I VrApi   : Client type: 0 flags: 0x0 placement: 0
01-29 14:11:35.823  2966  3126 D VrApi   : targetSDKVersion 29
01-29 14:11:35.840  2966  3126 I VrApi   : OVR::Stats thread stopped
01-29 14:11:35.995  4287  4287 I VrApi   : vrapi_Initialize: Connected to VrRuntimeService after 0.351447s
01-29 14:11:36.149  4287  4287 I VrApi   : SkipPushFinalBlack=1
01-29 14:11:36.149  4287  4287 D VrApi   : isActivityFocusAware context = com.oculus.os.DialogContext@3a6dde2
01-29 14:11:36.150  4287  4287 D VrApi   : isSystemApp = true for com.android.permissioncontroller
01-29 14:11:36.151  4287  4287 I VrApi   : isActivityFocusAware = 0
01-29 14:11:36.161  1955  2065 D VrApi   : targetSDKVersion 29
01-29 14:11:36.163  2966  3126 D VrApi   : targetSDKVersion 29
01-29 14:11:36.180  1955  2065 I VrApi   : OVR::Stats thread started
01-29 14:11:36.189  1955  4464 D VrApi   : targetSDKVersion 29
01-29 14:11:36.223  2966  3126 I VrApi   : OVR::Stats thread started
01-29 14:11:36.228  4326  4352 I VrApi   : ------------ vrapi_DestroySystemVulkan -----------
01-29 14:11:36.230  2966  4471 D VrApi   : targetSDKVersion 29
01-29 14:11:36.231  4326  4352 I VrApi   : ------------ vrapi_Shutdown [start] -----------
01-29 14:11:36.231  4326  4352 W VrApi   : IsOvrValid: ovr == nullptr. Package: com.oculus.xrstreamingclient
01-29 14:11:36.256  4326  4352 I VrApi   : ------------ vrapi_Shutdown [end] -----------
01-29 14:11:36.262  4287  4287 I VrApi   : ----------- vrapi_Initialize [end] ----------
01-29 14:11:36.462  4287  4287 I VrApi   : ------------ vrapi_Shutdown [start] -----------
01-29 14:11:36.462  4287  4287 W VrApi   : IsOvrValid: ovr == nullptr. Package: com.android.permissioncontroller
01-29 14:11:36.467  4287  4287 I VrApi   : ------------ vrapi_Shutdown [end] -----------
01-29 14:11:38.024  1955  4464 I VrApi   : FPS=90/90,Prd=39ms,Tear=0,Early=14,Stale=7,Stale2/5/10/max=1/0/0/2,VSnc=0,Lat=-1,Fov=0,CPU4/GPU=2/4,2419/525MHz,OC=FF,TA=0/70/0,SP=N/F/N,Mem=2092MHz,Free=8745MB,PLS=0,Temp=22.2C/0.0C,TW=2.63ms,App=6.84ms,GD=1.62ms,CPU&GPU=19.54ms,LCnt=6(DR0,LM2),GPU%=0.95,CPU%=0.17(W0.33),DSF=1.00,CFL=16.95/20.88
01-29 14:11:39.002  1955  4464 I VrApi   : FPS=84/90,Prd=34ms,Tear=0,Early=0,Stale=9,Stale2/5/10/max=2/0/0/4,VSnc=0,Lat=-1,Fov=0,CPU4/GPU=2/4,2419/525MHz,OC=FF,TA=0/70/0,SP=N/F/N,Mem=2092MHz,Free=8745MB,PLS=0,Temp=22.2C/0.0C,TW=2.61ms,App=4.53ms,GD=1.70ms,CPU&GPU=12.79ms,LCnt=6(DR0,LM2),GPU%=0.95,CPU%=0.24(W0.29),DSF=1.00,CFL=16.94/20.88
01-29 14:11:40.003  1955  4464 I VrApi   : FPS=80/90,Prd=34ms,Tear=0,Early=0,Stale=11,Stale2/5/10/max=1/0/0/4,VSnc=0,Lat=-1,Fov=0,CPU4/GPU=2/4,2419/525MHz,OC=FF,TA=0/70/0,SP=N/F/N,Mem=2092MHz,Free=8745MB,PLS=0,Temp=22.2C/0.0C,TW=2.72ms,App=6.74ms,GD=1.63ms,CPU&GPU=14.06ms,LCnt=6(DR0,LM2),GPU%=0.99,CPU%=0.22(W0.36),DSF=1.00,CFL=17.01/20.37
01-29 14:11:41.002  1955  4464 I VrApi   : FPS=89/90,Prd=33ms,Tear=0,Early=21,Stale=0,Stale2/5/10/max=0/0/0/0,VSnc=0,Lat=-1,Fov=0,CPU4/GPU=2/4,2419/525MHz,OC=FF,TA=0/70/0,SP=N/F/N,Mem=2092MHz,Free=8745MB,PLS=0,Temp=22.2C/0.0C,TW=2.76ms,App=6.78ms,GD=0.60ms,CPU&GPU=16.25ms,LCnt=6(DR0,LM2),GPU%=0.94,CPU%=0.20(W0.26),DSF=1.00,CFL=16.95/20.55
01-29 14:11:42.003  1955  4464 I VrApi   : FPS=90/90,Prd=37ms,Tear=0,Early=28,Stale=1,Stale2/5/10/max=0/0/0/1,VSnc=0,Lat=-1,Fov=0,CPU4/GPU=2/4,2419/525MHz,OC=FF,TA=0/70/0,SP=N/F/N,Mem=2092MHz,Free=8745MB,PLS=0,Temp=22.2C/0.0C,TW=2.64ms,App=2.87ms,GD=0.86ms,CPU&GPU=12.88ms,LCnt=7(DR0,LM2),GPU%=0.98,CPU%=0.38(W0.55),DSF=1.00,CFL=17.02/20.49
01-29 14:11:43.003  1955  4464 I VrApi   : FPS=86/90,Prd=36ms,Tear=0,Early=1,Stale=8,Stale2/5/10/max=0/0/0/1,VSnc=0,Lat=-1,Fov=0,CPU4/GPU=2/4,2419/525MHz,OC=FF,TA=0/70/0,SP=N/F/N,Mem=2092MHz,Free=8745MB,PLS=0,Temp=22.2C/0.0C,TW=2.88ms,App=6.94ms,GD=1.07ms,CPU&GPU=17.56ms,LCnt=7(DR0,LM2),GPU%=0.97,CPU%=0.21(W0.33),DSF=1.00,CFL=17.04/20.92
01-29 14:11:43.150  1955  2065 D VrApi   : targetSDKVersion 29
01-29 14:11:43.163  1955  4464 I VrApi   : FPS=86/90,Prd=36ms,Tear=0,Early=1,Stale=8,Stale2/5/10/max=0/0/0/1,VSnc=0,Lat=-1,Fov=0,CPU4/GPU=2/4,2419/525MHz,OC=FF,TA=0/70/0,SP=N/F/N,Mem=2092MHz,Free=8745MB,PLS=0,Temp=22.2C/0.0C,TW=2.88ms,App=6.94ms,GD=1.07ms,CPU&GPU=17.56ms,LCnt=7(DR0,LM2),GPU%=0.97,CPU%=0.21(W0.33),DSF=1.00,CFL=17.04/20.92
01-29 14:11:43.198  1955  2065 I VrApi   : OVR::Stats thread stopped
01-29 14:11:43.353  4657  4680 I VrApi   : ----------- vrapi_Initialize [start] ----------
01-29 14:11:43.363  4657  4680 I VrApi   : Client type: 0 flags: 0x0 placement: 0
01-29 14:11:43.478  4657  4680 I VrApi   : vrapi_Initialize: Connected to VrRuntimeService after 0.114186s
01-29 14:11:43.538  4657  4680 I VrApi   : SkipPushFinalBlack=1
01-29 14:11:43.538  4657  4680 D VrApi   : isActivityFocusAware context = com.oculus.xrstreamingclient.MainActivity@13620ae
01-29 14:11:43.538  4657  4680 D VrApi   : isSystemApp = true for com.oculus.xrstreamingclient
01-29 14:11:43.538  4657  4680 I VrApi   : isActivityFocusAware = 0
01-29 14:11:43.538  4657  4680 I VrApi   : Client-driven display vsync: enabled
01-29 14:11:43.586  4657  4680 I VrApi   : ----------- vrapi_Initialize [end] ----------
01-29 14:11:43.596  4657  4680 I VrApi   : ------------ vrapi_CreateSystemVulkan -----------
01-29 14:11:43.664  2966  3126 D VrApi   : targetSDKVersion 29
01-29 14:11:43.695  2966  3126 I VrApi   : OVR::Stats thread stopped
01-29 14:11:43.852  4287  4287 I VrApi   : ----------- vrapi_Initialize [start] ----------
01-29 14:11:43.955  4287  4287 I VrApi   : Client type: 0 flags: 0x0 placement: 0
01-29 14:11:44.568  4287  4287 I VrApi   : vrapi_Initialize: Connected to VrRuntimeService after 0.612646s
01-29 14:11:44.597  4287  4287 I VrApi   : SkipPushFinalBlack=1
01-29 14:11:44.597  4287  4287 D VrApi   : isActivityFocusAware context = com.oculus.os.DialogContext@9b7bf51
01-29 14:11:44.597  4287  4287 D VrApi   : isSystemApp = true for com.android.permissioncontroller
01-29 14:11:44.597  4287  4287 I VrApi   : isActivityFocusAware = 0
01-29 14:11:44.608  4287  4287 I VrApi   : ----------- vrapi_Initialize [end] ----------
01-29 14:11:44.655  4657  4680 I VrApi   : ---------- vrapi_EnterVrMode [start] ----------
01-29 14:11:44.663  4657  4680 D VrApi   : targetSDKVersion 29
01-29 14:11:44.679  4657  4680 I VrApi   : ovrModeParms::VRAPI_MODE_FLAG_RESET_WINDOW_FULLSCREEN = 0
01-29 14:11:44.679  4657  4680 I VrApi   : ovrModeParms::VRAPI_MODE_FLAG_NATIVE_WINDOW = 1
01-29 14:11:44.679  4657  4680 I VrApi   : ovrModeParms::VRAPI_MODE_FLAG_FRONT_BUFFER_SRGB = 0
01-29 14:11:44.679  4657  4680 I VrApi   : ovrModeParms::VRAPI_MODE_FLAG_PHASE_SYNC = 0
01-29 14:11:44.679  4657  4680 I VrApi   : ovrModeParms::VRAPI_MODE_FLAG_APP_SPACE_WARP = 0
01-29 14:11:44.679  4657  4680 I VrApi   : PhaseSync disabled
01-29 14:11:44.679  4657  4680 I VrApi   : HMD sensor attached.
01-29 14:11:44.699  4287  4287 I VrApi   : ------------ vrapi_Shutdown [start] -----------
01-29 14:11:44.699  4287  4287 W VrApi   : IsOvrValid: ovr == nullptr. Package: com.android.permissioncontroller
01-29 14:11:44.702  4657  4680 I VrApi   : Creating Default swapchain
01-29 14:11:44.702  4657  4680 I VrApi   : Creating Loading Icon swapchain
01-29 14:11:44.702  4657  4680 I VrApi   : OVR::Stats thread started
01-29 14:11:44.702  4657  4680 I VrApi   : Initial BaseVsync 47126 
01-29 14:11:44.702  4657  4680 I VrApi   : ---------- vrapi_EnterVrMode [end] ----------
01-29 14:11:44.702  4657  4680 I VrApi   : vrapi_SetDisplayRefreshRate: display refresh rate supported 72.000000
01-29 14:11:44.712  4657  4785 D VrApi   : targetSDKVersion 29
01-29 14:11:44.729  4657  4785 D VrApi   : VrApi::isWifiConnected exception: Make sure android.permission.ACCESS_NETWORK_STATE is set in the manifest.
01-29 14:11:44.783  4287  4287 I VrApi   : ------------ vrapi_Shutdown [end] -----------
01-29 14:11:45.421  4657  4680 W VrApi   : Time to first swap: 2.073 seconds
01-29 14:11:45.474  4657  4680 W VrApi   : ovr_SubmitFrameInternal: FrameIndex discontinuity: Expected 7, Received 8
01-29 14:11:45.543  4657  4680 W VrApi   : ovr_SubmitFrameInternal: FrameIndex discontinuity: Expected 12, Received 13
01-29 14:11:45.920  4657  4680 W VrApi   : ovr_SubmitFrameInternal: FrameIndex discontinuity: Expected 36, Received 37
01-29 14:11:46.011  4657  4785 I VrApi   : FPS=1/72,Prd=0ms,Tear=44,Early=5,Stale=62,Stale2/5/10/max=0/0/1/121,VSnc=0,Lat=0,Fov=0,CPU4/GPU=2/2,1171/441MHz,OC=FF,TA=0/70/0,SP=N/F/N,Mem=1555MHz,Free=8173MB,PLS=0,Temp=22.2C/0.0C,TW=4.44ms,App=0.73ms,GD=2.39ms,CPU&GPU=11575571.00ms,LCnt=3(DR0,LM2),GPU%=0.55,CPU%=0.05(W0.05),DSF=1.00,CFL=7.59/21.79
01-29 14:11:46.073  4657  4680 W VrApi   : ovr_SubmitFrameInternal: FrameIndex discontinuity: Expected 44, Received 45
01-29 14:11:47.003  4657  4785 I VrApi   : FPS=66/72,Prd=0ms,Tear=1,Early=10,Stale=24,Stale2/5/10/max=6/0/0/2,VSnc=1,Lat=0,Fov=0,CPU4/GPU=2/2,1171/441MHz,OC=FF,TA=0/70/0,SP=N/F/N,Mem=2092MHz,Free=8173MB,PLS=0,Temp=22.2C/0.0C,TW=4.28ms,App=0.76ms,GD=2.29ms,CPU&GPU=14.91ms,LCnt=2(DR0,LM0),GPU%=0.55,CPU%=0.11(W0.18),DSF=1.00,CFL=18.04/22.60
01-29 14:11:48.002  4657  4785 I VrApi   : FPS=73/72,Prd=0ms,Tear=0,Early=0,Stale=24,Stale2/5/10/max=5/0/0/2,VSnc=1,Lat=0,Fov=0,CPU4/GPU=3/2,1382/441MHz,OC=FF,TA=0/70/0,SP=N/F/N,Mem=2092MHz,Free=8173MB,PLS=0,Temp=22.2C/0.0C,TW=4.27ms,App=0.73ms,GD=2.31ms,CPU&GPU=13.51ms,LCnt=2(DR0,LM0),GPU%=0.54,CPU%=0.12(W0.14),DSF=1.00,CFL=18.36/22.08
01-29 14:11:48.428  4657  4680 W VrApi   : ovr_SubmitFrameInternal: FrameIndex discontinuity: Expected 214, Received 215
01-29 14:11:49.002  4657  4785 I VrApi   : FPS=71/72,Prd=0ms,Tear=0,Early=0,Stale=3,Stale2/5/10/max=0/0/0/1,VSnc=1,Lat=0,Fov=0,CPU4/GPU=3/2,1382/441MHz,OC=FF,TA=0/70/0,SP=N/F/N,Mem=1555MHz,Free=8173MB,PLS=0,Temp=22.2C/0.0C,TW=4.27ms,App=0.72ms,GD=2.34ms,CPU&GPU=12.12ms,LCnt=2(DR0,LM0),GPU%=0.54,CPU%=0.10(W0.10),DSF=1.00,CFL=18.19/22.19
01-29 14:11:50.002  4657  4785 I VrApi   : FPS=72/72,Prd=0ms,Tear=0,Early=0,Stale=1,Stale2/5/10/max=0/0/0/1,VSnc=1,Lat=0,Fov=0,CPU4/GPU=2/2,1171/441MHz,OC=FF,TA=0/70/0,SP=N/F/N,Mem=1555MHz,Free=8173MB,PLS=0,Temp=22.2C/0.0C,TW=4.27ms,App=0.73ms,GD=2.32ms,CPU&GPU=13.58ms,LCnt=2(DR0,LM0),GPU%=0.54,CPU%=0.08(W0.23),DSF=1.00,CFL=18.09/22.00
01-29 14:11:50.960  4657  4680 W VrApi   : ovr_SubmitFrameInternal: FrameIndex discontinuity: Expected 395, Received 396
01-29 14:11:51.003  4657  4785 I VrApi   : FPS=72/72,Prd=0ms,Tear=0,Early=0,Stale=0,Stale2/5/10/max=0/0/0/0,VSnc=1,Lat=0,Fov=0,CPU4/GPU=2/2,1171/441MHz,OC=FF,TA=0/70/0,SP=N/F/N,Mem=1804MHz,Free=8173MB,PLS=0,Temp=22.0C/0.0C,TW=4.27ms,App=0.71ms,GD=2.29ms,CPU&GPU=13.87ms,LCnt=2(DR0,LM0),GPU%=0.54,CPU%=0.10(W0.10),DSF=1.00,CFL=18.22/21.84
01-29 14:11:52.003  4657  4785 I VrApi   : FPS=70/72,Prd=0ms,Tear=0,Early=5,Stale=9,Stale2/5/10/max=1/0/0/4,VSnc=1,Lat=0,Fov=0,CPU4/GPU=2/2,1171/441MHz,OC=FF,TA=0/70/0,SP=N/F/N,Mem=1555MHz,Free=8173MB,PLS=0,Temp=22.0C/0.0C,TW=4.27ms,App=0.78ms,GD=2.28ms,CPU&GPU=14.27ms,LCnt=2(DR0,LM0),GPU%=0.55,CPU%=0.10(W0.14),DSF=1.00,CFL=18.18/22.16
01-29 14:11:53.002  4657  4785 I VrApi   : FPS=73/72,Prd=0ms,Tear=0,Early=0,Stale=59,Stale2/5/10/max=0/1/2/25,VSnc=1,Lat=0,Fov=0,CPU4/GPU=3/4,1382/525MHz,OC=FF,TA=0/70/0,SP=N/F/N,Mem=1555MHz,Free=8173MB,PLS=0,Temp=22.0C/0.0C,TW=3.86ms,App=0.78ms,GD=2.05ms,CPU&GPU=13.91ms,LCnt=2(DR0,LM0),GPU%=0.50,CPU%=0.12(W0.18),DSF=1.00,CFL=18.34/22.90
01-29 14:11:54.003  4657  4785 I VrApi   : FPS=73/72,Prd=0ms,Tear=0,Early=0,Stale=42,Stale2/5/10/max=2/1/1/32,VSnc=1,Lat=0,Fov=0,CPU4/GPU=3/4,1382/525MHz,OC=FF,TA=0/70/0,SP=N/F/N,Mem=1804MHz,Free=8173MB,PLS=0,Temp=22.0C/0.0C,TW=3.60ms,App=0.64ms,GD=1.92ms,CPU&GPU=13.73ms,LCnt=2(DR0,LM0),GPU%=0.46,CPU%=0.05(W0.10),DSF=1.00,CFL=18.11/22.27
01-29 14:11:55.003  4657  4785 I VrApi   : FPS=72/72,Prd=0ms,Tear=0,Early=0,Stale=10,Stale2/5/10/max=1/0/0/3,VSnc=1,Lat=0,Fov=0,CPU4/GPU=3/4,1382/525MHz,OC=FF,TA=0/70/0,SP=N/F/N,Mem=1555MHz,Free=8173MB,PLS=0,Temp=22.0C/0.0C,TW=3.67ms,App=0.65ms,GD=1.90ms,CPU&GPU=13.81ms,LCnt=2(DR0,LM0),GPU%=0.47,CPU%=0.08(W0.14),DSF=1.00,CFL=18.17/21.84
01-29 14:11:56.003  4657  4785 I VrApi   : FPS=72/72,Prd=0ms,Tear=0,Early=1,Stale=1,Stale2/5/10/max=0/0/0/0,VSnc=1,Lat=0,Fov=0,CPU4/GPU=3/3,1382/490MHz,OC=FF,TA=0/70/0,SP=N/F/N,Mem=1804MHz,Free=8173MB,PLS=0,Temp=22.0C/0.0C,TW=3.83ms,App=0.73ms,GD=0.99ms,CPU&GPU=13.91ms,LCnt=2(DR0,LM0),GPU%=0.42,CPU%=0.10(W0.14),DSF=1.00,CFL=18.18/21.85
01-29 14:11:57.004  4657  4785 I VrApi   : FPS=73/72,Prd=0ms,Tear=1,Early=1,Stale=1,Stale2/5/10/max=0/0/0/1,VSnc=1,Lat=0,Fov=0,CPU4/GPU=2/3,1171/490MHz,OC=FF,TA=0/70/0,SP=N/F/N,Mem=1804MHz,Free=8173MB,PLS=0,Temp=22.0C/0.0C,TW=3.82ms,App=0.68ms,GD=1.28ms,CPU&GPU=13.88ms,LCnt=2(DR0,LM0),GPU%=0.42,CPU%=0.08(W0.14),DSF=1.00,CFL=18.18/22.40
01-29 14:11:58.003  4657  4785 I VrApi   : FPS=72/72,Prd=0ms,Tear=0,Early=1,Stale=8,Stale2/5/10/max=0/0/0/1,VSnc=1,Lat=0,Fov=0,CPU4/GPU=2/2,1382/441MHz,OC=FF,TA=0/70/0,SP=N/F/N,Mem=1555MHz,Free=8173MB,PLS=0,Temp=22.0C/0.0C,TW=4.21ms,App=0.81ms,GD=0.63ms,CPU&GPU=13.86ms,LCnt=2(DR0,LM0),GPU%=0.43,CPU%=0.07(W0.10),DSF=1.00,CFL=18.21/21.90
01-29 14:11:59.003  4657  4785 I VrApi   : FPS=73/72,Prd=0ms,Tear=0,Early=0,Stale=69,Stale2/5/10/max=0/0/2/55,VSnc=1,Lat=0,Fov=0,CPU4/GPU=3/4,1382/525MHz,OC=FF,TA=0/70/0,SP=N/F/N,Mem=1555MHz,Free=8173MB,PLS=0,Temp=22.0C/0.0C,TW=3.90ms,App=0.79ms,GD=1.81ms,CPU&GPU=13.83ms,LCnt=2(DR0,LM0),GPU%=0.50,CPU%=0.08(W0.14),DSF=1.00,CFL=18.03/22.52
01-29 14:12:00.005  4657  4785 I VrApi   : FPS=73/72,Prd=0ms,Tear=0,Early=0,Stale=34,Stale2/5/10/max=9/1/0/8,VSnc=1,Lat=0,Fov=0,CPU4/GPU=3/4,1382/525MHz,OC=FF,TA=0/70/0,SP=N/F/N,Mem=1804MHz,Free=8173MB,PLS=0,Temp=22.0C/0.0C,TW=3.57ms,App=0.66ms,GD=1.06ms,CPU&GPU=13.74ms,LCnt=2(DR0,LM0),GPU%=0.39,CPU%=0.08(W0.14),DSF=1.00,CFL=18.13/22.13
01-29 14:12:01.003  4657  4785 I VrApi   : FPS=72/72,Prd=0ms,Tear=0,Early=0,Stale=5,Stale2/5/10/max=0/0/0/1,VSnc=1,Lat=0,Fov=0,CPU4/GPU=3/4,1382/525MHz,OC=FF,TA=0/70/0,SP=N/F/N,Mem=1804MHz,Free=8173MB,PLS=0,Temp=22.0C/0.0C,TW=3.53ms,App=0.65ms,GD=0.51ms,CPU&GPU=13.72ms,LCnt=2(DR0,LM0),GPU%=0.36,CPU%=0.08(W0.13),DSF=1.00,CFL=18.22/21.89
01-29 14:12:02.003  4657  4785 I VrApi   : FPS=73/72,Prd=0ms,Tear=0,Early=0,Stale=1,Stale2/5/10/max=0/0/0/1,VSnc=1,Lat=0,Fov=0,CPU4/GPU=2/3,1171/490MHz,OC=FF,TA=0/70/0,SP=N/F/N,Mem=1804MHz,Free=8173MB,PLS=0,Temp=22.0C/0.0C,TW=3.78ms,App=0.70ms,GD=0.53ms,CPU&GPU=13.87ms,LCnt=2(DR0,LM0),GPU%=0.38,CPU%=0.08(W0.16),DSF=1.00,CFL=18.24/22.11
01-29 14:12:03.003  4657  4785 I VrApi   : FPS=72/72,Prd=0ms,Tear=0,Early=0,Stale=0,Stale2/5/10/max=0/0/0/0,VSnc=1,Lat=0,Fov=0,CPU4/GPU=2/3,1171/490MHz,OC=FF,TA=0/70/0,SP=N/F/N,Mem=1804MHz,Free=8173MB,PLS=0,Temp=22.0C/0.0C,TW=3.75ms,App=0.66ms,GD=0.52ms,CPU&GPU=13.83ms,LCnt=2(DR0,LM0),GPU%=0.38,CPU%=0.03(W0.05),DSF=1.00,CFL=17.97/22.46
01-29 14:12:04.003  4657  4785 I VrApi   : FPS=72/72,Prd=0ms,Tear=0,Early=0,Stale=24,Stale2/5/10/max=0/0/0/0,VSnc=1,Lat=0,Fov=0,CPU4/GPU=3/2,1382/441MHz,OC=FF,TA=0/70/0,SP=N/F/N,Mem=1804MHz,Free=8173MB,PLS=0,Temp=22.0C/0.0C,TW=4.26ms,App=0.82ms,GD=0.68ms,CPU&GPU=13.92ms,LCnt=2(DR0,LM0),GPU%=0.44,CPU%=0.05(W0.14),DSF=1.00,CFL=18.01/22.07
01-29 14:12:05.003  4657  4785 I VrApi   : FPS=72/72,Prd=0ms,Tear=0,Early=0,Stale=66,Stale2/5/10/max=2/0/3/45,VSnc=1,Lat=0,Fov=0,CPU4/GPU=3/4,1382/525MHz,OC=FF,TA=0/70/0,SP=N/F/N,Mem=1555MHz,Free=8173MB,PLS=0,Temp=22.0C/0.0C,TW=3.69ms,App=0.71ms,GD=0.70ms,CPU&GPU=13.83ms,LCnt=2(DR0,LM0),GPU%=0.39,CPU%=0.05(W0.10),DSF=1.00,CFL=18.25/21.85
01-29 14:12:06.012  4657  4785 I VrApi   : FPS=73/72,Prd=0ms,Tear=0,Early=0,Stale=29,Stale2/5/10/max=5/2/0/5,VSnc=1,Lat=0,Fov=0,CPU4/GPU=3/4,1382/525MHz,OC=FF,TA=0/70/0,SP=N/F/N,Mem=1555MHz,Free=8294MB,PLS=0,Temp=22.0C/0.0C,TW=3.60ms,App=0.65ms,GD=0.60ms,CPU&GPU=13.74ms,LCnt=2(DR0,LM0),GPU%=0.38,CPU%=0.08(W0.18),DSF=1.00,CFL=18.31/21.78
01-29 14:12:07.003  4657  4785 I VrApi   : FPS=73/72,Prd=0ms,Tear=0,Early=0,Stale=3,Stale2/5/10/max=0/0/0/1,VSnc=1,Lat=0,Fov=0,CPU4/GPU=3/4,1382/490MHz,OC=FF,TA=0/70/0,SP=N/F/N,Mem=1555MHz,Free=8294MB,PLS=0,Temp=22.0C/0.0C,TW=3.58ms,App=0.66ms,GD=0.60ms,CPU&GPU=13.60ms,LCnt=2(DR0,LM0),GPU%=0.37,CPU%=0.05(W0.10),DSF=1.00,CFL=18.18/22.18
01-29 14:12:08.004  4657  4785 I VrApi   : FPS=73/72,Prd=0ms,Tear=0,Early=3,Stale=3,Stale2/5/10/max=0/0/0/1,VSnc=1,Lat=0,Fov=0,CPU4/GPU=2/3,1171/490MHz,OC=FF,TA=0/70/0,SP=N/F/N,Mem=1555MHz,Free=8294MB,PLS=0,Temp=22.0C/0.0C,TW=3.78ms,App=0.72ms,GD=0.53ms,CPU&GPU=13.87ms,LCnt=2(DR0,LM0),GPU%=0.40,CPU%=0.08(W0.14),DSF=1.00,CFL=18.11/21.61
01-29 14:12:09.004  4657  4785 I VrApi   : FPS=73/72,Prd=0ms,Tear=0,Early=2,Stale=2,Stale2/5/10/max=0/0/0/1,VSnc=1,Lat=0,Fov=0,CPU4/GPU=2/3,1171/441MHz,OC=FF,TA=0/70/0,SP=N/F/N,Mem=1804MHz,Free=8294MB,PLS=0,Temp=22.0C/0.0C,TW=3.74ms,App=0.66ms,GD=0.71ms,CPU&GPU=13.89ms,LCnt=2(DR0,LM0),GPU%=0.39,CPU%=0.11(W0.29),DSF=1.00,CFL=18.17/22.31
01-29 14:12:10.004  4657  4785 I VrApi   : FPS=72/72,Prd=0ms,Tear=0,Early=0,Stale=40,Stale2/5/10/max=0/0/1/39,VSnc=1,Lat=0,Fov=0,CPU4/GPU=3/3,1382/490MHz,OC=FF,TA=0/70/0,SP=N/F/N,Mem=1804MHz,Free=8294MB,PLS=0,Temp=22.0C/0.0C,TW=4.17ms,App=0.87ms,GD=0.57ms,CPU&GPU=13.92ms,LCnt=2(DR0,LM0),GPU%=0.43,CPU%=0.07(W0.10),DSF=1.00,CFL=18.11/21.67
01-29 14:12:11.004  4657  4785 I VrApi   : FPS=73/72,Prd=0ms,Tear=0,Early=0,Stale=40,Stale2/5/10/max=0/0/1/39,VSnc=1,Lat=0,Fov=0,CPU4/GPU=3/3,1382/490MHz,OC=FF,TA=0/70/0,SP=N/F/N,Mem=1804MHz,Free=8294MB,PLS=0,Temp=22.0C/0.0C,TW=3.82ms,App=0.67ms,GD=0.59ms,CPU&GPU=13.75ms,LCnt=2(DR0,LM0),GPU%=0.38,CPU%=0.06(W0.14),DSF=1.00,CFL=18.11/21.67
01-29 14:12:12.004  4657  4785 I VrApi   : FPS=72/72,Prd=0ms,Tear=0,Early=0,Stale=49,Stale2/5/10/max=4/2/1/23,VSnc=1,Lat=0,Fov=0,CPU4/GPU=3/3,1382/490MHz,OC=FF,TA=0/70/0,SP=N/F/N,Mem=1555MHz,Free=8294MB,PLS=0,Temp=22.0C/0.0C,TW=3.76ms,App=0.68ms,GD=0.60ms,CPU&GPU=13.81ms,LCnt=2(DR0,LM0),GPU%=0.38,CPU%=0.10(W0.14),DSF=1.00,CFL=18.10/22.71
01-29 14:12:13.004  4657  4785 I VrApi   : FPS=73/72,Prd=0ms,Tear=0,Early=0,Stale=9,Stale2/5/10/max=1/0/0/2,VSnc=1,Lat=0,Fov=0,CPU4/GPU=3/2,1382/441MHz,OC=FF,TA=0/70/0,SP=N/F/N,Mem=1555MHz,Free=8294MB,PLS=0,Temp=22.0C/0.0C,TW=4.03ms,App=0.73ms,GD=0.62ms,CPU&GPU=13.87ms,LCnt=2(DR0,LM0),GPU%=0.41,CPU%=0.05(W0.10),DSF=1.00,CFL=18.15/21.75
01-29 14:12:14.004  4657  4785 I VrApi   : FPS=72/72,Prd=0ms,Tear=0,Early=0,Stale=0,Stale2/5/10/max=0/0/0/0,VSnc=1,Lat=0,Fov=0,CPU4/GPU=2/2,1171/441MHz,OC=FF,TA=0/70/0,SP=N/F/N,Mem=1804MHz,Free=8294MB,PLS=0,Temp=22.0C/0.0C,TW=4.28ms,App=0.71ms,GD=0.69ms,CPU&GPU=13.91ms,LCnt=2(DR0,LM0),GPU%=0.43,CPU%=0.03(W0.10),DSF=1.00,CFL=18.13/21.99
01-29 14:12:15.005  4657  4785 I VrApi   : FPS=72/72,Prd=0ms,Tear=0,Early=0,Stale=1,Stale2/5/10/max=0/0/0/1,VSnc=1,Lat=0,Fov=0,CPU4/GPU=2/2,1171/441MHz,OC=FF,TA=0/70/0,SP=N/F/N,Mem=1804MHz,Free=8294MB,PLS=0,Temp=22.0C/0.0C,TW=4.28ms,App=0.79ms,GD=0.66ms,CPU&GPU=13.91ms,LCnt=2(DR0,LM0),GPU%=0.43,CPU%=0.07(W0.10),DSF=1.00,CFL=18.01/21.87
01-29 14:12:16.004  4657  4785 I VrApi   : FPS=72/72,Prd=0ms,Tear=0,Early=1,Stale=1,Stale2/5/10/max=0/0/0/1,VSnc=1,Lat=0,Fov=0,CPU4/GPU=3/2,1382/490MHz,OC=FF,TA=0/70/0,SP=N/F/N,Mem=1555MHz,Free=8294MB,PLS=0,Temp=22.0C/0.0C,TW=4.26ms,App=0.83ms,GD=0.72ms,CPU&GPU=13.92ms,LCnt=2(DR0,LM0),GPU%=0.44,CPU%=0.02(W0.05),DSF=1.00,CFL=18.02/22.02
01-29 14:12:17.004  4657  4785 I VrApi   : FPS=73/72,Prd=0ms,Tear=1,Early=2,Stale=34,Stale2/5/10/max=0/0/0/1,VSnc=1,Lat=0,Fov=0,CPU4/GPU=3/3,1382/490MHz,OC=FF,TA=0/70/0,SP=N/F/N,Mem=1555MHz,Free=8294MB,PLS=0,Temp=22.0C/0.0C,TW=3.85ms,App=0.67ms,GD=0.65ms,CPU&GPU=13.76ms,LCnt=2(DR0,LM0),GPU%=0.39,CPU%=0.09(W0.27),DSF=1.00,CFL=18.07/21.69
01-29 14:12:18.006  4657  4785 I VrApi   : FPS=72/72,Prd=0ms,Tear=0,Early=0,Stale=41,Stale2/5/10/max=3/1/1/56,VSnc=1,Lat=0,Fov=0,CPU4/GPU=3/3,1382/490MHz,OC=FF,TA=0/70/0,SP=N/F/N,Mem=1804MHz,Free=8294MB,PLS=0,Temp=22.0C/0.0C,TW=3.85ms,App=0.67ms,GD=0.65ms,CPU&GPU=13.81ms,LCnt=2(DR0,LM0),GPU%=0.39,CPU%=0.05(W0.05),DSF=1.00,CFL=18.02/22.00
01-29 14:12:19.004  4657  4785 I VrApi   : FPS=73/72,Prd=0ms,Tear=0,Early=0,Stale=5,Stale2/5/10/max=0/0/0/1,VSnc=1,Lat=0,Fov=0,CPU4/GPU=2/2,1171/441MHz,OC=FF,TA=0/70/0,SP=N/F/N,Mem=1804MHz,Free=8294MB,PLS=0,Temp=22.0C/0.0C,TW=4.25ms,App=0.76ms,GD=0.72ms,CPU&GPU=13.90ms,LCnt=2(DR0,LM0),GPU%=0.43,CPU%=0.08(W0.14),DSF=1.00,CFL=18.16/22.49
01-29 14:12:20.004  4657  4785 I VrApi   : FPS=73/72,Prd=0ms,Tear=1,Early=0,Stale=1,Stale2/5/10/max=0/0/0/1,VSnc=1,Lat=0,Fov=0,CPU4/GPU=2/2,1171/441MHz,OC=FF,TA=0/70/0,SP=N/F/N,Mem=1555MHz,Free=8294MB,PLS=0,Temp=22.0C/0.0C,TW=4.25ms,App=0.75ms,GD=0.72ms,CPU&GPU=13.86ms,LCnt=2(DR0,LM0),GPU%=0.43,CPU%=0.03(W0.05),DSF=1.00,CFL=18.25/21.82
01-29 14:12:21.005  4657  4785 I VrApi   : FPS=72/72,Prd=0ms,Tear=0,Early=3,Stale=3,Stale2/5/10/max=0/0/0/1,VSnc=1,Lat=0,Fov=0,CPU4/GPU=2/2,1171/441MHz,OC=FF,TA=0/70/0,SP=N/F/N,Mem=1555MHz,Free=8294MB,PLS=0,Temp=22.0C/0.0C,TW=4.25ms,App=0.82ms,GD=0.70ms,CPU&GPU=13.91ms,LCnt=2(DR0,LM0),GPU%=0.44,CPU%=0.08(W0.10),DSF=1.00,CFL=18.21/22.12
01-29 14:12:22.004  4657  4785 I VrApi   : FPS=72/72,Prd=0ms,Tear=0,Early=1,Stale=1,Stale2/5/10/max=0/0/0/1,VSnc=1,Lat=0,Fov=0,CPU4/GPU=3/3,1382/490MHz,OC=FF,TA=0/70/0,SP=N/F/N,Mem=1804MHz,Free=8294MB,PLS=0,Temp=22.0C/0.0C,TW=4.11ms,App=0.83ms,GD=0.58ms,CPU&GPU=13.91ms,LCnt=2(DR0,LM0),GPU%=0.43,CPU%=0.05(W0.10),DSF=1.00,CFL=18.06/22.08
01-29 14:12:23.004  4657  4785 I VrApi   : FPS=73/72,Prd=0ms,Tear=0,Early=0,Stale=48,Stale2/5/10/max=0/0/1/45,VSnc=1,Lat=0,Fov=0,CPU4/GPU=3/3,1382/490MHz,OC=FF,TA=0/70/0,SP=N/F/N,Mem=1804MHz,Free=8294MB,PLS=0,Temp=22.0C/0.0C,TW=3.78ms,App=0.66ms,GD=0.61ms,CPU&GPU=13.77ms,LCnt=2(DR0,LM0),GPU%=0.38,CPU%=0.03(W0.09),DSF=1.00,CFL=18.18/21.96
