01-29 14:02:44.003 24040 24171 I VrApi   : FPS=0/90,Prd=0ms,Tear=0,Early=0,Stale=0,Stale2/5/10/max=0/0/0/0,VSnc=1,Lat=0,Fov=0,CPU4/GPU=0/0,1171/441MHz,OC=FF,TA=0/0/0,SP=N/N/N,Mem=1804MHz,Free=8220MB,PLS=0,Temp=19.7C/0.0C,TW=2.56ms,App=0.00ms,GD=0.00ms,CPU&GPU=0.00ms,LCnt=5(DR0,LM0),GPU%=0.20,CPU%=0.30(W0.32),DSF=1.00,CFL=17.54/20.79
01-29 14:02:45.003 24040 24171 I VrApi   : FPS=0/90,Prd=0ms,Tear=0,Early=0,Stale=0,Stale2/5/10/max=0/0/0/0,VSnc=1,Lat=0,Fov=0,CPU4/GPU=0/0,1171/441MHz,OC=FF,TA=0/0/0,SP=N/N/N,Mem=1804MHz,Free=8220MB,PLS=0,Temp=19.7C/0.0C,TW=2.56ms,App=0.00ms,GD=0.00ms,CPU&GPU=0.00ms,LCnt=5(DR0,LM0),GPU%=0.20,CPU%=0.30(W0.32),DSF=1.00,CFL=17.54/20.79
01-29 14:02:46.003 24040 24171 I VrApi   : FPS=0/90,Prd=0ms,Tear=0,Early=0,Stale=0,Stale2/5/10/max=0/0/0/0,VSnc=1,Lat=0,Fov=0,CPU4/GPU=0/0,1171/441MHz,OC=FF,TA=0/0/0,SP=N/N/N,Mem=1804MHz,Free=8220MB,PLS=0,Temp=19.7C/0.0C,TW=2.56ms,App=0.00ms,GD=0.00ms,CPU&GPU=0.00ms,LCnt=5(DR0,LM0),GPU%=0.20,CPU%=0.30(W0.32),DSF=1.00,CFL=17.54/20.79
01-29 14:02:47.003 24040 24171 I VrApi   : FPS=0/90,Prd=0ms,Tear=0,Early=0,Stale=0,Stale2/5/10/max=0/0/0/0,VSnc=1,Lat=0,Fov=0,CPU4/GPU=0/0,1171/441MHz,OC=FF,TA=0/0/0,SP=N/N/N,Mem=1804MHz,Free=8220MB,PLS=0,Temp=19.7C/0.0C,TW=2.56ms,App=0.00ms,GD=0.00ms,CPU&GPU=0.00ms,LCnt=5(DR0,LM0),GPU%=0.20,CPU%=0.30(W0.32),DSF=1.00,CFL=17.54/20.79
01-29 14:02:48.003 24040 24171 I VrApi   : FPS=0/90,Prd=0ms,Tear=0,Early=0,Stale=0,Stale2/5/10/max=0/0/0/0,VSnc=1,Lat=0,Fov=0,CPU4/GPU=0/0,1171/441MHz,OC=FF,TA=0/0/0,SP=N/N/N,Mem=1804MHz,Free=8220MB,PLS=0,Temp=19.7C/0.0C,TW=2.56ms,App=0.00ms,GD=0.00ms,CPU&GPU=0.00ms,LCnt=5(DR0,LM0),GPU%=0.20,CPU%=0.30(W0.32),DSF=1.00,CFL=17.54/20.79
01-29 14:02:49.003 24040 24171 I VrApi   : FPS=0/90,Prd=0ms,Tear=0,Early=0,Stale=0,Stale2/5/10/max=0/0/0/0,VSnc=1,Lat=0,Fov=0,CPU4/GPU=0/0,1171/441MHz,OC=FF,TA=0/0/0,SP=N/N/N,Mem=1804MHz,Free=8220MB,PLS=0,Temp=19.7C/0.0C,TW=2.56ms,App=0.00ms,GD=0.00ms,CPU&GPU=0.00ms,LCnt=5(DR0,LM0),GPU%=0.20,CPU%=0.30(W0.32),DSF=1.00,CFL=17.54/20.79
01-29 14:02:50.003 24040 24171 I VrApi   : FPS=0/90,Prd=0ms,Tear=0,Early=0,Stale=0,Stale2/5/10/max=0/0/0/0,VSnc=1,Lat=0,Fov=0,CPU4/GPU=0/0,1171/441MHz,OC=FF,TA=0/0/0,SP=N/N/N,Mem=1804MHz,Free=8220MB,PLS=0,Temp=19.7C/0.0C,TW=2.56ms,App=0.00ms,GD=0.00ms,CPU&GPU=0.00ms,LCnt=5(DR0,LM0),GPU%=0.20,CPU%=0.30(W0.32),DSF=1.00,CFL=17.54/20.79
01-29 14:02:51.003 24040 24171 I VrApi   : FPS=0/90,Prd=0ms,Tear=0,Early=0,Stale=0,Stale2/5/10/max=0/0/0/0,VSnc=1,Lat=0,Fov=0,CPU4/GPU=0/0,1171/441MHz,OC=FF,TA=0/0/0,SP=N/N/N,Mem=1804MHz,Free=8220MB,PLS=0,Temp=19.7C/0.0C,TW=2.56ms,App=0.00ms,GD=0.00ms,CPU&GPU=0.00ms,LCnt=5(DR0,LM0),GPU%=0.20,CPU%=0.30(W0.32),DSF=1.00,CFL=17.54/20.79
01-29 14:02:52.003 24040 24171 I VrApi   : FPS=0/90,Prd=0ms,Tear=0,Early=0,Stale=0,Stale2/5/10/max=0/0/0/0,VSnc=1,Lat=0,Fov=0,CPU4/GPU=0/0,1171/441MHz,OC=FF,TA=0/0/0,SP=N/N/N,Mem=1804MHz,Free=8220MB,PLS=0,Temp=19.7C/0.0C,TW=2.56ms,App=0.00ms,GD=0.00ms,CPU&GPU=0.00ms,LCnt=5(DR0,LM0),GPU%=0.20,CPU%=0.30(W0.32),DSF=1.00,CFL=17.54/20.79
01-29 14:02:53.003 24040 24171 I VrApi   : FPS=0/90,Prd=0ms,Tear=0,Early=0,Stale=0,Stale2/5/10/max=0/0/0/0,VSnc=1,Lat=0,Fov=0,CPU4/GPU=0/0,1171/441MHz,OC=FF,TA=0/0/0,SP=N/N/N,Mem=1804MHz,Free=8220MB,PLS=0,Temp=19.7C/0.0C,TW=2.56ms,App=0.00ms,GD=0.00ms,CPU&GPU=0.00ms,LCnt=5(DR0,LM0),GPU%=0.20,CPU%=0.30(W0.32),DSF=1.00,CFL=17.54/20.79
01-29 14:02:54.003 24040 24171 I VrApi   : FPS=0/90,Prd=0ms,Tear=0,Early=0,Stale=0,Stale2/5/10/max=0/0/0/0,VSnc=1,Lat=0,Fov=0,CPU4/GPU=0/0,1171/441MHz,OC=FF,TA=0/0/0,SP=N/N/N,Mem=1804MHz,Free=8220MB,PLS=0,Temp=19.7C/0.0C,TW=2.56ms,App=0.00ms,GD=0.00ms,CPU&GPU=0.00ms,LCnt=5(DR0,LM0),GPU%=0.20,CPU%=0.30(W0.32),DSF=1.00,CFL=17.54/20.79
01-29 14:02:55.010 24040 24171 I VrApi   : FPS=0/90,Prd=0ms,Tear=0,Early=0,Stale=0,Stale2/5/10/max=0/0/0/0,VSnc=1,Lat=0,Fov=0,CPU4/GPU=0/0,1171/441MHz,OC=FF,TA=0/0/0,SP=N/N/N,Mem=1804MHz,Free=8331MB,PLS=0,Temp=19.7C/0.0C,TW=2.56ms,App=0.00ms,GD=0.00ms,CPU&GPU=0.00ms,LCnt=5(DR0,LM0),GPU%=0.20,CPU%=0.30(W0.32),DSF=1.00,CFL=17.54/20.79
01-29 14:02:56.004 24040 24171 I VrApi   : FPS=0/90,Prd=0ms,Tear=0,Early=0,Stale=0,Stale2/5/10/max=0/0/0/0,VSnc=1,Lat=0,Fov=0,CPU4/GPU=0/0,1171/441MHz,OC=FF,TA=0/0/0,SP=N/N/N,Mem=1804MHz,Free=8331MB,PLS=0,Temp=19.7C/0.0C,TW=2.56ms,App=0.00ms,GD=0.00ms,CPU&GPU=0.00ms,LCnt=5(DR0,LM0),GPU%=0.20,CPU%=0.30(W0.32),DSF=1.00,CFL=17.54/20.79
01-29 14:02:57.004 24040 24171 I VrApi   : FPS=0/90,Prd=0ms,Tear=0,Early=0,Stale=0,Stale2/5/10/max=0/0/0/0,VSnc=1,Lat=0,Fov=0,CPU4/GPU=0/0,1171/441MHz,OC=FF,TA=0/0/0,SP=N/N/N,Mem=1804MHz,Free=8331MB,PLS=0,Temp=19.7C/0.0C,TW=2.56ms,App=0.00ms,GD=0.00ms,CPU&GPU=0.00ms,LCnt=5(DR0,LM0),GPU%=0.20,CPU%=0.30(W0.32),DSF=1.00,CFL=17.54/20.79
01-29 14:02:58.004 24040 24171 I VrApi   : FPS=0/90,Prd=0ms,Tear=0,Early=0,Stale=0,Stale2/5/10/max=0/0/0/0,VSnc=1,Lat=0,Fov=0,CPU4/GPU=0/0,1171/441MHz,OC=FF,TA=0/0/0,SP=N/N/N,Mem=1555MHz,Free=8331MB,PLS=0,Temp=19.7C/0.0C,TW=2.56ms,App=0.00ms,GD=0.00ms,CPU&GPU=0.00ms,LCnt=5(DR0,LM0),GPU%=0.20,CPU%=0.30(W0.32),DSF=1.00,CFL=17.54/20.79
01-29 14:02:59.004 24040 24171 I VrApi   : FPS=0/90,Prd=0ms,Tear=0,Early=0,Stale=0,Stale2/5/10/max=0/0/0/0,VSnc=1,Lat=0,Fov=0,CPU4/GPU=0/0,1171/441MHz,OC=FF,TA=0/0/0,SP=N/N/N,Mem=1804MHz,Free=8331MB,PLS=0,Temp=19.7C/0.0C,TW=2.56ms,App=0.00ms,GD=0.00ms,CPU&GPU=0.00ms,LCnt=5(DR0,LM0),GPU%=0.20,CPU%=0.30(W0.32),DSF=1.00,CFL=17.54/20.79
01-29 14:03:00.005 24040 24171 I VrApi   : FPS=0/90,Prd=0ms,Tear=0,Early=0,Stale=0,Stale2/5/10/max=0/0/0/0,VSnc=1,Lat=0,Fov=0,CPU4/GPU=0/0,1171/441MHz,OC=FF,TA=0/0/0,SP=N/N/N,Mem=1804MHz,Free=8331MB,PLS=0,Temp=19.7C/0.0C,TW=2.56ms,App=0.00ms,GD=0.00ms,CPU&GPU=0.00ms,LCnt=5(DR0,LM0),GPU%=0.20,CPU%=0.30(W0.32),DSF=1.00,CFL=17.54/20.79
01-29 14:03:01.004 24040 24171 I VrApi   : FPS=0/90,Prd=0ms,Tear=0,Early=0,Stale=0,Stale2/5/10/max=0/0/0/0,VSnc=1,Lat=0,Fov=0,CPU4/GPU=0/0,1171/441MHz,OC=FF,TA=0/0/0,SP=N/N/N,Mem=1804MHz,Free=8331MB,PLS=0,Temp=19.7C/0.0C,TW=2.56ms,App=0.00ms,GD=0.00ms,CPU&GPU=0.00ms,LCnt=5(DR0,LM0),GPU%=0.20,CPU%=0.30(W0.32),DSF=1.00,CFL=17.54/20.79
01-29 14:03:02.004 24040 24171 I VrApi   : FPS=0/90,Prd=0ms,Tear=0,Early=0,Stale=0,Stale2/5/10/max=0/0/0/0,VSnc=1,Lat=0,Fov=0,CPU4/GPU=0/0,1171/441MHz,OC=FF,TA=0/0/0,SP=N/N/N,Mem=1555MHz,Free=8331MB,PLS=0,Temp=19.7C/0.0C,TW=2.56ms,App=0.00ms,GD=0.00ms,CPU&GPU=0.00ms,LCnt=5(DR0,LM0),GPU%=0.20,CPU%=0.30(W0.32),DSF=1.00,CFL=17.54/20.79
01-29 14:03:03.004 24040 24171 I VrApi   : FPS=0/90,Prd=0ms,Tear=0,Early=0,Stale=0,Stale2/5/10/max=0/0/0/0,VSnc=1,Lat=0,Fov=0,CPU4/GPU=0/0,1171/441MHz,OC=FF,TA=0/0/0,SP=N/N/N,Mem=1555MHz,Free=8331MB,PLS=0,Temp=19.7C/0.0C,TW=2.56ms,App=0.00ms,GD=0.00ms,CPU&GPU=0.00ms,LCnt=5(DR0,LM0),GPU%=0.20,CPU%=0.30(W0.32),DSF=1.00,CFL=17.54/20.79
01-29 14:03:04.004 24040 24171 I VrApi   : FPS=0/90,Prd=0ms,Tear=0,Early=0,Stale=0,Stale2/5/10/max=0/0/0/0,VSnc=1,Lat=0,Fov=0,CPU4/GPU=0/0,1171/441MHz,OC=FF,TA=0/0/0,SP=N/N/N,Mem=1555MHz,Free=8331MB,PLS=0,Temp=19.7C/0.0C,TW=2.56ms,App=0.00ms,GD=0.00ms,CPU&GPU=0.00ms,LCnt=5(DR0,LM0),GPU%=0.20,CPU%=0.30(W0.32),DSF=1.00,CFL=17.54/20.79
01-29 14:03:05.005 24040 24171 I VrApi   : FPS=0/90,Prd=0ms,Tear=0,Early=0,Stale=0,Stale2/5/10/max=0/0/0/0,VSnc=1,Lat=0,Fov=0,CPU4/GPU=0/0,1171/441MHz,OC=FF,TA=0/0/0,SP=N/N/N,Mem=1555MHz,Free=8331MB,PLS=0,Temp=19.7C/0.0C,TW=2.56ms,App=0.00ms,GD=0.00ms,CPU&GPU=0.00ms,LCnt=5(DR0,LM0),GPU%=0.20,CPU%=0.30(W0.32),DSF=1.00,CFL=17.54/20.79
01-29 14:03:06.004 24040 24171 I VrApi   : FPS=0/90,Prd=0ms,Tear=0,Early=0,Stale=0,Stale2/5/10/max=0/0/0/0,VSnc=1,Lat=0,Fov=0,CPU4/GPU=0/0,1171/441MHz,OC=FF,TA=0/0/0,SP=N/N/N,Mem=1555MHz,Free=8331MB,PLS=0,Temp=19.7C/0.0C,TW=2.56ms,App=0.00ms,GD=0.00ms,CPU&GPU=0.00ms,LCnt=5(DR0,LM0),GPU%=0.20,CPU%=0.30(W0.32),DSF=1.00,CFL=17.54/20.79
01-29 14:03:07.004 24040 24171 I VrApi   : FPS=0/90,Prd=0ms,Tear=0,Early=0,Stale=0,Stale2/5/10/max=0/0/0/0,VSnc=1,Lat=0,Fov=0,CPU4/GPU=0/0,1171/441MHz,OC=FF,TA=0/0/0,SP=N/N/N,Mem=1555MHz,Free=8331MB,PLS=0,Temp=19.7C/0.0C,TW=2.56ms,App=0.00ms,GD=0.00ms,CPU&GPU=0.00ms,LCnt=5(DR0,LM0),GPU%=0.20,CPU%=0.30(W0.32),DSF=1.00,CFL=17.54/20.79
01-29 14:03:08.004 24040 24171 I VrApi   : FPS=0/90,Prd=0ms,Tear=0,Early=0,Stale=0,Stale2/5/10/max=0/0/0/0,VSnc=1,Lat=0,Fov=0,CPU4/GPU=0/0,1171/441MHz,OC=FF,TA=0/0/0,SP=N/N/N,Mem=1555MHz,Free=8331MB,PLS=0,Temp=19.7C/0.0C,TW=2.56ms,App=0.00ms,GD=0.00ms,CPU&GPU=0.00ms,LCnt=5(DR0,LM0),GPU%=0.20,CPU%=0.30(W0.32),DSF=1.00,CFL=17.54/20.79
01-29 14:03:09.004 24040 24171 I VrApi   : FPS=0/90,Prd=0ms,Tear=0,Early=0,Stale=0,Stale2/5/10/max=0/0/0/0,VSnc=1,Lat=0,Fov=0,CPU4/GPU=0/0,1171/441MHz,OC=FF,TA=0/0/0,SP=N/N/N,Mem=1804MHz,Free=8331MB,PLS=0,Temp=19.7C/0.0C,TW=2.56ms,App=0.00ms,GD=0.00ms,CPU&GPU=0.00ms,LCnt=5(DR0,LM0),GPU%=0.20,CPU%=0.30(W0.32),DSF=1.00,CFL=17.54/20.79
01-29 14:03:10.005 24040 24171 I VrApi   : FPS=0/90,Prd=0ms,Tear=0,Early=0,Stale=0,Stale2/5/10/max=0/0/0/0,VSnc=1,Lat=0,Fov=0,CPU4/GPU=0/0,1171/441MHz,OC=FF,TA=0/0/0,SP=N/N/N,Mem=1555MHz,Free=8331MB,PLS=0,Temp=19.7C/0.0C,TW=2.56ms,App=0.00ms,GD=0.00ms,CPU&GPU=0.00ms,LCnt=5(DR0,LM0),GPU%=0.20,CPU%=0.30(W0.32),DSF=1.00,CFL=17.54/20.79
01-29 14:03:11.005 24040 24171 I VrApi   : FPS=0/90,Prd=0ms,Tear=0,Early=0,Stale=0,Stale2/5/10/max=0/0/0/0,VSnc=1,Lat=0,Fov=0,CPU4/GPU=0/0,1171/441MHz,OC=FF,TA=0/0/0,SP=N/N/N,Mem=1804MHz,Free=8331MB,PLS=0,Temp=19.7C/0.0C,TW=2.56ms,App=0.00ms,GD=0.00ms,CPU&GPU=0.00ms,LCnt=5(DR0,LM0),GPU%=0.20,CPU%=0.30(W0.32),DSF=1.00,CFL=17.54/20.79
01-29 14:03:12.005 24040 24171 I VrApi   : FPS=0/90,Prd=0ms,Tear=0,Early=0,Stale=0,Stale2/5/10/max=0/0/0/0,VSnc=1,Lat=0,Fov=0,CPU4/GPU=0/0,1171/441MHz,OC=FF,TA=0/0/0,SP=N/N/N,Mem=1804MHz,Free=8331MB,PLS=0,Temp=19.7C/0.0C,TW=2.56ms,App=0.00ms,GD=0.00ms,CPU&GPU=0.00ms,LCnt=5(DR0,LM0),GPU%=0.20,CPU%=0.30(W0.32),DSF=1.00,CFL=17.54/20.79
01-29 14:03:13.005 24040 24171 I VrApi   : FPS=0/90,Prd=0ms,Tear=0,Early=0,Stale=0,Stale2/5/10/max=0/0/0/0,VSnc=1,Lat=0,Fov=0,CPU4/GPU=0/0,1171/441MHz,OC=FF,TA=0/0/0,SP=N/N/N,Mem=1804MHz,Free=8331MB,PLS=0,Temp=19.7C/0.0C,TW=2.56ms,App=0.00ms,GD=0.00ms,CPU&GPU=0.00ms,LCnt=5(DR0,LM0),GPU%=0.20,CPU%=0.30(W0.32),DSF=1.00,CFL=17.54/20.79
01-29 14:03:14.005 24040 24171 I VrApi   : FPS=0/90,Prd=0ms,Tear=0,Early=0,Stale=0,Stale2/5/10/max=0/0/0/0,VSnc=1,Lat=0,Fov=0,CPU4/GPU=0/0,1171/441MHz,OC=FF,TA=0/0/0,SP=N/N/N,Mem=1555MHz,Free=8331MB,PLS=0,Temp=19.7C/0.0C,TW=2.56ms,App=0.00ms,GD=0.00ms,CPU&GPU=0.00ms,LCnt=5(DR0,LM0),GPU%=0.20,CPU%=0.30(W0.32),DSF=1.00,CFL=17.54/20.79
01-29 14:03:15.014 24040 24171 I VrApi   : FPS=0/90,Prd=0ms,Tear=0,Early=0,Stale=0,Stale2/5/10/max=0/0/0/0,VSnc=1,Lat=0,Fov=0,CPU4/GPU=0/0,1171/441MHz,OC=FF,TA=0/0/0,SP=N/N/N,Mem=1555MHz,Free=8322MB,PLS=0,Temp=19.7C/0.0C,TW=2.56ms,App=0.00ms,GD=0.00ms,CPU&GPU=0.00ms,LCnt=5(DR0,LM0),GPU%=0.20,CPU%=0.30(W0.32),DSF=1.00,CFL=17.54/20.79
01-29 14:03:16.005 24040 24171 I VrApi   : FPS=0/90,Prd=0ms,Tear=0,Early=0,Stale=0,Stale2/5/10/max=0/0/0/0,VSnc=1,Lat=0,Fov=0,CPU4/GPU=0/0,1171/441MHz,OC=FF,TA=0/0/0,SP=N/N/N,Mem=1555MHz,Free=8322MB,PLS=0,Temp=19.7C/0.0C,TW=2.56ms,App=0.00ms,GD=0.00ms,CPU&GPU=0.00ms,LCnt=5(DR0,LM0),GPU%=0.20,CPU%=0.30(W0.32),DSF=1.00,CFL=17.54/20.79
01-29 14:03:17.005 24040 24171 I VrApi   : FPS=0/90,Prd=0ms,Tear=0,Early=0,Stale=0,Stale2/5/10/max=0/0/0/0,VSnc=1,Lat=0,Fov=0,CPU4/GPU=0/0,1171/441MHz,OC=FF,TA=0/0/0,SP=N/N/N,Mem=1555MHz,Free=8322MB,PLS=0,Temp=19.7C/0.0C,TW=2.56ms,App=0.00ms,GD=0.00ms,CPU&GPU=0.00ms,LCnt=5(DR0,LM0),GPU%=0.20,CPU%=0.30(W0.32),DSF=1.00,CFL=17.54/20.79
01-29 14:03:18.005 24040 24171 I VrApi   : FPS=0/90,Prd=0ms,Tear=0,Early=0,Stale=0,Stale2/5/10/max=0/0/0/0,VSnc=1,Lat=0,Fov=0,CPU4/GPU=0/0,1171/441MHz,OC=FF,TA=0/0/0,SP=N/N/N,Mem=1804MHz,Free=8322MB,PLS=0,Temp=19.7C/0.0C,TW=2.56ms,App=0.00ms,GD=0.00ms,CPU&GPU=0.00ms,LCnt=5(DR0,LM0),GPU%=0.20,CPU%=0.30(W0.32),DSF=1.00,CFL=17.54/20.79
01-29 14:03:19.005 24040 24171 I VrApi   : FPS=0/90,Prd=0ms,Tear=0,Early=0,Stale=0,Stale2/5/10/max=0/0/0/0,VSnc=1,Lat=0,Fov=0,CPU4/GPU=0/0,1171/441MHz,OC=FF,TA=0/0/0,SP=N/N/N,Mem=1555MHz,Free=8322MB,PLS=0,Temp=19.7C/0.0C,TW=2.56ms,App=0.00ms,GD=0.00ms,CPU&GPU=0.00ms,LCnt=5(DR0,LM0),GPU%=0.20,CPU%=0.30(W0.32),DSF=1.00,CFL=17.54/20.79
01-29 14:03:20.005 24040 24171 I VrApi   : FPS=0/90,Prd=0ms,Tear=0,Early=0,Stale=0,Stale2/5/10/max=0/0/0/0,VSnc=1,Lat=0,Fov=0,CPU4/GPU=0/0,1171/441MHz,OC=FF,TA=0/0/0,SP=N/N/N,Mem=1804MHz,Free=8322MB,PLS=0,Temp=19.7C/0.0C,TW=2.56ms,App=0.00ms,GD=0.00ms,CPU&GPU=0.00ms,LCnt=5(DR0,LM0),GPU%=0.20,CPU%=0.30(W0.32),DSF=1.00,CFL=17.54/20.79
01-29 14:03:21.006 24040 24171 I VrApi   : FPS=0/90,Prd=0ms,Tear=0,Early=0,Stale=0,Stale2/5/10/max=0/0/0/0,VSnc=1,Lat=0,Fov=0,CPU4/GPU=0/0,1171/441MHz,OC=FF,TA=0/0/0,SP=N/N/N,Mem=1804MHz,Free=8322MB,PLS=0,Temp=19.7C/0.0C,TW=2.56ms,App=0.00ms,GD=0.00ms,CPU&GPU=0.00ms,LCnt=5(DR0,LM0),GPU%=0.20,CPU%=0.30(W0.32),DSF=1.00,CFL=17.54/20.79
01-29 14:03:22.005 24040 24171 I VrApi   : FPS=0/90,Prd=0ms,Tear=0,Early=0,Stale=0,Stale2/5/10/max=0/0/0/0,VSnc=1,Lat=0,Fov=0,CPU4/GPU=0/0,1171/441MHz,OC=FF,TA=0/0/0,SP=N/N/N,Mem=1555MHz,Free=8322MB,PLS=0,Temp=19.7C/0.0C,TW=2.56ms,App=0.00ms,GD=0.00ms,CPU&GPU=0.00ms,LCnt=5(DR0,LM0),GPU%=0.20,CPU%=0.30(W0.32),DSF=1.00,CFL=17.54/20.79
01-29 14:03:23.005 24040 24171 I VrApi   : FPS=0/90,Prd=0ms,Tear=0,Early=0,Stale=0,Stale2/5/10/max=0/0/0/0,VSnc=1,Lat=0,Fov=0,CPU4/GPU=0/0,1171/441MHz,OC=FF,TA=0/0/0,SP=N/N/N,Mem=1555MHz,Free=8322MB,PLS=0,Temp=19.7C/0.0C,TW=2.56ms,App=0.00ms,GD=0.00ms,CPU&GPU=0.00ms,LCnt=5(DR0,LM0),GPU%=0.20,CPU%=0.30(W0.32),DSF=1.00,CFL=17.54/20.79
01-29 14:03:24.005 24040 24171 I VrApi   : FPS=0/90,Prd=0ms,Tear=0,Early=0,Stale=0,Stale2/5/10/max=0/0/0/0,VSnc=1,Lat=0,Fov=0,CPU4/GPU=0/0,1171/441MHz,OC=FF,TA=0/0/0,SP=N/N/N,Mem=1555MHz,Free=8322MB,PLS=0,Temp=19.7C/0.0C,TW=2.56ms,App=0.00ms,GD=0.00ms,CPU&GPU=0.00ms,LCnt=5(DR0,LM0),GPU%=0.20,CPU%=0.30(W0.32),DSF=1.00,CFL=17.54/20.79
01-29 14:03:25.006 24040 24171 I VrApi   : FPS=0/90,Prd=0ms,Tear=0,Early=0,Stale=0,Stale2/5/10/max=0/0/0/0,VSnc=1,Lat=0,Fov=0,CPU4/GPU=0/0,1171/441MHz,OC=FF,TA=0/0/0,SP=N/N/N,Mem=1555MHz,Free=8322MB,PLS=0,Temp=19.7C/0.0C,TW=2.56ms,App=0.00ms,GD=0.00ms,CPU&GPU=0.00ms,LCnt=5(DR0,LM0),GPU%=0.20,CPU%=0.30(W0.32),DSF=1.00,CFL=17.54/20.79
01-29 14:03:26.005 24040 24171 I VrApi   : FPS=0/90,Prd=0ms,Tear=0,Early=0,Stale=0,Stale2/5/10/max=0/0/0/0,VSnc=1,Lat=0,Fov=0,CPU4/GPU=0/0,1171/441MHz,OC=FF,TA=0/0/0,SP=N/N/N,Mem=1555MHz,Free=8322MB,PLS=0,Temp=19.7C/0.0C,TW=2.56ms,App=0.00ms,GD=0.00ms,CPU&GPU=0.00ms,LCnt=5(DR0,LM0),GPU%=0.20,CPU%=0.30(W0.32),DSF=1.00,CFL=17.54/20.79
01-29 14:03:27.005 24040 24171 I VrApi   : FPS=0/90,Prd=0ms,Tear=0,Early=0,Stale=0,Stale2/5/10/max=0/0/0/0,VSnc=1,Lat=0,Fov=0,CPU4/GPU=0/0,1171/441MHz,OC=FF,TA=0/0/0,SP=N/N/N,Mem=1555MHz,Free=8322MB,PLS=0,Temp=19.7C/0.0C,TW=2.56ms,App=0.00ms,GD=0.00ms,CPU&GPU=0.00ms,LCnt=5(DR0,LM0),GPU%=0.20,CPU%=0.30(W0.32),DSF=1.00,CFL=17.54/20.79
01-29 14:03:28.006 24040 24171 I VrApi   : FPS=0/90,Prd=0ms,Tear=0,Early=0,Stale=0,Stale2/5/10/max=0/0/0/0,VSnc=1,Lat=0,Fov=0,CPU4/GPU=0/0,1171/441MHz,OC=FF,TA=0/0/0,SP=N/N/N,Mem=1555MHz,Free=8322MB,PLS=0,Temp=19.7C/0.0C,TW=2.56ms,App=0.00ms,GD=0.00ms,CPU&GPU=0.00ms,LCnt=5(DR0,LM0),GPU%=0.20,CPU%=0.30(W0.32),DSF=1.00,CFL=17.54/20.79
01-29 14:03:29.006 24040 24171 I VrApi   : FPS=0/90,Prd=0ms,Tear=0,Early=0,Stale=0,Stale2/5/10/max=0/0/0/0,VSnc=1,Lat=0,Fov=0,CPU4/GPU=0/0,1171/441MHz,OC=FF,TA=0/0/0,SP=N/N/N,Mem=1555MHz,Free=8322MB,PLS=0,Temp=19.7C/0.0C,TW=2.56ms,App=0.00ms,GD=0.00ms,CPU&GPU=0.00ms,LCnt=5(DR0,LM0),GPU%=0.20,CPU%=0.30(W0.32),DSF=1.00,CFL=17.54/20.79
01-29 14:03:30.006 24040 24171 I VrApi   : FPS=0/90,Prd=0ms,Tear=0,Early=0,Stale=0,Stale2/5/10/max=0/0/0/0,VSnc=1,Lat=0,Fov=0,CPU4/GPU=0/0,1171/441MHz,OC=FF,TA=0/0/0,SP=N/N/N,Mem=1555MHz,Free=8322MB,PLS=0,Temp=19.7C/0.0C,TW=2.56ms,App=0.00ms,GD=0.00ms,CPU&GPU=0.00ms,LCnt=5(DR0,LM0),GPU%=0.20,CPU%=0.30(W0.32),DSF=1.00,CFL=17.54/20.79
01-29 14:03:31.006 24040 24171 I VrApi   : FPS=0/90,Prd=0ms,Tear=0,Early=0,Stale=0,Stale2/5/10/max=0/0/0/0,VSnc=1,Lat=0,Fov=0,CPU4/GPU=0/0,1171/441MHz,OC=FF,TA=0/0/0,SP=N/N/N,Mem=1555MHz,Free=8322MB,PLS=0,Temp=19.7C/0.0C,TW=2.56ms,App=0.00ms,GD=0.00ms,CPU&GPU=0.00ms,LCnt=5(DR0,LM0),GPU%=0.20,CPU%=0.30(W0.32),DSF=1.00,CFL=17.54/20.79
01-29 14:03:32.006 24040 24171 I VrApi   : FPS=0/90,Prd=0ms,Tear=0,Early=0,Stale=0,Stale2/5/10/max=0/0/0/0,VSnc=1,Lat=0,Fov=0,CPU4/GPU=0/0,1171/441MHz,OC=FF,TA=0/0/0,SP=N/N/N,Mem=1555MHz,Free=8322MB,PLS=0,Temp=19.7C/0.0C,TW=2.56ms,App=0.00ms,GD=0.00ms,CPU&GPU=0.00ms,LCnt=5(DR0,LM0),GPU%=0.20,CPU%=0.30(W0.32),DSF=1.00,CFL=17.54/20.79
01-29 14:03:33.006 24040 24171 I VrApi   : FPS=0/90,Prd=0ms,Tear=0,Early=0,Stale=0,Stale2/5/10/max=0/0/0/0,VSnc=1,Lat=0,Fov=0,CPU4/GPU=0/0,1171/441MHz,OC=FF,TA=0/0/0,SP=N/N/N,Mem=1555MHz,Free=8322MB,PLS=0,Temp=19.7C/0.0C,TW=2.56ms,App=0.00ms,GD=0.00ms,CPU&GPU=0.00ms,LCnt=5(DR0,LM0),GPU%=0.20,CPU%=0.30(W0.32),DSF=1.00,CFL=17.54/20.79
01-29 14:03:33.868  2253  2873 D VrApi   : targetSDKVersion 29
01-29 14:03:33.925  2253  2873 I VrApi   : OVR::Stats thread started
01-29 14:03:33.930  2253 25396 D VrApi   : targetSDKVersion 29
01-29 14:03:33.981 24040 24065 W VrApi   : ovr_SubmitFrameInternal: FrameIndex discontinuity: Expected 2, Received 1
01-29 14:03:33.983 24040 24065 I VrApi   : ---------- vrapi_LeaveVrMode [start] ----------
01-29 14:03:33.994 24040 24065 D VrApi   : targetSDKVersion 29
01-29 14:03:34.002 24040 24171 I VrApi   : FPS=1/72,Prd=0ms,Tear=0,Early=0,Stale=40,Stale2/5/10/max=0/0/0/0,VSnc=0,Lat=0,Fov=0,CPU4/GPU=4/4,1478/525MHz,OC=FF,TA=0/70/0,SP=N/F/N,Mem=1804MHz,Free=8322MB,PLS=0,Temp=19.7C/0.0C,TW=2.08ms,App=2.47ms,GD=0.00ms,CPU&GPU=11023993.00ms,LCnt=2(DR0,LM2),GPU%=0.50,CPU%=0.16(W0.17),DSF=1.00,CFL=17.38/21.37
01-29 14:03:34.004 24040 24065 I VrApi   : OVR::Stats thread stopped
01-29 14:03:34.026 24040 24065 I VrApi   : ---------- vrapi_LeaveVrMode [end] ----------
01-29 14:03:42.573  2253  2873 D VrApi   : targetSDKVersion 29
01-29 14:03:42.666  2253  2873 I VrApi   : OVR::Stats thread stopped
01-29 14:03:42.860 24040 24065 I VrApi   : ---------- vrapi_EnterVrMode [start] ----------
01-29 14:03:42.883 24040 24065 D VrApi   : targetSDKVersion 29
01-29 14:03:42.891 24040 24065 I VrApi   : ovrModeParms::VRAPI_MODE_FLAG_RESET_WINDOW_FULLSCREEN = 0
01-29 14:03:42.891 24040 24065 I VrApi   : ovrModeParms::VRAPI_MODE_FLAG_NATIVE_WINDOW = 1
01-29 14:03:42.891 24040 24065 I VrApi   : ovrModeParms::VRAPI_MODE_FLAG_FRONT_BUFFER_SRGB = 0
01-29 14:03:42.891 24040 24065 I VrApi   : ovrModeParms::VRAPI_MODE_FLAG_PHASE_SYNC = 0
01-29 14:03:42.891 24040 24065 I VrApi   : ovrModeParms::VRAPI_MODE_FLAG_APP_SPACE_WARP = 0
01-29 14:03:42.891 24040 24065 I VrApi   : PhaseSync disabled
01-29 14:03:42.891 24040 24065 I VrApi   : HMD sensor attached.
01-29 14:03:42.894 24040 24065 I VrApi   : Creating Default swapchain
01-29 14:03:42.894 24040 24065 I VrApi   : Creating Loading Icon swapchain
01-29 14:03:42.894 24040 24065 I VrApi   : OVR::Stats thread started
01-29 14:03:42.894 24040 24065 I VrApi   : Initial BaseVsync 11784 
01-29 14:03:42.894 24040 24065 I VrApi   : ---------- vrapi_EnterVrMode [end] ----------
01-29 14:03:42.894 24040 24065 I VrApi   : vrapi_SetDisplayRefreshRate: display refresh rate supported 72.000000
01-29 14:03:42.896 24040 25615 D VrApi   : targetSDKVersion 29
01-29 14:03:42.928 24040 25615 D VrApi   : VrApi::isWifiConnected exception: Make sure android.permission.ACCESS_NETWORK_STATE is set in the manifest.
01-29 14:03:44.010 24040 25615 I VrApi   : FPS=1/72,Prd=0ms,Tear=3,Early=0,Stale=12,Stale2/5/10/max=0/0/1/22,VSnc=0,Lat=0,Fov=0,CPU4/GPU=2/2,1171/441MHz,OC=FF,TA=0/70/0,SP=N/F/N,Mem=1555MHz,Free=8313MB,PLS=0,Temp=19.7C/0.0C,TW=4.18ms,App=0.70ms,GD=0.65ms,CPU&GPU=5542035.00ms,LCnt=2(DR17,LM0),GPU%=0.44,CPU%=0.16(W0.19),DSF=1.00,CFL=17.44/22.32
01-29 14:03:45.002 24040 25615 I VrApi   : FPS=73/72,Prd=0ms,Tear=0,Early=37,Stale=0,Stale2/5/10/max=0/0/0/0,VSnc=1,Lat=0,Fov=0,CPU4/GPU=2/2,1171/441MHz,OC=FF,TA=0/70/0,SP=N/F/N,Mem=1804MHz,Free=8313MB,PLS=0,Temp=19.7C/0.0C,TW=2.37ms,App=0.74ms,GD=0.00ms,CPU&GPU=13.71ms,LCnt=1(DR43,LM0),GPU%=0.24,CPU%=0.17(W0.22),DSF=1.00,CFL=18.45/22.89
01-29 14:03:46.002 24040 25615 I VrApi   : FPS=73/72,Prd=0ms,Tear=0,Early=22,Stale=2,Stale2/5/10/max=0/0/0/1,VSnc=1,Lat=0,Fov=0,CPU4/GPU=2/2,1171/441MHz,OC=FF,TA=0/70/0,SP=N/F/N,Mem=1804MHz,Free=8313MB,PLS=0,Temp=19.7C/0.0C,TW=2.36ms,App=0.72ms,GD=0.00ms,CPU&GPU=13.83ms,LCnt=1(DR72,LM0),GPU%=0.24,CPU%=0.14(W0.18),DSF=1.00,CFL=18.59/22.27
01-29 14:03:47.002 24040 25615 I VrApi   : FPS=72/72,Prd=0ms,Tear=0,Early=0,Stale=0,Stale2/5/10/max=0/0/0/0,VSnc=1,Lat=0,Fov=0,CPU4/GPU=2/2,1171/441MHz,OC=FF,TA=0/70/0,SP=N/F/N,Mem=1804MHz,Free=8313MB,PLS=0,Temp=19.7C/0.0C,TW=2.36ms,App=0.71ms,GD=0.00ms,CPU&GPU=13.87ms,LCnt=1(DR72,LM0),GPU%=0.24,CPU%=0.14(W0.17),DSF=1.00,CFL=18.56/22.35
01-29 14:03:48.002 24040 25615 I VrApi   : FPS=73/72,Prd=0ms,Tear=0,Early=0,Stale=0,Stale2/5/10/max=0/0/0/0,VSnc=1,Lat=0,Fov=0,CPU4/GPU=2/2,1171/441MHz,OC=FF,TA=0/70/0,SP=N/F/N,Mem=1804MHz,Free=8313MB,PLS=0,Temp=19.7C/0.0C,TW=2.36ms,App=0.78ms,GD=0.00ms,CPU&GPU=13.88ms,LCnt=1(DR72,LM0),GPU%=0.24,CPU%=0.07(W0.10),DSF=1.00,CFL=18.39/22.23
01-29 14:03:49.002 24040 25615 I VrApi   : FPS=72/72,Prd=0ms,Tear=0,Early=0,Stale=0,Stale2/5/10/max=0/0/0/0,VSnc=1,Lat=0,Fov=0,CPU4/GPU=2/2,1171/441MHz,OC=FF,TA=0/70/0,SP=N/F/N,Mem=1804MHz,Free=8313MB,PLS=0,Temp=19.7C/0.0C,TW=2.36ms,App=0.75ms,GD=0.00ms,CPU&GPU=13.87ms,LCnt=1(DR72,LM0),GPU%=0.24,CPU%=0.16(W0.21),DSF=1.00,CFL=18.65/22.32
01-29 14:03:50.002 24040 25615 I VrApi   : FPS=73/72,Prd=0ms,Tear=0,Early=6,Stale=0,Stale2/5/10/max=0/0/0/0,VSnc=1,Lat=0,Fov=0,CPU4/GPU=2/2,1171/441MHz,OC=FF,TA=0/70/0,SP=N/F/N,Mem=1804MHz,Free=8313MB,PLS=0,Temp=19.7C/0.0C,TW=2.36ms,App=0.73ms,GD=0.00ms,CPU&GPU=13.90ms,LCnt=1(DR72,LM0),GPU%=0.24,CPU%=0.17(W0.22),DSF=1.00,CFL=18.36/22.15
01-29 14:03:51.002 24040 25615 I VrApi   : FPS=73/72,Prd=0ms,Tear=0,Early=51,Stale=0,Stale2/5/10/max=0/0/0/0,VSnc=1,Lat=0,Fov=0,CPU4/GPU=2/2,1171/441MHz,OC=FF,TA=0/70/0,SP=N/F/N,Mem=1804MHz,Free=8313MB,PLS=0,Temp=19.7C/0.0C,TW=2.40ms,App=0.72ms,GD=0.00ms,CPU&GPU=13.90ms,LCnt=1(DR72,LM0),GPU%=0.24,CPU%=0.08(W0.10),DSF=1.00,CFL=18.41/22.39
01-29 14:03:52.002 24040 25615 I VrApi   : FPS=73/72,Prd=0ms,Tear=0,Early=16,Stale=5,Stale2/5/10/max=0/0/0/1,VSnc=1,Lat=0,Fov=0,CPU4/GPU=2/2,1171/441MHz,OC=FF,TA=0/70/0,SP=N/F/N,Mem=1804MHz,Free=8313MB,PLS=0,Temp=19.7C/0.0C,TW=2.41ms,App=0.72ms,GD=0.00ms,CPU&GPU=13.89ms,LCnt=1(DR72,LM0),GPU%=0.24,CPU%=0.13(W0.21),DSF=1.00,CFL=18.46/22.14
01-29 14:03:53.003 24040 25615 I VrApi   : FPS=72/72,Prd=0ms,Tear=0,Early=0,Stale=1,Stale2/5/10/max=0/0/0/1,VSnc=1,Lat=0,Fov=0,CPU4/GPU=2/2,1171/441MHz,OC=FF,TA=0/70/0,SP=N/F/N,Mem=1804MHz,Free=8313MB,PLS=0,Temp=19.7C/0.0C,TW=2.39ms,App=0.71ms,GD=0.00ms,CPU&GPU=13.89ms,LCnt=1(DR72,LM0),GPU%=0.24,CPU%=0.11(W0.18),DSF=1.00,CFL=18.51/22.48
01-29 14:03:54.002 24040 25615 I VrApi   : FPS=73/72,Prd=0ms,Tear=0,Early=0,Stale=2,Stale2/5/10/max=0/0/0/1,VSnc=1,Lat=0,Fov=0,CPU4/GPU=2/2,1171/441MHz,OC=FF,TA=0/70/0,SP=N/F/N,Mem=1804MHz,Free=8313MB,PLS=0,Temp=19.7C/0.0C,TW=2.35ms,App=0.79ms,GD=0.00ms,CPU&GPU=13.88ms,LCnt=1(DR72,LM0),GPU%=0.24,CPU%=0.06(W0.14),DSF=1.00,CFL=18.37/22.59
01-29 14:03:55.002 24040 25615 I VrApi   : FPS=73/72,Prd=0ms,Tear=0,Early=0,Stale=0,Stale2/5/10/max=0/0/0/0,VSnc=1,Lat=0,Fov=0,CPU4/GPU=2/2,1171/441MHz,OC=FF,TA=0/70/0,SP=N/F/N,Mem=1555MHz,Free=8313MB,PLS=0,Temp=19.7C/0.0C,TW=2.35ms,App=0.76ms,GD=0.00ms,CPU&GPU=13.88ms,LCnt=1(DR72,LM0),GPU%=0.24,CPU%=0.15(W0.18),DSF=1.00,CFL=18.35/22.17
01-29 14:03:56.003 24040 25615 I VrApi   : FPS=73/72,Prd=0ms,Tear=0,Early=15,Stale=0,Stale2/5/10/max=0/0/0/0,VSnc=1,Lat=0,Fov=0,CPU4/GPU=2/2,1171/441MHz,OC=FF,TA=0/70/0,SP=N/F/N,Mem=1804MHz,Free=8313MB,PLS=0,Temp=19.7C/0.0C,TW=2.36ms,App=0.69ms,GD=0.00ms,CPU&GPU=13.82ms,LCnt=1(DR72,LM0),GPU%=0.24,CPU%=0.03(W0.05),DSF=1.00,CFL=18.58/22.20
01-29 14:03:57.004 24040 25615 I VrApi   : FPS=73/72,Prd=0ms,Tear=0,Early=55,Stale=1,Stale2/5/10/max=0/0/0/1,VSnc=1,Lat=0,Fov=0,CPU4/GPU=2/2,1171/441MHz,OC=FF,TA=0/70/0,SP=N/F/N,Mem=1804MHz,Free=8313MB,PLS=0,Temp=19.7C/0.0C,TW=2.37ms,App=0.71ms,GD=0.00ms,CPU&GPU=13.84ms,LCnt=1(DR72,LM0),GPU%=0.24,CPU%=0.10(W0.10),DSF=1.00,CFL=18.41/22.48
01-29 14:03:57.127 24040 24065 W VrApi   : ovr_SubmitFrameInternal: FrameIndex discontinuity: Expected 1014, Received 1015
01-29 14:03:57.293 24040 24065 W VrApi   : ovr_SubmitFrameInternal: FrameIndex discontinuity: Expected 1026, Received 1027
01-29 14:03:58.003 24040 25615 I VrApi   : FPS=72/72,Prd=0ms,Tear=0,Early=0,Stale=12,Stale2/5/10/max=2/0/0/3,VSnc=1,Lat=0,Fov=0,CPU4/GPU=2/2,1171/441MHz,OC=FF,TA=0/70/0,SP=N/F/N,Mem=1804MHz,Free=8313MB,PLS=0,Temp=19.7C/0.0C,TW=2.53ms,App=0.72ms,GD=0.00ms,CPU&GPU=14.04ms,LCnt=1(DR72,LM0),GPU%=0.25,CPU%=0.11(W0.18),DSF=1.00,CFL=18.38/21.95
01-29 14:03:58.293 24040 24065 W VrApi   : ovr_SubmitFrameInternal: FrameIndex discontinuity: Expected 1098, Received 1099
01-29 14:03:59.003 24040 25615 I VrApi   : FPS=72/72,Prd=0ms,Tear=0,Early=0,Stale=3,Stale2/5/10/max=1/0/0/3,VSnc=1,Lat=0,Fov=0,CPU4/GPU=2/2,1171/441MHz,OC=FF,TA=0/70/0,SP=N/F/N,Mem=1804MHz,Free=8313MB,PLS=0,Temp=19.7C/0.0C,TW=2.58ms,App=0.73ms,GD=0.00ms,CPU&GPU=13.86ms,LCnt=1(DR72,LM0),GPU%=0.25,CPU%=0.12(W0.14),DSF=1.00,CFL=18.50/22.69
01-29 14:04:00.007 24040 25615 I VrApi   : FPS=71/72,Prd=0ms,Tear=0,Early=0,Stale=0,Stale2/5/10/max=0/0/0/0,VSnc=1,Lat=0,Fov=0,CPU4/GPU=2/2,1171/441MHz,OC=FF,TA=0/70/0,SP=N/F/N,Mem=1804MHz,Free=8313MB,PLS=0,Temp=19.7C/0.0C,TW=2.59ms,App=0.82ms,GD=0.00ms,CPU&GPU=13.90ms,LCnt=1(DR72,LM0),GPU%=0.26,CPU%=0.12(W0.18),DSF=1.00,CFL=18.31/22.47
01-29 14:04:01.004 24040 25615 I VrApi   : FPS=72/72,Prd=0ms,Tear=0,Early=1,Stale=0,Stale2/5/10/max=0/0/0/0,VSnc=1,Lat=0,Fov=0,CPU4/GPU=2/2,1171/441MHz,OC=FF,TA=0/70/0,SP=N/F/N,Mem=1804MHz,Free=8313MB,PLS=0,Temp=19.7C/0.0C,TW=2.36ms,App=0.84ms,GD=0.00ms,CPU&GPU=13.87ms,LCnt=1(DR72,LM0),GPU%=0.24,CPU%=0.15(W0.18),DSF=1.00,CFL=18.40/22.47
01-29 14:04:02.003 24040 25615 I VrApi   : FPS=73/72,Prd=0ms,Tear=0,Early=25,Stale=0,Stale2/5/10/max=0/0/0/0,VSnc=1,Lat=0,Fov=0,CPU4/GPU=2/2,1171/441MHz,OC=FF,TA=0/70/0,SP=N/F/N,Mem=1804MHz,Free=8313MB,PLS=0,Temp=19.7C/0.0C,TW=2.41ms,App=0.73ms,GD=0.00ms,CPU&GPU=13.87ms,LCnt=1(DR72,LM0),GPU%=0.24,CPU%=0.06(W0.10),DSF=1.00,CFL=18.32/22.08
01-29 14:04:03.003 24040 25615 I VrApi   : FPS=73/72,Prd=0ms,Tear=0,Early=43,Stale=2,Stale2/5/10/max=0/0/0/1,VSnc=1,Lat=0,Fov=0,CPU4/GPU=2/2,1171/441MHz,OC=FF,TA=0/70/0,SP=N/F/N,Mem=1804MHz,Free=8313MB,PLS=0,Temp=19.7C/0.0C,TW=2.36ms,App=0.72ms,GD=0.00ms,CPU&GPU=13.82ms,LCnt=1(DR72,LM0),GPU%=0.24,CPU%=0.13(W0.14),DSF=1.00,CFL=18.32/23.14
01-29 14:04:04.013 24040 25615 I VrApi   : FPS=72/72,Prd=0ms,Tear=0,Early=0,Stale=1,Stale2/5/10/max=0/0/0/1,VSnc=1,Lat=0,Fov=0,CPU4/GPU=2/2,1171/441MHz,OC=FF,TA=0/70/0,SP=N/F/N,Mem=1555MHz,Free=8313MB,PLS=0,Temp=20.0C/0.0C,TW=3.27ms,App=0.74ms,GD=0.44ms,CPU&GPU=13.91ms,LCnt=2(DR53,LM0),GPU%=0.40,CPU%=0.08(W0.14),DSF=1.00,CFL=18.73/22.18
01-29 14:04:05.003 24040 25615 I VrApi   : FPS=72/72,Prd=0ms,Tear=0,Early=0,Stale=0,Stale2/5/10/max=0/0/0/0,VSnc=1,Lat=0,Fov=0,CPU4/GPU=2/2,1171/441MHz,OC=FF,TA=0/70/0,SP=N/F/N,Mem=2092MHz,Free=8313MB,PLS=0,Temp=20.0C/0.0C,TW=4.27ms,App=0.73ms,GD=1.45ms,CPU&GPU=13.88ms,LCnt=2(DR9,LM0),GPU%=0.48,CPU%=0.05(W0.09),DSF=1.00,CFL=18.28/22.10
01-29 14:04:05.823  2253  2873 D VrApi   : targetSDKVersion 29
01-29 14:04:05.866 24040 24065 W VrApi   : ovr_SubmitFrameInternal: FrameIndex discontinuity: Expected 1643, Received 1644
01-29 14:04:05.929  2253  2873 I VrApi   : OVR::Stats thread started
01-29 14:04:05.937 24040 24065 W VrApi   : ovr_SubmitFrameInternal: FrameIndex discontinuity: Expected 1650, Received 1649
01-29 14:04:05.945 24040 24065 I VrApi   : ---------- vrapi_LeaveVrMode [start] ----------
01-29 14:04:05.950 24040 24065 D VrApi   : targetSDKVersion 29
01-29 14:04:05.961 24040 25615 I VrApi   : FPS=72/72,Prd=0ms,Tear=0,Early=0,Stale=0,Stale2/5/10/max=0/0/0/0,VSnc=1,Lat=0,Fov=0,CPU4/GPU=4/4,1478/525MHz,OC=FF,TA=0/70/0,SP=N/F/N,Mem=1804MHz,Free=8313MB,PLS=0,Temp=20.0C/0.0C,TW=4.60ms,App=0.78ms,GD=0.31ms,CPU&GPU=13.92ms,LCnt=3(DR0,LM2),GPU%=0.54,CPU%=0.16(W0.22),DSF=1.00,CFL=18.28/22.46
01-29 14:04:05.969  2253 26084 D VrApi   : targetSDKVersion 29
01-29 14:04:05.971 24040 24065 I VrApi   : OVR::Stats thread stopped
01-29 14:04:05.990 24040 24065 I VrApi   : ---------- vrapi_LeaveVrMode [end] ----------
01-29 14:04:22.574  2253  2873 D VrApi   : targetSDKVersion 29
01-29 14:04:22.761  2253  2873 I VrApi   : OVR::Stats thread stopped
01-29 14:04:22.905 24040 24065 I VrApi   : ---------- vrapi_EnterVrMode [start] ----------
01-29 14:04:22.907 24040 24065 D VrApi   : targetSDKVersion 29
01-29 14:04:22.925 24040 24065 I VrApi   : ovrModeParms::VRAPI_MODE_FLAG_RESET_WINDOW_FULLSCREEN = 0
01-29 14:04:22.925 24040 24065 I VrApi   : ovrModeParms::VRAPI_MODE_FLAG_NATIVE_WINDOW = 1
01-29 14:04:22.925 24040 24065 I VrApi   : ovrModeParms::VRAPI_MODE_FLAG_FRONT_BUFFER_SRGB = 0
01-29 14:04:22.925 24040 24065 I VrApi   : ovrModeParms::VRAPI_MODE_FLAG_PHASE_SYNC = 0
01-29 14:04:22.925 24040 24065 I VrApi   : ovrModeParms::VRAPI_MODE_FLAG_APP_SPACE_WARP = 0
01-29 14:04:22.925 24040 24065 I VrApi   : PhaseSync disabled
01-29 14:04:22.925 24040 24065 I VrApi   : HMD sensor attached.
01-29 14:04:22.928 24040 24065 I VrApi   : Creating Default swapchain
01-29 14:04:22.928 24040 24065 I VrApi   : Creating Loading Icon swapchain
01-29 14:04:22.928 24040 24065 I VrApi   : OVR::Stats thread started
01-29 14:04:22.929 24040 24065 I VrApi   : Initial BaseVsync 14659 
01-29 14:04:22.929 24040 24065 I VrApi   : ---------- vrapi_EnterVrMode [end] ----------
01-29 14:04:22.929 24040 24065 I VrApi   : vrapi_SetDisplayRefreshRate: display refresh rate supported 72.000000
01-29 14:04:22.945 24040 26453 D VrApi   : targetSDKVersion 29
01-29 14:04:22.970 24040 26453 D VrApi   : VrApi::isWifiConnected exception: Make sure android.permission.ACCESS_NETWORK_STATE is set in the manifest.
01-29 14:04:23.049 24040 24065 W VrApi   : ovr_SubmitFrameInternal: FrameIndex discontinuity: Expected 1653, Received 1654
01-29 14:04:23.076 24040 24065 W VrApi   : ovr_SubmitFrameInternal: FrameIndex discontinuity: Expected 1656, Received 1657
01-29 14:04:23.090 24040 24065 W VrApi   : ovr_SubmitFrameInternal: FrameIndex discontinuity: Expected 1658, Received 1659
01-29 14:04:23.158 24040 24065 W VrApi   : ovr_SubmitFrameInternal: FrameIndex discontinuity: Expected 1660, Received 1661
01-29 14:04:24.011 24040 26453 I VrApi   : FPS=50/72,Prd=0ms,Tear=1,Early=0,Stale=12,Stale2/5/10/max=1/0/1/22,VSnc=1,Lat=0,Fov=0,CPU4/GPU=2/2,1171/441MHz,OC=FF,TA=0/70/0,SP=N/F/N,Mem=1804MHz,Free=8314MB,PLS=0,Temp=20.0C/0.0C,TW=4.19ms,App=0.93ms,GD=0.57ms,CPU&GPU=13.93ms,LCnt=2(DR11,LM0),GPU%=0.47,CPU%=0.21(W0.23),DSF=1.00,CFL=17.26/22.45
01-29 14:04:25.003 24040 26453 I VrApi   : FPS=70/72,Prd=0ms,Tear=1,Early=21,Stale=0,Stale2/5/10/max=0/0/0/0,VSnc=1,Lat=0,Fov=0,CPU4/GPU=2/2,1171/441MHz,OC=FF,TA=0/70/0,SP=N/F/N,Mem=1804MHz,Free=8314MB,PLS=0,Temp=20.0C/0.0C,TW=2.36ms,App=0.71ms,GD=0.00ms,CPU&GPU=14.62ms,LCnt=1(DR55,LM0),GPU%=0.24,CPU%=0.08(W0.10),DSF=1.00,CFL=18.50/22.92
01-29 14:04:25.917 24040 24065 W VrApi   : ovr_SubmitFrameInternal: FrameIndex discontinuity: Expected 1859, Received 1860
01-29 14:04:26.003 24040 26453 I VrApi   : FPS=73/72,Prd=0ms,Tear=0,Early=41,Stale=3,Stale2/5/10/max=0/0/0/1,VSnc=1,Lat=0,Fov=0,CPU4/GPU=2/2,1171/441MHz,OC=FF,TA=0/70/0,SP=N/F/N,Mem=1804MHz,Free=8314MB,PLS=0,Temp=20.0C/0.0C,TW=2.36ms,App=0.74ms,GD=0.00ms,CPU&GPU=13.86ms,LCnt=1(DR72,LM0),GPU%=0.24,CPU%=0.16(W0.22),DSF=1.00,CFL=18.31/22.24
01-29 14:04:27.003 24040 26453 I VrApi   : FPS=71/72,Prd=0ms,Tear=0,Early=0,Stale=3,Stale2/5/10/max=1/0/0/2,VSnc=1,Lat=0,Fov=0,CPU4/GPU=2/2,1171/441MHz,OC=FF,TA=0/70/0,SP=N/F/N,Mem=1804MHz,Free=8314MB,PLS=0,Temp=20.0C/0.0C,TW=2.36ms,App=0.71ms,GD=0.00ms,CPU&GPU=13.51ms,LCnt=1(DR72,LM0),GPU%=0.23,CPU%=0.10(W0.14),DSF=1.00,CFL=18.41/22.29
01-29 14:04:28.003 24040 26453 I VrApi   : FPS=72/72,Prd=0ms,Tear=0,Early=0,Stale=0,Stale2/5/10/max=0/0/0/0,VSnc=1,Lat=0,Fov=0,CPU4/GPU=2/2,1171/441MHz,OC=FF,TA=0/70/0,SP=N/F/N,Mem=1555MHz,Free=8314MB,PLS=0,Temp=20.0C/0.0C,TW=2.37ms,App=0.71ms,GD=0.00ms,CPU&GPU=13.88ms,LCnt=1(DR72,LM0),GPU%=0.24,CPU%=0.06(W0.14),DSF=1.00,CFL=18.32/22.98
01-29 14:04:29.003 24040 26453 I VrApi   : FPS=73/72,Prd=0ms,Tear=0,Early=0,Stale=0,Stale2/5/10/max=0/0/0/0,VSnc=1,Lat=0,Fov=0,CPU4/GPU=2/2,1171/441MHz,OC=FF,TA=0/70/0,SP=N/F/N,Mem=1555MHz,Free=8314MB,PLS=0,Temp=20.0C/0.0C,TW=2.37ms,App=0.77ms,GD=0.00ms,CPU&GPU=13.89ms,LCnt=1(DR72,LM0),GPU%=0.24,CPU%=0.14(W0.18),DSF=1.00,CFL=18.52/22.42
01-29 14:04:30.003 24040 26453 I VrApi   : FPS=72/72,Prd=0ms,Tear=0,Early=0,Stale=0,Stale2/5/10/max=0/0/0/0,VSnc=1,Lat=0,Fov=0,CPU4/GPU=2/2,1171/441MHz,OC=FF,TA=0/70/0,SP=N/F/N,Mem=1804MHz,Free=8314MB,PLS=0,Temp=20.2C/0.0C,TW=2.36ms,App=0.80ms,GD=0.00ms,CPU&GPU=13.92ms,LCnt=1(DR72,LM0),GPU%=0.24,CPU%=0.10(W0.10),DSF=1.00,CFL=18.59/22.15
01-29 14:04:31.003 24040 26453 I VrApi   : FPS=73/72,Prd=0ms,Tear=0,Early=24,Stale=0,Stale2/5/10/max=0/0/0/0,VSnc=1,Lat=0,Fov=0,CPU4/GPU=2/2,1171/441MHz,OC=FF,TA=0/70/0,SP=N/F/N,Mem=1555MHz,Free=8314MB,PLS=0,Temp=20.2C/0.0C,TW=2.36ms,App=0.71ms,GD=0.00ms,CPU&GPU=13.83ms,LCnt=1(DR72,LM0),GPU%=0.24,CPU%=0.19(W0.22),DSF=1.00,CFL=18.44/22.13
01-29 14:04:32.003 24040 26453 I VrApi   : FPS=72/72,Prd=0ms,Tear=0,Early=36,Stale=2,Stale2/5/10/max=0/0/0/1,VSnc=1,Lat=0,Fov=0,CPU4/GPU=2/2,1171/441MHz,OC=FF,TA=0/70/0,SP=N/F/N,Mem=1804MHz,Free=8314MB,PLS=0,Temp=20.2C/0.0C,TW=2.37ms,App=0.72ms,GD=0.00ms,CPU&GPU=13.83ms,LCnt=1(DR72,LM0),GPU%=0.24,CPU%=0.11(W0.15),DSF=1.00,CFL=18.43/22.29
01-29 14:04:32.126 24040 24065 W VrApi   : ovr_SubmitFrameInternal: FrameIndex discontinuity: Expected 2306, Received 2307
01-29 14:04:33.003 24040 26453 I VrApi   : FPS=72/72,Prd=0ms,Tear=0,Early=0,Stale=4,Stale2/5/10/max=1/0/0/3,VSnc=1,Lat=0,Fov=0,CPU4/GPU=2/2,1171/441MHz,OC=FF,TA=0/70/0,SP=N/F/N,Mem=1555MHz,Free=8314MB,PLS=0,Temp=20.2C/0.0C,TW=2.36ms,App=0.72ms,GD=0.00ms,CPU&GPU=13.91ms,LCnt=1(DR72,LM0),GPU%=0.24,CPU%=0.11(W0.14),DSF=1.00,CFL=18.60/22.04
01-29 14:04:34.004 24040 26453 I VrApi   : FPS=72/72,Prd=0ms,Tear=0,Early=0,Stale=0,Stale2/5/10/max=0/0/0/0,VSnc=1,Lat=0,Fov=0,CPU4/GPU=2/2,1171/441MHz,OC=FF,TA=0/70/0,SP=N/F/N,Mem=1804MHz,Free=8314MB,PLS=0,Temp=20.2C/0.0C,TW=2.38ms,App=0.72ms,GD=0.00ms,CPU&GPU=13.87ms,LCnt=1(DR72,LM0),GPU%=0.24,CPU%=0.11(W0.13),DSF=1.00,CFL=18.34/21.89
01-29 14:04:35.004 24040 26453 I VrApi   : FPS=72/72,Prd=0ms,Tear=0,Early=0,Stale=15,Stale2/5/10/max=0/0/0/0,VSnc=1,Lat=0,Fov=0,CPU4/GPU=2/2,1171/441MHz,OC=FF,TA=0/70/0,SP=N/F/N,Mem=1804MHz,Free=8314MB,PLS=0,Temp=20.2C/0.0C,TW=2.39ms,App=0.77ms,GD=0.00ms,CPU&GPU=13.90ms,LCnt=1(DR72,LM0),GPU%=0.26,CPU%=0.10(W0.14),DSF=1.00,CFL=18.45/22.12
01-29 14:04:36.003 24040 26453 I VrApi   : FPS=71/72,Prd=0ms,Tear=0,Early=0,Stale=72,Stale2/5/10/max=0/0/0/0,VSnc=1,Lat=0,Fov=0,CPU4/GPU=3/2,1382/441MHz,OC=FF,TA=0/70/0,SP=N/F/N,Mem=1804MHz,Free=8314MB,PLS=0,Temp=20.2C/0.0C,TW=2.39ms,App=0.81ms,GD=0.00ms,CPU&GPU=14.10ms,LCnt=1(DR72,LM0),GPU%=0.25,CPU%=0.08(W0.14),DSF=1.00,CFL=18.36/22.36
01-29 14:04:37.004 24040 26453 I VrApi   : FPS=73/72,Prd=0ms,Tear=0,Early=0,Stale=42,Stale2/5/10/max=0/0/1/129,VSnc=1,Lat=0,Fov=0,CPU4/GPU=3/2,1382/441MHz,OC=FF,TA=0/70/0,SP=N/F/N,Mem=1804MHz,Free=8314MB,PLS=0,Temp=20.2C/0.0C,TW=2.39ms,App=0.84ms,GD=0.00ms,CPU&GPU=13.88ms,LCnt=1(DR72,LM0),GPU%=0.25,CPU%=0.07(W0.10),DSF=1.00,CFL=18.22/22.66
01-29 14:04:38.003 24040 26453 I VrApi   : FPS=72/72,Prd=0ms,Tear=0,Early=0,Stale=0,Stale2/5/10/max=0/0/0/0,VSnc=1,Lat=0,Fov=0,CPU4/GPU=3/2,1382/441MHz,OC=FF,TA=0/70/0,SP=N/F/N,Mem=1804MHz,Free=8314MB,PLS=0,Temp=20.2C/0.0C,TW=2.40ms,App=0.82ms,GD=0.00ms,CPU&GPU=13.88ms,LCnt=1(DR72,LM0),GPU%=0.25,CPU%=0.10(W0.14),DSF=1.00,CFL=18.31/22.36
01-29 14:04:39.004 24040 26453 I VrApi   : FPS=73/72,Prd=0ms,Tear=0,Early=0,Stale=0,Stale2/5/10/max=0/0/0/0,VSnc=1,Lat=0,Fov=0,CPU4/GPU=2/2,1171/441MHz,OC=FF,TA=0/70/0,SP=N/F/N,Mem=1804MHz,Free=8314MB,PLS=0,Temp=20.2C/0.0C,TW=2.39ms,App=0.78ms,GD=0.00ms,CPU&GPU=13.88ms,LCnt=1(DR72,LM0),GPU%=0.25,CPU%=0.11(W0.18),DSF=1.00,CFL=18.43/22.43
01-29 14:04:40.004 24040 26453 I VrApi   : FPS=73/72,Prd=0ms,Tear=0,Early=0,Stale=0,Stale2/5/10/max=0/0/0/0,VSnc=1,Lat=0,Fov=0,CPU4/GPU=2/2,1171/441MHz,OC=FF,TA=0/70/0,SP=N/F/N,Mem=1804MHz,Free=8314MB,PLS=0,Temp=20.2C/0.0C,TW=2.39ms,App=0.89ms,GD=0.00ms,CPU&GPU=13.88ms,LCnt=1(DR72,LM0),GPU%=0.26,CPU%=0.07(W0.10),DSF=1.00,CFL=18.38/22.88
01-29 14:04:41.004 24040 26453 I VrApi   : FPS=73/72,Prd=0ms,Tear=0,Early=0,Stale=72,Stale2/5/10/max=0/0/0/0,VSnc=1,Lat=0,Fov=0,CPU4/GPU=3/2,1382/441MHz,OC=FF,TA=0/70/0,SP=N/F/N,Mem=1804MHz,Free=8314MB,PLS=0,Temp=20.2C/0.0C,TW=2.41ms,App=0.86ms,GD=0.00ms,CPU&GPU=13.88ms,LCnt=1(DR72,LM0),GPU%=0.25,CPU%=0.10(W0.15),DSF=1.00,CFL=18.71/22.44
01-29 14:04:42.004 24040 26453 I VrApi   : FPS=73/72,Prd=0ms,Tear=0,Early=0,Stale=72,Stale2/5/10/max=0/0/0/0,VSnc=1,Lat=0,Fov=0,CPU4/GPU=3/2,1382/441MHz,OC=FF,TA=0/70/0,SP=N/F/N,Mem=1804MHz,Free=8314MB,PLS=0,Temp=20.2C/0.0C,TW=2.40ms,App=0.82ms,GD=0.00ms,CPU&GPU=13.88ms,LCnt=1(DR72,LM0),GPU%=0.25,CPU%=0.10(W0.10),DSF=1.00,CFL=18.69/22.41
01-29 14:04:43.005 24040 26453 I VrApi   : FPS=72/72,Prd=0ms,Tear=0,Early=0,Stale=23,Stale2/5/10/max=0/0/1/167,VSnc=1,Lat=0,Fov=0,CPU4/GPU=3/2,1382/441MHz,OC=FF,TA=0/70/0,SP=N/F/N,Mem=1804MHz,Free=8314MB,PLS=0,Temp=20.2C/0.0C,TW=2.39ms,App=0.80ms,GD=0.00ms,CPU&GPU=13.88ms,LCnt=1(DR72,LM0),GPU%=0.25,CPU%=0.08(W0.14),DSF=1.00,CFL=18.24/22.39
01-29 14:04:44.012 24040 26453 I VrApi   : FPS=73/72,Prd=0ms,Tear=0,Early=0,Stale=0,Stale2/5/10/max=0/0/0/0,VSnc=1,Lat=0,Fov=0,CPU4/GPU=3/2,1382/441MHz,OC=FF,TA=0/70/0,SP=N/F/N,Mem=1804MHz,Free=8310MB,PLS=0,Temp=20.2C/0.0C,TW=2.39ms,App=0.75ms,GD=0.00ms,CPU&GPU=13.89ms,LCnt=1(DR72,LM0),GPU%=0.25,CPU%=0.11(W0.18),DSF=1.00,CFL=18.46/22.45
01-29 14:04:45.005 24040 26453 I VrApi   : FPS=73/72,Prd=0ms,Tear=0,Early=0,Stale=0,Stale2/5/10/max=0/0/0/0,VSnc=1,Lat=0,Fov=0,CPU4/GPU=2/2,1171/441MHz,OC=FF,TA=0/70/0,SP=N/F/N,Mem=1555MHz,Free=8310MB,PLS=0,Temp=20.2C/0.0C,TW=2.39ms,App=0.78ms,GD=0.00ms,CPU&GPU=13.88ms,LCnt=1(DR72,LM0),GPU%=0.24,CPU%=0.15(W0.32),DSF=1.00,CFL=18.40/22.48
01-29 14:04:46.004 24040 26453 I VrApi   : FPS=72/72,Prd=0ms,Tear=0,Early=0,Stale=17,Stale2/5/10/max=0/0/0/0,VSnc=1,Lat=0,Fov=0,CPU4/GPU=3/2,1382/441MHz,OC=FF,TA=0/70/0,SP=N/F/N,Mem=1555MHz,Free=8310MB,PLS=0,Temp=20.2C/0.0C,TW=2.41ms,App=0.85ms,GD=0.00ms,CPU&GPU=13.88ms,LCnt=1(DR72,LM0),GPU%=0.25,CPU%=0.11(W0.14),DSF=1.00,CFL=18.38/22.38
01-29 14:04:47.005 24040 26453 I VrApi   : FPS=73/72,Prd=0ms,Tear=0,Early=0,Stale=72,Stale2/5/10/max=0/0/0/0,VSnc=1,Lat=0,Fov=0,CPU4/GPU=3/2,1382/441MHz,OC=FF,TA=0/70/0,SP=N/F/N,Mem=1555MHz,Free=8310MB,PLS=0,Temp=20.2C/0.0C,TW=2.39ms,App=0.84ms,GD=0.00ms,CPU&GPU=13.88ms,LCnt=1(DR72,LM0),GPU%=0.25,CPU%=0.08(W0.10),DSF=1.00,CFL=18.57/22.55
01-29 14:04:48.004 24040 26453 I VrApi   : FPS=73/72,Prd=0ms,Tear=0,Early=0,Stale=72,Stale2/5/10/max=0/0/0/0,VSnc=1,Lat=0,Fov=0,CPU4/GPU=3/2,1382/441MHz,OC=FF,TA=0/70/0,SP=N/F/N,Mem=1555MHz,Free=8310MB,PLS=0,Temp=20.2C/0.0C,TW=2.39ms,App=0.78ms,GD=0.00ms,CPU&GPU=13.88ms,LCnt=1(DR72,LM0),GPU%=0.25,CPU%=0.06(W0.13),DSF=1.00,CFL=18.67/22.26
01-29 14:04:49.005 24040 26453 I VrApi   : FPS=72/72,Prd=0ms,Tear=0,Early=0,Stale=6,Stale2/5/10/max=0/0/1/167,VSnc=1,Lat=0,Fov=0,CPU4/GPU=3/2,1382/441MHz,OC=FF,TA=0/70/0,SP=N/F/N,Mem=1555MHz,Free=8310MB,PLS=0,Temp=20.2C/0.0C,TW=2.40ms,App=0.80ms,GD=0.00ms,CPU&GPU=13.88ms,LCnt=1(DR72,LM0),GPU%=0.25,CPU%=0.07(W0.10),DSF=1.00,CFL=18.26/22.89
01-29 14:04:50.004 24040 26453 I VrApi   : FPS=72/72,Prd=0ms,Tear=0,Early=0,Stale=0,Stale2/5/10/max=0/0/0/0,VSnc=1,Lat=0,Fov=0,CPU4/GPU=3/2,1382/441MHz,OC=FF,TA=0/70/0,SP=N/F/N,Mem=1804MHz,Free=8310MB,PLS=0,Temp=20.5C/0.0C,TW=2.40ms,App=0.76ms,GD=0.00ms,CPU&GPU=13.89ms,LCnt=1(DR72,LM0),GPU%=0.25,CPU%=0.12(W0.22),DSF=1.00,CFL=18.34/22.45
01-29 14:04:51.005 24040 26453 I VrApi   : FPS=73/72,Prd=0ms,Tear=0,Early=0,Stale=0,Stale2/5/10/max=0/0/0/0,VSnc=1,Lat=0,Fov=0,CPU4/GPU=2/2,1171/441MHz,OC=FF,TA=0/70/0,SP=N/F/N,Mem=1555MHz,Free=8310MB,PLS=0,Temp=20.5C/0.0C,TW=2.39ms,App=0.82ms,GD=0.00ms,CPU&GPU=13.88ms,LCnt=1(DR72,LM0),GPU%=0.25,CPU%=0.11(W0.22),DSF=1.00,CFL=18.52/22.29
01-29 14:04:52.005 24040 26453 I VrApi   : FPS=73/72,Prd=0ms,Tear=0,Early=0,Stale=34,Stale2/5/10/max=0/0/0/0,VSnc=1,Lat=0,Fov=0,CPU4/GPU=3/2,1382/441MHz,OC=FF,TA=0/70/0,SP=N/F/N,Mem=1555MHz,Free=8310MB,PLS=0,Temp=20.5C/0.0C,TW=2.39ms,App=0.86ms,GD=0.00ms,CPU&GPU=13.88ms,LCnt=1(DR72,LM0),GPU%=0.25,CPU%=0.14(W0.22),DSF=1.00,CFL=18.39/22.57
01-29 14:04:53.005 24040 26453 I VrApi   : FPS=73/72,Prd=0ms,Tear=0,Early=0,Stale=72,Stale2/5/10/max=0/0/0/0,VSnc=1,Lat=0,Fov=0,CPU4/GPU=3/3,1382/490MHz,OC=FF,TA=0/70/0,SP=N/F/N,Mem=1555MHz,Free=8310MB,PLS=0,Temp=20.5C/0.0C,TW=4.33ms,App=0.82ms,GD=0.62ms,CPU&GPU=13.88ms,LCnt=2(DR42,LM0),GPU%=0.44,CPU%=0.16(W0.21),DSF=1.00,CFL=18.38/22.31
01-29 14:04:54.005 24040 26453 I VrApi   : FPS=72/72,Prd=0ms,Tear=0,Early=0,Stale=60,Stale2/5/10/max=0/0/1/166,VSnc=1,Lat=0,Fov=0,CPU4/GPU=3/4,1382/525MHz,OC=FF,TA=0/70/0,SP=N/F/N,Mem=1555MHz,Free=8310MB,PLS=0,Temp=20.5C/0.0C,TW=3.66ms,App=0.81ms,GD=1.22ms,CPU&GPU=13.88ms,LCnt=2(DR0,LM0),GPU%=0.43,CPU%=0.08(W0.14),DSF=1.00,CFL=18.51/22.18
01-29 14:04:54.829  2253  2873 D VrApi   : targetSDKVersion 29
01-29 14:04:54.934 24040 24065 W VrApi   : ovr_SubmitFrameInternal: FrameIndex discontinuity: Expected 3949, Received 3948
01-29 14:04:54.937 24040 24065 I VrApi   : ---------- vrapi_LeaveVrMode [start] ----------
01-29 14:04:54.953 24040 24065 D VrApi   : targetSDKVersion 29
01-29 14:04:54.961 24040 26453 I VrApi   : FPS=73/72,Prd=0ms,Tear=0,Early=0,Stale=0,Stale2/5/10/max=0/0/0/0,VSnc=1,Lat=0,Fov=0,CPU4/GPU=4/4,1478/525MHz,OC=FF,TA=0/70/0,SP=N/F/N,Mem=1804MHz,Free=8310MB,PLS=0,Temp=20.5C/0.0C,TW=3.69ms,App=0.73ms,GD=0.38ms,CPU&GPU=13.88ms,LCnt=3(DR0,LM2),GPU%=0.46,CPU%=0.16(W0.19),DSF=1.00,CFL=18.33/22.44
01-29 14:04:54.969 24040 24065 I VrApi   : OVR::Stats thread stopped
01-29 14:04:54.985 24040 24065 I VrApi   : ---------- vrapi_LeaveVrMode [end] ----------
01-29 14:04:55.025  2253  2873 I VrApi   : OVR::Stats thread started
01-29 14:04:55.027  2253 27099 D VrApi   : targetSDKVersion 29
01-29 14:05:00.365  2253  2873 D VrApi   : targetSDKVersion 29
01-29 14:05:00.464  2253  2873 I VrApi   : OVR::Stats thread stopped
01-29 14:05:00.630 24040 24065 I VrApi   : ---------- vrapi_EnterVrMode [start] ----------
01-29 14:05:00.631 24040 24065 D VrApi   : targetSDKVersion 29
01-29 14:05:00.640 24040 24065 I VrApi   : ovrModeParms::VRAPI_MODE_FLAG_RESET_WINDOW_FULLSCREEN = 0
01-29 14:05:00.640 24040 24065 I VrApi   : ovrModeParms::VRAPI_MODE_FLAG_NATIVE_WINDOW = 1
01-29 14:05:00.640 24040 24065 I VrApi   : ovrModeParms::VRAPI_MODE_FLAG_FRONT_BUFFER_SRGB = 0
01-29 14:05:00.640 24040 24065 I VrApi   : ovrModeParms::VRAPI_MODE_FLAG_PHASE_SYNC = 0
01-29 14:05:00.640 24040 24065 I VrApi   : ovrModeParms::VRAPI_MODE_FLAG_APP_SPACE_WARP = 0
01-29 14:05:00.640 24040 24065 I VrApi   : PhaseSync disabled
01-29 14:05:00.640 24040 24065 W VrApi   : Operating without a sensor.
01-29 14:05:00.643 24040 24065 I VrApi   : Creating Default swapchain
01-29 14:05:00.643 24040 24065 I VrApi   : Creating Loading Icon swapchain
01-29 14:05:00.643 24040 24065 I VrApi   : OVR::Stats thread started
01-29 14:05:00.643 24040 24065 I VrApi   : Initial BaseVsync 17368 
01-29 14:05:00.643 24040 24065 I VrApi   : ---------- vrapi_EnterVrMode [end] ----------
01-29 14:05:00.643 24040 24065 I VrApi   : vrapi_SetDisplayRefreshRate: display refresh rate supported 72.000000
01-29 14:05:00.647 24040 27232 D VrApi   : targetSDKVersion 29
01-29 14:05:00.700 24040 27232 D VrApi   : VrApi::isWifiConnected exception: Make sure android.permission.ACCESS_NETWORK_STATE is set in the manifest.
01-29 14:05:00.832 24040 24065 W VrApi   : ovr_SubmitFrameInternal: FrameIndex discontinuity: Expected 3951, Received 3952
01-29 14:05:02.012 24040 27232 I VrApi   : FPS=64/72,Prd=0ms,Tear=0,Early=0,Stale=0,Stale2/5/10/max=0/0/0/1,VSnc=1,Lat=0,Fov=0,CPU4/GPU=2/2,1171/441MHz,OC=FF,TA=0/70/0,SP=N/F/N,Mem=2092MHz,Free=8273MB,PLS=0,Temp=20.5C/0.0C,TW=4.36ms,App=0.52ms,GD=0.82ms,CPU&GPU=15.61ms,LCnt=1(DR7,LM0),GPU%=0.34,CPU%=0.18(W0.19),DSF=1.00,CFL=18.35/22.04
01-29 14:05:03.002 24040 27232 I VrApi   : FPS=73/72,Prd=0ms,Tear=0,Early=0,Stale=0,Stale2/5/10/max=0/0/0/0,VSnc=1,Lat=0,Fov=0,CPU4/GPU=2/2,1171/441MHz,OC=FF,TA=0/70/0,SP=N/F/N,Mem=2092MHz,Free=8273MB,PLS=0,Temp=20.5C/0.0C,TW=4.29ms,App=0.83ms,GD=0.81ms,CPU&GPU=13.88ms,LCnt=2(DR48,LM0),GPU%=0.44,CPU%=0.13(W0.18),DSF=1.00,CFL=18.39/22.26
01-29 14:05:04.004 24040 27232 I VrApi   : FPS=73/72,Prd=0ms,Tear=0,Early=0,Stale=68,Stale2/5/10/max=0/0/0/0,VSnc=1,Lat=0,Fov=0,CPU4/GPU=2/2,1171/441MHz,OC=FF,TA=0/70/0,SP=N/F/N,Mem=2092MHz,Free=8273MB,PLS=0,Temp=20.5C/0.0C,TW=4.29ms,App=0.83ms,GD=0.84ms,CPU&GPU=13.88ms,LCnt=2(DR0,LM0),GPU%=0.45,CPU%=0.13(W0.15),DSF=1.00,CFL=18.42/21.89
01-29 14:05:05.002 24040 27232 I VrApi   : FPS=73/72,Prd=0ms,Tear=0,Early=0,Stale=72,Stale2/5/10/max=0/0/0/0,VSnc=1,Lat=0,Fov=0,CPU4/GPU=2/2,1171/441MHz,OC=FF,TA=0/70/0,SP=N/F/N,Mem=2092MHz,Free=8273MB,PLS=0,Temp=20.5C/0.0C,TW=4.28ms,App=0.83ms,GD=0.83ms,CPU&GPU=13.88ms,LCnt=2(DR0,LM0),GPU%=0.45,CPU%=0.14(W0.17),DSF=1.00,CFL=18.35/22.25
01-29 14:05:06.002 24040 27232 I VrApi   : FPS=72/72,Prd=0ms,Tear=0,Early=0,Stale=27,Stale2/5/10/max=0/0/1/167,VSnc=1,Lat=0,Fov=0,CPU4/GPU=2/2,1171/441MHz,OC=FF,TA=0/70/0,SP=N/F/N,Mem=2092MHz,Free=8273MB,PLS=0,Temp=20.5C/0.0C,TW=4.43ms,App=0.91ms,GD=0.79ms,CPU&GPU=13.88ms,LCnt=2(DR0,LM0),GPU%=0.44,CPU%=0.08(W0.14),DSF=1.00,CFL=18.51/22.08
01-29 14:05:07.002 24040 27232 I VrApi   : FPS=73/72,Prd=0ms,Tear=0,Early=0,Stale=0,Stale2/5/10/max=0/0/0/0,VSnc=1,Lat=0,Fov=0,CPU4/GPU=2/2,1171/441MHz,OC=FF,TA=0/70/0,SP=N/F/N,Mem=1555MHz,Free=8273MB,PLS=0,Temp=20.5C/0.0C,TW=2.39ms,App=0.74ms,GD=0.00ms,CPU&GPU=13.88ms,LCnt=1(DR63,LM0),GPU%=0.24,CPU%=0.07(W0.14),DSF=1.00,CFL=18.44/22.42
01-29 14:05:08.002 24040 27232 I VrApi   : FPS=72/72,Prd=0ms,Tear=0,Early=0,Stale=0,Stale2/5/10/max=0/0/0/0,VSnc=1,Lat=0,Fov=0,CPU4/GPU=2/2,1171/441MHz,OC=FF,TA=0/70/0,SP=N/F/N,Mem=1555MHz,Free=8273MB,PLS=0,Temp=20.5C/0.0C,TW=2.39ms,App=0.83ms,GD=0.00ms,CPU&GPU=13.88ms,LCnt=1(DR72,LM0),GPU%=0.25,CPU%=0.18(W0.25),DSF=1.00,CFL=18.22/22.08
01-29 14:05:09.003 24040 27232 I VrApi   : FPS=73/72,Prd=0ms,Tear=0,Early=0,Stale=13,Stale2/5/10/max=0/0/0/0,VSnc=1,Lat=0,Fov=0,CPU4/GPU=2/2,1171/441MHz,OC=FF,TA=0/70/0,SP=N/F/N,Mem=1804MHz,Free=8273MB,PLS=0,Temp=20.5C/0.0C,TW=4.28ms,App=0.84ms,GD=0.76ms,CPU&GPU=13.88ms,LCnt=2(DR31,LM0),GPU%=0.44,CPU%=0.08(W0.11),DSF=1.00,CFL=18.18/21.83
01-29 14:05:10.002 24040 27232 I VrApi   : FPS=72/72,Prd=0ms,Tear=0,Early=0,Stale=72,Stale2/5/10/max=0/0/0/0,VSnc=1,Lat=0,Fov=0,CPU4/GPU=2/2,1171/441MHz,OC=FF,TA=0/70/0,SP=N/F/N,Mem=1804MHz,Free=8273MB,PLS=0,Temp=20.5C/0.0C,TW=4.27ms,App=0.85ms,GD=0.55ms,CPU&GPU=13.88ms,LCnt=2(DR0,LM0),GPU%=0.43,CPU%=0.10(W0.14),DSF=1.00,CFL=18.34/22.23
01-29 14:05:11.002 24040 27232 I VrApi   : FPS=73/72,Prd=0ms,Tear=0,Early=0,Stale=72,Stale2/5/10/max=0/0/0/0,VSnc=1,Lat=0,Fov=0,CPU4/GPU=2/2,1171/441MHz,OC=FF,TA=0/70/0,SP=N/F/N,Mem=1804MHz,Free=8273MB,PLS=0,Temp=20.5C/0.0C,TW=4.28ms,App=0.85ms,GD=0.59ms,CPU&GPU=13.88ms,LCnt=2(DR0,LM0),GPU%=0.43,CPU%=0.14(W0.18),DSF=1.00,CFL=18.42/22.68
01-29 14:05:12.003 24040 27232 I VrApi   : FPS=72/72,Prd=0ms,Tear=0,Early=0,Stale=11,Stale2/5/10/max=0/0/1/168,VSnc=1,Lat=0,Fov=0,CPU4/GPU=2/2,1171/441MHz,OC=FF,TA=0/70/0,SP=N/F/N,Mem=1804MHz,Free=8273MB,PLS=0,Temp=20.5C/0.0C,TW=4.28ms,App=0.92ms,GD=0.61ms,CPU&GPU=13.88ms,LCnt=2(DR0,LM0),GPU%=0.45,CPU%=0.14(W0.23),DSF=1.00,CFL=18.60/22.60
01-29 14:05:13.003 24040 27232 I VrApi   : FPS=73/72,Prd=0ms,Tear=0,Early=0,Stale=0,Stale2/5/10/max=0/0/0/0,VSnc=1,Lat=0,Fov=0,CPU4/GPU=2/2,1171/441MHz,OC=FF,TA=0/70/0,SP=N/F/N,Mem=1804MHz,Free=8273MB,PLS=0,Temp=20.5C/0.0C,TW=4.28ms,App=0.81ms,GD=0.54ms,CPU&GPU=13.88ms,LCnt=2(DR0,LM0),GPU%=0.43,CPU%=0.12(W0.17),DSF=1.00,CFL=18.23/22.08
01-29 14:05:14.003 24040 27232 I VrApi   : FPS=73/72,Prd=0ms,Tear=0,Early=0,Stale=0,Stale2/5/10/max=0/0/0/0,VSnc=1,Lat=0,Fov=0,CPU4/GPU=2/2,1171/441MHz,OC=FF,TA=0/70/0,SP=N/F/N,Mem=1804MHz,Free=8273MB,PLS=0,Temp=20.5C/0.0C,TW=4.31ms,App=0.83ms,GD=0.75ms,CPU&GPU=13.88ms,LCnt=2(DR0,LM0),GPU%=0.44,CPU%=0.11(W0.22),DSF=1.00,CFL=18.19/21.98
01-29 14:05:15.002 24040 27232 I VrApi   : FPS=72/72,Prd=0ms,Tear=0,Early=0,Stale=30,Stale2/5/10/max=0/0/0/0,VSnc=1,Lat=0,Fov=0,CPU4/GPU=2/2,1171/441MHz,OC=FF,TA=0/70/0,SP=N/F/N,Mem=1804MHz,Free=8273MB,PLS=0,Temp=20.5C/0.0C,TW=4.13ms,App=0.88ms,GD=0.77ms,CPU&GPU=13.88ms,LCnt=2(DR46,LM0),GPU%=0.39,CPU%=0.05(W0.10),DSF=1.00,CFL=18.45/22.51
01-29 14:05:16.003 24040 27232 I VrApi   : FPS=73/72,Prd=0ms,Tear=0,Early=0,Stale=72,Stale2/5/10/max=0/0/0/0,VSnc=1,Lat=0,Fov=0,CPU4/GPU=2/2,1171/441MHz,OC=FF,TA=0/70/0,SP=N/F/N,Mem=1804MHz,Free=8273MB,PLS=0,Temp=20.5C/0.0C,TW=4.30ms,App=0.83ms,GD=0.76ms,CPU&GPU=13.88ms,LCnt=2(DR0,LM0),GPU%=0.44,CPU%=0.15(W0.23),DSF=1.00,CFL=18.33/22.07
01-29 14:05:17.003 24040 27232 I VrApi   : FPS=72/72,Prd=0ms,Tear=0,Early=0,Stale=65,Stale2/5/10/max=0/0/1/167,VSnc=1,Lat=0,Fov=0,CPU4/GPU=2/2,1171/441MHz,OC=FF,TA=0/70/0,SP=N/F/N,Mem=1804MHz,Free=8273MB,PLS=0,Temp=20.5C/0.0C,TW=4.31ms,App=0.92ms,GD=0.74ms,CPU&GPU=13.88ms,LCnt=2(DR0,LM0),GPU%=0.45,CPU%=0.12(W0.22),DSF=1.00,CFL=18.41/22.82
01-29 14:05:18.003 24040 27232 I VrApi   : FPS=72/72,Prd=0ms,Tear=0,Early=0,Stale=0,Stale2/5/10/max=0/0/0/0,VSnc=1,Lat=0,Fov=0,CPU4/GPU=2/2,1171/441MHz,OC=FF,TA=0/70/0,SP=N/F/N,Mem=1804MHz,Free=8273MB,PLS=0,Temp=20.5C/0.0C,TW=4.31ms,App=0.84ms,GD=0.73ms,CPU&GPU=13.88ms,LCnt=2(DR0,LM0),GPU%=0.44,CPU%=0.13(W0.18),DSF=1.00,CFL=18.38/22.87
01-29 14:05:19.003 24040 27232 I VrApi   : FPS=72/72,Prd=0ms,Tear=0,Early=0,Stale=0,Stale2/5/10/max=0/0/0/0,VSnc=1,Lat=0,Fov=0,CPU4/GPU=2/2,1171/441MHz,OC=FF,TA=0/70/0,SP=N/F/N,Mem=1804MHz,Free=8273MB,PLS=0,Temp=20.5C/0.0C,TW=2.46ms,App=0.80ms,GD=0.00ms,CPU&GPU=13.89ms,LCnt=1(DR19,LM0),GPU%=0.28,CPU%=0.14(W0.19),DSF=1.00,CFL=18.25/22.12
