01-29 14:14:50.014  4657  4785 I VrApi   : FPS=73/72,Prd=0ms,Tear=0,Early=0,Stale=0,Stale2/5/10/max=0/0/0/0,VSnc=1,Lat=0,Fov=0,CPU4/GPU=2/4,1171/525MHz,OC=FF,TA=0/70/0,SP=N/F/N,Mem=2092MHz,Free=8243MB,PLS=0,Temp=22.7C/0.0C,TW=3.70ms,App=0.86ms,GD=0.27ms,CPU&GPU=13.59ms,LCnt=3(DR0,LM2),GPU%=0.48,CPU%=0.10(W0.25),DSF=1.00,CFL=18.28/22.74
01-29 14:14:51.014  4657  4785 I VrApi   : FPS=73/72,Prd=0ms,Tear=0,Early=0,Stale=0,Stale2/5/10/max=0/0/0/0,VSnc=1,Lat=0,Fov=0,CPU4/GPU=2/4,1171/525MHz,OC=FF,TA=0/70/0,SP=N/N/N,Mem=2092MHz,Free=8243MB,PLS=0,Temp=22.7C/0.0C,TW=3.70ms,App=0.86ms,GD=0.27ms,CPU&GPU=13.59ms,LCnt=3(DR0,LM2),GPU%=0.48,CPU%=0.10(W0.25),DSF=1.00,CFL=18.28/22.74
01-29 14:14:52.013  4657  4785 I VrApi   : FPS=73/72,Prd=0ms,Tear=0,Early=0,Stale=0,Stale2/5/10/max=0/0/0/0,VSnc=1,Lat=0,Fov=0,CPU4/GPU=2/4,1171/525MHz,OC=FF,TA=0/70/0,SP=N/N/N,Mem=1555MHz,Free=8243MB,PLS=0,Temp=22.7C/0.0C,TW=3.70ms,App=0.86ms,GD=0.27ms,CPU&GPU=13.59ms,LCnt=3(DR0,LM2),GPU%=0.48,CPU%=0.10(W0.25),DSF=1.00,CFL=18.28/22.74
01-29 14:14:53.014  4657  4785 I VrApi   : FPS=73/72,Prd=0ms,Tear=0,Early=0,Stale=0,Stale2/5/10/max=0/0/0/0,VSnc=1,Lat=0,Fov=0,CPU4/GPU=2/4,1171/525MHz,OC=FF,TA=0/70/0,SP=N/N/N,Mem=1555MHz,Free=8243MB,PLS=0,Temp=22.7C/0.0C,TW=3.70ms,App=0.86ms,GD=0.27ms,CPU&GPU=13.59ms,LCnt=3(DR0,LM2),GPU%=0.48,CPU%=0.10(W0.25),DSF=1.00,CFL=18.28/22.74
01-29 14:14:54.013  4657  4785 I VrApi   : FPS=73/72,Prd=0ms,Tear=0,Early=0,Stale=0,Stale2/5/10/max=0/0/0/0,VSnc=1,Lat=0,Fov=0,CPU4/GPU=2/4,1171/525MHz,OC=FF,TA=0/70/0,SP=N/N/N,Mem=1555MHz,Free=8243MB,PLS=0,Temp=22.7C/0.0C,TW=3.70ms,App=0.86ms,GD=0.27ms,CPU&GPU=13.59ms,LCnt=3(DR0,LM2),GPU%=0.48,CPU%=0.10(W0.25),DSF=1.00,CFL=18.28/22.74
01-29 14:14:55.016  4657  4785 I VrApi   : FPS=73/72,Prd=0ms,Tear=0,Early=0,Stale=0,Stale2/5/10/max=0/0/0/0,VSnc=1,Lat=0,Fov=0,CPU4/GPU=2/4,1171/525MHz,OC=FF,TA=0/70/0,SP=N/N/N,Mem=1555MHz,Free=8243MB,PLS=0,Temp=22.7C/0.0C,TW=3.70ms,App=0.86ms,GD=0.27ms,CPU&GPU=13.59ms,LCnt=3(DR0,LM2),GPU%=0.48,CPU%=0.10(W0.25),DSF=1.00,CFL=18.28/22.74
01-29 14:14:56.013  4657  4785 I VrApi   : FPS=73/72,Prd=0ms,Tear=0,Early=0,Stale=0,Stale2/5/10/max=0/0/0/0,VSnc=1,Lat=0,Fov=0,CPU4/GPU=2/4,1171/525MHz,OC=FF,TA=0/70/0,SP=N/N/N,Mem=1804MHz,Free=8243MB,PLS=0,Temp=22.7C/0.0C,TW=3.70ms,App=0.86ms,GD=0.27ms,CPU&GPU=13.59ms,LCnt=3(DR0,LM2),GPU%=0.48,CPU%=0.10(W0.25),DSF=1.00,CFL=18.28/22.74
01-29 14:14:57.013  4657  4785 I VrApi   : FPS=73/72,Prd=0ms,Tear=0,Early=0,Stale=0,Stale2/5/10/max=0/0/0/0,VSnc=1,Lat=0,Fov=0,CPU4/GPU=2/4,1171/525MHz,OC=FF,TA=0/70/0,SP=N/N/N,Mem=1804MHz,Free=8243MB,PLS=0,Temp=22.7C/0.0C,TW=3.70ms,App=0.86ms,GD=0.27ms,CPU&GPU=13.59ms,LCnt=3(DR0,LM2),GPU%=0.48,CPU%=0.10(W0.25),DSF=1.00,CFL=18.28/22.74
01-29 14:14:58.014  4657  4785 I VrApi   : FPS=73/72,Prd=0ms,Tear=0,Early=0,Stale=0,Stale2/5/10/max=0/0/0/0,VSnc=1,Lat=0,Fov=0,CPU4/GPU=2/4,1171/525MHz,OC=FF,TA=0/70/0,SP=N/N/N,Mem=1804MHz,Free=8243MB,PLS=0,Temp=22.7C/0.0C,TW=3.70ms,App=0.86ms,GD=0.27ms,CPU&GPU=13.59ms,LCnt=3(DR0,LM2),GPU%=0.48,CPU%=0.10(W0.25),DSF=1.00,CFL=18.28/22.74
01-29 14:14:59.013  4657  4785 I VrApi   : FPS=73/72,Prd=0ms,Tear=0,Early=0,Stale=0,Stale2/5/10/max=0/0/0/0,VSnc=1,Lat=0,Fov=0,CPU4/GPU=2/4,1171/525MHz,OC=FF,TA=0/70/0,SP=N/N/N,Mem=1804MHz,Free=8243MB,PLS=0,Temp=22.7C/0.0C,TW=3.70ms,App=0.86ms,GD=0.27ms,CPU&GPU=13.59ms,LCnt=3(DR0,LM2),GPU%=0.48,CPU%=0.10(W0.25),DSF=1.00,CFL=18.28/22.74
01-29 14:15:00.018  4657  4785 I VrApi   : FPS=73/72,Prd=0ms,Tear=0,Early=0,Stale=0,Stale2/5/10/max=0/0/0/0,VSnc=1,Lat=0,Fov=0,CPU4/GPU=2/4,1171/525MHz,OC=FF,TA=0/70/0,SP=N/N/N,Mem=1804MHz,Free=8243MB,PLS=0,Temp=22.7C/0.0C,TW=3.70ms,App=0.86ms,GD=0.27ms,CPU&GPU=13.59ms,LCnt=3(DR0,LM2),GPU%=0.48,CPU%=0.10(W0.25),DSF=1.00,CFL=18.28/22.74
01-29 14:15:01.017  4657  4785 I VrApi   : FPS=73/72,Prd=0ms,Tear=0,Early=0,Stale=0,Stale2/5/10/max=0/0/0/0,VSnc=1,Lat=0,Fov=0,CPU4/GPU=2/4,1171/525MHz,OC=FF,TA=0/70/0,SP=N/N/N,Mem=1804MHz,Free=8243MB,PLS=0,Temp=22.7C/0.0C,TW=3.70ms,App=0.86ms,GD=0.27ms,CPU&GPU=13.59ms,LCnt=3(DR0,LM2),GPU%=0.48,CPU%=0.10(W0.25),DSF=1.00,CFL=18.28/22.74
01-29 14:15:02.014  4657  4785 I VrApi   : FPS=73/72,Prd=0ms,Tear=0,Early=0,Stale=0,Stale2/5/10/max=0/0/0/0,VSnc=1,Lat=0,Fov=0,CPU4/GPU=2/4,1171/525MHz,OC=FF,TA=0/70/0,SP=N/N/N,Mem=1804MHz,Free=8243MB,PLS=0,Temp=22.7C/0.0C,TW=3.70ms,App=0.86ms,GD=0.27ms,CPU&GPU=13.59ms,LCnt=3(DR0,LM2),GPU%=0.48,CPU%=0.10(W0.25),DSF=1.00,CFL=18.28/22.74
01-29 14:15:03.014  4657  4785 I VrApi   : FPS=73/72,Prd=0ms,Tear=0,Early=0,Stale=0,Stale2/5/10/max=0/0/0/0,VSnc=1,Lat=0,Fov=0,CPU4/GPU=2/4,1171/525MHz,OC=FF,TA=0/70/0,SP=N/N/N,Mem=1804MHz,Free=8243MB,PLS=0,Temp=22.7C/0.0C,TW=3.70ms,App=0.86ms,GD=0.27ms,CPU&GPU=13.59ms,LCnt=3(DR0,LM2),GPU%=0.48,CPU%=0.10(W0.25),DSF=1.00,CFL=18.28/22.74
01-29 14:15:03.530  4657  4680 W VrApi   : ovr_SubmitFrameInternal: FrameIndex discontinuity: Expected 13307, Received 13306
01-29 14:15:03.532  4657  4680 I VrApi   : ---------- vrapi_LeaveVrMode [start] ----------
01-29 14:15:03.541  4657  4680 D VrApi   : targetSDKVersion 29
01-29 14:15:03.548  4657  4785 I VrApi   : FPS=73/72,Prd=0ms,Tear=0,Early=0,Stale=0,Stale2/5/10/max=0/0/0/0,VSnc=1,Lat=0,Fov=0,CPU4/GPU=2/4,1171/525MHz,OC=FF,TA=0/70/0,SP=N/F/N,Mem=1804MHz,Free=8243MB,PLS=0,Temp=22.5C/0.0C,TW=3.69ms,App=0.91ms,GD=0.27ms,CPU&GPU=13.59ms,LCnt=3(DR0,LM2),GPU%=0.40,CPU%=0.08(W0.18),DSF=1.00,CFL=18.28/22.74
01-29 14:15:03.556  4657  4680 I VrApi   : OVR::Stats thread stopped
01-29 14:15:03.604  4657  4680 I VrApi   : ---------- vrapi_LeaveVrMode [end] ----------
01-29 14:15:03.625  1955  2065 D VrApi   : targetSDKVersion 29
01-29 14:15:03.693  1955  2065 I VrApi   : OVR::Stats thread started
01-29 14:15:03.696  1955  8764 D VrApi   : targetSDKVersion 29
01-29 14:15:03.712  2966  3126 D VrApi   : targetSDKVersion 29
01-29 14:15:03.762  2966  3126 I VrApi   : OVR::Stats thread started
01-29 14:15:03.763  2966  8768 D VrApi   : targetSDKVersion 29
01-29 14:15:05.019  1955  8764 I VrApi   : FPS=59/90,Prd=28ms,Tear=5,Early=0,Stale=27,Stale2/5/10/max=2/1/2/937,VSnc=0,Lat=-1,Fov=0,CPU4/GPU=3/4,2419/525MHz,OC=FF,TA=0/70/0,SP=N/F/N,Mem=2092MHz,Free=8177MB,PLS=0,Temp=22.5C/0.0C,TW=2.13ms,App=6.93ms,GD=0.38ms,CPU&GPU=17.70ms,LCnt=4(DR24,LM3),GPU%=0.99,CPU%=0.32(W0.48),DSF=1.00,CFL=15.16/23.78
01-29 14:15:05.524  4657  4680 I VrApi   : ------------ vrapi_DestroySystemVulkan -----------
01-29 14:15:05.527  4657  4680 I VrApi   : ------------ vrapi_Shutdown [start] -----------
01-29 14:15:05.527  4657  4680 W VrApi   : IsOvrValid: ovr == nullptr. Package: com.oculus.xrstreamingclient
01-29 14:15:05.560  4657  4680 I VrApi   : ------------ vrapi_Shutdown [end] -----------
01-29 14:15:06.003  1955  8764 I VrApi   : FPS=89/90,Prd=37ms,Tear=0,Early=4,Stale=16,Stale2/5/10/max=4/1/1/10,VSnc=0,Lat=-1,Fov=0,CPU4/GPU=3/4,2419/525MHz,OC=FF,TA=0/70/0,SP=N/F/N,Mem=2092MHz,Free=8177MB,PLS=0,Temp=22.5C/0.0C,TW=2.25ms,App=4.83ms,GD=0.41ms,CPU&GPU=18.17ms,LCnt=4(DR0,LM3),GPU%=0.99,CPU%=0.34(W0.38),DSF=1.00,CFL=16.93/37.40
01-29 14:15:07.006  1955  8764 I VrApi   : FPS=90/90,Prd=37ms,Tear=0,Early=17,Stale=7,Stale2/5/10/max=0/1/0/7,VSnc=0,Lat=-1,Fov=0,CPU4/GPU=2/4,2419/525MHz,OC=FF,TA=0/70/0,SP=N/F/N,Mem=2092MHz,Free=8177MB,PLS=0,Temp=23.2C/0.0C,TW=2.16ms,App=1.54ms,GD=0.56ms,CPU&GPU=15.03ms,LCnt=4(DR0,LM3),GPU%=0.99,CPU%=0.45(W0.48),DSF=1.00,CFL=17.12/21.05
01-29 14:15:08.003  1955  8764 I VrApi   : FPS=90/90,Prd=33ms,Tear=0,Early=1,Stale=0,Stale2/5/10/max=0/0/0/0,VSnc=0,Lat=-1,Fov=0,CPU4/GPU=2/4,2419/525MHz,OC=FF,TA=0/70/0,SP=N/F/N,Mem=2092MHz,Free=8177MB,PLS=0,Temp=23.2C/0.0C,TW=2.13ms,App=6.70ms,GD=0.35ms,CPU&GPU=10.20ms,LCnt=4(DR0,LM3),GPU%=0.97,CPU%=0.25(W0.32),DSF=1.00,CFL=16.99/20.52
01-29 14:15:09.008  1955  8764 I VrApi   : FPS=90/90,Prd=33ms,Tear=1,Early=0,Stale=0,Stale2/5/10/max=0/0/0/0,VSnc=0,Lat=-1,Fov=0,CPU4/GPU=2/4,2419/525MHz,OC=FF,TA=0/70/0,SP=N/F/N,Mem=2092MHz,Free=8177MB,PLS=0,Temp=23.2C/0.0C,TW=2.15ms,App=6.71ms,GD=0.28ms,CPU&GPU=11.25ms,LCnt=4(DR0,LM3),GPU%=0.97,CPU%=0.21(W0.32),DSF=1.00,CFL=17.03/21.10
01-29 14:15:10.003  1955  8764 I VrApi   : FPS=90/90,Prd=35ms,Tear=0,Early=0,Stale=0,Stale2/5/10/max=0/0/0/0,VSnc=0,Lat=-1,Fov=0,CPU4/GPU=2/4,1171/525MHz,OC=FF,TA=0/70/0,SP=N/F/N,Mem=2092MHz,Free=8177MB,PLS=0,Temp=23.2C/0.0C,TW=2.20ms,App=6.91ms,GD=0.27ms,CPU&GPU=14.57ms,LCnt=4(DR0,LM3),GPU%=0.99,CPU%=0.33(W0.42),DSF=1.00,CFL=17.03/20.36
01-29 14:15:11.006  1955  8764 I VrApi   : FPS=90/90,Prd=35ms,Tear=0,Early=0,Stale=0,Stale2/5/10/max=0/0/0/0,VSnc=0,Lat=-1,Fov=0,CPU4/GPU=2/4,1171/525MHz,OC=FF,TA=0/70/0,SP=N/F/N,Mem=2092MHz,Free=8177MB,PLS=0,Temp=23.2C/0.0C,TW=2.15ms,App=6.99ms,GD=0.27ms,CPU&GPU=13.62ms,LCnt=4(DR0,LM3),GPU%=0.99,CPU%=0.34(W0.52),DSF=1.00,CFL=16.83/20.68
01-29 14:15:12.006  1955  8764 I VrApi   : FPS=91/90,Prd=34ms,Tear=0,Early=0,Stale=0,Stale2/5/10/max=0/0/0/0,VSnc=0,Lat=-1,Fov=0,CPU4/GPU=2/4,1171/525MHz,OC=FF,TA=0/70/0,SP=N/F/N,Mem=2092MHz,Free=8177MB,PLS=0,Temp=23.2C/0.0C,TW=2.16ms,App=1.88ms,GD=0.33ms,CPU&GPU=17.76ms,LCnt=4(DR0,LM3),GPU%=0.99,CPU%=0.35(W0.55),DSF=1.00,CFL=16.92/20.80
01-29 14:15:13.005  1955  8764 I VrApi   : FPS=89/90,Prd=34ms,Tear=0,Early=0,Stale=1,Stale2/5/10/max=0/0/0/1,VSnc=0,Lat=-1,Fov=0,CPU4/GPU=2/4,1171/525MHz,OC=FF,TA=0/70/0,SP=N/F/N,Mem=2092MHz,Free=8177MB,PLS=0,Temp=23.2C/0.0C,TW=2.03ms,App=5.51ms,GD=1.07ms,CPU&GPU=10.04ms,LCnt=4(DR24,LM2),GPU%=0.79,CPU%=0.35(W0.45),DSF=1.00,CFL=17.01/20.94
01-29 14:15:14.003  1955  8764 I VrApi   : FPS=90/90,Prd=31ms,Tear=0,Early=0,Stale=0,Stale2/5/10/max=0/0/0/0,VSnc=0,Lat=-1,Fov=0,CPU4/GPU=2/4,1171/525MHz,OC=FF,TA=0/70/0,SP=N/F/N,Mem=1555MHz,Free=8177MB,PLS=0,Temp=23.2C/0.0C,TW=1.96ms,App=5.72ms,GD=0.51ms,CPU&GPU=10.13ms,LCnt=4(DR0,LM2),GPU%=0.76,CPU%=0.37(W0.47),DSF=1.00,CFL=16.97/20.35
01-29 14:15:15.004  1955  8764 I VrApi   : FPS=90/90,Prd=31ms,Tear=0,Early=0,Stale=0,Stale2/5/10/max=0/0/0/0,VSnc=0,Lat=-1,Fov=0,CPU4/GPU=2/4,1171/525MHz,OC=FF,TA=0/70/0,SP=N/F/N,Mem=1555MHz,Free=8177MB,PLS=0,Temp=23.2C/0.0C,TW=1.95ms,App=6.32ms,GD=0.51ms,CPU&GPU=10.69ms,LCnt=4(DR0,LM2),GPU%=0.81,CPU%=0.37(W0.50),DSF=1.00,CFL=16.93/20.74
01-29 14:15:16.003  1955  8764 I VrApi   : FPS=82/90,Prd=30ms,Tear=0,Early=0,Stale=0,Stale2/5/10/max=0/0/0/0,VSnc=0,Lat=-1,Fov=0,CPU4/GPU=3/4,2419/525MHz,OC=FF,TA=0/70/0,SP=N/F/N,Mem=2092MHz,Free=8177MB,PLS=0,Temp=23.0C/0.0C,TW=2.25ms,App=5.94ms,GD=0.48ms,CPU&GPU=11.00ms,LCnt=4(DR0,LM2),GPU%=0.88,CPU%=0.34(W0.37),DSF=1.00,CFL=16.95/20.31
01-29 14:15:17.003  1955  8764 I VrApi   : FPS=90/90,Prd=32ms,Tear=0,Early=0,Stale=8,Stale2/5/10/max=1/0/0/4,VSnc=0,Lat=-1,Fov=0,CPU4/GPU=3/4,2419/525MHz,OC=FF,TA=0/70/0,SP=N/F/N,Mem=2092MHz,Free=8177MB,PLS=0,Temp=23.0C/0.0C,TW=2.69ms,App=5.78ms,GD=1.07ms,CPU&GPU=16.46ms,LCnt=7(DR0,LM2),GPU%=0.99,CPU%=0.27(W0.33),DSF=1.00,CFL=16.80/21.07
01-29 14:15:17.805  1955  2065 D VrApi   : targetSDKVersion 29
01-29 14:15:17.826  1955  8764 I VrApi   : FPS=90/90,Prd=32ms,Tear=0,Early=0,Stale=8,Stale2/5/10/max=1/0/0/4,VSnc=0,Lat=-1,Fov=0,CPU4/GPU=3/4,2419/525MHz,OC=FF,TA=0/F/0,SP=N/F/N,Mem=2092MHz,Free=8177MB,PLS=0,Temp=23.0C/0.0C,TW=2.69ms,App=5.78ms,GD=1.07ms,CPU&GPU=16.46ms,LCnt=7(DR0,LM2),GPU%=0.99,CPU%=0.27(W0.33),DSF=1.00,CFL=16.80/21.07
01-29 14:15:17.832  1955  2065 I VrApi   : OVR::Stats thread stopped
01-29 14:15:18.012  9143  9179 I VrApi   : ----------- vrapi_Initialize [start] ----------
01-29 14:15:18.022  9143  9179 I VrApi   : Client type: 0 flags: 0x0 placement: 0
01-29 14:15:18.038  9143  9179 I VrApi   : vrapi_Initialize: Connected to VrRuntimeService after 0.015629s
01-29 14:15:18.089  9143  9179 I VrApi   : SkipPushFinalBlack=1
01-29 14:15:18.089  9143  9179 D VrApi   : isActivityFocusAware context = com.oculus.xrstreamingclient.MainActivity@13620ae
01-29 14:15:18.090  9143  9179 D VrApi   : isSystemApp = true for com.oculus.xrstreamingclient
01-29 14:15:18.090  9143  9179 I VrApi   : isActivityFocusAware = 0
01-29 14:15:18.090  9143  9179 I VrApi   : Client-driven display vsync: enabled
01-29 14:15:18.127  9143  9179 I VrApi   : ----------- vrapi_Initialize [end] ----------
01-29 14:15:18.134  9143  9179 I VrApi   : ------------ vrapi_CreateSystemVulkan -----------
01-29 14:15:18.267  4287  4287 I VrApi   : ----------- vrapi_Initialize [start] ----------
01-29 14:15:18.270  4287  4287 I VrApi   : Client type: 0 flags: 0x0 placement: 0
01-29 14:15:18.387  2966  3126 D VrApi   : targetSDKVersion 29
01-29 14:15:18.409  2966  3126 I VrApi   : OVR::Stats thread stopped
01-29 14:15:18.598  4287  4287 I VrApi   : vrapi_Initialize: Connected to VrRuntimeService after 0.327256s
01-29 14:15:18.637  4287  4287 I VrApi   : SkipPushFinalBlack=1
01-29 14:15:18.637  4287  4287 D VrApi   : isActivityFocusAware context = com.oculus.os.DialogContext@b7732f2
01-29 14:15:18.638  4287  4287 D VrApi   : isSystemApp = true for com.android.permissioncontroller
01-29 14:15:18.638  4287  4287 I VrApi   : isActivityFocusAware = 0
01-29 14:15:18.653  4287  4287 I VrApi   : ----------- vrapi_Initialize [end] ----------
01-29 14:15:18.692  9143  9179 I VrApi   : ---------- vrapi_EnterVrMode [start] ----------
01-29 14:15:18.703  9143  9179 D VrApi   : targetSDKVersion 29
01-29 14:15:18.736  4287  4287 I VrApi   : ------------ vrapi_Shutdown [start] -----------
01-29 14:15:18.736  4287  4287 W VrApi   : IsOvrValid: ovr == nullptr. Package: com.android.permissioncontroller
01-29 14:15:18.737  9143  9179 I VrApi   : ovrModeParms::VRAPI_MODE_FLAG_RESET_WINDOW_FULLSCREEN = 0
01-29 14:15:18.737  9143  9179 I VrApi   : ovrModeParms::VRAPI_MODE_FLAG_NATIVE_WINDOW = 1
01-29 14:15:18.737  9143  9179 I VrApi   : ovrModeParms::VRAPI_MODE_FLAG_FRONT_BUFFER_SRGB = 0
01-29 14:15:18.737  9143  9179 I VrApi   : ovrModeParms::VRAPI_MODE_FLAG_PHASE_SYNC = 0
01-29 14:15:18.737  9143  9179 I VrApi   : ovrModeParms::VRAPI_MODE_FLAG_APP_SPACE_WARP = 0
01-29 14:15:18.737  9143  9179 I VrApi   : PhaseSync disabled
01-29 14:15:18.737  9143  9179 I VrApi   : HMD sensor attached.
01-29 14:15:18.748  9143  9179 I VrApi   : Creating Default swapchain
01-29 14:15:18.749  9143  9179 I VrApi   : Creating Loading Icon swapchain
01-29 14:15:18.749  9143  9179 I VrApi   : OVR::Stats thread started
01-29 14:15:18.749  9143  9179 I VrApi   : Initial BaseVsync 62783 
01-29 14:15:18.749  9143  9179 I VrApi   : ---------- vrapi_EnterVrMode [end] ----------
01-29 14:15:18.749  9143  9179 I VrApi   : vrapi_SetDisplayRefreshRate: display refresh rate supported 72.000000
01-29 14:15:18.754  9143  9267 D VrApi   : targetSDKVersion 29
01-29 14:15:18.765  9143  9267 D VrApi   : VrApi::isWifiConnected exception: Make sure android.permission.ACCESS_NETWORK_STATE is set in the manifest.
01-29 14:15:18.801  4287  4287 I VrApi   : ------------ vrapi_Shutdown [end] -----------
01-29 14:15:20.011  9143  9267 I VrApi   : FPS=0/72,Prd=0ms,Tear=0,Early=0,Stale=0,Stale2/5/10/max=0/0/0/0,VSnc=1,Lat=0,Fov=0,CPU4/GPU=0/0,710/305MHz,OC=FF,TA=0/0/0,SP=N/N/N,Mem=2092MHz,Free=8513MB,PLS=0,Temp=0.0C/0.0C,TW=2.37ms,App=0.00ms,GD=1.01ms,CPU&GPU=0.00ms,LCnt=6(DR0,LM2),GPU%=0.00,CPU%=0.00(W0.00),DSF=1.00,CFL=16.94/20.85
01-29 14:15:21.003  9143  9267 I VrApi   : FPS=0/72,Prd=0ms,Tear=0,Early=0,Stale=0,Stale2/5/10/max=0/0/0/0,VSnc=1,Lat=0,Fov=0,CPU4/GPU=0/0,710/305MHz,OC=FF,TA=0/0/0,SP=N/N/N,Mem=1555MHz,Free=8513MB,PLS=0,Temp=0.0C/0.0C,TW=2.37ms,App=0.00ms,GD=1.01ms,CPU&GPU=0.00ms,LCnt=6(DR0,LM2),GPU%=0.00,CPU%=0.00(W0.00),DSF=1.00,CFL=16.94/20.85
01-29 14:15:22.006  9143  9267 I VrApi   : FPS=0/72,Prd=0ms,Tear=0,Early=0,Stale=0,Stale2/5/10/max=0/0/0/0,VSnc=1,Lat=0,Fov=0,CPU4/GPU=0/0,710/305MHz,OC=FF,TA=0/0/0,SP=N/N/N,Mem=1555MHz,Free=8513MB,PLS=0,Temp=0.0C/0.0C,TW=2.37ms,App=0.00ms,GD=1.01ms,CPU&GPU=0.00ms,LCnt=6(DR0,LM2),GPU%=0.00,CPU%=0.00(W0.00),DSF=1.00,CFL=16.94/20.85
01-29 14:15:23.004  9143  9267 I VrApi   : FPS=0/72,Prd=0ms,Tear=0,Early=0,Stale=0,Stale2/5/10/max=0/0/0/0,VSnc=1,Lat=0,Fov=0,CPU4/GPU=0/0,710/305MHz,OC=FF,TA=0/0/0,SP=N/N/N,Mem=1555MHz,Free=8513MB,PLS=0,Temp=0.0C/0.0C,TW=2.37ms,App=0.00ms,GD=1.01ms,CPU&GPU=0.00ms,LCnt=6(DR0,LM2),GPU%=0.00,CPU%=0.00(W0.00),DSF=1.00,CFL=16.94/20.85
01-29 14:15:24.007  9143  9267 I VrApi   : FPS=0/72,Prd=0ms,Tear=0,Early=0,Stale=0,Stale2/5/10/max=0/0/0/0,VSnc=1,Lat=0,Fov=0,CPU4/GPU=0/0,710/305MHz,OC=FF,TA=0/0/0,SP=N/N/N,Mem=1555MHz,Free=8513MB,PLS=0,Temp=0.0C/0.0C,TW=2.37ms,App=0.00ms,GD=1.01ms,CPU&GPU=0.00ms,LCnt=6(DR0,LM2),GPU%=0.00,CPU%=0.00(W0.00),DSF=1.00,CFL=16.94/20.85
01-29 14:15:25.006  9143  9267 I VrApi   : FPS=0/72,Prd=0ms,Tear=0,Early=0,Stale=0,Stale2/5/10/max=0/0/0/0,VSnc=1,Lat=0,Fov=0,CPU4/GPU=0/0,710/305MHz,OC=FF,TA=0/0/0,SP=N/N/N,Mem=1804MHz,Free=8513MB,PLS=0,Temp=0.0C/0.0C,TW=2.37ms,App=0.00ms,GD=1.01ms,CPU&GPU=0.00ms,LCnt=6(DR0,LM2),GPU%=0.00,CPU%=0.00(W0.00),DSF=1.00,CFL=16.94/20.85
01-29 14:15:26.006  9143  9267 I VrApi   : FPS=0/72,Prd=0ms,Tear=0,Early=0,Stale=0,Stale2/5/10/max=0/0/0/0,VSnc=1,Lat=0,Fov=0,CPU4/GPU=0/0,710/305MHz,OC=FF,TA=0/0/0,SP=N/N/N,Mem=1804MHz,Free=8513MB,PLS=0,Temp=0.0C/0.0C,TW=2.37ms,App=0.00ms,GD=1.01ms,CPU&GPU=0.00ms,LCnt=6(DR0,LM2),GPU%=0.00,CPU%=0.00(W0.00),DSF=1.00,CFL=16.94/20.85
01-29 14:15:27.004  9143  9267 I VrApi   : FPS=0/72,Prd=0ms,Tear=0,Early=0,Stale=0,Stale2/5/10/max=0/0/0/0,VSnc=1,Lat=0,Fov=0,CPU4/GPU=0/0,710/305MHz,OC=FF,TA=0/0/0,SP=N/N/N,Mem=1555MHz,Free=8513MB,PLS=0,Temp=0.0C/0.0C,TW=2.37ms,App=0.00ms,GD=1.01ms,CPU&GPU=0.00ms,LCnt=6(DR0,LM2),GPU%=0.00,CPU%=0.00(W0.00),DSF=1.00,CFL=16.94/20.85
01-29 14:15:28.005  9143  9267 I VrApi   : FPS=0/72,Prd=0ms,Tear=0,Early=0,Stale=0,Stale2/5/10/max=0/0/0/0,VSnc=1,Lat=0,Fov=0,CPU4/GPU=0/0,710/305MHz,OC=FF,TA=0/0/0,SP=N/N/N,Mem=1555MHz,Free=8513MB,PLS=0,Temp=0.0C/0.0C,TW=2.37ms,App=0.00ms,GD=1.01ms,CPU&GPU=0.00ms,LCnt=6(DR0,LM2),GPU%=0.00,CPU%=0.00(W0.00),DSF=1.00,CFL=16.94/20.85
01-29 14:15:29.010  9143  9267 I VrApi   : FPS=0/72,Prd=0ms,Tear=0,Early=0,Stale=0,Stale2/5/10/max=0/0/0/0,VSnc=1,Lat=0,Fov=0,CPU4/GPU=0/0,710/305MHz,OC=FF,TA=0/0/0,SP=N/N/N,Mem=1555MHz,Free=8513MB,PLS=0,Temp=0.0C/0.0C,TW=2.37ms,App=0.00ms,GD=1.01ms,CPU&GPU=0.00ms,LCnt=6(DR0,LM2),GPU%=0.00,CPU%=0.00(W0.00),DSF=1.00,CFL=16.94/20.85
01-29 14:15:30.006  9143  9267 I VrApi   : FPS=0/72,Prd=0ms,Tear=0,Early=0,Stale=0,Stale2/5/10/max=0/0/0/0,VSnc=1,Lat=0,Fov=0,CPU4/GPU=0/0,710/305MHz,OC=FF,TA=0/0/0,SP=N/N/N,Mem=1804MHz,Free=8513MB,PLS=0,Temp=0.0C/0.0C,TW=2.37ms,App=0.00ms,GD=1.01ms,CPU&GPU=0.00ms,LCnt=6(DR0,LM2),GPU%=0.00,CPU%=0.00(W0.00),DSF=1.00,CFL=16.94/20.85
01-29 14:15:31.003  9143  9267 I VrApi   : FPS=0/72,Prd=0ms,Tear=0,Early=0,Stale=0,Stale2/5/10/max=0/0/0/0,VSnc=1,Lat=0,Fov=0,CPU4/GPU=0/0,710/305MHz,OC=FF,TA=0/0/0,SP=N/N/N,Mem=1804MHz,Free=8513MB,PLS=0,Temp=0.0C/0.0C,TW=2.37ms,App=0.00ms,GD=1.01ms,CPU&GPU=0.00ms,LCnt=6(DR0,LM2),GPU%=0.00,CPU%=0.00(W0.00),DSF=1.00,CFL=16.94/20.85
01-29 14:15:32.005  9143  9267 I VrApi   : FPS=0/72,Prd=0ms,Tear=0,Early=0,Stale=0,Stale2/5/10/max=0/0/0/0,VSnc=1,Lat=0,Fov=0,CPU4/GPU=0/0,710/305MHz,OC=FF,TA=0/0/0,SP=N/N/N,Mem=1555MHz,Free=8513MB,PLS=0,Temp=0.0C/0.0C,TW=2.37ms,App=0.00ms,GD=1.01ms,CPU&GPU=0.00ms,LCnt=6(DR0,LM2),GPU%=0.00,CPU%=0.00(W0.00),DSF=1.00,CFL=16.94/20.85
01-29 14:15:33.004  9143  9267 I VrApi   : FPS=0/72,Prd=0ms,Tear=0,Early=0,Stale=0,Stale2/5/10/max=0/0/0/0,VSnc=1,Lat=0,Fov=0,CPU4/GPU=0/0,710/305MHz,OC=FF,TA=0/0/0,SP=N/N/N,Mem=1555MHz,Free=8513MB,PLS=0,Temp=0.0C/0.0C,TW=2.37ms,App=0.00ms,GD=1.01ms,CPU&GPU=0.00ms,LCnt=6(DR0,LM2),GPU%=0.00,CPU%=0.00(W0.00),DSF=1.00,CFL=16.94/20.85
01-29 14:15:34.005  9143  9267 I VrApi   : FPS=0/72,Prd=0ms,Tear=0,Early=0,Stale=0,Stale2/5/10/max=0/0/0/0,VSnc=1,Lat=0,Fov=0,CPU4/GPU=0/0,710/305MHz,OC=FF,TA=0/0/0,SP=N/N/N,Mem=1804MHz,Free=8513MB,PLS=0,Temp=0.0C/0.0C,TW=2.37ms,App=0.00ms,GD=1.01ms,CPU&GPU=0.00ms,LCnt=6(DR0,LM2),GPU%=0.00,CPU%=0.00(W0.00),DSF=1.00,CFL=16.94/20.85
01-29 14:15:35.006  9143  9267 I VrApi   : FPS=0/72,Prd=0ms,Tear=0,Early=0,Stale=0,Stale2/5/10/max=0/0/0/0,VSnc=1,Lat=0,Fov=0,CPU4/GPU=0/0,710/305MHz,OC=FF,TA=0/0/0,SP=N/N/N,Mem=1555MHz,Free=8513MB,PLS=0,Temp=0.0C/0.0C,TW=2.37ms,App=0.00ms,GD=1.01ms,CPU&GPU=0.00ms,LCnt=6(DR0,LM2),GPU%=0.00,CPU%=0.00(W0.00),DSF=1.00,CFL=16.94/20.85
01-29 14:15:36.007  9143  9267 I VrApi   : FPS=0/72,Prd=0ms,Tear=0,Early=0,Stale=0,Stale2/5/10/max=0/0/0/0,VSnc=1,Lat=0,Fov=0,CPU4/GPU=0/0,710/305MHz,OC=FF,TA=0/0/0,SP=N/N/N,Mem=1555MHz,Free=8513MB,PLS=0,Temp=0.0C/0.0C,TW=2.37ms,App=0.00ms,GD=1.01ms,CPU&GPU=0.00ms,LCnt=6(DR0,LM2),GPU%=0.00,CPU%=0.00(W0.00),DSF=1.00,CFL=16.94/20.85
01-29 14:15:37.007  9143  9267 I VrApi   : FPS=0/72,Prd=0ms,Tear=0,Early=0,Stale=0,Stale2/5/10/max=0/0/0/0,VSnc=1,Lat=0,Fov=0,CPU4/GPU=0/0,710/305MHz,OC=FF,TA=0/0/0,SP=N/N/N,Mem=1555MHz,Free=8513MB,PLS=0,Temp=0.0C/0.0C,TW=2.37ms,App=0.00ms,GD=1.01ms,CPU&GPU=0.00ms,LCnt=6(DR0,LM2),GPU%=0.00,CPU%=0.00(W0.00),DSF=1.00,CFL=16.94/20.85
01-29 14:15:38.008  9143  9267 I VrApi   : FPS=0/72,Prd=0ms,Tear=0,Early=0,Stale=0,Stale2/5/10/max=0/0/0/0,VSnc=1,Lat=0,Fov=0,CPU4/GPU=0/0,710/305MHz,OC=FF,TA=0/0/0,SP=N/N/N,Mem=1804MHz,Free=8513MB,PLS=0,Temp=0.0C/0.0C,TW=2.37ms,App=0.00ms,GD=1.01ms,CPU&GPU=0.00ms,LCnt=6(DR0,LM2),GPU%=0.00,CPU%=0.00(W0.00),DSF=1.00,CFL=16.94/20.85
01-29 14:15:39.006  9143  9267 I VrApi   : FPS=0/72,Prd=0ms,Tear=0,Early=0,Stale=0,Stale2/5/10/max=0/0/0/0,VSnc=1,Lat=0,Fov=0,CPU4/GPU=0/0,710/305MHz,OC=FF,TA=0/0/0,SP=N/N/N,Mem=1555MHz,Free=8513MB,PLS=0,Temp=0.0C/0.0C,TW=2.37ms,App=0.00ms,GD=1.01ms,CPU&GPU=0.00ms,LCnt=6(DR0,LM2),GPU%=0.00,CPU%=0.00(W0.00),DSF=1.00,CFL=16.94/20.85
01-29 14:15:40.012  9143  9267 I VrApi   : FPS=0/72,Prd=0ms,Tear=0,Early=0,Stale=0,Stale2/5/10/max=0/0/0/0,VSnc=1,Lat=0,Fov=0,CPU4/GPU=0/0,710/305MHz,OC=FF,TA=0/0/0,SP=N/N/N,Mem=1804MHz,Free=8632MB,PLS=0,Temp=0.0C/0.0C,TW=2.37ms,App=0.00ms,GD=1.01ms,CPU&GPU=0.00ms,LCnt=6(DR0,LM2),GPU%=0.00,CPU%=0.00(W0.00),DSF=1.00,CFL=16.94/20.85
01-29 14:15:41.004  9143  9267 I VrApi   : FPS=0/72,Prd=0ms,Tear=0,Early=0,Stale=0,Stale2/5/10/max=0/0/0/0,VSnc=1,Lat=0,Fov=0,CPU4/GPU=0/0,710/305MHz,OC=FF,TA=0/0/0,SP=N/N/N,Mem=1555MHz,Free=8632MB,PLS=0,Temp=0.0C/0.0C,TW=2.37ms,App=0.00ms,GD=1.01ms,CPU&GPU=0.00ms,LCnt=6(DR0,LM2),GPU%=0.00,CPU%=0.00(W0.00),DSF=1.00,CFL=16.94/20.85
01-29 14:15:42.005  9143  9267 I VrApi   : FPS=0/72,Prd=0ms,Tear=0,Early=0,Stale=0,Stale2/5/10/max=0/0/0/0,VSnc=1,Lat=0,Fov=0,CPU4/GPU=0/0,710/305MHz,OC=FF,TA=0/0/0,SP=N/N/N,Mem=1555MHz,Free=8632MB,PLS=0,Temp=0.0C/0.0C,TW=2.37ms,App=0.00ms,GD=1.01ms,CPU&GPU=0.00ms,LCnt=6(DR0,LM2),GPU%=0.00,CPU%=0.00(W0.00),DSF=1.00,CFL=16.94/20.85
01-29 14:15:43.004  9143  9267 I VrApi   : FPS=0/72,Prd=0ms,Tear=0,Early=0,Stale=0,Stale2/5/10/max=0/0/0/0,VSnc=1,Lat=0,Fov=0,CPU4/GPU=0/0,710/305MHz,OC=FF,TA=0/0/0,SP=N/N/N,Mem=1804MHz,Free=8632MB,PLS=0,Temp=0.0C/0.0C,TW=2.37ms,App=0.00ms,GD=1.01ms,CPU&GPU=0.00ms,LCnt=6(DR0,LM2),GPU%=0.00,CPU%=0.00(W0.00),DSF=1.00,CFL=16.94/20.85
01-29 14:15:44.007  9143  9267 I VrApi   : FPS=0/72,Prd=0ms,Tear=0,Early=0,Stale=0,Stale2/5/10/max=0/0/0/0,VSnc=1,Lat=0,Fov=0,CPU4/GPU=0/0,710/305MHz,OC=FF,TA=0/0/0,SP=N/N/N,Mem=1804MHz,Free=8632MB,PLS=0,Temp=0.0C/0.0C,TW=2.37ms,App=0.00ms,GD=1.01ms,CPU&GPU=0.00ms,LCnt=6(DR0,LM2),GPU%=0.00,CPU%=0.00(W0.00),DSF=1.00,CFL=16.94/20.85
01-29 14:15:45.004  9143  9267 I VrApi   : FPS=0/72,Prd=0ms,Tear=0,Early=0,Stale=0,Stale2/5/10/max=0/0/0/0,VSnc=1,Lat=0,Fov=0,CPU4/GPU=0/0,710/305MHz,OC=FF,TA=0/0/0,SP=N/N/N,Mem=1804MHz,Free=8632MB,PLS=0,Temp=0.0C/0.0C,TW=2.37ms,App=0.00ms,GD=1.01ms,CPU&GPU=0.00ms,LCnt=6(DR0,LM2),GPU%=0.00,CPU%=0.00(W0.00),DSF=1.00,CFL=16.94/20.85
01-29 14:15:46.005  9143  9267 I VrApi   : FPS=0/72,Prd=0ms,Tear=0,Early=0,Stale=0,Stale2/5/10/max=0/0/0/0,VSnc=1,Lat=0,Fov=0,CPU4/GPU=0/0,710/305MHz,OC=FF,TA=0/0/0,SP=N/N/N,Mem=1555MHz,Free=8632MB,PLS=0,Temp=0.0C/0.0C,TW=2.37ms,App=0.00ms,GD=1.01ms,CPU&GPU=0.00ms,LCnt=6(DR0,LM2),GPU%=0.00,CPU%=0.00(W0.00),DSF=1.00,CFL=16.94/20.85
01-29 14:15:47.005  9143  9267 I VrApi   : FPS=0/72,Prd=0ms,Tear=0,Early=0,Stale=0,Stale2/5/10/max=0/0/0/0,VSnc=1,Lat=0,Fov=0,CPU4/GPU=0/0,710/305MHz,OC=FF,TA=0/0/0,SP=N/N/N,Mem=1804MHz,Free=8632MB,PLS=0,Temp=0.0C/0.0C,TW=2.37ms,App=0.00ms,GD=1.01ms,CPU&GPU=0.00ms,LCnt=6(DR0,LM2),GPU%=0.00,CPU%=0.00(W0.00),DSF=1.00,CFL=16.94/20.85
01-29 14:15:48.006  9143  9267 I VrApi   : FPS=0/72,Prd=0ms,Tear=0,Early=0,Stale=0,Stale2/5/10/max=0/0/0/0,VSnc=1,Lat=0,Fov=0,CPU4/GPU=0/0,710/305MHz,OC=FF,TA=0/0/0,SP=N/N/N,Mem=1555MHz,Free=8632MB,PLS=0,Temp=0.0C/0.0C,TW=2.37ms,App=0.00ms,GD=1.01ms,CPU&GPU=0.00ms,LCnt=6(DR0,LM2),GPU%=0.00,CPU%=0.00(W0.00),DSF=1.00,CFL=16.94/20.85
01-29 14:15:49.005  9143  9267 I VrApi   : FPS=0/72,Prd=0ms,Tear=0,Early=0,Stale=0,Stale2/5/10/max=0/0/0/0,VSnc=1,Lat=0,Fov=0,CPU4/GPU=0/0,710/305MHz,OC=FF,TA=0/0/0,SP=N/N/N,Mem=1804MHz,Free=8632MB,PLS=0,Temp=0.0C/0.0C,TW=2.37ms,App=0.00ms,GD=1.01ms,CPU&GPU=0.00ms,LCnt=6(DR0,LM2),GPU%=0.00,CPU%=0.00(W0.00),DSF=1.00,CFL=16.94/20.85
01-29 14:15:50.005  9143  9267 I VrApi   : FPS=0/72,Prd=0ms,Tear=0,Early=0,Stale=0,Stale2/5/10/max=0/0/0/0,VSnc=1,Lat=0,Fov=0,CPU4/GPU=0/0,710/305MHz,OC=FF,TA=0/0/0,SP=N/N/N,Mem=1804MHz,Free=8632MB,PLS=0,Temp=0.0C/0.0C,TW=2.37ms,App=0.00ms,GD=1.01ms,CPU&GPU=0.00ms,LCnt=6(DR0,LM2),GPU%=0.00,CPU%=0.00(W0.00),DSF=1.00,CFL=16.94/20.85
01-29 14:15:51.006  9143  9267 I VrApi   : FPS=0/72,Prd=0ms,Tear=0,Early=0,Stale=0,Stale2/5/10/max=0/0/0/0,VSnc=1,Lat=0,Fov=0,CPU4/GPU=0/0,710/305MHz,OC=FF,TA=0/0/0,SP=N/N/N,Mem=1804MHz,Free=8632MB,PLS=0,Temp=0.0C/0.0C,TW=2.37ms,App=0.00ms,GD=1.01ms,CPU&GPU=0.00ms,LCnt=6(DR0,LM2),GPU%=0.00,CPU%=0.00(W0.00),DSF=1.00,CFL=16.94/20.85
01-29 14:15:52.006  9143  9267 I VrApi   : FPS=0/72,Prd=0ms,Tear=0,Early=0,Stale=0,Stale2/5/10/max=0/0/0/0,VSnc=1,Lat=0,Fov=0,CPU4/GPU=0/0,710/305MHz,OC=FF,TA=0/0/0,SP=N/N/N,Mem=1804MHz,Free=8632MB,PLS=0,Temp=0.0C/0.0C,TW=2.37ms,App=0.00ms,GD=1.01ms,CPU&GPU=0.00ms,LCnt=6(DR0,LM2),GPU%=0.00,CPU%=0.00(W0.00),DSF=1.00,CFL=16.94/20.85
01-29 14:15:53.008  9143  9267 I VrApi   : FPS=0/72,Prd=0ms,Tear=0,Early=0,Stale=0,Stale2/5/10/max=0/0/0/0,VSnc=1,Lat=0,Fov=0,CPU4/GPU=0/0,710/305MHz,OC=FF,TA=0/0/0,SP=N/N/N,Mem=1804MHz,Free=8632MB,PLS=0,Temp=0.0C/0.0C,TW=2.37ms,App=0.00ms,GD=1.01ms,CPU&GPU=0.00ms,LCnt=6(DR0,LM2),GPU%=0.00,CPU%=0.00(W0.00),DSF=1.00,CFL=16.94/20.85
01-29 14:15:54.006  9143  9267 I VrApi   : FPS=0/72,Prd=0ms,Tear=0,Early=0,Stale=0,Stale2/5/10/max=0/0/0/0,VSnc=1,Lat=0,Fov=0,CPU4/GPU=0/0,710/305MHz,OC=FF,TA=0/0/0,SP=N/N/N,Mem=1804MHz,Free=8632MB,PLS=0,Temp=0.0C/0.0C,TW=2.37ms,App=0.00ms,GD=1.01ms,CPU&GPU=0.00ms,LCnt=6(DR0,LM2),GPU%=0.00,CPU%=0.00(W0.00),DSF=1.00,CFL=16.94/20.85
01-29 14:15:55.005  9143  9267 I VrApi   : FPS=0/72,Prd=0ms,Tear=0,Early=0,Stale=0,Stale2/5/10/max=0/0/0/0,VSnc=1,Lat=0,Fov=0,CPU4/GPU=0/0,710/305MHz,OC=FF,TA=0/0/0,SP=N/N/N,Mem=1804MHz,Free=8632MB,PLS=0,Temp=0.0C/0.0C,TW=2.37ms,App=0.00ms,GD=1.01ms,CPU&GPU=0.00ms,LCnt=6(DR0,LM2),GPU%=0.00,CPU%=0.00(W0.00),DSF=1.00,CFL=16.94/20.85
01-29 14:15:56.007  9143  9267 I VrApi   : FPS=0/72,Prd=0ms,Tear=0,Early=0,Stale=0,Stale2/5/10/max=0/0/0/0,VSnc=1,Lat=0,Fov=0,CPU4/GPU=0/0,710/305MHz,OC=FF,TA=0/0/0,SP=N/N/N,Mem=1555MHz,Free=8632MB,PLS=0,Temp=0.0C/0.0C,TW=2.37ms,App=0.00ms,GD=1.01ms,CPU&GPU=0.00ms,LCnt=6(DR0,LM2),GPU%=0.00,CPU%=0.00(W0.00),DSF=1.00,CFL=16.94/20.85
01-29 14:15:57.008  9143  9267 I VrApi   : FPS=0/72,Prd=0ms,Tear=0,Early=0,Stale=0,Stale2/5/10/max=0/0/0/0,VSnc=1,Lat=0,Fov=0,CPU4/GPU=0/0,710/305MHz,OC=FF,TA=0/0/0,SP=N/N/N,Mem=1555MHz,Free=8632MB,PLS=0,Temp=0.0C/0.0C,TW=2.37ms,App=0.00ms,GD=1.01ms,CPU&GPU=0.00ms,LCnt=6(DR0,LM2),GPU%=0.00,CPU%=0.00(W0.00),DSF=1.00,CFL=16.94/20.85
01-29 14:15:58.008  9143  9267 I VrApi   : FPS=0/72,Prd=0ms,Tear=0,Early=0,Stale=0,Stale2/5/10/max=0/0/0/0,VSnc=1,Lat=0,Fov=0,CPU4/GPU=0/0,710/305MHz,OC=FF,TA=0/0/0,SP=N/N/N,Mem=1804MHz,Free=8632MB,PLS=0,Temp=0.0C/0.0C,TW=2.37ms,App=0.00ms,GD=1.01ms,CPU&GPU=0.00ms,LCnt=6(DR0,LM2),GPU%=0.00,CPU%=0.00(W0.00),DSF=1.00,CFL=16.94/20.85
01-29 14:15:59.005  9143  9267 I VrApi   : FPS=0/72,Prd=0ms,Tear=0,Early=0,Stale=0,Stale2/5/10/max=0/0/0/0,VSnc=1,Lat=0,Fov=0,CPU4/GPU=0/0,710/305MHz,OC=FF,TA=0/0/0,SP=N/N/N,Mem=1804MHz,Free=8632MB,PLS=0,Temp=0.0C/0.0C,TW=2.37ms,App=0.00ms,GD=1.01ms,CPU&GPU=0.00ms,LCnt=6(DR0,LM2),GPU%=0.00,CPU%=0.00(W0.00),DSF=1.00,CFL=16.94/20.85
01-29 14:16:00.019  9143  9267 I VrApi   : FPS=0/72,Prd=0ms,Tear=0,Early=0,Stale=0,Stale2/5/10/max=0/0/0/0,VSnc=1,Lat=0,Fov=0,CPU4/GPU=0/0,710/305MHz,OC=FF,TA=0/0/0,SP=N/N/N,Mem=1804MHz,Free=8637MB,PLS=0,Temp=0.0C/0.0C,TW=2.37ms,App=0.00ms,GD=1.01ms,CPU&GPU=0.00ms,LCnt=6(DR0,LM2),GPU%=0.00,CPU%=0.00(W0.00),DSF=1.00,CFL=16.94/20.85
01-29 14:16:01.007  9143  9267 I VrApi   : FPS=0/72,Prd=0ms,Tear=0,Early=0,Stale=0,Stale2/5/10/max=0/0/0/0,VSnc=1,Lat=0,Fov=0,CPU4/GPU=0/0,710/305MHz,OC=FF,TA=0/0/0,SP=N/N/N,Mem=1804MHz,Free=8637MB,PLS=0,Temp=0.0C/0.0C,TW=2.37ms,App=0.00ms,GD=1.01ms,CPU&GPU=0.00ms,LCnt=6(DR0,LM2),GPU%=0.00,CPU%=0.00(W0.00),DSF=1.00,CFL=16.94/20.85
01-29 14:16:02.009  9143  9267 I VrApi   : FPS=0/72,Prd=0ms,Tear=0,Early=0,Stale=0,Stale2/5/10/max=0/0/0/0,VSnc=1,Lat=0,Fov=0,CPU4/GPU=0/0,710/305MHz,OC=FF,TA=0/0/0,SP=N/N/N,Mem=1555MHz,Free=8637MB,PLS=0,Temp=0.0C/0.0C,TW=2.37ms,App=0.00ms,GD=1.01ms,CPU&GPU=0.00ms,LCnt=6(DR0,LM2),GPU%=0.00,CPU%=0.00(W0.00),DSF=1.00,CFL=16.94/20.85
01-29 14:16:03.007  9143  9267 I VrApi   : FPS=0/72,Prd=0ms,Tear=0,Early=0,Stale=0,Stale2/5/10/max=0/0/0/0,VSnc=1,Lat=0,Fov=0,CPU4/GPU=0/0,710/305MHz,OC=FF,TA=0/0/0,SP=N/N/N,Mem=1804MHz,Free=8637MB,PLS=0,Temp=0.0C/0.0C,TW=2.37ms,App=0.00ms,GD=1.01ms,CPU&GPU=0.00ms,LCnt=6(DR0,LM2),GPU%=0.00,CPU%=0.00(W0.00),DSF=1.00,CFL=16.94/20.85
01-29 14:16:04.006  9143  9267 I VrApi   : FPS=0/72,Prd=0ms,Tear=0,Early=0,Stale=0,Stale2/5/10/max=0/0/0/0,VSnc=1,Lat=0,Fov=0,CPU4/GPU=0/0,710/305MHz,OC=FF,TA=0/0/0,SP=N/N/N,Mem=1804MHz,Free=8637MB,PLS=0,Temp=0.0C/0.0C,TW=2.37ms,App=0.00ms,GD=1.01ms,CPU&GPU=0.00ms,LCnt=6(DR0,LM2),GPU%=0.00,CPU%=0.00(W0.00),DSF=1.00,CFL=16.94/20.85
01-29 14:16:05.006  9143  9267 I VrApi   : FPS=0/72,Prd=0ms,Tear=0,Early=0,Stale=0,Stale2/5/10/max=0/0/0/0,VSnc=1,Lat=0,Fov=0,CPU4/GPU=0/0,710/305MHz,OC=FF,TA=0/0/0,SP=N/N/N,Mem=1804MHz,Free=8637MB,PLS=0,Temp=0.0C/0.0C,TW=2.37ms,App=0.00ms,GD=1.01ms,CPU&GPU=0.00ms,LCnt=6(DR0,LM2),GPU%=0.00,CPU%=0.00(W0.00),DSF=1.00,CFL=16.94/20.85
01-29 14:16:06.009  9143  9267 I VrApi   : FPS=0/72,Prd=0ms,Tear=0,Early=0,Stale=0,Stale2/5/10/max=0/0/0/0,VSnc=1,Lat=0,Fov=0,CPU4/GPU=0/0,710/305MHz,OC=FF,TA=0/0/0,SP=N/N/N,Mem=1555MHz,Free=8637MB,PLS=0,Temp=0.0C/0.0C,TW=2.37ms,App=0.00ms,GD=1.01ms,CPU&GPU=0.00ms,LCnt=6(DR0,LM2),GPU%=0.00,CPU%=0.00(W0.00),DSF=1.00,CFL=16.94/20.85
01-29 14:16:07.008  9143  9267 I VrApi   : FPS=0/72,Prd=0ms,Tear=0,Early=0,Stale=0,Stale2/5/10/max=0/0/0/0,VSnc=1,Lat=0,Fov=0,CPU4/GPU=0/0,710/305MHz,OC=FF,TA=0/0/0,SP=N/N/N,Mem=1555MHz,Free=8637MB,PLS=0,Temp=0.0C/0.0C,TW=2.37ms,App=0.00ms,GD=1.01ms,CPU&GPU=0.00ms,LCnt=6(DR0,LM2),GPU%=0.00,CPU%=0.00(W0.00),DSF=1.00,CFL=16.94/20.85
01-29 14:16:08.007  9143  9267 I VrApi   : FPS=0/72,Prd=0ms,Tear=0,Early=0,Stale=0,Stale2/5/10/max=0/0/0/0,VSnc=1,Lat=0,Fov=0,CPU4/GPU=0/0,710/305MHz,OC=FF,TA=0/0/0,SP=N/N/N,Mem=1804MHz,Free=8637MB,PLS=0,Temp=0.0C/0.0C,TW=2.37ms,App=0.00ms,GD=1.01ms,CPU&GPU=0.00ms,LCnt=6(DR0,LM2),GPU%=0.00,CPU%=0.00(W0.00),DSF=1.00,CFL=16.94/20.85
01-29 14:16:09.007  9143  9267 I VrApi   : FPS=0/72,Prd=0ms,Tear=0,Early=0,Stale=0,Stale2/5/10/max=0/0/0/0,VSnc=1,Lat=0,Fov=0,CPU4/GPU=0/0,710/305MHz,OC=FF,TA=0/0/0,SP=N/N/N,Mem=1804MHz,Free=8637MB,PLS=0,Temp=0.0C/0.0C,TW=2.37ms,App=0.00ms,GD=1.01ms,CPU&GPU=0.00ms,LCnt=6(DR0,LM2),GPU%=0.00,CPU%=0.00(W0.00),DSF=1.00,CFL=16.94/20.85
01-29 14:16:10.007  9143  9267 I VrApi   : FPS=0/72,Prd=0ms,Tear=0,Early=0,Stale=0,Stale2/5/10/max=0/0/0/0,VSnc=1,Lat=0,Fov=0,CPU4/GPU=0/0,710/305MHz,OC=FF,TA=0/0/0,SP=N/N/N,Mem=1804MHz,Free=8637MB,PLS=0,Temp=0.0C/0.0C,TW=2.37ms,App=0.00ms,GD=1.01ms,CPU&GPU=0.00ms,LCnt=6(DR0,LM2),GPU%=0.00,CPU%=0.00(W0.00),DSF=1.00,CFL=16.94/20.85
01-29 14:16:11.012  9143  9267 I VrApi   : FPS=0/72,Prd=0ms,Tear=0,Early=0,Stale=0,Stale2/5/10/max=0/0/0/0,VSnc=1,Lat=0,Fov=0,CPU4/GPU=0/0,710/305MHz,OC=FF,TA=0/0/0,SP=N/N/N,Mem=1804MHz,Free=8637MB,PLS=0,Temp=0.0C/0.0C,TW=2.37ms,App=0.00ms,GD=1.01ms,CPU&GPU=0.00ms,LCnt=6(DR0,LM2),GPU%=0.00,CPU%=0.00(W0.00),DSF=1.00,CFL=16.94/20.85
01-29 14:16:12.007  9143  9267 I VrApi   : FPS=0/72,Prd=0ms,Tear=0,Early=0,Stale=0,Stale2/5/10/max=0/0/0/0,VSnc=1,Lat=0,Fov=0,CPU4/GPU=0/0,710/305MHz,OC=FF,TA=0/0/0,SP=N/N/N,Mem=1804MHz,Free=8637MB,PLS=0,Temp=0.0C/0.0C,TW=2.37ms,App=0.00ms,GD=1.01ms,CPU&GPU=0.00ms,LCnt=6(DR0,LM2),GPU%=0.00,CPU%=0.00(W0.00),DSF=1.00,CFL=16.94/20.85
01-29 14:16:13.007  9143  9267 I VrApi   : FPS=0/72,Prd=0ms,Tear=0,Early=0,Stale=0,Stale2/5/10/max=0/0/0/0,VSnc=1,Lat=0,Fov=0,CPU4/GPU=0/0,710/305MHz,OC=FF,TA=0/0/0,SP=N/N/N,Mem=1804MHz,Free=8637MB,PLS=0,Temp=0.0C/0.0C,TW=2.37ms,App=0.00ms,GD=1.01ms,CPU&GPU=0.00ms,LCnt=6(DR0,LM2),GPU%=0.00,CPU%=0.00(W0.00),DSF=1.00,CFL=16.94/20.85
01-29 14:16:14.007  9143  9267 I VrApi   : FPS=0/72,Prd=0ms,Tear=0,Early=0,Stale=0,Stale2/5/10/max=0/0/0/0,VSnc=1,Lat=0,Fov=0,CPU4/GPU=0/0,710/305MHz,OC=FF,TA=0/0/0,SP=N/N/N,Mem=1804MHz,Free=8637MB,PLS=0,Temp=0.0C/0.0C,TW=2.37ms,App=0.00ms,GD=1.01ms,CPU&GPU=0.00ms,LCnt=6(DR0,LM2),GPU%=0.00,CPU%=0.00(W0.00),DSF=1.00,CFL=16.94/20.85
01-29 14:16:15.008  9143  9267 I VrApi   : FPS=0/72,Prd=0ms,Tear=0,Early=0,Stale=0,Stale2/5/10/max=0/0/0/0,VSnc=1,Lat=0,Fov=0,CPU4/GPU=0/0,710/305MHz,OC=FF,TA=0/0/0,SP=N/N/N,Mem=1804MHz,Free=8637MB,PLS=0,Temp=0.0C/0.0C,TW=2.37ms,App=0.00ms,GD=1.01ms,CPU&GPU=0.00ms,LCnt=6(DR0,LM2),GPU%=0.00,CPU%=0.00(W0.00),DSF=1.00,CFL=16.94/20.85
01-29 14:16:16.008  9143  9267 I VrApi   : FPS=0/72,Prd=0ms,Tear=0,Early=0,Stale=0,Stale2/5/10/max=0/0/0/0,VSnc=1,Lat=0,Fov=0,CPU4/GPU=0/0,710/305MHz,OC=FF,TA=0/0/0,SP=N/N/N,Mem=1804MHz,Free=8637MB,PLS=0,Temp=0.0C/0.0C,TW=2.37ms,App=0.00ms,GD=1.01ms,CPU&GPU=0.00ms,LCnt=6(DR0,LM2),GPU%=0.00,CPU%=0.00(W0.00),DSF=1.00,CFL=16.94/20.85
01-29 14:16:17.008  9143  9267 I VrApi   : FPS=0/72,Prd=0ms,Tear=0,Early=0,Stale=0,Stale2/5/10/max=0/0/0/0,VSnc=1,Lat=0,Fov=0,CPU4/GPU=0/0,710/305MHz,OC=FF,TA=0/0/0,SP=N/N/N,Mem=1804MHz,Free=8637MB,PLS=0,Temp=0.0C/0.0C,TW=2.37ms,App=0.00ms,GD=1.01ms,CPU&GPU=0.00ms,LCnt=6(DR0,LM2),GPU%=0.00,CPU%=0.00(W0.00),DSF=1.00,CFL=16.94/20.85
01-29 14:16:18.007  9143  9267 I VrApi   : FPS=0/72,Prd=0ms,Tear=0,Early=0,Stale=0,Stale2/5/10/max=0/0/0/0,VSnc=1,Lat=0,Fov=0,CPU4/GPU=0/0,710/305MHz,OC=FF,TA=0/0/0,SP=N/N/N,Mem=1804MHz,Free=8637MB,PLS=0,Temp=0.0C/0.0C,TW=2.37ms,App=0.00ms,GD=1.01ms,CPU&GPU=0.00ms,LCnt=6(DR0,LM2),GPU%=0.00,CPU%=0.00(W0.00),DSF=1.00,CFL=16.94/20.85
01-29 14:16:19.013  9143  9267 I VrApi   : FPS=0/72,Prd=0ms,Tear=0,Early=0,Stale=0,Stale2/5/10/max=0/0/0/0,VSnc=1,Lat=0,Fov=0,CPU4/GPU=0/0,710/305MHz,OC=FF,TA=0/0/0,SP=N/N/N,Mem=1804MHz,Free=8637MB,PLS=0,Temp=0.0C/0.0C,TW=2.37ms,App=0.00ms,GD=1.01ms,CPU&GPU=0.00ms,LCnt=6(DR0,LM2),GPU%=0.00,CPU%=0.00(W0.00),DSF=1.00,CFL=16.94/20.85
01-29 14:16:20.015  9143  9267 I VrApi   : FPS=0/72,Prd=0ms,Tear=0,Early=0,Stale=0,Stale2/5/10/max=0/0/0/0,VSnc=1,Lat=0,Fov=0,CPU4/GPU=0/0,710/305MHz,OC=FF,TA=0/0/0,SP=N/N/N,Mem=1804MHz,Free=8638MB,PLS=0,Temp=0.0C/0.0C,TW=2.37ms,App=0.00ms,GD=1.01ms,CPU&GPU=0.00ms,LCnt=6(DR0,LM2),GPU%=0.00,CPU%=0.00(W0.00),DSF=1.00,CFL=16.94/20.85
01-29 14:16:21.013  9143  9267 I VrApi   : FPS=0/72,Prd=0ms,Tear=0,Early=0,Stale=0,Stale2/5/10/max=0/0/0/0,VSnc=1,Lat=0,Fov=0,CPU4/GPU=0/0,710/305MHz,OC=FF,TA=0/0/0,SP=N/N/N,Mem=1804MHz,Free=8638MB,PLS=0,Temp=0.0C/0.0C,TW=2.37ms,App=0.00ms,GD=1.01ms,CPU&GPU=0.00ms,LCnt=6(DR0,LM2),GPU%=0.00,CPU%=0.00(W0.00),DSF=1.00,CFL=16.94/20.85
01-29 14:16:22.007  9143  9267 I VrApi   : FPS=0/72,Prd=0ms,Tear=0,Early=0,Stale=0,Stale2/5/10/max=0/0/0/0,VSnc=1,Lat=0,Fov=0,CPU4/GPU=0/0,710/305MHz,OC=FF,TA=0/0/0,SP=N/N/N,Mem=1804MHz,Free=8638MB,PLS=0,Temp=0.0C/0.0C,TW=2.37ms,App=0.00ms,GD=1.01ms,CPU&GPU=0.00ms,LCnt=6(DR0,LM2),GPU%=0.00,CPU%=0.00(W0.00),DSF=1.00,CFL=16.94/20.85
01-29 14:16:23.008  9143  9267 I VrApi   : FPS=0/72,Prd=0ms,Tear=0,Early=0,Stale=0,Stale2/5/10/max=0/0/0/0,VSnc=1,Lat=0,Fov=0,CPU4/GPU=0/0,710/305MHz,OC=FF,TA=0/0/0,SP=N/N/N,Mem=1804MHz,Free=8638MB,PLS=0,Temp=0.0C/0.0C,TW=2.37ms,App=0.00ms,GD=1.01ms,CPU&GPU=0.00ms,LCnt=6(DR0,LM2),GPU%=0.00,CPU%=0.00(W0.00),DSF=1.00,CFL=16.94/20.85
01-29 14:16:24.010  9143  9267 I VrApi   : FPS=0/72,Prd=0ms,Tear=0,Early=0,Stale=0,Stale2/5/10/max=0/0/0/0,VSnc=1,Lat=0,Fov=0,CPU4/GPU=0/0,710/305MHz,OC=FF,TA=0/0/0,SP=N/N/N,Mem=1804MHz,Free=8638MB,PLS=0,Temp=0.0C/0.0C,TW=2.37ms,App=0.00ms,GD=1.01ms,CPU&GPU=0.00ms,LCnt=6(DR0,LM2),GPU%=0.00,CPU%=0.00(W0.00),DSF=1.00,CFL=16.94/20.85
01-29 14:16:25.008  9143  9267 I VrApi   : FPS=0/72,Prd=0ms,Tear=0,Early=0,Stale=0,Stale2/5/10/max=0/0/0/0,VSnc=1,Lat=0,Fov=0,CPU4/GPU=0/0,710/305MHz,OC=FF,TA=0/0/0,SP=N/N/N,Mem=1804MHz,Free=8638MB,PLS=0,Temp=0.0C/0.0C,TW=2.37ms,App=0.00ms,GD=1.01ms,CPU&GPU=0.00ms,LCnt=6(DR0,LM2),GPU%=0.00,CPU%=0.00(W0.00),DSF=1.00,CFL=16.94/20.85
01-29 14:16:26.008  9143  9267 I VrApi   : FPS=0/72,Prd=0ms,Tear=0,Early=0,Stale=0,Stale2/5/10/max=0/0/0/0,VSnc=1,Lat=0,Fov=0,CPU4/GPU=0/0,710/305MHz,OC=FF,TA=0/0/0,SP=N/N/N,Mem=1555MHz,Free=8638MB,PLS=0,Temp=0.0C/0.0C,TW=2.37ms,App=0.00ms,GD=1.01ms,CPU&GPU=0.00ms,LCnt=6(DR0,LM2),GPU%=0.00,CPU%=0.00(W0.00),DSF=1.00,CFL=16.94/20.85
01-29 14:16:27.012  9143  9267 I VrApi   : FPS=0/72,Prd=0ms,Tear=0,Early=0,Stale=0,Stale2/5/10/max=0/0/0/0,VSnc=1,Lat=0,Fov=0,CPU4/GPU=0/0,710/305MHz,OC=FF,TA=0/0/0,SP=N/N/N,Mem=1555MHz,Free=8638MB,PLS=0,Temp=0.0C/0.0C,TW=2.37ms,App=0.00ms,GD=1.01ms,CPU&GPU=0.00ms,LCnt=6(DR0,LM2),GPU%=0.00,CPU%=0.00(W0.00),DSF=1.00,CFL=16.94/20.85
01-29 14:16:28.008  9143  9267 I VrApi   : FPS=0/72,Prd=0ms,Tear=0,Early=0,Stale=0,Stale2/5/10/max=0/0/0/0,VSnc=1,Lat=0,Fov=0,CPU4/GPU=0/0,710/305MHz,OC=FF,TA=0/0/0,SP=N/N/N,Mem=1555MHz,Free=8638MB,PLS=0,Temp=0.0C/0.0C,TW=2.37ms,App=0.00ms,GD=1.01ms,CPU&GPU=0.00ms,LCnt=6(DR0,LM2),GPU%=0.00,CPU%=0.00(W0.00),DSF=1.00,CFL=16.94/20.85
01-29 14:16:29.008  9143  9267 I VrApi   : FPS=0/72,Prd=0ms,Tear=0,Early=0,Stale=0,Stale2/5/10/max=0/0/0/0,VSnc=1,Lat=0,Fov=0,CPU4/GPU=0/0,710/305MHz,OC=FF,TA=0/0/0,SP=N/N/N,Mem=1555MHz,Free=8638MB,PLS=0,Temp=0.0C/0.0C,TW=2.37ms,App=0.00ms,GD=1.01ms,CPU&GPU=0.00ms,LCnt=6(DR0,LM2),GPU%=0.00,CPU%=0.00(W0.00),DSF=1.00,CFL=16.94/20.85
01-29 14:16:30.009  9143  9267 I VrApi   : FPS=0/72,Prd=0ms,Tear=0,Early=0,Stale=0,Stale2/5/10/max=0/0/0/0,VSnc=1,Lat=0,Fov=0,CPU4/GPU=0/0,710/305MHz,OC=FF,TA=0/0/0,SP=N/N/N,Mem=2092MHz,Free=8638MB,PLS=0,Temp=0.0C/0.0C,TW=2.37ms,App=0.00ms,GD=1.01ms,CPU&GPU=0.00ms,LCnt=6(DR0,LM2),GPU%=0.00,CPU%=0.00(W0.00),DSF=1.00,CFL=16.94/20.85
01-29 14:16:31.010  9143  9267 I VrApi   : FPS=0/72,Prd=0ms,Tear=0,Early=0,Stale=0,Stale2/5/10/max=0/0/0/0,VSnc=1,Lat=0,Fov=0,CPU4/GPU=0/0,710/305MHz,OC=FF,TA=0/0/0,SP=N/N/N,Mem=1555MHz,Free=8638MB,PLS=0,Temp=0.0C/0.0C,TW=2.37ms,App=0.00ms,GD=1.01ms,CPU&GPU=0.00ms,LCnt=6(DR0,LM2),GPU%=0.00,CPU%=0.00(W0.00),DSF=1.00,CFL=16.94/20.85
01-29 14:16:32.009  9143  9267 I VrApi   : FPS=0/72,Prd=0ms,Tear=0,Early=0,Stale=0,Stale2/5/10/max=0/0/0/0,VSnc=1,Lat=0,Fov=0,CPU4/GPU=0/0,710/305MHz,OC=FF,TA=0/0/0,SP=N/N/N,Mem=1555MHz,Free=8638MB,PLS=0,Temp=0.0C/0.0C,TW=2.37ms,App=0.00ms,GD=1.01ms,CPU&GPU=0.00ms,LCnt=6(DR0,LM2),GPU%=0.00,CPU%=0.00(W0.00),DSF=1.00,CFL=16.94/20.85
01-29 14:16:33.009  9143  9267 I VrApi   : FPS=0/72,Prd=0ms,Tear=0,Early=0,Stale=0,Stale2/5/10/max=0/0/0/0,VSnc=1,Lat=0,Fov=0,CPU4/GPU=0/0,710/305MHz,OC=FF,TA=0/0/0,SP=N/N/N,Mem=1555MHz,Free=8638MB,PLS=0,Temp=0.0C/0.0C,TW=2.37ms,App=0.00ms,GD=1.01ms,CPU&GPU=0.00ms,LCnt=6(DR0,LM2),GPU%=0.00,CPU%=0.00(W0.00),DSF=1.00,CFL=16.94/20.85
01-29 14:16:34.012  9143  9267 I VrApi   : FPS=0/72,Prd=0ms,Tear=0,Early=0,Stale=0,Stale2/5/10/max=0/0/0/0,VSnc=1,Lat=0,Fov=0,CPU4/GPU=0/0,710/305MHz,OC=FF,TA=0/0/0,SP=N/N/N,Mem=1555MHz,Free=8638MB,PLS=0,Temp=0.0C/0.0C,TW=2.37ms,App=0.00ms,GD=1.01ms,CPU&GPU=0.00ms,LCnt=6(DR0,LM2),GPU%=0.00,CPU%=0.00(W0.00),DSF=1.00,CFL=16.94/20.85
01-29 14:16:35.009  9143  9267 I VrApi   : FPS=0/72,Prd=0ms,Tear=0,Early=0,Stale=0,Stale2/5/10/max=0/0/0/0,VSnc=1,Lat=0,Fov=0,CPU4/GPU=0/0,710/305MHz,OC=FF,TA=0/0/0,SP=N/N/N,Mem=1804MHz,Free=8638MB,PLS=0,Temp=0.0C/0.0C,TW=2.37ms,App=0.00ms,GD=1.01ms,CPU&GPU=0.00ms,LCnt=6(DR0,LM2),GPU%=0.00,CPU%=0.00(W0.00),DSF=1.00,CFL=16.94/20.85
01-29 14:16:36.008  9143  9267 I VrApi   : FPS=0/72,Prd=0ms,Tear=0,Early=0,Stale=0,Stale2/5/10/max=0/0/0/0,VSnc=1,Lat=0,Fov=0,CPU4/GPU=0/0,710/305MHz,OC=FF,TA=0/0/0,SP=N/N/N,Mem=1804MHz,Free=8638MB,PLS=0,Temp=0.0C/0.0C,TW=2.37ms,App=0.00ms,GD=1.01ms,CPU&GPU=0.00ms,LCnt=6(DR0,LM2),GPU%=0.00,CPU%=0.00(W0.00),DSF=1.00,CFL=16.94/20.85
01-29 14:16:37.008  9143  9267 I VrApi   : FPS=0/72,Prd=0ms,Tear=0,Early=0,Stale=0,Stale2/5/10/max=0/0/0/0,VSnc=1,Lat=0,Fov=0,CPU4/GPU=0/0,710/305MHz,OC=FF,TA=0/0/0,SP=N/N/N,Mem=1804MHz,Free=8638MB,PLS=0,Temp=0.0C/0.0C,TW=2.37ms,App=0.00ms,GD=1.01ms,CPU&GPU=0.00ms,LCnt=6(DR0,LM2),GPU%=0.00,CPU%=0.00(W0.00),DSF=1.00,CFL=16.94/20.85
01-29 14:16:38.009  9143  9267 I VrApi   : FPS=0/72,Prd=0ms,Tear=0,Early=0,Stale=0,Stale2/5/10/max=0/0/0/0,VSnc=1,Lat=0,Fov=0,CPU4/GPU=0/0,710/305MHz,OC=FF,TA=0/0/0,SP=N/N/N,Mem=1804MHz,Free=8638MB,PLS=0,Temp=0.0C/0.0C,TW=2.37ms,App=0.00ms,GD=1.01ms,CPU&GPU=0.00ms,LCnt=6(DR0,LM2),GPU%=0.00,CPU%=0.00(W0.00),DSF=1.00,CFL=16.94/20.85
01-29 14:16:39.010  9143  9267 I VrApi   : FPS=0/72,Prd=0ms,Tear=0,Early=0,Stale=0,Stale2/5/10/max=0/0/0/0,VSnc=1,Lat=0,Fov=0,CPU4/GPU=0/0,710/305MHz,OC=FF,TA=0/0/0,SP=N/N/N,Mem=1804MHz,Free=8638MB,PLS=0,Temp=0.0C/0.0C,TW=2.37ms,App=0.00ms,GD=1.01ms,CPU&GPU=0.00ms,LCnt=6(DR0,LM2),GPU%=0.00,CPU%=0.00(W0.00),DSF=1.00,CFL=16.94/20.85
01-29 14:16:40.017  9143  9267 I VrApi   : FPS=0/72,Prd=0ms,Tear=0,Early=0,Stale=0,Stale2/5/10/max=0/0/0/0,VSnc=1,Lat=0,Fov=0,CPU4/GPU=0/0,710/305MHz,OC=FF,TA=0/0/0,SP=N/N/N,Mem=1804MHz,Free=8642MB,PLS=0,Temp=0.0C/0.0C,TW=2.37ms,App=0.00ms,GD=1.01ms,CPU&GPU=0.00ms,LCnt=6(DR0,LM2),GPU%=0.00,CPU%=0.00(W0.00),DSF=1.00,CFL=16.94/20.85
01-29 14:16:41.010  9143  9267 I VrApi   : FPS=0/72,Prd=0ms,Tear=0,Early=0,Stale=0,Stale2/5/10/max=0/0/0/0,VSnc=1,Lat=0,Fov=0,CPU4/GPU=0/0,710/305MHz,OC=FF,TA=0/0/0,SP=N/N/N,Mem=1804MHz,Free=8642MB,PLS=0,Temp=0.0C/0.0C,TW=2.37ms,App=0.00ms,GD=1.01ms,CPU&GPU=0.00ms,LCnt=6(DR0,LM2),GPU%=0.00,CPU%=0.00(W0.00),DSF=1.00,CFL=16.94/20.85
01-29 14:16:42.009  9143  9267 I VrApi   : FPS=0/72,Prd=0ms,Tear=0,Early=0,Stale=0,Stale2/5/10/max=0/0/0/0,VSnc=1,Lat=0,Fov=0,CPU4/GPU=0/0,710/305MHz,OC=FF,TA=0/0/0,SP=N/N/N,Mem=1804MHz,Free=8642MB,PLS=0,Temp=0.0C/0.0C,TW=2.37ms,App=0.00ms,GD=1.01ms,CPU&GPU=0.00ms,LCnt=6(DR0,LM2),GPU%=0.00,CPU%=0.00(W0.00),DSF=1.00,CFL=16.94/20.85
01-29 14:16:43.010  9143  9267 I VrApi   : FPS=0/72,Prd=0ms,Tear=0,Early=0,Stale=0,Stale2/5/10/max=0/0/0/0,VSnc=1,Lat=0,Fov=0,CPU4/GPU=0/0,710/305MHz,OC=FF,TA=0/0/0,SP=N/N/N,Mem=1804MHz,Free=8642MB,PLS=0,Temp=0.0C/0.0C,TW=2.37ms,App=0.00ms,GD=1.01ms,CPU&GPU=0.00ms,LCnt=6(DR0,LM2),GPU%=0.00,CPU%=0.00(W0.00),DSF=1.00,CFL=16.94/20.85
01-29 14:16:44.012  9143  9267 I VrApi   : FPS=0/72,Prd=0ms,Tear=0,Early=0,Stale=0,Stale2/5/10/max=0/0/0/0,VSnc=1,Lat=0,Fov=0,CPU4/GPU=0/0,710/305MHz,OC=FF,TA=0/0/0,SP=N/N/N,Mem=1804MHz,Free=8642MB,PLS=0,Temp=0.0C/0.0C,TW=2.37ms,App=0.00ms,GD=1.01ms,CPU&GPU=0.00ms,LCnt=6(DR0,LM2),GPU%=0.00,CPU%=0.00(W0.00),DSF=1.00,CFL=16.94/20.85
01-29 14:16:45.009  9143  9267 I VrApi   : FPS=0/72,Prd=0ms,Tear=0,Early=0,Stale=0,Stale2/5/10/max=0/0/0/0,VSnc=1,Lat=0,Fov=0,CPU4/GPU=0/0,710/305MHz,OC=FF,TA=0/0/0,SP=N/N/N,Mem=1804MHz,Free=8642MB,PLS=0,Temp=0.0C/0.0C,TW=2.37ms,App=0.00ms,GD=1.01ms,CPU&GPU=0.00ms,LCnt=6(DR0,LM2),GPU%=0.00,CPU%=0.00(W0.00),DSF=1.00,CFL=16.94/20.85
01-29 14:16:46.013  9143  9267 I VrApi   : FPS=0/72,Prd=0ms,Tear=0,Early=0,Stale=0,Stale2/5/10/max=0/0/0/0,VSnc=1,Lat=0,Fov=0,CPU4/GPU=0/0,710/305MHz,OC=FF,TA=0/0/0,SP=N/N/N,Mem=1804MHz,Free=8642MB,PLS=0,Temp=0.0C/0.0C,TW=2.37ms,App=0.00ms,GD=1.01ms,CPU&GPU=0.00ms,LCnt=6(DR0,LM2),GPU%=0.00,CPU%=0.00(W0.00),DSF=1.00,CFL=16.94/20.85
01-29 14:16:47.010  9143  9267 I VrApi   : FPS=0/72,Prd=0ms,Tear=0,Early=0,Stale=0,Stale2/5/10/max=0/0/0/0,VSnc=1,Lat=0,Fov=0,CPU4/GPU=0/0,710/305MHz,OC=FF,TA=0/0/0,SP=N/N/N,Mem=1804MHz,Free=8642MB,PLS=0,Temp=0.0C/0.0C,TW=2.37ms,App=0.00ms,GD=1.01ms,CPU&GPU=0.00ms,LCnt=6(DR0,LM2),GPU%=0.00,CPU%=0.00(W0.00),DSF=1.00,CFL=16.94/20.85
01-29 14:16:48.015  9143  9267 I VrApi   : FPS=0/72,Prd=0ms,Tear=0,Early=0,Stale=0,Stale2/5/10/max=0/0/0/0,VSnc=1,Lat=0,Fov=0,CPU4/GPU=0/0,710/305MHz,OC=FF,TA=0/0/0,SP=N/N/N,Mem=1804MHz,Free=8642MB,PLS=0,Temp=0.0C/0.0C,TW=2.37ms,App=0.00ms,GD=1.01ms,CPU&GPU=0.00ms,LCnt=6(DR0,LM2),GPU%=0.00,CPU%=0.00(W0.00),DSF=1.00,CFL=16.94/20.85
01-29 14:16:49.010  9143  9267 I VrApi   : FPS=0/72,Prd=0ms,Tear=0,Early=0,Stale=0,Stale2/5/10/max=0/0/0/0,VSnc=1,Lat=0,Fov=0,CPU4/GPU=0/0,710/305MHz,OC=FF,TA=0/0/0,SP=N/N/N,Mem=1804MHz,Free=8642MB,PLS=0,Temp=0.0C/0.0C,TW=2.37ms,App=0.00ms,GD=1.01ms,CPU&GPU=0.00ms,LCnt=6(DR0,LM2),GPU%=0.00,CPU%=0.00(W0.00),DSF=1.00,CFL=16.94/20.85
01-29 14:16:50.010  9143  9267 I VrApi   : FPS=0/72,Prd=0ms,Tear=0,Early=0,Stale=0,Stale2/5/10/max=0/0/0/0,VSnc=1,Lat=0,Fov=0,CPU4/GPU=0/0,710/305MHz,OC=FF,TA=0/0/0,SP=N/N/N,Mem=1804MHz,Free=8642MB,PLS=0,Temp=0.0C/0.0C,TW=2.37ms,App=0.00ms,GD=1.01ms,CPU&GPU=0.00ms,LCnt=6(DR0,LM2),GPU%=0.00,CPU%=0.00(W0.00),DSF=1.00,CFL=16.94/20.85
01-29 14:16:51.011  9143  9267 I VrApi   : FPS=0/72,Prd=0ms,Tear=0,Early=0,Stale=0,Stale2/5/10/max=0/0/0/0,VSnc=1,Lat=0,Fov=0,CPU4/GPU=0/0,710/305MHz,OC=FF,TA=0/0/0,SP=N/N/N,Mem=1804MHz,Free=8642MB,PLS=0,Temp=0.0C/0.0C,TW=2.37ms,App=0.00ms,GD=1.01ms,CPU&GPU=0.00ms,LCnt=6(DR0,LM2),GPU%=0.00,CPU%=0.00(W0.00),DSF=1.00,CFL=16.94/20.85
01-29 14:16:52.014  9143  9267 I VrApi   : FPS=0/72,Prd=0ms,Tear=0,Early=0,Stale=0,Stale2/5/10/max=0/0/0/0,VSnc=1,Lat=0,Fov=0,CPU4/GPU=0/0,710/305MHz,OC=FF,TA=0/0/0,SP=N/N/N,Mem=1804MHz,Free=8642MB,PLS=0,Temp=0.0C/0.0C,TW=2.37ms,App=0.00ms,GD=1.01ms,CPU&GPU=0.00ms,LCnt=6(DR0,LM2),GPU%=0.00,CPU%=0.00(W0.00),DSF=1.00,CFL=16.94/20.85
01-29 14:16:53.015  9143  9267 I VrApi   : FPS=0/72,Prd=0ms,Tear=0,Early=0,Stale=0,Stale2/5/10/max=0/0/0/0,VSnc=1,Lat=0,Fov=0,CPU4/GPU=0/0,710/305MHz,OC=FF,TA=0/0/0,SP=N/N/N,Mem=1804MHz,Free=8642MB,PLS=0,Temp=0.0C/0.0C,TW=2.37ms,App=0.00ms,GD=1.01ms,CPU&GPU=0.00ms,LCnt=6(DR0,LM2),GPU%=0.00,CPU%=0.00(W0.00),DSF=1.00,CFL=16.94/20.85
01-29 14:16:54.011  9143  9267 I VrApi   : FPS=0/72,Prd=0ms,Tear=0,Early=0,Stale=0,Stale2/5/10/max=0/0/0/0,VSnc=1,Lat=0,Fov=0,CPU4/GPU=0/0,710/305MHz,OC=FF,TA=0/0/0,SP=N/N/N,Mem=1804MHz,Free=8642MB,PLS=0,Temp=0.0C/0.0C,TW=2.37ms,App=0.00ms,GD=1.01ms,CPU&GPU=0.00ms,LCnt=6(DR0,LM2),GPU%=0.00,CPU%=0.00(W0.00),DSF=1.00,CFL=16.94/20.85
01-29 14:16:55.011  9143  9267 I VrApi   : FPS=0/72,Prd=0ms,Tear=0,Early=0,Stale=0,Stale2/5/10/max=0/0/0/0,VSnc=1,Lat=0,Fov=0,CPU4/GPU=0/0,710/305MHz,OC=FF,TA=0/0/0,SP=N/N/N,Mem=1804MHz,Free=8642MB,PLS=0,Temp=0.0C/0.0C,TW=2.37ms,App=0.00ms,GD=1.01ms,CPU&GPU=0.00ms,LCnt=6(DR0,LM2),GPU%=0.00,CPU%=0.00(W0.00),DSF=1.00,CFL=16.94/20.85
01-29 14:16:56.013  9143  9267 I VrApi   : FPS=0/72,Prd=0ms,Tear=0,Early=0,Stale=0,Stale2/5/10/max=0/0/0/0,VSnc=1,Lat=0,Fov=0,CPU4/GPU=0/0,710/305MHz,OC=FF,TA=0/0/0,SP=N/N/N,Mem=1804MHz,Free=8642MB,PLS=0,Temp=0.0C/0.0C,TW=2.37ms,App=0.00ms,GD=1.01ms,CPU&GPU=0.00ms,LCnt=6(DR0,LM2),GPU%=0.00,CPU%=0.00(W0.00),DSF=1.00,CFL=16.94/20.85
01-29 14:16:57.011  9143  9267 I VrApi   : FPS=0/72,Prd=0ms,Tear=0,Early=0,Stale=0,Stale2/5/10/max=0/0/0/0,VSnc=1,Lat=0,Fov=0,CPU4/GPU=0/0,710/305MHz,OC=FF,TA=0/0/0,SP=N/N/N,Mem=1804MHz,Free=8642MB,PLS=0,Temp=0.0C/0.0C,TW=2.37ms,App=0.00ms,GD=1.01ms,CPU&GPU=0.00ms,LCnt=6(DR0,LM2),GPU%=0.00,CPU%=0.00(W0.00),DSF=1.00,CFL=16.94/20.85
01-29 14:16:58.011  9143  9267 I VrApi   : FPS=0/72,Prd=0ms,Tear=0,Early=0,Stale=0,Stale2/5/10/max=0/0/0/0,VSnc=1,Lat=0,Fov=0,CPU4/GPU=0/0,710/305MHz,OC=FF,TA=0/0/0,SP=N/N/N,Mem=1804MHz,Free=8642MB,PLS=0,Temp=0.0C/0.0C,TW=2.37ms,App=0.00ms,GD=1.01ms,CPU&GPU=0.00ms,LCnt=6(DR0,LM2),GPU%=0.00,CPU%=0.00(W0.00),DSF=1.00,CFL=16.94/20.85
01-29 14:16:59.015  9143  9267 I VrApi   : FPS=0/72,Prd=0ms,Tear=0,Early=0,Stale=0,Stale2/5/10/max=0/0/0/0,VSnc=1,Lat=0,Fov=0,CPU4/GPU=0/0,710/305MHz,OC=FF,TA=0/0/0,SP=N/N/N,Mem=1804MHz,Free=8642MB,PLS=0,Temp=0.0C/0.0C,TW=2.37ms,App=0.00ms,GD=1.01ms,CPU&GPU=0.00ms,LCnt=6(DR0,LM2),GPU%=0.00,CPU%=0.00(W0.00),DSF=1.00,CFL=16.94/20.85
01-29 14:17:00.022  9143  9267 I VrApi   : FPS=0/72,Prd=0ms,Tear=0,Early=0,Stale=0,Stale2/5/10/max=0/0/0/0,VSnc=1,Lat=0,Fov=0,CPU4/GPU=0/0,710/305MHz,OC=FF,TA=0/0/0,SP=N/N/N,Mem=1804MHz,Free=8637MB,PLS=0,Temp=0.0C/0.0C,TW=2.37ms,App=0.00ms,GD=1.01ms,CPU&GPU=0.00ms,LCnt=6(DR0,LM2),GPU%=0.00,CPU%=0.00(W0.00),DSF=1.00,CFL=16.94/20.85
01-29 14:17:01.015  9143  9267 I VrApi   : FPS=0/72,Prd=0ms,Tear=0,Early=0,Stale=0,Stale2/5/10/max=0/0/0/0,VSnc=1,Lat=0,Fov=0,CPU4/GPU=0/0,710/305MHz,OC=FF,TA=0/0/0,SP=N/N/N,Mem=1804MHz,Free=8637MB,PLS=0,Temp=0.0C/0.0C,TW=2.37ms,App=0.00ms,GD=1.01ms,CPU&GPU=0.00ms,LCnt=6(DR0,LM2),GPU%=0.00,CPU%=0.00(W0.00),DSF=1.00,CFL=16.94/20.85
01-29 14:17:02.012  9143  9267 I VrApi   : FPS=0/72,Prd=0ms,Tear=0,Early=0,Stale=0,Stale2/5/10/max=0/0/0/0,VSnc=1,Lat=0,Fov=0,CPU4/GPU=0/0,710/305MHz,OC=FF,TA=0/0/0,SP=N/N/N,Mem=1804MHz,Free=8637MB,PLS=0,Temp=0.0C/0.0C,TW=2.37ms,App=0.00ms,GD=1.01ms,CPU&GPU=0.00ms,LCnt=6(DR0,LM2),GPU%=0.00,CPU%=0.00(W0.00),DSF=1.00,CFL=16.94/20.85
01-29 14:17:03.011  9143  9267 I VrApi   : FPS=0/72,Prd=0ms,Tear=0,Early=0,Stale=0,Stale2/5/10/max=0/0/0/0,VSnc=1,Lat=0,Fov=0,CPU4/GPU=0/0,710/305MHz,OC=FF,TA=0/0/0,SP=N/N/N,Mem=1804MHz,Free=8637MB,PLS=0,Temp=0.0C/0.0C,TW=2.37ms,App=0.00ms,GD=1.01ms,CPU&GPU=0.00ms,LCnt=6(DR0,LM2),GPU%=0.00,CPU%=0.00(W0.00),DSF=1.00,CFL=16.94/20.85
01-29 14:17:04.011  9143  9267 I VrApi   : FPS=0/72,Prd=0ms,Tear=0,Early=0,Stale=0,Stale2/5/10/max=0/0/0/0,VSnc=1,Lat=0,Fov=0,CPU4/GPU=0/0,710/305MHz,OC=FF,TA=0/0/0,SP=N/N/N,Mem=1804MHz,Free=8637MB,PLS=0,Temp=0.0C/0.0C,TW=2.37ms,App=0.00ms,GD=1.01ms,CPU&GPU=0.00ms,LCnt=6(DR0,LM2),GPU%=0.00,CPU%=0.00(W0.00),DSF=1.00,CFL=16.94/20.85
01-29 14:17:05.014  9143  9267 I VrApi   : FPS=0/72,Prd=0ms,Tear=0,Early=0,Stale=0,Stale2/5/10/max=0/0/0/0,VSnc=1,Lat=0,Fov=0,CPU4/GPU=0/0,710/305MHz,OC=FF,TA=0/0/0,SP=N/N/N,Mem=1804MHz,Free=8637MB,PLS=0,Temp=0.0C/0.0C,TW=2.37ms,App=0.00ms,GD=1.01ms,CPU&GPU=0.00ms,LCnt=6(DR0,LM2),GPU%=0.00,CPU%=0.00(W0.00),DSF=1.00,CFL=16.94/20.85
