01-25 16:04:45.009  8440  8589 I VrApi   : FPS=0/72,Prd=0ms,Tear=0,Early=0,Stale=0,VSnc=1,Lat=0,Fov=0,CPU4/GPU=0/0,710/305MHz,OC=FF,TA=0/0/0,SP=N/N/N,Mem=1555MHz,Free=8828MB,PLS=0,Temp=0.0C/0.0C,TW=2.00ms,App=0.00ms,GD=0.00ms,CPU&GPU=0.00ms,LCnt=2(DR0,LM2),GPU%=0.00,CPU%=0.00(W0.00),DSF=1.00,CFL=17.76/21.76
01-25 16:04:46.009  8440  8589 I VrApi   : FPS=0/72,Prd=0ms,Tear=0,Early=0,Stale=0,VSnc=1,Lat=0,Fov=0,CPU4/GPU=0/0,710/305MHz,OC=FF,TA=0/0/0,SP=N/N/N,Mem=1555MHz,Free=8828MB,PLS=0,Temp=0.0C/0.0C,TW=2.00ms,App=0.00ms,GD=0.00ms,CPU&GPU=0.00ms,LCnt=2(DR0,LM2),GPU%=0.00,CPU%=0.00(W0.00),DSF=1.00,CFL=17.76/21.76
01-25 16:04:47.009  8440  8589 I VrApi   : FPS=0/72,Prd=0ms,Tear=0,Early=0,Stale=0,VSnc=1,Lat=0,Fov=0,CPU4/GPU=0/0,710/305MHz,OC=FF,TA=0/0/0,SP=N/N/N,Mem=1555MHz,Free=8828MB,PLS=0,Temp=0.0C/0.0C,TW=2.00ms,App=0.00ms,GD=0.00ms,CPU&GPU=0.00ms,LCnt=2(DR0,LM2),GPU%=0.00,CPU%=0.00(W0.00),DSF=1.00,CFL=17.76/21.76
01-25 16:04:48.009  8440  8589 I VrApi   : FPS=0/72,Prd=0ms,Tear=0,Early=0,Stale=0,VSnc=1,Lat=0,Fov=0,CPU4/GPU=0/0,710/305MHz,OC=FF,TA=0/0/0,SP=N/N/N,Mem=1555MHz,Free=8828MB,PLS=0,Temp=0.0C/0.0C,TW=2.00ms,App=0.00ms,GD=0.00ms,CPU&GPU=0.00ms,LCnt=2(DR0,LM2),GPU%=0.00,CPU%=0.00(W0.00),DSF=1.00,CFL=17.76/21.76
01-25 16:04:49.010  8440  8589 I VrApi   : FPS=0/72,Prd=0ms,Tear=0,Early=0,Stale=0,VSnc=1,Lat=0,Fov=0,CPU4/GPU=0/0,710/305MHz,OC=FF,TA=0/0/0,SP=N/N/N,Mem=1555MHz,Free=8828MB,PLS=0,Temp=0.0C/0.0C,TW=2.00ms,App=0.00ms,GD=0.00ms,CPU&GPU=0.00ms,LCnt=2(DR0,LM2),GPU%=0.00,CPU%=0.00(W0.00),DSF=1.00,CFL=17.76/21.76
01-25 16:04:50.010  8440  8589 I VrApi   : FPS=0/72,Prd=0ms,Tear=0,Early=0,Stale=0,VSnc=1,Lat=0,Fov=0,CPU4/GPU=0/0,710/305MHz,OC=FF,TA=0/0/0,SP=N/N/N,Mem=1804MHz,Free=8828MB,PLS=0,Temp=0.0C/0.0C,TW=2.00ms,App=0.00ms,GD=0.00ms,CPU&GPU=0.00ms,LCnt=2(DR0,LM2),GPU%=0.00,CPU%=0.00(W0.00),DSF=1.00,CFL=17.76/21.76
01-25 16:04:51.010  8440  8589 I VrApi   : FPS=0/72,Prd=0ms,Tear=0,Early=0,Stale=0,VSnc=1,Lat=0,Fov=0,CPU4/GPU=0/0,710/305MHz,OC=FF,TA=0/0/0,SP=N/N/N,Mem=1555MHz,Free=8828MB,PLS=0,Temp=0.0C/0.0C,TW=2.00ms,App=0.00ms,GD=0.00ms,CPU&GPU=0.00ms,LCnt=2(DR0,LM2),GPU%=0.00,CPU%=0.00(W0.00),DSF=1.00,CFL=17.76/21.76
01-25 16:04:52.010  8440  8589 I VrApi   : FPS=0/72,Prd=0ms,Tear=0,Early=0,Stale=0,VSnc=1,Lat=0,Fov=0,CPU4/GPU=0/0,710/305MHz,OC=FF,TA=0/0/0,SP=N/N/N,Mem=1555MHz,Free=8828MB,PLS=0,Temp=0.0C/0.0C,TW=2.00ms,App=0.00ms,GD=0.00ms,CPU&GPU=0.00ms,LCnt=2(DR0,LM2),GPU%=0.00,CPU%=0.00(W0.00),DSF=1.00,CFL=17.76/21.76
01-25 16:04:53.010  8440  8589 I VrApi   : FPS=0/72,Prd=0ms,Tear=0,Early=0,Stale=0,VSnc=1,Lat=0,Fov=0,CPU4/GPU=0/0,710/305MHz,OC=FF,TA=0/0/0,SP=N/N/N,Mem=1555MHz,Free=8828MB,PLS=0,Temp=0.0C/0.0C,TW=2.00ms,App=0.00ms,GD=0.00ms,CPU&GPU=0.00ms,LCnt=2(DR0,LM2),GPU%=0.00,CPU%=0.00(W0.00),DSF=1.00,CFL=17.76/21.76
01-25 16:04:54.010  8440  8589 I VrApi   : FPS=0/72,Prd=0ms,Tear=0,Early=0,Stale=0,VSnc=1,Lat=0,Fov=0,CPU4/GPU=0/0,710/305MHz,OC=FF,TA=0/0/0,SP=N/N/N,Mem=1555MHz,Free=8828MB,PLS=0,Temp=0.0C/0.0C,TW=2.00ms,App=0.00ms,GD=0.00ms,CPU&GPU=0.00ms,LCnt=2(DR0,LM2),GPU%=0.00,CPU%=0.00(W0.00),DSF=1.00,CFL=17.76/21.76
01-25 16:04:55.010  8440  8589 I VrApi   : FPS=0/72,Prd=0ms,Tear=0,Early=0,Stale=0,VSnc=1,Lat=0,Fov=0,CPU4/GPU=0/0,710/305MHz,OC=FF,TA=0/0/0,SP=N/N/N,Mem=1555MHz,Free=8828MB,PLS=0,Temp=0.0C/0.0C,TW=2.00ms,App=0.00ms,GD=0.00ms,CPU&GPU=0.00ms,LCnt=2(DR0,LM2),GPU%=0.00,CPU%=0.00(W0.00),DSF=1.00,CFL=17.76/21.76
01-25 16:04:56.010  8440  8589 I VrApi   : FPS=0/72,Prd=0ms,Tear=0,Early=0,Stale=0,VSnc=1,Lat=0,Fov=0,CPU4/GPU=0/0,710/305MHz,OC=FF,TA=0/0/0,SP=N/N/N,Mem=1555MHz,Free=8828MB,PLS=0,Temp=0.0C/0.0C,TW=2.00ms,App=0.00ms,GD=0.00ms,CPU&GPU=0.00ms,LCnt=2(DR0,LM2),GPU%=0.00,CPU%=0.00(W0.00),DSF=1.00,CFL=17.76/21.76
01-25 16:04:57.010  8440  8589 I VrApi   : FPS=0/72,Prd=0ms,Tear=0,Early=0,Stale=0,VSnc=1,Lat=0,Fov=0,CPU4/GPU=0/0,710/305MHz,OC=FF,TA=0/0/0,SP=N/N/N,Mem=1555MHz,Free=8828MB,PLS=0,Temp=0.0C/0.0C,TW=2.00ms,App=0.00ms,GD=0.00ms,CPU&GPU=0.00ms,LCnt=2(DR0,LM2),GPU%=0.00,CPU%=0.00(W0.00),DSF=1.00,CFL=17.76/21.76
01-25 16:04:58.010  8440  8589 I VrApi   : FPS=0/72,Prd=0ms,Tear=0,Early=0,Stale=0,VSnc=1,Lat=0,Fov=0,CPU4/GPU=0/0,710/305MHz,OC=FF,TA=0/0/0,SP=N/N/N,Mem=1555MHz,Free=8828MB,PLS=0,Temp=0.0C/0.0C,TW=2.00ms,App=0.00ms,GD=0.00ms,CPU&GPU=0.00ms,LCnt=2(DR0,LM2),GPU%=0.00,CPU%=0.00(W0.00),DSF=1.00,CFL=17.76/21.76
01-25 16:04:59.010  8440  8589 I VrApi   : FPS=0/72,Prd=0ms,Tear=0,Early=0,Stale=0,VSnc=1,Lat=0,Fov=0,CPU4/GPU=0/0,710/305MHz,OC=FF,TA=0/0/0,SP=N/N/N,Mem=1555MHz,Free=8828MB,PLS=0,Temp=0.0C/0.0C,TW=2.00ms,App=0.00ms,GD=0.00ms,CPU&GPU=0.00ms,LCnt=2(DR0,LM2),GPU%=0.00,CPU%=0.00(W0.00),DSF=1.00,CFL=17.76/21.76
01-25 16:05:00.013  8440  8589 I VrApi   : FPS=0/72,Prd=0ms,Tear=0,Early=0,Stale=0,VSnc=1,Lat=0,Fov=0,CPU4/GPU=0/0,710/305MHz,OC=FF,TA=0/0/0,SP=N/N/N,Mem=2092MHz,Free=8828MB,PLS=0,Temp=0.0C/0.0C,TW=2.00ms,App=0.00ms,GD=0.00ms,CPU&GPU=0.00ms,LCnt=2(DR0,LM2),GPU%=0.00,CPU%=0.00(W0.00),DSF=1.00,CFL=17.76/21.76
01-25 16:05:01.011  8440  8589 I VrApi   : FPS=0/72,Prd=0ms,Tear=0,Early=0,Stale=0,VSnc=1,Lat=0,Fov=0,CPU4/GPU=0/0,710/305MHz,OC=FF,TA=0/0/0,SP=N/N/N,Mem=1555MHz,Free=8828MB,PLS=0,Temp=0.0C/0.0C,TW=2.00ms,App=0.00ms,GD=0.00ms,CPU&GPU=0.00ms,LCnt=2(DR0,LM2),GPU%=0.00,CPU%=0.00(W0.00),DSF=1.00,CFL=17.76/21.76
01-25 16:05:01.244  2240  2570 D VrApi   : targetSDKVersion 29
01-25 16:05:01.280  8440  8473 I VrApi   : ---------- vrapi_LeaveVrMode [start] ----------
01-25 16:05:01.287  8440  8473 D VrApi   : targetSDKVersion 29
01-25 16:05:01.288  2240  2570 I VrApi   : OVR::Stats thread started
01-25 16:05:01.298  2240 10637 D VrApi   : targetSDKVersion 29
01-25 16:05:01.316  8440  8589 I VrApi   : FPS=0/90,Prd=0ms,Tear=0,Early=0,Stale=0,VSnc=1,Lat=0,Fov=0,CPU4/GPU=4/4,1478/525MHz,OC=FF,TA=0/0/0,SP=N/N/N,Mem=2092MHz,Free=8828MB,PLS=0,Temp=18.2C/0.0C,TW=2.00ms,App=0.00ms,GD=0.00ms,CPU&GPU=0.00ms,LCnt=2(DR0,LM2),GPU%=0.32,CPU%=0.05(W0.09),DSF=1.00,CFL=17.76/21.76
01-25 16:05:01.317  8440  8473 I VrApi   : OVR::Stats thread stopped
01-25 16:05:01.332  8440  8473 I VrApi   : ---------- vrapi_LeaveVrMode [end] ----------
01-25 16:05:01.385  8440  8473 I VrApi   : ---------- vrapi_EnterVrMode [start] ----------
01-25 16:05:01.390  8440  8473 D VrApi   : targetSDKVersion 29
01-25 16:05:01.395  8440  8473 I VrApi   : ovrModeParms::VRAPI_MODE_FLAG_RESET_WINDOW_FULLSCREEN = 0
01-25 16:05:01.395  8440  8473 I VrApi   : ovrModeParms::VRAPI_MODE_FLAG_NATIVE_WINDOW = 1
01-25 16:05:01.395  8440  8473 I VrApi   : ovrModeParms::VRAPI_MODE_FLAG_FRONT_BUFFER_SRGB = 0
01-25 16:05:01.395  8440  8473 I VrApi   : ovrModeParms::VRAPI_MODE_FLAG_PHASE_SYNC = 0
01-25 16:05:01.395  8440  8473 I VrApi   : ovrModeParms::VRAPI_MODE_FLAG_APP_SPACE_WARP = 0
01-25 16:05:01.395  8440  8473 I VrApi   : PhaseSync disabled
01-25 16:05:01.395  8440  8473 I VrApi   : HMD sensor attached.
01-25 16:05:01.398  8440  8473 I VrApi   : Creating Default swapchain
01-25 16:05:01.398  8440  8473 I VrApi   : Creating Loading Icon swapchain
01-25 16:05:01.398  8440  8473 I VrApi   : OVR::Stats thread started
01-25 16:05:01.398  8440  8473 I VrApi   : Initial BaseVsync 34265 
01-25 16:05:01.398  8440  8473 I VrApi   : ---------- vrapi_EnterVrMode [end] ----------
01-25 16:05:01.398  8440  8473 I VrApi   : vrapi_SetDisplayRefreshRate: display refresh rate supported 72.000000
01-25 16:05:01.400  8440 10642 D VrApi   : targetSDKVersion 29
01-25 16:05:01.405  8440 10642 D VrApi   : VrApi::isWifiConnected exception: Make sure android.permission.ACCESS_NETWORK_STATE is set in the manifest.
01-25 16:05:01.685  8440  8473 I VrApi   : ---------- vrapi_LeaveVrMode [start] ----------
01-25 16:05:01.686  8440  8473 D VrApi   : targetSDKVersion 29
01-25 16:05:02.003  8440  8473 I VrApi   : OVR::Stats thread stopped
01-25 16:05:02.022  8440  8473 I VrApi   : ---------- vrapi_LeaveVrMode [end] ----------
01-25 16:05:03.679  2240  2570 D VrApi   : targetSDKVersion 29
01-25 16:05:03.685  8440  8473 I VrApi   : ---------- vrapi_EnterVrMode [start] ----------
01-25 16:05:03.687  8440  8473 D VrApi   : targetSDKVersion 29
01-25 16:05:03.703  8440  8473 I VrApi   : ovrModeParms::VRAPI_MODE_FLAG_RESET_WINDOW_FULLSCREEN = 0
01-25 16:05:03.703  8440  8473 I VrApi   : ovrModeParms::VRAPI_MODE_FLAG_NATIVE_WINDOW = 1
01-25 16:05:03.703  8440  8473 I VrApi   : ovrModeParms::VRAPI_MODE_FLAG_FRONT_BUFFER_SRGB = 0
01-25 16:05:03.703  8440  8473 I VrApi   : ovrModeParms::VRAPI_MODE_FLAG_PHASE_SYNC = 0
01-25 16:05:03.703  8440  8473 I VrApi   : ovrModeParms::VRAPI_MODE_FLAG_APP_SPACE_WARP = 0
01-25 16:05:03.703  8440  8473 I VrApi   : PhaseSync disabled
01-25 16:05:03.703  8440  8473 I VrApi   : HMD sensor attached.
01-25 16:05:03.714  8440  8473 I VrApi   : Creating Default swapchain
01-25 16:05:03.714  8440  8473 I VrApi   : Creating Loading Icon swapchain
01-25 16:05:03.714  8440  8473 I VrApi   : OVR::Stats thread started
01-25 16:05:03.715  8440  8473 I VrApi   : Initial BaseVsync 34432 
01-25 16:05:03.716  8440  8473 I VrApi   : ---------- vrapi_EnterVrMode [end] ----------
01-25 16:05:03.716  8440  8473 I VrApi   : vrapi_SetDisplayRefreshRate: display refresh rate supported 72.000000
01-25 16:05:03.718  8440 10742 D VrApi   : targetSDKVersion 29
01-25 16:05:03.719  2240  2570 I VrApi   : OVR::Stats thread stopped
01-25 16:05:03.730  8440 10742 D VrApi   : VrApi::isWifiConnected exception: Make sure android.permission.ACCESS_NETWORK_STATE is set in the manifest.
01-25 16:05:05.004  8440 10742 I VrApi   : FPS=1/72,Prd=0ms,Tear=0,Early=0,Stale=90,VSnc=0,Lat=0,Fov=0,CPU4/GPU=-1/-1,2419/441MHz,OC=FF,TA=0/0/0,SP=N/N/N,Mem=2092MHz,Free=8788MB,PLS=0,Temp=0.0C/0.0C,TW=1.10ms,App=0.00ms,GD=0.00ms,CPU&GPU=0.00ms,LCnt=2(DR0,LM2),GPU%=0.23,CPU%=0.05(W0.07),DSF=1.00,CFL=17.67/21.21
01-25 16:05:06.002  8440 10742 I VrApi   : FPS=1/72,Prd=0ms,Tear=0,Early=0,Stale=90,VSnc=0,Lat=0,Fov=0,CPU4/GPU=-1/-1,2419/441MHz,OC=FF,TA=0/0/0,SP=N/N/N,Mem=2092MHz,Free=8788MB,PLS=0,Temp=0.0C/0.0C,TW=1.10ms,App=0.00ms,GD=0.00ms,CPU&GPU=0.00ms,LCnt=2(DR0,LM2),GPU%=0.23,CPU%=0.05(W0.07),DSF=1.00,CFL=17.67/21.21
01-25 16:05:07.002  8440 10742 I VrApi   : FPS=1/72,Prd=0ms,Tear=0,Early=0,Stale=90,VSnc=0,Lat=0,Fov=0,CPU4/GPU=-1/-1,2419/441MHz,OC=FF,TA=0/0/0,SP=N/N/N,Mem=2092MHz,Free=8788MB,PLS=0,Temp=0.0C/0.0C,TW=1.10ms,App=0.00ms,GD=0.00ms,CPU&GPU=0.00ms,LCnt=2(DR0,LM2),GPU%=0.23,CPU%=0.05(W0.07),DSF=1.00,CFL=17.67/21.21
01-25 16:05:07.083  2240  2570 D VrApi   : targetSDKVersion 29
01-25 16:05:07.127  2240  2570 I VrApi   : OVR::Stats thread started
01-25 16:05:07.130  8440  8473 I VrApi   : ---------- vrapi_LeaveVrMode [start] ----------
01-25 16:05:07.133  8440  8473 D VrApi   : targetSDKVersion 29
01-25 16:05:07.139  8440 10742 I VrApi   : FPS=1/72,Prd=0ms,Tear=0,Early=0,Stale=90,VSnc=0,Lat=0,Fov=0,CPU4/GPU=4/4,2419/525MHz,OC=FF,TA=0/0/0,SP=N/N/N,Mem=2092MHz,Free=8788MB,PLS=0,Temp=18.2C/0.0C,TW=1.10ms,App=0.00ms,GD=0.00ms,CPU&GPU=0.00ms,LCnt=2(DR0,LM2),GPU%=0.28,CPU%=0.06(W0.13),DSF=1.00,CFL=17.67/21.21
01-25 16:05:07.147  2240 10829 D VrApi   : targetSDKVersion 29
01-25 16:05:07.152  8440  8473 I VrApi   : OVR::Stats thread stopped
01-25 16:05:07.172  8440  8473 I VrApi   : ---------- vrapi_LeaveVrMode [end] ----------
01-25 16:05:15.718  2240  2570 D VrApi   : targetSDKVersion 29
01-25 16:05:15.779  2240  2570 I VrApi   : OVR::Stats thread stopped
01-25 16:05:15.946  8440  8473 I VrApi   : ---------- vrapi_EnterVrMode [start] ----------
01-25 16:05:15.954  8440  8473 D VrApi   : targetSDKVersion 29
01-25 16:05:15.963  8440  8473 I VrApi   : ovrModeParms::VRAPI_MODE_FLAG_RESET_WINDOW_FULLSCREEN = 0
01-25 16:05:15.963  8440  8473 I VrApi   : ovrModeParms::VRAPI_MODE_FLAG_NATIVE_WINDOW = 1
01-25 16:05:15.963  8440  8473 I VrApi   : ovrModeParms::VRAPI_MODE_FLAG_FRONT_BUFFER_SRGB = 0
01-25 16:05:15.963  8440  8473 I VrApi   : ovrModeParms::VRAPI_MODE_FLAG_PHASE_SYNC = 0
01-25 16:05:15.963  8440  8473 I VrApi   : ovrModeParms::VRAPI_MODE_FLAG_APP_SPACE_WARP = 0
01-25 16:05:15.963  8440  8473 I VrApi   : PhaseSync disabled
01-25 16:05:15.963  8440  8473 I VrApi   : HMD sensor attached.
01-25 16:05:15.968  8440  8473 I VrApi   : Creating Default swapchain
01-25 16:05:15.968  8440  8473 I VrApi   : Creating Loading Icon swapchain
01-25 16:05:15.968  8440  8473 I VrApi   : OVR::Stats thread started
01-25 16:05:15.968  8440  8473 I VrApi   : Initial BaseVsync 35314 
01-25 16:05:15.968  8440  8473 I VrApi   : ---------- vrapi_EnterVrMode [end] ----------
01-25 16:05:15.968  8440  8473 I VrApi   : vrapi_SetDisplayRefreshRate: display refresh rate supported 72.000000
01-25 16:05:15.970  8440 11024 D VrApi   : targetSDKVersion 29
01-25 16:05:16.001  8440 11024 D VrApi   : VrApi::isWifiConnected exception: Make sure android.permission.ACCESS_NETWORK_STATE is set in the manifest.
01-25 16:05:17.965  2240  2570 D VrApi   : targetSDKVersion 29
01-25 16:05:17.986  2240  2570 I VrApi   : OVR::Stats thread started
01-25 16:05:17.988  2240 11084 D VrApi   : targetSDKVersion 29
01-25 16:05:18.005  8440 11024 I VrApi   : FPS=2/72,Prd=0ms,Tear=0,Early=0,Stale=73,VSnc=0,Lat=0,Fov=0,CPU4/GPU=4/4,1478/525MHz,OC=FF,TA=0/0/0,SP=N/N/N,Mem=1555MHz,Free=8778MB,PLS=0,Temp=0.0C/0.0C,TW=1.82ms,App=0.00ms,GD=0.16ms,CPU&GPU=210646.42ms,LCnt=3(DR0,LM3),GPU%=0.28,CPU%=0.06(W0.13),DSF=1.00,CFL=17.58/21.34
01-25 16:05:18.025  8440  8473 I VrApi   : ---------- vrapi_LeaveVrMode [start] ----------
01-25 16:05:18.033  8440  8473 D VrApi   : targetSDKVersion 29
01-25 16:05:18.039  8440 11024 I VrApi   : FPS=2/72,Prd=0ms,Tear=0,Early=0,Stale=73,VSnc=0,Lat=0,Fov=0,CPU4/GPU=4/4,1478/525MHz,OC=FF,TA=0/0/0,SP=N/N/N,Mem=1555MHz,Free=8778MB,PLS=0,Temp=18.2C/0.0C,TW=1.82ms,App=0.00ms,GD=0.16ms,CPU&GPU=210646.42ms,LCnt=3(DR0,LM3),GPU%=0.09,CPU%=0.00(W0.00),DSF=1.00,CFL=17.58/21.34
01-25 16:05:18.041  8440  8473 I VrApi   : OVR::Stats thread stopped
01-25 16:05:18.063  8440  8473 I VrApi   : ---------- vrapi_LeaveVrMode [end] ----------
01-25 16:05:18.113  8440  8473 I VrApi   : ---------- vrapi_EnterVrMode [start] ----------
01-25 16:05:18.117  8440  8473 D VrApi   : targetSDKVersion 29
01-25 16:05:18.122  8440  8473 I VrApi   : ovrModeParms::VRAPI_MODE_FLAG_RESET_WINDOW_FULLSCREEN = 0
01-25 16:05:18.122  8440  8473 I VrApi   : ovrModeParms::VRAPI_MODE_FLAG_NATIVE_WINDOW = 1
01-25 16:05:18.122  8440  8473 I VrApi   : ovrModeParms::VRAPI_MODE_FLAG_FRONT_BUFFER_SRGB = 0
01-25 16:05:18.122  8440  8473 I VrApi   : ovrModeParms::VRAPI_MODE_FLAG_PHASE_SYNC = 0
01-25 16:05:18.122  8440  8473 I VrApi   : ovrModeParms::VRAPI_MODE_FLAG_APP_SPACE_WARP = 0
01-25 16:05:18.122  8440  8473 I VrApi   : PhaseSync disabled
01-25 16:05:18.122  8440  8473 I VrApi   : HMD sensor attached.
01-25 16:05:18.125  8440  8473 I VrApi   : Creating Default swapchain
01-25 16:05:18.125  8440  8473 I VrApi   : Creating Loading Icon swapchain
01-25 16:05:18.125  8440  8473 I VrApi   : OVR::Stats thread started
01-25 16:05:18.125  8440  8473 I VrApi   : Initial BaseVsync 35469 
01-25 16:05:18.125  8440  8473 I VrApi   : ---------- vrapi_EnterVrMode [end] ----------
01-25 16:05:18.125  8440  8473 I VrApi   : vrapi_SetDisplayRefreshRate: display refresh rate supported 72.000000
01-25 16:05:18.148  8440 11091 D VrApi   : targetSDKVersion 29
01-25 16:05:18.164  8440 11091 D VrApi   : VrApi::isWifiConnected exception: Make sure android.permission.ACCESS_NETWORK_STATE is set in the manifest.
01-25 16:05:19.348  8440  8473 I VrApi   : ---------- vrapi_LeaveVrMode [start] ----------
01-25 16:05:19.351  8440  8473 D VrApi   : targetSDKVersion 29
01-25 16:05:19.357  8440 11091 I VrApi   : FPS=1/72,Prd=0ms,Tear=0,Early=0,Stale=73,VSnc=0,Lat=0,Fov=0,CPU4/GPU=4/4,1478/525MHz,OC=FF,TA=0/0/0,SP=N/N/N,Mem=2092MHz,Free=8801MB,PLS=0,Temp=18.2C/0.0C,TW=1.13ms,App=0.00ms,GD=0.00ms,CPU&GPU=142246.02ms,LCnt=1(DR0,LM0),GPU%=0.27,CPU%=0.02(W0.05),DSF=1.00,CFL=17.34/21.61
01-25 16:05:19.359  8440  8473 I VrApi   : OVR::Stats thread stopped
01-25 16:05:19.379  8440  8473 I VrApi   : ---------- vrapi_LeaveVrMode [end] ----------
01-25 16:05:19.673  2240  2570 D VrApi   : targetSDKVersion 29
01-25 16:05:19.678  8440  8473 I VrApi   : ---------- vrapi_EnterVrMode [start] ----------
01-25 16:05:19.682  8440  8473 D VrApi   : targetSDKVersion 29
01-25 16:05:19.687  8440  8473 I VrApi   : ovrModeParms::VRAPI_MODE_FLAG_RESET_WINDOW_FULLSCREEN = 0
01-25 16:05:19.687  8440  8473 I VrApi   : ovrModeParms::VRAPI_MODE_FLAG_NATIVE_WINDOW = 1
01-25 16:05:19.687  8440  8473 I VrApi   : ovrModeParms::VRAPI_MODE_FLAG_FRONT_BUFFER_SRGB = 0
01-25 16:05:19.687  8440  8473 I VrApi   : ovrModeParms::VRAPI_MODE_FLAG_PHASE_SYNC = 0
01-25 16:05:19.687  8440  8473 I VrApi   : ovrModeParms::VRAPI_MODE_FLAG_APP_SPACE_WARP = 0
01-25 16:05:19.687  8440  8473 I VrApi   : PhaseSync disabled
01-25 16:05:19.687  8440  8473 I VrApi   : HMD sensor attached.
01-25 16:05:19.697  8440  8473 I VrApi   : Creating Default swapchain
01-25 16:05:19.697  8440  8473 I VrApi   : Creating Loading Icon swapchain
01-25 16:05:19.697  8440  8473 I VrApi   : OVR::Stats thread started
01-25 16:05:19.697  8440  8473 I VrApi   : Initial BaseVsync 35582 
01-25 16:05:19.697  8440  8473 I VrApi   : ---------- vrapi_EnterVrMode [end] ----------
01-25 16:05:19.697  8440  8473 I VrApi   : vrapi_SetDisplayRefreshRate: display refresh rate supported 72.000000
01-25 16:05:19.704  8440 11143 D VrApi   : targetSDKVersion 29
01-25 16:05:19.722  8440 11143 D VrApi   : VrApi::isWifiConnected exception: Make sure android.permission.ACCESS_NETWORK_STATE is set in the manifest.
01-25 16:05:19.748  2240  2570 I VrApi   : OVR::Stats thread stopped
01-25 16:05:21.004  8440 11143 I VrApi   : FPS=1/72,Prd=0ms,Tear=0,Early=0,Stale=16,VSnc=1,Lat=0,Fov=0,CPU4/GPU=4/4,2419/441MHz,OC=FF,TA=0/0/0,SP=N/N/N,Mem=2092MHz,Free=8803MB,PLS=0,Temp=0.0C/0.0C,TW=2.89ms,App=0.00ms,GD=0.00ms,CPU&GPU=109408.25ms,LCnt=5(DR0,LM2),GPU%=0.27,CPU%=0.13(W0.21),DSF=1.00,CFL=17.54/22.19
01-25 16:05:22.001  8440 11143 I VrApi   : FPS=1/72,Prd=0ms,Tear=0,Early=0,Stale=16,VSnc=1,Lat=0,Fov=0,CPU4/GPU=4/4,2419/441MHz,OC=FF,TA=0/0/0,SP=N/N/N,Mem=2092MHz,Free=8803MB,PLS=0,Temp=0.0C/0.0C,TW=2.89ms,App=0.00ms,GD=0.00ms,CPU&GPU=109408.25ms,LCnt=5(DR0,LM2),GPU%=0.27,CPU%=0.13(W0.21),DSF=1.00,CFL=17.54/22.19
01-25 16:05:23.002  8440 11143 I VrApi   : FPS=1/72,Prd=0ms,Tear=0,Early=0,Stale=16,VSnc=1,Lat=0,Fov=0,CPU4/GPU=4/4,2419/441MHz,OC=FF,TA=0/0/0,SP=N/N/N,Mem=2092MHz,Free=8803MB,PLS=0,Temp=0.0C/0.0C,TW=2.89ms,App=0.00ms,GD=0.00ms,CPU&GPU=109408.25ms,LCnt=5(DR0,LM2),GPU%=0.27,CPU%=0.13(W0.21),DSF=1.00,CFL=17.54/22.19
01-25 16:05:24.002  8440 11143 I VrApi   : FPS=1/72,Prd=0ms,Tear=0,Early=0,Stale=16,VSnc=1,Lat=0,Fov=0,CPU4/GPU=4/4,2419/441MHz,OC=FF,TA=0/0/0,SP=N/N/N,Mem=2092MHz,Free=8803MB,PLS=0,Temp=0.0C/0.0C,TW=2.89ms,App=0.00ms,GD=0.00ms,CPU&GPU=109408.25ms,LCnt=5(DR0,LM2),GPU%=0.27,CPU%=0.13(W0.21),DSF=1.00,CFL=17.54/22.19
01-25 16:05:25.001  8440 11143 I VrApi   : FPS=1/72,Prd=0ms,Tear=0,Early=0,Stale=16,VSnc=1,Lat=0,Fov=0,CPU4/GPU=4/4,2419/441MHz,OC=FF,TA=0/0/0,SP=N/N/N,Mem=2092MHz,Free=8803MB,PLS=0,Temp=0.0C/0.0C,TW=2.89ms,App=0.00ms,GD=0.00ms,CPU&GPU=109408.25ms,LCnt=5(DR0,LM2),GPU%=0.27,CPU%=0.13(W0.21),DSF=1.00,CFL=17.54/22.19
01-25 16:05:25.272  8440  8473 W VrApi   : Time to first swap: 124.645 seconds
01-25 16:05:26.002  8440 11143 I VrApi   : FPS=1/72,Prd=0ms,Tear=0,Early=0,Stale=73,VSnc=1,Lat=0,Fov=0,CPU4/GPU=2/2,1171/441MHz,OC=FF,TA=0/70/0,SP=N/F/N,Mem=1555MHz,Free=8803MB,PLS=0,Temp=18.2C/0.0C,TW=2.44ms,App=1.70ms,GD=0.00ms,CPU&GPU=87790.95ms,LCnt=2(DR0,LM2),GPU%=0.19,CPU%=0.13(W0.20),DSF=1.00,CFL=17.39/21.33
01-25 16:05:27.002  8440 11143 I VrApi   : FPS=73/72,Prd=0ms,Tear=0,Early=0,Stale=61,VSnc=1,Lat=0,Fov=0,CPU4/GPU=2/2,1171/441MHz,OC=FF,TA=0/70/0,SP=N/F/N,Mem=1804MHz,Free=8803MB,PLS=0,Temp=18.2C/0.0C,TW=4.69ms,App=0.86ms,GD=0.00ms,CPU&GPU=12.61ms,LCnt=2(DR0,LM0),GPU%=0.41,CPU%=0.03(W0.05),DSF=1.00,CFL=17.54/22.12
01-25 16:05:28.002  8440 11143 I VrApi   : FPS=73/72,Prd=0ms,Tear=0,Early=0,Stale=2,VSnc=1,Lat=0,Fov=0,CPU4/GPU=2/2,1171/441MHz,OC=FF,TA=0/70/0,SP=N/F/N,Mem=1555MHz,Free=8803MB,PLS=0,Temp=18.2C/0.0C,TW=4.34ms,App=0.94ms,GD=0.00ms,CPU&GPU=12.63ms,LCnt=1(DR10,LM0),GPU%=0.40,CPU%=0.18(W0.22),DSF=1.00,CFL=19.00/22.46
01-25 16:05:29.002  8440 11143 I VrApi   : FPS=73/72,Prd=0ms,Tear=0,Early=0,Stale=0,VSnc=1,Lat=0,Fov=0,CPU4/GPU=2/2,1171/441MHz,OC=FF,TA=0/70/0,SP=N/F/N,Mem=1555MHz,Free=8803MB,PLS=0,Temp=18.2C/0.0C,TW=4.20ms,App=0.95ms,GD=0.00ms,CPU&GPU=12.62ms,LCnt=1(DR73,LM0),GPU%=0.40,CPU%=0.05(W0.10),DSF=1.00,CFL=18.68/23.02
01-25 16:05:30.003  8440 11143 I VrApi   : FPS=73/72,Prd=0ms,Tear=0,Early=0,Stale=0,VSnc=1,Lat=0,Fov=0,CPU4/GPU=2/2,1171/441MHz,OC=FF,TA=0/70/0,SP=N/F/N,Mem=1555MHz,Free=8803MB,PLS=0,Temp=18.2C/0.0C,TW=4.20ms,App=0.94ms,GD=0.00ms,CPU&GPU=12.63ms,LCnt=1(DR73,LM0),GPU%=0.40,CPU%=0.05(W0.14),DSF=1.00,CFL=18.78/22.64
01-25 16:05:31.003  8440 11143 I VrApi   : FPS=73/72,Prd=0ms,Tear=0,Early=0,Stale=0,VSnc=1,Lat=0,Fov=0,CPU4/GPU=2/2,1171/441MHz,OC=FF,TA=0/70/0,SP=N/F/N,Mem=1555MHz,Free=8803MB,PLS=0,Temp=18.2C/0.0C,TW=4.34ms,App=0.96ms,GD=0.00ms,CPU&GPU=12.63ms,LCnt=1(DR73,LM0),GPU%=0.40,CPU%=0.10(W0.22),DSF=1.00,CFL=18.96/22.91
01-25 16:05:32.002  8440 11143 I VrApi   : FPS=72/72,Prd=0ms,Tear=0,Early=0,Stale=0,VSnc=1,Lat=0,Fov=0,CPU4/GPU=2/2,1171/441MHz,OC=FF,TA=0/70/0,SP=N/F/N,Mem=1555MHz,Free=8803MB,PLS=0,Temp=18.2C/0.0C,TW=4.48ms,App=0.96ms,GD=0.00ms,CPU&GPU=12.62ms,LCnt=1(DR73,LM0),GPU%=0.40,CPU%=0.05(W0.05),DSF=1.00,CFL=18.77/22.72
01-25 16:05:33.003  8440 11143 I VrApi   : FPS=73/72,Prd=0ms,Tear=0,Early=0,Stale=0,VSnc=1,Lat=0,Fov=0,CPU4/GPU=2/2,1171/441MHz,OC=FF,TA=0/70/0,SP=N/F/N,Mem=1804MHz,Free=8803MB,PLS=0,Temp=18.2C/0.0C,TW=4.49ms,App=0.94ms,GD=0.00ms,CPU&GPU=12.63ms,LCnt=1(DR73,LM0),GPU%=0.40,CPU%=0.10(W0.21),DSF=1.00,CFL=18.75/22.65
01-25 16:05:34.002  8440 11143 I VrApi   : FPS=73/72,Prd=0ms,Tear=0,Early=0,Stale=0,VSnc=1,Lat=0,Fov=0,CPU4/GPU=2/2,1171/441MHz,OC=FF,TA=0/70/0,SP=N/F/N,Mem=1804MHz,Free=8803MB,PLS=0,Temp=18.2C/0.0C,TW=4.34ms,App=0.97ms,GD=0.00ms,CPU&GPU=12.63ms,LCnt=1(DR73,LM0),GPU%=0.40,CPU%=0.14(W0.17),DSF=1.00,CFL=18.71/22.83
01-25 16:05:35.002  8440 11143 I VrApi   : FPS=73/72,Prd=0ms,Tear=0,Early=0,Stale=0,VSnc=1,Lat=0,Fov=0,CPU4/GPU=2/2,1171/441MHz,OC=FF,TA=0/70/0,SP=N/F/N,Mem=1804MHz,Free=8803MB,PLS=0,Temp=18.2C/0.0C,TW=4.35ms,App=0.96ms,GD=0.00ms,CPU&GPU=12.63ms,LCnt=1(DR73,LM0),GPU%=0.40,CPU%=0.14(W0.22),DSF=1.00,CFL=18.75/22.85
01-25 16:05:36.003  8440 11143 I VrApi   : FPS=73/72,Prd=0ms,Tear=0,Early=0,Stale=0,VSnc=1,Lat=0,Fov=0,CPU4/GPU=2/2,1171/441MHz,OC=FF,TA=0/70/0,SP=N/F/N,Mem=1555MHz,Free=8803MB,PLS=0,Temp=18.2C/0.0C,TW=4.19ms,App=1.01ms,GD=0.00ms,CPU&GPU=12.62ms,LCnt=1(DR73,LM0),GPU%=0.40,CPU%=0.03(W0.10),DSF=1.00,CFL=18.80/22.24
01-25 16:05:37.002  8440 11143 I VrApi   : FPS=73/72,Prd=0ms,Tear=0,Early=0,Stale=0,VSnc=1,Lat=0,Fov=0,CPU4/GPU=2/2,1171/441MHz,OC=FF,TA=0/70/0,SP=N/F/N,Mem=1555MHz,Free=8803MB,PLS=0,Temp=18.2C/0.0C,TW=4.33ms,App=1.03ms,GD=0.00ms,CPU&GPU=12.62ms,LCnt=1(DR73,LM0),GPU%=0.40,CPU%=0.03(W0.05),DSF=1.00,CFL=18.65/22.45
01-25 16:05:38.003  8440 11143 I VrApi   : FPS=73/72,Prd=0ms,Tear=0,Early=0,Stale=0,VSnc=1,Lat=0,Fov=0,CPU4/GPU=2/2,1171/441MHz,OC=FF,TA=0/70/0,SP=N/F/N,Mem=1804MHz,Free=8803MB,PLS=0,Temp=18.2C/0.0C,TW=4.20ms,App=0.98ms,GD=0.00ms,CPU&GPU=12.62ms,LCnt=1(DR73,LM0),GPU%=0.40,CPU%=0.10(W0.14),DSF=1.00,CFL=18.62/22.77
01-25 16:05:39.003  8440 11143 I VrApi   : FPS=73/72,Prd=0ms,Tear=0,Early=0,Stale=0,VSnc=1,Lat=0,Fov=0,CPU4/GPU=2/2,1171/441MHz,OC=FF,TA=0/70/0,SP=N/F/N,Mem=1804MHz,Free=8803MB,PLS=0,Temp=18.5C/0.0C,TW=4.36ms,App=1.01ms,GD=0.00ms,CPU&GPU=12.62ms,LCnt=1(DR73,LM0),GPU%=0.40,CPU%=0.08(W0.14),DSF=1.00,CFL=18.90/22.89
01-25 16:05:40.003  8440 11143 I VrApi   : FPS=73/72,Prd=0ms,Tear=0,Early=0,Stale=0,VSnc=1,Lat=0,Fov=0,CPU4/GPU=2/2,1171/441MHz,OC=FF,TA=0/70/0,SP=N/F/N,Mem=1804MHz,Free=8803MB,PLS=0,Temp=18.5C/0.0C,TW=4.35ms,App=1.04ms,GD=0.00ms,CPU&GPU=12.63ms,LCnt=1(DR73,LM0),GPU%=0.40,CPU%=0.09(W0.18),DSF=1.00,CFL=18.71/22.70
01-25 16:05:41.007  8440 11143 I VrApi   : FPS=73/72,Prd=0ms,Tear=0,Early=0,Stale=0,VSnc=1,Lat=0,Fov=0,CPU4/GPU=2/2,1171/441MHz,OC=FF,TA=0/70/0,SP=N/F/N,Mem=1555MHz,Free=8414MB,PLS=0,Temp=18.5C/0.0C,TW=4.36ms,App=1.02ms,GD=0.00ms,CPU&GPU=12.62ms,LCnt=1(DR73,LM0),GPU%=0.40,CPU%=0.06(W0.14),DSF=1.00,CFL=18.93/22.61
01-25 16:05:42.003  8440 11143 I VrApi   : FPS=73/72,Prd=0ms,Tear=0,Early=0,Stale=0,VSnc=1,Lat=0,Fov=0,CPU4/GPU=2/2,1171/441MHz,OC=FF,TA=0/70/0,SP=N/F/N,Mem=1555MHz,Free=8414MB,PLS=0,Temp=18.5C/0.0C,TW=4.19ms,App=1.06ms,GD=0.00ms,CPU&GPU=12.62ms,LCnt=1(DR73,LM0),GPU%=0.40,CPU%=0.09(W0.18),DSF=1.00,CFL=18.82/23.05
01-25 16:05:43.003  8440 11143 I VrApi   : FPS=73/72,Prd=0ms,Tear=0,Early=0,Stale=0,VSnc=1,Lat=0,Fov=0,CPU4/GPU=2/2,1171/441MHz,OC=FF,TA=0/70/0,SP=N/F/N,Mem=1555MHz,Free=8414MB,PLS=0,Temp=18.5C/0.0C,TW=4.34ms,App=0.99ms,GD=0.00ms,CPU&GPU=12.62ms,LCnt=1(DR73,LM0),GPU%=0.40,CPU%=0.07(W0.10),DSF=1.00,CFL=18.82/22.54
01-25 16:05:44.003  8440 11143 I VrApi   : FPS=73/72,Prd=0ms,Tear=0,Early=0,Stale=0,VSnc=1,Lat=0,Fov=0,CPU4/GPU=2/2,1171/441MHz,OC=FF,TA=0/70/0,SP=N/F/N,Mem=1555MHz,Free=8414MB,PLS=0,Temp=18.5C/0.0C,TW=4.34ms,App=0.98ms,GD=0.00ms,CPU&GPU=12.63ms,LCnt=1(DR73,LM0),GPU%=0.40,CPU%=0.02(W0.05),DSF=1.00,CFL=18.68/22.40
01-25 16:05:45.003  8440 11143 I VrApi   : FPS=73/72,Prd=0ms,Tear=0,Early=0,Stale=0,VSnc=1,Lat=0,Fov=0,CPU4/GPU=2/2,1171/441MHz,OC=FF,TA=0/70/0,SP=N/F/N,Mem=1555MHz,Free=8414MB,PLS=0,Temp=18.5C/0.0C,TW=4.36ms,App=1.01ms,GD=0.00ms,CPU&GPU=12.62ms,LCnt=1(DR73,LM0),GPU%=0.40,CPU%=0.08(W0.15),DSF=1.00,CFL=18.84/22.58
01-25 16:05:46.003  8440 11143 I VrApi   : FPS=73/72,Prd=0ms,Tear=0,Early=0,Stale=0,VSnc=1,Lat=0,Fov=0,CPU4/GPU=2/2,1171/441MHz,OC=FF,TA=0/70/0,SP=N/F/N,Mem=1555MHz,Free=8414MB,PLS=0,Temp=18.5C/0.0C,TW=4.20ms,App=1.02ms,GD=0.00ms,CPU&GPU=12.62ms,LCnt=1(DR73,LM0),GPU%=0.40,CPU%=0.08(W0.14),DSF=1.00,CFL=18.78/22.57
01-25 16:05:47.004  8440 11143 I VrApi   : FPS=73/72,Prd=0ms,Tear=0,Early=0,Stale=0,VSnc=1,Lat=0,Fov=0,CPU4/GPU=2/2,1171/441MHz,OC=FF,TA=0/70/0,SP=N/F/N,Mem=2092MHz,Free=8414MB,PLS=0,Temp=18.5C/0.0C,TW=4.35ms,App=1.00ms,GD=0.00ms,CPU&GPU=12.62ms,LCnt=1(DR73,LM0),GPU%=0.40,CPU%=0.08(W0.14),DSF=1.00,CFL=18.85/22.75
01-25 16:05:48.004  8440 11143 I VrApi   : FPS=73/72,Prd=0ms,Tear=0,Early=0,Stale=0,VSnc=1,Lat=0,Fov=0,CPU4/GPU=2/2,1171/441MHz,OC=FF,TA=0/70/0,SP=N/F/N,Mem=2092MHz,Free=8414MB,PLS=0,Temp=18.5C/0.0C,TW=4.34ms,App=1.02ms,GD=0.00ms,CPU&GPU=12.62ms,LCnt=1(DR73,LM0),GPU%=0.39,CPU%=0.08(W0.14),DSF=1.00,CFL=19.00/23.45
01-25 16:05:49.004  8440 11143 I VrApi   : FPS=73/72,Prd=0ms,Tear=0,Early=0,Stale=0,VSnc=1,Lat=0,Fov=0,CPU4/GPU=2/2,1171/441MHz,OC=FF,TA=0/70/0,SP=N/F/N,Mem=1555MHz,Free=8414MB,PLS=0,Temp=18.5C/0.0C,TW=4.49ms,App=0.99ms,GD=0.00ms,CPU&GPU=12.63ms,LCnt=1(DR73,LM0),GPU%=0.40,CPU%=0.12(W0.17),DSF=1.00,CFL=18.74/22.51
01-25 16:05:50.004  8440 11143 I VrApi   : FPS=73/72,Prd=0ms,Tear=0,Early=0,Stale=0,VSnc=1,Lat=0,Fov=0,CPU4/GPU=2/2,1171/441MHz,OC=FF,TA=0/70/0,SP=N/F/N,Mem=1555MHz,Free=8414MB,PLS=0,Temp=18.5C/0.0C,TW=4.33ms,App=1.02ms,GD=0.00ms,CPU&GPU=12.62ms,LCnt=1(DR73,LM0),GPU%=0.40,CPU%=0.13(W0.14),DSF=1.00,CFL=18.87/22.34
01-25 16:05:51.004  8440 11143 I VrApi   : FPS=73/72,Prd=0ms,Tear=0,Early=0,Stale=0,VSnc=1,Lat=0,Fov=0,CPU4/GPU=2/2,1171/441MHz,OC=FF,TA=0/70/0,SP=N/F/N,Mem=2092MHz,Free=8414MB,PLS=0,Temp=18.5C/0.0C,TW=4.35ms,App=0.99ms,GD=0.00ms,CPU&GPU=12.63ms,LCnt=1(DR73,LM0),GPU%=0.40,CPU%=0.12(W0.23),DSF=1.00,CFL=18.80/22.44
01-25 16:05:51.993  2240  2570 D VrApi   : targetSDKVersion 29
01-25 16:05:52.005  8440 11143 I VrApi   : FPS=73/72,Prd=0ms,Tear=0,Early=0,Stale=0,VSnc=1,Lat=0,Fov=0,CPU4/GPU=2/2,1171/441MHz,OC=FF,TA=0/70/0,SP=N/F/N,Mem=2092MHz,Free=8414MB,PLS=0,Temp=18.5C/0.0C,TW=6.27ms,App=1.01ms,GD=0.61ms,CPU&GPU=12.62ms,LCnt=1(DR73,LM0),GPU%=0.59,CPU%=0.07(W0.10),DSF=1.00,CFL=18.73/22.44
01-25 16:05:52.050  2240  2570 I VrApi   : OVR::Stats thread started
01-25 16:05:52.074  2240 11799 D VrApi   : targetSDKVersion 29
01-25 16:05:52.106  8440  8473 W VrApi   : ovr_SubmitFrameInternal: FrameIndex discontinuity: Expected 1935, Received 1934
01-25 16:05:52.121  8440  8473 I VrApi   : ---------- vrapi_LeaveVrMode [start] ----------
01-25 16:05:52.123  8440  8473 D VrApi   : targetSDKVersion 29
01-25 16:05:52.132  8440 11143 I VrApi   : FPS=73/72,Prd=0ms,Tear=0,Early=0,Stale=0,VSnc=1,Lat=0,Fov=0,CPU4/GPU=2/2,1478/525MHz,OC=FF,TA=0/70/0,SP=N/F/N,Mem=2092MHz,Free=8414MB,PLS=0,Temp=18.5C/0.0C,TW=6.27ms,App=1.01ms,GD=0.61ms,CPU&GPU=12.62ms,LCnt=1(DR73,LM0),GPU%=0.59,CPU%=0.07(W0.10),DSF=1.00,CFL=18.73/22.44
01-25 16:05:52.142  8440  8473 I VrApi   : OVR::Stats thread stopped
01-25 16:05:52.155  8440  8473 I VrApi   : ---------- vrapi_LeaveVrMode [end] ----------
01-25 16:06:16.278  2240  2570 D VrApi   : targetSDKVersion 29
01-25 16:06:16.377  2240  2570 I VrApi   : OVR::Stats thread stopped
01-25 16:06:16.563  8440  8473 I VrApi   : ---------- vrapi_EnterVrMode [start] ----------
01-25 16:06:16.577  8440  8473 D VrApi   : targetSDKVersion 29
01-25 16:06:16.582  8440  8473 I VrApi   : ovrModeParms::VRAPI_MODE_FLAG_RESET_WINDOW_FULLSCREEN = 0
01-25 16:06:16.582  8440  8473 I VrApi   : ovrModeParms::VRAPI_MODE_FLAG_NATIVE_WINDOW = 1
01-25 16:06:16.582  8440  8473 I VrApi   : ovrModeParms::VRAPI_MODE_FLAG_FRONT_BUFFER_SRGB = 0
01-25 16:06:16.582  8440  8473 I VrApi   : ovrModeParms::VRAPI_MODE_FLAG_PHASE_SYNC = 0
01-25 16:06:16.582  8440  8473 I VrApi   : ovrModeParms::VRAPI_MODE_FLAG_APP_SPACE_WARP = 0
01-25 16:06:16.582  8440  8473 I VrApi   : PhaseSync disabled
01-25 16:06:16.582  8440  8473 I VrApi   : HMD sensor attached.
01-25 16:06:16.585  8440  8473 I VrApi   : Creating Default swapchain
01-25 16:06:16.585  8440  8473 I VrApi   : Creating Loading Icon swapchain
01-25 16:06:16.585  8440  8473 I VrApi   : OVR::Stats thread started
01-25 16:06:16.585  8440  8473 I VrApi   : Initial BaseVsync 39679 
01-25 16:06:16.585  8440  8473 I VrApi   : ---------- vrapi_EnterVrMode [end] ----------
01-25 16:06:16.585  8440  8473 I VrApi   : vrapi_SetDisplayRefreshRate: display refresh rate supported 72.000000
01-25 16:06:16.589  8440 12308 D VrApi   : targetSDKVersion 29
01-25 16:06:16.639  8440 12308 D VrApi   : VrApi::isWifiConnected exception: Make sure android.permission.ACCESS_NETWORK_STATE is set in the manifest.
01-25 16:06:18.009  8440 12308 I VrApi   : FPS=38/72,Prd=0ms,Tear=0,Early=0,Stale=28,VSnc=1,Lat=0,Fov=0,CPU4/GPU=2/2,1171/441MHz,OC=FF,TA=0/70/0,SP=N/F/N,Mem=1555MHz,Free=8347MB,PLS=0,Temp=18.7C/0.0C,TW=6.27ms,App=0.97ms,GD=0.29ms,CPU&GPU=12.45ms,LCnt=2(DR24,LM0),GPU%=0.60,CPU%=0.23(W0.27),DSF=1.00,CFL=17.45/21.94
01-25 16:06:19.002  8440 12308 I VrApi   : FPS=73/72,Prd=0ms,Tear=0,Early=0,Stale=0,VSnc=1,Lat=0,Fov=0,CPU4/GPU=2/2,1171/441MHz,OC=FF,TA=0/70/0,SP=N/F/N,Mem=1555MHz,Free=8347MB,PLS=0,Temp=18.5C/0.0C,TW=4.34ms,App=0.96ms,GD=0.00ms,CPU&GPU=13.89ms,LCnt=1(DR49,LM0),GPU%=0.40,CPU%=0.15(W0.21),DSF=1.00,CFL=19.04/23.23
01-25 16:06:20.002  8440 12308 I VrApi   : FPS=73/72,Prd=0ms,Tear=0,Early=0,Stale=0,VSnc=1,Lat=0,Fov=0,CPU4/GPU=2/2,1171/441MHz,OC=FF,TA=0/70/0,SP=N/F/N,Mem=1555MHz,Free=8347MB,PLS=0,Temp=18.5C/0.0C,TW=4.34ms,App=0.87ms,GD=0.00ms,CPU&GPU=13.88ms,LCnt=1(DR73,LM0),GPU%=0.39,CPU%=0.15(W0.22),DSF=1.00,CFL=18.73/22.89
01-25 16:06:21.002  8440 12308 I VrApi   : FPS=73/72,Prd=0ms,Tear=0,Early=0,Stale=0,VSnc=1,Lat=0,Fov=0,CPU4/GPU=2/2,1171/441MHz,OC=FF,TA=0/70/0,SP=N/F/N,Mem=1804MHz,Free=8347MB,PLS=0,Temp=18.5C/0.0C,TW=4.34ms,App=0.87ms,GD=0.00ms,CPU&GPU=13.88ms,LCnt=1(DR73,LM0),GPU%=0.39,CPU%=0.10(W0.14),DSF=1.00,CFL=18.70/22.49
01-25 16:06:22.005  8440 12308 I VrApi   : FPS=73/72,Prd=0ms,Tear=0,Early=0,Stale=0,VSnc=1,Lat=0,Fov=0,CPU4/GPU=2/2,1171/441MHz,OC=FF,TA=0/70/0,SP=N/F/N,Mem=1555MHz,Free=8347MB,PLS=0,Temp=18.5C/0.0C,TW=4.33ms,App=0.87ms,GD=0.00ms,CPU&GPU=13.88ms,LCnt=1(DR73,LM0),GPU%=0.39,CPU%=0.12(W0.18),DSF=1.00,CFL=18.72/22.84
01-25 16:06:23.002  8440 12308 I VrApi   : FPS=73/72,Prd=0ms,Tear=0,Early=0,Stale=0,VSnc=1,Lat=0,Fov=0,CPU4/GPU=2/2,1171/441MHz,OC=FF,TA=0/70/0,SP=N/F/N,Mem=1804MHz,Free=8347MB,PLS=0,Temp=18.5C/0.0C,TW=4.19ms,App=0.88ms,GD=0.00ms,CPU&GPU=13.88ms,LCnt=1(DR73,LM0),GPU%=0.37,CPU%=0.15(W0.18),DSF=1.00,CFL=18.70/22.56
01-25 16:06:24.002  8440 12308 I VrApi   : FPS=73/72,Prd=0ms,Tear=0,Early=0,Stale=0,VSnc=1,Lat=0,Fov=0,CPU4/GPU=2/2,1171/441MHz,OC=FF,TA=0/70/0,SP=N/F/N,Mem=1555MHz,Free=8347MB,PLS=0,Temp=18.5C/0.0C,TW=4.19ms,App=0.96ms,GD=0.00ms,CPU&GPU=13.88ms,LCnt=1(DR73,LM0),GPU%=0.39,CPU%=0.17(W0.21),DSF=1.00,CFL=18.60/22.53
01-25 16:06:25.002  8440 12308 I VrApi   : FPS=73/72,Prd=0ms,Tear=0,Early=0,Stale=0,VSnc=1,Lat=0,Fov=0,CPU4/GPU=2/2,1171/441MHz,OC=FF,TA=0/70/0,SP=N/F/N,Mem=1804MHz,Free=8347MB,PLS=0,Temp=18.5C/0.0C,TW=4.35ms,App=0.88ms,GD=0.00ms,CPU&GPU=13.88ms,LCnt=1(DR73,LM0),GPU%=0.39,CPU%=0.12(W0.22),DSF=1.00,CFL=18.56/22.38
01-25 16:06:26.003  8440 12308 I VrApi   : FPS=73/72,Prd=0ms,Tear=0,Early=0,Stale=0,VSnc=1,Lat=0,Fov=0,CPU4/GPU=2/2,1171/441MHz,OC=FF,TA=0/70/0,SP=N/F/N,Mem=1555MHz,Free=8347MB,PLS=0,Temp=18.5C/0.0C,TW=4.20ms,App=0.90ms,GD=0.00ms,CPU&GPU=13.88ms,LCnt=1(DR73,LM0),GPU%=0.39,CPU%=0.07(W0.10),DSF=1.00,CFL=18.65/22.81
01-25 16:06:27.003  8440 12308 I VrApi   : FPS=73/72,Prd=0ms,Tear=0,Early=0,Stale=0,VSnc=1,Lat=0,Fov=0,CPU4/GPU=2/2,1171/441MHz,OC=FF,TA=0/70/0,SP=N/F/N,Mem=1804MHz,Free=8347MB,PLS=0,Temp=18.5C/0.0C,TW=4.50ms,App=0.92ms,GD=0.00ms,CPU&GPU=13.88ms,LCnt=1(DR73,LM0),GPU%=0.39,CPU%=0.09(W0.14),DSF=1.00,CFL=18.63/23.03
01-25 16:06:28.004  8440 12308 I VrApi   : FPS=73/72,Prd=0ms,Tear=0,Early=0,Stale=0,VSnc=1,Lat=0,Fov=0,CPU4/GPU=2/2,1171/441MHz,OC=FF,TA=0/70/0,SP=N/F/N,Mem=1555MHz,Free=8347MB,PLS=0,Temp=18.5C/0.0C,TW=4.35ms,App=0.90ms,GD=0.00ms,CPU&GPU=13.88ms,LCnt=1(DR73,LM0),GPU%=0.39,CPU%=0.12(W0.17),DSF=1.00,CFL=18.99/22.88
01-25 16:06:29.003  8440 12308 I VrApi   : FPS=73/72,Prd=0ms,Tear=0,Early=0,Stale=0,VSnc=1,Lat=0,Fov=0,CPU4/GPU=2/2,1171/441MHz,OC=FF,TA=0/70/0,SP=N/F/N,Mem=1804MHz,Free=8347MB,PLS=0,Temp=18.5C/0.0C,TW=4.34ms,App=0.91ms,GD=0.00ms,CPU&GPU=13.88ms,LCnt=1(DR73,LM0),GPU%=0.39,CPU%=0.11(W0.17),DSF=1.00,CFL=18.67/22.48
01-25 16:06:30.004  8440 12308 I VrApi   : FPS=73/72,Prd=0ms,Tear=0,Early=0,Stale=0,VSnc=1,Lat=0,Fov=0,CPU4/GPU=2/2,1171/441MHz,OC=FF,TA=0/70/0,SP=N/F/N,Mem=1804MHz,Free=8347MB,PLS=0,Temp=18.5C/0.0C,TW=4.35ms,App=0.93ms,GD=0.00ms,CPU&GPU=13.88ms,LCnt=1(DR73,LM0),GPU%=0.39,CPU%=0.14(W0.17),DSF=1.00,CFL=18.69/22.82
01-25 16:06:31.004  8440 12308 I VrApi   : FPS=73/72,Prd=0ms,Tear=0,Early=0,Stale=0,VSnc=1,Lat=0,Fov=0,CPU4/GPU=2/2,1171/441MHz,OC=FF,TA=0/70/0,SP=N/F/N,Mem=1804MHz,Free=8347MB,PLS=0,Temp=18.5C/0.0C,TW=4.33ms,App=0.89ms,GD=0.00ms,CPU&GPU=13.88ms,LCnt=1(DR73,LM0),GPU%=0.39,CPU%=0.07(W0.10),DSF=1.00,CFL=18.73/22.29
01-25 16:06:32.003  8440 12308 I VrApi   : FPS=73/72,Prd=0ms,Tear=0,Early=0,Stale=0,VSnc=1,Lat=0,Fov=0,CPU4/GPU=2/2,1171/441MHz,OC=FF,TA=0/70/0,SP=N/F/N,Mem=1555MHz,Free=8347MB,PLS=0,Temp=18.5C/0.0C,TW=4.49ms,App=0.91ms,GD=0.00ms,CPU&GPU=13.88ms,LCnt=1(DR73,LM0),GPU%=0.39,CPU%=0.16(W0.25),DSF=1.00,CFL=18.71/22.69
01-25 16:06:33.003  8440 12308 I VrApi   : FPS=73/72,Prd=0ms,Tear=0,Early=0,Stale=0,VSnc=1,Lat=0,Fov=0,CPU4/GPU=2/2,1171/441MHz,OC=FF,TA=0/70/0,SP=N/F/N,Mem=1555MHz,Free=8347MB,PLS=0,Temp=18.5C/0.0C,TW=4.49ms,App=0.91ms,GD=0.00ms,CPU&GPU=13.88ms,LCnt=1(DR73,LM0),GPU%=0.39,CPU%=0.13(W0.22),DSF=1.00,CFL=18.77/22.36
01-25 16:06:34.003  8440 12308 I VrApi   : FPS=73/72,Prd=0ms,Tear=0,Early=0,Stale=0,VSnc=1,Lat=0,Fov=0,CPU4/GPU=2/2,1171/441MHz,OC=FF,TA=0/70/0,SP=N/F/N,Mem=1804MHz,Free=8347MB,PLS=0,Temp=18.5C/0.0C,TW=4.20ms,App=0.94ms,GD=0.00ms,CPU&GPU=13.88ms,LCnt=1(DR73,LM0),GPU%=0.39,CPU%=0.16(W0.21),DSF=1.00,CFL=18.56/22.39
01-25 16:06:35.004  8440 12308 I VrApi   : FPS=73/72,Prd=0ms,Tear=0,Early=0,Stale=0,VSnc=1,Lat=0,Fov=0,CPU4/GPU=2/2,1171/441MHz,OC=FF,TA=0/70/0,SP=N/F/N,Mem=1804MHz,Free=8347MB,PLS=0,Temp=18.5C/0.0C,TW=4.34ms,App=0.92ms,GD=0.00ms,CPU&GPU=13.89ms,LCnt=1(DR73,LM0),GPU%=0.39,CPU%=0.15(W0.21),DSF=1.00,CFL=18.67/22.36
01-25 16:06:36.003  8440 12308 I VrApi   : FPS=73/72,Prd=0ms,Tear=0,Early=0,Stale=0,VSnc=1,Lat=0,Fov=0,CPU4/GPU=2/2,1171/441MHz,OC=FF,TA=0/70/0,SP=N/F/N,Mem=1804MHz,Free=8347MB,PLS=0,Temp=18.5C/0.0C,TW=4.35ms,App=0.92ms,GD=0.00ms,CPU&GPU=13.88ms,LCnt=1(DR73,LM0),GPU%=0.39,CPU%=0.19(W0.22),DSF=1.00,CFL=18.87/22.56
01-25 16:06:37.003  8440 12308 I VrApi   : FPS=73/72,Prd=0ms,Tear=0,Early=0,Stale=0,VSnc=1,Lat=0,Fov=0,CPU4/GPU=2/2,1171/441MHz,OC=FF,TA=0/70/0,SP=N/F/N,Mem=1804MHz,Free=8347MB,PLS=0,Temp=18.5C/0.0C,TW=4.48ms,App=0.89ms,GD=0.00ms,CPU&GPU=13.88ms,LCnt=1(DR73,LM0),GPU%=0.39,CPU%=0.09(W0.21),DSF=1.00,CFL=18.71/22.95
01-25 16:06:38.008  8440 12308 I VrApi   : FPS=73/72,Prd=0ms,Tear=0,Early=0,Stale=0,VSnc=1,Lat=0,Fov=0,CPU4/GPU=2/2,1171/441MHz,OC=FF,TA=0/70/0,SP=N/F/N,Mem=1555MHz,Free=8336MB,PLS=0,Temp=18.5C/0.0C,TW=4.21ms,App=0.89ms,GD=0.00ms,CPU&GPU=13.89ms,LCnt=1(DR73,LM0),GPU%=0.39,CPU%=0.14(W0.25),DSF=1.00,CFL=18.72/22.76
01-25 16:06:39.003  8440 12308 I VrApi   : FPS=73/72,Prd=0ms,Tear=0,Early=0,Stale=0,VSnc=1,Lat=0,Fov=0,CPU4/GPU=2/2,1171/441MHz,OC=FF,TA=0/70/0,SP=N/F/N,Mem=1555MHz,Free=8336MB,PLS=0,Temp=18.5C/0.0C,TW=4.35ms,App=0.90ms,GD=0.00ms,CPU&GPU=13.88ms,LCnt=1(DR73,LM0),GPU%=0.39,CPU%=0.18(W0.23),DSF=1.00,CFL=18.71/22.64
01-25 16:06:40.006  8440 12308 I VrApi   : FPS=73/72,Prd=0ms,Tear=0,Early=0,Stale=0,VSnc=1,Lat=0,Fov=0,CPU4/GPU=2/2,1171/441MHz,OC=FF,TA=0/70/0,SP=N/F/N,Mem=1555MHz,Free=8336MB,PLS=0,Temp=18.5C/0.0C,TW=4.20ms,App=0.91ms,GD=0.00ms,CPU&GPU=13.88ms,LCnt=1(DR73,LM0),GPU%=0.39,CPU%=0.15(W0.17),DSF=1.00,CFL=18.72/22.83
01-25 16:06:41.004  8440 12308 I VrApi   : FPS=73/72,Prd=0ms,Tear=0,Early=0,Stale=0,VSnc=1,Lat=0,Fov=0,CPU4/GPU=2/2,1171/441MHz,OC=FF,TA=0/70/0,SP=N/F/N,Mem=1555MHz,Free=8336MB,PLS=0,Temp=18.5C/0.0C,TW=4.34ms,App=0.94ms,GD=0.00ms,CPU&GPU=13.88ms,LCnt=1(DR73,LM0),GPU%=0.39,CPU%=0.07(W0.14),DSF=1.00,CFL=18.72/22.83
01-25 16:06:42.006  8440 12308 I VrApi   : FPS=73/72,Prd=0ms,Tear=0,Early=0,Stale=0,VSnc=1,Lat=0,Fov=0,CPU4/GPU=2/2,1171/441MHz,OC=FF,TA=0/70/0,SP=N/F/N,Mem=1555MHz,Free=8336MB,PLS=0,Temp=18.5C/0.0C,TW=4.20ms,App=0.91ms,GD=0.00ms,CPU&GPU=13.88ms,LCnt=1(DR73,LM0),GPU%=0.39,CPU%=0.12(W0.21),DSF=1.00,CFL=18.65/23.54
01-25 16:06:43.008  8440 12308 I VrApi   : FPS=73/72,Prd=0ms,Tear=0,Early=0,Stale=0,VSnc=1,Lat=0,Fov=0,CPU4/GPU=2/2,1171/441MHz,OC=FF,TA=0/70/0,SP=N/F/N,Mem=1555MHz,Free=8336MB,PLS=0,Temp=18.5C/0.0C,TW=4.49ms,App=0.91ms,GD=0.00ms,CPU&GPU=13.88ms,LCnt=1(DR73,LM0),GPU%=0.39,CPU%=0.16(W0.25),DSF=1.00,CFL=18.92/22.88
01-25 16:06:44.005  8440 12308 I VrApi   : FPS=73/72,Prd=0ms,Tear=0,Early=0,Stale=0,VSnc=1,Lat=0,Fov=0,CPU4/GPU=2/2,1171/441MHz,OC=FF,TA=0/70/0,SP=N/F/N,Mem=2092MHz,Free=8336MB,PLS=0,Temp=18.5C/0.0C,TW=4.50ms,App=0.91ms,GD=0.00ms,CPU&GPU=13.88ms,LCnt=1(DR73,LM0),GPU%=0.39,CPU%=0.14(W0.17),DSF=1.00,CFL=18.82/22.44
01-25 16:06:45.004  8440 12308 I VrApi   : FPS=73/72,Prd=0ms,Tear=0,Early=0,Stale=0,VSnc=1,Lat=0,Fov=0,CPU4/GPU=2/2,1171/441MHz,OC=FF,TA=0/70/0,SP=N/F/N,Mem=1804MHz,Free=8336MB,PLS=0,Temp=18.5C/0.0C,TW=4.20ms,App=0.94ms,GD=0.00ms,CPU&GPU=13.88ms,LCnt=1(DR73,LM0),GPU%=0.39,CPU%=0.07(W0.10),DSF=1.00,CFL=18.65/22.51
01-25 16:06:46.005  8440 12308 I VrApi   : FPS=73/72,Prd=0ms,Tear=0,Early=0,Stale=0,VSnc=1,Lat=0,Fov=0,CPU4/GPU=2/2,1171/441MHz,OC=FF,TA=0/70/0,SP=N/F/N,Mem=1555MHz,Free=8336MB,PLS=0,Temp=18.5C/0.0C,TW=4.33ms,App=0.89ms,GD=0.00ms,CPU&GPU=13.88ms,LCnt=1(DR73,LM0),GPU%=0.39,CPU%=0.12(W0.22),DSF=1.00,CFL=18.51/22.67
01-25 16:06:47.006  8440 12308 I VrApi   : FPS=73/72,Prd=0ms,Tear=0,Early=0,Stale=0,VSnc=1,Lat=0,Fov=0,CPU4/GPU=2/2,1171/441MHz,OC=FF,TA=0/70/0,SP=N/F/N,Mem=1555MHz,Free=8336MB,PLS=0,Temp=18.5C/0.0C,TW=4.34ms,App=0.97ms,GD=0.00ms,CPU&GPU=13.88ms,LCnt=1(DR73,LM0),GPU%=0.39,CPU%=0.17(W0.25),DSF=1.00,CFL=18.68/22.51
01-25 16:06:48.007  8440 12308 I VrApi   : FPS=73/72,Prd=0ms,Tear=0,Early=0,Stale=0,VSnc=1,Lat=0,Fov=0,CPU4/GPU=2/2,1171/441MHz,OC=FF,TA=0/70/0,SP=N/F/N,Mem=1804MHz,Free=8336MB,PLS=0,Temp=18.5C/0.0C,TW=4.35ms,App=0.95ms,GD=0.00ms,CPU&GPU=13.88ms,LCnt=1(DR73,LM0),GPU%=0.40,CPU%=0.11(W0.14),DSF=1.00,CFL=18.89/22.35
01-25 16:06:49.005  8440 12308 I VrApi   : FPS=73/72,Prd=0ms,Tear=0,Early=0,Stale=0,VSnc=1,Lat=0,Fov=0,CPU4/GPU=2/2,1171/441MHz,OC=FF,TA=0/70/0,SP=N/F/N,Mem=1555MHz,Free=8336MB,PLS=0,Temp=18.7C/0.0C,TW=4.34ms,App=0.98ms,GD=0.00ms,CPU&GPU=13.88ms,LCnt=1(DR73,LM0),GPU%=0.40,CPU%=0.19(W0.22),DSF=1.00,CFL=18.62/22.44
01-25 16:06:50.006  8440 12308 I VrApi   : FPS=73/72,Prd=0ms,Tear=0,Early=0,Stale=0,VSnc=1,Lat=0,Fov=0,CPU4/GPU=2/2,1171/441MHz,OC=FF,TA=0/70/0,SP=N/F/N,Mem=1804MHz,Free=8336MB,PLS=0,Temp=18.7C/0.0C,TW=4.34ms,App=0.94ms,GD=0.00ms,CPU&GPU=13.88ms,LCnt=1(DR73,LM0),GPU%=0.39,CPU%=0.17(W0.22),DSF=1.00,CFL=18.77/22.40
01-25 16:06:51.006  8440 12308 I VrApi   : FPS=73/72,Prd=0ms,Tear=0,Early=0,Stale=0,VSnc=1,Lat=0,Fov=0,CPU4/GPU=2/2,1171/441MHz,OC=FF,TA=0/70/0,SP=N/F/N,Mem=2092MHz,Free=8336MB,PLS=0,Temp=18.7C/0.0C,TW=4.33ms,App=0.94ms,GD=0.00ms,CPU&GPU=13.89ms,LCnt=1(DR73,LM0),GPU%=0.39,CPU%=0.15(W0.25),DSF=1.00,CFL=18.62/22.35
01-25 16:06:52.009  8440 12308 I VrApi   : FPS=73/72,Prd=0ms,Tear=0,Early=0,Stale=0,VSnc=1,Lat=0,Fov=0,CPU4/GPU=2/2,1171/441MHz,OC=FF,TA=0/70/0,SP=N/F/N,Mem=1555MHz,Free=8336MB,PLS=0,Temp=18.7C/0.0C,TW=4.34ms,App=0.88ms,GD=0.00ms,CPU&GPU=13.89ms,LCnt=1(DR73,LM0),GPU%=0.39,CPU%=0.15(W0.25),DSF=1.00,CFL=18.63/22.43
01-25 16:06:53.006  8440 12308 I VrApi   : FPS=73/72,Prd=0ms,Tear=0,Early=0,Stale=0,VSnc=1,Lat=0,Fov=0,CPU4/GPU=2/2,1171/441MHz,OC=FF,TA=0/70/0,SP=N/F/N,Mem=1555MHz,Free=8336MB,PLS=0,Temp=18.7C/0.0C,TW=4.35ms,App=0.91ms,GD=0.00ms,CPU&GPU=13.88ms,LCnt=1(DR73,LM0),GPU%=0.40,CPU%=0.14(W0.17),DSF=1.00,CFL=18.66/22.69
01-25 16:06:54.007  8440 12308 I VrApi   : FPS=73/72,Prd=0ms,Tear=0,Early=0,Stale=0,VSnc=1,Lat=0,Fov=0,CPU4/GPU=2/2,1171/441MHz,OC=FF,TA=0/70/0,SP=N/F/N,Mem=2092MHz,Free=8336MB,PLS=0,Temp=18.7C/0.0C,TW=4.35ms,App=0.91ms,GD=0.00ms,CPU&GPU=13.88ms,LCnt=1(DR73,LM0),GPU%=0.39,CPU%=0.15(W0.23),DSF=1.00,CFL=18.61/23.03
01-25 16:06:55.007  8440 12308 I VrApi   : FPS=73/72,Prd=0ms,Tear=0,Early=0,Stale=0,VSnc=1,Lat=0,Fov=0,CPU4/GPU=2/2,1171/441MHz,OC=FF,TA=0/70/0,SP=N/F/N,Mem=2092MHz,Free=8336MB,PLS=0,Temp=18.7C/0.0C,TW=4.50ms,App=0.96ms,GD=0.00ms,CPU&GPU=13.88ms,LCnt=1(DR73,LM0),GPU%=0.39,CPU%=0.17(W0.25),DSF=1.00,CFL=18.55/22.20
01-25 16:06:56.005  8440 12308 I VrApi   : FPS=73/72,Prd=0ms,Tear=0,Early=0,Stale=0,VSnc=1,Lat=0,Fov=0,CPU4/GPU=2/2,1171/441MHz,OC=FF,TA=0/70/0,SP=N/F/N,Mem=2092MHz,Free=8336MB,PLS=0,Temp=18.7C/0.0C,TW=4.33ms,App=0.94ms,GD=0.00ms,CPU&GPU=13.89ms,LCnt=1(DR73,LM0),GPU%=0.39,CPU%=0.16(W0.22),DSF=1.00,CFL=18.60/22.58
01-25 16:06:57.006  8440 12308 I VrApi   : FPS=73/72,Prd=0ms,Tear=0,Early=0,Stale=0,VSnc=1,Lat=0,Fov=0,CPU4/GPU=2/2,1171/441MHz,OC=FF,TA=0/70/0,SP=N/F/N,Mem=2092MHz,Free=8336MB,PLS=0,Temp=18.7C/0.0C,TW=4.19ms,App=0.94ms,GD=0.00ms,CPU&GPU=13.88ms,LCnt=1(DR73,LM0),GPU%=0.39,CPU%=0.14(W0.24),DSF=1.00,CFL=18.54/22.53
01-25 16:06:58.009  8440 12308 I VrApi   : FPS=73/72,Prd=0ms,Tear=0,Early=0,Stale=0,VSnc=1,Lat=0,Fov=0,CPU4/GPU=2/2,1171/441MHz,OC=FF,TA=0/70/0,SP=N/F/N,Mem=1555MHz,Free=8340MB,PLS=0,Temp=18.7C/0.0C,TW=4.20ms,App=0.93ms,GD=0.00ms,CPU&GPU=13.88ms,LCnt=1(DR73,LM0),GPU%=0.39,CPU%=0.15(W0.18),DSF=1.00,CFL=18.80/22.59
01-25 16:06:59.006  8440 12308 I VrApi   : FPS=73/72,Prd=0ms,Tear=0,Early=0,Stale=0,VSnc=1,Lat=0,Fov=0,CPU4/GPU=2/2,1171/441MHz,OC=FF,TA=0/70/0,SP=N/F/N,Mem=1555MHz,Free=8340MB,PLS=0,Temp=19.0C/0.0C,TW=4.34ms,App=0.93ms,GD=0.00ms,CPU&GPU=13.88ms,LCnt=1(DR73,LM0),GPU%=0.39,CPU%=0.16(W0.22),DSF=1.00,CFL=18.52/22.39
01-25 16:07:00.009  8440 12308 I VrApi   : FPS=73/72,Prd=0ms,Tear=0,Early=0,Stale=0,VSnc=1,Lat=0,Fov=0,CPU4/GPU=2/2,1171/441MHz,OC=FF,TA=0/70/0,SP=N/F/N,Mem=1555MHz,Free=8340MB,PLS=0,Temp=19.0C/0.0C,TW=4.34ms,App=0.94ms,GD=0.00ms,CPU&GPU=13.88ms,LCnt=1(DR73,LM0),GPU%=0.39,CPU%=0.13(W0.21),DSF=1.00,CFL=18.54/22.82
01-25 16:07:01.009  8440 12308 I VrApi   : FPS=73/72,Prd=0ms,Tear=0,Early=0,Stale=0,VSnc=1,Lat=0,Fov=0,CPU4/GPU=2/2,1171/441MHz,OC=FF,TA=0/70/0,SP=N/F/N,Mem=1555MHz,Free=8340MB,PLS=0,Temp=19.0C/0.0C,TW=4.48ms,App=0.95ms,GD=0.00ms,CPU&GPU=13.88ms,LCnt=1(DR73,LM0),GPU%=0.39,CPU%=0.12(W0.21),DSF=1.00,CFL=18.56/22.66
01-25 16:07:02.006  8440 12308 I VrApi   : FPS=73/72,Prd=0ms,Tear=0,Early=0,Stale=0,VSnc=1,Lat=0,Fov=0,CPU4/GPU=2/2,1171/441MHz,OC=FF,TA=0/70/0,SP=N/F/N,Mem=1555MHz,Free=8340MB,PLS=0,Temp=19.0C/0.0C,TW=4.35ms,App=0.92ms,GD=0.00ms,CPU&GPU=13.88ms,LCnt=1(DR73,LM0),GPU%=0.39,CPU%=0.15(W0.22),DSF=1.00,CFL=18.68/22.68
01-25 16:07:03.006  8440 12308 I VrApi   : FPS=73/72,Prd=0ms,Tear=0,Early=0,Stale=0,VSnc=1,Lat=0,Fov=0,CPU4/GPU=2/2,1171/441MHz,OC=FF,TA=0/70/0,SP=N/F/N,Mem=1555MHz,Free=8340MB,PLS=0,Temp=19.0C/0.0C,TW=4.49ms,App=0.92ms,GD=0.00ms,CPU&GPU=13.88ms,LCnt=1(DR73,LM0),GPU%=0.40,CPU%=0.13(W0.19),DSF=1.00,CFL=18.65/22.75
01-25 16:07:04.006  8440 12308 I VrApi   : FPS=73/72,Prd=0ms,Tear=0,Early=0,Stale=0,VSnc=1,Lat=0,Fov=0,CPU4/GPU=2/2,1171/441MHz,OC=FF,TA=0/70/0,SP=N/F/N,Mem=1555MHz,Free=8340MB,PLS=0,Temp=19.0C/0.0C,TW=4.35ms,App=0.93ms,GD=0.00ms,CPU&GPU=13.88ms,LCnt=1(DR73,LM0),GPU%=0.39,CPU%=0.14(W0.28),DSF=1.00,CFL=18.42/22.60
01-25 16:07:05.006  8440 12308 I VrApi   : FPS=73/72,Prd=0ms,Tear=0,Early=0,Stale=0,VSnc=1,Lat=0,Fov=0,CPU4/GPU=2/2,1171/441MHz,OC=FF,TA=0/70/0,SP=N/F/N,Mem=1555MHz,Free=8340MB,PLS=0,Temp=19.0C/0.0C,TW=4.49ms,App=0.95ms,GD=0.00ms,CPU&GPU=13.88ms,LCnt=1(DR73,LM0),GPU%=0.39,CPU%=0.13(W0.24),DSF=1.00,CFL=18.56/23.21
01-25 16:07:06.006  8440 12308 I VrApi   : FPS=73/72,Prd=0ms,Tear=0,Early=0,Stale=0,VSnc=1,Lat=0,Fov=0,CPU4/GPU=2/2,1171/441MHz,OC=FF,TA=0/70/0,SP=N/F/N,Mem=1555MHz,Free=8340MB,PLS=0,Temp=19.0C/0.0C,TW=4.34ms,App=0.96ms,GD=0.00ms,CPU&GPU=13.88ms,LCnt=1(DR73,LM0),GPU%=0.40,CPU%=0.15(W0.22),DSF=1.00,CFL=18.56/22.44
01-25 16:07:07.006  8440 12308 I VrApi   : FPS=73/72,Prd=0ms,Tear=0,Early=0,Stale=0,VSnc=1,Lat=0,Fov=0,CPU4/GPU=2/2,1171/441MHz,OC=FF,TA=0/70/0,SP=N/F/N,Mem=1555MHz,Free=8340MB,PLS=0,Temp=19.0C/0.0C,TW=4.34ms,App=0.95ms,GD=0.00ms,CPU&GPU=13.88ms,LCnt=1(DR73,LM0),GPU%=0.39,CPU%=0.16(W0.22),DSF=1.00,CFL=18.52/22.83
01-25 16:07:08.006  8440 12308 I VrApi   : FPS=73/72,Prd=0ms,Tear=0,Early=0,Stale=0,VSnc=1,Lat=0,Fov=0,CPU4/GPU=2/2,1171/441MHz,OC=FF,TA=0/70/0,SP=N/F/N,Mem=1804MHz,Free=8340MB,PLS=0,Temp=18.7C/0.0C,TW=4.21ms,App=0.97ms,GD=0.00ms,CPU&GPU=13.88ms,LCnt=1(DR73,LM0),GPU%=0.40,CPU%=0.11(W0.14),DSF=1.00,CFL=18.55/22.37
01-25 16:07:09.006  8440 12308 I VrApi   : FPS=73/72,Prd=0ms,Tear=0,Early=0,Stale=0,VSnc=1,Lat=0,Fov=0,CPU4/GPU=2/2,1171/441MHz,OC=FF,TA=0/70/0,SP=N/F/N,Mem=1555MHz,Free=8340MB,PLS=0,Temp=18.7C/0.0C,TW=4.33ms,App=1.00ms,GD=0.00ms,CPU&GPU=13.88ms,LCnt=1(DR73,LM0),GPU%=0.39,CPU%=0.15(W0.24),DSF=1.00,CFL=18.81/22.50
01-25 16:07:10.007  8440 12308 I VrApi   : FPS=73/72,Prd=0ms,Tear=0,Early=0,Stale=0,VSnc=1,Lat=0,Fov=0,CPU4/GPU=2/2,1171/441MHz,OC=FF,TA=0/70/0,SP=N/F/N,Mem=1555MHz,Free=8340MB,PLS=0,Temp=18.7C/0.0C,TW=4.35ms,App=0.97ms,GD=0.00ms,CPU&GPU=13.88ms,LCnt=1(DR73,LM0),GPU%=0.40,CPU%=0.22(W0.28),DSF=1.00,CFL=18.72/22.39
01-25 16:07:11.006  8440 12308 I VrApi   : FPS=73/72,Prd=0ms,Tear=0,Early=0,Stale=0,VSnc=1,Lat=0,Fov=0,CPU4/GPU=2/2,1171/441MHz,OC=FF,TA=0/70/0,SP=N/F/N,Mem=1555MHz,Free=8340MB,PLS=0,Temp=18.7C/0.0C,TW=4.19ms,App=0.97ms,GD=0.00ms,CPU&GPU=13.88ms,LCnt=1(DR73,LM0),GPU%=0.39,CPU%=0.20(W0.25),DSF=1.00,CFL=18.82/22.89
01-25 16:07:12.010  8440 12308 I VrApi   : FPS=73/72,Prd=0ms,Tear=0,Early=0,Stale=0,VSnc=1,Lat=0,Fov=0,CPU4/GPU=2/2,1171/441MHz,OC=FF,TA=0/70/0,SP=N/F/N,Mem=1555MHz,Free=8340MB,PLS=0,Temp=18.7C/0.0C,TW=4.32ms,App=1.01ms,GD=0.00ms,CPU&GPU=13.88ms,LCnt=1(DR73,LM0),GPU%=0.40,CPU%=0.09(W0.18),DSF=1.00,CFL=18.67/22.47
01-25 16:07:13.006  8440 12308 I VrApi   : FPS=73/72,Prd=0ms,Tear=0,Early=0,Stale=0,VSnc=1,Lat=0,Fov=0,CPU4/GPU=2/2,1171/441MHz,OC=FF,TA=0/70/0,SP=N/F/N,Mem=1804MHz,Free=8340MB,PLS=0,Temp=18.7C/0.0C,TW=4.35ms,App=0.93ms,GD=0.00ms,CPU&GPU=13.88ms,LCnt=1(DR73,LM0),GPU%=0.40,CPU%=0.18(W0.22),DSF=1.00,CFL=18.51/23.03
01-25 16:07:14.006  8440 12308 I VrApi   : FPS=73/72,Prd=0ms,Tear=0,Early=0,Stale=0,VSnc=1,Lat=0,Fov=0,CPU4/GPU=2/2,1171/441MHz,OC=FF,TA=0/70/0,SP=N/F/N,Mem=1804MHz,Free=8340MB,PLS=0,Temp=18.7C/0.0C,TW=4.36ms,App=0.93ms,GD=0.00ms,CPU&GPU=13.88ms,LCnt=1(DR73,LM0),GPU%=0.39,CPU%=0.11(W0.14),DSF=1.00,CFL=18.81/22.17
01-25 16:07:15.008  8440 12308 I VrApi   : FPS=73/72,Prd=0ms,Tear=0,Early=0,Stale=0,VSnc=1,Lat=0,Fov=0,CPU4/GPU=2/2,1171/441MHz,OC=FF,TA=0/70/0,SP=N/F/N,Mem=1804MHz,Free=8340MB,PLS=0,Temp=18.7C/0.0C,TW=4.35ms,App=0.95ms,GD=0.00ms,CPU&GPU=13.88ms,LCnt=1(DR73,LM0),GPU%=0.40,CPU%=0.08(W0.17),DSF=1.00,CFL=18.88/22.23
01-25 16:07:16.006  8440 12308 I VrApi   : FPS=73/72,Prd=0ms,Tear=0,Early=0,Stale=0,VSnc=1,Lat=0,Fov=0,CPU4/GPU=2/2,1171/441MHz,OC=FF,TA=0/70/0,SP=N/F/N,Mem=1804MHz,Free=8340MB,PLS=0,Temp=18.7C/0.0C,TW=4.20ms,App=0.96ms,GD=0.00ms,CPU&GPU=13.88ms,LCnt=1(DR73,LM0),GPU%=0.39,CPU%=0.18(W0.22),DSF=1.00,CFL=18.70/22.26
01-25 16:07:17.006  8440 12308 I VrApi   : FPS=73/72,Prd=0ms,Tear=0,Early=0,Stale=0,VSnc=1,Lat=0,Fov=0,CPU4/GPU=2/2,1171/441MHz,OC=FF,TA=0/70/0,SP=N/F/N,Mem=1804MHz,Free=8340MB,PLS=0,Temp=18.7C/0.0C,TW=4.35ms,App=0.93ms,GD=0.00ms,CPU&GPU=13.88ms,LCnt=1(DR73,LM0),GPU%=0.39,CPU%=0.12(W0.18),DSF=1.00,CFL=18.51/22.24
01-25 16:07:18.011  8440 12308 I VrApi   : FPS=73/72,Prd=0ms,Tear=0,Early=0,Stale=0,VSnc=1,Lat=0,Fov=0,CPU4/GPU=2/2,1171/441MHz,OC=FF,TA=0/70/0,SP=N/F/N,Mem=1555MHz,Free=8337MB,PLS=0,Temp=18.7C/0.0C,TW=4.20ms,App=0.92ms,GD=0.00ms,CPU&GPU=13.88ms,LCnt=1(DR72,LM0),GPU%=0.40,CPU%=0.11(W0.14),DSF=1.00,CFL=18.52/22.26
01-25 16:07:19.006  8440 12308 I VrApi   : FPS=73/72,Prd=0ms,Tear=0,Early=0,Stale=0,VSnc=1,Lat=0,Fov=0,CPU4/GPU=2/2,1171/441MHz,OC=FF,TA=0/70/0,SP=N/F/N,Mem=1555MHz,Free=8337MB,PLS=0,Temp=19.0C/0.0C,TW=4.35ms,App=0.92ms,GD=0.00ms,CPU&GPU=13.88ms,LCnt=1(DR73,LM0),GPU%=0.40,CPU%=0.10(W0.14),DSF=1.00,CFL=18.76/22.51
