01-25 16:01:48.004  5258  5901 I VrApi   : FPS=1/90,Prd=0ms,Tear=0,Early=0,Stale=91,VSnc=0,Lat=0,Fov=0,CPU4/GPU=4/4,1171/441MHz,OC=FF,TA=0/0/0,SP=N/N/N,Mem=1555MHz,Free=8858MB,PLS=0,Temp=0.0C/0.0C,TW=3.94ms,App=0.00ms,GD=0.22ms,CPU&GPU=0.00ms,LCnt=3(DR0,LM3),GPU%=0.68,CPU%=0.12(W0.15),DSF=1.00,CFL=13.71/21.60
01-25 16:01:49.004  5258  5901 I VrApi   : FPS=1/90,Prd=0ms,Tear=0,Early=0,Stale=91,VSnc=0,Lat=0,Fov=0,CPU4/GPU=4/4,1171/441MHz,OC=FF,TA=0/0/0,SP=N/N/N,Mem=1555MHz,Free=8858MB,PLS=0,Temp=0.0C/0.0C,TW=3.94ms,App=0.00ms,GD=0.22ms,CPU&GPU=0.00ms,LCnt=3(DR0,LM3),GPU%=0.68,CPU%=0.12(W0.15),DSF=1.00,CFL=13.71/21.60
01-25 16:01:50.004  5258  5901 I VrApi   : FPS=1/90,Prd=0ms,Tear=0,Early=0,Stale=91,VSnc=0,Lat=0,Fov=0,CPU4/GPU=4/4,1171/441MHz,OC=FF,TA=0/0/0,SP=N/N/N,Mem=1555MHz,Free=8858MB,PLS=0,Temp=0.0C/0.0C,TW=3.94ms,App=0.00ms,GD=0.22ms,CPU&GPU=0.00ms,LCnt=3(DR0,LM3),GPU%=0.68,CPU%=0.12(W0.15),DSF=1.00,CFL=13.71/21.60
01-25 16:01:51.004  5258  5901 I VrApi   : FPS=1/90,Prd=0ms,Tear=0,Early=0,Stale=91,VSnc=0,Lat=0,Fov=0,CPU4/GPU=4/4,1171/441MHz,OC=FF,TA=0/0/0,SP=N/N/N,Mem=1804MHz,Free=8858MB,PLS=0,Temp=0.0C/0.0C,TW=3.94ms,App=0.00ms,GD=0.22ms,CPU&GPU=0.00ms,LCnt=3(DR0,LM3),GPU%=0.68,CPU%=0.12(W0.15),DSF=1.00,CFL=13.71/21.60
01-25 16:01:52.005  5258  5901 I VrApi   : FPS=1/90,Prd=0ms,Tear=0,Early=0,Stale=91,VSnc=0,Lat=0,Fov=0,CPU4/GPU=4/4,1171/441MHz,OC=FF,TA=0/0/0,SP=N/N/N,Mem=1555MHz,Free=8858MB,PLS=0,Temp=0.0C/0.0C,TW=3.94ms,App=0.00ms,GD=0.22ms,CPU&GPU=0.00ms,LCnt=3(DR0,LM3),GPU%=0.68,CPU%=0.12(W0.15),DSF=1.00,CFL=13.71/21.60
01-25 16:01:53.004  5258  5901 I VrApi   : FPS=1/90,Prd=0ms,Tear=0,Early=0,Stale=91,VSnc=0,Lat=0,Fov=0,CPU4/GPU=4/4,1171/441MHz,OC=FF,TA=0/0/0,SP=N/N/N,Mem=1555MHz,Free=8858MB,PLS=0,Temp=0.0C/0.0C,TW=3.94ms,App=0.00ms,GD=0.22ms,CPU&GPU=0.00ms,LCnt=3(DR0,LM3),GPU%=0.68,CPU%=0.12(W0.15),DSF=1.00,CFL=13.71/21.60
01-25 16:01:54.004  5258  5901 I VrApi   : FPS=1/90,Prd=0ms,Tear=0,Early=0,Stale=91,VSnc=0,Lat=0,Fov=0,CPU4/GPU=4/4,1171/441MHz,OC=FF,TA=0/0/0,SP=N/N/N,Mem=1555MHz,Free=8858MB,PLS=0,Temp=0.0C/0.0C,TW=3.94ms,App=0.00ms,GD=0.22ms,CPU&GPU=0.00ms,LCnt=3(DR0,LM3),GPU%=0.68,CPU%=0.12(W0.15),DSF=1.00,CFL=13.71/21.60
01-25 16:01:55.004  5258  5901 I VrApi   : FPS=1/90,Prd=0ms,Tear=0,Early=0,Stale=91,VSnc=0,Lat=0,Fov=0,CPU4/GPU=4/4,1171/441MHz,OC=FF,TA=0/0/0,SP=N/N/N,Mem=1555MHz,Free=8858MB,PLS=0,Temp=0.0C/0.0C,TW=3.94ms,App=0.00ms,GD=0.22ms,CPU&GPU=0.00ms,LCnt=3(DR0,LM3),GPU%=0.68,CPU%=0.12(W0.15),DSF=1.00,CFL=13.71/21.60
01-25 16:01:56.004  5258  5901 I VrApi   : FPS=1/90,Prd=0ms,Tear=0,Early=0,Stale=91,VSnc=0,Lat=0,Fov=0,CPU4/GPU=4/4,1171/441MHz,OC=FF,TA=0/0/0,SP=N/N/N,Mem=1555MHz,Free=8858MB,PLS=0,Temp=0.0C/0.0C,TW=3.94ms,App=0.00ms,GD=0.22ms,CPU&GPU=0.00ms,LCnt=3(DR0,LM3),GPU%=0.68,CPU%=0.12(W0.15),DSF=1.00,CFL=13.71/21.60
01-25 16:01:57.004  5258  5901 I VrApi   : FPS=1/90,Prd=0ms,Tear=0,Early=0,Stale=91,VSnc=0,Lat=0,Fov=0,CPU4/GPU=4/4,1171/441MHz,OC=FF,TA=0/0/0,SP=N/N/N,Mem=1555MHz,Free=8858MB,PLS=0,Temp=0.0C/0.0C,TW=3.94ms,App=0.00ms,GD=0.22ms,CPU&GPU=0.00ms,LCnt=3(DR0,LM3),GPU%=0.68,CPU%=0.12(W0.15),DSF=1.00,CFL=13.71/21.60
01-25 16:01:58.005  5258  5901 I VrApi   : FPS=1/90,Prd=0ms,Tear=0,Early=0,Stale=91,VSnc=0,Lat=0,Fov=0,CPU4/GPU=4/4,1171/441MHz,OC=FF,TA=0/0/0,SP=N/N/N,Mem=1555MHz,Free=8858MB,PLS=0,Temp=0.0C/0.0C,TW=3.94ms,App=0.00ms,GD=0.22ms,CPU&GPU=0.00ms,LCnt=3(DR0,LM3),GPU%=0.68,CPU%=0.12(W0.15),DSF=1.00,CFL=13.71/21.60
01-25 16:01:59.005  5258  5901 I VrApi   : FPS=1/90,Prd=0ms,Tear=0,Early=0,Stale=91,VSnc=0,Lat=0,Fov=0,CPU4/GPU=4/4,1171/441MHz,OC=FF,TA=0/0/0,SP=N/N/N,Mem=1804MHz,Free=8858MB,PLS=0,Temp=0.0C/0.0C,TW=3.94ms,App=0.00ms,GD=0.22ms,CPU&GPU=0.00ms,LCnt=3(DR0,LM3),GPU%=0.68,CPU%=0.12(W0.15),DSF=1.00,CFL=13.71/21.60
01-25 16:02:00.006  5258  5901 I VrApi   : FPS=1/90,Prd=0ms,Tear=0,Early=0,Stale=91,VSnc=0,Lat=0,Fov=0,CPU4/GPU=4/4,1171/441MHz,OC=FF,TA=0/0/0,SP=N/N/N,Mem=2092MHz,Free=8858MB,PLS=0,Temp=0.0C/0.0C,TW=3.94ms,App=0.00ms,GD=0.22ms,CPU&GPU=0.00ms,LCnt=3(DR0,LM3),GPU%=0.68,CPU%=0.12(W0.15),DSF=1.00,CFL=13.71/21.60
01-25 16:02:01.005  5258  5901 I VrApi   : FPS=1/90,Prd=0ms,Tear=0,Early=0,Stale=91,VSnc=0,Lat=0,Fov=0,CPU4/GPU=4/4,1171/441MHz,OC=FF,TA=0/0/0,SP=N/N/N,Mem=2092MHz,Free=8858MB,PLS=0,Temp=0.0C/0.0C,TW=3.94ms,App=0.00ms,GD=0.22ms,CPU&GPU=0.00ms,LCnt=3(DR0,LM3),GPU%=0.68,CPU%=0.12(W0.15),DSF=1.00,CFL=13.71/21.60
01-25 16:02:02.009  5258  5901 I VrApi   : FPS=1/90,Prd=0ms,Tear=0,Early=0,Stale=91,VSnc=0,Lat=0,Fov=0,CPU4/GPU=4/4,1171/441MHz,OC=FF,TA=0/0/0,SP=N/N/N,Mem=1555MHz,Free=8822MB,PLS=0,Temp=0.0C/0.0C,TW=3.94ms,App=0.00ms,GD=0.22ms,CPU&GPU=0.00ms,LCnt=3(DR0,LM3),GPU%=0.68,CPU%=0.12(W0.15),DSF=1.00,CFL=13.71/21.60
01-25 16:02:03.005  5258  5901 I VrApi   : FPS=1/90,Prd=0ms,Tear=0,Early=0,Stale=91,VSnc=0,Lat=0,Fov=0,CPU4/GPU=4/4,1171/441MHz,OC=FF,TA=0/0/0,SP=N/N/N,Mem=1804MHz,Free=8822MB,PLS=0,Temp=0.0C/0.0C,TW=3.94ms,App=0.00ms,GD=0.22ms,CPU&GPU=0.00ms,LCnt=3(DR0,LM3),GPU%=0.68,CPU%=0.12(W0.15),DSF=1.00,CFL=13.71/21.60
01-25 16:02:04.005  5258  5901 I VrApi   : FPS=1/90,Prd=0ms,Tear=0,Early=0,Stale=91,VSnc=0,Lat=0,Fov=0,CPU4/GPU=4/4,1171/441MHz,OC=FF,TA=0/0/0,SP=N/N/N,Mem=1804MHz,Free=8822MB,PLS=0,Temp=0.0C/0.0C,TW=3.94ms,App=0.00ms,GD=0.22ms,CPU&GPU=0.00ms,LCnt=3(DR0,LM3),GPU%=0.68,CPU%=0.12(W0.15),DSF=1.00,CFL=13.71/21.60
01-25 16:02:05.005  5258  5901 I VrApi   : FPS=1/90,Prd=0ms,Tear=0,Early=0,Stale=91,VSnc=0,Lat=0,Fov=0,CPU4/GPU=4/4,1171/441MHz,OC=FF,TA=0/0/0,SP=N/N/N,Mem=1555MHz,Free=8822MB,PLS=0,Temp=0.0C/0.0C,TW=3.94ms,App=0.00ms,GD=0.22ms,CPU&GPU=0.00ms,LCnt=3(DR0,LM3),GPU%=0.68,CPU%=0.12(W0.15),DSF=1.00,CFL=13.71/21.60
01-25 16:02:06.005  5258  5901 I VrApi   : FPS=1/90,Prd=0ms,Tear=0,Early=0,Stale=91,VSnc=0,Lat=0,Fov=0,CPU4/GPU=4/4,1171/441MHz,OC=FF,TA=0/0/0,SP=N/N/N,Mem=1555MHz,Free=8822MB,PLS=0,Temp=0.0C/0.0C,TW=3.94ms,App=0.00ms,GD=0.22ms,CPU&GPU=0.00ms,LCnt=3(DR0,LM3),GPU%=0.68,CPU%=0.12(W0.15),DSF=1.00,CFL=13.71/21.60
01-25 16:02:07.005  5258  5901 I VrApi   : FPS=1/90,Prd=0ms,Tear=0,Early=0,Stale=91,VSnc=0,Lat=0,Fov=0,CPU4/GPU=4/4,1171/441MHz,OC=FF,TA=0/0/0,SP=N/N/N,Mem=1555MHz,Free=8822MB,PLS=0,Temp=0.0C/0.0C,TW=3.94ms,App=0.00ms,GD=0.22ms,CPU&GPU=0.00ms,LCnt=3(DR0,LM3),GPU%=0.68,CPU%=0.12(W0.15),DSF=1.00,CFL=13.71/21.60
01-25 16:02:08.005  5258  5901 I VrApi   : FPS=1/90,Prd=0ms,Tear=0,Early=0,Stale=91,VSnc=0,Lat=0,Fov=0,CPU4/GPU=4/4,1171/441MHz,OC=FF,TA=0/0/0,SP=N/N/N,Mem=1555MHz,Free=8822MB,PLS=0,Temp=0.0C/0.0C,TW=3.94ms,App=0.00ms,GD=0.22ms,CPU&GPU=0.00ms,LCnt=3(DR0,LM3),GPU%=0.68,CPU%=0.12(W0.15),DSF=1.00,CFL=13.71/21.60
01-25 16:02:09.005  5258  5901 I VrApi   : FPS=1/90,Prd=0ms,Tear=0,Early=0,Stale=91,VSnc=0,Lat=0,Fov=0,CPU4/GPU=4/4,1171/441MHz,OC=FF,TA=0/0/0,SP=N/N/N,Mem=1555MHz,Free=8822MB,PLS=0,Temp=0.0C/0.0C,TW=3.94ms,App=0.00ms,GD=0.22ms,CPU&GPU=0.00ms,LCnt=3(DR0,LM3),GPU%=0.68,CPU%=0.12(W0.15),DSF=1.00,CFL=13.71/21.60
01-25 16:02:10.005  5258  5901 I VrApi   : FPS=1/90,Prd=0ms,Tear=0,Early=0,Stale=91,VSnc=0,Lat=0,Fov=0,CPU4/GPU=4/4,1171/441MHz,OC=FF,TA=0/0/0,SP=N/N/N,Mem=1555MHz,Free=8822MB,PLS=0,Temp=0.0C/0.0C,TW=3.94ms,App=0.00ms,GD=0.22ms,CPU&GPU=0.00ms,LCnt=3(DR0,LM3),GPU%=0.68,CPU%=0.12(W0.15),DSF=1.00,CFL=13.71/21.60
01-25 16:02:11.005  5258  5901 I VrApi   : FPS=1/90,Prd=0ms,Tear=0,Early=0,Stale=91,VSnc=0,Lat=0,Fov=0,CPU4/GPU=4/4,1171/441MHz,OC=FF,TA=0/0/0,SP=N/N/N,Mem=1555MHz,Free=8822MB,PLS=0,Temp=0.0C/0.0C,TW=3.94ms,App=0.00ms,GD=0.22ms,CPU&GPU=0.00ms,LCnt=3(DR0,LM3),GPU%=0.68,CPU%=0.12(W0.15),DSF=1.00,CFL=13.71/21.60
01-25 16:02:12.005  5258  5901 I VrApi   : FPS=1/90,Prd=0ms,Tear=0,Early=0,Stale=91,VSnc=0,Lat=0,Fov=0,CPU4/GPU=4/4,1171/441MHz,OC=FF,TA=0/0/0,SP=N/N/N,Mem=1555MHz,Free=8822MB,PLS=0,Temp=0.0C/0.0C,TW=3.94ms,App=0.00ms,GD=0.22ms,CPU&GPU=0.00ms,LCnt=3(DR0,LM3),GPU%=0.68,CPU%=0.12(W0.15),DSF=1.00,CFL=13.71/21.60
01-25 16:02:13.005  5258  5901 I VrApi   : FPS=1/90,Prd=0ms,Tear=0,Early=0,Stale=91,VSnc=0,Lat=0,Fov=0,CPU4/GPU=4/4,1171/441MHz,OC=FF,TA=0/0/0,SP=N/N/N,Mem=1804MHz,Free=8822MB,PLS=0,Temp=0.0C/0.0C,TW=3.94ms,App=0.00ms,GD=0.22ms,CPU&GPU=0.00ms,LCnt=3(DR0,LM3),GPU%=0.68,CPU%=0.12(W0.15),DSF=1.00,CFL=13.71/21.60
01-25 16:02:14.005  5258  5901 I VrApi   : FPS=1/90,Prd=0ms,Tear=0,Early=0,Stale=91,VSnc=0,Lat=0,Fov=0,CPU4/GPU=4/4,1171/441MHz,OC=FF,TA=0/0/0,SP=N/N/N,Mem=1804MHz,Free=8822MB,PLS=0,Temp=0.0C/0.0C,TW=3.94ms,App=0.00ms,GD=0.22ms,CPU&GPU=0.00ms,LCnt=3(DR0,LM3),GPU%=0.68,CPU%=0.12(W0.15),DSF=1.00,CFL=13.71/21.60
01-25 16:02:15.005  5258  5901 I VrApi   : FPS=1/90,Prd=0ms,Tear=0,Early=0,Stale=91,VSnc=0,Lat=0,Fov=0,CPU4/GPU=4/4,1171/441MHz,OC=FF,TA=0/0/0,SP=N/N/N,Mem=1555MHz,Free=8822MB,PLS=0,Temp=0.0C/0.0C,TW=3.94ms,App=0.00ms,GD=0.22ms,CPU&GPU=0.00ms,LCnt=3(DR0,LM3),GPU%=0.68,CPU%=0.12(W0.15),DSF=1.00,CFL=13.71/21.60
01-25 16:02:16.005  5258  5901 I VrApi   : FPS=1/90,Prd=0ms,Tear=0,Early=0,Stale=91,VSnc=0,Lat=0,Fov=0,CPU4/GPU=4/4,1171/441MHz,OC=FF,TA=0/0/0,SP=N/N/N,Mem=1555MHz,Free=8822MB,PLS=0,Temp=0.0C/0.0C,TW=3.94ms,App=0.00ms,GD=0.22ms,CPU&GPU=0.00ms,LCnt=3(DR0,LM3),GPU%=0.68,CPU%=0.12(W0.15),DSF=1.00,CFL=13.71/21.60
01-25 16:02:17.005  5258  5901 I VrApi   : FPS=1/90,Prd=0ms,Tear=0,Early=0,Stale=91,VSnc=0,Lat=0,Fov=0,CPU4/GPU=4/4,1171/441MHz,OC=FF,TA=0/0/0,SP=N/N/N,Mem=1555MHz,Free=8822MB,PLS=0,Temp=0.0C/0.0C,TW=3.94ms,App=0.00ms,GD=0.22ms,CPU&GPU=0.00ms,LCnt=3(DR0,LM3),GPU%=0.68,CPU%=0.12(W0.15),DSF=1.00,CFL=13.71/21.60
01-25 16:02:18.006  5258  5901 I VrApi   : FPS=1/90,Prd=0ms,Tear=0,Early=0,Stale=91,VSnc=0,Lat=0,Fov=0,CPU4/GPU=4/4,1171/441MHz,OC=FF,TA=0/0/0,SP=N/N/N,Mem=1555MHz,Free=8822MB,PLS=0,Temp=0.0C/0.0C,TW=3.94ms,App=0.00ms,GD=0.22ms,CPU&GPU=0.00ms,LCnt=3(DR0,LM3),GPU%=0.68,CPU%=0.12(W0.15),DSF=1.00,CFL=13.71/21.60
01-25 16:02:19.005  5258  5901 I VrApi   : FPS=1/90,Prd=0ms,Tear=0,Early=0,Stale=91,VSnc=0,Lat=0,Fov=0,CPU4/GPU=4/4,1171/441MHz,OC=FF,TA=0/0/0,SP=N/N/N,Mem=1555MHz,Free=8822MB,PLS=0,Temp=0.0C/0.0C,TW=3.94ms,App=0.00ms,GD=0.22ms,CPU&GPU=0.00ms,LCnt=3(DR0,LM3),GPU%=0.68,CPU%=0.12(W0.15),DSF=1.00,CFL=13.71/21.60
01-25 16:02:20.006  5258  5901 I VrApi   : FPS=1/90,Prd=0ms,Tear=0,Early=0,Stale=91,VSnc=0,Lat=0,Fov=0,CPU4/GPU=4/4,1171/441MHz,OC=FF,TA=0/0/0,SP=N/N/N,Mem=1555MHz,Free=8822MB,PLS=0,Temp=0.0C/0.0C,TW=3.94ms,App=0.00ms,GD=0.22ms,CPU&GPU=0.00ms,LCnt=3(DR0,LM3),GPU%=0.68,CPU%=0.12(W0.15),DSF=1.00,CFL=13.71/21.60
01-25 16:02:21.006  5258  5901 I VrApi   : FPS=1/90,Prd=0ms,Tear=0,Early=0,Stale=91,VSnc=0,Lat=0,Fov=0,CPU4/GPU=4/4,1171/441MHz,OC=FF,TA=0/0/0,SP=N/N/N,Mem=1555MHz,Free=8822MB,PLS=0,Temp=0.0C/0.0C,TW=3.94ms,App=0.00ms,GD=0.22ms,CPU&GPU=0.00ms,LCnt=3(DR0,LM3),GPU%=0.68,CPU%=0.12(W0.15),DSF=1.00,CFL=13.71/21.60
01-25 16:02:22.010  5258  5901 I VrApi   : FPS=1/90,Prd=0ms,Tear=0,Early=0,Stale=91,VSnc=0,Lat=0,Fov=0,CPU4/GPU=4/4,1171/441MHz,OC=FF,TA=0/0/0,SP=N/N/N,Mem=1555MHz,Free=8827MB,PLS=0,Temp=0.0C/0.0C,TW=3.94ms,App=0.00ms,GD=0.22ms,CPU&GPU=0.00ms,LCnt=3(DR0,LM3),GPU%=0.68,CPU%=0.12(W0.15),DSF=1.00,CFL=13.71/21.60
01-25 16:02:23.006  5258  5901 I VrApi   : FPS=1/90,Prd=0ms,Tear=0,Early=0,Stale=91,VSnc=0,Lat=0,Fov=0,CPU4/GPU=4/4,1171/441MHz,OC=FF,TA=0/0/0,SP=N/N/N,Mem=1555MHz,Free=8827MB,PLS=0,Temp=0.0C/0.0C,TW=3.94ms,App=0.00ms,GD=0.22ms,CPU&GPU=0.00ms,LCnt=3(DR0,LM3),GPU%=0.68,CPU%=0.12(W0.15),DSF=1.00,CFL=13.71/21.60
01-25 16:02:24.006  5258  5901 I VrApi   : FPS=1/90,Prd=0ms,Tear=0,Early=0,Stale=91,VSnc=0,Lat=0,Fov=0,CPU4/GPU=4/4,1171/441MHz,OC=FF,TA=0/0/0,SP=N/N/N,Mem=1555MHz,Free=8827MB,PLS=0,Temp=0.0C/0.0C,TW=3.94ms,App=0.00ms,GD=0.22ms,CPU&GPU=0.00ms,LCnt=3(DR0,LM3),GPU%=0.68,CPU%=0.12(W0.15),DSF=1.00,CFL=13.71/21.60
01-25 16:02:25.006  5258  5901 I VrApi   : FPS=1/90,Prd=0ms,Tear=0,Early=0,Stale=91,VSnc=0,Lat=0,Fov=0,CPU4/GPU=4/4,1171/441MHz,OC=FF,TA=0/0/0,SP=N/N/N,Mem=1555MHz,Free=8827MB,PLS=0,Temp=0.0C/0.0C,TW=3.94ms,App=0.00ms,GD=0.22ms,CPU&GPU=0.00ms,LCnt=3(DR0,LM3),GPU%=0.68,CPU%=0.12(W0.15),DSF=1.00,CFL=13.71/21.60
01-25 16:02:26.006  5258  5901 I VrApi   : FPS=1/90,Prd=0ms,Tear=0,Early=0,Stale=91,VSnc=0,Lat=0,Fov=0,CPU4/GPU=4/4,1171/441MHz,OC=FF,TA=0/0/0,SP=N/N/N,Mem=1555MHz,Free=8827MB,PLS=0,Temp=0.0C/0.0C,TW=3.94ms,App=0.00ms,GD=0.22ms,CPU&GPU=0.00ms,LCnt=3(DR0,LM3),GPU%=0.68,CPU%=0.12(W0.15),DSF=1.00,CFL=13.71/21.60
01-25 16:02:27.006  5258  5901 I VrApi   : FPS=1/90,Prd=0ms,Tear=0,Early=0,Stale=91,VSnc=0,Lat=0,Fov=0,CPU4/GPU=4/4,1171/441MHz,OC=FF,TA=0/0/0,SP=N/N/N,Mem=1555MHz,Free=8827MB,PLS=0,Temp=0.0C/0.0C,TW=3.94ms,App=0.00ms,GD=0.22ms,CPU&GPU=0.00ms,LCnt=3(DR0,LM3),GPU%=0.68,CPU%=0.12(W0.15),DSF=1.00,CFL=13.71/21.60
01-25 16:02:28.006  5258  5901 I VrApi   : FPS=1/90,Prd=0ms,Tear=0,Early=0,Stale=91,VSnc=0,Lat=0,Fov=0,CPU4/GPU=4/4,1171/441MHz,OC=FF,TA=0/0/0,SP=N/N/N,Mem=1555MHz,Free=8827MB,PLS=0,Temp=0.0C/0.0C,TW=3.94ms,App=0.00ms,GD=0.22ms,CPU&GPU=0.00ms,LCnt=3(DR0,LM3),GPU%=0.68,CPU%=0.12(W0.15),DSF=1.00,CFL=13.71/21.60
01-25 16:02:29.006  5258  5901 I VrApi   : FPS=1/90,Prd=0ms,Tear=0,Early=0,Stale=91,VSnc=0,Lat=0,Fov=0,CPU4/GPU=4/4,1171/441MHz,OC=FF,TA=0/0/0,SP=N/N/N,Mem=1555MHz,Free=8827MB,PLS=0,Temp=0.0C/0.0C,TW=3.94ms,App=0.00ms,GD=0.22ms,CPU&GPU=0.00ms,LCnt=3(DR0,LM3),GPU%=0.68,CPU%=0.12(W0.15),DSF=1.00,CFL=13.71/21.60
01-25 16:02:30.006  5258  5901 I VrApi   : FPS=1/90,Prd=0ms,Tear=0,Early=0,Stale=91,VSnc=0,Lat=0,Fov=0,CPU4/GPU=4/4,1171/441MHz,OC=FF,TA=0/0/0,SP=N/N/N,Mem=1804MHz,Free=8827MB,PLS=0,Temp=0.0C/0.0C,TW=3.94ms,App=0.00ms,GD=0.22ms,CPU&GPU=0.00ms,LCnt=3(DR0,LM3),GPU%=0.68,CPU%=0.12(W0.15),DSF=1.00,CFL=13.71/21.60
01-25 16:02:31.006  5258  5901 I VrApi   : FPS=1/90,Prd=0ms,Tear=0,Early=0,Stale=91,VSnc=0,Lat=0,Fov=0,CPU4/GPU=4/4,1171/441MHz,OC=FF,TA=0/0/0,SP=N/N/N,Mem=1804MHz,Free=8827MB,PLS=0,Temp=0.0C/0.0C,TW=3.94ms,App=0.00ms,GD=0.22ms,CPU&GPU=0.00ms,LCnt=3(DR0,LM3),GPU%=0.68,CPU%=0.12(W0.15),DSF=1.00,CFL=13.71/21.60
01-25 16:02:32.006  5258  5901 I VrApi   : FPS=1/90,Prd=0ms,Tear=0,Early=0,Stale=91,VSnc=0,Lat=0,Fov=0,CPU4/GPU=4/4,1171/441MHz,OC=FF,TA=0/0/0,SP=N/N/N,Mem=1555MHz,Free=8827MB,PLS=0,Temp=0.0C/0.0C,TW=3.94ms,App=0.00ms,GD=0.22ms,CPU&GPU=0.00ms,LCnt=3(DR0,LM3),GPU%=0.68,CPU%=0.12(W0.15),DSF=1.00,CFL=13.71/21.60
01-25 16:02:33.006  5258  5901 I VrApi   : FPS=1/90,Prd=0ms,Tear=0,Early=0,Stale=91,VSnc=0,Lat=0,Fov=0,CPU4/GPU=4/4,1171/441MHz,OC=FF,TA=0/0/0,SP=N/N/N,Mem=1804MHz,Free=8827MB,PLS=0,Temp=0.0C/0.0C,TW=3.94ms,App=0.00ms,GD=0.22ms,CPU&GPU=0.00ms,LCnt=3(DR0,LM3),GPU%=0.68,CPU%=0.12(W0.15),DSF=1.00,CFL=13.71/21.60
01-25 16:02:34.007  5258  5901 I VrApi   : FPS=1/90,Prd=0ms,Tear=0,Early=0,Stale=91,VSnc=0,Lat=0,Fov=0,CPU4/GPU=4/4,1171/441MHz,OC=FF,TA=0/0/0,SP=N/N/N,Mem=1555MHz,Free=8827MB,PLS=0,Temp=0.0C/0.0C,TW=3.94ms,App=0.00ms,GD=0.22ms,CPU&GPU=0.00ms,LCnt=3(DR0,LM3),GPU%=0.68,CPU%=0.12(W0.15),DSF=1.00,CFL=13.71/21.60
01-25 16:02:35.006  5258  5901 I VrApi   : FPS=1/90,Prd=0ms,Tear=0,Early=0,Stale=91,VSnc=0,Lat=0,Fov=0,CPU4/GPU=4/4,1171/441MHz,OC=FF,TA=0/0/0,SP=N/N/N,Mem=1555MHz,Free=8827MB,PLS=0,Temp=0.0C/0.0C,TW=3.94ms,App=0.00ms,GD=0.22ms,CPU&GPU=0.00ms,LCnt=3(DR0,LM3),GPU%=0.68,CPU%=0.12(W0.15),DSF=1.00,CFL=13.71/21.60
01-25 16:02:36.007  5258  5901 I VrApi   : FPS=1/90,Prd=0ms,Tear=0,Early=0,Stale=91,VSnc=0,Lat=0,Fov=0,CPU4/GPU=4/4,1171/441MHz,OC=FF,TA=0/0/0,SP=N/N/N,Mem=1804MHz,Free=8827MB,PLS=0,Temp=0.0C/0.0C,TW=3.94ms,App=0.00ms,GD=0.22ms,CPU&GPU=0.00ms,LCnt=3(DR0,LM3),GPU%=0.68,CPU%=0.12(W0.15),DSF=1.00,CFL=13.71/21.60
01-25 16:02:37.007  5258  5901 I VrApi   : FPS=1/90,Prd=0ms,Tear=0,Early=0,Stale=91,VSnc=0,Lat=0,Fov=0,CPU4/GPU=4/4,1171/441MHz,OC=FF,TA=0/0/0,SP=N/N/N,Mem=1555MHz,Free=8827MB,PLS=0,Temp=0.0C/0.0C,TW=3.94ms,App=0.00ms,GD=0.22ms,CPU&GPU=0.00ms,LCnt=3(DR0,LM3),GPU%=0.68,CPU%=0.12(W0.15),DSF=1.00,CFL=13.71/21.60
01-25 16:02:38.007  5258  5901 I VrApi   : FPS=1/90,Prd=0ms,Tear=0,Early=0,Stale=91,VSnc=0,Lat=0,Fov=0,CPU4/GPU=4/4,1171/441MHz,OC=FF,TA=0/0/0,SP=N/N/N,Mem=1555MHz,Free=8827MB,PLS=0,Temp=0.0C/0.0C,TW=3.94ms,App=0.00ms,GD=0.22ms,CPU&GPU=0.00ms,LCnt=3(DR0,LM3),GPU%=0.68,CPU%=0.12(W0.15),DSF=1.00,CFL=13.71/21.60
01-25 16:02:39.007  5258  5901 I VrApi   : FPS=1/90,Prd=0ms,Tear=0,Early=0,Stale=91,VSnc=0,Lat=0,Fov=0,CPU4/GPU=4/4,1171/441MHz,OC=FF,TA=0/0/0,SP=N/N/N,Mem=1555MHz,Free=8827MB,PLS=0,Temp=0.0C/0.0C,TW=3.94ms,App=0.00ms,GD=0.22ms,CPU&GPU=0.00ms,LCnt=3(DR0,LM3),GPU%=0.68,CPU%=0.12(W0.15),DSF=1.00,CFL=13.71/21.60
01-25 16:02:40.007  5258  5901 I VrApi   : FPS=1/90,Prd=0ms,Tear=0,Early=0,Stale=91,VSnc=0,Lat=0,Fov=0,CPU4/GPU=4/4,1171/441MHz,OC=FF,TA=0/0/0,SP=N/N/N,Mem=1555MHz,Free=8827MB,PLS=0,Temp=0.0C/0.0C,TW=3.94ms,App=0.00ms,GD=0.22ms,CPU&GPU=0.00ms,LCnt=3(DR0,LM3),GPU%=0.68,CPU%=0.12(W0.15),DSF=1.00,CFL=13.71/21.60
01-25 16:02:41.007  5258  5901 I VrApi   : FPS=1/90,Prd=0ms,Tear=0,Early=0,Stale=91,VSnc=0,Lat=0,Fov=0,CPU4/GPU=4/4,1171/441MHz,OC=FF,TA=0/0/0,SP=N/N/N,Mem=1555MHz,Free=8827MB,PLS=0,Temp=0.0C/0.0C,TW=3.94ms,App=0.00ms,GD=0.22ms,CPU&GPU=0.00ms,LCnt=3(DR0,LM3),GPU%=0.68,CPU%=0.12(W0.15),DSF=1.00,CFL=13.71/21.60
01-25 16:02:42.010  5258  5901 I VrApi   : FPS=1/90,Prd=0ms,Tear=0,Early=0,Stale=91,VSnc=0,Lat=0,Fov=0,CPU4/GPU=4/4,1171/441MHz,OC=FF,TA=0/0/0,SP=N/N/N,Mem=1555MHz,Free=8850MB,PLS=0,Temp=0.0C/0.0C,TW=3.94ms,App=0.00ms,GD=0.22ms,CPU&GPU=0.00ms,LCnt=3(DR0,LM3),GPU%=0.68,CPU%=0.12(W0.15),DSF=1.00,CFL=13.71/21.60
01-25 16:02:42.248  2240  2570 D VrApi   : targetSDKVersion 29
01-25 16:02:42.267  2240  2570 I VrApi   : OVR::Stats thread started
01-25 16:02:42.272  2240  7539 D VrApi   : targetSDKVersion 29
01-25 16:02:42.303  5258  5287 I VrApi   : ---------- vrapi_LeaveVrMode [start] ----------
01-25 16:02:42.308  5258  5287 D VrApi   : targetSDKVersion 29
01-25 16:02:42.320  5258  5901 I VrApi   : FPS=1/72,Prd=0ms,Tear=0,Early=0,Stale=91,VSnc=0,Lat=0,Fov=0,CPU4/GPU=4/4,1478/525MHz,OC=FF,TA=0/0/0,SP=N/N/N,Mem=1555MHz,Free=8850MB,PLS=0,Temp=17.7C/0.0C,TW=3.94ms,App=0.00ms,GD=0.22ms,CPU&GPU=0.00ms,LCnt=3(DR0,LM3),GPU%=0.23,CPU%=0.05(W0.14),DSF=1.00,CFL=13.71/21.60
01-25 16:02:42.325  5258  5287 I VrApi   : OVR::Stats thread stopped
01-25 16:02:42.345  5258  5287 I VrApi   : ---------- vrapi_LeaveVrMode [end] ----------
01-25 16:03:10.812  5258  5287 I VrApi   : ------------ vrapi_DestroySystemVulkan -----------
01-25 16:03:10.813  5258  5287 I VrApi   : ------------ vrapi_Shutdown [start] -----------
01-25 16:03:10.813  5258  5287 W VrApi   : IsOvrValid: ovr == nullptr. Package: com.oculus.xrstreamingclient
01-25 16:03:10.827  5258  5287 I VrApi   : ------------ vrapi_Shutdown [end] -----------
01-25 16:03:12.986  2240  2570 D VrApi   : targetSDKVersion 29
01-25 16:03:13.031  2240  2570 I VrApi   : OVR::Stats thread stopped
01-25 16:03:13.239  1986  2078 D VrApi   : targetSDKVersion 29
01-25 16:03:13.255  1986  2078 I VrApi   : OVR::Stats thread started
01-25 16:03:13.256  1986  8204 D VrApi   : targetSDKVersion 29
01-25 16:03:13.280  2732  2970 D VrApi   : targetSDKVersion 29
01-25 16:03:13.367  2732  2970 I VrApi   : OVR::Stats thread started
01-25 16:03:13.369  2732  8214 D VrApi   : targetSDKVersion 29
01-25 16:03:15.008  1986  8204 I VrApi   : FPS=77/90,Prd=26ms,Tear=0,Early=0,Stale=4,VSnc=0,Lat=-1,Fov=0,CPU4/GPU=3/3,2419/490MHz,OC=FF,TA=0/70/0,SP=N/F/N,Mem=2092MHz,Free=8894MB,PLS=0,Temp=17.7C/0.0C,TW=1.43ms,App=5.52ms,GD=0.32ms,CPU&GPU=8.59ms,LCnt=2(DR37,LM2),GPU%=0.69,CPU%=0.16(W0.26),DSF=1.00,CFL=15.65/25.10
01-25 16:03:16.002  1986  8204 I VrApi   : FPS=91/90,Prd=35ms,Tear=0,Early=0,Stale=12,VSnc=0,Lat=-1,Fov=0,CPU4/GPU=3/3,2419/490MHz,OC=FF,TA=0/70/0,SP=N/F/N,Mem=2092MHz,Free=8894MB,PLS=0,Temp=17.7C/0.0C,TW=2.01ms,App=5.25ms,GD=0.24ms,CPU&GPU=8.53ms,LCnt=3(DR69,LM2),GPU%=0.75,CPU%=0.26(W0.33),DSF=1.00,CFL=17.90/22.02
01-25 16:03:17.002  1986  8204 I VrApi   : FPS=90/90,Prd=33ms,Tear=0,Early=69,Stale=0,VSnc=0,Lat=-1,Fov=0,CPU4/GPU=2/3,2419/490MHz,OC=FF,TA=0/70/0,SP=N/F/N,Mem=2092MHz,Free=8894MB,PLS=0,Temp=17.7C/0.0C,TW=1.22ms,App=5.18ms,GD=0.00ms,CPU&GPU=7.70ms,LCnt=3(DR0,LM0),GPU%=0.64,CPU%=0.19(W0.24),DSF=1.00,CFL=17.81/21.50
01-25 16:03:18.038  1986  8204 I VrApi   : FPS=90/90,Prd=31ms,Tear=0,Early=0,Stale=0,VSnc=0,Lat=-1,Fov=0,CPU4/GPU=2/3,2419/490MHz,OC=FF,TA=0/70/0,SP=N/F/N,Mem=2092MHz,Free=8894MB,PLS=0,Temp=17.7C/0.0C,TW=2.11ms,App=5.69ms,GD=0.25ms,CPU&GPU=9.43ms,LCnt=2(DR29,LM2),GPU%=0.75,CPU%=0.23(W0.32),DSF=1.00,CFL=17.85/21.52
01-25 16:03:19.002  1986  8204 I VrApi   : FPS=86/90,Prd=32ms,Tear=0,Early=0,Stale=1,VSnc=0,Lat=-1,Fov=0,CPU4/GPU=2/3,2419/490MHz,OC=FF,TA=0/70/0,SP=N/F/N,Mem=2092MHz,Free=8894MB,PLS=0,Temp=18.0C/0.0C,TW=2.18ms,App=5.80ms,GD=0.26ms,CPU&GPU=10.45ms,LCnt=4(DR21,LM2),GPU%=0.84,CPU%=0.36(W0.52),DSF=1.00,CFL=17.89/21.29
01-25 16:03:20.004  1986  8204 I VrApi   : FPS=89/90,Prd=32ms,Tear=0,Early=0,Stale=5,VSnc=0,Lat=-1,Fov=0,CPU4/GPU=2/3,2419/490MHz,OC=FF,TA=0/70/0,SP=N/F/N,Mem=2092MHz,Free=8894MB,PLS=0,Temp=18.0C/0.0C,TW=2.55ms,App=5.76ms,GD=0.00ms,CPU&GPU=10.68ms,LCnt=6(DR0,LM2),GPU%=0.80,CPU%=0.40(W0.48),DSF=1.00,CFL=17.89/21.34
01-25 16:03:20.458  1986  2078 D VrApi   : targetSDKVersion 29
01-25 16:03:20.471  1986  8204 I VrApi   : FPS=90/90,Prd=31ms,Tear=0,Early=0,Stale=1,VSnc=0,Lat=-1,Fov=0,CPU4/GPU=2/3,2419/490MHz,OC=FF,TA=0/F/0,SP=N/F/N,Mem=2092MHz,Free=8894MB,PLS=0,Temp=18.0C/0.0C,TW=2.09ms,App=4.06ms,GD=0.00ms,CPU&GPU=9.77ms,LCnt=3(DR0,LM0),GPU%=0.75,CPU%=0.18(W0.23),DSF=1.00,CFL=17.69/21.69
01-25 16:03:20.475  1986  2078 I VrApi   : OVR::Stats thread stopped
01-25 16:03:20.631  8440  8473 I VrApi   : ----------- vrapi_Initialize [start] ----------
01-25 16:03:20.639  8440  8473 I VrApi   : Client type: 0 flags: 0x0 placement: 0
01-25 16:03:20.973  2732  2970 D VrApi   : targetSDKVersion 29
01-25 16:03:21.004  2732  2970 I VrApi   : OVR::Stats thread stopped
01-25 16:03:21.117  4189  4189 I VrApi   : ----------- vrapi_Initialize [start] ----------
01-25 16:03:21.121  4189  4189 I VrApi   : Client type: 0 flags: 0x0 placement: 0
01-25 16:03:21.253  8440  8473 I VrApi   : vrapi_Initialize: Connected to VrRuntimeService after 0.613175s
01-25 16:03:21.390  8440  8473 I VrApi   : SkipPushFinalBlack=1
01-25 16:03:21.390  8440  8473 D VrApi   : isActivityFocusAware context = com.oculus.xrstreamingclient.MainActivity@a21331c
01-25 16:03:21.391  8440  8473 D VrApi   : isSystemApp = true for com.oculus.xrstreamingclient
01-25 16:03:21.391  8440  8473 I VrApi   : isActivityFocusAware = 0
01-25 16:03:21.391  8440  8473 I VrApi   : Client-driven display vsync: enabled
01-25 16:03:21.475  8440  8473 I VrApi   : ----------- vrapi_Initialize [end] ----------
01-25 16:03:21.495  8440  8473 I VrApi   : ------------ vrapi_CreateSystemVulkan -----------
01-25 16:03:21.735  4189  4189 I VrApi   : vrapi_Initialize: Connected to VrRuntimeService after 0.614449s
01-25 16:03:21.790  4189  4189 I VrApi   : SkipPushFinalBlack=1
01-25 16:03:21.790  4189  4189 D VrApi   : isActivityFocusAware context = com.oculus.os.DialogContext@58ab026
01-25 16:03:21.790  4189  4189 D VrApi   : isSystemApp = true for com.android.permissioncontroller
01-25 16:03:21.790  4189  4189 I VrApi   : isActivityFocusAware = 0
01-25 16:03:21.802  4189  4189 I VrApi   : ----------- vrapi_Initialize [end] ----------
01-25 16:03:21.845  8440  8473 I VrApi   : ---------- vrapi_EnterVrMode [start] ----------
01-25 16:03:21.851  8440  8473 D VrApi   : targetSDKVersion 29
01-25 16:03:21.873  8440  8473 I VrApi   : ovrModeParms::VRAPI_MODE_FLAG_RESET_WINDOW_FULLSCREEN = 0
01-25 16:03:21.873  8440  8473 I VrApi   : ovrModeParms::VRAPI_MODE_FLAG_NATIVE_WINDOW = 1
01-25 16:03:21.873  8440  8473 I VrApi   : ovrModeParms::VRAPI_MODE_FLAG_FRONT_BUFFER_SRGB = 0
01-25 16:03:21.873  8440  8473 I VrApi   : ovrModeParms::VRAPI_MODE_FLAG_PHASE_SYNC = 0
01-25 16:03:21.873  8440  8473 I VrApi   : ovrModeParms::VRAPI_MODE_FLAG_APP_SPACE_WARP = 0
01-25 16:03:21.873  8440  8473 I VrApi   : PhaseSync disabled
01-25 16:03:21.873  8440  8473 I VrApi   : HMD sensor attached.
01-25 16:03:21.879  8440  8473 I VrApi   : Creating Default swapchain
01-25 16:03:21.879  8440  8473 I VrApi   : Creating Loading Icon swapchain
01-25 16:03:21.879  8440  8473 I VrApi   : OVR::Stats thread started
01-25 16:03:21.879  8440  8473 I VrApi   : Initial BaseVsync 25309 
01-25 16:03:21.879  8440  8473 I VrApi   : ---------- vrapi_EnterVrMode [end] ----------
01-25 16:03:21.879  8440  8473 I VrApi   : vrapi_SetDisplayRefreshRate: display refresh rate supported 72.000000
01-25 16:03:21.881  8440  8589 D VrApi   : targetSDKVersion 29
01-25 16:03:21.903  8440  8589 D VrApi   : VrApi::isWifiConnected exception: Make sure android.permission.ACCESS_NETWORK_STATE is set in the manifest.
01-25 16:03:21.906  4189  4189 I VrApi   : ------------ vrapi_Shutdown [start] -----------
01-25 16:03:21.907  4189  4189 W VrApi   : IsOvrValid: ovr == nullptr. Package: com.android.permissioncontroller
01-25 16:03:21.934  4189  4189 I VrApi   : ------------ vrapi_Shutdown [end] -----------
01-25 16:03:23.006  8440  8589 I VrApi   : FPS=0/72,Prd=0ms,Tear=0,Early=0,Stale=0,VSnc=1,Lat=0,Fov=0,CPU4/GPU=0/0,2419/305MHz,OC=FF,TA=0/0/0,SP=N/N/N,Mem=2092MHz,Free=8705MB,PLS=0,Temp=0.0C/0.0C,TW=2.00ms,App=0.00ms,GD=0.00ms,CPU&GPU=0.00ms,LCnt=2(DR0,LM2),GPU%=0.00,CPU%=0.00(W0.00),DSF=1.00,CFL=17.76/21.76
01-25 16:03:24.002  8440  8589 I VrApi   : FPS=0/72,Prd=0ms,Tear=0,Early=0,Stale=0,VSnc=1,Lat=0,Fov=0,CPU4/GPU=0/0,2419/305MHz,OC=FF,TA=0/0/0,SP=N/N/N,Mem=2092MHz,Free=8705MB,PLS=0,Temp=0.0C/0.0C,TW=2.00ms,App=0.00ms,GD=0.00ms,CPU&GPU=0.00ms,LCnt=2(DR0,LM2),GPU%=0.00,CPU%=0.00(W0.00),DSF=1.00,CFL=17.76/21.76
01-25 16:03:25.002  8440  8589 I VrApi   : FPS=0/72,Prd=0ms,Tear=0,Early=0,Stale=0,VSnc=1,Lat=0,Fov=0,CPU4/GPU=0/0,2419/305MHz,OC=FF,TA=0/0/0,SP=N/N/N,Mem=2092MHz,Free=8705MB,PLS=0,Temp=0.0C/0.0C,TW=2.00ms,App=0.00ms,GD=0.00ms,CPU&GPU=0.00ms,LCnt=2(DR0,LM2),GPU%=0.00,CPU%=0.00(W0.00),DSF=1.00,CFL=17.76/21.76
01-25 16:03:26.002  8440  8589 I VrApi   : FPS=0/72,Prd=0ms,Tear=0,Early=0,Stale=0,VSnc=1,Lat=0,Fov=0,CPU4/GPU=0/0,2419/305MHz,OC=FF,TA=0/0/0,SP=N/N/N,Mem=2092MHz,Free=8705MB,PLS=0,Temp=0.0C/0.0C,TW=2.00ms,App=0.00ms,GD=0.00ms,CPU&GPU=0.00ms,LCnt=2(DR0,LM2),GPU%=0.00,CPU%=0.00(W0.00),DSF=1.00,CFL=17.76/21.76
01-25 16:03:27.003  8440  8589 I VrApi   : FPS=0/72,Prd=0ms,Tear=0,Early=0,Stale=0,VSnc=1,Lat=0,Fov=0,CPU4/GPU=0/0,710/305MHz,OC=FF,TA=0/0/0,SP=N/N/N,Mem=2092MHz,Free=8705MB,PLS=0,Temp=0.0C/0.0C,TW=2.00ms,App=0.00ms,GD=0.00ms,CPU&GPU=0.00ms,LCnt=2(DR0,LM2),GPU%=0.00,CPU%=0.00(W0.00),DSF=1.00,CFL=17.76/21.76
01-25 16:03:28.003  8440  8589 I VrApi   : FPS=0/72,Prd=0ms,Tear=0,Early=0,Stale=0,VSnc=1,Lat=0,Fov=0,CPU4/GPU=0/0,710/305MHz,OC=FF,TA=0/0/0,SP=N/N/N,Mem=2092MHz,Free=8705MB,PLS=0,Temp=0.0C/0.0C,TW=2.00ms,App=0.00ms,GD=0.00ms,CPU&GPU=0.00ms,LCnt=2(DR0,LM2),GPU%=0.00,CPU%=0.00(W0.00),DSF=1.00,CFL=17.76/21.76
01-25 16:03:29.003  8440  8589 I VrApi   : FPS=0/72,Prd=0ms,Tear=0,Early=0,Stale=0,VSnc=1,Lat=0,Fov=0,CPU4/GPU=0/0,710/305MHz,OC=FF,TA=0/0/0,SP=N/N/N,Mem=1555MHz,Free=8705MB,PLS=0,Temp=0.0C/0.0C,TW=2.00ms,App=0.00ms,GD=0.00ms,CPU&GPU=0.00ms,LCnt=2(DR0,LM2),GPU%=0.00,CPU%=0.00(W0.00),DSF=1.00,CFL=17.76/21.76
01-25 16:03:30.003  8440  8589 I VrApi   : FPS=0/72,Prd=0ms,Tear=0,Early=0,Stale=0,VSnc=1,Lat=0,Fov=0,CPU4/GPU=0/0,710/305MHz,OC=FF,TA=0/0/0,SP=N/N/N,Mem=1555MHz,Free=8705MB,PLS=0,Temp=0.0C/0.0C,TW=2.00ms,App=0.00ms,GD=0.00ms,CPU&GPU=0.00ms,LCnt=2(DR0,LM2),GPU%=0.00,CPU%=0.00(W0.00),DSF=1.00,CFL=17.76/21.76
01-25 16:03:31.004  8440  8589 I VrApi   : FPS=0/72,Prd=0ms,Tear=0,Early=0,Stale=0,VSnc=1,Lat=0,Fov=0,CPU4/GPU=0/0,710/305MHz,OC=FF,TA=0/0/0,SP=N/N/N,Mem=1555MHz,Free=8705MB,PLS=0,Temp=0.0C/0.0C,TW=2.00ms,App=0.00ms,GD=0.00ms,CPU&GPU=0.00ms,LCnt=2(DR0,LM2),GPU%=0.00,CPU%=0.00(W0.00),DSF=1.00,CFL=17.76/21.76
01-25 16:03:32.003  8440  8589 I VrApi   : FPS=0/72,Prd=0ms,Tear=0,Early=0,Stale=0,VSnc=1,Lat=0,Fov=0,CPU4/GPU=0/0,710/305MHz,OC=FF,TA=0/0/0,SP=N/N/N,Mem=1555MHz,Free=8705MB,PLS=0,Temp=0.0C/0.0C,TW=2.00ms,App=0.00ms,GD=0.00ms,CPU&GPU=0.00ms,LCnt=2(DR0,LM2),GPU%=0.00,CPU%=0.00(W0.00),DSF=1.00,CFL=17.76/21.76
01-25 16:03:33.003  8440  8589 I VrApi   : FPS=0/72,Prd=0ms,Tear=0,Early=0,Stale=0,VSnc=1,Lat=0,Fov=0,CPU4/GPU=0/0,710/305MHz,OC=FF,TA=0/0/0,SP=N/N/N,Mem=1555MHz,Free=8705MB,PLS=0,Temp=0.0C/0.0C,TW=2.00ms,App=0.00ms,GD=0.00ms,CPU&GPU=0.00ms,LCnt=2(DR0,LM2),GPU%=0.00,CPU%=0.00(W0.00),DSF=1.00,CFL=17.76/21.76
01-25 16:03:34.003  8440  8589 I VrApi   : FPS=0/72,Prd=0ms,Tear=0,Early=0,Stale=0,VSnc=1,Lat=0,Fov=0,CPU4/GPU=0/0,710/305MHz,OC=FF,TA=0/0/0,SP=N/N/N,Mem=1555MHz,Free=8705MB,PLS=0,Temp=0.0C/0.0C,TW=2.00ms,App=0.00ms,GD=0.00ms,CPU&GPU=0.00ms,LCnt=2(DR0,LM2),GPU%=0.00,CPU%=0.00(W0.00),DSF=1.00,CFL=17.76/21.76
01-25 16:03:35.004  8440  8589 I VrApi   : FPS=0/72,Prd=0ms,Tear=0,Early=0,Stale=0,VSnc=1,Lat=0,Fov=0,CPU4/GPU=0/0,710/305MHz,OC=FF,TA=0/0/0,SP=N/N/N,Mem=1555MHz,Free=8705MB,PLS=0,Temp=0.0C/0.0C,TW=2.00ms,App=0.00ms,GD=0.00ms,CPU&GPU=0.00ms,LCnt=2(DR0,LM2),GPU%=0.00,CPU%=0.00(W0.00),DSF=1.00,CFL=17.76/21.76
01-25 16:03:36.004  8440  8589 I VrApi   : FPS=0/72,Prd=0ms,Tear=0,Early=0,Stale=0,VSnc=1,Lat=0,Fov=0,CPU4/GPU=0/0,710/305MHz,OC=FF,TA=0/0/0,SP=N/N/N,Mem=1555MHz,Free=8705MB,PLS=0,Temp=0.0C/0.0C,TW=2.00ms,App=0.00ms,GD=0.00ms,CPU&GPU=0.00ms,LCnt=2(DR0,LM2),GPU%=0.00,CPU%=0.00(W0.00),DSF=1.00,CFL=17.76/21.76
01-25 16:03:37.004  8440  8589 I VrApi   : FPS=0/72,Prd=0ms,Tear=0,Early=0,Stale=0,VSnc=1,Lat=0,Fov=0,CPU4/GPU=0/0,710/305MHz,OC=FF,TA=0/0/0,SP=N/N/N,Mem=1804MHz,Free=8705MB,PLS=0,Temp=0.0C/0.0C,TW=2.00ms,App=0.00ms,GD=0.00ms,CPU&GPU=0.00ms,LCnt=2(DR0,LM2),GPU%=0.00,CPU%=0.00(W0.00),DSF=1.00,CFL=17.76/21.76
01-25 16:03:38.004  8440  8589 I VrApi   : FPS=0/72,Prd=0ms,Tear=0,Early=0,Stale=0,VSnc=1,Lat=0,Fov=0,CPU4/GPU=0/0,710/305MHz,OC=FF,TA=0/0/0,SP=N/N/N,Mem=1804MHz,Free=8705MB,PLS=0,Temp=0.0C/0.0C,TW=2.00ms,App=0.00ms,GD=0.00ms,CPU&GPU=0.00ms,LCnt=2(DR0,LM2),GPU%=0.00,CPU%=0.00(W0.00),DSF=1.00,CFL=17.76/21.76
01-25 16:03:39.004  8440  8589 I VrApi   : FPS=0/72,Prd=0ms,Tear=0,Early=0,Stale=0,VSnc=1,Lat=0,Fov=0,CPU4/GPU=0/0,710/305MHz,OC=FF,TA=0/0/0,SP=N/N/N,Mem=1555MHz,Free=8705MB,PLS=0,Temp=0.0C/0.0C,TW=2.00ms,App=0.00ms,GD=0.00ms,CPU&GPU=0.00ms,LCnt=2(DR0,LM2),GPU%=0.00,CPU%=0.00(W0.00),DSF=1.00,CFL=17.76/21.76
01-25 16:03:40.004  8440  8589 I VrApi   : FPS=0/72,Prd=0ms,Tear=0,Early=0,Stale=0,VSnc=1,Lat=0,Fov=0,CPU4/GPU=0/0,710/305MHz,OC=FF,TA=0/0/0,SP=N/N/N,Mem=1804MHz,Free=8705MB,PLS=0,Temp=0.0C/0.0C,TW=2.00ms,App=0.00ms,GD=0.00ms,CPU&GPU=0.00ms,LCnt=2(DR0,LM2),GPU%=0.00,CPU%=0.00(W0.00),DSF=1.00,CFL=17.76/21.76
01-25 16:03:41.004  8440  8589 I VrApi   : FPS=0/72,Prd=0ms,Tear=0,Early=0,Stale=0,VSnc=1,Lat=0,Fov=0,CPU4/GPU=0/0,710/305MHz,OC=FF,TA=0/0/0,SP=N/N/N,Mem=1555MHz,Free=8705MB,PLS=0,Temp=0.0C/0.0C,TW=2.00ms,App=0.00ms,GD=0.00ms,CPU&GPU=0.00ms,LCnt=2(DR0,LM2),GPU%=0.00,CPU%=0.00(W0.00),DSF=1.00,CFL=17.76/21.76
01-25 16:03:42.004  8440  8589 I VrApi   : FPS=0/72,Prd=0ms,Tear=0,Early=0,Stale=0,VSnc=1,Lat=0,Fov=0,CPU4/GPU=0/0,710/305MHz,OC=FF,TA=0/0/0,SP=N/N/N,Mem=1555MHz,Free=8705MB,PLS=0,Temp=0.0C/0.0C,TW=2.00ms,App=0.00ms,GD=0.00ms,CPU&GPU=0.00ms,LCnt=2(DR0,LM2),GPU%=0.00,CPU%=0.00(W0.00),DSF=1.00,CFL=17.76/21.76
01-25 16:03:43.009  8440  8589 I VrApi   : FPS=0/72,Prd=0ms,Tear=0,Early=0,Stale=0,VSnc=1,Lat=0,Fov=0,CPU4/GPU=0/0,710/305MHz,OC=FF,TA=0/0/0,SP=N/N/N,Mem=1555MHz,Free=8838MB,PLS=0,Temp=0.0C/0.0C,TW=2.00ms,App=0.00ms,GD=0.00ms,CPU&GPU=0.00ms,LCnt=2(DR0,LM2),GPU%=0.00,CPU%=0.00(W0.00),DSF=1.00,CFL=17.76/21.76
01-25 16:03:44.005  8440  8589 I VrApi   : FPS=0/72,Prd=0ms,Tear=0,Early=0,Stale=0,VSnc=1,Lat=0,Fov=0,CPU4/GPU=0/0,710/305MHz,OC=FF,TA=0/0/0,SP=N/N/N,Mem=1804MHz,Free=8838MB,PLS=0,Temp=0.0C/0.0C,TW=2.00ms,App=0.00ms,GD=0.00ms,CPU&GPU=0.00ms,LCnt=2(DR0,LM2),GPU%=0.00,CPU%=0.00(W0.00),DSF=1.00,CFL=17.76/21.76
01-25 16:03:45.005  8440  8589 I VrApi   : FPS=0/72,Prd=0ms,Tear=0,Early=0,Stale=0,VSnc=1,Lat=0,Fov=0,CPU4/GPU=0/0,710/305MHz,OC=FF,TA=0/0/0,SP=N/N/N,Mem=1804MHz,Free=8838MB,PLS=0,Temp=0.0C/0.0C,TW=2.00ms,App=0.00ms,GD=0.00ms,CPU&GPU=0.00ms,LCnt=2(DR0,LM2),GPU%=0.00,CPU%=0.00(W0.00),DSF=1.00,CFL=17.76/21.76
01-25 16:03:46.004  8440  8589 I VrApi   : FPS=0/72,Prd=0ms,Tear=0,Early=0,Stale=0,VSnc=1,Lat=0,Fov=0,CPU4/GPU=0/0,710/305MHz,OC=FF,TA=0/0/0,SP=N/N/N,Mem=2092MHz,Free=8838MB,PLS=0,Temp=0.0C/0.0C,TW=2.00ms,App=0.00ms,GD=0.00ms,CPU&GPU=0.00ms,LCnt=2(DR0,LM2),GPU%=0.00,CPU%=0.00(W0.00),DSF=1.00,CFL=17.76/21.76
01-25 16:03:47.005  8440  8589 I VrApi   : FPS=0/72,Prd=0ms,Tear=0,Early=0,Stale=0,VSnc=1,Lat=0,Fov=0,CPU4/GPU=0/0,710/305MHz,OC=FF,TA=0/0/0,SP=N/N/N,Mem=2092MHz,Free=8838MB,PLS=0,Temp=0.0C/0.0C,TW=2.00ms,App=0.00ms,GD=0.00ms,CPU&GPU=0.00ms,LCnt=2(DR0,LM2),GPU%=0.00,CPU%=0.00(W0.00),DSF=1.00,CFL=17.76/21.76
01-25 16:03:48.006  8440  8589 I VrApi   : FPS=0/72,Prd=0ms,Tear=0,Early=0,Stale=0,VSnc=1,Lat=0,Fov=0,CPU4/GPU=0/0,710/305MHz,OC=FF,TA=0/0/0,SP=N/N/N,Mem=2092MHz,Free=8838MB,PLS=0,Temp=0.0C/0.0C,TW=2.00ms,App=0.00ms,GD=0.00ms,CPU&GPU=0.00ms,LCnt=2(DR0,LM2),GPU%=0.00,CPU%=0.00(W0.00),DSF=1.00,CFL=17.76/21.76
01-25 16:03:49.005  8440  8589 I VrApi   : FPS=0/72,Prd=0ms,Tear=0,Early=0,Stale=0,VSnc=1,Lat=0,Fov=0,CPU4/GPU=0/0,710/305MHz,OC=FF,TA=0/0/0,SP=N/N/N,Mem=2092MHz,Free=8838MB,PLS=0,Temp=0.0C/0.0C,TW=2.00ms,App=0.00ms,GD=0.00ms,CPU&GPU=0.00ms,LCnt=2(DR0,LM2),GPU%=0.00,CPU%=0.00(W0.00),DSF=1.00,CFL=17.76/21.76
01-25 16:03:50.005  8440  8589 I VrApi   : FPS=0/72,Prd=0ms,Tear=0,Early=0,Stale=0,VSnc=1,Lat=0,Fov=0,CPU4/GPU=0/0,710/305MHz,OC=FF,TA=0/0/0,SP=N/N/N,Mem=1555MHz,Free=8838MB,PLS=0,Temp=0.0C/0.0C,TW=2.00ms,App=0.00ms,GD=0.00ms,CPU&GPU=0.00ms,LCnt=2(DR0,LM2),GPU%=0.00,CPU%=0.00(W0.00),DSF=1.00,CFL=17.76/21.76
01-25 16:03:51.005  8440  8589 I VrApi   : FPS=0/72,Prd=0ms,Tear=0,Early=0,Stale=0,VSnc=1,Lat=0,Fov=0,CPU4/GPU=0/0,710/305MHz,OC=FF,TA=0/0/0,SP=N/N/N,Mem=2092MHz,Free=8838MB,PLS=0,Temp=0.0C/0.0C,TW=2.00ms,App=0.00ms,GD=0.00ms,CPU&GPU=0.00ms,LCnt=2(DR0,LM2),GPU%=0.00,CPU%=0.00(W0.00),DSF=1.00,CFL=17.76/21.76
01-25 16:03:52.005  8440  8589 I VrApi   : FPS=0/72,Prd=0ms,Tear=0,Early=0,Stale=0,VSnc=1,Lat=0,Fov=0,CPU4/GPU=0/0,710/305MHz,OC=FF,TA=0/0/0,SP=N/N/N,Mem=1555MHz,Free=8838MB,PLS=0,Temp=0.0C/0.0C,TW=2.00ms,App=0.00ms,GD=0.00ms,CPU&GPU=0.00ms,LCnt=2(DR0,LM2),GPU%=0.00,CPU%=0.00(W0.00),DSF=1.00,CFL=17.76/21.76
01-25 16:03:53.005  8440  8589 I VrApi   : FPS=0/72,Prd=0ms,Tear=0,Early=0,Stale=0,VSnc=1,Lat=0,Fov=0,CPU4/GPU=0/0,710/305MHz,OC=FF,TA=0/0/0,SP=N/N/N,Mem=1555MHz,Free=8838MB,PLS=0,Temp=0.0C/0.0C,TW=2.00ms,App=0.00ms,GD=0.00ms,CPU&GPU=0.00ms,LCnt=2(DR0,LM2),GPU%=0.00,CPU%=0.00(W0.00),DSF=1.00,CFL=17.76/21.76
01-25 16:03:54.005  8440  8589 I VrApi   : FPS=0/72,Prd=0ms,Tear=0,Early=0,Stale=0,VSnc=1,Lat=0,Fov=0,CPU4/GPU=0/0,710/305MHz,OC=FF,TA=0/0/0,SP=N/N/N,Mem=1555MHz,Free=8838MB,PLS=0,Temp=0.0C/0.0C,TW=2.00ms,App=0.00ms,GD=0.00ms,CPU&GPU=0.00ms,LCnt=2(DR0,LM2),GPU%=0.00,CPU%=0.00(W0.00),DSF=1.00,CFL=17.76/21.76
01-25 16:03:55.005  8440  8589 I VrApi   : FPS=0/72,Prd=0ms,Tear=0,Early=0,Stale=0,VSnc=1,Lat=0,Fov=0,CPU4/GPU=0/0,710/305MHz,OC=FF,TA=0/0/0,SP=N/N/N,Mem=1555MHz,Free=8838MB,PLS=0,Temp=0.0C/0.0C,TW=2.00ms,App=0.00ms,GD=0.00ms,CPU&GPU=0.00ms,LCnt=2(DR0,LM2),GPU%=0.00,CPU%=0.00(W0.00),DSF=1.00,CFL=17.76/21.76
01-25 16:03:56.005  8440  8589 I VrApi   : FPS=0/72,Prd=0ms,Tear=0,Early=0,Stale=0,VSnc=1,Lat=0,Fov=0,CPU4/GPU=0/0,710/305MHz,OC=FF,TA=0/0/0,SP=N/N/N,Mem=1555MHz,Free=8838MB,PLS=0,Temp=0.0C/0.0C,TW=2.00ms,App=0.00ms,GD=0.00ms,CPU&GPU=0.00ms,LCnt=2(DR0,LM2),GPU%=0.00,CPU%=0.00(W0.00),DSF=1.00,CFL=17.76/21.76
01-25 16:03:57.005  8440  8589 I VrApi   : FPS=0/72,Prd=0ms,Tear=0,Early=0,Stale=0,VSnc=1,Lat=0,Fov=0,CPU4/GPU=0/0,710/305MHz,OC=FF,TA=0/0/0,SP=N/N/N,Mem=1555MHz,Free=8838MB,PLS=0,Temp=0.0C/0.0C,TW=2.00ms,App=0.00ms,GD=0.00ms,CPU&GPU=0.00ms,LCnt=2(DR0,LM2),GPU%=0.00,CPU%=0.00(W0.00),DSF=1.00,CFL=17.76/21.76
01-25 16:03:58.005  8440  8589 I VrApi   : FPS=0/72,Prd=0ms,Tear=0,Early=0,Stale=0,VSnc=1,Lat=0,Fov=0,CPU4/GPU=0/0,710/305MHz,OC=FF,TA=0/0/0,SP=N/N/N,Mem=1555MHz,Free=8838MB,PLS=0,Temp=0.0C/0.0C,TW=2.00ms,App=0.00ms,GD=0.00ms,CPU&GPU=0.00ms,LCnt=2(DR0,LM2),GPU%=0.00,CPU%=0.00(W0.00),DSF=1.00,CFL=17.76/21.76
01-25 16:03:59.006  8440  8589 I VrApi   : FPS=0/72,Prd=0ms,Tear=0,Early=0,Stale=0,VSnc=1,Lat=0,Fov=0,CPU4/GPU=0/0,710/305MHz,OC=FF,TA=0/0/0,SP=N/N/N,Mem=1555MHz,Free=8838MB,PLS=0,Temp=0.0C/0.0C,TW=2.00ms,App=0.00ms,GD=0.00ms,CPU&GPU=0.00ms,LCnt=2(DR0,LM2),GPU%=0.00,CPU%=0.00(W0.00),DSF=1.00,CFL=17.76/21.76
01-25 16:04:00.008  8440  8589 I VrApi   : FPS=0/72,Prd=0ms,Tear=0,Early=0,Stale=0,VSnc=1,Lat=0,Fov=0,CPU4/GPU=0/0,710/305MHz,OC=FF,TA=0/0/0,SP=N/N/N,Mem=1555MHz,Free=8838MB,PLS=0,Temp=0.0C/0.0C,TW=2.00ms,App=0.00ms,GD=0.00ms,CPU&GPU=0.00ms,LCnt=2(DR0,LM2),GPU%=0.00,CPU%=0.00(W0.00),DSF=1.00,CFL=17.76/21.76
01-25 16:04:01.007  8440  8589 I VrApi   : FPS=0/72,Prd=0ms,Tear=0,Early=0,Stale=0,VSnc=1,Lat=0,Fov=0,CPU4/GPU=0/0,710/305MHz,OC=FF,TA=0/0/0,SP=N/N/N,Mem=1804MHz,Free=8838MB,PLS=0,Temp=0.0C/0.0C,TW=2.00ms,App=0.00ms,GD=0.00ms,CPU&GPU=0.00ms,LCnt=2(DR0,LM2),GPU%=0.00,CPU%=0.00(W0.00),DSF=1.00,CFL=17.76/21.76
01-25 16:04:02.005  8440  8589 I VrApi   : FPS=0/72,Prd=0ms,Tear=0,Early=0,Stale=0,VSnc=1,Lat=0,Fov=0,CPU4/GPU=0/0,710/305MHz,OC=FF,TA=0/0/0,SP=N/N/N,Mem=1804MHz,Free=8838MB,PLS=0,Temp=0.0C/0.0C,TW=2.00ms,App=0.00ms,GD=0.00ms,CPU&GPU=0.00ms,LCnt=2(DR0,LM2),GPU%=0.00,CPU%=0.00(W0.00),DSF=1.00,CFL=17.76/21.76
01-25 16:04:03.010  8440  8589 I VrApi   : FPS=0/72,Prd=0ms,Tear=0,Early=0,Stale=0,VSnc=1,Lat=0,Fov=0,CPU4/GPU=0/0,710/305MHz,OC=FF,TA=0/0/0,SP=N/N/N,Mem=1804MHz,Free=8829MB,PLS=0,Temp=0.0C/0.0C,TW=2.00ms,App=0.00ms,GD=0.00ms,CPU&GPU=0.00ms,LCnt=2(DR0,LM2),GPU%=0.00,CPU%=0.00(W0.00),DSF=1.00,CFL=17.76/21.76
01-25 16:04:04.006  8440  8589 I VrApi   : FPS=0/72,Prd=0ms,Tear=0,Early=0,Stale=0,VSnc=1,Lat=0,Fov=0,CPU4/GPU=0/0,710/305MHz,OC=FF,TA=0/0/0,SP=N/N/N,Mem=1555MHz,Free=8829MB,PLS=0,Temp=0.0C/0.0C,TW=2.00ms,App=0.00ms,GD=0.00ms,CPU&GPU=0.00ms,LCnt=2(DR0,LM2),GPU%=0.00,CPU%=0.00(W0.00),DSF=1.00,CFL=17.76/21.76
01-25 16:04:05.006  8440  8589 I VrApi   : FPS=0/72,Prd=0ms,Tear=0,Early=0,Stale=0,VSnc=1,Lat=0,Fov=0,CPU4/GPU=0/0,710/305MHz,OC=FF,TA=0/0/0,SP=N/N/N,Mem=1804MHz,Free=8829MB,PLS=0,Temp=0.0C/0.0C,TW=2.00ms,App=0.00ms,GD=0.00ms,CPU&GPU=0.00ms,LCnt=2(DR0,LM2),GPU%=0.00,CPU%=0.00(W0.00),DSF=1.00,CFL=17.76/21.76
01-25 16:04:06.006  8440  8589 I VrApi   : FPS=0/72,Prd=0ms,Tear=0,Early=0,Stale=0,VSnc=1,Lat=0,Fov=0,CPU4/GPU=0/0,710/305MHz,OC=FF,TA=0/0/0,SP=N/N/N,Mem=1804MHz,Free=8829MB,PLS=0,Temp=0.0C/0.0C,TW=2.00ms,App=0.00ms,GD=0.00ms,CPU&GPU=0.00ms,LCnt=2(DR0,LM2),GPU%=0.00,CPU%=0.00(W0.00),DSF=1.00,CFL=17.76/21.76
01-25 16:04:07.006  8440  8589 I VrApi   : FPS=0/72,Prd=0ms,Tear=0,Early=0,Stale=0,VSnc=1,Lat=0,Fov=0,CPU4/GPU=0/0,710/305MHz,OC=FF,TA=0/0/0,SP=N/N/N,Mem=1804MHz,Free=8829MB,PLS=0,Temp=0.0C/0.0C,TW=2.00ms,App=0.00ms,GD=0.00ms,CPU&GPU=0.00ms,LCnt=2(DR0,LM2),GPU%=0.00,CPU%=0.00(W0.00),DSF=1.00,CFL=17.76/21.76
01-25 16:04:08.006  8440  8589 I VrApi   : FPS=0/72,Prd=0ms,Tear=0,Early=0,Stale=0,VSnc=1,Lat=0,Fov=0,CPU4/GPU=0/0,710/305MHz,OC=FF,TA=0/0/0,SP=N/N/N,Mem=1804MHz,Free=8829MB,PLS=0,Temp=0.0C/0.0C,TW=2.00ms,App=0.00ms,GD=0.00ms,CPU&GPU=0.00ms,LCnt=2(DR0,LM2),GPU%=0.00,CPU%=0.00(W0.00),DSF=1.00,CFL=17.76/21.76
01-25 16:04:09.006  8440  8589 I VrApi   : FPS=0/72,Prd=0ms,Tear=0,Early=0,Stale=0,VSnc=1,Lat=0,Fov=0,CPU4/GPU=0/0,710/305MHz,OC=FF,TA=0/0/0,SP=N/N/N,Mem=1804MHz,Free=8829MB,PLS=0,Temp=0.0C/0.0C,TW=2.00ms,App=0.00ms,GD=0.00ms,CPU&GPU=0.00ms,LCnt=2(DR0,LM2),GPU%=0.00,CPU%=0.00(W0.00),DSF=1.00,CFL=17.76/21.76
01-25 16:04:10.006  8440  8589 I VrApi   : FPS=0/72,Prd=0ms,Tear=0,Early=0,Stale=0,VSnc=1,Lat=0,Fov=0,CPU4/GPU=0/0,710/305MHz,OC=FF,TA=0/0/0,SP=N/N/N,Mem=1804MHz,Free=8829MB,PLS=0,Temp=0.0C/0.0C,TW=2.00ms,App=0.00ms,GD=0.00ms,CPU&GPU=0.00ms,LCnt=2(DR0,LM2),GPU%=0.00,CPU%=0.00(W0.00),DSF=1.00,CFL=17.76/21.76
01-25 16:04:11.006  8440  8589 I VrApi   : FPS=0/72,Prd=0ms,Tear=0,Early=0,Stale=0,VSnc=1,Lat=0,Fov=0,CPU4/GPU=0/0,710/305MHz,OC=FF,TA=0/0/0,SP=N/N/N,Mem=1804MHz,Free=8829MB,PLS=0,Temp=0.0C/0.0C,TW=2.00ms,App=0.00ms,GD=0.00ms,CPU&GPU=0.00ms,LCnt=2(DR0,LM2),GPU%=0.00,CPU%=0.00(W0.00),DSF=1.00,CFL=17.76/21.76
01-25 16:04:12.006  8440  8589 I VrApi   : FPS=0/72,Prd=0ms,Tear=0,Early=0,Stale=0,VSnc=1,Lat=0,Fov=0,CPU4/GPU=0/0,710/305MHz,OC=FF,TA=0/0/0,SP=N/N/N,Mem=1804MHz,Free=8829MB,PLS=0,Temp=0.0C/0.0C,TW=2.00ms,App=0.00ms,GD=0.00ms,CPU&GPU=0.00ms,LCnt=2(DR0,LM2),GPU%=0.00,CPU%=0.00(W0.00),DSF=1.00,CFL=17.76/21.76
01-25 16:04:13.007  8440  8589 I VrApi   : FPS=0/72,Prd=0ms,Tear=0,Early=0,Stale=0,VSnc=1,Lat=0,Fov=0,CPU4/GPU=0/0,710/305MHz,OC=FF,TA=0/0/0,SP=N/N/N,Mem=1804MHz,Free=8829MB,PLS=0,Temp=0.0C/0.0C,TW=2.00ms,App=0.00ms,GD=0.00ms,CPU&GPU=0.00ms,LCnt=2(DR0,LM2),GPU%=0.00,CPU%=0.00(W0.00),DSF=1.00,CFL=17.76/21.76
01-25 16:04:14.007  8440  8589 I VrApi   : FPS=0/72,Prd=0ms,Tear=0,Early=0,Stale=0,VSnc=1,Lat=0,Fov=0,CPU4/GPU=0/0,710/305MHz,OC=FF,TA=0/0/0,SP=N/N/N,Mem=1804MHz,Free=8829MB,PLS=0,Temp=0.0C/0.0C,TW=2.00ms,App=0.00ms,GD=0.00ms,CPU&GPU=0.00ms,LCnt=2(DR0,LM2),GPU%=0.00,CPU%=0.00(W0.00),DSF=1.00,CFL=17.76/21.76
01-25 16:04:15.007  8440  8589 I VrApi   : FPS=0/72,Prd=0ms,Tear=0,Early=0,Stale=0,VSnc=1,Lat=0,Fov=0,CPU4/GPU=0/0,710/305MHz,OC=FF,TA=0/0/0,SP=N/N/N,Mem=1804MHz,Free=8829MB,PLS=0,Temp=0.0C/0.0C,TW=2.00ms,App=0.00ms,GD=0.00ms,CPU&GPU=0.00ms,LCnt=2(DR0,LM2),GPU%=0.00,CPU%=0.00(W0.00),DSF=1.00,CFL=17.76/21.76
01-25 16:04:16.007  8440  8589 I VrApi   : FPS=0/72,Prd=0ms,Tear=0,Early=0,Stale=0,VSnc=1,Lat=0,Fov=0,CPU4/GPU=0/0,710/305MHz,OC=FF,TA=0/0/0,SP=N/N/N,Mem=1555MHz,Free=8829MB,PLS=0,Temp=0.0C/0.0C,TW=2.00ms,App=0.00ms,GD=0.00ms,CPU&GPU=0.00ms,LCnt=2(DR0,LM2),GPU%=0.00,CPU%=0.00(W0.00),DSF=1.00,CFL=17.76/21.76
01-25 16:04:17.007  8440  8589 I VrApi   : FPS=0/72,Prd=0ms,Tear=0,Early=0,Stale=0,VSnc=1,Lat=0,Fov=0,CPU4/GPU=0/0,710/305MHz,OC=FF,TA=0/0/0,SP=N/N/N,Mem=1555MHz,Free=8829MB,PLS=0,Temp=0.0C/0.0C,TW=2.00ms,App=0.00ms,GD=0.00ms,CPU&GPU=0.00ms,LCnt=2(DR0,LM2),GPU%=0.00,CPU%=0.00(W0.00),DSF=1.00,CFL=17.76/21.76
01-25 16:04:18.007  8440  8589 I VrApi   : FPS=0/72,Prd=0ms,Tear=0,Early=0,Stale=0,VSnc=1,Lat=0,Fov=0,CPU4/GPU=0/0,710/305MHz,OC=FF,TA=0/0/0,SP=N/N/N,Mem=1555MHz,Free=8829MB,PLS=0,Temp=0.0C/0.0C,TW=2.00ms,App=0.00ms,GD=0.00ms,CPU&GPU=0.00ms,LCnt=2(DR0,LM2),GPU%=0.00,CPU%=0.00(W0.00),DSF=1.00,CFL=17.76/21.76
01-25 16:04:19.007  8440  8589 I VrApi   : FPS=0/72,Prd=0ms,Tear=0,Early=0,Stale=0,VSnc=1,Lat=0,Fov=0,CPU4/GPU=0/0,710/305MHz,OC=FF,TA=0/0/0,SP=N/N/N,Mem=1555MHz,Free=8829MB,PLS=0,Temp=0.0C/0.0C,TW=2.00ms,App=0.00ms,GD=0.00ms,CPU&GPU=0.00ms,LCnt=2(DR0,LM2),GPU%=0.00,CPU%=0.00(W0.00),DSF=1.00,CFL=17.76/21.76
01-25 16:04:20.007  8440  8589 I VrApi   : FPS=0/72,Prd=0ms,Tear=0,Early=0,Stale=0,VSnc=1,Lat=0,Fov=0,CPU4/GPU=0/0,710/305MHz,OC=FF,TA=0/0/0,SP=N/N/N,Mem=1555MHz,Free=8829MB,PLS=0,Temp=0.0C/0.0C,TW=2.00ms,App=0.00ms,GD=0.00ms,CPU&GPU=0.00ms,LCnt=2(DR0,LM2),GPU%=0.00,CPU%=0.00(W0.00),DSF=1.00,CFL=17.76/21.76
01-25 16:04:21.007  8440  8589 I VrApi   : FPS=0/72,Prd=0ms,Tear=0,Early=0,Stale=0,VSnc=1,Lat=0,Fov=0,CPU4/GPU=0/0,710/305MHz,OC=FF,TA=0/0/0,SP=N/N/N,Mem=1555MHz,Free=8829MB,PLS=0,Temp=0.0C/0.0C,TW=2.00ms,App=0.00ms,GD=0.00ms,CPU&GPU=0.00ms,LCnt=2(DR0,LM2),GPU%=0.00,CPU%=0.00(W0.00),DSF=1.00,CFL=17.76/21.76
01-25 16:04:22.008  8440  8589 I VrApi   : FPS=0/72,Prd=0ms,Tear=0,Early=0,Stale=0,VSnc=1,Lat=0,Fov=0,CPU4/GPU=0/0,710/305MHz,OC=FF,TA=0/0/0,SP=N/N/N,Mem=1555MHz,Free=8829MB,PLS=0,Temp=0.0C/0.0C,TW=2.00ms,App=0.00ms,GD=0.00ms,CPU&GPU=0.00ms,LCnt=2(DR0,LM2),GPU%=0.00,CPU%=0.00(W0.00),DSF=1.00,CFL=17.76/21.76
01-25 16:04:23.012  8440  8589 I VrApi   : FPS=0/72,Prd=0ms,Tear=0,Early=0,Stale=0,VSnc=1,Lat=0,Fov=0,CPU4/GPU=0/0,710/305MHz,OC=FF,TA=0/0/0,SP=N/N/N,Mem=1804MHz,Free=8829MB,PLS=0,Temp=0.0C/0.0C,TW=2.00ms,App=0.00ms,GD=0.00ms,CPU&GPU=0.00ms,LCnt=2(DR0,LM2),GPU%=0.00,CPU%=0.00(W0.00),DSF=1.00,CFL=17.76/21.76
01-25 16:04:24.007  8440  8589 I VrApi   : FPS=0/72,Prd=0ms,Tear=0,Early=0,Stale=0,VSnc=1,Lat=0,Fov=0,CPU4/GPU=0/0,710/305MHz,OC=FF,TA=0/0/0,SP=N/N/N,Mem=1555MHz,Free=8829MB,PLS=0,Temp=0.0C/0.0C,TW=2.00ms,App=0.00ms,GD=0.00ms,CPU&GPU=0.00ms,LCnt=2(DR0,LM2),GPU%=0.00,CPU%=0.00(W0.00),DSF=1.00,CFL=17.76/21.76
01-25 16:04:25.007  8440  8589 I VrApi   : FPS=0/72,Prd=0ms,Tear=0,Early=0,Stale=0,VSnc=1,Lat=0,Fov=0,CPU4/GPU=0/0,710/305MHz,OC=FF,TA=0/0/0,SP=N/N/N,Mem=1804MHz,Free=8829MB,PLS=0,Temp=0.0C/0.0C,TW=2.00ms,App=0.00ms,GD=0.00ms,CPU&GPU=0.00ms,LCnt=2(DR0,LM2),GPU%=0.00,CPU%=0.00(W0.00),DSF=1.00,CFL=17.76/21.76
01-25 16:04:26.008  8440  8589 I VrApi   : FPS=0/72,Prd=0ms,Tear=0,Early=0,Stale=0,VSnc=1,Lat=0,Fov=0,CPU4/GPU=0/0,710/305MHz,OC=FF,TA=0/0/0,SP=N/N/N,Mem=1804MHz,Free=8829MB,PLS=0,Temp=0.0C/0.0C,TW=2.00ms,App=0.00ms,GD=0.00ms,CPU&GPU=0.00ms,LCnt=2(DR0,LM2),GPU%=0.00,CPU%=0.00(W0.00),DSF=1.00,CFL=17.76/21.76
01-25 16:04:27.008  8440  8589 I VrApi   : FPS=0/72,Prd=0ms,Tear=0,Early=0,Stale=0,VSnc=1,Lat=0,Fov=0,CPU4/GPU=0/0,710/305MHz,OC=FF,TA=0/0/0,SP=N/N/N,Mem=1555MHz,Free=8829MB,PLS=0,Temp=0.0C/0.0C,TW=2.00ms,App=0.00ms,GD=0.00ms,CPU&GPU=0.00ms,LCnt=2(DR0,LM2),GPU%=0.00,CPU%=0.00(W0.00),DSF=1.00,CFL=17.76/21.76
01-25 16:04:28.009  8440  8589 I VrApi   : FPS=0/72,Prd=0ms,Tear=0,Early=0,Stale=0,VSnc=1,Lat=0,Fov=0,CPU4/GPU=0/0,710/305MHz,OC=FF,TA=0/0/0,SP=N/N/N,Mem=1555MHz,Free=8829MB,PLS=0,Temp=0.0C/0.0C,TW=2.00ms,App=0.00ms,GD=0.00ms,CPU&GPU=0.00ms,LCnt=2(DR0,LM2),GPU%=0.00,CPU%=0.00(W0.00),DSF=1.00,CFL=17.76/21.76
01-25 16:04:29.008  8440  8589 I VrApi   : FPS=0/72,Prd=0ms,Tear=0,Early=0,Stale=0,VSnc=1,Lat=0,Fov=0,CPU4/GPU=0/0,710/305MHz,OC=FF,TA=0/0/0,SP=N/N/N,Mem=1555MHz,Free=8829MB,PLS=0,Temp=0.0C/0.0C,TW=2.00ms,App=0.00ms,GD=0.00ms,CPU&GPU=0.00ms,LCnt=2(DR0,LM2),GPU%=0.00,CPU%=0.00(W0.00),DSF=1.00,CFL=17.76/21.76
01-25 16:04:30.008  8440  8589 I VrApi   : FPS=0/72,Prd=0ms,Tear=0,Early=0,Stale=0,VSnc=1,Lat=0,Fov=0,CPU4/GPU=0/0,710/305MHz,OC=FF,TA=0/0/0,SP=N/N/N,Mem=1555MHz,Free=8829MB,PLS=0,Temp=0.0C/0.0C,TW=2.00ms,App=0.00ms,GD=0.00ms,CPU&GPU=0.00ms,LCnt=2(DR0,LM2),GPU%=0.00,CPU%=0.00(W0.00),DSF=1.00,CFL=17.76/21.76
01-25 16:04:31.008  8440  8589 I VrApi   : FPS=0/72,Prd=0ms,Tear=0,Early=0,Stale=0,VSnc=1,Lat=0,Fov=0,CPU4/GPU=0/0,710/305MHz,OC=FF,TA=0/0/0,SP=N/N/N,Mem=1555MHz,Free=8829MB,PLS=0,Temp=0.0C/0.0C,TW=2.00ms,App=0.00ms,GD=0.00ms,CPU&GPU=0.00ms,LCnt=2(DR0,LM2),GPU%=0.00,CPU%=0.00(W0.00),DSF=1.00,CFL=17.76/21.76
01-25 16:04:32.008  8440  8589 I VrApi   : FPS=0/72,Prd=0ms,Tear=0,Early=0,Stale=0,VSnc=1,Lat=0,Fov=0,CPU4/GPU=0/0,710/305MHz,OC=FF,TA=0/0/0,SP=N/N/N,Mem=1555MHz,Free=8829MB,PLS=0,Temp=0.0C/0.0C,TW=2.00ms,App=0.00ms,GD=0.00ms,CPU&GPU=0.00ms,LCnt=2(DR0,LM2),GPU%=0.00,CPU%=0.00(W0.00),DSF=1.00,CFL=17.76/21.76
01-25 16:04:33.008  8440  8589 I VrApi   : FPS=0/72,Prd=0ms,Tear=0,Early=0,Stale=0,VSnc=1,Lat=0,Fov=0,CPU4/GPU=0/0,710/305MHz,OC=FF,TA=0/0/0,SP=N/N/N,Mem=1555MHz,Free=8829MB,PLS=0,Temp=0.0C/0.0C,TW=2.00ms,App=0.00ms,GD=0.00ms,CPU&GPU=0.00ms,LCnt=2(DR0,LM2),GPU%=0.00,CPU%=0.00(W0.00),DSF=1.00,CFL=17.76/21.76
01-25 16:04:34.008  8440  8589 I VrApi   : FPS=0/72,Prd=0ms,Tear=0,Early=0,Stale=0,VSnc=1,Lat=0,Fov=0,CPU4/GPU=0/0,710/305MHz,OC=FF,TA=0/0/0,SP=N/N/N,Mem=1555MHz,Free=8829MB,PLS=0,Temp=0.0C/0.0C,TW=2.00ms,App=0.00ms,GD=0.00ms,CPU&GPU=0.00ms,LCnt=2(DR0,LM2),GPU%=0.00,CPU%=0.00(W0.00),DSF=1.00,CFL=17.76/21.76
01-25 16:04:35.008  8440  8589 I VrApi   : FPS=0/72,Prd=0ms,Tear=0,Early=0,Stale=0,VSnc=1,Lat=0,Fov=0,CPU4/GPU=0/0,710/305MHz,OC=FF,TA=0/0/0,SP=N/N/N,Mem=1555MHz,Free=8829MB,PLS=0,Temp=0.0C/0.0C,TW=2.00ms,App=0.00ms,GD=0.00ms,CPU&GPU=0.00ms,LCnt=2(DR0,LM2),GPU%=0.00,CPU%=0.00(W0.00),DSF=1.00,CFL=17.76/21.76
01-25 16:04:36.008  8440  8589 I VrApi   : FPS=0/72,Prd=0ms,Tear=0,Early=0,Stale=0,VSnc=1,Lat=0,Fov=0,CPU4/GPU=0/0,710/305MHz,OC=FF,TA=0/0/0,SP=N/N/N,Mem=1555MHz,Free=8829MB,PLS=0,Temp=0.0C/0.0C,TW=2.00ms,App=0.00ms,GD=0.00ms,CPU&GPU=0.00ms,LCnt=2(DR0,LM2),GPU%=0.00,CPU%=0.00(W0.00),DSF=1.00,CFL=17.76/21.76
01-25 16:04:37.008  8440  8589 I VrApi   : FPS=0/72,Prd=0ms,Tear=0,Early=0,Stale=0,VSnc=1,Lat=0,Fov=0,CPU4/GPU=0/0,710/305MHz,OC=FF,TA=0/0/0,SP=N/N/N,Mem=1555MHz,Free=8829MB,PLS=0,Temp=0.0C/0.0C,TW=2.00ms,App=0.00ms,GD=0.00ms,CPU&GPU=0.00ms,LCnt=2(DR0,LM2),GPU%=0.00,CPU%=0.00(W0.00),DSF=1.00,CFL=17.76/21.76
01-25 16:04:38.008  8440  8589 I VrApi   : FPS=0/72,Prd=0ms,Tear=0,Early=0,Stale=0,VSnc=1,Lat=0,Fov=0,CPU4/GPU=0/0,710/305MHz,OC=FF,TA=0/0/0,SP=N/N/N,Mem=1555MHz,Free=8829MB,PLS=0,Temp=0.0C/0.0C,TW=2.00ms,App=0.00ms,GD=0.00ms,CPU&GPU=0.00ms,LCnt=2(DR0,LM2),GPU%=0.00,CPU%=0.00(W0.00),DSF=1.00,CFL=17.76/21.76
01-25 16:04:39.009  8440  8589 I VrApi   : FPS=0/72,Prd=0ms,Tear=0,Early=0,Stale=0,VSnc=1,Lat=0,Fov=0,CPU4/GPU=0/0,710/305MHz,OC=FF,TA=0/0/0,SP=N/N/N,Mem=1555MHz,Free=8829MB,PLS=0,Temp=0.0C/0.0C,TW=2.00ms,App=0.00ms,GD=0.00ms,CPU&GPU=0.00ms,LCnt=2(DR0,LM2),GPU%=0.00,CPU%=0.00(W0.00),DSF=1.00,CFL=17.76/21.76
01-25 16:04:40.009  8440  8589 I VrApi   : FPS=0/72,Prd=0ms,Tear=0,Early=0,Stale=0,VSnc=1,Lat=0,Fov=0,CPU4/GPU=0/0,710/305MHz,OC=FF,TA=0/0/0,SP=N/N/N,Mem=1555MHz,Free=8829MB,PLS=0,Temp=0.0C/0.0C,TW=2.00ms,App=0.00ms,GD=0.00ms,CPU&GPU=0.00ms,LCnt=2(DR0,LM2),GPU%=0.00,CPU%=0.00(W0.00),DSF=1.00,CFL=17.76/21.76
01-25 16:04:41.008  8440  8589 I VrApi   : FPS=0/72,Prd=0ms,Tear=0,Early=0,Stale=0,VSnc=1,Lat=0,Fov=0,CPU4/GPU=0/0,710/305MHz,OC=FF,TA=0/0/0,SP=N/N/N,Mem=1555MHz,Free=8829MB,PLS=0,Temp=0.0C/0.0C,TW=2.00ms,App=0.00ms,GD=0.00ms,CPU&GPU=0.00ms,LCnt=2(DR0,LM2),GPU%=0.00,CPU%=0.00(W0.00),DSF=1.00,CFL=17.76/21.76
01-25 16:04:42.009  8440  8589 I VrApi   : FPS=0/72,Prd=0ms,Tear=0,Early=0,Stale=0,VSnc=1,Lat=0,Fov=0,CPU4/GPU=0/0,710/305MHz,OC=FF,TA=0/0/0,SP=N/N/N,Mem=1555MHz,Free=8829MB,PLS=0,Temp=0.0C/0.0C,TW=2.00ms,App=0.00ms,GD=0.00ms,CPU&GPU=0.00ms,LCnt=2(DR0,LM2),GPU%=0.00,CPU%=0.00(W0.00),DSF=1.00,CFL=17.76/21.76
01-25 16:04:43.014  8440  8589 I VrApi   : FPS=0/72,Prd=0ms,Tear=0,Early=0,Stale=0,VSnc=1,Lat=0,Fov=0,CPU4/GPU=0/0,710/305MHz,OC=FF,TA=0/0/0,SP=N/N/N,Mem=1555MHz,Free=8828MB,PLS=0,Temp=0.0C/0.0C,TW=2.00ms,App=0.00ms,GD=0.00ms,CPU&GPU=0.00ms,LCnt=2(DR0,LM2),GPU%=0.00,CPU%=0.00(W0.00),DSF=1.00,CFL=17.76/21.76
01-25 16:04:44.009  8440  8589 I VrApi   : FPS=0/72,Prd=0ms,Tear=0,Early=0,Stale=0,VSnc=1,Lat=0,Fov=0,CPU4/GPU=0/0,710/305MHz,OC=FF,TA=0/0/0,SP=N/N/N,Mem=1555MHz,Free=8828MB,PLS=0,Temp=0.0C/0.0C,TW=2.00ms,App=0.00ms,GD=0.00ms,CPU&GPU=0.00ms,LCnt=2(DR0,LM2),GPU%=0.00,CPU%=0.00(W0.00),DSF=1.00,CFL=17.76/21.76
