--------- beginning of tracking
--------- beginning of system
--------- beginning of main
01-25 15:58:40.584  1986  2938 I VrApi   : FPS=90/90,Prd=29ms,Tear=0,Early=0,Stale=0,VSnc=0,Lat=-1,Fov=0,CPU4/GPU=2/3,1171/490MHz,OC=FF,TA=0/70/0,SP=N/N/N,Mem=2092MHz,Free=9001MB,PLS=0,Temp=16.5C/0.0C,TW=3.23ms,App=1.59ms,GD=0.12ms,CPU&GPU=7.23ms,LCnt=4(DR0,LM2),GPU%=0.62,CPU%=0.16(W0.19),DSF=1.00,CFL=18.61/22.84
01-25 15:58:41.577  1986  2938 I VrApi   : FPS=63/90,Prd=29ms,Tear=0,Early=0,Stale=27,VSnc=0,Lat=-1,Fov=0,CPU4/GPU=2/3,1171/490MHz,OC=FF,TA=0/70/0,SP=N/F/N,Mem=1555MHz,Free=9001MB,PLS=0,Temp=16.5C/0.0C,TW=3.23ms,App=1.59ms,GD=0.12ms,CPU&GPU=7.07ms,LCnt=4(DR0,LM2),GPU%=0.61,CPU%=0.24(W0.33),DSF=1.00,CFL=18.73/23.16
01-25 15:58:42.580  1986  2938 I VrApi   : FPS=91/90,Prd=29ms,Tear=0,Early=0,Stale=0,VSnc=0,Lat=-1,Fov=0,CPU4/GPU=2/3,1171/490MHz,OC=FF,TA=0/70/0,SP=N/F/N,Mem=2092MHz,Free=9001MB,PLS=0,Temp=16.5C/0.0C,TW=3.23ms,App=1.55ms,GD=0.12ms,CPU&GPU=7.54ms,LCnt=4(DR0,LM2),GPU%=0.62,CPU%=0.18(W0.27),DSF=1.00,CFL=18.59/22.57
01-25 15:58:43.577  1986  2938 I VrApi   : FPS=90/90,Prd=29ms,Tear=0,Early=0,Stale=0,VSnc=0,Lat=-1,Fov=0,CPU4/GPU=2/3,1171/490MHz,OC=FF,TA=0/70/0,SP=N/F/N,Mem=2092MHz,Free=9001MB,PLS=0,Temp=16.5C/0.0C,TW=3.23ms,App=1.57ms,GD=0.12ms,CPU&GPU=7.36ms,LCnt=4(DR0,LM2),GPU%=0.62,CPU%=0.20(W0.25),DSF=1.00,CFL=18.59/22.25
01-25 15:58:44.578  1986  2938 I VrApi   : FPS=91/90,Prd=29ms,Tear=0,Early=0,Stale=0,VSnc=0,Lat=-1,Fov=0,CPU4/GPU=2/3,1171/490MHz,OC=FF,TA=0/70/0,SP=N/F/N,Mem=2092MHz,Free=9001MB,PLS=0,Temp=16.5C/0.0C,TW=3.23ms,App=1.60ms,GD=0.12ms,CPU&GPU=7.48ms,LCnt=4(DR0,LM2),GPU%=0.62,CPU%=0.19(W0.26),DSF=1.00,CFL=18.70/22.45
01-25 15:58:45.579  1986  2938 I VrApi   : FPS=91/90,Prd=29ms,Tear=0,Early=0,Stale=0,VSnc=0,Lat=-1,Fov=0,CPU4/GPU=2/3,1171/490MHz,OC=FF,TA=0/70/0,SP=N/F/N,Mem=2092MHz,Free=9001MB,PLS=0,Temp=16.5C/0.0C,TW=3.23ms,App=1.51ms,GD=0.12ms,CPU&GPU=7.53ms,LCnt=4(DR0,LM2),GPU%=0.61,CPU%=0.16(W0.21),DSF=1.00,CFL=18.64/22.73
01-25 15:58:46.577  1986  2938 I VrApi   : FPS=90/90,Prd=29ms,Tear=0,Early=0,Stale=0,VSnc=0,Lat=-1,Fov=0,CPU4/GPU=2/3,1171/490MHz,OC=FF,TA=0/70/0,SP=N/F/N,Mem=2092MHz,Free=9001MB,PLS=0,Temp=16.5C/0.0C,TW=3.23ms,App=1.52ms,GD=0.12ms,CPU&GPU=7.55ms,LCnt=4(DR0,LM2),GPU%=0.61,CPU%=0.22(W0.27),DSF=1.00,CFL=18.62/22.40
01-25 15:58:47.578  1986  2938 I VrApi   : FPS=90/90,Prd=29ms,Tear=0,Early=0,Stale=0,VSnc=0,Lat=-1,Fov=0,CPU4/GPU=2/3,1171/490MHz,OC=FF,TA=0/70/0,SP=N/F/N,Mem=2092MHz,Free=9001MB,PLS=0,Temp=16.7C/0.0C,TW=3.24ms,App=1.62ms,GD=0.12ms,CPU&GPU=7.67ms,LCnt=4(DR0,LM2),GPU%=0.61,CPU%=0.24(W0.26),DSF=1.00,CFL=18.63/22.70
01-25 15:58:48.578  1986  2938 I VrApi   : FPS=90/90,Prd=29ms,Tear=0,Early=0,Stale=0,VSnc=0,Lat=-1,Fov=0,CPU4/GPU=2/3,1171/490MHz,OC=FF,TA=0/70/0,SP=N/F/N,Mem=2092MHz,Free=9001MB,PLS=0,Temp=16.7C/0.0C,TW=3.23ms,App=1.64ms,GD=0.12ms,CPU&GPU=7.67ms,LCnt=4(DR0,LM2),GPU%=0.63,CPU%=0.23(W0.30),DSF=1.00,CFL=18.59/22.57
01-25 15:58:49.579  1986  2938 I VrApi   : FPS=90/90,Prd=29ms,Tear=0,Early=0,Stale=0,VSnc=0,Lat=-1,Fov=0,CPU4/GPU=2/3,1171/490MHz,OC=FF,TA=0/70/0,SP=N/F/N,Mem=2092MHz,Free=9001MB,PLS=0,Temp=16.7C/0.0C,TW=3.23ms,App=1.37ms,GD=0.12ms,CPU&GPU=7.47ms,LCnt=4(DR0,LM2),GPU%=0.60,CPU%=0.15(W0.20),DSF=1.00,CFL=18.59/22.25
01-25 15:59:04.579  1986  2938 I VrApi   : FPS=89/90,Prd=29ms,Tear=0,Early=0,Stale=1,VSnc=0,Lat=-1,Fov=0,CPU4/GPU=2/3,1171/490MHz,OC=FF,TA=0/70/0,SP=N/F/N,Mem=2092MHz,Free=8982MB,PLS=0,Temp=16.7C/0.0C,TW=3.23ms,App=1.42ms,GD=0.12ms,CPU&GPU=6.89ms,LCnt=4(DR0,LM2),GPU%=0.60,CPU%=0.20(W0.24),DSF=1.00,CFL=18.43/21.90
01-25 15:59:05.579  1986  2938 I VrApi   : FPS=91/90,Prd=29ms,Tear=0,Early=0,Stale=0,VSnc=0,Lat=-1,Fov=0,CPU4/GPU=2/3,1171/490MHz,OC=FF,TA=0/70/0,SP=N/F/N,Mem=2092MHz,Free=8982MB,PLS=0,Temp=16.7C/0.0C,TW=3.22ms,App=1.75ms,GD=0.12ms,CPU&GPU=7.61ms,LCnt=4(DR0,LM2),GPU%=0.63,CPU%=0.19(W0.20),DSF=1.00,CFL=18.47/22.18
01-25 15:59:06.579  1986  2938 I VrApi   : FPS=91/90,Prd=29ms,Tear=0,Early=0,Stale=0,VSnc=0,Lat=-1,Fov=0,CPU4/GPU=2/3,1171/490MHz,OC=FF,TA=0/70/0,SP=N/F/N,Mem=2092MHz,Free=8982MB,PLS=0,Temp=16.7C/0.0C,TW=3.21ms,App=1.81ms,GD=0.12ms,CPU&GPU=7.78ms,LCnt=4(DR0,LM2),GPU%=0.63,CPU%=0.23(W0.27),DSF=1.00,CFL=18.27/22.74
01-25 15:59:07.579  1986  2938 I VrApi   : FPS=90/90,Prd=29ms,Tear=0,Early=0,Stale=0,VSnc=0,Lat=-1,Fov=0,CPU4/GPU=2/3,1171/490MHz,OC=FF,TA=0/70/0,SP=N/F/N,Mem=2092MHz,Free=8982MB,PLS=0,Temp=17.0C/0.0C,TW=3.20ms,App=1.85ms,GD=0.12ms,CPU&GPU=7.86ms,LCnt=4(DR0,LM2),GPU%=0.63,CPU%=0.19(W0.20),DSF=1.00,CFL=18.15/22.46
01-25 15:59:08.579  1986  2938 I VrApi   : FPS=90/90,Prd=29ms,Tear=0,Early=0,Stale=0,VSnc=0,Lat=-1,Fov=0,CPU4/GPU=2/3,1171/490MHz,OC=FF,TA=0/70/0,SP=N/F/N,Mem=2092MHz,Free=8982MB,PLS=0,Temp=17.0C/0.0C,TW=3.21ms,App=1.91ms,GD=0.12ms,CPU&GPU=7.96ms,LCnt=4(DR0,LM2),GPU%=0.63,CPU%=0.16(W0.21),DSF=1.00,CFL=18.43/21.74
01-25 15:59:09.579  1986  2938 I VrApi   : FPS=90/90,Prd=29ms,Tear=0,Early=0,Stale=0,VSnc=0,Lat=-1,Fov=0,CPU4/GPU=2/3,1171/490MHz,OC=FF,TA=0/70/0,SP=N/F/N,Mem=2092MHz,Free=8982MB,PLS=0,Temp=17.0C/0.0C,TW=3.19ms,App=1.82ms,GD=0.12ms,CPU&GPU=7.91ms,LCnt=4(DR0,LM2),GPU%=0.63,CPU%=0.17(W0.21),DSF=1.00,CFL=18.36/21.76
01-25 15:59:10.583  1986  2938 I VrApi   : FPS=90/90,Prd=28ms,Tear=0,Early=0,Stale=0,VSnc=0,Lat=-1,Fov=0,CPU4/GPU=2/3,1171/490MHz,OC=FF,TA=0/70/0,SP=N/F/N,Mem=2092MHz,Free=8982MB,PLS=0,Temp=17.0C/0.0C,TW=3.21ms,App=1.56ms,GD=0.12ms,CPU&GPU=7.69ms,LCnt=4(DR0,LM2),GPU%=0.61,CPU%=0.25(W0.33),DSF=1.00,CFL=18.29/21.88
01-25 15:59:11.580  1986  2938 I VrApi   : FPS=90/90,Prd=28ms,Tear=0,Early=0,Stale=0,VSnc=0,Lat=-1,Fov=0,CPU4/GPU=2/3,1171/490MHz,OC=FF,TA=0/70/0,SP=N/F/N,Mem=2092MHz,Free=8982MB,PLS=0,Temp=17.0C/0.0C,TW=3.22ms,App=1.49ms,GD=0.12ms,CPU&GPU=7.55ms,LCnt=4(DR0,LM2),GPU%=0.61,CPU%=0.21(W0.24),DSF=1.00,CFL=17.10/22.31
01-25 15:59:12.579  1986  2938 I VrApi   : FPS=90/90,Prd=28ms,Tear=0,Early=0,Stale=0,VSnc=0,Lat=-1,Fov=0,CPU4/GPU=2/3,1171/490MHz,OC=FF,TA=0/70/0,SP=N/F/N,Mem=2092MHz,Free=8982MB,PLS=0,Temp=17.0C/0.0C,TW=3.23ms,App=1.52ms,GD=0.12ms,CPU&GPU=7.63ms,LCnt=4(DR0,LM2),GPU%=0.60,CPU%=0.15(W0.20),DSF=1.00,CFL=18.19/21.53
01-25 15:59:13.581  1986  2938 I VrApi   : FPS=90/90,Prd=28ms,Tear=0,Early=0,Stale=0,VSnc=0,Lat=-1,Fov=0,CPU4/GPU=2/3,1171/490MHz,OC=FF,TA=0/70/0,SP=N/F/N,Mem=2092MHz,Free=8982MB,PLS=0,Temp=17.0C/0.0C,TW=3.21ms,App=1.56ms,GD=0.12ms,CPU&GPU=7.62ms,LCnt=4(DR0,LM2),GPU%=0.60,CPU%=0.20(W0.30),DSF=1.00,CFL=18.32/21.71
01-25 15:59:14.581  1986  2938 I VrApi   : FPS=90/90,Prd=28ms,Tear=0,Early=0,Stale=0,VSnc=0,Lat=-1,Fov=0,CPU4/GPU=2/3,1171/490MHz,OC=FF,TA=0/70/0,SP=N/F/N,Mem=2092MHz,Free=8982MB,PLS=0,Temp=17.0C/0.0C,TW=3.23ms,App=1.53ms,GD=0.13ms,CPU&GPU=6.80ms,LCnt=4(DR0,LM2),GPU%=0.59,CPU%=0.19(W0.25),DSF=1.00,CFL=18.36/22.03
01-25 15:59:15.579  1986  2938 I VrApi   : FPS=91/90,Prd=28ms,Tear=0,Early=0,Stale=0,VSnc=0,Lat=-1,Fov=0,CPU4/GPU=2/3,1171/490MHz,OC=FF,TA=0/70/0,SP=N/F/N,Mem=2092MHz,Free=8982MB,PLS=0,Temp=17.0C/0.0C,TW=3.23ms,App=1.39ms,GD=0.12ms,CPU&GPU=6.53ms,LCnt=4(DR0,LM2),GPU%=0.59,CPU%=0.16(W0.19),DSF=1.00,CFL=18.12/21.87
01-25 15:59:39.582  1986  2938 I VrApi   : FPS=90/90,Prd=28ms,Tear=0,Early=0,Stale=0,VSnc=0,Lat=-1,Fov=0,CPU4/GPU=2/3,1171/490MHz,OC=FF,TA=0/70/0,SP=N/F/N,Mem=2092MHz,Free=8985MB,PLS=0,Temp=16.5C/0.0C,TW=3.23ms,App=1.36ms,GD=0.12ms,CPU&GPU=6.97ms,LCnt=4(DR0,LM2),GPU%=0.59,CPU%=0.19(W0.24),DSF=1.00,CFL=18.20/21.79
01-25 15:59:40.590  1986  2938 I VrApi   : FPS=90/90,Prd=28ms,Tear=0,Early=0,Stale=0,VSnc=0,Lat=-1,Fov=0,CPU4/GPU=2/3,1171/490MHz,OC=FF,TA=0/70/0,SP=N/F/N,Mem=2092MHz,Free=8974MB,PLS=0,Temp=16.5C/0.0C,TW=3.23ms,App=1.35ms,GD=0.12ms,CPU&GPU=6.52ms,LCnt=4(DR0,LM2),GPU%=0.59,CPU%=0.20(W0.25),DSF=1.00,CFL=18.26/21.52
01-25 15:59:41.583  1986  2938 I VrApi   : FPS=91/90,Prd=28ms,Tear=0,Early=0,Stale=0,VSnc=0,Lat=-1,Fov=0,CPU4/GPU=2/3,1171/490MHz,OC=FF,TA=0/70/0,SP=N/F/N,Mem=2092MHz,Free=8974MB,PLS=0,Temp=16.5C/0.0C,TW=3.24ms,App=1.29ms,GD=0.12ms,CPU&GPU=6.50ms,LCnt=4(DR0,LM2),GPU%=0.58,CPU%=0.21(W0.25),DSF=1.00,CFL=18.12/21.46
01-25 15:59:42.583  1986  2938 I VrApi   : FPS=91/90,Prd=28ms,Tear=0,Early=0,Stale=0,VSnc=0,Lat=-1,Fov=0,CPU4/GPU=2/3,1171/490MHz,OC=FF,TA=0/70/0,SP=N/F/N,Mem=2092MHz,Free=8974MB,PLS=0,Temp=16.2C/0.0C,TW=3.24ms,App=1.33ms,GD=0.12ms,CPU&GPU=6.73ms,LCnt=4(DR0,LM2),GPU%=0.59,CPU%=0.23(W0.35),DSF=1.00,CFL=18.21/21.73
01-25 15:59:43.582  1986  2938 I VrApi   : FPS=91/90,Prd=28ms,Tear=0,Early=0,Stale=0,VSnc=0,Lat=-1,Fov=0,CPU4/GPU=2/3,1171/490MHz,OC=FF,TA=0/70/0,SP=N/F/N,Mem=2092MHz,Free=8974MB,PLS=0,Temp=16.2C/0.0C,TW=3.23ms,App=1.28ms,GD=0.12ms,CPU&GPU=6.46ms,LCnt=4(DR0,LM2),GPU%=0.58,CPU%=0.15(W0.23),DSF=1.00,CFL=18.21/21.73
01-25 15:59:44.582  1986  2938 I VrApi   : FPS=91/90,Prd=28ms,Tear=0,Early=0,Stale=0,VSnc=0,Lat=-1,Fov=0,CPU4/GPU=2/3,1171/490MHz,OC=FF,TA=0/70/0,SP=N/F/N,Mem=2092MHz,Free=8974MB,PLS=0,Temp=16.2C/0.0C,TW=3.24ms,App=1.34ms,GD=0.12ms,CPU&GPU=6.79ms,LCnt=4(DR0,LM2),GPU%=0.58,CPU%=0.23(W0.30),DSF=1.00,CFL=18.13/22.31
01-25 15:59:45.582  1986  2938 I VrApi   : FPS=91/90,Prd=28ms,Tear=0,Early=0,Stale=0,VSnc=0,Lat=-1,Fov=0,CPU4/GPU=2/3,1171/490MHz,OC=FF,TA=0/70/0,SP=N/F/N,Mem=2092MHz,Free=8974MB,PLS=0,Temp=16.2C/0.0C,TW=3.24ms,App=1.36ms,GD=0.12ms,CPU&GPU=6.57ms,LCnt=4(DR0,LM2),GPU%=0.58,CPU%=0.18(W0.32),DSF=1.00,CFL=18.21/22.22
01-25 15:59:46.583  1986  2938 I VrApi   : FPS=91/90,Prd=28ms,Tear=0,Early=0,Stale=0,VSnc=0,Lat=-1,Fov=0,CPU4/GPU=2/3,1171/490MHz,OC=FF,TA=0/70/0,SP=N/F/N,Mem=2092MHz,Free=8974MB,PLS=0,Temp=16.2C/0.0C,TW=3.24ms,App=1.32ms,GD=0.12ms,CPU&GPU=6.72ms,LCnt=4(DR0,LM2),GPU%=0.58,CPU%=0.17(W0.21),DSF=1.00,CFL=18.25/22.14
01-25 15:59:47.583  1986  2938 I VrApi   : FPS=90/90,Prd=28ms,Tear=0,Early=0,Stale=0,VSnc=0,Lat=-1,Fov=0,CPU4/GPU=2/3,1171/490MHz,OC=FF,TA=0/70/0,SP=N/F/N,Mem=2092MHz,Free=8974MB,PLS=0,Temp=16.2C/0.0C,TW=3.24ms,App=1.29ms,GD=0.12ms,CPU&GPU=6.51ms,LCnt=4(DR0,LM2),GPU%=0.58,CPU%=0.18(W0.20),DSF=1.00,CFL=18.16/21.63
01-25 15:59:48.583  1986  2938 I VrApi   : FPS=91/90,Prd=28ms,Tear=0,Early=0,Stale=0,VSnc=0,Lat=-1,Fov=0,CPU4/GPU=2/3,1171/490MHz,OC=FF,TA=0/70/0,SP=N/F/N,Mem=2092MHz,Free=8974MB,PLS=0,Temp=16.2C/0.0C,TW=3.24ms,App=1.45ms,GD=0.12ms,CPU&GPU=6.64ms,LCnt=4(DR0,LM2),GPU%=0.59,CPU%=0.20(W0.35),DSF=1.00,CFL=18.07/21.82
01-25 15:59:49.583  1986  2938 I VrApi   : FPS=91/90,Prd=28ms,Tear=0,Early=0,Stale=0,VSnc=0,Lat=-1,Fov=0,CPU4/GPU=2/3,1171/490MHz,OC=FF,TA=0/70/0,SP=N/F/N,Mem=2092MHz,Free=8974MB,PLS=0,Temp=16.2C/0.0C,TW=3.24ms,App=1.43ms,GD=0.12ms,CPU&GPU=6.67ms,LCnt=4(DR0,LM2),GPU%=0.59,CPU%=0.19(W0.21),DSF=1.00,CFL=18.05/22.02
01-25 15:59:50.582  1986  2938 I VrApi   : FPS=90/90,Prd=28ms,Tear=0,Early=0,Stale=0,VSnc=0,Lat=-1,Fov=0,CPU4/GPU=2/3,1171/490MHz,OC=FF,TA=0/70/0,SP=N/F/N,Mem=2092MHz,Free=8974MB,PLS=0,Temp=16.2C/0.0C,TW=3.24ms,App=1.56ms,GD=0.12ms,CPU&GPU=6.49ms,LCnt=4(DR0,LM2),GPU%=0.61,CPU%=0.23(W0.29),DSF=1.00,CFL=18.05/22.60
01-25 15:59:51.583  1986  2938 I VrApi   : FPS=91/90,Prd=28ms,Tear=0,Early=0,Stale=0,VSnc=0,Lat=-1,Fov=0,CPU4/GPU=2/3,1171/490MHz,OC=FF,TA=0/70/0,SP=N/F/N,Mem=2092MHz,Free=8974MB,PLS=0,Temp=16.0C/0.0C,TW=3.24ms,App=1.50ms,GD=0.13ms,CPU&GPU=6.77ms,LCnt=4(DR0,LM2),GPU%=0.60,CPU%=0.22(W0.25),DSF=1.00,CFL=18.14/22.40
01-25 15:59:52.585  1986  2938 I VrApi   : FPS=90/90,Prd=28ms,Tear=0,Early=0,Stale=0,VSnc=0,Lat=-1,Fov=0,CPU4/GPU=2/3,1171/490MHz,OC=FF,TA=0/70/0,SP=N/F/N,Mem=2092MHz,Free=8974MB,PLS=0,Temp=16.0C/0.0C,TW=3.25ms,App=1.56ms,GD=0.12ms,CPU&GPU=6.70ms,LCnt=4(DR0,LM2),GPU%=0.60,CPU%=0.19(W0.24),DSF=1.00,CFL=18.10/21.75
01-25 15:59:53.583  1986  2938 I VrApi   : FPS=90/90,Prd=28ms,Tear=0,Early=0,Stale=0,VSnc=0,Lat=-1,Fov=0,CPU4/GPU=2/3,1171/490MHz,OC=FF,TA=0/70/0,SP=N/F/N,Mem=2092MHz,Free=8974MB,PLS=0,Temp=16.0C/0.0C,TW=3.24ms,App=1.50ms,GD=0.13ms,CPU&GPU=6.49ms,LCnt=4(DR0,LM2),GPU%=0.61,CPU%=0.27(W0.29),DSF=1.00,CFL=18.07/21.95
01-25 15:59:54.584  1986  2938 I VrApi   : FPS=91/90,Prd=28ms,Tear=0,Early=0,Stale=0,VSnc=0,Lat=-1,Fov=0,CPU4/GPU=2/3,1171/490MHz,OC=FF,TA=0/70/0,SP=N/F/N,Mem=2092MHz,Free=8974MB,PLS=0,Temp=16.0C/0.0C,TW=3.25ms,App=1.30ms,GD=0.12ms,CPU&GPU=6.74ms,LCnt=4(DR0,LM2),GPU%=0.59,CPU%=0.18(W0.21),DSF=1.00,CFL=18.10/21.76
01-25 15:59:55.583  1986  2938 I VrApi   : FPS=90/90,Prd=28ms,Tear=0,Early=0,Stale=0,VSnc=0,Lat=-1,Fov=0,CPU4/GPU=2/3,2419/490MHz,OC=FF,TA=0/70/0,SP=N/F/N,Mem=2092MHz,Free=8974MB,PLS=0,Temp=16.0C/0.0C,TW=3.25ms,App=1.21ms,GD=0.13ms,CPU&GPU=6.25ms,LCnt=4(DR0,LM2),GPU%=0.59,CPU%=0.15(W0.15),DSF=1.00,CFL=18.29/21.68
01-25 15:59:56.583  1986  2938 I VrApi   : FPS=90/90,Prd=28ms,Tear=0,Early=0,Stale=1,VSnc=0,Lat=-1,Fov=0,CPU4/GPU=2/3,2419/490MHz,OC=FF,TA=0/70/0,SP=N/F/N,Mem=2092MHz,Free=8974MB,PLS=0,Temp=16.0C/0.0C,TW=3.25ms,App=1.39ms,GD=0.13ms,CPU&GPU=6.24ms,LCnt=4(DR22,LM2),GPU%=0.60,CPU%=0.14(W0.20),DSF=1.00,CFL=18.10/21.96
01-25 15:59:57.583  1986  2938 I VrApi   : FPS=91/90,Prd=28ms,Tear=0,Early=0,Stale=0,VSnc=0,Lat=-1,Fov=0,CPU4/GPU=2/3,2419/490MHz,OC=FF,TA=0/70/0,SP=N/F/N,Mem=2092MHz,Free=8974MB,PLS=0,Temp=16.0C/0.0C,TW=3.25ms,App=1.43ms,GD=0.13ms,CPU&GPU=6.66ms,LCnt=4(DR0,LM2),GPU%=0.59,CPU%=0.11(W0.16),DSF=1.00,CFL=18.02/22.15
01-25 15:59:58.584  1986  2938 I VrApi   : FPS=91/90,Prd=28ms,Tear=0,Early=0,Stale=0,VSnc=0,Lat=-1,Fov=0,CPU4/GPU=2/3,2419/490MHz,OC=FF,TA=0/70/0,SP=N/F/N,Mem=2092MHz,Free=8974MB,PLS=0,Temp=16.0C/0.0C,TW=3.24ms,App=1.30ms,GD=0.13ms,CPU&GPU=6.66ms,LCnt=4(DR0,LM2),GPU%=0.59,CPU%=0.13(W0.20),DSF=1.00,CFL=18.07/21.89
01-25 15:59:59.584  1986  2938 I VrApi   : FPS=91/90,Prd=28ms,Tear=0,Early=0,Stale=0,VSnc=0,Lat=-1,Fov=0,CPU4/GPU=2/3,2419/490MHz,OC=FF,TA=0/70/0,SP=N/F/N,Mem=2092MHz,Free=8974MB,PLS=0,Temp=16.7C/0.0C,TW=3.24ms,App=1.29ms,GD=0.13ms,CPU&GPU=6.46ms,LCnt=4(DR0,LM2),GPU%=0.59,CPU%=0.13(W0.15),DSF=1.00,CFL=18.16/21.79
01-25 16:00:00.588  1986  2938 I VrApi   : FPS=91/90,Prd=28ms,Tear=0,Early=0,Stale=0,VSnc=0,Lat=-1,Fov=0,CPU4/GPU=2/3,1171/490MHz,OC=FF,TA=0/70/0,SP=N/F/N,Mem=2092MHz,Free=8982MB,PLS=0,Temp=16.7C/0.0C,TW=3.25ms,App=1.29ms,GD=0.12ms,CPU&GPU=6.59ms,LCnt=4(DR0,LM2),GPU%=0.59,CPU%=0.21(W0.25),DSF=1.00,CFL=18.10/21.70
01-25 16:00:01.583  1986  2938 I VrApi   : FPS=90/90,Prd=28ms,Tear=0,Early=0,Stale=0,VSnc=0,Lat=-1,Fov=0,CPU4/GPU=2/3,1171/490MHz,OC=FF,TA=0/70/0,SP=N/F/N,Mem=2092MHz,Free=8982MB,PLS=0,Temp=16.7C/0.0C,TW=3.25ms,App=1.34ms,GD=0.12ms,CPU&GPU=6.81ms,LCnt=4(DR0,LM2),GPU%=0.58,CPU%=0.17(W0.21),DSF=1.00,CFL=18.19/21.56
01-25 16:00:02.583  1986  2938 I VrApi   : FPS=90/90,Prd=28ms,Tear=0,Early=0,Stale=0,VSnc=0,Lat=-1,Fov=0,CPU4/GPU=2/3,1171/490MHz,OC=FF,TA=0/70/0,SP=N/F/N,Mem=2092MHz,Free=8982MB,PLS=0,Temp=16.7C/0.0C,TW=3.24ms,App=1.30ms,GD=0.12ms,CPU&GPU=6.72ms,LCnt=4(DR0,LM2),GPU%=0.58,CPU%=0.19(W0.25),DSF=1.00,CFL=18.09/21.78
01-25 16:00:03.584  1986  2938 I VrApi   : FPS=90/90,Prd=28ms,Tear=0,Early=0,Stale=0,VSnc=0,Lat=-1,Fov=0,CPU4/GPU=2/3,1171/490MHz,OC=FF,TA=0/70/0,SP=N/F/N,Mem=2092MHz,Free=8982MB,PLS=0,Temp=16.7C/0.0C,TW=3.23ms,App=1.29ms,GD=0.12ms,CPU&GPU=6.67ms,LCnt=4(DR0,LM2),GPU%=0.59,CPU%=0.17(W0.25),DSF=1.00,CFL=18.06/21.57
01-25 16:00:04.584  1986  2938 I VrApi   : FPS=90/90,Prd=28ms,Tear=0,Early=0,Stale=0,VSnc=0,Lat=-1,Fov=0,CPU4/GPU=2/3,1171/490MHz,OC=FF,TA=0/70/0,SP=N/F/N,Mem=2092MHz,Free=8982MB,PLS=0,Temp=16.7C/0.0C,TW=3.23ms,App=1.40ms,GD=0.12ms,CPU&GPU=6.56ms,LCnt=4(DR0,LM2),GPU%=0.60,CPU%=0.22(W0.26),DSF=1.00,CFL=18.19/22.31
01-25 16:00:05.584  1986  2938 I VrApi   : FPS=91/90,Prd=28ms,Tear=0,Early=0,Stale=0,VSnc=0,Lat=-1,Fov=0,CPU4/GPU=2/3,1171/490MHz,OC=FF,TA=0/70/0,SP=N/F/N,Mem=2092MHz,Free=8982MB,PLS=0,Temp=16.7C/0.0C,TW=3.23ms,App=1.30ms,GD=0.13ms,CPU&GPU=6.80ms,LCnt=4(DR0,LM2),GPU%=0.59,CPU%=0.20(W0.27),DSF=1.00,CFL=18.14/21.76
01-25 16:00:06.584  1986  2938 I VrApi   : FPS=90/90,Prd=28ms,Tear=0,Early=0,Stale=0,VSnc=0,Lat=-1,Fov=0,CPU4/GPU=2/3,1171/490MHz,OC=FF,TA=0/70/0,SP=N/F/N,Mem=2092MHz,Free=8982MB,PLS=0,Temp=16.7C/0.0C,TW=3.23ms,App=1.31ms,GD=0.13ms,CPU&GPU=6.58ms,LCnt=4(DR0,LM2),GPU%=0.59,CPU%=0.17(W0.21),DSF=1.00,CFL=18.04/21.66
01-25 16:00:07.584  1986  2938 I VrApi   : FPS=91/90,Prd=28ms,Tear=0,Early=0,Stale=0,VSnc=0,Lat=-1,Fov=0,CPU4/GPU=2/3,1171/490MHz,OC=FF,TA=0/70/0,SP=N/F/N,Mem=2092MHz,Free=8982MB,PLS=0,Temp=16.7C/0.0C,TW=3.23ms,App=1.30ms,GD=0.13ms,CPU&GPU=6.84ms,LCnt=4(DR0,LM2),GPU%=0.58,CPU%=0.18(W0.24),DSF=1.00,CFL=18.22/21.85
01-25 16:00:08.584  1986  2938 I VrApi   : FPS=90/90,Prd=28ms,Tear=0,Early=0,Stale=0,VSnc=0,Lat=-1,Fov=0,CPU4/GPU=2/3,1171/490MHz,OC=FF,TA=0/70/0,SP=N/F/N,Mem=2092MHz,Free=8982MB,PLS=0,Temp=16.7C/0.0C,TW=3.24ms,App=1.30ms,GD=0.13ms,CPU&GPU=6.78ms,LCnt=4(DR0,LM2),GPU%=0.59,CPU%=0.21(W0.27),DSF=1.00,CFL=18.02/21.62
01-25 16:00:09.584  1986  2938 I VrApi   : FPS=91/90,Prd=28ms,Tear=0,Early=0,Stale=0,VSnc=0,Lat=-1,Fov=0,CPU4/GPU=2/3,1171/490MHz,OC=FF,TA=0/70/0,SP=N/F/N,Mem=2092MHz,Free=8982MB,PLS=0,Temp=16.7C/0.0C,TW=3.24ms,App=1.30ms,GD=0.13ms,CPU&GPU=6.97ms,LCnt=4(DR0,LM2),GPU%=0.59,CPU%=0.23(W0.27),DSF=1.00,CFL=18.20/21.61
01-25 16:00:10.585  1986  2938 I VrApi   : FPS=91/90,Prd=28ms,Tear=0,Early=0,Stale=0,VSnc=0,Lat=-1,Fov=0,CPU4/GPU=2/3,1171/490MHz,OC=FF,TA=0/70/0,SP=N/F/N,Mem=2092MHz,Free=8982MB,PLS=0,Temp=16.7C/0.0C,TW=3.24ms,App=1.28ms,GD=0.13ms,CPU&GPU=7.12ms,LCnt=4(DR0,LM2),GPU%=0.59,CPU%=0.21(W0.29),DSF=1.00,CFL=17.93/21.63
01-25 16:00:11.584  1986  2938 I VrApi   : FPS=90/90,Prd=28ms,Tear=0,Early=0,Stale=0,VSnc=0,Lat=-1,Fov=0,CPU4/GPU=2/3,1171/490MHz,OC=FF,TA=0/70/0,SP=N/F/N,Mem=2092MHz,Free=8982MB,PLS=0,Temp=16.7C/0.0C,TW=3.24ms,App=1.30ms,GD=0.13ms,CPU&GPU=6.95ms,LCnt=4(DR0,LM2),GPU%=0.59,CPU%=0.23(W0.29),DSF=1.00,CFL=18.17/21.59
01-25 16:00:12.584  1986  2938 I VrApi   : FPS=90/90,Prd=28ms,Tear=0,Early=0,Stale=0,VSnc=0,Lat=-1,Fov=0,CPU4/GPU=2/3,1171/490MHz,OC=FF,TA=0/70/0,SP=N/F/N,Mem=2092MHz,Free=8982MB,PLS=0,Temp=16.7C/0.0C,TW=3.24ms,App=1.28ms,GD=0.13ms,CPU&GPU=6.66ms,LCnt=4(DR0,LM2),GPU%=0.58,CPU%=0.22(W0.32),DSF=1.00,CFL=18.07/21.48
01-25 16:00:13.584  1986  2938 I VrApi   : FPS=91/90,Prd=28ms,Tear=0,Early=0,Stale=0,VSnc=0,Lat=-1,Fov=0,CPU4/GPU=2/3,1171/490MHz,OC=FF,TA=0/70/0,SP=N/F/N,Mem=2092MHz,Free=8982MB,PLS=0,Temp=16.7C/0.0C,TW=3.25ms,App=1.29ms,GD=0.13ms,CPU&GPU=6.55ms,LCnt=4(DR0,LM2),GPU%=0.58,CPU%=0.19(W0.25),DSF=1.00,CFL=18.17/21.59
01-25 16:00:14.584  1986  2938 I VrApi   : FPS=90/90,Prd=28ms,Tear=0,Early=0,Stale=0,VSnc=0,Lat=-1,Fov=0,CPU4/GPU=2/3,1171/490MHz,OC=FF,TA=0/70/0,SP=N/F/N,Mem=2092MHz,Free=8982MB,PLS=0,Temp=16.7C/0.0C,TW=3.24ms,App=1.40ms,GD=0.13ms,CPU&GPU=6.55ms,LCnt=4(DR0,LM2),GPU%=0.59,CPU%=0.21(W0.24),DSF=1.00,CFL=18.03/21.83
01-25 16:00:15.584  1986  2938 I VrApi   : FPS=91/90,Prd=28ms,Tear=0,Early=0,Stale=0,VSnc=0,Lat=-1,Fov=0,CPU4/GPU=2/3,1171/490MHz,OC=FF,TA=0/70/0,SP=N/F/N,Mem=2092MHz,Free=8982MB,PLS=0,Temp=16.7C/0.0C,TW=3.23ms,App=1.35ms,GD=0.12ms,CPU&GPU=6.68ms,LCnt=4(DR0,LM2),GPU%=0.59,CPU%=0.20(W0.27),DSF=1.00,CFL=18.04/21.52
01-25 16:00:16.585  1986  2938 I VrApi   : FPS=91/90,Prd=28ms,Tear=0,Early=0,Stale=0,VSnc=0,Lat=-1,Fov=0,CPU4/GPU=2/3,1171/490MHz,OC=FF,TA=0/70/0,SP=N/F/N,Mem=2092MHz,Free=8982MB,PLS=0,Temp=16.7C/0.0C,TW=3.22ms,App=1.25ms,GD=0.12ms,CPU&GPU=6.82ms,LCnt=4(DR0,LM2),GPU%=0.59,CPU%=0.21(W0.27),DSF=1.00,CFL=18.02/21.89
01-25 16:00:17.587  1986  2938 I VrApi   : FPS=91/90,Prd=28ms,Tear=0,Early=0,Stale=0,VSnc=0,Lat=-1,Fov=0,CPU4/GPU=2/3,1171/490MHz,OC=FF,TA=0/70/0,SP=N/F/N,Mem=2092MHz,Free=8982MB,PLS=0,Temp=16.7C/0.0C,TW=3.24ms,App=1.28ms,GD=0.13ms,CPU&GPU=7.08ms,LCnt=4(DR0,LM2),GPU%=0.59,CPU%=0.18(W0.29),DSF=1.00,CFL=18.16/21.73
01-25 16:00:18.585  1986  2938 I VrApi   : FPS=90/90,Prd=28ms,Tear=0,Early=0,Stale=0,VSnc=0,Lat=-1,Fov=0,CPU4/GPU=2/3,1171/490MHz,OC=FF,TA=0/70/0,SP=N/F/N,Mem=2092MHz,Free=8982MB,PLS=0,Temp=17.2C/0.0C,TW=3.24ms,App=1.29ms,GD=0.12ms,CPU&GPU=7.09ms,LCnt=4(DR0,LM2),GPU%=0.59,CPU%=0.21(W0.29),DSF=1.00,CFL=18.07/21.38
01-25 16:00:19.585  1986  2938 I VrApi   : FPS=91/90,Prd=28ms,Tear=0,Early=0,Stale=0,VSnc=0,Lat=-1,Fov=0,CPU4/GPU=2/3,1171/490MHz,OC=FF,TA=0/70/0,SP=N/F/N,Mem=2092MHz,Free=8982MB,PLS=0,Temp=17.2C/0.0C,TW=3.24ms,App=1.30ms,GD=0.13ms,CPU&GPU=7.19ms,LCnt=4(DR0,LM2),GPU%=0.59,CPU%=0.23(W0.30),DSF=1.00,CFL=18.05/22.12
01-25 16:00:20.590  1986  2938 I VrApi   : FPS=90/90,Prd=28ms,Tear=0,Early=0,Stale=0,VSnc=0,Lat=-1,Fov=0,CPU4/GPU=2/3,1171/490MHz,OC=FF,TA=0/70/0,SP=N/F/N,Mem=2092MHz,Free=8979MB,PLS=0,Temp=17.2C/0.0C,TW=3.23ms,App=1.29ms,GD=0.13ms,CPU&GPU=7.13ms,LCnt=4(DR0,LM2),GPU%=0.59,CPU%=0.17(W0.25),DSF=1.00,CFL=18.00/21.45
01-25 16:00:21.585  1986  2938 I VrApi   : FPS=90/90,Prd=28ms,Tear=0,Early=0,Stale=0,VSnc=0,Lat=-1,Fov=0,CPU4/GPU=2/3,1171/490MHz,OC=FF,TA=0/70/0,SP=N/F/N,Mem=2092MHz,Free=8979MB,PLS=0,Temp=17.2C/0.0C,TW=3.23ms,App=1.36ms,GD=0.12ms,CPU&GPU=6.87ms,LCnt=4(DR0,LM2),GPU%=0.59,CPU%=0.21(W0.29),DSF=1.00,CFL=18.00/22.17
01-25 16:00:22.585  1986  2938 I VrApi   : FPS=90/90,Prd=28ms,Tear=0,Early=0,Stale=0,VSnc=0,Lat=-1,Fov=0,CPU4/GPU=2/3,1171/490MHz,OC=FF,TA=0/70/0,SP=N/F/N,Mem=2092MHz,Free=8979MB,PLS=0,Temp=17.2C/0.0C,TW=3.24ms,App=1.29ms,GD=0.13ms,CPU&GPU=6.71ms,LCnt=4(DR0,LM2),GPU%=0.58,CPU%=0.26(W0.32),DSF=1.00,CFL=18.03/21.76
01-25 16:00:23.585  1986  2938 I VrApi   : FPS=90/90,Prd=28ms,Tear=0,Early=0,Stale=0,VSnc=0,Lat=-1,Fov=0,CPU4/GPU=2/3,1171/490MHz,OC=FF,TA=0/70/0,SP=N/F/N,Mem=2092MHz,Free=8979MB,PLS=0,Temp=17.2C/0.0C,TW=3.23ms,App=1.50ms,GD=0.13ms,CPU&GPU=6.59ms,LCnt=4(DR0,LM2),GPU%=0.59,CPU%=0.18(W0.29),DSF=1.00,CFL=17.99/21.81
01-25 16:00:24.585  1986  2938 I VrApi   : FPS=90/90,Prd=28ms,Tear=0,Early=0,Stale=0,VSnc=0,Lat=-1,Fov=0,CPU4/GPU=2/3,1171/490MHz,OC=FF,TA=0/70/0,SP=N/F/N,Mem=2092MHz,Free=8979MB,PLS=0,Temp=17.2C/0.0C,TW=3.24ms,App=1.40ms,GD=0.13ms,CPU&GPU=6.28ms,LCnt=4(DR0,LM2),GPU%=0.60,CPU%=0.16(W0.19),DSF=1.00,CFL=17.93/22.10
01-25 16:00:25.585  1986  2938 I VrApi   : FPS=91/90,Prd=28ms,Tear=0,Early=0,Stale=0,VSnc=0,Lat=-1,Fov=0,CPU4/GPU=2/3,1171/490MHz,OC=FF,TA=0/70/0,SP=N/F/N,Mem=2092MHz,Free=8979MB,PLS=0,Temp=17.2C/0.0C,TW=3.24ms,App=1.37ms,GD=0.13ms,CPU&GPU=6.69ms,LCnt=4(DR0,LM2),GPU%=0.59,CPU%=0.18(W0.20),DSF=1.00,CFL=18.02/21.70
01-25 16:00:26.585  1986  2938 I VrApi   : FPS=91/90,Prd=28ms,Tear=0,Early=0,Stale=0,VSnc=0,Lat=-1,Fov=0,CPU4/GPU=2/3,1171/490MHz,OC=FF,TA=0/70/0,SP=N/F/N,Mem=2092MHz,Free=8979MB,PLS=0,Temp=17.2C/0.0C,TW=3.23ms,App=1.31ms,GD=0.13ms,CPU&GPU=6.66ms,LCnt=4(DR0,LM2),GPU%=0.59,CPU%=0.18(W0.23),DSF=1.00,CFL=17.99/22.44
01-25 16:00:27.585  1986  2938 I VrApi   : FPS=90/90,Prd=28ms,Tear=0,Early=0,Stale=0,VSnc=0,Lat=-1,Fov=0,CPU4/GPU=2/3,1171/490MHz,OC=FF,TA=0/70/0,SP=N/F/N,Mem=2092MHz,Free=8979MB,PLS=0,Temp=17.2C/0.0C,TW=3.23ms,App=1.35ms,GD=0.13ms,CPU&GPU=6.61ms,LCnt=4(DR0,LM2),GPU%=0.59,CPU%=0.20(W0.30),DSF=1.00,CFL=18.10/21.59
01-25 16:00:28.585  1986  2938 I VrApi   : FPS=91/90,Prd=28ms,Tear=0,Early=0,Stale=0,VSnc=0,Lat=-1,Fov=0,CPU4/GPU=2/3,1171/490MHz,OC=FF,TA=0/70/0,SP=N/F/N,Mem=2092MHz,Free=8979MB,PLS=0,Temp=17.2C/0.0C,TW=3.24ms,App=1.30ms,GD=0.13ms,CPU&GPU=6.82ms,LCnt=4(DR0,LM2),GPU%=0.59,CPU%=0.21(W0.30),DSF=1.00,CFL=18.13/21.46
01-25 16:00:29.587  1986  2938 I VrApi   : FPS=91/90,Prd=28ms,Tear=0,Early=0,Stale=0,VSnc=0,Lat=-1,Fov=0,CPU4/GPU=2/3,1171/490MHz,OC=FF,TA=0/70/0,SP=N/F/N,Mem=2092MHz,Free=8979MB,PLS=0,Temp=17.2C/0.0C,TW=3.24ms,App=1.30ms,GD=0.13ms,CPU&GPU=7.17ms,LCnt=4(DR0,LM2),GPU%=0.59,CPU%=0.19(W0.21),DSF=1.00,CFL=18.13/22.20
01-25 16:00:30.586  1986  2938 I VrApi   : FPS=90/90,Prd=28ms,Tear=0,Early=0,Stale=0,VSnc=0,Lat=-1,Fov=0,CPU4/GPU=2/3,1171/490MHz,OC=FF,TA=0/70/0,SP=N/F/N,Mem=2092MHz,Free=8979MB,PLS=0,Temp=17.2C/0.0C,TW=3.24ms,App=1.30ms,GD=0.13ms,CPU&GPU=7.16ms,LCnt=4(DR0,LM2),GPU%=0.59,CPU%=0.24(W0.32),DSF=1.00,CFL=18.02/21.58
01-25 16:00:31.585  1986  2938 I VrApi   : FPS=90/90,Prd=28ms,Tear=0,Early=0,Stale=0,VSnc=0,Lat=-1,Fov=0,CPU4/GPU=2/3,1171/490MHz,OC=FF,TA=0/70/0,SP=N/F/N,Mem=2092MHz,Free=8979MB,PLS=0,Temp=17.2C/0.0C,TW=3.24ms,App=1.30ms,GD=0.13ms,CPU&GPU=6.96ms,LCnt=4(DR0,LM2),GPU%=0.59,CPU%=0.23(W0.29),DSF=1.00,CFL=18.14/21.65
01-25 16:00:32.586  1986  2938 I VrApi   : FPS=90/90,Prd=28ms,Tear=0,Early=0,Stale=0,VSnc=0,Lat=-1,Fov=0,CPU4/GPU=2/3,1171/490MHz,OC=FF,TA=0/70/0,SP=N/F/N,Mem=2092MHz,Free=8979MB,PLS=0,Temp=17.2C/0.0C,TW=3.24ms,App=1.29ms,GD=0.13ms,CPU&GPU=6.75ms,LCnt=4(DR0,LM2),GPU%=0.59,CPU%=0.20(W0.24),DSF=1.00,CFL=18.03/21.68
01-25 16:00:33.586  1986  2938 I VrApi   : FPS=90/90,Prd=28ms,Tear=0,Early=0,Stale=0,VSnc=0,Lat=-1,Fov=0,CPU4/GPU=2/3,1171/490MHz,OC=FF,TA=0/70/0,SP=N/F/N,Mem=2092MHz,Free=8979MB,PLS=0,Temp=17.2C/0.0C,TW=3.24ms,App=1.32ms,GD=0.13ms,CPU&GPU=6.69ms,LCnt=4(DR0,LM2),GPU%=0.58,CPU%=0.20(W0.25),DSF=1.00,CFL=17.91/21.39
01-25 16:00:34.586  1986  2938 I VrApi   : FPS=90/90,Prd=28ms,Tear=0,Early=0,Stale=0,VSnc=0,Lat=-1,Fov=0,CPU4/GPU=2/3,1171/490MHz,OC=FF,TA=0/70/0,SP=N/F/N,Mem=2092MHz,Free=8979MB,PLS=0,Temp=17.2C/0.0C,TW=3.24ms,App=1.51ms,GD=0.13ms,CPU&GPU=6.78ms,LCnt=4(DR0,LM2),GPU%=0.60,CPU%=0.22(W0.25),DSF=1.00,CFL=18.07/22.15
01-25 16:00:35.586  1986  2938 I VrApi   : FPS=90/90,Prd=28ms,Tear=0,Early=0,Stale=0,VSnc=0,Lat=-1,Fov=0,CPU4/GPU=2/3,1171/490MHz,OC=FF,TA=0/70/0,SP=N/F/N,Mem=2092MHz,Free=8979MB,PLS=0,Temp=17.2C/0.0C,TW=3.24ms,App=1.29ms,GD=0.13ms,CPU&GPU=6.57ms,LCnt=4(DR0,LM2),GPU%=0.59,CPU%=0.21(W0.26),DSF=1.00,CFL=17.96/22.01
01-25 16:00:36.587  1986  2938 I VrApi   : FPS=91/90,Prd=28ms,Tear=0,Early=0,Stale=0,VSnc=0,Lat=-1,Fov=0,CPU4/GPU=2/3,1171/490MHz,OC=FF,TA=0/70/0,SP=N/F/N,Mem=2092MHz,Free=8979MB,PLS=0,Temp=17.2C/0.0C,TW=3.25ms,App=1.31ms,GD=0.13ms,CPU&GPU=6.72ms,LCnt=4(DR0,LM2),GPU%=0.59,CPU%=0.20(W0.26),DSF=1.00,CFL=18.01/21.51
01-25 16:00:37.586  1986  2938 I VrApi   : FPS=91/90,Prd=28ms,Tear=0,Early=0,Stale=0,VSnc=0,Lat=-1,Fov=0,CPU4/GPU=2/3,1171/490MHz,OC=FF,TA=0/70/0,SP=N/F/N,Mem=2092MHz,Free=8979MB,PLS=0,Temp=17.2C/0.0C,TW=3.24ms,App=1.29ms,GD=0.13ms,CPU&GPU=6.76ms,LCnt=4(DR0,LM2),GPU%=0.59,CPU%=0.18(W0.25),DSF=1.00,CFL=18.06/21.66
01-25 16:00:38.586  1986  2938 I VrApi   : FPS=90/90,Prd=28ms,Tear=0,Early=0,Stale=0,VSnc=0,Lat=-1,Fov=0,CPU4/GPU=2/3,1171/490MHz,OC=FF,TA=0/70/0,SP=N/F/N,Mem=2092MHz,Free=8979MB,PLS=0,Temp=17.5C/0.0C,TW=3.24ms,App=1.29ms,GD=0.13ms,CPU&GPU=6.66ms,LCnt=4(DR0,LM2),GPU%=0.58,CPU%=0.20(W0.21),DSF=1.00,CFL=17.86/21.53
01-25 16:00:39.586  1986  2938 I VrApi   : FPS=91/90,Prd=28ms,Tear=0,Early=0,Stale=0,VSnc=0,Lat=-1,Fov=0,CPU4/GPU=2/3,1171/490MHz,OC=FF,TA=0/70/0,SP=N/F/N,Mem=2092MHz,Free=8979MB,PLS=0,Temp=17.5C/0.0C,TW=3.25ms,App=1.30ms,GD=0.13ms,CPU&GPU=6.83ms,LCnt=4(DR0,LM2),GPU%=0.58,CPU%=0.22(W0.25),DSF=1.00,CFL=17.92/21.68
01-25 16:00:40.595  1986  2938 I VrApi   : FPS=90/90,Prd=28ms,Tear=0,Early=0,Stale=0,VSnc=0,Lat=-1,Fov=0,CPU4/GPU=2/3,1171/490MHz,OC=FF,TA=0/70/0,SP=N/F/N,Mem=2092MHz,Free=8979MB,PLS=0,Temp=17.5C/0.0C,TW=3.24ms,App=1.33ms,GD=0.13ms,CPU&GPU=6.60ms,LCnt=4(DR0,LM2),GPU%=0.60,CPU%=0.18(W0.24),DSF=1.00,CFL=17.96/21.84
01-25 16:00:41.586  1986  2938 I VrApi   : FPS=91/90,Prd=28ms,Tear=0,Early=0,Stale=0,VSnc=0,Lat=-1,Fov=0,CPU4/GPU=2/3,1171/490MHz,OC=FF,TA=0/70/0,SP=N/F/N,Mem=2092MHz,Free=8979MB,PLS=0,Temp=17.5C/0.0C,TW=3.24ms,App=1.33ms,GD=0.13ms,CPU&GPU=6.65ms,LCnt=4(DR0,LM2),GPU%=0.59,CPU%=0.24(W0.30),DSF=1.00,CFL=18.04/21.71
01-25 16:00:42.586  1986  2938 I VrApi   : FPS=90/90,Prd=28ms,Tear=0,Early=0,Stale=0,VSnc=0,Lat=-1,Fov=0,CPU4/GPU=2/3,1171/490MHz,OC=FF,TA=0/70/0,SP=N/F/N,Mem=2092MHz,Free=8979MB,PLS=0,Temp=17.5C/0.0C,TW=3.24ms,App=1.87ms,GD=0.12ms,CPU&GPU=6.55ms,LCnt=4(DR0,LM2),GPU%=0.63,CPU%=0.22(W0.26),DSF=1.00,CFL=17.92/21.56
01-25 16:00:43.586  1986  2938 I VrApi   : FPS=90/90,Prd=29ms,Tear=0,Early=6,Stale=2,VSnc=0,Lat=-1,Fov=0,CPU4/GPU=2/3,1171/490MHz,OC=FF,TA=0/70/0,SP=N/F/N,Mem=2092MHz,Free=8979MB,PLS=0,Temp=17.5C/0.0C,TW=3.25ms,App=1.60ms,GD=0.12ms,CPU&GPU=5.78ms,LCnt=4(DR0,LM2),GPU%=0.62,CPU%=0.31(W0.32),DSF=1.00,CFL=17.99/21.57
01-25 16:00:44.587  1986  2938 I VrApi   : FPS=91/90,Prd=29ms,Tear=0,Early=0,Stale=0,VSnc=0,Lat=-1,Fov=0,CPU4/GPU=2/3,1171/490MHz,OC=FF,TA=0/70/0,SP=N/F/N,Mem=2092MHz,Free=8979MB,PLS=0,Temp=17.5C/0.0C,TW=3.25ms,App=1.40ms,GD=0.13ms,CPU&GPU=6.26ms,LCnt=4(DR0,LM2),GPU%=0.60,CPU%=0.21(W0.35),DSF=1.00,CFL=18.10/21.73
01-25 16:00:45.587  1986  2938 I VrApi   : FPS=90/90,Prd=29ms,Tear=0,Early=0,Stale=0,VSnc=0,Lat=-1,Fov=0,CPU4/GPU=2/3,1171/490MHz,OC=FF,TA=0/70/0,SP=N/F/N,Mem=2092MHz,Free=8979MB,PLS=0,Temp=17.5C/0.0C,TW=3.25ms,App=1.48ms,GD=0.13ms,CPU&GPU=5.90ms,LCnt=4(DR0,LM2),GPU%=0.60,CPU%=0.20(W0.25),DSF=1.00,CFL=17.99/21.89
01-25 16:00:46.587  1986  2938 I VrApi   : FPS=90/90,Prd=28ms,Tear=0,Early=0,Stale=0,VSnc=0,Lat=-1,Fov=0,CPU4/GPU=2/3,1171/490MHz,OC=FF,TA=0/70/0,SP=N/F/N,Mem=2092MHz,Free=8979MB,PLS=0,Temp=17.5C/0.0C,TW=3.26ms,App=1.62ms,GD=0.13ms,CPU&GPU=6.15ms,LCnt=4(DR0,LM2),GPU%=0.62,CPU%=0.18(W0.24),DSF=1.00,CFL=17.87/21.89
01-25 16:00:47.587  1986  2938 I VrApi   : FPS=91/90,Prd=28ms,Tear=0,Early=0,Stale=0,VSnc=0,Lat=-1,Fov=0,CPU4/GPU=2/3,1171/490MHz,OC=FF,TA=0/70/0,SP=N/F/N,Mem=2092MHz,Free=8979MB,PLS=0,Temp=17.5C/0.0C,TW=3.24ms,App=1.95ms,GD=0.12ms,CPU&GPU=7.01ms,LCnt=4(DR0,LM2),GPU%=0.64,CPU%=0.17(W0.21),DSF=1.00,CFL=18.10/21.75
01-25 16:00:48.587  1986  2938 I VrApi   : FPS=91/90,Prd=29ms,Tear=0,Early=0,Stale=0,VSnc=0,Lat=-1,Fov=0,CPU4/GPU=2/3,1171/490MHz,OC=FF,TA=0/70/0,SP=N/F/N,Mem=2092MHz,Free=8979MB,PLS=0,Temp=17.5C/0.0C,TW=3.25ms,App=1.38ms,GD=0.13ms,CPU&GPU=7.27ms,LCnt=4(DR0,LM2),GPU%=0.60,CPU%=0.15(W0.15),DSF=1.00,CFL=18.01/22.19
01-25 16:00:49.587  1986  2938 I VrApi   : FPS=90/90,Prd=28ms,Tear=0,Early=0,Stale=0,VSnc=0,Lat=-1,Fov=0,CPU4/GPU=2/3,1171/490MHz,OC=FF,TA=0/70/0,SP=N/F/N,Mem=2092MHz,Free=8979MB,PLS=0,Temp=17.5C/0.0C,TW=3.27ms,App=1.53ms,GD=0.12ms,CPU&GPU=6.89ms,LCnt=4(DR0,LM2),GPU%=0.60,CPU%=0.17(W0.24),DSF=1.00,CFL=17.98/22.04
01-25 16:00:50.588  1986  2938 I VrApi   : FPS=90/90,Prd=28ms,Tear=0,Early=0,Stale=0,VSnc=0,Lat=-1,Fov=0,CPU4/GPU=2/3,1171/490MHz,OC=FF,TA=0/70/0,SP=N/F/N,Mem=2092MHz,Free=8979MB,PLS=0,Temp=17.5C/0.0C,TW=3.26ms,App=1.34ms,GD=0.55ms,CPU&GPU=6.57ms,LCnt=4(DR0,LM2),GPU%=0.63,CPU%=0.34(W0.36),DSF=1.00,CFL=18.13/21.61
01-25 16:00:51.588  1986  2938 I VrApi   : FPS=90/90,Prd=28ms,Tear=0,Early=0,Stale=1,VSnc=0,Lat=-1,Fov=0,CPU4/GPU=2/3,1171/490MHz,OC=FF,TA=0/70/0,SP=N/F/N,Mem=2092MHz,Free=8979MB,PLS=0,Temp=17.5C/0.0C,TW=3.13ms,App=1.49ms,GD=0.28ms,CPU&GPU=6.89ms,LCnt=4(DR0,LM2),GPU%=0.61,CPU%=0.23(W0.32),DSF=1.00,CFL=18.00/21.91
01-25 16:00:52.594  1986  2938 I VrApi   : FPS=91/90,Prd=28ms,Tear=0,Early=0,Stale=0,VSnc=0,Lat=-1,Fov=0,CPU4/GPU=2/3,1171/490MHz,OC=FF,TA=0/70/0,SP=N/F/N,Mem=2092MHz,Free=8979MB,PLS=0,Temp=17.5C/0.0C,TW=3.36ms,App=1.93ms,GD=0.28ms,CPU&GPU=7.27ms,LCnt=4(DR0,LM2),GPU%=0.67,CPU%=0.21(W0.28),DSF=1.00,CFL=18.08/21.68
01-25 16:00:53.587  1986  2938 I VrApi   : FPS=80/90,Prd=29ms,Tear=0,Early=0,Stale=14,VSnc=0,Lat=-1,Fov=0,CPU4/GPU=3/4,1382/525MHz,OC=FF,TA=0/70/0,SP=N/F/N,Mem=2092MHz,Free=8979MB,PLS=0,Temp=17.5C/0.0C,TW=2.40ms,App=3.66ms,GD=0.25ms,CPU&GPU=9.66ms,LCnt=4(DR0,LM2),GPU%=0.99,CPU%=0.60(W0.63),DSF=1.00,CFL=18.01/21.47
01-25 16:00:54.588  1986  2938 I VrApi   : FPS=83/90,Prd=34ms,Tear=0,Early=4,Stale=16,VSnc=0,Lat=-1,Fov=0,CPU4/GPU=3/4,1382/525MHz,OC=FF,TA=0/70/0,SP=N/F/N,Mem=2092MHz,Free=8979MB,PLS=0,Temp=17.5C/0.0C,TW=2.70ms,App=4.59ms,GD=0.25ms,CPU&GPU=13.44ms,LCnt=5(DR0,LM2),GPU%=0.95,CPU%=0.66(W0.73),DSF=1.00,CFL=18.11/21.76
01-25 16:00:55.588  1986  2938 I VrApi   : FPS=83/90,Prd=36ms,Tear=0,Early=10,Stale=19,VSnc=0,Lat=-1,Fov=0,CPU4/GPU=3/4,2419/525MHz,OC=FF,TA=0/70/0,SP=N/F/N,Mem=2092MHz,Free=8979MB,PLS=0,Temp=17.5C/0.0C,TW=2.63ms,App=3.35ms,GD=0.22ms,CPU&GPU=17.06ms,LCnt=5(DR0,LM2),GPU%=0.99,CPU%=0.43(W0.53),DSF=1.00,CFL=18.00/21.77
01-25 16:00:56.588  1986  2938 I VrApi   : FPS=76/90,Prd=36ms,Tear=0,Early=5,Stale=24,VSnc=0,Lat=-1,Fov=0,CPU4/GPU=3/4,2419/525MHz,OC=FF,TA=0/70/0,SP=N/F/N,Mem=2092MHz,Free=8979MB,PLS=0,Temp=17.5C/0.0C,TW=2.73ms,App=4.80ms,GD=0.31ms,CPU&GPU=12.76ms,LCnt=8(DR0,LM2),GPU%=0.96,CPU%=0.38(W0.50),DSF=1.00,CFL=17.59/22.04
01-25 16:00:57.587  1986  2938 I VrApi   : FPS=80/90,Prd=37ms,Tear=0,Early=53,Stale=17,VSnc=0,Lat=-1,Fov=0,CPU4/GPU=3/3,2419/490MHz,OC=FF,TA=0/70/0,SP=N/F/N,Mem=2092MHz,Free=8979MB,PLS=0,Temp=17.5C/0.0C,TW=2.73ms,App=6.52ms,GD=0.00ms,CPU&GPU=9.44ms,LCnt=5(DR0,LM0),GPU%=0.86,CPU%=0.15(W0.30),DSF=1.00,CFL=18.00/21.76
01-25 16:00:58.588  1986  2938 I VrApi   : FPS=90/90,Prd=36ms,Tear=0,Early=42,Stale=0,VSnc=0,Lat=-1,Fov=0,CPU4/GPU=3/3,2419/490MHz,OC=FF,TA=0/70/0,SP=N/F/N,Mem=2092MHz,Free=8979MB,PLS=0,Temp=17.7C/0.0C,TW=2.74ms,App=6.37ms,GD=0.00ms,CPU&GPU=10.04ms,LCnt=5(DR0,LM0),GPU%=0.84,CPU%=0.25(W0.28),DSF=1.00,CFL=17.89/21.55
01-25 16:00:59.588  1986  2938 I VrApi   : FPS=90/90,Prd=34ms,Tear=0,Early=0,Stale=0,VSnc=0,Lat=-1,Fov=0,CPU4/GPU=2/3,2419/490MHz,OC=FF,TA=0/70/0,SP=N/F/N,Mem=2092MHz,Free=8979MB,PLS=0,Temp=17.7C/0.0C,TW=2.63ms,App=6.35ms,GD=0.00ms,CPU&GPU=10.74ms,LCnt=4(DR0,LM0),GPU%=0.82,CPU%=0.16(W0.26),DSF=1.00,CFL=18.02/21.75
01-25 16:01:00.592  1986  2938 I VrApi   : FPS=90/90,Prd=33ms,Tear=0,Early=0,Stale=0,VSnc=0,Lat=-1,Fov=0,CPU4/GPU=2/3,2419/490MHz,OC=FF,TA=0/70/0,SP=N/F/N,Mem=2092MHz,Free=8960MB,PLS=0,Temp=17.7C/0.0C,TW=2.14ms,App=6.05ms,GD=0.00ms,CPU&GPU=10.60ms,LCnt=5(DR0,LM0),GPU%=0.75,CPU%=0.22(W0.25),DSF=1.00,CFL=17.84/21.74
01-25 16:01:01.588  1986  2938 I VrApi   : FPS=90/90,Prd=32ms,Tear=0,Early=0,Stale=0,VSnc=0,Lat=-1,Fov=0,CPU4/GPU=2/3,2419/490MHz,OC=FF,TA=0/70/0,SP=N/F/N,Mem=2092MHz,Free=8960MB,PLS=0,Temp=17.7C/0.0C,TW=2.14ms,App=5.82ms,GD=0.00ms,CPU&GPU=9.89ms,LCnt=2(DR0,LM0),GPU%=0.76,CPU%=0.20(W0.26),DSF=1.00,CFL=18.10/21.39
01-25 16:01:01.605  1986  2078 D VrApi   : targetSDKVersion 29
01-25 16:01:01.619  1986  2938 I VrApi   : FPS=90/90,Prd=32ms,Tear=0,Early=0,Stale=0,VSnc=0,Lat=-1,Fov=0,CPU4/GPU=2/3,2419/490MHz,OC=FF,TA=0/70/0,SP=N/F/N,Mem=2092MHz,Free=8960MB,PLS=0,Temp=17.7C/0.0C,TW=2.14ms,App=5.82ms,GD=0.00ms,CPU&GPU=9.89ms,LCnt=2(DR0,LM0),GPU%=0.76,CPU%=0.20(W0.26),DSF=1.00,CFL=18.10/21.39
01-25 16:01:01.625  1986  2078 I VrApi   : OVR::Stats thread stopped
01-25 16:01:01.829  5258  5287 I VrApi   : ----------- vrapi_Initialize [start] ----------
01-25 16:01:01.839  5258  5287 I VrApi   : Client type: 0 flags: 0x0 placement: 0
01-25 16:01:01.957  5258  5287 I VrApi   : vrapi_Initialize: Connected to VrRuntimeService after 0.117705s
01-25 16:01:02.003  5258  5287 I VrApi   : SkipPushFinalBlack=1
01-25 16:01:02.003  5258  5287 D VrApi   : isActivityFocusAware context = com.oculus.xrstreamingclient.MainActivity@a21331c
01-25 16:01:02.003  5258  5287 D VrApi   : isSystemApp = true for com.oculus.xrstreamingclient
01-25 16:01:02.003  5258  5287 I VrApi   : isActivityFocusAware = 0
01-25 16:01:02.003  5258  5287 I VrApi   : Client-driven display vsync: enabled
01-25 16:01:02.042  5258  5287 I VrApi   : ----------- vrapi_Initialize [end] ----------
01-25 16:01:02.050  5258  5287 I VrApi   : ------------ vrapi_CreateSystemVulkan -----------
01-25 16:01:02.111  2732  2970 D VrApi   : targetSDKVersion 29
01-25 16:01:02.136  2732  2970 I VrApi   : OVR::Stats thread stopped
01-25 16:01:02.375  4189  4189 I VrApi   : ----------- vrapi_Initialize [start] ----------
01-25 16:01:02.383  4189  4189 I VrApi   : Client type: 0 flags: 0x0 placement: 0
01-25 16:01:02.495  4189  4189 I VrApi   : vrapi_Initialize: Connected to VrRuntimeService after 0.112480s
01-25 16:01:02.550  4189  4189 I VrApi   : SkipPushFinalBlack=1
01-25 16:01:02.550  4189  4189 D VrApi   : isActivityFocusAware context = com.oculus.os.DialogContext@260e9dd
01-25 16:01:02.551  4189  4189 D VrApi   : isSystemApp = true for com.android.permissioncontroller
01-25 16:01:02.551  4189  4189 I VrApi   : isActivityFocusAware = 0
01-25 16:01:02.572  4189  4189 I VrApi   : ----------- vrapi_Initialize [end] ----------
01-25 16:01:02.648  5258  5287 I VrApi   : ---------- vrapi_EnterVrMode [start] ----------
01-25 16:01:02.662  5258  5287 D VrApi   : targetSDKVersion 29
01-25 16:01:02.675  5258  5287 I VrApi   : ovrModeParms::VRAPI_MODE_FLAG_RESET_WINDOW_FULLSCREEN = 0
01-25 16:01:02.675  5258  5287 I VrApi   : ovrModeParms::VRAPI_MODE_FLAG_NATIVE_WINDOW = 1
01-25 16:01:02.675  5258  5287 I VrApi   : ovrModeParms::VRAPI_MODE_FLAG_FRONT_BUFFER_SRGB = 0
01-25 16:01:02.675  5258  5287 I VrApi   : ovrModeParms::VRAPI_MODE_FLAG_PHASE_SYNC = 0
01-25 16:01:02.675  5258  5287 I VrApi   : ovrModeParms::VRAPI_MODE_FLAG_APP_SPACE_WARP = 0
01-25 16:01:02.675  5258  5287 I VrApi   : PhaseSync disabled
01-25 16:01:02.675  5258  5287 I VrApi   : HMD sensor attached.
01-25 16:01:02.689  5258  5287 I VrApi   : Creating Default swapchain
01-25 16:01:02.689  5258  5287 I VrApi   : Creating Loading Icon swapchain
01-25 16:01:02.690  5258  5287 I VrApi   : OVR::Stats thread started
01-25 16:01:02.690  5258  5287 I VrApi   : Initial BaseVsync 14991 
01-25 16:01:02.690  5258  5287 I VrApi   : ---------- vrapi_EnterVrMode [end] ----------
01-25 16:01:02.690  5258  5287 I VrApi   : vrapi_SetDisplayRefreshRate: display refresh rate supported 72.000000
01-25 16:01:02.709  5258  5397 D VrApi   : targetSDKVersion 29
01-25 16:01:02.709  4189  4189 I VrApi   : ------------ vrapi_Shutdown [start] -----------
01-25 16:01:02.709  4189  4189 W VrApi   : IsOvrValid: ovr == nullptr. Package: com.android.permissioncontroller
01-25 16:01:02.718  5258  5397 D VrApi   : VrApi::isWifiConnected exception: Make sure android.permission.ACCESS_NETWORK_STATE is set in the manifest.
01-25 16:01:02.754  4189  4189 I VrApi   : ------------ vrapi_Shutdown [end] -----------
01-25 16:01:04.007  5258  5397 I VrApi   : FPS=0/72,Prd=0ms,Tear=0,Early=0,Stale=0,VSnc=1,Lat=0,Fov=0,CPU4/GPU=0/0,2419/305MHz,OC=FF,TA=0/0/0,SP=N/N/N,Mem=2092MHz,Free=8826MB,PLS=0,Temp=0.0C/0.0C,TW=1.61ms,App=0.00ms,GD=0.00ms,CPU&GPU=0.00ms,LCnt=2(DR0,LM0),GPU%=0.00,CPU%=0.00(W0.00),DSF=1.00,CFL=18.10/21.39
01-25 16:01:05.002  5258  5397 I VrApi   : FPS=0/72,Prd=0ms,Tear=0,Early=0,Stale=0,VSnc=1,Lat=0,Fov=0,CPU4/GPU=0/0,2419/305MHz,OC=FF,TA=0/0/0,SP=N/N/N,Mem=2092MHz,Free=8826MB,PLS=0,Temp=0.0C/0.0C,TW=1.61ms,App=0.00ms,GD=0.00ms,CPU&GPU=0.00ms,LCnt=2(DR0,LM0),GPU%=0.00,CPU%=0.00(W0.00),DSF=1.00,CFL=18.10/21.39
01-25 16:01:06.002  5258  5397 I VrApi   : FPS=0/72,Prd=0ms,Tear=0,Early=0,Stale=0,VSnc=1,Lat=0,Fov=0,CPU4/GPU=0/0,2419/305MHz,OC=FF,TA=0/0/0,SP=N/N/N,Mem=2092MHz,Free=8826MB,PLS=0,Temp=0.0C/0.0C,TW=1.61ms,App=0.00ms,GD=0.00ms,CPU&GPU=0.00ms,LCnt=2(DR0,LM0),GPU%=0.00,CPU%=0.00(W0.00),DSF=1.00,CFL=18.10/21.39
01-25 16:01:07.002  5258  5397 I VrApi   : FPS=0/72,Prd=0ms,Tear=0,Early=0,Stale=0,VSnc=1,Lat=0,Fov=0,CPU4/GPU=0/0,2419/305MHz,OC=FF,TA=0/0/0,SP=N/N/N,Mem=2092MHz,Free=8826MB,PLS=0,Temp=0.0C/0.0C,TW=1.61ms,App=0.00ms,GD=0.00ms,CPU&GPU=0.00ms,LCnt=2(DR0,LM0),GPU%=0.00,CPU%=0.00(W0.00),DSF=1.00,CFL=18.10/21.39
01-25 16:01:08.003  5258  5397 I VrApi   : FPS=0/72,Prd=0ms,Tear=0,Early=0,Stale=0,VSnc=1,Lat=0,Fov=0,CPU4/GPU=0/0,710/305MHz,OC=FF,TA=0/0/0,SP=N/N/N,Mem=1804MHz,Free=8826MB,PLS=0,Temp=0.0C/0.0C,TW=1.61ms,App=0.00ms,GD=0.00ms,CPU&GPU=0.00ms,LCnt=2(DR0,LM0),GPU%=0.00,CPU%=0.00(W0.00),DSF=1.00,CFL=18.10/21.39
01-25 16:01:09.003  5258  5397 I VrApi   : FPS=0/72,Prd=0ms,Tear=0,Early=0,Stale=0,VSnc=1,Lat=0,Fov=0,CPU4/GPU=0/0,710/305MHz,OC=FF,TA=0/0/0,SP=N/N/N,Mem=1804MHz,Free=8826MB,PLS=0,Temp=0.0C/0.0C,TW=1.61ms,App=0.00ms,GD=0.00ms,CPU&GPU=0.00ms,LCnt=2(DR0,LM0),GPU%=0.00,CPU%=0.00(W0.00),DSF=1.00,CFL=18.10/21.39
01-25 16:01:10.005  5258  5397 I VrApi   : FPS=0/72,Prd=0ms,Tear=0,Early=0,Stale=0,VSnc=1,Lat=0,Fov=0,CPU4/GPU=0/0,710/305MHz,OC=FF,TA=0/0/0,SP=N/N/N,Mem=2092MHz,Free=8826MB,PLS=0,Temp=0.0C/0.0C,TW=1.61ms,App=0.00ms,GD=0.00ms,CPU&GPU=0.00ms,LCnt=2(DR0,LM0),GPU%=0.00,CPU%=0.00(W0.00),DSF=1.00,CFL=18.10/21.39
01-25 16:01:10.422  2240  2570 D VrApi   : targetSDKVersion 29
01-25 16:01:10.462  2240  2570 I VrApi   : OVR::Stats thread started
01-25 16:01:10.495  2240  5621 D VrApi   : targetSDKVersion 29
01-25 16:01:10.571  5258  5287 I VrApi   : ---------- vrapi_LeaveVrMode [start] ----------
01-25 16:01:10.576  5258  5287 D VrApi   : targetSDKVersion 29
01-25 16:01:10.583  5258  5397 I VrApi   : FPS=0/90,Prd=0ms,Tear=0,Early=0,Stale=0,VSnc=1,Lat=0,Fov=0,CPU4/GPU=4/4,1478/525MHz,OC=FF,TA=0/0/0,SP=N/N/N,Mem=2092MHz,Free=8826MB,PLS=0,Temp=17.5C/0.0C,TW=1.61ms,App=0.00ms,GD=0.00ms,CPU&GPU=0.00ms,LCnt=2(DR0,LM0),GPU%=0.68,CPU%=0.12(W0.15),DSF=1.00,CFL=18.10/21.39
01-25 16:01:10.585  5258  5287 I VrApi   : OVR::Stats thread stopped
01-25 16:01:10.599  5258  5287 I VrApi   : ---------- vrapi_LeaveVrMode [end] ----------
01-25 16:01:20.127  2240  2570 D VrApi   : targetSDKVersion 29
01-25 16:01:20.175  2240  2570 I VrApi   : OVR::Stats thread stopped
01-25 16:01:20.324  5258  5287 I VrApi   : ---------- vrapi_EnterVrMode [start] ----------
01-25 16:01:20.327  5258  5287 D VrApi   : targetSDKVersion 29
01-25 16:01:20.338  5258  5287 I VrApi   : ovrModeParms::VRAPI_MODE_FLAG_RESET_WINDOW_FULLSCREEN = 0
01-25 16:01:20.338  5258  5287 I VrApi   : ovrModeParms::VRAPI_MODE_FLAG_NATIVE_WINDOW = 1
01-25 16:01:20.338  5258  5287 I VrApi   : ovrModeParms::VRAPI_MODE_FLAG_FRONT_BUFFER_SRGB = 0
01-25 16:01:20.338  5258  5287 I VrApi   : ovrModeParms::VRAPI_MODE_FLAG_PHASE_SYNC = 0
01-25 16:01:20.338  5258  5287 I VrApi   : ovrModeParms::VRAPI_MODE_FLAG_APP_SPACE_WARP = 0
01-25 16:01:20.338  5258  5287 I VrApi   : PhaseSync disabled
01-25 16:01:20.338  5258  5287 I VrApi   : HMD sensor attached.
01-25 16:01:20.374  5258  5287 I VrApi   : Creating Default swapchain
01-25 16:01:20.374  5258  5287 I VrApi   : Creating Loading Icon swapchain
01-25 16:01:20.374  5258  5287 I VrApi   : OVR::Stats thread started
01-25 16:01:20.374  5258  5287 I VrApi   : Initial BaseVsync 16407 
01-25 16:01:20.374  5258  5287 I VrApi   : ---------- vrapi_EnterVrMode [end] ----------
01-25 16:01:20.374  5258  5287 I VrApi   : vrapi_SetDisplayRefreshRate: display refresh rate supported 72.000000
01-25 16:01:20.377  5258  5901 D VrApi   : targetSDKVersion 29
01-25 16:01:20.414  5258  5901 D VrApi   : VrApi::isWifiConnected exception: Make sure android.permission.ACCESS_NETWORK_STATE is set in the manifest.
01-25 16:01:22.005  5258  5901 I VrApi   : FPS=1/90,Prd=0ms,Tear=0,Early=0,Stale=91,VSnc=0,Lat=0,Fov=0,CPU4/GPU=4/4,1171/441MHz,OC=FF,TA=0/0/0,SP=N/N/N,Mem=1555MHz,Free=8827MB,PLS=0,Temp=0.0C/0.0C,TW=3.94ms,App=0.00ms,GD=0.22ms,CPU&GPU=0.00ms,LCnt=3(DR0,LM3),GPU%=0.68,CPU%=0.12(W0.15),DSF=1.00,CFL=13.71/21.60
01-25 16:01:23.002  5258  5901 I VrApi   : FPS=1/90,Prd=0ms,Tear=0,Early=0,Stale=91,VSnc=0,Lat=0,Fov=0,CPU4/GPU=4/4,1171/441MHz,OC=FF,TA=0/0/0,SP=N/N/N,Mem=1804MHz,Free=8827MB,PLS=0,Temp=0.0C/0.0C,TW=3.94ms,App=0.00ms,GD=0.22ms,CPU&GPU=0.00ms,LCnt=3(DR0,LM3),GPU%=0.68,CPU%=0.12(W0.15),DSF=1.00,CFL=13.71/21.60
01-25 16:01:24.004  5258  5901 I VrApi   : FPS=1/90,Prd=0ms,Tear=0,Early=0,Stale=91,VSnc=0,Lat=0,Fov=0,CPU4/GPU=4/4,1171/441MHz,OC=FF,TA=0/0/0,SP=N/N/N,Mem=1804MHz,Free=8827MB,PLS=0,Temp=0.0C/0.0C,TW=3.94ms,App=0.00ms,GD=0.22ms,CPU&GPU=0.00ms,LCnt=3(DR0,LM3),GPU%=0.68,CPU%=0.12(W0.15),DSF=1.00,CFL=13.71/21.60
01-25 16:01:25.002  5258  5901 I VrApi   : FPS=1/90,Prd=0ms,Tear=0,Early=0,Stale=91,VSnc=0,Lat=0,Fov=0,CPU4/GPU=4/4,1171/441MHz,OC=FF,TA=0/0/0,SP=N/N/N,Mem=1804MHz,Free=8827MB,PLS=0,Temp=0.0C/0.0C,TW=3.94ms,App=0.00ms,GD=0.22ms,CPU&GPU=0.00ms,LCnt=3(DR0,LM3),GPU%=0.68,CPU%=0.12(W0.15),DSF=1.00,CFL=13.71/21.60
01-25 16:01:26.002  5258  5901 I VrApi   : FPS=1/90,Prd=0ms,Tear=0,Early=0,Stale=91,VSnc=0,Lat=0,Fov=0,CPU4/GPU=4/4,1171/441MHz,OC=FF,TA=0/0/0,SP=N/N/N,Mem=1804MHz,Free=8827MB,PLS=0,Temp=0.0C/0.0C,TW=3.94ms,App=0.00ms,GD=0.22ms,CPU&GPU=0.00ms,LCnt=3(DR0,LM3),GPU%=0.68,CPU%=0.12(W0.15),DSF=1.00,CFL=13.71/21.60
01-25 16:01:27.003  5258  5901 I VrApi   : FPS=1/90,Prd=0ms,Tear=0,Early=0,Stale=91,VSnc=0,Lat=0,Fov=0,CPU4/GPU=4/4,1171/441MHz,OC=FF,TA=0/0/0,SP=N/N/N,Mem=2092MHz,Free=8827MB,PLS=0,Temp=0.0C/0.0C,TW=3.94ms,App=0.00ms,GD=0.22ms,CPU&GPU=0.00ms,LCnt=3(DR0,LM3),GPU%=0.68,CPU%=0.12(W0.15),DSF=1.00,CFL=13.71/21.60
01-25 16:01:28.003  5258  5901 I VrApi   : FPS=1/90,Prd=0ms,Tear=0,Early=0,Stale=91,VSnc=0,Lat=0,Fov=0,CPU4/GPU=4/4,1171/441MHz,OC=FF,TA=0/0/0,SP=N/N/N,Mem=2092MHz,Free=8827MB,PLS=0,Temp=0.0C/0.0C,TW=3.94ms,App=0.00ms,GD=0.22ms,CPU&GPU=0.00ms,LCnt=3(DR0,LM3),GPU%=0.68,CPU%=0.12(W0.15),DSF=1.00,CFL=13.71/21.60
01-25 16:01:29.005  5258  5901 I VrApi   : FPS=1/90,Prd=0ms,Tear=0,Early=0,Stale=91,VSnc=0,Lat=0,Fov=0,CPU4/GPU=4/4,1171/441MHz,OC=FF,TA=0/0/0,SP=N/N/N,Mem=1555MHz,Free=8827MB,PLS=0,Temp=0.0C/0.0C,TW=3.94ms,App=0.00ms,GD=0.22ms,CPU&GPU=0.00ms,LCnt=3(DR0,LM3),GPU%=0.68,CPU%=0.12(W0.15),DSF=1.00,CFL=13.71/21.60
01-25 16:01:30.003  5258  5901 I VrApi   : FPS=1/90,Prd=0ms,Tear=0,Early=0,Stale=91,VSnc=0,Lat=0,Fov=0,CPU4/GPU=4/4,1171/441MHz,OC=FF,TA=0/0/0,SP=N/N/N,Mem=1555MHz,Free=8827MB,PLS=0,Temp=0.0C/0.0C,TW=3.94ms,App=0.00ms,GD=0.22ms,CPU&GPU=0.00ms,LCnt=3(DR0,LM3),GPU%=0.68,CPU%=0.12(W0.15),DSF=1.00,CFL=13.71/21.60
01-25 16:01:31.003  5258  5901 I VrApi   : FPS=1/90,Prd=0ms,Tear=0,Early=0,Stale=91,VSnc=0,Lat=0,Fov=0,CPU4/GPU=4/4,1171/441MHz,OC=FF,TA=0/0/0,SP=N/N/N,Mem=1555MHz,Free=8827MB,PLS=0,Temp=0.0C/0.0C,TW=3.94ms,App=0.00ms,GD=0.22ms,CPU&GPU=0.00ms,LCnt=3(DR0,LM3),GPU%=0.68,CPU%=0.12(W0.15),DSF=1.00,CFL=13.71/21.60
01-25 16:01:32.004  5258  5901 I VrApi   : FPS=1/90,Prd=0ms,Tear=0,Early=0,Stale=91,VSnc=0,Lat=0,Fov=0,CPU4/GPU=4/4,1171/441MHz,OC=FF,TA=0/0/0,SP=N/N/N,Mem=1555MHz,Free=8827MB,PLS=0,Temp=0.0C/0.0C,TW=3.94ms,App=0.00ms,GD=0.22ms,CPU&GPU=0.00ms,LCnt=3(DR0,LM3),GPU%=0.68,CPU%=0.12(W0.15),DSF=1.00,CFL=13.71/21.60
01-25 16:01:33.003  5258  5901 I VrApi   : FPS=1/90,Prd=0ms,Tear=0,Early=0,Stale=91,VSnc=0,Lat=0,Fov=0,CPU4/GPU=4/4,1171/441MHz,OC=FF,TA=0/0/0,SP=N/N/N,Mem=1555MHz,Free=8827MB,PLS=0,Temp=0.0C/0.0C,TW=3.94ms,App=0.00ms,GD=0.22ms,CPU&GPU=0.00ms,LCnt=3(DR0,LM3),GPU%=0.68,CPU%=0.12(W0.15),DSF=1.00,CFL=13.71/21.60
01-25 16:01:34.004  5258  5901 I VrApi   : FPS=1/90,Prd=0ms,Tear=0,Early=0,Stale=91,VSnc=0,Lat=0,Fov=0,CPU4/GPU=4/4,1171/441MHz,OC=FF,TA=0/0/0,SP=N/N/N,Mem=1555MHz,Free=8827MB,PLS=0,Temp=0.0C/0.0C,TW=3.94ms,App=0.00ms,GD=0.22ms,CPU&GPU=0.00ms,LCnt=3(DR0,LM3),GPU%=0.68,CPU%=0.12(W0.15),DSF=1.00,CFL=13.71/21.60
01-25 16:01:35.003  5258  5901 I VrApi   : FPS=1/90,Prd=0ms,Tear=0,Early=0,Stale=91,VSnc=0,Lat=0,Fov=0,CPU4/GPU=4/4,1171/441MHz,OC=FF,TA=0/0/0,SP=N/N/N,Mem=1804MHz,Free=8827MB,PLS=0,Temp=0.0C/0.0C,TW=3.94ms,App=0.00ms,GD=0.22ms,CPU&GPU=0.00ms,LCnt=3(DR0,LM3),GPU%=0.68,CPU%=0.12(W0.15),DSF=1.00,CFL=13.71/21.60
01-25 16:01:36.003  5258  5901 I VrApi   : FPS=1/90,Prd=0ms,Tear=0,Early=0,Stale=91,VSnc=0,Lat=0,Fov=0,CPU4/GPU=4/4,1171/441MHz,OC=FF,TA=0/0/0,SP=N/N/N,Mem=1804MHz,Free=8827MB,PLS=0,Temp=0.0C/0.0C,TW=3.94ms,App=0.00ms,GD=0.22ms,CPU&GPU=0.00ms,LCnt=3(DR0,LM3),GPU%=0.68,CPU%=0.12(W0.15),DSF=1.00,CFL=13.71/21.60
01-25 16:01:37.003  5258  5901 I VrApi   : FPS=1/90,Prd=0ms,Tear=0,Early=0,Stale=91,VSnc=0,Lat=0,Fov=0,CPU4/GPU=4/4,1171/441MHz,OC=FF,TA=0/0/0,SP=N/N/N,Mem=1804MHz,Free=8827MB,PLS=0,Temp=0.0C/0.0C,TW=3.94ms,App=0.00ms,GD=0.22ms,CPU&GPU=0.00ms,LCnt=3(DR0,LM3),GPU%=0.68,CPU%=0.12(W0.15),DSF=1.00,CFL=13.71/21.60
01-25 16:01:38.003  5258  5901 I VrApi   : FPS=1/90,Prd=0ms,Tear=0,Early=0,Stale=91,VSnc=0,Lat=0,Fov=0,CPU4/GPU=4/4,1171/441MHz,OC=FF,TA=0/0/0,SP=N/N/N,Mem=1804MHz,Free=8827MB,PLS=0,Temp=0.0C/0.0C,TW=3.94ms,App=0.00ms,GD=0.22ms,CPU&GPU=0.00ms,LCnt=3(DR0,LM3),GPU%=0.68,CPU%=0.12(W0.15),DSF=1.00,CFL=13.71/21.60
01-25 16:01:39.003  5258  5901 I VrApi   : FPS=1/90,Prd=0ms,Tear=0,Early=0,Stale=91,VSnc=0,Lat=0,Fov=0,CPU4/GPU=4/4,1171/441MHz,OC=FF,TA=0/0/0,SP=N/N/N,Mem=1804MHz,Free=8827MB,PLS=0,Temp=0.0C/0.0C,TW=3.94ms,App=0.00ms,GD=0.22ms,CPU&GPU=0.00ms,LCnt=3(DR0,LM3),GPU%=0.68,CPU%=0.12(W0.15),DSF=1.00,CFL=13.71/21.60
01-25 16:01:40.003  5258  5901 I VrApi   : FPS=1/90,Prd=0ms,Tear=0,Early=0,Stale=91,VSnc=0,Lat=0,Fov=0,CPU4/GPU=4/4,1171/441MHz,OC=FF,TA=0/0/0,SP=N/N/N,Mem=1804MHz,Free=8827MB,PLS=0,Temp=0.0C/0.0C,TW=3.94ms,App=0.00ms,GD=0.22ms,CPU&GPU=0.00ms,LCnt=3(DR0,LM3),GPU%=0.68,CPU%=0.12(W0.15),DSF=1.00,CFL=13.71/21.60
01-25 16:01:41.003  5258  5901 I VrApi   : FPS=1/90,Prd=0ms,Tear=0,Early=0,Stale=91,VSnc=0,Lat=0,Fov=0,CPU4/GPU=4/4,1171/441MHz,OC=FF,TA=0/0/0,SP=N/N/N,Mem=1555MHz,Free=8827MB,PLS=0,Temp=0.0C/0.0C,TW=3.94ms,App=0.00ms,GD=0.22ms,CPU&GPU=0.00ms,LCnt=3(DR0,LM3),GPU%=0.68,CPU%=0.12(W0.15),DSF=1.00,CFL=13.71/21.60
01-25 16:01:42.007  5258  5901 I VrApi   : FPS=1/90,Prd=0ms,Tear=0,Early=0,Stale=91,VSnc=0,Lat=0,Fov=0,CPU4/GPU=4/4,1171/441MHz,OC=FF,TA=0/0/0,SP=N/N/N,Mem=1555MHz,Free=8858MB,PLS=0,Temp=0.0C/0.0C,TW=3.94ms,App=0.00ms,GD=0.22ms,CPU&GPU=0.00ms,LCnt=3(DR0,LM3),GPU%=0.68,CPU%=0.12(W0.15),DSF=1.00,CFL=13.71/21.60
01-25 16:01:43.003  5258  5901 I VrApi   : FPS=1/90,Prd=0ms,Tear=0,Early=0,Stale=91,VSnc=0,Lat=0,Fov=0,CPU4/GPU=4/4,1171/441MHz,OC=FF,TA=0/0/0,SP=N/N/N,Mem=1555MHz,Free=8858MB,PLS=0,Temp=0.0C/0.0C,TW=3.94ms,App=0.00ms,GD=0.22ms,CPU&GPU=0.00ms,LCnt=3(DR0,LM3),GPU%=0.68,CPU%=0.12(W0.15),DSF=1.00,CFL=13.71/21.60
01-25 16:01:44.003  5258  5901 I VrApi   : FPS=1/90,Prd=0ms,Tear=0,Early=0,Stale=91,VSnc=0,Lat=0,Fov=0,CPU4/GPU=4/4,1171/441MHz,OC=FF,TA=0/0/0,SP=N/N/N,Mem=1555MHz,Free=8858MB,PLS=0,Temp=0.0C/0.0C,TW=3.94ms,App=0.00ms,GD=0.22ms,CPU&GPU=0.00ms,LCnt=3(DR0,LM3),GPU%=0.68,CPU%=0.12(W0.15),DSF=1.00,CFL=13.71/21.60
01-25 16:01:45.004  5258  5901 I VrApi   : FPS=1/90,Prd=0ms,Tear=0,Early=0,Stale=91,VSnc=0,Lat=0,Fov=0,CPU4/GPU=4/4,1171/441MHz,OC=FF,TA=0/0/0,SP=N/N/N,Mem=1555MHz,Free=8858MB,PLS=0,Temp=0.0C/0.0C,TW=3.94ms,App=0.00ms,GD=0.22ms,CPU&GPU=0.00ms,LCnt=3(DR0,LM3),GPU%=0.68,CPU%=0.12(W0.15),DSF=1.00,CFL=13.71/21.60
01-25 16:01:46.003  5258  5901 I VrApi   : FPS=1/90,Prd=0ms,Tear=0,Early=0,Stale=91,VSnc=0,Lat=0,Fov=0,CPU4/GPU=4/4,1171/441MHz,OC=FF,TA=0/0/0,SP=N/N/N,Mem=1555MHz,Free=8858MB,PLS=0,Temp=0.0C/0.0C,TW=3.94ms,App=0.00ms,GD=0.22ms,CPU&GPU=0.00ms,LCnt=3(DR0,LM3),GPU%=0.68,CPU%=0.12(W0.15),DSF=1.00,CFL=13.71/21.60
01-25 16:01:47.004  5258  5901 I VrApi   : FPS=1/90,Prd=0ms,Tear=0,Early=0,Stale=91,VSnc=0,Lat=0,Fov=0,CPU4/GPU=4/4,1171/441MHz,OC=FF,TA=0/0/0,SP=N/N/N,Mem=1555MHz,Free=8858MB,PLS=0,Temp=0.0C/0.0C,TW=3.94ms,App=0.00ms,GD=0.22ms,CPU&GPU=0.00ms,LCnt=3(DR0,LM3),GPU%=0.68,CPU%=0.12(W0.15),DSF=1.00,CFL=13.71/21.60
