--------- beginning of system
--------- beginning of tracking
--------- beginning of main
01-24 04:29:37.059  1999  4252 I VrApi   : FPS=90/90,Prd=27ms,Tear=0,Early=0,Stale=0,VSnc=0,Lat=-1,Fov=0,CPU4/GPU=2/3,1171/490MHz,OC=FF,TA=0/70/0,SP=N/F/N,Mem=2092MHz,Free=8495MB,PLS=0,Temp=26.0C/0.0C,TW=2.94ms,App=1.19ms,GD=0.13ms,CPU&GPU=7.44ms,LCnt=4(DR0,LM2),GPU%=0.57,CPU%=0.26(W0.29),DSF=1.00,CFL=17.07/21.13
01-24 04:29:38.058  1999  4252 I VrApi   : FPS=90/90,Prd=25ms,Tear=0,Early=0,Stale=0,VSnc=0,Lat=-1,Fov=0,CPU4/GPU=2/3,1171/490MHz,OC=FF,TA=0/70/0,SP=N/F/N,Mem=2092MHz,Free=8495MB,PLS=0,Temp=26.0C/0.0C,TW=1.89ms,App=0.01ms,GD=0.13ms,CPU&GPU=2.49ms,LCnt=3(DR0,LM2),GPU%=0.36,CPU%=0.25(W0.26),DSF=1.00,CFL=17.02/20.52
01-24 04:29:39.056  1999  4252 I VrApi   : FPS=90/90,Prd=23ms,Tear=0,Early=0,Stale=0,VSnc=0,Lat=-1,Fov=0,CPU4/GPU=2/3,1171/490MHz,OC=FF,TA=0/70/0,SP=N/F/N,Mem=2092MHz,Free=8495MB,PLS=0,Temp=26.0C/0.0C,TW=1.93ms,App=0.01ms,GD=0.13ms,CPU&GPU=1.87ms,LCnt=3(DR0,LM2),GPU%=0.35,CPU%=0.25(W0.29),DSF=1.00,CFL=16.86/21.12
01-24 04:29:40.055  1999  4252 I VrApi   : FPS=90/90,Prd=22ms,Tear=0,Early=0,Stale=0,VSnc=0,Lat=-1,Fov=0,CPU4/GPU=2/3,1171/490MHz,OC=FF,TA=0/70/0,SP=N/F/N,Mem=2092MHz,Free=8495MB,PLS=0,Temp=26.0C/0.0C,TW=1.90ms,App=0.01ms,GD=0.13ms,CPU&GPU=1.54ms,LCnt=3(DR0,LM2),GPU%=0.34,CPU%=0.24(W0.32),DSF=1.00,CFL=16.97/21.03
01-24 04:29:41.056  1999  4252 I VrApi   : FPS=90/90,Prd=21ms,Tear=0,Early=0,Stale=0,VSnc=0,Lat=-1,Fov=0,CPU4/GPU=2/3,1171/490MHz,OC=FF,TA=0/70/0,SP=N/F/N,Mem=2092MHz,Free=8495MB,PLS=0,Temp=26.0C/0.0C,TW=1.88ms,App=0.01ms,GD=0.13ms,CPU&GPU=1.61ms,LCnt=3(DR0,LM2),GPU%=0.34,CPU%=0.22(W0.32),DSF=1.00,CFL=17.04/20.48
01-24 04:29:42.058  1999  4252 I VrApi   : FPS=90/90,Prd=21ms,Tear=0,Early=0,Stale=0,VSnc=0,Lat=-1,Fov=0,CPU4/GPU=2/3,1171/490MHz,OC=FF,TA=0/70/0,SP=N/F/N,Mem=2092MHz,Free=8495MB,PLS=0,Temp=26.0C/0.0C,TW=1.89ms,App=0.01ms,GD=0.13ms,CPU&GPU=1.48ms,LCnt=3(DR0,LM2),GPU%=0.34,CPU%=0.23(W0.35),DSF=1.00,CFL=17.01/20.82
01-24 04:29:43.056  1999  4252 I VrApi   : FPS=90/90,Prd=20ms,Tear=0,Early=0,Stale=0,VSnc=0,Lat=-1,Fov=0,CPU4/GPU=2/3,1171/490MHz,OC=FF,TA=0/70/0,SP=N/F/N,Mem=2092MHz,Free=8495MB,PLS=0,Temp=25.7C/0.0C,TW=1.94ms,App=0.01ms,GD=0.13ms,CPU&GPU=0.60ms,LCnt=3(DR0,LM2),GPU%=0.35,CPU%=0.23(W0.24),DSF=1.00,CFL=17.01/20.30
01-24 04:29:44.056  1999  4252 I VrApi   : FPS=90/90,Prd=20ms,Tear=0,Early=0,Stale=0,VSnc=0,Lat=-1,Fov=0,CPU4/GPU=2/3,1171/490MHz,OC=FF,TA=0/70/0,SP=N/F/N,Mem=2092MHz,Free=8495MB,PLS=0,Temp=25.7C/0.0C,TW=1.92ms,App=0.01ms,GD=0.13ms,CPU&GPU=0.54ms,LCnt=3(DR0,LM2),GPU%=0.35,CPU%=0.24(W0.33),DSF=1.00,CFL=17.24/20.39
01-24 04:29:45.054  1999  4252 I VrApi   : FPS=90/90,Prd=20ms,Tear=0,Early=0,Stale=0,VSnc=0,Lat=-1,Fov=0,CPU4/GPU=2/3,1171/490MHz,OC=FF,TA=0/70/0,SP=N/F/N,Mem=2092MHz,Free=8495MB,PLS=0,Temp=25.7C/0.0C,TW=1.90ms,App=0.01ms,GD=0.13ms,CPU&GPU=0.57ms,LCnt=3(DR0,LM2),GPU%=0.34,CPU%=0.21(W0.24),DSF=1.00,CFL=16.87/20.75
01-24 04:29:46.058  1999  4252 I VrApi   : FPS=90/90,Prd=20ms,Tear=0,Early=0,Stale=0,VSnc=0,Lat=-1,Fov=0,CPU4/GPU=2/3,1171/490MHz,OC=FF,TA=0/70/0,SP=N/F/N,Mem=2092MHz,Free=8495MB,PLS=0,Temp=25.7C/0.0C,TW=1.89ms,App=0.01ms,GD=0.13ms,CPU&GPU=0.57ms,LCnt=3(DR0,LM2),GPU%=0.35,CPU%=0.23(W0.30),DSF=1.00,CFL=16.93/20.64
01-24 04:29:47.059  1999  4252 I VrApi   : FPS=90/90,Prd=20ms,Tear=0,Early=0,Stale=0,VSnc=0,Lat=-1,Fov=0,CPU4/GPU=2/3,1171/490MHz,OC=FF,TA=0/70/0,SP=N/F/N,Mem=2092MHz,Free=8495MB,PLS=0,Temp=25.7C/0.0C,TW=1.90ms,App=0.01ms,GD=0.13ms,CPU&GPU=0.52ms,LCnt=3(DR0,LM2),GPU%=0.34,CPU%=0.25(W0.25),DSF=1.00,CFL=16.91/20.35
01-24 04:29:48.056  1999  4252 I VrApi   : FPS=90/90,Prd=20ms,Tear=0,Early=0,Stale=0,VSnc=0,Lat=-1,Fov=0,CPU4/GPU=2/3,1171/490MHz,OC=FF,TA=0/70/0,SP=N/F/N,Mem=2092MHz,Free=8495MB,PLS=0,Temp=25.7C/0.0C,TW=1.94ms,App=0.01ms,GD=0.13ms,CPU&GPU=0.52ms,LCnt=3(DR0,LM2),GPU%=0.35,CPU%=0.21(W0.27),DSF=1.00,CFL=16.97/20.53
01-24 04:29:49.056  1999  4252 I VrApi   : FPS=90/90,Prd=20ms,Tear=0,Early=0,Stale=0,VSnc=0,Lat=-1,Fov=0,CPU4/GPU=2/3,1171/490MHz,OC=FF,TA=0/70/0,SP=N/F/N,Mem=2092MHz,Free=8495MB,PLS=0,Temp=25.7C/0.0C,TW=1.91ms,App=0.01ms,GD=0.13ms,CPU&GPU=0.51ms,LCnt=3(DR0,LM2),GPU%=0.34,CPU%=0.24(W0.29),DSF=1.00,CFL=16.86/20.59
01-24 04:29:50.056  1999  4252 I VrApi   : FPS=90/90,Prd=19ms,Tear=0,Early=0,Stale=0,VSnc=0,Lat=-1,Fov=0,CPU4/GPU=2/3,1171/490MHz,OC=FF,TA=0/70/0,SP=N/F/N,Mem=2092MHz,Free=8495MB,PLS=0,Temp=25.7C/0.0C,TW=1.89ms,App=0.01ms,GD=0.13ms,CPU&GPU=0.50ms,LCnt=3(DR0,LM2),GPU%=0.34,CPU%=0.19(W0.38),DSF=1.00,CFL=16.86/20.51
01-24 04:29:51.062  1999  4252 I VrApi   : FPS=90/90,Prd=19ms,Tear=0,Early=0,Stale=0,VSnc=0,Lat=-1,Fov=0,CPU4/GPU=2/3,1171/490MHz,OC=FF,TA=0/70/0,SP=N/F/N,Mem=2092MHz,Free=8491MB,PLS=0,Temp=25.7C/0.0C,TW=1.89ms,App=0.01ms,GD=0.13ms,CPU&GPU=0.51ms,LCnt=3(DR0,LM2),GPU%=0.34,CPU%=0.23(W0.30),DSF=1.00,CFL=17.00/20.82
01-24 04:29:52.060  1999  4252 I VrApi   : FPS=90/90,Prd=19ms,Tear=0,Early=0,Stale=0,VSnc=0,Lat=-1,Fov=0,CPU4/GPU=2/3,1171/490MHz,OC=FF,TA=0/70/0,SP=N/F/N,Mem=1804MHz,Free=8491MB,PLS=0,Temp=25.7C/0.0C,TW=1.90ms,App=0.01ms,GD=0.13ms,CPU&GPU=0.52ms,LCnt=3(DR0,LM2),GPU%=0.34,CPU%=0.22(W0.24),DSF=1.00,CFL=16.94/20.50
01-24 04:29:53.056  1999  4252 I VrApi   : FPS=90/90,Prd=19ms,Tear=0,Early=0,Stale=0,VSnc=0,Lat=-1,Fov=0,CPU4/GPU=2/3,1171/490MHz,OC=FF,TA=0/70/0,SP=N/F/N,Mem=2092MHz,Free=8491MB,PLS=0,Temp=25.7C/0.0C,TW=1.92ms,App=0.01ms,GD=0.13ms,CPU&GPU=0.52ms,LCnt=3(DR0,LM2),GPU%=0.34,CPU%=0.24(W0.33),DSF=1.00,CFL=16.99/20.71
01-24 04:29:54.057  1999  4252 I VrApi   : FPS=90/90,Prd=19ms,Tear=0,Early=0,Stale=0,VSnc=0,Lat=-1,Fov=0,CPU4/GPU=2/3,1171/490MHz,OC=FF,TA=0/70/0,SP=N/F/N,Mem=2092MHz,Free=8491MB,PLS=0,Temp=25.7C/0.0C,TW=1.90ms,App=0.01ms,GD=0.13ms,CPU&GPU=0.60ms,LCnt=3(DR0,LM2),GPU%=0.34,CPU%=0.22(W0.27),DSF=1.00,CFL=16.92/20.57
01-24 04:29:55.057  1999  4252 I VrApi   : FPS=90/90,Prd=20ms,Tear=0,Early=0,Stale=0,VSnc=0,Lat=-1,Fov=0,CPU4/GPU=2/3,1171/490MHz,OC=FF,TA=0/70/0,SP=N/F/N,Mem=2092MHz,Free=8491MB,PLS=0,Temp=25.7C/0.0C,TW=1.89ms,App=0.01ms,GD=0.13ms,CPU&GPU=0.67ms,LCnt=3(DR0,LM2),GPU%=0.34,CPU%=0.22(W0.27),DSF=1.00,CFL=17.10/20.81
01-24 04:29:56.061  1999  4252 I VrApi   : FPS=90/90,Prd=19ms,Tear=0,Early=0,Stale=0,VSnc=0,Lat=-1,Fov=0,CPU4/GPU=2/3,1171/490MHz,OC=FF,TA=0/70/0,SP=N/F/N,Mem=2092MHz,Free=8491MB,PLS=0,Temp=25.7C/0.0C,TW=1.89ms,App=0.01ms,GD=0.13ms,CPU&GPU=0.50ms,LCnt=3(DR0,LM2),GPU%=0.34,CPU%=0.22(W0.30),DSF=1.00,CFL=16.93/20.90
01-24 04:29:57.056  1999  4252 I VrApi   : FPS=90/90,Prd=19ms,Tear=0,Early=0,Stale=0,VSnc=0,Lat=-1,Fov=0,CPU4/GPU=2/3,1171/490MHz,OC=FF,TA=0/70/0,SP=N/F/N,Mem=2092MHz,Free=8491MB,PLS=0,Temp=25.7C/0.0C,TW=1.96ms,App=0.01ms,GD=0.13ms,CPU&GPU=0.53ms,LCnt=3(DR0,LM2),GPU%=0.35,CPU%=0.23(W0.29),DSF=1.00,CFL=17.01/20.48
01-24 04:29:58.055  1999  4252 I VrApi   : FPS=89/90,Prd=19ms,Tear=0,Early=0,Stale=1,VSnc=0,Lat=-1,Fov=0,CPU4/GPU=2/3,1171/490MHz,OC=FF,TA=0/70/0,SP=N/F/N,Mem=2092MHz,Free=8491MB,PLS=0,Temp=25.7C/0.0C,TW=1.93ms,App=0.01ms,GD=0.13ms,CPU&GPU=0.55ms,LCnt=3(DR0,LM2),GPU%=0.34,CPU%=0.23(W0.29),DSF=1.00,CFL=17.08/21.00
01-24 04:29:59.057  1999  4252 I VrApi   : FPS=90/90,Prd=20ms,Tear=0,Early=0,Stale=0,VSnc=0,Lat=-1,Fov=0,CPU4/GPU=2/3,1171/490MHz,OC=FF,TA=0/70/0,SP=N/F/N,Mem=2092MHz,Free=8491MB,PLS=0,Temp=25.7C/0.0C,TW=1.90ms,App=0.01ms,GD=0.13ms,CPU&GPU=0.66ms,LCnt=3(DR0,LM2),GPU%=0.34,CPU%=0.21(W0.33),DSF=1.00,CFL=17.00/20.33
01-24 04:30:00.058  1999  4252 I VrApi   : FPS=90/90,Prd=20ms,Tear=0,Early=0,Stale=0,VSnc=0,Lat=-1,Fov=0,CPU4/GPU=2/3,1171/490MHz,OC=FF,TA=0/70/0,SP=N/F/N,Mem=2092MHz,Free=8491MB,PLS=0,Temp=25.7C/0.0C,TW=1.89ms,App=0.01ms,GD=0.13ms,CPU&GPU=1.34ms,LCnt=3(DR0,LM2),GPU%=0.34,CPU%=0.23(W0.30),DSF=1.00,CFL=16.91/20.36
01-24 04:30:01.058  1999  4252 I VrApi   : FPS=90/90,Prd=20ms,Tear=0,Early=0,Stale=0,VSnc=0,Lat=-1,Fov=0,CPU4/GPU=2/3,1171/490MHz,OC=FF,TA=0/70/0,SP=N/F/N,Mem=2092MHz,Free=8491MB,PLS=0,Temp=25.7C/0.0C,TW=1.90ms,App=0.01ms,GD=0.13ms,CPU&GPU=0.53ms,LCnt=3(DR0,LM2),GPU%=0.35,CPU%=0.23(W0.32),DSF=1.00,CFL=16.97/20.89
01-24 04:30:02.057  1999  4252 I VrApi   : FPS=90/90,Prd=19ms,Tear=0,Early=0,Stale=0,VSnc=0,Lat=-1,Fov=0,CPU4/GPU=2/3,1171/490MHz,OC=FF,TA=0/70/0,SP=N/F/N,Mem=2092MHz,Free=8491MB,PLS=0,Temp=25.2C/0.0C,TW=1.93ms,App=0.01ms,GD=0.13ms,CPU&GPU=0.51ms,LCnt=3(DR0,LM2),GPU%=0.34,CPU%=0.20(W0.26),DSF=1.00,CFL=17.01/21.29
01-24 04:30:03.057  1999  4252 I VrApi   : FPS=90/90,Prd=19ms,Tear=0,Early=0,Stale=0,VSnc=0,Lat=-1,Fov=0,CPU4/GPU=2/3,1171/490MHz,OC=FF,TA=0/70/0,SP=N/F/N,Mem=2092MHz,Free=8491MB,PLS=0,Temp=25.2C/0.0C,TW=1.91ms,App=0.01ms,GD=0.13ms,CPU&GPU=0.54ms,LCnt=3(DR0,LM2),GPU%=0.34,CPU%=0.20(W0.20),DSF=1.00,CFL=16.92/21.00
01-24 04:30:04.058  1999  4252 I VrApi   : FPS=90/90,Prd=19ms,Tear=0,Early=0,Stale=0,VSnc=0,Lat=-1,Fov=0,CPU4/GPU=2/3,1171/490MHz,OC=FF,TA=0/70/0,SP=N/F/N,Mem=2092MHz,Free=8491MB,PLS=0,Temp=25.2C/0.0C,TW=1.89ms,App=0.01ms,GD=0.13ms,CPU&GPU=0.52ms,LCnt=3(DR0,LM2),GPU%=0.34,CPU%=0.24(W0.29),DSF=1.00,CFL=16.98/20.79
01-24 04:30:05.058  1999  4252 I VrApi   : FPS=90/90,Prd=19ms,Tear=0,Early=0,Stale=0,VSnc=0,Lat=-1,Fov=0,CPU4/GPU=2/3,1171/490MHz,OC=FF,TA=0/70/0,SP=N/F/N,Mem=2092MHz,Free=8491MB,PLS=0,Temp=25.2C/0.0C,TW=1.89ms,App=0.01ms,GD=0.13ms,CPU&GPU=0.53ms,LCnt=3(DR0,LM2),GPU%=0.34,CPU%=0.24(W0.30),DSF=1.00,CFL=16.95/21.04
01-24 04:30:06.056  1999  4252 I VrApi   : FPS=90/90,Prd=19ms,Tear=0,Early=0,Stale=0,VSnc=0,Lat=-1,Fov=0,CPU4/GPU=2/3,1171/490MHz,OC=FF,TA=0/70/0,SP=N/F/N,Mem=2092MHz,Free=8491MB,PLS=0,Temp=25.2C/0.0C,TW=1.92ms,App=0.01ms,GD=0.13ms,CPU&GPU=0.54ms,LCnt=3(DR0,LM2),GPU%=0.35,CPU%=0.21(W0.27),DSF=1.00,CFL=16.79/20.52
01-24 04:30:07.056  1999  4252 I VrApi   : FPS=90/90,Prd=19ms,Tear=0,Early=0,Stale=0,VSnc=0,Lat=-1,Fov=0,CPU4/GPU=2/3,1171/490MHz,OC=FF,TA=0/70/0,SP=N/F/N,Mem=2092MHz,Free=8491MB,PLS=0,Temp=25.2C/0.0C,TW=1.91ms,App=0.01ms,GD=0.13ms,CPU&GPU=0.51ms,LCnt=3(DR0,LM2),GPU%=0.34,CPU%=0.24(W0.38),DSF=1.00,CFL=16.89/20.74
01-24 04:30:08.057  1999  4252 I VrApi   : FPS=90/90,Prd=19ms,Tear=0,Early=0,Stale=0,VSnc=0,Lat=-1,Fov=0,CPU4/GPU=2/3,1171/490MHz,OC=FF,TA=0/70/0,SP=N/F/N,Mem=2092MHz,Free=8491MB,PLS=0,Temp=25.2C/0.0C,TW=1.89ms,App=0.01ms,GD=0.13ms,CPU&GPU=0.53ms,LCnt=3(DR0,LM2),GPU%=0.34,CPU%=0.22(W0.27),DSF=1.00,CFL=17.00/20.47
01-24 04:30:09.059  1999  4252 I VrApi   : FPS=90/90,Prd=19ms,Tear=0,Early=0,Stale=0,VSnc=0,Lat=-1,Fov=0,CPU4/GPU=2/3,1171/490MHz,OC=FF,TA=0/70/0,SP=N/F/N,Mem=2092MHz,Free=8491MB,PLS=0,Temp=25.2C/0.0C,TW=1.89ms,App=0.01ms,GD=0.13ms,CPU&GPU=0.53ms,LCnt=3(DR0,LM2),GPU%=0.34,CPU%=0.21(W0.29),DSF=1.00,CFL=16.87/20.29
01-24 04:30:10.058  1999  4252 I VrApi   : FPS=90/90,Prd=19ms,Tear=0,Early=0,Stale=0,VSnc=0,Lat=-1,Fov=0,CPU4/GPU=2/3,1171/490MHz,OC=FF,TA=0/70/0,SP=N/F/N,Mem=2092MHz,Free=8491MB,PLS=0,Temp=25.2C/0.0C,TW=1.90ms,App=0.01ms,GD=0.13ms,CPU&GPU=0.58ms,LCnt=3(DR0,LM2),GPU%=0.34,CPU%=0.21(W0.27),DSF=1.00,CFL=16.93/20.33
01-24 04:30:11.066  1999  4252 I VrApi   : FPS=90/90,Prd=19ms,Tear=0,Early=0,Stale=0,VSnc=0,Lat=-1,Fov=0,CPU4/GPU=2/3,1171/490MHz,OC=FF,TA=0/70/0,SP=N/F/N,Mem=2092MHz,Free=8488MB,PLS=0,Temp=25.2C/0.0C,TW=1.93ms,App=0.01ms,GD=0.13ms,CPU&GPU=0.50ms,LCnt=3(DR0,LM2),GPU%=0.34,CPU%=0.24(W0.27),DSF=1.00,CFL=17.07/20.55
01-24 04:30:12.056  1999  4252 I VrApi   : FPS=90/90,Prd=19ms,Tear=0,Early=0,Stale=0,VSnc=0,Lat=-1,Fov=0,CPU4/GPU=2/3,1171/490MHz,OC=FF,TA=0/70/0,SP=N/F/N,Mem=2092MHz,Free=8488MB,PLS=0,Temp=25.2C/0.0C,TW=1.92ms,App=0.01ms,GD=0.13ms,CPU&GPU=0.57ms,LCnt=3(DR0,LM2),GPU%=0.34,CPU%=0.28(W0.36),DSF=1.00,CFL=17.01/20.76
01-24 04:30:13.057  1999  4252 I VrApi   : FPS=90/90,Prd=19ms,Tear=0,Early=0,Stale=0,VSnc=0,Lat=-1,Fov=0,CPU4/GPU=2/3,1171/490MHz,OC=FF,TA=0/70/0,SP=N/F/N,Mem=2092MHz,Free=8488MB,PLS=0,Temp=25.2C/0.0C,TW=2.41ms,App=0.46ms,GD=0.19ms,CPU&GPU=0.49ms,LCnt=3(DR0,LM2),GPU%=0.41,CPU%=0.23(W0.32),DSF=1.00,CFL=17.06/20.86
01-24 04:30:14.057  1999  4252 I VrApi   : FPS=91/90,Prd=22ms,Tear=0,Early=0,Stale=0,VSnc=0,Lat=-1,Fov=0,CPU4/GPU=2/3,1171/490MHz,OC=FF,TA=0/70/0,SP=N/F/N,Mem=2092MHz,Free=8488MB,PLS=0,Temp=25.2C/0.0C,TW=1.93ms,App=0.01ms,GD=0.25ms,CPU&GPU=2.82ms,LCnt=4(DR0,LM2),GPU%=0.35,CPU%=0.22(W0.30),DSF=1.00,CFL=16.88/20.73
01-24 04:30:15.059  1999  4252 I VrApi   : FPS=90/90,Prd=21ms,Tear=0,Early=0,Stale=0,VSnc=0,Lat=-1,Fov=0,CPU4/GPU=2/3,1171/490MHz,OC=FF,TA=0/70/0,SP=N/F/N,Mem=2092MHz,Free=8488MB,PLS=0,Temp=25.2C/0.0C,TW=1.96ms,App=0.01ms,GD=0.44ms,CPU&GPU=0.65ms,LCnt=3(DR0,LM2),GPU%=0.37,CPU%=0.21(W0.24),DSF=1.00,CFL=16.88/20.29
01-24 04:30:16.063  1999  4252 I VrApi   : FPS=90/90,Prd=21ms,Tear=0,Early=0,Stale=0,VSnc=0,Lat=-1,Fov=0,CPU4/GPU=2/3,1171/490MHz,OC=FF,TA=0/70/0,SP=N/F/N,Mem=2092MHz,Free=8488MB,PLS=0,Temp=25.2C/0.0C,TW=1.94ms,App=0.01ms,GD=0.21ms,CPU&GPU=1.51ms,LCnt=3(DR0,LM2),GPU%=0.35,CPU%=0.15(W0.24),DSF=1.00,CFL=16.86/20.47
01-24 04:32:06.065  1999  4252 I VrApi   : FPS=86/90,Prd=29ms,Tear=0,Early=0,Stale=6,VSnc=0,Lat=-1,Fov=0,CPU4/GPU=2/3,1171/490MHz,OC=FF,TA=0/70/0,SP=N/F/N,Mem=2092MHz,Free=8550MB,PLS=0,Temp=24.5C/0.0C,TW=2.46ms,App=5.60ms,GD=0.00ms,CPU&GPU=10.64ms,LCnt=6(DR0,LM0),GPU%=0.74,CPU%=0.41(W0.50),DSF=1.00,CFL=16.90/20.74
01-24 04:32:07.066  1999  4252 I VrApi   : FPS=88/90,Prd=32ms,Tear=0,Early=69,Stale=1,VSnc=0,Lat=-1,Fov=0,CPU4/GPU=2/3,1171/490MHz,OC=FF,TA=0/70/0,SP=N/F/N,Mem=2092MHz,Free=8550MB,PLS=0,Temp=24.5C/0.0C,TW=2.42ms,App=5.61ms,GD=0.00ms,CPU&GPU=8.98ms,LCnt=4(DR0,LM0),GPU%=0.73,CPU%=0.31(W0.42),DSF=1.00,CFL=16.91/20.22
01-24 04:32:08.066  1999  4252 I VrApi   : FPS=90/90,Prd=36ms,Tear=0,Early=20,Stale=0,VSnc=0,Lat=-1,Fov=0,CPU4/GPU=2/3,1171/490MHz,OC=FF,TA=0/70/0,SP=N/F/N,Mem=2092MHz,Free=8550MB,PLS=0,Temp=24.5C/0.0C,TW=2.39ms,App=5.81ms,GD=0.00ms,CPU&GPU=9.38ms,LCnt=4(DR0,LM0),GPU%=0.75,CPU%=0.36(W0.43),DSF=1.00,CFL=16.87/20.81
01-24 04:32:09.066  1999  4252 I VrApi   : FPS=90/90,Prd=32ms,Tear=0,Early=0,Stale=0,VSnc=0,Lat=-1,Fov=0,CPU4/GPU=2/3,1171/490MHz,OC=FF,TA=0/70/0,SP=N/F/N,Mem=2092MHz,Free=8550MB,PLS=0,Temp=24.5C/0.0C,TW=2.12ms,App=5.10ms,GD=0.00ms,CPU&GPU=10.00ms,LCnt=4(DR0,LM0),GPU%=0.68,CPU%=0.32(W0.43),DSF=1.00,CFL=16.78/20.17
01-24 04:32:10.066  1999  4252 I VrApi   : FPS=90/90,Prd=31ms,Tear=0,Early=0,Stale=0,VSnc=0,Lat=-1,Fov=0,CPU4/GPU=2/3,1171/490MHz,OC=FF,TA=0/70/0,SP=N/F/N,Mem=2092MHz,Free=8550MB,PLS=0,Temp=24.5C/0.0C,TW=2.19ms,App=5.22ms,GD=0.00ms,CPU&GPU=8.92ms,LCnt=2(DR0,LM0),GPU%=0.68,CPU%=0.35(W0.43),DSF=1.00,CFL=16.88/20.78
01-24 04:32:11.073  1999  4252 I VrApi   : FPS=90/90,Prd=30ms,Tear=0,Early=0,Stale=0,VSnc=0,Lat=-1,Fov=0,CPU4/GPU=2/3,1171/490MHz,OC=FF,TA=0/70/0,SP=N/F/N,Mem=2092MHz,Free=8557MB,PLS=0,Temp=24.5C/0.0C,TW=2.45ms,App=5.73ms,GD=0.00ms,CPU&GPU=9.90ms,LCnt=4(DR0,LM0),GPU%=0.75,CPU%=0.34(W0.43),DSF=1.00,CFL=16.90/21.09
01-24 04:32:12.068  1999  4252 I VrApi   : FPS=90/90,Prd=31ms,Tear=0,Early=0,Stale=0,VSnc=0,Lat=-1,Fov=0,CPU4/GPU=2/3,1171/490MHz,OC=FF,TA=0/70/0,SP=N/F/N,Mem=2092MHz,Free=8557MB,PLS=0,Temp=24.5C/0.0C,TW=2.46ms,App=5.76ms,GD=0.00ms,CPU&GPU=10.25ms,LCnt=4(DR0,LM0),GPU%=0.75,CPU%=0.37(W0.52),DSF=1.00,CFL=16.99/20.80
01-24 04:32:13.066  1999  4252 I VrApi   : FPS=90/90,Prd=30ms,Tear=0,Early=0,Stale=0,VSnc=0,Lat=-1,Fov=0,CPU4/GPU=2/3,1171/490MHz,OC=FF,TA=0/70/0,SP=N/F/N,Mem=2092MHz,Free=8557MB,PLS=0,Temp=24.5C/0.0C,TW=2.43ms,App=5.94ms,GD=0.00ms,CPU&GPU=10.38ms,LCnt=4(DR0,LM0),GPU%=0.77,CPU%=0.37(W0.48),DSF=1.00,CFL=16.83/20.63
01-24 04:32:14.066  1999  4252 I VrApi   : FPS=90/90,Prd=30ms,Tear=0,Early=0,Stale=0,VSnc=0,Lat=-1,Fov=0,CPU4/GPU=2/3,1171/490MHz,OC=FF,TA=0/70/0,SP=N/F/N,Mem=2092MHz,Free=8557MB,PLS=0,Temp=24.5C/0.0C,TW=2.41ms,App=5.77ms,GD=0.00ms,CPU&GPU=10.36ms,LCnt=4(DR0,LM0),GPU%=0.75,CPU%=0.35(W0.42),DSF=1.00,CFL=16.80/20.41
01-24 04:32:15.066  1999  4252 I VrApi   : FPS=90/90,Prd=30ms,Tear=0,Early=0,Stale=0,VSnc=0,Lat=-1,Fov=0,CPU4/GPU=2/3,1171/490MHz,OC=FF,TA=0/70/0,SP=N/F/N,Mem=2092MHz,Free=8557MB,PLS=0,Temp=24.5C/0.0C,TW=2.41ms,App=5.83ms,GD=0.00ms,CPU&GPU=10.19ms,LCnt=4(DR0,LM0),GPU%=0.76,CPU%=0.33(W0.37),DSF=1.00,CFL=16.73/20.79
01-24 04:32:16.068  1999  4252 I VrApi   : FPS=90/90,Prd=29ms,Tear=0,Early=0,Stale=0,VSnc=0,Lat=-1,Fov=0,CPU4/GPU=2/3,1171/490MHz,OC=FF,TA=0/70/0,SP=N/F/N,Mem=2092MHz,Free=8557MB,PLS=0,Temp=24.5C/0.0C,TW=2.39ms,App=5.74ms,GD=0.00ms,CPU&GPU=10.30ms,LCnt=4(DR0,LM0),GPU%=0.74,CPU%=0.31(W0.40),DSF=1.00,CFL=16.97/20.70
01-24 04:32:17.068  1999  4252 I VrApi   : FPS=90/90,Prd=29ms,Tear=0,Early=0,Stale=0,VSnc=0,Lat=-1,Fov=0,CPU4/GPU=2/3,1171/490MHz,OC=FF,TA=0/70/0,SP=N/F/N,Mem=2092MHz,Free=8557MB,PLS=0,Temp=24.5C/0.0C,TW=2.42ms,App=5.81ms,GD=0.00ms,CPU&GPU=10.29ms,LCnt=4(DR0,LM0),GPU%=0.76,CPU%=0.35(W0.45),DSF=1.00,CFL=16.82/20.98
01-24 04:32:18.067  1999  4252 I VrApi   : FPS=90/90,Prd=29ms,Tear=0,Early=0,Stale=0,VSnc=0,Lat=-1,Fov=0,CPU4/GPU=2/3,1171/490MHz,OC=FF,TA=0/70/0,SP=N/F/N,Mem=2092MHz,Free=8557MB,PLS=0,Temp=24.5C/0.0C,TW=2.42ms,App=5.87ms,GD=0.00ms,CPU&GPU=10.35ms,LCnt=4(DR0,LM0),GPU%=0.76,CPU%=0.34(W0.42),DSF=1.00,CFL=16.82/20.92
01-24 04:32:19.066  1999  4252 I VrApi   : FPS=90/90,Prd=29ms,Tear=0,Early=0,Stale=0,VSnc=0,Lat=-1,Fov=0,CPU4/GPU=2/3,1171/490MHz,OC=FF,TA=0/70/0,SP=N/F/N,Mem=2092MHz,Free=8557MB,PLS=0,Temp=24.5C/0.0C,TW=2.44ms,App=5.81ms,GD=0.00ms,CPU&GPU=10.33ms,LCnt=4(DR0,LM0),GPU%=0.76,CPU%=0.35(W0.45),DSF=1.00,CFL=16.78/20.95
01-24 04:32:20.067  1999  4252 I VrApi   : FPS=90/90,Prd=29ms,Tear=0,Early=0,Stale=0,VSnc=0,Lat=-1,Fov=0,CPU4/GPU=2/3,1171/490MHz,OC=FF,TA=0/70/0,SP=N/F/N,Mem=2092MHz,Free=8557MB,PLS=0,Temp=24.5C/0.0C,TW=2.44ms,App=5.87ms,GD=0.00ms,CPU&GPU=10.32ms,LCnt=4(DR0,LM0),GPU%=0.76,CPU%=0.34(W0.43),DSF=1.00,CFL=16.75/20.70
01-24 04:32:21.066  1999  4252 I VrApi   : FPS=90/90,Prd=29ms,Tear=0,Early=0,Stale=0,VSnc=0,Lat=-1,Fov=0,CPU4/GPU=2/3,1171/490MHz,OC=FF,TA=0/70/0,SP=N/F/N,Mem=2092MHz,Free=8557MB,PLS=0,Temp=24.5C/0.0C,TW=2.43ms,App=5.82ms,GD=0.00ms,CPU&GPU=10.42ms,LCnt=4(DR0,LM0),GPU%=0.76,CPU%=0.33(W0.48),DSF=1.00,CFL=16.94/20.29
01-24 04:32:22.066  1999  4252 I VrApi   : FPS=90/90,Prd=29ms,Tear=0,Early=0,Stale=0,VSnc=0,Lat=-1,Fov=0,CPU4/GPU=2/3,1171/490MHz,OC=FF,TA=0/70/0,SP=N/F/N,Mem=2092MHz,Free=8557MB,PLS=0,Temp=24.5C/0.0C,TW=2.41ms,App=5.84ms,GD=0.00ms,CPU&GPU=10.41ms,LCnt=4(DR0,LM0),GPU%=0.76,CPU%=0.31(W0.50),DSF=1.00,CFL=16.89/20.84
01-24 04:32:23.067  1999  4252 I VrApi   : FPS=90/90,Prd=29ms,Tear=0,Early=0,Stale=0,VSnc=0,Lat=-1,Fov=0,CPU4/GPU=2/3,1171/490MHz,OC=FF,TA=0/70/0,SP=N/F/N,Mem=2092MHz,Free=8557MB,PLS=0,Temp=24.5C/0.0C,TW=2.42ms,App=5.75ms,GD=0.00ms,CPU&GPU=10.39ms,LCnt=4(DR0,LM0),GPU%=0.75,CPU%=0.36(W0.45),DSF=1.00,CFL=16.78/21.10
01-24 04:32:24.067  1999  4252 I VrApi   : FPS=90/90,Prd=29ms,Tear=0,Early=0,Stale=0,VSnc=0,Lat=-1,Fov=0,CPU4/GPU=2/3,1171/490MHz,OC=FF,TA=0/70/0,SP=N/F/N,Mem=2092MHz,Free=8557MB,PLS=0,Temp=24.2C/0.0C,TW=2.43ms,App=5.78ms,GD=0.00ms,CPU&GPU=10.20ms,LCnt=4(DR0,LM0),GPU%=0.75,CPU%=0.35(W0.40),DSF=1.00,CFL=16.90/20.92
01-24 04:32:25.068  1999  4252 I VrApi   : FPS=90/90,Prd=29ms,Tear=0,Early=0,Stale=0,VSnc=0,Lat=-1,Fov=0,CPU4/GPU=2/3,1171/490MHz,OC=FF,TA=0/70/0,SP=N/F/N,Mem=2092MHz,Free=8557MB,PLS=0,Temp=24.2C/0.0C,TW=2.43ms,App=5.79ms,GD=0.00ms,CPU&GPU=10.26ms,LCnt=4(DR0,LM0),GPU%=0.76,CPU%=0.38(W0.45),DSF=1.00,CFL=16.86/20.40
01-24 04:32:26.067  1999  4252 I VrApi   : FPS=90/90,Prd=29ms,Tear=0,Early=0,Stale=0,VSnc=0,Lat=-1,Fov=0,CPU4/GPU=2/3,1171/490MHz,OC=FF,TA=0/70/0,SP=N/F/N,Mem=2092MHz,Free=8557MB,PLS=0,Temp=24.2C/0.0C,TW=2.36ms,App=5.67ms,GD=0.00ms,CPU&GPU=10.32ms,LCnt=4(DR0,LM0),GPU%=0.74,CPU%=0.34(W0.48),DSF=1.00,CFL=16.91/21.00
01-24 04:32:27.067  1999  4252 I VrApi   : FPS=90/90,Prd=29ms,Tear=0,Early=0,Stale=0,VSnc=0,Lat=-1,Fov=0,CPU4/GPU=2/3,1171/490MHz,OC=FF,TA=0/70/0,SP=N/F/N,Mem=2092MHz,Free=8557MB,PLS=0,Temp=24.2C/0.0C,TW=2.36ms,App=5.66ms,GD=0.00ms,CPU&GPU=10.14ms,LCnt=4(DR0,LM0),GPU%=0.74,CPU%=0.31(W0.45),DSF=1.00,CFL=16.76/20.53
01-24 04:32:28.067  1999  4252 I VrApi   : FPS=90/90,Prd=29ms,Tear=0,Early=0,Stale=0,VSnc=0,Lat=-1,Fov=0,CPU4/GPU=2/3,1171/490MHz,OC=FF,TA=0/70/0,SP=N/F/N,Mem=2092MHz,Free=8557MB,PLS=0,Temp=24.2C/0.0C,TW=2.38ms,App=5.70ms,GD=0.00ms,CPU&GPU=9.97ms,LCnt=4(DR0,LM0),GPU%=0.74,CPU%=0.34(W0.43),DSF=1.00,CFL=16.85/21.01
01-24 04:32:29.068  1999  4252 I VrApi   : FPS=90/90,Prd=29ms,Tear=0,Early=0,Stale=0,VSnc=0,Lat=-1,Fov=0,CPU4/GPU=2/3,1171/490MHz,OC=FF,TA=0/70/0,SP=N/F/N,Mem=2092MHz,Free=8557MB,PLS=0,Temp=24.2C/0.0C,TW=2.39ms,App=5.59ms,GD=0.00ms,CPU&GPU=10.00ms,LCnt=4(DR0,LM0),GPU%=0.74,CPU%=0.35(W0.40),DSF=1.00,CFL=16.81/20.92
01-24 04:32:30.067  1999  4252 I VrApi   : FPS=90/90,Prd=29ms,Tear=0,Early=0,Stale=0,VSnc=0,Lat=-1,Fov=0,CPU4/GPU=2/3,1171/490MHz,OC=FF,TA=0/70/0,SP=N/F/N,Mem=2092MHz,Free=8557MB,PLS=0,Temp=24.2C/0.0C,TW=2.44ms,App=5.72ms,GD=0.00ms,CPU&GPU=10.00ms,LCnt=4(DR0,LM0),GPU%=0.75,CPU%=0.30(W0.36),DSF=1.00,CFL=17.03/20.52
01-24 04:32:31.074  1999  4252 I VrApi   : FPS=90/90,Prd=29ms,Tear=0,Early=0,Stale=0,VSnc=0,Lat=-1,Fov=0,CPU4/GPU=2/3,1171/490MHz,OC=FF,TA=0/70/0,SP=N/F/N,Mem=2092MHz,Free=8552MB,PLS=0,Temp=24.2C/0.0C,TW=2.43ms,App=5.66ms,GD=0.00ms,CPU&GPU=10.22ms,LCnt=4(DR0,LM0),GPU%=0.75,CPU%=0.34(W0.42),DSF=1.00,CFL=16.93/21.03
01-24 04:32:32.068  1999  4252 I VrApi   : FPS=90/90,Prd=28ms,Tear=0,Early=0,Stale=2,VSnc=0,Lat=-1,Fov=0,CPU4/GPU=2/3,1171/490MHz,OC=FF,TA=0/70/0,SP=N/F/N,Mem=2092MHz,Free=8552MB,PLS=0,Temp=24.2C/0.0C,TW=2.44ms,App=5.57ms,GD=0.00ms,CPU&GPU=10.19ms,LCnt=4(DR0,LM0),GPU%=0.75,CPU%=0.38(W0.45),DSF=1.00,CFL=16.79/20.28
01-24 04:32:33.067  1999  4252 I VrApi   : FPS=88/90,Prd=29ms,Tear=0,Early=0,Stale=0,VSnc=0,Lat=-1,Fov=0,CPU4/GPU=2/3,1171/490MHz,OC=FF,TA=0/70/0,SP=N/F/N,Mem=2092MHz,Free=8552MB,PLS=0,Temp=24.2C/0.0C,TW=2.46ms,App=5.19ms,GD=0.00ms,CPU&GPU=10.38ms,LCnt=4(DR0,LM0),GPU%=0.76,CPU%=0.38(W0.40),DSF=1.00,CFL=16.88/20.96
01-24 04:32:34.068  1999  4252 I VrApi   : FPS=90/90,Prd=29ms,Tear=0,Early=0,Stale=2,VSnc=0,Lat=-1,Fov=0,CPU4/GPU=2/3,1171/490MHz,OC=FF,TA=0/70/0,SP=N/F/N,Mem=2092MHz,Free=8552MB,PLS=0,Temp=24.2C/0.0C,TW=2.46ms,App=5.54ms,GD=0.00ms,CPU&GPU=10.20ms,LCnt=4(DR0,LM0),GPU%=0.75,CPU%=0.32(W0.40),DSF=1.00,CFL=16.83/20.49
01-24 04:32:35.069  1999  4252 I VrApi   : FPS=88/90,Prd=29ms,Tear=0,Early=0,Stale=0,VSnc=0,Lat=-1,Fov=0,CPU4/GPU=2/3,1171/490MHz,OC=FF,TA=0/70/0,SP=N/F/N,Mem=2092MHz,Free=8552MB,PLS=0,Temp=24.2C/0.0C,TW=2.46ms,App=5.15ms,GD=0.00ms,CPU&GPU=10.12ms,LCnt=4(DR0,LM0),GPU%=0.76,CPU%=0.38(W0.44),DSF=1.00,CFL=16.85/21.01
01-24 04:32:36.068  1999  4252 I VrApi   : FPS=90/90,Prd=29ms,Tear=0,Early=0,Stale=1,VSnc=0,Lat=-1,Fov=0,CPU4/GPU=2/3,1171/490MHz,OC=FF,TA=0/70/0,SP=N/F/N,Mem=2092MHz,Free=8552MB,PLS=0,Temp=24.2C/0.0C,TW=2.49ms,App=5.37ms,GD=0.00ms,CPU&GPU=10.34ms,LCnt=5(DR0,LM0),GPU%=0.76,CPU%=0.42(W0.52),DSF=1.00,CFL=16.80/20.34
01-24 04:32:37.068  1999  4252 I VrApi   : FPS=88/90,Prd=29ms,Tear=0,Early=0,Stale=2,VSnc=0,Lat=-1,Fov=0,CPU4/GPU=2/3,1171/490MHz,OC=FF,TA=0/70/0,SP=N/F/N,Mem=2092MHz,Free=8552MB,PLS=0,Temp=24.2C/0.0C,TW=2.44ms,App=5.42ms,GD=0.00ms,CPU&GPU=10.39ms,LCnt=4(DR0,LM0),GPU%=0.75,CPU%=0.38(W0.43),DSF=1.00,CFL=16.91/20.43
01-24 04:32:38.067  1999  4252 I VrApi   : FPS=88/90,Prd=29ms,Tear=0,Early=0,Stale=1,VSnc=0,Lat=-1,Fov=0,CPU4/GPU=2/3,2419/490MHz,OC=FF,TA=0/70/0,SP=N/F/N,Mem=2092MHz,Free=8552MB,PLS=0,Temp=24.2C/0.0C,TW=2.45ms,App=5.83ms,GD=0.00ms,CPU&GPU=10.26ms,LCnt=4(DR0,LM0),GPU%=0.74,CPU%=0.48(W0.50),DSF=1.00,CFL=16.85/21.04
01-24 04:32:39.068  1999  4252 I VrApi   : FPS=89/90,Prd=29ms,Tear=0,Early=0,Stale=1,VSnc=0,Lat=-1,Fov=0,CPU4/GPU=2/3,2419/490MHz,OC=FF,TA=0/70/0,SP=N/F/N,Mem=2092MHz,Free=8552MB,PLS=0,Temp=24.2C/0.0C,TW=2.04ms,App=5.66ms,GD=0.00ms,CPU&GPU=9.59ms,LCnt=2(DR0,LM0),GPU%=0.71,CPU%=0.26(W0.29),DSF=1.00,CFL=16.87/21.30
01-24 04:32:40.067  1999  4252 I VrApi   : FPS=90/90,Prd=28ms,Tear=0,Early=0,Stale=0,VSnc=0,Lat=-1,Fov=0,CPU4/GPU=2/3,2419/490MHz,OC=FF,TA=0/70/0,SP=N/F/N,Mem=2092MHz,Free=8552MB,PLS=0,Temp=24.2C/0.0C,TW=2.04ms,App=5.80ms,GD=0.00ms,CPU&GPU=9.41ms,LCnt=2(DR0,LM0),GPU%=0.72,CPU%=0.25(W0.33),DSF=1.00,CFL=16.88/21.13
01-24 04:32:41.068  1999  4252 I VrApi   : FPS=90/90,Prd=28ms,Tear=0,Early=0,Stale=0,VSnc=0,Lat=-1,Fov=0,CPU4/GPU=2/3,2419/490MHz,OC=FF,TA=0/70/0,SP=N/F/N,Mem=2092MHz,Free=8552MB,PLS=0,Temp=24.2C/0.0C,TW=2.03ms,App=3.12ms,GD=0.00ms,CPU&GPU=9.55ms,LCnt=2(DR0,LM0),GPU%=0.77,CPU%=0.37(W0.41),DSF=1.00,CFL=16.97/20.45
01-24 04:32:42.068  1999  4252 I VrApi   : FPS=90/90,Prd=28ms,Tear=0,Early=0,Stale=1,VSnc=0,Lat=-1,Fov=0,CPU4/GPU=2/3,2419/490MHz,OC=FF,TA=0/70/0,SP=N/F/N,Mem=2092MHz,Free=8552MB,PLS=0,Temp=24.2C/0.0C,TW=2.05ms,App=4.83ms,GD=0.00ms,CPU&GPU=9.32ms,LCnt=2(DR0,LM0),GPU%=0.77,CPU%=0.31(W0.38),DSF=1.00,CFL=14.80/21.01
01-24 04:32:43.068  1999  4252 I VrApi   : FPS=89/90,Prd=28ms,Tear=0,Early=0,Stale=0,VSnc=0,Lat=-1,Fov=0,CPU4/GPU=2/3,1171/490MHz,OC=FF,TA=0/70/0,SP=N/F/N,Mem=2092MHz,Free=8552MB,PLS=0,Temp=24.2C/0.0C,TW=2.04ms,App=3.26ms,GD=0.00ms,CPU&GPU=9.44ms,LCnt=2(DR0,LM0),GPU%=0.77,CPU%=0.43(W0.55),DSF=1.00,CFL=16.91/20.34
01-24 04:32:44.069  1999  4252 I VrApi   : FPS=90/90,Prd=28ms,Tear=0,Early=0,Stale=0,VSnc=0,Lat=-1,Fov=0,CPU4/GPU=2/3,1171/490MHz,OC=FF,TA=0/70/0,SP=N/F/N,Mem=2092MHz,Free=8552MB,PLS=0,Temp=24.0C/0.0C,TW=2.05ms,App=3.18ms,GD=0.00ms,CPU&GPU=9.94ms,LCnt=2(DR0,LM0),GPU%=0.80,CPU%=0.48(W0.56),DSF=1.00,CFL=16.95/20.33
01-24 04:32:45.069  1999  4252 I VrApi   : FPS=90/90,Prd=29ms,Tear=0,Early=0,Stale=0,VSnc=0,Lat=-1,Fov=0,CPU4/GPU=2/3,1171/490MHz,OC=FF,TA=0/70/0,SP=N/F/N,Mem=2092MHz,Free=8552MB,PLS=0,Temp=24.0C/0.0C,TW=2.02ms,App=5.67ms,GD=0.00ms,CPU&GPU=10.19ms,LCnt=2(DR0,LM0),GPU%=0.71,CPU%=0.39(W0.48),DSF=1.00,CFL=16.91/21.00
01-24 04:32:46.069  1999  4252 I VrApi   : FPS=90/90,Prd=29ms,Tear=0,Early=0,Stale=0,VSnc=0,Lat=-1,Fov=0,CPU4/GPU=2/3,1171/490MHz,OC=FF,TA=0/70/0,SP=N/F/N,Mem=2092MHz,Free=8552MB,PLS=0,Temp=24.0C/0.0C,TW=2.00ms,App=5.97ms,GD=0.00ms,CPU&GPU=9.76ms,LCnt=2(DR0,LM0),GPU%=0.73,CPU%=0.37(W0.45),DSF=1.00,CFL=16.94/20.13
01-24 04:32:46.294  1999  2101 D VrApi   : targetSDKVersion 29
01-24 04:32:46.303  1999  4252 I VrApi   : FPS=90/90,Prd=29ms,Tear=0,Early=0,Stale=0,VSnc=0,Lat=-1,Fov=0,CPU4/GPU=2/3,2419/490MHz,OC=FF,TA=0/F/0,SP=N/F/N,Mem=2092MHz,Free=8552MB,PLS=0,Temp=24.0C/0.0C,TW=2.00ms,App=5.97ms,GD=0.00ms,CPU&GPU=9.76ms,LCnt=2(DR0,LM0),GPU%=0.73,CPU%=0.37(W0.45),DSF=1.00,CFL=16.94/20.13
01-24 04:32:46.305  1999  2101 I VrApi   : OVR::Stats thread stopped
01-24 04:32:46.474  7050  7075 I VrApi   : ----------- vrapi_Initialize [start] ----------
01-24 04:32:46.487  7050  7075 I VrApi   : Client type: 0 flags: 0x0 placement: 0
01-24 04:32:46.807  7050  7075 I VrApi   : vrapi_Initialize: Connected to VrRuntimeService after 0.319666s
01-24 04:32:46.857  7050  7075 I VrApi   : SkipPushFinalBlack=1
01-24 04:32:46.857  7050  7075 D VrApi   : isActivityFocusAware context = com.oculus.xrstreamingclient.MainActivity@b754632
01-24 04:32:46.858  7050  7075 D VrApi   : isSystemApp = true for com.oculus.xrstreamingclient
01-24 04:32:46.858  7050  7075 I VrApi   : isActivityFocusAware = 0
01-24 04:32:46.858  7050  7075 I VrApi   : Client-driven display vsync: enabled
01-24 04:32:46.880  2810  2951 D VrApi   : targetSDKVersion 29
01-24 04:32:46.912  7050  7075 I VrApi   : ----------- vrapi_Initialize [end] ----------
01-24 04:32:46.921  2810  2951 I VrApi   : OVR::Stats thread stopped
01-24 04:32:46.926  7050  7075 I VrApi   : ------------ vrapi_CreateSystemVulkan -----------
01-24 04:32:47.113  7138  7138 I VrApi   : ----------- vrapi_Initialize [start] ----------
01-24 04:32:47.121  7138  7138 I VrApi   : Client type: 0 flags: 0x0 placement: 0
01-24 04:32:47.144  7138  7138 I VrApi   : vrapi_Initialize: Connected to VrRuntimeService after 0.022499s
01-24 04:32:47.194  7138  7138 I VrApi   : SkipPushFinalBlack=1
01-24 04:32:47.194  7138  7138 D VrApi   : isActivityFocusAware context = com.oculus.os.DialogContext@fcc60df
01-24 04:32:47.194  7138  7138 D VrApi   : isSystemApp = true for com.android.permissioncontroller
01-24 04:32:47.194  7138  7138 I VrApi   : isActivityFocusAware = 0
01-24 04:32:47.209  7138  7138 I VrApi   : ----------- vrapi_Initialize [end] ----------
01-24 04:32:48.775  7050  7075 I VrApi   : ---------- vrapi_EnterVrMode [start] ----------
01-24 04:32:48.777  7050  7075 D VrApi   : targetSDKVersion 29
01-24 04:32:48.804  7050  7075 I VrApi   : ovrModeParms::VRAPI_MODE_FLAG_RESET_WINDOW_FULLSCREEN = 0
01-24 04:32:48.804  7050  7075 I VrApi   : ovrModeParms::VRAPI_MODE_FLAG_NATIVE_WINDOW = 1
01-24 04:32:48.804  7050  7075 I VrApi   : ovrModeParms::VRAPI_MODE_FLAG_FRONT_BUFFER_SRGB = 0
01-24 04:32:48.804  7050  7075 I VrApi   : ovrModeParms::VRAPI_MODE_FLAG_PHASE_SYNC = 0
01-24 04:32:48.804  7050  7075 I VrApi   : ovrModeParms::VRAPI_MODE_FLAG_APP_SPACE_WARP = 0
01-24 04:32:48.804  7050  7075 I VrApi   : PhaseSync disabled
01-24 04:32:48.804  7050  7075 I VrApi   : HMD sensor attached.
01-24 04:32:48.817  7050  7075 I VrApi   : Creating Default swapchain
01-24 04:32:48.817  7050  7075 I VrApi   : Creating Loading Icon swapchain
01-24 04:32:48.818  7050  7075 I VrApi   : OVR::Stats thread started
01-24 04:32:48.818  7050  7075 I VrApi   : Initial BaseVsync 50240 
01-24 04:32:48.818  7050  7075 I VrApi   : ---------- vrapi_EnterVrMode [end] ----------
01-24 04:32:48.818  7050  7075 I VrApi   : vrapi_SetDisplayRefreshRate: display refresh rate supported 72.000000
01-24 04:32:48.819  7050  7257 D VrApi   : targetSDKVersion 29
01-24 04:32:48.831  7050  7257 D VrApi   : VrApi::isWifiConnected exception: Make sure android.permission.ACCESS_NETWORK_STATE is set in the manifest.
01-24 04:32:48.834  7138  7138 I VrApi   : ------------ vrapi_Shutdown [start] -----------
01-24 04:32:48.834  7138  7138 W VrApi   : IsOvrValid: ovr == nullptr. Package: com.android.permissioncontroller
01-24 04:32:48.892  7138  7138 I VrApi   : ------------ vrapi_Shutdown [end] -----------
01-24 04:32:50.004  7050  7257 I VrApi   : FPS=0/72,Prd=0ms,Tear=0,Early=0,Stale=0,VSnc=1,Lat=0,Fov=0,CPU4/GPU=0/0,2419/305MHz,OC=FF,TA=0/0/0,SP=N/N/N,Mem=2092MHz,Free=8162MB,PLS=0,Temp=0.0C/0.0C,TW=1.62ms,App=0.00ms,GD=0.00ms,CPU&GPU=0.00ms,LCnt=2(DR0,LM0),GPU%=0.00,CPU%=0.00(W0.00),DSF=1.00,CFL=17.01/21.10
01-24 04:32:51.002  7050  7257 I VrApi   : FPS=0/72,Prd=0ms,Tear=0,Early=0,Stale=0,VSnc=1,Lat=0,Fov=0,CPU4/GPU=0/0,2419/305MHz,OC=FF,TA=0/0/0,SP=N/N/N,Mem=2092MHz,Free=8162MB,PLS=0,Temp=0.0C/0.0C,TW=1.62ms,App=0.00ms,GD=0.00ms,CPU&GPU=0.00ms,LCnt=2(DR0,LM0),GPU%=0.00,CPU%=0.00(W0.00),DSF=1.00,CFL=17.01/21.10
01-24 04:32:52.002  7050  7257 I VrApi   : FPS=0/72,Prd=0ms,Tear=0,Early=0,Stale=0,VSnc=1,Lat=0,Fov=0,CPU4/GPU=0/0,2419/305MHz,OC=FF,TA=0/0/0,SP=N/N/N,Mem=2092MHz,Free=8162MB,PLS=0,Temp=0.0C/0.0C,TW=1.62ms,App=0.00ms,GD=0.00ms,CPU&GPU=0.00ms,LCnt=2(DR0,LM0),GPU%=0.00,CPU%=0.00(W0.00),DSF=1.00,CFL=17.01/21.10
01-24 04:32:53.002  7050  7257 I VrApi   : FPS=0/72,Prd=0ms,Tear=0,Early=0,Stale=0,VSnc=1,Lat=0,Fov=0,CPU4/GPU=0/0,2419/305MHz,OC=FF,TA=0/0/0,SP=N/N/N,Mem=2092MHz,Free=8162MB,PLS=0,Temp=0.0C/0.0C,TW=1.62ms,App=0.00ms,GD=0.00ms,CPU&GPU=0.00ms,LCnt=2(DR0,LM0),GPU%=0.00,CPU%=0.00(W0.00),DSF=1.00,CFL=17.01/21.10
01-24 04:32:54.003  7050  7257 I VrApi   : FPS=0/72,Prd=0ms,Tear=0,Early=0,Stale=0,VSnc=1,Lat=0,Fov=0,CPU4/GPU=0/0,710/305MHz,OC=FF,TA=0/0/0,SP=N/N/N,Mem=2092MHz,Free=8162MB,PLS=0,Temp=0.0C/0.0C,TW=1.62ms,App=0.00ms,GD=0.00ms,CPU&GPU=0.00ms,LCnt=2(DR0,LM0),GPU%=0.00,CPU%=0.00(W0.00),DSF=1.00,CFL=17.01/21.10
01-24 04:32:55.003  7050  7257 I VrApi   : FPS=0/72,Prd=0ms,Tear=0,Early=0,Stale=0,VSnc=1,Lat=0,Fov=0,CPU4/GPU=0/0,710/305MHz,OC=FF,TA=0/0/0,SP=N/N/N,Mem=2092MHz,Free=8162MB,PLS=0,Temp=0.0C/0.0C,TW=1.62ms,App=0.00ms,GD=0.00ms,CPU&GPU=0.00ms,LCnt=2(DR0,LM0),GPU%=0.00,CPU%=0.00(W0.00),DSF=1.00,CFL=17.01/21.10
01-24 04:32:56.003  7050  7257 I VrApi   : FPS=0/72,Prd=0ms,Tear=0,Early=0,Stale=0,VSnc=1,Lat=0,Fov=0,CPU4/GPU=0/0,710/305MHz,OC=FF,TA=0/0/0,SP=N/N/N,Mem=2092MHz,Free=8162MB,PLS=0,Temp=0.0C/0.0C,TW=1.62ms,App=0.00ms,GD=0.00ms,CPU&GPU=0.00ms,LCnt=2(DR0,LM0),GPU%=0.00,CPU%=0.00(W0.00),DSF=1.00,CFL=17.01/21.10
01-24 04:32:57.003  7050  7257 I VrApi   : FPS=0/72,Prd=0ms,Tear=0,Early=0,Stale=0,VSnc=1,Lat=0,Fov=0,CPU4/GPU=0/0,710/305MHz,OC=FF,TA=0/0/0,SP=N/N/N,Mem=2092MHz,Free=8162MB,PLS=0,Temp=0.0C/0.0C,TW=1.62ms,App=0.00ms,GD=0.00ms,CPU&GPU=0.00ms,LCnt=2(DR0,LM0),GPU%=0.00,CPU%=0.00(W0.00),DSF=1.00,CFL=17.01/21.10
01-24 04:32:58.002  7050  7257 I VrApi   : FPS=0/72,Prd=0ms,Tear=0,Early=0,Stale=0,VSnc=1,Lat=0,Fov=0,CPU4/GPU=0/0,710/305MHz,OC=FF,TA=0/0/0,SP=N/N/N,Mem=2092MHz,Free=8162MB,PLS=0,Temp=0.0C/0.0C,TW=1.62ms,App=0.00ms,GD=0.00ms,CPU&GPU=0.00ms,LCnt=2(DR0,LM0),GPU%=0.00,CPU%=0.00(W0.00),DSF=1.00,CFL=17.01/21.10
01-24 04:32:59.003  7050  7257 I VrApi   : FPS=0/72,Prd=0ms,Tear=0,Early=0,Stale=0,VSnc=1,Lat=0,Fov=0,CPU4/GPU=0/0,710/305MHz,OC=FF,TA=0/0/0,SP=N/N/N,Mem=2092MHz,Free=8162MB,PLS=0,Temp=0.0C/0.0C,TW=1.62ms,App=0.00ms,GD=0.00ms,CPU&GPU=0.00ms,LCnt=2(DR0,LM0),GPU%=0.00,CPU%=0.00(W0.00),DSF=1.00,CFL=17.01/21.10
01-24 04:33:00.006  7050  7257 I VrApi   : FPS=0/72,Prd=0ms,Tear=0,Early=0,Stale=0,VSnc=1,Lat=0,Fov=0,CPU4/GPU=0/0,710/305MHz,OC=FF,TA=0/0/0,SP=N/N/N,Mem=2092MHz,Free=8162MB,PLS=0,Temp=0.0C/0.0C,TW=1.62ms,App=0.00ms,GD=0.00ms,CPU&GPU=0.00ms,LCnt=2(DR0,LM0),GPU%=0.00,CPU%=0.00(W0.00),DSF=1.00,CFL=17.01/21.10
01-24 04:33:01.003  7050  7257 I VrApi   : FPS=0/72,Prd=0ms,Tear=0,Early=0,Stale=0,VSnc=1,Lat=0,Fov=0,CPU4/GPU=0/0,710/305MHz,OC=FF,TA=0/0/0,SP=N/N/N,Mem=2092MHz,Free=8162MB,PLS=0,Temp=0.0C/0.0C,TW=1.62ms,App=0.00ms,GD=0.00ms,CPU&GPU=0.00ms,LCnt=2(DR0,LM0),GPU%=0.00,CPU%=0.00(W0.00),DSF=1.00,CFL=17.01/21.10
01-24 04:33:02.003  7050  7257 I VrApi   : FPS=0/72,Prd=0ms,Tear=0,Early=0,Stale=0,VSnc=1,Lat=0,Fov=0,CPU4/GPU=0/0,710/305MHz,OC=FF,TA=0/0/0,SP=N/N/N,Mem=1555MHz,Free=8162MB,PLS=0,Temp=0.0C/0.0C,TW=1.62ms,App=0.00ms,GD=0.00ms,CPU&GPU=0.00ms,LCnt=2(DR0,LM0),GPU%=0.00,CPU%=0.00(W0.00),DSF=1.00,CFL=17.01/21.10
01-24 04:33:03.004  7050  7257 I VrApi   : FPS=0/72,Prd=0ms,Tear=0,Early=0,Stale=0,VSnc=1,Lat=0,Fov=0,CPU4/GPU=0/0,710/305MHz,OC=FF,TA=0/0/0,SP=N/N/N,Mem=1804MHz,Free=8162MB,PLS=0,Temp=0.0C/0.0C,TW=1.62ms,App=0.00ms,GD=0.00ms,CPU&GPU=0.00ms,LCnt=2(DR0,LM0),GPU%=0.00,CPU%=0.00(W0.00),DSF=1.00,CFL=17.01/21.10
01-24 04:33:04.004  7050  7257 I VrApi   : FPS=0/72,Prd=0ms,Tear=0,Early=0,Stale=0,VSnc=1,Lat=0,Fov=0,CPU4/GPU=0/0,710/305MHz,OC=FF,TA=0/0/0,SP=N/N/N,Mem=1804MHz,Free=8162MB,PLS=0,Temp=0.0C/0.0C,TW=1.62ms,App=0.00ms,GD=0.00ms,CPU&GPU=0.00ms,LCnt=2(DR0,LM0),GPU%=0.00,CPU%=0.00(W0.00),DSF=1.00,CFL=17.01/21.10
01-24 04:33:05.004  7050  7257 I VrApi   : FPS=0/72,Prd=0ms,Tear=0,Early=0,Stale=0,VSnc=1,Lat=0,Fov=0,CPU4/GPU=0/0,710/305MHz,OC=FF,TA=0/0/0,SP=N/N/N,Mem=1555MHz,Free=8162MB,PLS=0,Temp=0.0C/0.0C,TW=1.62ms,App=0.00ms,GD=0.00ms,CPU&GPU=0.00ms,LCnt=2(DR0,LM0),GPU%=0.00,CPU%=0.00(W0.00),DSF=1.00,CFL=17.01/21.10
01-24 04:33:06.004  7050  7257 I VrApi   : FPS=0/72,Prd=0ms,Tear=0,Early=0,Stale=0,VSnc=1,Lat=0,Fov=0,CPU4/GPU=0/0,710/305MHz,OC=FF,TA=0/0/0,SP=N/N/N,Mem=1555MHz,Free=8162MB,PLS=0,Temp=0.0C/0.0C,TW=1.62ms,App=0.00ms,GD=0.00ms,CPU&GPU=0.00ms,LCnt=2(DR0,LM0),GPU%=0.00,CPU%=0.00(W0.00),DSF=1.00,CFL=17.01/21.10
01-24 04:33:07.004  7050  7257 I VrApi   : FPS=0/72,Prd=0ms,Tear=0,Early=0,Stale=0,VSnc=1,Lat=0,Fov=0,CPU4/GPU=0/0,710/305MHz,OC=FF,TA=0/0/0,SP=N/N/N,Mem=1804MHz,Free=8162MB,PLS=0,Temp=0.0C/0.0C,TW=1.62ms,App=0.00ms,GD=0.00ms,CPU&GPU=0.00ms,LCnt=2(DR0,LM0),GPU%=0.00,CPU%=0.00(W0.00),DSF=1.00,CFL=17.01/21.10
01-24 04:33:08.004  7050  7257 I VrApi   : FPS=0/72,Prd=0ms,Tear=0,Early=0,Stale=0,VSnc=1,Lat=0,Fov=0,CPU4/GPU=0/0,710/305MHz,OC=FF,TA=0/0/0,SP=N/N/N,Mem=2092MHz,Free=8162MB,PLS=0,Temp=0.0C/0.0C,TW=1.62ms,App=0.00ms,GD=0.00ms,CPU&GPU=0.00ms,LCnt=2(DR0,LM0),GPU%=0.00,CPU%=0.00(W0.00),DSF=1.00,CFL=17.01/21.10
01-24 04:33:09.004  7050  7257 I VrApi   : FPS=0/72,Prd=0ms,Tear=0,Early=0,Stale=0,VSnc=1,Lat=0,Fov=0,CPU4/GPU=0/0,710/305MHz,OC=FF,TA=0/0/0,SP=N/N/N,Mem=2092MHz,Free=8162MB,PLS=0,Temp=0.0C/0.0C,TW=1.62ms,App=0.00ms,GD=0.00ms,CPU&GPU=0.00ms,LCnt=2(DR0,LM0),GPU%=0.00,CPU%=0.00(W0.00),DSF=1.00,CFL=17.01/21.10
01-24 04:33:10.008  7050  7257 I VrApi   : FPS=0/72,Prd=0ms,Tear=0,Early=0,Stale=0,VSnc=1,Lat=0,Fov=0,CPU4/GPU=0/0,710/305MHz,OC=FF,TA=0/0/0,SP=N/N/N,Mem=1555MHz,Free=8275MB,PLS=0,Temp=0.0C/0.0C,TW=1.62ms,App=0.00ms,GD=0.00ms,CPU&GPU=0.00ms,LCnt=2(DR0,LM0),GPU%=0.00,CPU%=0.00(W0.00),DSF=1.00,CFL=17.01/21.10
01-24 04:33:11.004  7050  7257 I VrApi   : FPS=0/72,Prd=0ms,Tear=0,Early=0,Stale=0,VSnc=1,Lat=0,Fov=0,CPU4/GPU=0/0,710/305MHz,OC=FF,TA=0/0/0,SP=N/N/N,Mem=2092MHz,Free=8275MB,PLS=0,Temp=0.0C/0.0C,TW=1.62ms,App=0.00ms,GD=0.00ms,CPU&GPU=0.00ms,LCnt=2(DR0,LM0),GPU%=0.00,CPU%=0.00(W0.00),DSF=1.00,CFL=17.01/21.10
01-24 04:33:12.004  7050  7257 I VrApi   : FPS=0/72,Prd=0ms,Tear=0,Early=0,Stale=0,VSnc=1,Lat=0,Fov=0,CPU4/GPU=0/0,710/305MHz,OC=FF,TA=0/0/0,SP=N/N/N,Mem=2092MHz,Free=8275MB,PLS=0,Temp=0.0C/0.0C,TW=1.62ms,App=0.00ms,GD=0.00ms,CPU&GPU=0.00ms,LCnt=2(DR0,LM0),GPU%=0.00,CPU%=0.00(W0.00),DSF=1.00,CFL=17.01/21.10
01-24 04:33:13.004  7050  7257 I VrApi   : FPS=0/72,Prd=0ms,Tear=0,Early=0,Stale=0,VSnc=1,Lat=0,Fov=0,CPU4/GPU=0/0,710/305MHz,OC=FF,TA=0/0/0,SP=N/N/N,Mem=2092MHz,Free=8275MB,PLS=0,Temp=0.0C/0.0C,TW=1.62ms,App=0.00ms,GD=0.00ms,CPU&GPU=0.00ms,LCnt=2(DR0,LM0),GPU%=0.00,CPU%=0.00(W0.00),DSF=1.00,CFL=17.01/21.10
01-24 04:33:14.004  7050  7257 I VrApi   : FPS=0/72,Prd=0ms,Tear=0,Early=0,Stale=0,VSnc=1,Lat=0,Fov=0,CPU4/GPU=0/0,710/305MHz,OC=FF,TA=0/0/0,SP=N/N/N,Mem=2092MHz,Free=8275MB,PLS=0,Temp=0.0C/0.0C,TW=1.62ms,App=0.00ms,GD=0.00ms,CPU&GPU=0.00ms,LCnt=2(DR0,LM0),GPU%=0.00,CPU%=0.00(W0.00),DSF=1.00,CFL=17.01/21.10
01-24 04:33:15.004  7050  7257 I VrApi   : FPS=0/72,Prd=0ms,Tear=0,Early=0,Stale=0,VSnc=1,Lat=0,Fov=0,CPU4/GPU=0/0,710/305MHz,OC=FF,TA=0/0/0,SP=N/N/N,Mem=1555MHz,Free=8275MB,PLS=0,Temp=0.0C/0.0C,TW=1.62ms,App=0.00ms,GD=0.00ms,CPU&GPU=0.00ms,LCnt=2(DR0,LM0),GPU%=0.00,CPU%=0.00(W0.00),DSF=1.00,CFL=17.01/21.10
01-24 04:33:16.004  7050  7257 I VrApi   : FPS=0/72,Prd=0ms,Tear=0,Early=0,Stale=0,VSnc=1,Lat=0,Fov=0,CPU4/GPU=0/0,710/305MHz,OC=FF,TA=0/0/0,SP=N/N/N,Mem=2092MHz,Free=8275MB,PLS=0,Temp=0.0C/0.0C,TW=1.62ms,App=0.00ms,GD=0.00ms,CPU&GPU=0.00ms,LCnt=2(DR0,LM0),GPU%=0.00,CPU%=0.00(W0.00),DSF=1.00,CFL=17.01/21.10
01-24 04:33:17.004  7050  7257 I VrApi   : FPS=0/72,Prd=0ms,Tear=0,Early=0,Stale=0,VSnc=1,Lat=0,Fov=0,CPU4/GPU=0/0,710/305MHz,OC=FF,TA=0/0/0,SP=N/N/N,Mem=2092MHz,Free=8275MB,PLS=0,Temp=0.0C/0.0C,TW=1.62ms,App=0.00ms,GD=0.00ms,CPU&GPU=0.00ms,LCnt=2(DR0,LM0),GPU%=0.00,CPU%=0.00(W0.00),DSF=1.00,CFL=17.01/21.10
01-24 04:33:18.005  7050  7257 I VrApi   : FPS=0/72,Prd=0ms,Tear=0,Early=0,Stale=0,VSnc=1,Lat=0,Fov=0,CPU4/GPU=0/0,710/305MHz,OC=FF,TA=0/0/0,SP=N/N/N,Mem=1555MHz,Free=8275MB,PLS=0,Temp=0.0C/0.0C,TW=1.62ms,App=0.00ms,GD=0.00ms,CPU&GPU=0.00ms,LCnt=2(DR0,LM0),GPU%=0.00,CPU%=0.00(W0.00),DSF=1.00,CFL=17.01/21.10
01-24 04:33:19.005  7050  7257 I VrApi   : FPS=0/72,Prd=0ms,Tear=0,Early=0,Stale=0,VSnc=1,Lat=0,Fov=0,CPU4/GPU=0/0,710/305MHz,OC=FF,TA=0/0/0,SP=N/N/N,Mem=1555MHz,Free=8275MB,PLS=0,Temp=0.0C/0.0C,TW=1.62ms,App=0.00ms,GD=0.00ms,CPU&GPU=0.00ms,LCnt=2(DR0,LM0),GPU%=0.00,CPU%=0.00(W0.00),DSF=1.00,CFL=17.01/21.10
01-24 04:33:20.005  7050  7257 I VrApi   : FPS=0/72,Prd=0ms,Tear=0,Early=0,Stale=0,VSnc=1,Lat=0,Fov=0,CPU4/GPU=0/0,710/305MHz,OC=FF,TA=0/0/0,SP=N/N/N,Mem=1804MHz,Free=8275MB,PLS=0,Temp=0.0C/0.0C,TW=1.62ms,App=0.00ms,GD=0.00ms,CPU&GPU=0.00ms,LCnt=2(DR0,LM0),GPU%=0.00,CPU%=0.00(W0.00),DSF=1.00,CFL=17.01/21.10
01-24 04:33:21.005  7050  7257 I VrApi   : FPS=0/72,Prd=0ms,Tear=0,Early=0,Stale=0,VSnc=1,Lat=0,Fov=0,CPU4/GPU=0/0,710/305MHz,OC=FF,TA=0/0/0,SP=N/N/N,Mem=1804MHz,Free=8275MB,PLS=0,Temp=0.0C/0.0C,TW=1.62ms,App=0.00ms,GD=0.00ms,CPU&GPU=0.00ms,LCnt=2(DR0,LM0),GPU%=0.00,CPU%=0.00(W0.00),DSF=1.00,CFL=17.01/21.10
01-24 04:33:22.005  7050  7257 I VrApi   : FPS=0/72,Prd=0ms,Tear=0,Early=0,Stale=0,VSnc=1,Lat=0,Fov=0,CPU4/GPU=0/0,710/305MHz,OC=FF,TA=0/0/0,SP=N/N/N,Mem=1804MHz,Free=8275MB,PLS=0,Temp=0.0C/0.0C,TW=1.62ms,App=0.00ms,GD=0.00ms,CPU&GPU=0.00ms,LCnt=2(DR0,LM0),GPU%=0.00,CPU%=0.00(W0.00),DSF=1.00,CFL=17.01/21.10
01-24 04:33:23.006  7050  7257 I VrApi   : FPS=0/72,Prd=0ms,Tear=0,Early=0,Stale=0,VSnc=1,Lat=0,Fov=0,CPU4/GPU=0/0,710/305MHz,OC=FF,TA=0/0/0,SP=N/N/N,Mem=1804MHz,Free=8275MB,PLS=0,Temp=0.0C/0.0C,TW=1.62ms,App=0.00ms,GD=0.00ms,CPU&GPU=0.00ms,LCnt=2(DR0,LM0),GPU%=0.00,CPU%=0.00(W0.00),DSF=1.00,CFL=17.01/21.10
01-24 04:33:24.006  7050  7257 I VrApi   : FPS=0/72,Prd=0ms,Tear=0,Early=0,Stale=0,VSnc=1,Lat=0,Fov=0,CPU4/GPU=0/0,710/305MHz,OC=FF,TA=0/0/0,SP=N/N/N,Mem=1804MHz,Free=8275MB,PLS=0,Temp=0.0C/0.0C,TW=1.62ms,App=0.00ms,GD=0.00ms,CPU&GPU=0.00ms,LCnt=2(DR0,LM0),GPU%=0.00,CPU%=0.00(W0.00),DSF=1.00,CFL=17.01/21.10
01-24 04:33:25.005  7050  7257 I VrApi   : FPS=0/72,Prd=0ms,Tear=0,Early=0,Stale=0,VSnc=1,Lat=0,Fov=0,CPU4/GPU=0/0,710/305MHz,OC=FF,TA=0/0/0,SP=N/N/N,Mem=1804MHz,Free=8275MB,PLS=0,Temp=0.0C/0.0C,TW=1.62ms,App=0.00ms,GD=0.00ms,CPU&GPU=0.00ms,LCnt=2(DR0,LM0),GPU%=0.00,CPU%=0.00(W0.00),DSF=1.00,CFL=17.01/21.10
01-24 04:33:26.005  7050  7257 I VrApi   : FPS=0/72,Prd=0ms,Tear=0,Early=0,Stale=0,VSnc=1,Lat=0,Fov=0,CPU4/GPU=0/0,710/305MHz,OC=FF,TA=0/0/0,SP=N/N/N,Mem=1804MHz,Free=8275MB,PLS=0,Temp=0.0C/0.0C,TW=1.62ms,App=0.00ms,GD=0.00ms,CPU&GPU=0.00ms,LCnt=2(DR0,LM0),GPU%=0.00,CPU%=0.00(W0.00),DSF=1.00,CFL=17.01/21.10
01-24 04:33:27.006  7050  7257 I VrApi   : FPS=0/72,Prd=0ms,Tear=0,Early=0,Stale=0,VSnc=1,Lat=0,Fov=0,CPU4/GPU=0/0,710/305MHz,OC=FF,TA=0/0/0,SP=N/N/N,Mem=1804MHz,Free=8275MB,PLS=0,Temp=0.0C/0.0C,TW=1.62ms,App=0.00ms,GD=0.00ms,CPU&GPU=0.00ms,LCnt=2(DR0,LM0),GPU%=0.00,CPU%=0.00(W0.00),DSF=1.00,CFL=17.01/21.10
01-24 04:33:28.006  7050  7257 I VrApi   : FPS=0/72,Prd=0ms,Tear=0,Early=0,Stale=0,VSnc=1,Lat=0,Fov=0,CPU4/GPU=0/0,710/305MHz,OC=FF,TA=0/0/0,SP=N/N/N,Mem=1804MHz,Free=8275MB,PLS=0,Temp=0.0C/0.0C,TW=1.62ms,App=0.00ms,GD=0.00ms,CPU&GPU=0.00ms,LCnt=2(DR0,LM0),GPU%=0.00,CPU%=0.00(W0.00),DSF=1.00,CFL=17.01/21.10
01-24 04:33:29.006  7050  7257 I VrApi   : FPS=0/72,Prd=0ms,Tear=0,Early=0,Stale=0,VSnc=1,Lat=0,Fov=0,CPU4/GPU=0/0,710/305MHz,OC=FF,TA=0/0/0,SP=N/N/N,Mem=1804MHz,Free=8275MB,PLS=0,Temp=0.0C/0.0C,TW=1.62ms,App=0.00ms,GD=0.00ms,CPU&GPU=0.00ms,LCnt=2(DR0,LM0),GPU%=0.00,CPU%=0.00(W0.00),DSF=1.00,CFL=17.01/21.10
01-24 04:33:30.010  7050  7257 I VrApi   : FPS=0/72,Prd=0ms,Tear=0,Early=0,Stale=0,VSnc=1,Lat=0,Fov=0,CPU4/GPU=0/0,710/305MHz,OC=FF,TA=0/0/0,SP=N/N/N,Mem=1804MHz,Free=8284MB,PLS=0,Temp=0.0C/0.0C,TW=1.62ms,App=0.00ms,GD=0.00ms,CPU&GPU=0.00ms,LCnt=2(DR0,LM0),GPU%=0.00,CPU%=0.00(W0.00),DSF=1.00,CFL=17.01/21.10
01-24 04:33:31.006  7050  7257 I VrApi   : FPS=0/72,Prd=0ms,Tear=0,Early=0,Stale=0,VSnc=1,Lat=0,Fov=0,CPU4/GPU=0/0,710/305MHz,OC=FF,TA=0/0/0,SP=N/N/N,Mem=1804MHz,Free=8284MB,PLS=0,Temp=0.0C/0.0C,TW=1.62ms,App=0.00ms,GD=0.00ms,CPU&GPU=0.00ms,LCnt=2(DR0,LM0),GPU%=0.00,CPU%=0.00(W0.00),DSF=1.00,CFL=17.01/21.10
01-24 04:33:32.006  7050  7257 I VrApi   : FPS=0/72,Prd=0ms,Tear=0,Early=0,Stale=0,VSnc=1,Lat=0,Fov=0,CPU4/GPU=0/0,710/305MHz,OC=FF,TA=0/0/0,SP=N/N/N,Mem=1804MHz,Free=8284MB,PLS=0,Temp=0.0C/0.0C,TW=1.62ms,App=0.00ms,GD=0.00ms,CPU&GPU=0.00ms,LCnt=2(DR0,LM0),GPU%=0.00,CPU%=0.00(W0.00),DSF=1.00,CFL=17.01/21.10
01-24 04:33:33.006  7050  7257 I VrApi   : FPS=0/72,Prd=0ms,Tear=0,Early=0,Stale=0,VSnc=1,Lat=0,Fov=0,CPU4/GPU=0/0,710/305MHz,OC=FF,TA=0/0/0,SP=N/N/N,Mem=1804MHz,Free=8284MB,PLS=0,Temp=0.0C/0.0C,TW=1.62ms,App=0.00ms,GD=0.00ms,CPU&GPU=0.00ms,LCnt=2(DR0,LM0),GPU%=0.00,CPU%=0.00(W0.00),DSF=1.00,CFL=17.01/21.10
01-24 04:33:34.007  7050  7257 I VrApi   : FPS=0/72,Prd=0ms,Tear=0,Early=0,Stale=0,VSnc=1,Lat=0,Fov=0,CPU4/GPU=0/0,710/305MHz,OC=FF,TA=0/0/0,SP=N/N/N,Mem=1804MHz,Free=8284MB,PLS=0,Temp=0.0C/0.0C,TW=1.62ms,App=0.00ms,GD=0.00ms,CPU&GPU=0.00ms,LCnt=2(DR0,LM0),GPU%=0.00,CPU%=0.00(W0.00),DSF=1.00,CFL=17.01/21.10
01-24 04:33:35.006  7050  7257 I VrApi   : FPS=0/72,Prd=0ms,Tear=0,Early=0,Stale=0,VSnc=1,Lat=0,Fov=0,CPU4/GPU=0/0,710/305MHz,OC=FF,TA=0/0/0,SP=N/N/N,Mem=1804MHz,Free=8284MB,PLS=0,Temp=0.0C/0.0C,TW=1.62ms,App=0.00ms,GD=0.00ms,CPU&GPU=0.00ms,LCnt=2(DR0,LM0),GPU%=0.00,CPU%=0.00(W0.00),DSF=1.00,CFL=17.01/21.10
01-24 04:33:36.007  7050  7257 I VrApi   : FPS=0/72,Prd=0ms,Tear=0,Early=0,Stale=0,VSnc=1,Lat=0,Fov=0,CPU4/GPU=0/0,710/305MHz,OC=FF,TA=0/0/0,SP=N/N/N,Mem=1804MHz,Free=8284MB,PLS=0,Temp=0.0C/0.0C,TW=1.62ms,App=0.00ms,GD=0.00ms,CPU&GPU=0.00ms,LCnt=2(DR0,LM0),GPU%=0.00,CPU%=0.00(W0.00),DSF=1.00,CFL=17.01/21.10
01-24 04:33:37.007  7050  7257 I VrApi   : FPS=0/72,Prd=0ms,Tear=0,Early=0,Stale=0,VSnc=1,Lat=0,Fov=0,CPU4/GPU=0/0,710/305MHz,OC=FF,TA=0/0/0,SP=N/N/N,Mem=1804MHz,Free=8284MB,PLS=0,Temp=0.0C/0.0C,TW=1.62ms,App=0.00ms,GD=0.00ms,CPU&GPU=0.00ms,LCnt=2(DR0,LM0),GPU%=0.00,CPU%=0.00(W0.00),DSF=1.00,CFL=17.01/21.10
01-24 04:33:38.007  7050  7257 I VrApi   : FPS=0/72,Prd=0ms,Tear=0,Early=0,Stale=0,VSnc=1,Lat=0,Fov=0,CPU4/GPU=0/0,710/305MHz,OC=FF,TA=0/0/0,SP=N/N/N,Mem=1804MHz,Free=8284MB,PLS=0,Temp=0.0C/0.0C,TW=1.62ms,App=0.00ms,GD=0.00ms,CPU&GPU=0.00ms,LCnt=2(DR0,LM0),GPU%=0.00,CPU%=0.00(W0.00),DSF=1.00,CFL=17.01/21.10
01-24 04:33:39.007  7050  7257 I VrApi   : FPS=0/72,Prd=0ms,Tear=0,Early=0,Stale=0,VSnc=1,Lat=0,Fov=0,CPU4/GPU=0/0,710/305MHz,OC=FF,TA=0/0/0,SP=N/N/N,Mem=1804MHz,Free=8284MB,PLS=0,Temp=0.0C/0.0C,TW=1.62ms,App=0.00ms,GD=0.00ms,CPU&GPU=0.00ms,LCnt=2(DR0,LM0),GPU%=0.00,CPU%=0.00(W0.00),DSF=1.00,CFL=17.01/21.10
01-24 04:33:40.007  7050  7257 I VrApi   : FPS=0/72,Prd=0ms,Tear=0,Early=0,Stale=0,VSnc=1,Lat=0,Fov=0,CPU4/GPU=0/0,710/305MHz,OC=FF,TA=0/0/0,SP=N/N/N,Mem=1804MHz,Free=8284MB,PLS=0,Temp=0.0C/0.0C,TW=1.62ms,App=0.00ms,GD=0.00ms,CPU&GPU=0.00ms,LCnt=2(DR0,LM0),GPU%=0.00,CPU%=0.00(W0.00),DSF=1.00,CFL=17.01/21.10
01-24 04:33:41.007  7050  7257 I VrApi   : FPS=0/72,Prd=0ms,Tear=0,Early=0,Stale=0,VSnc=1,Lat=0,Fov=0,CPU4/GPU=0/0,710/305MHz,OC=FF,TA=0/0/0,SP=N/N/N,Mem=1804MHz,Free=8284MB,PLS=0,Temp=0.0C/0.0C,TW=1.62ms,App=0.00ms,GD=0.00ms,CPU&GPU=0.00ms,LCnt=2(DR0,LM0),GPU%=0.00,CPU%=0.00(W0.00),DSF=1.00,CFL=17.01/21.10
01-24 04:33:42.008  7050  7257 I VrApi   : FPS=0/72,Prd=0ms,Tear=0,Early=0,Stale=0,VSnc=1,Lat=0,Fov=0,CPU4/GPU=0/0,710/305MHz,OC=FF,TA=0/0/0,SP=N/N/N,Mem=1804MHz,Free=8284MB,PLS=0,Temp=0.0C/0.0C,TW=1.62ms,App=0.00ms,GD=0.00ms,CPU&GPU=0.00ms,LCnt=2(DR0,LM0),GPU%=0.00,CPU%=0.00(W0.00),DSF=1.00,CFL=17.01/21.10
01-24 04:33:43.007  7050  7257 I VrApi   : FPS=0/72,Prd=0ms,Tear=0,Early=0,Stale=0,VSnc=1,Lat=0,Fov=0,CPU4/GPU=0/0,710/305MHz,OC=FF,TA=0/0/0,SP=N/N/N,Mem=1804MHz,Free=8284MB,PLS=0,Temp=0.0C/0.0C,TW=1.62ms,App=0.00ms,GD=0.00ms,CPU&GPU=0.00ms,LCnt=2(DR0,LM0),GPU%=0.00,CPU%=0.00(W0.00),DSF=1.00,CFL=17.01/21.10
01-24 04:33:44.007  7050  7257 I VrApi   : FPS=0/72,Prd=0ms,Tear=0,Early=0,Stale=0,VSnc=1,Lat=0,Fov=0,CPU4/GPU=0/0,710/305MHz,OC=FF,TA=0/0/0,SP=N/N/N,Mem=1804MHz,Free=8284MB,PLS=0,Temp=0.0C/0.0C,TW=1.62ms,App=0.00ms,GD=0.00ms,CPU&GPU=0.00ms,LCnt=2(DR0,LM0),GPU%=0.00,CPU%=0.00(W0.00),DSF=1.00,CFL=17.01/21.10
01-24 04:33:45.007  7050  7257 I VrApi   : FPS=0/72,Prd=0ms,Tear=0,Early=0,Stale=0,VSnc=1,Lat=0,Fov=0,CPU4/GPU=0/0,710/305MHz,OC=FF,TA=0/0/0,SP=N/N/N,Mem=1804MHz,Free=8284MB,PLS=0,Temp=0.0C/0.0C,TW=1.62ms,App=0.00ms,GD=0.00ms,CPU&GPU=0.00ms,LCnt=2(DR0,LM0),GPU%=0.00,CPU%=0.00(W0.00),DSF=1.00,CFL=17.01/21.10
01-24 04:33:46.007  7050  7257 I VrApi   : FPS=0/72,Prd=0ms,Tear=0,Early=0,Stale=0,VSnc=1,Lat=0,Fov=0,CPU4/GPU=0/0,710/305MHz,OC=FF,TA=0/0/0,SP=N/N/N,Mem=1804MHz,Free=8284MB,PLS=0,Temp=0.0C/0.0C,TW=1.62ms,App=0.00ms,GD=0.00ms,CPU&GPU=0.00ms,LCnt=2(DR0,LM0),GPU%=0.00,CPU%=0.00(W0.00),DSF=1.00,CFL=17.01/21.10
01-24 04:33:47.008  7050  7257 I VrApi   : FPS=0/72,Prd=0ms,Tear=0,Early=0,Stale=0,VSnc=1,Lat=0,Fov=0,CPU4/GPU=0/0,710/305MHz,OC=FF,TA=0/0/0,SP=N/N/N,Mem=1804MHz,Free=8284MB,PLS=0,Temp=0.0C/0.0C,TW=1.62ms,App=0.00ms,GD=0.00ms,CPU&GPU=0.00ms,LCnt=2(DR0,LM0),GPU%=0.00,CPU%=0.00(W0.00),DSF=1.00,CFL=17.01/21.10
01-24 04:33:48.008  7050  7257 I VrApi   : FPS=0/72,Prd=0ms,Tear=0,Early=0,Stale=0,VSnc=1,Lat=0,Fov=0,CPU4/GPU=0/0,710/305MHz,OC=FF,TA=0/0/0,SP=N/N/N,Mem=1804MHz,Free=8284MB,PLS=0,Temp=0.0C/0.0C,TW=1.62ms,App=0.00ms,GD=0.00ms,CPU&GPU=0.00ms,LCnt=2(DR0,LM0),GPU%=0.00,CPU%=0.00(W0.00),DSF=1.00,CFL=17.01/21.10
01-24 04:33:49.007  7050  7257 I VrApi   : FPS=0/72,Prd=0ms,Tear=0,Early=0,Stale=0,VSnc=1,Lat=0,Fov=0,CPU4/GPU=0/0,710/305MHz,OC=FF,TA=0/0/0,SP=N/N/N,Mem=1804MHz,Free=8284MB,PLS=0,Temp=0.0C/0.0C,TW=1.62ms,App=0.00ms,GD=0.00ms,CPU&GPU=0.00ms,LCnt=2(DR0,LM0),GPU%=0.00,CPU%=0.00(W0.00),DSF=1.00,CFL=17.01/21.10
01-24 04:33:50.015  7050  7257 I VrApi   : FPS=0/72,Prd=0ms,Tear=0,Early=0,Stale=0,VSnc=1,Lat=0,Fov=0,CPU4/GPU=0/0,710/305MHz,OC=FF,TA=0/0/0,SP=N/N/N,Mem=2092MHz,Free=8269MB,PLS=0,Temp=0.0C/0.0C,TW=1.62ms,App=0.00ms,GD=0.00ms,CPU&GPU=0.00ms,LCnt=2(DR0,LM0),GPU%=0.00,CPU%=0.00(W0.00),DSF=1.00,CFL=17.01/21.10
01-24 04:33:50.501  2288  2574 D VrApi   : targetSDKVersion 29
01-24 04:33:50.548  2288  2574 I VrApi   : OVR::Stats thread started
01-24 04:33:50.556  7050  7075 I VrApi   : ---------- vrapi_LeaveVrMode [start] ----------
01-24 04:33:50.568  7050  7075 D VrApi   : targetSDKVersion 29
01-24 04:33:50.573  7050  7257 I VrApi   : FPS=0/90,Prd=0ms,Tear=0,Early=0,Stale=0,VSnc=1,Lat=0,Fov=0,CPU4/GPU=4/4,1478/525MHz,OC=FF,TA=0/0/0,SP=N/N/N,Mem=1555MHz,Free=8269MB,PLS=0,Temp=23.7C/0.0C,TW=1.62ms,App=0.00ms,GD=0.00ms,CPU&GPU=0.00ms,LCnt=2(DR0,LM0),GPU%=0.78,CPU%=0.05(W0.10),DSF=1.00,CFL=17.01/21.10
01-24 04:33:50.576  7050  7075 I VrApi   : OVR::Stats thread stopped
01-24 04:33:50.585  7050  7075 I VrApi   : ---------- vrapi_LeaveVrMode [end] ----------
01-24 04:33:50.585  2288  8602 D VrApi   : targetSDKVersion 29
01-24 04:33:57.186  2288  2574 D VrApi   : targetSDKVersion 29
01-24 04:33:57.235  2288  2574 I VrApi   : OVR::Stats thread stopped
01-24 04:33:57.389  7050  7075 I VrApi   : ---------- vrapi_EnterVrMode [start] ----------
01-24 04:33:57.393  7050  7075 D VrApi   : targetSDKVersion 29
01-24 04:33:57.401  7050  7075 I VrApi   : ovrModeParms::VRAPI_MODE_FLAG_RESET_WINDOW_FULLSCREEN = 0
01-24 04:33:57.401  7050  7075 I VrApi   : ovrModeParms::VRAPI_MODE_FLAG_NATIVE_WINDOW = 1
01-24 04:33:57.401  7050  7075 I VrApi   : ovrModeParms::VRAPI_MODE_FLAG_FRONT_BUFFER_SRGB = 0
01-24 04:33:57.401  7050  7075 I VrApi   : ovrModeParms::VRAPI_MODE_FLAG_PHASE_SYNC = 0
01-24 04:33:57.401  7050  7075 I VrApi   : ovrModeParms::VRAPI_MODE_FLAG_APP_SPACE_WARP = 0
