01-24 04:33:57.401  7050  7075 I VrApi   : PhaseSync disabled
01-24 04:33:57.401  7050  7075 I VrApi   : HMD sensor attached.
01-24 04:33:57.430  7050  7075 I VrApi   : Creating Default swapchain
01-24 04:33:57.430  7050  7075 I VrApi   : Creating Loading Icon swapchain
01-24 04:33:57.430  7050  7075 I VrApi   : OVR::Stats thread started
01-24 04:33:57.430  7050  7075 I VrApi   : Initial BaseVsync 56278 
01-24 04:33:57.431  7050  7075 I VrApi   : ---------- vrapi_EnterVrMode [end] ----------
01-24 04:33:57.431  7050  7075 I VrApi   : vrapi_SetDisplayRefreshRate: display refresh rate supported 72.000000
01-24 04:33:57.436  7050  8784 D VrApi   : targetSDKVersion 29
01-24 04:33:57.449  7050  8784 D VrApi   : VrApi::isWifiConnected exception: Make sure android.permission.ACCESS_NETWORK_STATE is set in the manifest.
01-24 04:33:59.006  7050  8784 I VrApi   : FPS=1/90,Prd=0ms,Tear=0,Early=0,Stale=90,VSnc=0,Lat=0,Fov=0,CPU4/GPU=4/4,1171/441MHz,OC=FF,TA=0/0/0,SP=N/N/N,Mem=1804MHz,Free=8279MB,PLS=0,Temp=0.0C/0.0C,TW=4.47ms,App=0.01ms,GD=0.75ms,CPU&GPU=0.00ms,LCnt=3(DR32,LM3),GPU%=0.78,CPU%=0.05(W0.10),DSF=1.00,CFL=17.09/21.33
01-24 04:34:00.002  7050  8784 I VrApi   : FPS=1/90,Prd=0ms,Tear=0,Early=0,Stale=90,VSnc=0,Lat=0,Fov=0,CPU4/GPU=4/4,1171/441MHz,OC=FF,TA=0/0/0,SP=N/N/N,Mem=1804MHz,Free=8279MB,PLS=0,Temp=0.0C/0.0C,TW=4.47ms,App=0.01ms,GD=0.75ms,CPU&GPU=0.00ms,LCnt=3(DR32,LM3),GPU%=0.78,CPU%=0.05(W0.10),DSF=1.00,CFL=17.09/21.33
01-24 04:34:01.002  7050  8784 I VrApi   : FPS=1/90,Prd=0ms,Tear=0,Early=0,Stale=90,VSnc=0,Lat=0,Fov=0,CPU4/GPU=4/4,1171/441MHz,OC=FF,TA=0/0/0,SP=N/N/N,Mem=1804MHz,Free=8279MB,PLS=0,Temp=0.0C/0.0C,TW=4.47ms,App=0.01ms,GD=0.75ms,CPU&GPU=0.00ms,LCnt=3(DR32,LM3),GPU%=0.78,CPU%=0.05(W0.10),DSF=1.00,CFL=17.09/21.33
01-24 04:34:02.004  7050  8784 I VrApi   : FPS=1/90,Prd=0ms,Tear=0,Early=0,Stale=90,VSnc=0,Lat=0,Fov=0,CPU4/GPU=4/4,1171/441MHz,OC=FF,TA=0/0/0,SP=N/N/N,Mem=1804MHz,Free=8279MB,PLS=0,Temp=0.0C/0.0C,TW=4.47ms,App=0.01ms,GD=0.75ms,CPU&GPU=0.00ms,LCnt=3(DR32,LM3),GPU%=0.78,CPU%=0.05(W0.10),DSF=1.00,CFL=17.09/21.33
01-24 04:34:03.002  7050  8784 I VrApi   : FPS=1/90,Prd=0ms,Tear=0,Early=0,Stale=90,VSnc=0,Lat=0,Fov=0,CPU4/GPU=4/4,1171/441MHz,OC=FF,TA=0/0/0,SP=N/N/N,Mem=1804MHz,Free=8279MB,PLS=0,Temp=0.0C/0.0C,TW=4.47ms,App=0.01ms,GD=0.75ms,CPU&GPU=0.00ms,LCnt=3(DR32,LM3),GPU%=0.78,CPU%=0.05(W0.10),DSF=1.00,CFL=17.09/21.33
01-24 04:34:04.002  7050  8784 I VrApi   : FPS=1/90,Prd=0ms,Tear=0,Early=0,Stale=90,VSnc=0,Lat=0,Fov=0,CPU4/GPU=4/4,1171/441MHz,OC=FF,TA=0/0/0,SP=N/N/N,Mem=1555MHz,Free=8279MB,PLS=0,Temp=0.0C/0.0C,TW=4.47ms,App=0.01ms,GD=0.75ms,CPU&GPU=0.00ms,LCnt=3(DR32,LM3),GPU%=0.78,CPU%=0.05(W0.10),DSF=1.00,CFL=17.09/21.33
01-24 04:34:05.002  7050  8784 I VrApi   : FPS=1/90,Prd=0ms,Tear=0,Early=0,Stale=90,VSnc=0,Lat=0,Fov=0,CPU4/GPU=4/4,1171/441MHz,OC=FF,TA=0/0/0,SP=N/N/N,Mem=1804MHz,Free=8279MB,PLS=0,Temp=0.0C/0.0C,TW=4.47ms,App=0.01ms,GD=0.75ms,CPU&GPU=0.00ms,LCnt=3(DR32,LM3),GPU%=0.78,CPU%=0.05(W0.10),DSF=1.00,CFL=17.09/21.33
01-24 04:34:06.002  7050  8784 I VrApi   : FPS=1/90,Prd=0ms,Tear=0,Early=0,Stale=90,VSnc=0,Lat=0,Fov=0,CPU4/GPU=4/4,1171/441MHz,OC=FF,TA=0/0/0,SP=N/N/N,Mem=1804MHz,Free=8279MB,PLS=0,Temp=0.0C/0.0C,TW=4.47ms,App=0.01ms,GD=0.75ms,CPU&GPU=0.00ms,LCnt=3(DR32,LM3),GPU%=0.78,CPU%=0.05(W0.10),DSF=1.00,CFL=17.09/21.33
01-24 04:34:07.002  7050  8784 I VrApi   : FPS=1/90,Prd=0ms,Tear=0,Early=0,Stale=90,VSnc=0,Lat=0,Fov=0,CPU4/GPU=4/4,1171/441MHz,OC=FF,TA=0/0/0,SP=N/N/N,Mem=1804MHz,Free=8279MB,PLS=0,Temp=0.0C/0.0C,TW=4.47ms,App=0.01ms,GD=0.75ms,CPU&GPU=0.00ms,LCnt=3(DR32,LM3),GPU%=0.78,CPU%=0.05(W0.10),DSF=1.00,CFL=17.09/21.33
01-24 04:34:08.002  7050  8784 I VrApi   : FPS=1/90,Prd=0ms,Tear=0,Early=0,Stale=90,VSnc=0,Lat=0,Fov=0,CPU4/GPU=4/4,1171/441MHz,OC=FF,TA=0/0/0,SP=N/N/N,Mem=1804MHz,Free=8279MB,PLS=0,Temp=0.0C/0.0C,TW=4.47ms,App=0.01ms,GD=0.75ms,CPU&GPU=0.00ms,LCnt=3(DR32,LM3),GPU%=0.78,CPU%=0.05(W0.10),DSF=1.00,CFL=17.09/21.33
01-24 04:34:09.003  7050  8784 I VrApi   : FPS=1/90,Prd=0ms,Tear=0,Early=0,Stale=90,VSnc=0,Lat=0,Fov=0,CPU4/GPU=4/4,1171/441MHz,OC=FF,TA=0/0/0,SP=N/N/N,Mem=1804MHz,Free=8279MB,PLS=0,Temp=0.0C/0.0C,TW=4.47ms,App=0.01ms,GD=0.75ms,CPU&GPU=0.00ms,LCnt=3(DR32,LM3),GPU%=0.78,CPU%=0.05(W0.10),DSF=1.00,CFL=17.09/21.33
01-24 04:34:10.003  7050  8784 I VrApi   : FPS=1/90,Prd=0ms,Tear=0,Early=0,Stale=90,VSnc=0,Lat=0,Fov=0,CPU4/GPU=4/4,1171/441MHz,OC=FF,TA=0/0/0,SP=N/N/N,Mem=1804MHz,Free=8279MB,PLS=0,Temp=0.0C/0.0C,TW=4.47ms,App=0.01ms,GD=0.75ms,CPU&GPU=0.00ms,LCnt=3(DR32,LM3),GPU%=0.78,CPU%=0.05(W0.10),DSF=1.00,CFL=17.09/21.33
01-24 04:34:11.003  7050  8784 I VrApi   : FPS=1/90,Prd=0ms,Tear=0,Early=0,Stale=90,VSnc=0,Lat=0,Fov=0,CPU4/GPU=4/4,1171/441MHz,OC=FF,TA=0/0/0,SP=N/N/N,Mem=1804MHz,Free=8279MB,PLS=0,Temp=0.0C/0.0C,TW=4.47ms,App=0.01ms,GD=0.75ms,CPU&GPU=0.00ms,LCnt=3(DR32,LM3),GPU%=0.78,CPU%=0.05(W0.10),DSF=1.00,CFL=17.09/21.33
01-24 04:34:12.002  7050  8784 I VrApi   : FPS=1/90,Prd=0ms,Tear=0,Early=0,Stale=90,VSnc=0,Lat=0,Fov=0,CPU4/GPU=4/4,1171/441MHz,OC=FF,TA=0/0/0,SP=N/N/N,Mem=1804MHz,Free=8279MB,PLS=0,Temp=0.0C/0.0C,TW=4.47ms,App=0.01ms,GD=0.75ms,CPU&GPU=0.00ms,LCnt=3(DR32,LM3),GPU%=0.78,CPU%=0.05(W0.10),DSF=1.00,CFL=17.09/21.33
01-24 04:34:13.003  7050  8784 I VrApi   : FPS=1/90,Prd=0ms,Tear=0,Early=0,Stale=90,VSnc=0,Lat=0,Fov=0,CPU4/GPU=4/4,1171/441MHz,OC=FF,TA=0/0/0,SP=N/N/N,Mem=1804MHz,Free=8279MB,PLS=0,Temp=0.0C/0.0C,TW=4.47ms,App=0.01ms,GD=0.75ms,CPU&GPU=0.00ms,LCnt=3(DR32,LM3),GPU%=0.78,CPU%=0.05(W0.10),DSF=1.00,CFL=17.09/21.33
01-24 04:34:14.003  7050  8784 I VrApi   : FPS=1/90,Prd=0ms,Tear=0,Early=0,Stale=90,VSnc=0,Lat=0,Fov=0,CPU4/GPU=4/4,1171/441MHz,OC=FF,TA=0/0/0,SP=N/N/N,Mem=1804MHz,Free=8279MB,PLS=0,Temp=0.0C/0.0C,TW=4.47ms,App=0.01ms,GD=0.75ms,CPU&GPU=0.00ms,LCnt=3(DR32,LM3),GPU%=0.78,CPU%=0.05(W0.10),DSF=1.00,CFL=17.09/21.33
01-24 04:34:15.004  7050  8784 I VrApi   : FPS=1/90,Prd=0ms,Tear=0,Early=0,Stale=90,VSnc=0,Lat=0,Fov=0,CPU4/GPU=4/4,1171/441MHz,OC=FF,TA=0/0/0,SP=N/N/N,Mem=1804MHz,Free=8279MB,PLS=0,Temp=0.0C/0.0C,TW=4.47ms,App=0.01ms,GD=0.75ms,CPU&GPU=0.00ms,LCnt=3(DR32,LM3),GPU%=0.78,CPU%=0.05(W0.10),DSF=1.00,CFL=17.09/21.33
01-24 04:34:16.003  7050  8784 I VrApi   : FPS=1/90,Prd=0ms,Tear=0,Early=0,Stale=90,VSnc=0,Lat=0,Fov=0,CPU4/GPU=4/4,1171/441MHz,OC=FF,TA=0/0/0,SP=N/N/N,Mem=1804MHz,Free=8279MB,PLS=0,Temp=0.0C/0.0C,TW=4.47ms,App=0.01ms,GD=0.75ms,CPU&GPU=0.00ms,LCnt=3(DR32,LM3),GPU%=0.78,CPU%=0.05(W0.10),DSF=1.00,CFL=17.09/21.33
01-24 04:34:17.003  7050  8784 I VrApi   : FPS=1/90,Prd=0ms,Tear=0,Early=0,Stale=90,VSnc=0,Lat=0,Fov=0,CPU4/GPU=4/4,1171/441MHz,OC=FF,TA=0/0/0,SP=N/N/N,Mem=1804MHz,Free=8279MB,PLS=0,Temp=0.0C/0.0C,TW=4.47ms,App=0.01ms,GD=0.75ms,CPU&GPU=0.00ms,LCnt=3(DR32,LM3),GPU%=0.78,CPU%=0.05(W0.10),DSF=1.00,CFL=17.09/21.33
01-24 04:34:17.534  2288  2574 D VrApi   : targetSDKVersion 29
01-24 04:34:17.561  2288  2574 I VrApi   : OVR::Stats thread started
01-24 04:34:17.568  2288  9198 D VrApi   : targetSDKVersion 29
01-24 04:34:17.569  7050  7075 I VrApi   : ---------- vrapi_LeaveVrMode [start] ----------
01-24 04:34:17.572  7050  7075 D VrApi   : targetSDKVersion 29
01-24 04:34:17.577  7050  8784 I VrApi   : FPS=1/72,Prd=0ms,Tear=0,Early=0,Stale=90,VSnc=0,Lat=0,Fov=0,CPU4/GPU=4/4,1478/525MHz,OC=FF,TA=0/0/0,SP=N/N/N,Mem=1804MHz,Free=8279MB,PLS=0,Temp=23.7C/0.0C,TW=4.47ms,App=0.01ms,GD=0.75ms,CPU&GPU=0.00ms,LCnt=3(DR32,LM3),GPU%=0.09,CPU%=0.02(W0.05),DSF=1.00,CFL=17.09/21.33
01-24 04:34:17.583  7050  7075 I VrApi   : OVR::Stats thread stopped
01-24 04:34:17.602  7050  7075 I VrApi   : ---------- vrapi_LeaveVrMode [end] ----------
01-24 04:34:17.655  7050  7075 I VrApi   : ---------- vrapi_EnterVrMode [start] ----------
01-24 04:34:17.661  7050  7075 D VrApi   : targetSDKVersion 29
01-24 04:34:17.667  7050  7075 I VrApi   : ovrModeParms::VRAPI_MODE_FLAG_RESET_WINDOW_FULLSCREEN = 0
01-24 04:34:17.667  7050  7075 I VrApi   : ovrModeParms::VRAPI_MODE_FLAG_NATIVE_WINDOW = 1
01-24 04:34:17.667  7050  7075 I VrApi   : ovrModeParms::VRAPI_MODE_FLAG_FRONT_BUFFER_SRGB = 0
01-24 04:34:17.667  7050  7075 I VrApi   : ovrModeParms::VRAPI_MODE_FLAG_PHASE_SYNC = 0
01-24 04:34:17.667  7050  7075 I VrApi   : ovrModeParms::VRAPI_MODE_FLAG_APP_SPACE_WARP = 0
01-24 04:34:17.667  7050  7075 I VrApi   : PhaseSync disabled
01-24 04:34:17.667  7050  7075 I VrApi   : HMD sensor attached.
01-24 04:34:17.670  7050  7075 I VrApi   : Creating Default swapchain
01-24 04:34:17.670  7050  7075 I VrApi   : Creating Loading Icon swapchain
01-24 04:34:17.670  7050  7075 I VrApi   : OVR::Stats thread started
01-24 04:34:17.671  7050  7075 I VrApi   : Initial BaseVsync 57732 
01-24 04:34:17.671  7050  7075 I VrApi   : ---------- vrapi_EnterVrMode [end] ----------
01-24 04:34:17.671  7050  7075 I VrApi   : vrapi_SetDisplayRefreshRate: display refresh rate supported 72.000000
01-24 04:34:17.673  7050  9209 D VrApi   : targetSDKVersion 29
01-24 04:34:17.678  7050  9209 D VrApi   : VrApi::isWifiConnected exception: Make sure android.permission.ACCESS_NETWORK_STATE is set in the manifest.
01-24 04:34:18.040  7050  7075 I VrApi   : ---------- vrapi_LeaveVrMode [start] ----------
01-24 04:34:18.041  7050  7075 D VrApi   : targetSDKVersion 29
01-24 04:34:18.056  7050  9209 I VrApi   : FPS=1/72,Prd=0ms,Tear=0,Early=0,Stale=72,VSnc=0,Lat=0,Fov=0,CPU4/GPU=4/4,2419/525MHz,OC=FF,TA=0/0/0,SP=N/N/N,Mem=2092MHz,Free=8258MB,PLS=0,Temp=23.7C/0.0C,TW=1.13ms,App=0.00ms,GD=0.00ms,CPU&GPU=9707169.00ms,LCnt=1(DR0,LM0),GPU%=0.08,CPU%=0.21(W0.29),DSF=1.00,CFL=16.85/20.71
01-24 04:34:18.059  7050  7075 I VrApi   : OVR::Stats thread stopped
01-24 04:34:18.075  7050  7075 I VrApi   : ---------- vrapi_LeaveVrMode [end] ----------
01-24 04:34:20.598  2288  2574 D VrApi   : targetSDKVersion 29
01-24 04:34:20.605  7050  7075 I VrApi   : ---------- vrapi_EnterVrMode [start] ----------
01-24 04:34:20.616  7050  7075 D VrApi   : targetSDKVersion 29
01-24 04:34:20.621  7050  7075 I VrApi   : ovrModeParms::VRAPI_MODE_FLAG_RESET_WINDOW_FULLSCREEN = 0
01-24 04:34:20.621  7050  7075 I VrApi   : ovrModeParms::VRAPI_MODE_FLAG_NATIVE_WINDOW = 1
01-24 04:34:20.621  7050  7075 I VrApi   : ovrModeParms::VRAPI_MODE_FLAG_FRONT_BUFFER_SRGB = 0
01-24 04:34:20.621  7050  7075 I VrApi   : ovrModeParms::VRAPI_MODE_FLAG_PHASE_SYNC = 0
01-24 04:34:20.621  7050  7075 I VrApi   : ovrModeParms::VRAPI_MODE_FLAG_APP_SPACE_WARP = 0
01-24 04:34:20.621  7050  7075 I VrApi   : PhaseSync disabled
01-24 04:34:20.621  7050  7075 I VrApi   : HMD sensor attached.
01-24 04:34:20.623  7050  7075 I VrApi   : Creating Default swapchain
01-24 04:34:20.623  7050  7075 I VrApi   : Creating Loading Icon swapchain
01-24 04:34:20.623  7050  7075 I VrApi   : OVR::Stats thread started
01-24 04:34:20.623  7050  7075 I VrApi   : Initial BaseVsync 57944 
01-24 04:34:20.623  7050  7075 I VrApi   : ---------- vrapi_EnterVrMode [end] ----------
01-24 04:34:20.623  7050  7075 I VrApi   : vrapi_SetDisplayRefreshRate: display refresh rate supported 72.000000
01-24 04:34:20.626  7050  9301 D VrApi   : targetSDKVersion 29
01-24 04:34:20.652  2288  2574 I VrApi   : OVR::Stats thread stopped
01-24 04:34:20.656  7050  9301 D VrApi   : VrApi::isWifiConnected exception: Make sure android.permission.ACCESS_NETWORK_STATE is set in the manifest.
01-24 04:34:22.003  7050  9301 I VrApi   : FPS=1/72,Prd=0ms,Tear=0,Early=0,Stale=72,VSnc=0,Lat=0,Fov=0,CPU4/GPU=4/4,2419/441MHz,OC=FF,TA=0/0/0,SP=N/N/N,Mem=2092MHz,Free=8284MB,PLS=0,Temp=0.0C/0.0C,TW=1.08ms,App=0.00ms,GD=0.00ms,CPU&GPU=9707169.00ms,LCnt=1(DR0,LM0),GPU%=0.08,CPU%=0.21(W0.29),DSF=1.00,CFL=16.85/20.71
01-24 04:34:23.001  7050  9301 I VrApi   : FPS=1/72,Prd=0ms,Tear=0,Early=0,Stale=72,VSnc=0,Lat=0,Fov=0,CPU4/GPU=4/4,2419/441MHz,OC=FF,TA=0/0/0,SP=N/N/N,Mem=2092MHz,Free=8284MB,PLS=0,Temp=0.0C/0.0C,TW=1.08ms,App=0.00ms,GD=0.00ms,CPU&GPU=9707169.00ms,LCnt=1(DR0,LM0),GPU%=0.08,CPU%=0.21(W0.29),DSF=1.00,CFL=16.85/20.71
01-24 04:34:24.002  7050  9301 I VrApi   : FPS=1/72,Prd=0ms,Tear=0,Early=0,Stale=72,VSnc=0,Lat=0,Fov=0,CPU4/GPU=4/4,2419/441MHz,OC=FF,TA=0/0/0,SP=N/N/N,Mem=2092MHz,Free=8284MB,PLS=0,Temp=0.0C/0.0C,TW=1.08ms,App=0.00ms,GD=0.00ms,CPU&GPU=9707169.00ms,LCnt=1(DR0,LM0),GPU%=0.08,CPU%=0.21(W0.29),DSF=1.00,CFL=16.85/20.71
01-24 04:34:25.001  7050  9301 I VrApi   : FPS=1/72,Prd=0ms,Tear=0,Early=0,Stale=72,VSnc=0,Lat=0,Fov=0,CPU4/GPU=4/4,2419/441MHz,OC=FF,TA=0/0/0,SP=N/N/N,Mem=2092MHz,Free=8284MB,PLS=0,Temp=0.0C/0.0C,TW=1.08ms,App=0.00ms,GD=0.00ms,CPU&GPU=9707169.00ms,LCnt=1(DR0,LM0),GPU%=0.08,CPU%=0.21(W0.29),DSF=1.00,CFL=16.85/20.71
01-24 04:34:26.002  7050  9301 I VrApi   : FPS=1/72,Prd=0ms,Tear=0,Early=0,Stale=72,VSnc=0,Lat=0,Fov=0,CPU4/GPU=4/4,2419/441MHz,OC=FF,TA=0/0/0,SP=N/N/N,Mem=2092MHz,Free=8284MB,PLS=0,Temp=0.0C/0.0C,TW=1.08ms,App=0.00ms,GD=0.00ms,CPU&GPU=9707169.00ms,LCnt=1(DR0,LM0),GPU%=0.08,CPU%=0.21(W0.29),DSF=1.00,CFL=16.85/20.71
01-24 04:34:27.002  7050  9301 I VrApi   : FPS=1/72,Prd=0ms,Tear=0,Early=0,Stale=72,VSnc=0,Lat=0,Fov=0,CPU4/GPU=4/4,1171/441MHz,OC=FF,TA=0/0/0,SP=N/N/N,Mem=2092MHz,Free=8284MB,PLS=0,Temp=0.0C/0.0C,TW=1.08ms,App=0.00ms,GD=0.00ms,CPU&GPU=9707169.00ms,LCnt=1(DR0,LM0),GPU%=0.08,CPU%=0.21(W0.29),DSF=1.00,CFL=16.85/20.71
01-24 04:34:28.002  7050  9301 I VrApi   : FPS=1/72,Prd=0ms,Tear=0,Early=0,Stale=72,VSnc=0,Lat=0,Fov=0,CPU4/GPU=4/4,1171/441MHz,OC=FF,TA=0/0/0,SP=N/N/N,Mem=2092MHz,Free=8284MB,PLS=0,Temp=0.0C/0.0C,TW=1.08ms,App=0.00ms,GD=0.00ms,CPU&GPU=9707169.00ms,LCnt=1(DR0,LM0),GPU%=0.08,CPU%=0.21(W0.29),DSF=1.00,CFL=16.85/20.71
01-24 04:34:29.002  7050  9301 I VrApi   : FPS=1/72,Prd=0ms,Tear=0,Early=0,Stale=72,VSnc=0,Lat=0,Fov=0,CPU4/GPU=4/4,1171/441MHz,OC=FF,TA=0/0/0,SP=N/N/N,Mem=2092MHz,Free=8284MB,PLS=0,Temp=0.0C/0.0C,TW=1.08ms,App=0.00ms,GD=0.00ms,CPU&GPU=9707169.00ms,LCnt=1(DR0,LM0),GPU%=0.08,CPU%=0.21(W0.29),DSF=1.00,CFL=16.85/20.71
01-24 04:34:30.002  7050  9301 I VrApi   : FPS=1/72,Prd=0ms,Tear=0,Early=0,Stale=72,VSnc=0,Lat=0,Fov=0,CPU4/GPU=4/4,1171/441MHz,OC=FF,TA=0/0/0,SP=N/N/N,Mem=2092MHz,Free=8284MB,PLS=0,Temp=0.0C/0.0C,TW=1.08ms,App=0.00ms,GD=0.00ms,CPU&GPU=9707169.00ms,LCnt=1(DR0,LM0),GPU%=0.08,CPU%=0.21(W0.29),DSF=1.00,CFL=16.85/20.71
01-24 04:34:31.002  7050  9301 I VrApi   : FPS=1/72,Prd=0ms,Tear=0,Early=0,Stale=72,VSnc=0,Lat=0,Fov=0,CPU4/GPU=4/4,1171/441MHz,OC=FF,TA=0/0/0,SP=N/N/N,Mem=1555MHz,Free=8284MB,PLS=0,Temp=0.0C/0.0C,TW=1.08ms,App=0.00ms,GD=0.00ms,CPU&GPU=9707169.00ms,LCnt=1(DR0,LM0),GPU%=0.08,CPU%=0.21(W0.29),DSF=1.00,CFL=16.85/20.71
01-24 04:34:32.002  7050  9301 I VrApi   : FPS=1/72,Prd=0ms,Tear=0,Early=0,Stale=72,VSnc=0,Lat=0,Fov=0,CPU4/GPU=4/4,1171/441MHz,OC=FF,TA=0/0/0,SP=N/N/N,Mem=1804MHz,Free=8284MB,PLS=0,Temp=0.0C/0.0C,TW=1.08ms,App=0.00ms,GD=0.00ms,CPU&GPU=9707169.00ms,LCnt=1(DR0,LM0),GPU%=0.08,CPU%=0.21(W0.29),DSF=1.00,CFL=16.85/20.71
01-24 04:34:33.002  7050  9301 I VrApi   : FPS=1/72,Prd=0ms,Tear=0,Early=0,Stale=72,VSnc=0,Lat=0,Fov=0,CPU4/GPU=4/4,1171/441MHz,OC=FF,TA=0/0/0,SP=N/N/N,Mem=1804MHz,Free=8284MB,PLS=0,Temp=0.0C/0.0C,TW=1.08ms,App=0.00ms,GD=0.00ms,CPU&GPU=9707169.00ms,LCnt=1(DR0,LM0),GPU%=0.08,CPU%=0.21(W0.29),DSF=1.00,CFL=16.85/20.71
01-24 04:34:34.002  7050  9301 I VrApi   : FPS=1/72,Prd=0ms,Tear=0,Early=0,Stale=72,VSnc=0,Lat=0,Fov=0,CPU4/GPU=4/4,1171/441MHz,OC=FF,TA=0/0/0,SP=N/N/N,Mem=1804MHz,Free=8284MB,PLS=0,Temp=0.0C/0.0C,TW=1.08ms,App=0.00ms,GD=0.00ms,CPU&GPU=9707169.00ms,LCnt=1(DR0,LM0),GPU%=0.08,CPU%=0.21(W0.29),DSF=1.00,CFL=16.85/20.71
01-24 04:34:35.002  7050  9301 I VrApi   : FPS=1/72,Prd=0ms,Tear=0,Early=0,Stale=72,VSnc=0,Lat=0,Fov=0,CPU4/GPU=4/4,1171/441MHz,OC=FF,TA=0/0/0,SP=N/N/N,Mem=1804MHz,Free=8284MB,PLS=0,Temp=0.0C/0.0C,TW=1.08ms,App=0.00ms,GD=0.00ms,CPU&GPU=9707169.00ms,LCnt=1(DR0,LM0),GPU%=0.08,CPU%=0.21(W0.29),DSF=1.00,CFL=16.85/20.71
01-24 04:34:36.002  7050  9301 I VrApi   : FPS=1/72,Prd=0ms,Tear=0,Early=0,Stale=72,VSnc=0,Lat=0,Fov=0,CPU4/GPU=4/4,1171/441MHz,OC=FF,TA=0/0/0,SP=N/N/N,Mem=2092MHz,Free=8284MB,PLS=0,Temp=0.0C/0.0C,TW=1.08ms,App=0.00ms,GD=0.00ms,CPU&GPU=9707169.00ms,LCnt=1(DR0,LM0),GPU%=0.08,CPU%=0.21(W0.29),DSF=1.00,CFL=16.85/20.71
01-24 04:34:37.002  7050  9301 I VrApi   : FPS=1/72,Prd=0ms,Tear=0,Early=0,Stale=72,VSnc=0,Lat=0,Fov=0,CPU4/GPU=4/4,1171/441MHz,OC=FF,TA=0/0/0,SP=N/N/N,Mem=1804MHz,Free=8284MB,PLS=0,Temp=0.0C/0.0C,TW=1.08ms,App=0.00ms,GD=0.00ms,CPU&GPU=9707169.00ms,LCnt=1(DR0,LM0),GPU%=0.08,CPU%=0.21(W0.29),DSF=1.00,CFL=16.85/20.71
01-24 04:34:38.002  7050  9301 I VrApi   : FPS=1/72,Prd=0ms,Tear=0,Early=0,Stale=72,VSnc=0,Lat=0,Fov=0,CPU4/GPU=4/4,1171/441MHz,OC=FF,TA=0/0/0,SP=N/N/N,Mem=1804MHz,Free=8284MB,PLS=0,Temp=0.0C/0.0C,TW=1.08ms,App=0.00ms,GD=0.00ms,CPU&GPU=9707169.00ms,LCnt=1(DR0,LM0),GPU%=0.08,CPU%=0.21(W0.29),DSF=1.00,CFL=16.85/20.71
01-24 04:34:39.003  7050  9301 I VrApi   : FPS=1/72,Prd=0ms,Tear=0,Early=0,Stale=72,VSnc=0,Lat=0,Fov=0,CPU4/GPU=4/4,1171/441MHz,OC=FF,TA=0/0/0,SP=N/N/N,Mem=1804MHz,Free=8284MB,PLS=0,Temp=0.0C/0.0C,TW=1.08ms,App=0.00ms,GD=0.00ms,CPU&GPU=9707169.00ms,LCnt=1(DR0,LM0),GPU%=0.08,CPU%=0.21(W0.29),DSF=1.00,CFL=16.85/20.71
01-24 04:34:40.003  7050  9301 I VrApi   : FPS=1/72,Prd=0ms,Tear=0,Early=0,Stale=72,VSnc=0,Lat=0,Fov=0,CPU4/GPU=4/4,1171/441MHz,OC=FF,TA=0/0/0,SP=N/N/N,Mem=1804MHz,Free=8284MB,PLS=0,Temp=0.0C/0.0C,TW=1.08ms,App=0.00ms,GD=0.00ms,CPU&GPU=9707169.00ms,LCnt=1(DR0,LM0),GPU%=0.08,CPU%=0.21(W0.29),DSF=1.00,CFL=16.85/20.71
01-24 04:34:41.002  7050  9301 I VrApi   : FPS=1/72,Prd=0ms,Tear=0,Early=0,Stale=72,VSnc=0,Lat=0,Fov=0,CPU4/GPU=4/4,1171/441MHz,OC=FF,TA=0/0/0,SP=N/N/N,Mem=1804MHz,Free=8284MB,PLS=0,Temp=0.0C/0.0C,TW=1.08ms,App=0.00ms,GD=0.00ms,CPU&GPU=9707169.00ms,LCnt=1(DR0,LM0),GPU%=0.08,CPU%=0.21(W0.29),DSF=1.00,CFL=16.85/20.71
01-24 04:34:42.006  7050  9301 I VrApi   : FPS=1/72,Prd=0ms,Tear=0,Early=0,Stale=72,VSnc=0,Lat=0,Fov=0,CPU4/GPU=4/4,1171/441MHz,OC=FF,TA=0/0/0,SP=N/N/N,Mem=1804MHz,Free=8291MB,PLS=0,Temp=0.0C/0.0C,TW=1.08ms,App=0.00ms,GD=0.00ms,CPU&GPU=9707169.00ms,LCnt=1(DR0,LM0),GPU%=0.08,CPU%=0.21(W0.29),DSF=1.00,CFL=16.85/20.71
01-24 04:34:43.003  7050  9301 I VrApi   : FPS=1/72,Prd=0ms,Tear=0,Early=0,Stale=72,VSnc=0,Lat=0,Fov=0,CPU4/GPU=4/4,1171/441MHz,OC=FF,TA=0/0/0,SP=N/N/N,Mem=1804MHz,Free=8291MB,PLS=0,Temp=0.0C/0.0C,TW=1.08ms,App=0.00ms,GD=0.00ms,CPU&GPU=9707169.00ms,LCnt=1(DR0,LM0),GPU%=0.08,CPU%=0.21(W0.29),DSF=1.00,CFL=16.85/20.71
01-24 04:34:44.003  7050  9301 I VrApi   : FPS=1/72,Prd=0ms,Tear=0,Early=0,Stale=72,VSnc=0,Lat=0,Fov=0,CPU4/GPU=4/4,1171/441MHz,OC=FF,TA=0/0/0,SP=N/N/N,Mem=1804MHz,Free=8291MB,PLS=0,Temp=0.0C/0.0C,TW=1.08ms,App=0.00ms,GD=0.00ms,CPU&GPU=9707169.00ms,LCnt=1(DR0,LM0),GPU%=0.08,CPU%=0.21(W0.29),DSF=1.00,CFL=16.85/20.71
01-24 04:34:45.003  7050  9301 I VrApi   : FPS=1/72,Prd=0ms,Tear=0,Early=0,Stale=72,VSnc=0,Lat=0,Fov=0,CPU4/GPU=4/4,1171/441MHz,OC=FF,TA=0/0/0,SP=N/N/N,Mem=1804MHz,Free=8291MB,PLS=0,Temp=0.0C/0.0C,TW=1.08ms,App=0.00ms,GD=0.00ms,CPU&GPU=9707169.00ms,LCnt=1(DR0,LM0),GPU%=0.08,CPU%=0.21(W0.29),DSF=1.00,CFL=16.85/20.71
01-24 04:34:46.003  7050  9301 I VrApi   : FPS=1/72,Prd=0ms,Tear=0,Early=0,Stale=72,VSnc=0,Lat=0,Fov=0,CPU4/GPU=4/4,1171/441MHz,OC=FF,TA=0/0/0,SP=N/N/N,Mem=1804MHz,Free=8291MB,PLS=0,Temp=0.0C/0.0C,TW=1.08ms,App=0.00ms,GD=0.00ms,CPU&GPU=9707169.00ms,LCnt=1(DR0,LM0),GPU%=0.08,CPU%=0.21(W0.29),DSF=1.00,CFL=16.85/20.71
01-24 04:34:47.003  7050  9301 I VrApi   : FPS=1/72,Prd=0ms,Tear=0,Early=0,Stale=72,VSnc=0,Lat=0,Fov=0,CPU4/GPU=4/4,1171/441MHz,OC=FF,TA=0/0/0,SP=N/N/N,Mem=1804MHz,Free=8291MB,PLS=0,Temp=0.0C/0.0C,TW=1.08ms,App=0.00ms,GD=0.00ms,CPU&GPU=9707169.00ms,LCnt=1(DR0,LM0),GPU%=0.08,CPU%=0.21(W0.29),DSF=1.00,CFL=16.85/20.71
01-24 04:34:48.003  7050  9301 I VrApi   : FPS=1/72,Prd=0ms,Tear=0,Early=0,Stale=72,VSnc=0,Lat=0,Fov=0,CPU4/GPU=4/4,1171/441MHz,OC=FF,TA=0/0/0,SP=N/N/N,Mem=1804MHz,Free=8291MB,PLS=0,Temp=0.0C/0.0C,TW=1.08ms,App=0.00ms,GD=0.00ms,CPU&GPU=9707169.00ms,LCnt=1(DR0,LM0),GPU%=0.08,CPU%=0.21(W0.29),DSF=1.00,CFL=16.85/20.71
01-24 04:34:49.003  7050  9301 I VrApi   : FPS=1/72,Prd=0ms,Tear=0,Early=0,Stale=72,VSnc=0,Lat=0,Fov=0,CPU4/GPU=4/4,1171/441MHz,OC=FF,TA=0/0/0,SP=N/N/N,Mem=1804MHz,Free=8291MB,PLS=0,Temp=0.0C/0.0C,TW=1.08ms,App=0.00ms,GD=0.00ms,CPU&GPU=9707169.00ms,LCnt=1(DR0,LM0),GPU%=0.08,CPU%=0.21(W0.29),DSF=1.00,CFL=16.85/20.71
01-24 04:34:50.003  7050  9301 I VrApi   : FPS=1/72,Prd=0ms,Tear=0,Early=0,Stale=72,VSnc=0,Lat=0,Fov=0,CPU4/GPU=4/4,1171/441MHz,OC=FF,TA=0/0/0,SP=N/N/N,Mem=1804MHz,Free=8291MB,PLS=0,Temp=0.0C/0.0C,TW=1.08ms,App=0.00ms,GD=0.00ms,CPU&GPU=9707169.00ms,LCnt=1(DR0,LM0),GPU%=0.08,CPU%=0.21(W0.29),DSF=1.00,CFL=16.85/20.71
01-24 04:34:50.690  7050  7075 W VrApi   : Time to first swap: 124.220 seconds
01-24 04:34:50.737  7050  7075 W VrApi   : ovr_SubmitFrameInternal: FrameIndex discontinuity: Expected 5, Received 6
01-24 04:34:51.003  7050  9301 I VrApi   : FPS=1/72,Prd=0ms,Tear=0,Early=0,Stale=72,VSnc=0,Lat=0,Fov=0,CPU4/GPU=2/2,1171/441MHz,OC=FF,TA=0/0/0,SP=N/N/N,Mem=1555MHz,Free=8291MB,PLS=0,Temp=23.7C/0.0C,TW=1.08ms,App=0.00ms,GD=0.00ms,CPU&GPU=9707169.00ms,LCnt=1(DR0,LM0),GPU%=0.10,CPU%=0.05(W0.05),DSF=1.00,CFL=16.85/20.71
01-24 04:34:52.003  7050  9301 I VrApi   : FPS=2/72,Prd=0ms,Tear=0,Early=0,Stale=29,VSnc=0,Lat=0,Fov=0,CPU4/GPU=2/2,1171/441MHz,OC=FF,TA=0/70/0,SP=N/F/N,Mem=1804MHz,Free=8291MB,PLS=0,Temp=23.7C/0.0C,TW=4.96ms,App=0.95ms,GD=0.00ms,CPU&GPU=3244884.00ms,LCnt=2(DR0,LM0),GPU%=0.43,CPU%=0.12(W0.14),DSF=1.00,CFL=16.79/22.38
01-24 04:34:53.003  7050  9301 I VrApi   : FPS=72/72,Prd=0ms,Tear=0,Early=0,Stale=0,VSnc=1,Lat=0,Fov=0,CPU4/GPU=2/2,1171/441MHz,OC=FF,TA=0/70/0,SP=N/F/N,Mem=1804MHz,Free=8291MB,PLS=0,Temp=23.7C/0.0C,TW=4.36ms,App=1.18ms,GD=0.00ms,CPU&GPU=13.92ms,LCnt=1(DR41,LM0),GPU%=0.42,CPU%=0.18(W0.23),DSF=1.00,CFL=18.01/21.69
01-24 04:34:54.004  7050  9301 I VrApi   : FPS=72/72,Prd=0ms,Tear=0,Early=0,Stale=0,VSnc=1,Lat=0,Fov=0,CPU4/GPU=2/2,1171/441MHz,OC=FF,TA=0/70/0,SP=N/F/N,Mem=2092MHz,Free=8291MB,PLS=0,Temp=23.7C/0.0C,TW=4.35ms,App=1.20ms,GD=0.00ms,CPU&GPU=13.92ms,LCnt=1(DR72,LM0),GPU%=0.42,CPU%=0.14(W0.20),DSF=1.00,CFL=17.95/22.25
01-24 04:34:55.004  7050  9301 I VrApi   : FPS=72/72,Prd=0ms,Tear=0,Early=0,Stale=0,VSnc=1,Lat=0,Fov=0,CPU4/GPU=2/2,1171/441MHz,OC=FF,TA=0/70/0,SP=N/F/N,Mem=2092MHz,Free=8291MB,PLS=0,Temp=23.7C/0.0C,TW=4.36ms,App=1.19ms,GD=0.00ms,CPU&GPU=13.92ms,LCnt=1(DR72,LM0),GPU%=0.42,CPU%=0.21(W0.24),DSF=1.00,CFL=18.18/21.88
01-24 04:34:56.004  7050  9301 I VrApi   : FPS=72/72,Prd=0ms,Tear=0,Early=0,Stale=0,VSnc=1,Lat=0,Fov=0,CPU4/GPU=2/2,1171/441MHz,OC=FF,TA=0/70/0,SP=N/F/N,Mem=1804MHz,Free=8291MB,PLS=0,Temp=24.0C/0.0C,TW=4.36ms,App=1.12ms,GD=0.00ms,CPU&GPU=13.91ms,LCnt=1(DR72,LM0),GPU%=0.41,CPU%=0.13(W0.18),DSF=1.00,CFL=17.96/22.50
01-24 04:34:57.004  7050  9301 I VrApi   : FPS=72/72,Prd=0ms,Tear=0,Early=0,Stale=0,VSnc=1,Lat=0,Fov=0,CPU4/GPU=2/2,1171/441MHz,OC=FF,TA=0/70/0,SP=N/F/N,Mem=1804MHz,Free=8291MB,PLS=0,Temp=24.0C/0.0C,TW=4.36ms,App=1.13ms,GD=0.00ms,CPU&GPU=13.92ms,LCnt=1(DR72,LM0),GPU%=0.42,CPU%=0.10(W0.21),DSF=1.00,CFL=18.29/21.71
01-24 04:34:58.004  7050  9301 I VrApi   : FPS=72/72,Prd=0ms,Tear=0,Early=0,Stale=0,VSnc=1,Lat=0,Fov=0,CPU4/GPU=2/2,1171/441MHz,OC=FF,TA=0/70/0,SP=N/F/N,Mem=1804MHz,Free=8291MB,PLS=0,Temp=24.0C/0.0C,TW=4.35ms,App=1.17ms,GD=0.00ms,CPU&GPU=13.92ms,LCnt=1(DR72,LM0),GPU%=0.42,CPU%=0.17(W0.25),DSF=1.00,CFL=18.25/21.95
01-24 04:34:59.004  7050  9301 I VrApi   : FPS=72/72,Prd=0ms,Tear=0,Early=0,Stale=0,VSnc=1,Lat=0,Fov=0,CPU4/GPU=2/2,1171/441MHz,OC=FF,TA=0/70/0,SP=N/F/N,Mem=1804MHz,Free=8291MB,PLS=0,Temp=24.0C/0.0C,TW=4.37ms,App=1.14ms,GD=0.00ms,CPU&GPU=13.92ms,LCnt=1(DR72,LM0),GPU%=0.42,CPU%=0.19(W0.33),DSF=1.00,CFL=18.29/21.43
01-24 04:35:00.006  7050  9301 I VrApi   : FPS=72/72,Prd=0ms,Tear=0,Early=0,Stale=0,VSnc=1,Lat=0,Fov=0,CPU4/GPU=2/2,1171/441MHz,OC=FF,TA=0/70/0,SP=N/F/N,Mem=1804MHz,Free=8291MB,PLS=0,Temp=24.0C/0.0C,TW=4.35ms,App=1.18ms,GD=0.00ms,CPU&GPU=13.92ms,LCnt=1(DR72,LM0),GPU%=0.42,CPU%=0.20(W0.26),DSF=1.00,CFL=18.23/21.94
01-24 04:35:01.004  7050  9301 I VrApi   : FPS=72/72,Prd=0ms,Tear=0,Early=0,Stale=0,VSnc=1,Lat=0,Fov=0,CPU4/GPU=2/2,1171/441MHz,OC=FF,TA=0/70/0,SP=N/F/N,Mem=1804MHz,Free=8291MB,PLS=0,Temp=24.0C/0.0C,TW=4.36ms,App=1.15ms,GD=0.00ms,CPU&GPU=13.92ms,LCnt=1(DR72,LM0),GPU%=0.42,CPU%=0.12(W0.19),DSF=1.00,CFL=18.20/22.00
01-24 04:35:02.010  7050  9301 I VrApi   : FPS=72/72,Prd=0ms,Tear=0,Early=0,Stale=0,VSnc=1,Lat=0,Fov=0,CPU4/GPU=2/2,1171/441MHz,OC=FF,TA=0/70/0,SP=N/F/N,Mem=1804MHz,Free=7537MB,PLS=0,Temp=24.0C/0.0C,TW=4.35ms,App=1.17ms,GD=0.00ms,CPU&GPU=13.92ms,LCnt=1(DR72,LM0),GPU%=0.42,CPU%=0.19(W0.23),DSF=1.00,CFL=18.23/22.14
01-24 04:35:03.005  7050  9301 I VrApi   : FPS=72/72,Prd=0ms,Tear=0,Early=0,Stale=0,VSnc=1,Lat=0,Fov=0,CPU4/GPU=2/2,1171/441MHz,OC=FF,TA=0/70/0,SP=N/F/N,Mem=2092MHz,Free=7537MB,PLS=0,Temp=24.0C/0.0C,TW=4.36ms,App=1.19ms,GD=0.00ms,CPU&GPU=13.92ms,LCnt=1(DR72,LM0),GPU%=0.42,CPU%=0.16(W0.26),DSF=1.00,CFL=18.27/21.83
01-24 04:35:04.004  7050  9301 I VrApi   : FPS=72/72,Prd=0ms,Tear=0,Early=0,Stale=0,VSnc=1,Lat=0,Fov=0,CPU4/GPU=2/2,1171/441MHz,OC=FF,TA=0/70/0,SP=N/F/N,Mem=2092MHz,Free=7537MB,PLS=0,Temp=24.0C/0.0C,TW=4.36ms,App=1.14ms,GD=0.00ms,CPU&GPU=13.92ms,LCnt=1(DR72,LM0),GPU%=0.42,CPU%=0.21(W0.29),DSF=1.00,CFL=18.10/21.79
01-24 04:35:05.006  7050  9301 I VrApi   : FPS=72/72,Prd=0ms,Tear=0,Early=0,Stale=0,VSnc=1,Lat=0,Fov=0,CPU4/GPU=2/2,1171/441MHz,OC=FF,TA=0/70/0,SP=N/F/N,Mem=2092MHz,Free=7537MB,PLS=0,Temp=24.0C/0.0C,TW=4.36ms,App=1.18ms,GD=0.00ms,CPU&GPU=13.92ms,LCnt=1(DR72,LM0),GPU%=0.42,CPU%=0.20(W0.22),DSF=1.00,CFL=18.33/21.99
01-24 04:35:06.004  7050  9301 I VrApi   : FPS=72/72,Prd=0ms,Tear=0,Early=0,Stale=0,VSnc=1,Lat=0,Fov=0,CPU4/GPU=2/2,1171/441MHz,OC=FF,TA=0/70/0,SP=N/F/N,Mem=2092MHz,Free=7537MB,PLS=0,Temp=24.0C/0.0C,TW=4.35ms,App=1.21ms,GD=0.00ms,CPU&GPU=13.92ms,LCnt=1(DR72,LM0),GPU%=0.42,CPU%=0.13(W0.18),DSF=1.00,CFL=18.16/21.60
01-24 04:35:07.004  7050  9301 I VrApi   : FPS=72/72,Prd=0ms,Tear=0,Early=0,Stale=0,VSnc=1,Lat=0,Fov=0,CPU4/GPU=2/2,1171/441MHz,OC=FF,TA=0/70/0,SP=N/F/N,Mem=2092MHz,Free=7537MB,PLS=0,Temp=24.0C/0.0C,TW=4.37ms,App=1.16ms,GD=0.00ms,CPU&GPU=13.92ms,LCnt=1(DR72,LM0),GPU%=0.42,CPU%=0.13(W0.18),DSF=1.00,CFL=17.94/21.72
01-24 04:35:08.004  7050  9301 I VrApi   : FPS=72/72,Prd=0ms,Tear=0,Early=0,Stale=0,VSnc=1,Lat=0,Fov=0,CPU4/GPU=2/2,1171/441MHz,OC=FF,TA=0/70/0,SP=N/F/N,Mem=2092MHz,Free=7537MB,PLS=0,Temp=24.0C/0.0C,TW=4.37ms,App=1.16ms,GD=0.00ms,CPU&GPU=13.92ms,LCnt=1(DR72,LM0),GPU%=0.42,CPU%=0.16(W0.30),DSF=1.00,CFL=18.25/21.83
01-24 04:35:09.005  7050  9301 I VrApi   : FPS=72/72,Prd=0ms,Tear=0,Early=0,Stale=0,VSnc=1,Lat=0,Fov=0,CPU4/GPU=2/2,1171/441MHz,OC=FF,TA=0/70/0,SP=N/F/N,Mem=2092MHz,Free=7537MB,PLS=0,Temp=24.0C/0.0C,TW=4.37ms,App=1.13ms,GD=0.00ms,CPU&GPU=13.92ms,LCnt=1(DR72,LM0),GPU%=0.42,CPU%=0.18(W0.23),DSF=1.00,CFL=17.87/22.21
01-24 04:35:10.004  7050  9301 I VrApi   : FPS=72/72,Prd=0ms,Tear=0,Early=0,Stale=0,VSnc=1,Lat=0,Fov=0,CPU4/GPU=2/2,1171/441MHz,OC=FF,TA=0/70/0,SP=N/F/N,Mem=2092MHz,Free=7537MB,PLS=0,Temp=24.0C/0.0C,TW=4.36ms,App=1.12ms,GD=0.00ms,CPU&GPU=13.92ms,LCnt=1(DR72,LM0),GPU%=0.42,CPU%=0.16(W0.19),DSF=1.00,CFL=18.07/21.60
01-24 04:35:11.004  7050  9301 I VrApi   : FPS=72/72,Prd=0ms,Tear=0,Early=0,Stale=0,VSnc=1,Lat=0,Fov=0,CPU4/GPU=2/2,1171/441MHz,OC=FF,TA=0/70/0,SP=N/F/N,Mem=2092MHz,Free=7537MB,PLS=0,Temp=24.0C/0.0C,TW=4.37ms,App=1.14ms,GD=0.00ms,CPU&GPU=13.92ms,LCnt=1(DR72,LM0),GPU%=0.42,CPU%=0.17(W0.20),DSF=1.00,CFL=18.19/22.48
01-24 04:35:12.005  7050  9301 I VrApi   : FPS=72/72,Prd=0ms,Tear=0,Early=0,Stale=0,VSnc=1,Lat=0,Fov=0,CPU4/GPU=2/2,1171/441MHz,OC=FF,TA=0/70/0,SP=N/F/N,Mem=2092MHz,Free=7537MB,PLS=0,Temp=24.0C/0.0C,TW=4.37ms,App=1.18ms,GD=0.00ms,CPU&GPU=13.92ms,LCnt=1(DR72,LM0),GPU%=0.42,CPU%=0.20(W0.23),DSF=1.00,CFL=18.12/21.72
01-24 04:35:13.005  7050  9301 I VrApi   : FPS=72/72,Prd=0ms,Tear=0,Early=0,Stale=0,VSnc=1,Lat=0,Fov=0,CPU4/GPU=2/2,1171/441MHz,OC=FF,TA=0/70/0,SP=N/F/N,Mem=2092MHz,Free=7537MB,PLS=0,Temp=23.7C/0.0C,TW=4.36ms,App=1.13ms,GD=0.00ms,CPU&GPU=13.92ms,LCnt=1(DR72,LM0),GPU%=0.42,CPU%=0.19(W0.23),DSF=1.00,CFL=18.11/21.94
01-24 04:35:14.005  7050  9301 I VrApi   : FPS=72/72,Prd=0ms,Tear=0,Early=0,Stale=2,VSnc=1,Lat=0,Fov=0,CPU4/GPU=2/2,1171/441MHz,OC=FF,TA=0/70/0,SP=N/F/N,Mem=2092MHz,Free=7537MB,PLS=0,Temp=23.7C/0.0C,TW=4.36ms,App=1.13ms,GD=0.00ms,CPU&GPU=13.92ms,LCnt=1(DR72,LM0),GPU%=0.41,CPU%=0.22(W0.30),DSF=1.00,CFL=18.12/22.15
01-24 04:35:15.005  7050  9301 I VrApi   : FPS=72/72,Prd=0ms,Tear=0,Early=0,Stale=0,VSnc=1,Lat=0,Fov=0,CPU4/GPU=2/2,1171/441MHz,OC=FF,TA=0/70/0,SP=N/F/N,Mem=2092MHz,Free=7537MB,PLS=0,Temp=23.7C/0.0C,TW=4.37ms,App=1.14ms,GD=0.00ms,CPU&GPU=12.68ms,LCnt=1(DR72,LM0),GPU%=0.42,CPU%=0.16(W0.19),DSF=1.00,CFL=18.20/22.04
01-24 04:35:16.005  7050  9301 I VrApi   : FPS=72/72,Prd=0ms,Tear=0,Early=0,Stale=0,VSnc=1,Lat=0,Fov=0,CPU4/GPU=2/2,1171/441MHz,OC=FF,TA=0/70/0,SP=N/F/N,Mem=2092MHz,Free=7537MB,PLS=0,Temp=23.7C/0.0C,TW=4.36ms,App=1.16ms,GD=0.00ms,CPU&GPU=12.65ms,LCnt=1(DR72,LM0),GPU%=0.42,CPU%=0.20(W0.26),DSF=1.00,CFL=18.19/22.13
01-24 04:35:17.005  7050  9301 I VrApi   : FPS=72/72,Prd=0ms,Tear=0,Early=0,Stale=0,VSnc=1,Lat=0,Fov=0,CPU4/GPU=2/2,1171/441MHz,OC=FF,TA=0/70/0,SP=N/F/N,Mem=2092MHz,Free=7537MB,PLS=0,Temp=23.7C/0.0C,TW=4.36ms,App=1.15ms,GD=0.00ms,CPU&GPU=12.64ms,LCnt=1(DR72,LM0),GPU%=0.42,CPU%=0.18(W0.24),DSF=1.00,CFL=18.10/21.77
01-24 04:35:18.005  7050  9301 I VrApi   : FPS=72/72,Prd=0ms,Tear=0,Early=0,Stale=0,VSnc=1,Lat=0,Fov=0,CPU4/GPU=2/2,1171/441MHz,OC=FF,TA=0/70/0,SP=N/F/N,Mem=2092MHz,Free=7537MB,PLS=0,Temp=23.7C/0.0C,TW=4.37ms,App=1.18ms,GD=0.00ms,CPU&GPU=12.65ms,LCnt=1(DR72,LM0),GPU%=0.42,CPU%=0.12(W0.15),DSF=1.00,CFL=17.98/22.12
01-24 04:35:19.006  7050  9301 I VrApi   : FPS=72/72,Prd=0ms,Tear=0,Early=0,Stale=0,VSnc=1,Lat=0,Fov=0,CPU4/GPU=2/2,1171/441MHz,OC=FF,TA=0/70/0,SP=N/F/N,Mem=2092MHz,Free=7537MB,PLS=0,Temp=23.7C/0.0C,TW=4.37ms,App=1.15ms,GD=0.00ms,CPU&GPU=12.63ms,LCnt=1(DR72,LM0),GPU%=0.42,CPU%=0.19(W0.22),DSF=1.00,CFL=18.11/21.79
01-24 04:35:20.006  7050  9301 I VrApi   : FPS=72/72,Prd=0ms,Tear=0,Early=0,Stale=0,VSnc=1,Lat=0,Fov=0,CPU4/GPU=2/2,1171/441MHz,OC=FF,TA=0/70/0,SP=N/F/N,Mem=2092MHz,Free=7537MB,PLS=0,Temp=23.7C/0.0C,TW=4.37ms,App=1.11ms,GD=0.00ms,CPU&GPU=12.65ms,LCnt=1(DR72,LM0),GPU%=0.42,CPU%=0.14(W0.23),DSF=1.00,CFL=18.03/21.65
01-24 04:35:21.006  7050  9301 I VrApi   : FPS=72/72,Prd=0ms,Tear=0,Early=0,Stale=0,VSnc=1,Lat=0,Fov=0,CPU4/GPU=2/2,1171/441MHz,OC=FF,TA=0/70/0,SP=N/F/N,Mem=2092MHz,Free=7537MB,PLS=0,Temp=23.7C/0.0C,TW=4.35ms,App=1.14ms,GD=0.00ms,CPU&GPU=12.65ms,LCnt=1(DR72,LM0),GPU%=0.42,CPU%=0.10(W0.20),DSF=1.00,CFL=18.09/22.36
01-24 04:35:22.010  7050  9301 I VrApi   : FPS=72/72,Prd=0ms,Tear=0,Early=0,Stale=0,VSnc=1,Lat=0,Fov=0,CPU4/GPU=2/2,1171/441MHz,OC=FF,TA=0/70/0,SP=N/F/N,Mem=2092MHz,Free=7551MB,PLS=0,Temp=23.7C/0.0C,TW=4.37ms,App=1.19ms,GD=0.00ms,CPU&GPU=12.64ms,LCnt=1(DR72,LM0),GPU%=0.42,CPU%=0.20(W0.26),DSF=1.00,CFL=18.17/21.82
01-24 04:35:23.006  7050  9301 I VrApi   : FPS=72/72,Prd=0ms,Tear=0,Early=0,Stale=0,VSnc=1,Lat=0,Fov=0,CPU4/GPU=2/2,1171/441MHz,OC=FF,TA=0/70/0,SP=N/F/N,Mem=2092MHz,Free=7551MB,PLS=0,Temp=23.7C/0.0C,TW=4.36ms,App=1.17ms,GD=0.00ms,CPU&GPU=12.64ms,LCnt=1(DR72,LM0),GPU%=0.41,CPU%=0.12(W0.14),DSF=1.00,CFL=17.99/22.39
01-24 04:35:24.005  7050  9301 I VrApi   : FPS=72/72,Prd=0ms,Tear=0,Early=0,Stale=0,VSnc=1,Lat=0,Fov=0,CPU4/GPU=2/2,1171/441MHz,OC=FF,TA=0/70/0,SP=N/F/N,Mem=2092MHz,Free=7551MB,PLS=0,Temp=23.7C/0.0C,TW=4.36ms,App=1.14ms,GD=0.00ms,CPU&GPU=12.64ms,LCnt=1(DR72,LM0),GPU%=0.42,CPU%=0.18(W0.21),DSF=1.00,CFL=18.01/22.28
01-24 04:35:25.006  7050  9301 I VrApi   : FPS=72/72,Prd=0ms,Tear=0,Early=0,Stale=0,VSnc=1,Lat=0,Fov=0,CPU4/GPU=2/2,1171/441MHz,OC=FF,TA=0/70/0,SP=N/F/N,Mem=2092MHz,Free=7551MB,PLS=0,Temp=23.7C/0.0C,TW=4.36ms,App=1.18ms,GD=0.00ms,CPU&GPU=12.64ms,LCnt=1(DR72,LM0),GPU%=0.42,CPU%=0.18(W0.23),DSF=1.00,CFL=18.07/22.23
01-24 04:35:26.006  7050  9301 I VrApi   : FPS=72/72,Prd=0ms,Tear=0,Early=0,Stale=0,VSnc=1,Lat=0,Fov=0,CPU4/GPU=2/2,1171/441MHz,OC=FF,TA=0/70/0,SP=N/F/N,Mem=2092MHz,Free=7551MB,PLS=0,Temp=23.7C/0.0C,TW=4.36ms,App=1.16ms,GD=0.00ms,CPU&GPU=12.65ms,LCnt=1(DR72,LM0),GPU%=0.42,CPU%=0.15(W0.19),DSF=1.00,CFL=17.82/22.49
01-24 04:35:27.006  7050  9301 I VrApi   : FPS=72/72,Prd=0ms,Tear=0,Early=0,Stale=0,VSnc=1,Lat=0,Fov=0,CPU4/GPU=2/2,1171/441MHz,OC=FF,TA=0/70/0,SP=N/F/N,Mem=2092MHz,Free=7551MB,PLS=0,Temp=23.7C/0.0C,TW=4.36ms,App=1.18ms,GD=0.00ms,CPU&GPU=12.64ms,LCnt=1(DR72,LM0),GPU%=0.42,CPU%=0.15(W0.19),DSF=1.00,CFL=17.82/22.49
01-24 04:35:28.006  7050  9301 I VrApi   : FPS=72/72,Prd=0ms,Tear=0,Early=0,Stale=0,VSnc=1,Lat=0,Fov=0,CPU4/GPU=2/2,1171/441MHz,OC=FF,TA=0/70/0,SP=N/F/N,Mem=2092MHz,Free=7551MB,PLS=0,Temp=23.7C/0.0C,TW=4.37ms,App=1.20ms,GD=0.00ms,CPU&GPU=12.64ms,LCnt=1(DR72,LM0),GPU%=0.42,CPU%=0.20(W0.26),DSF=1.00,CFL=18.10/22.25
01-24 04:35:29.006  7050  9301 I VrApi   : FPS=72/72,Prd=0ms,Tear=0,Early=0,Stale=0,VSnc=1,Lat=0,Fov=0,CPU4/GPU=2/2,1171/441MHz,OC=FF,TA=0/70/0,SP=N/F/N,Mem=2092MHz,Free=7551MB,PLS=0,Temp=23.7C/0.0C,TW=4.36ms,App=1.19ms,GD=0.00ms,CPU&GPU=12.65ms,LCnt=1(DR72,LM0),GPU%=0.42,CPU%=0.15(W0.19),DSF=1.00,CFL=18.02/22.16
01-24 04:35:30.006  7050  9301 I VrApi   : FPS=72/72,Prd=0ms,Tear=0,Early=0,Stale=0,VSnc=1,Lat=0,Fov=0,CPU4/GPU=2/2,1171/441MHz,OC=FF,TA=0/70/0,SP=N/F/N,Mem=2092MHz,Free=7551MB,PLS=0,Temp=23.7C/0.0C,TW=4.35ms,App=1.16ms,GD=0.00ms,CPU&GPU=12.64ms,LCnt=1(DR72,LM0),GPU%=0.42,CPU%=0.16(W0.22),DSF=1.00,CFL=18.01/21.94
01-24 04:35:31.006  7050  9301 I VrApi   : FPS=72/72,Prd=0ms,Tear=0,Early=0,Stale=0,VSnc=1,Lat=0,Fov=0,CPU4/GPU=2/2,1171/441MHz,OC=FF,TA=0/70/0,SP=N/F/N,Mem=2092MHz,Free=7551MB,PLS=0,Temp=23.7C/0.0C,TW=4.35ms,App=1.16ms,GD=0.00ms,CPU&GPU=12.64ms,LCnt=1(DR72,LM0),GPU%=0.42,CPU%=0.13(W0.19),DSF=1.00,CFL=18.16/21.89
01-24 04:35:32.006  7050  9301 I VrApi   : FPS=72/72,Prd=0ms,Tear=0,Early=0,Stale=0,VSnc=1,Lat=0,Fov=0,CPU4/GPU=2/2,1171/441MHz,OC=FF,TA=0/70/0,SP=N/F/N,Mem=2092MHz,Free=7551MB,PLS=0,Temp=23.7C/0.0C,TW=4.37ms,App=1.17ms,GD=0.00ms,CPU&GPU=12.64ms,LCnt=1(DR72,LM0),GPU%=0.42,CPU%=0.16(W0.19),DSF=1.00,CFL=18.08/21.47
01-24 04:35:33.006  7050  9301 I VrApi   : FPS=72/72,Prd=0ms,Tear=0,Early=0,Stale=0,VSnc=1,Lat=0,Fov=0,CPU4/GPU=2/2,1171/441MHz,OC=FF,TA=0/70/0,SP=N/F/N,Mem=2092MHz,Free=7551MB,PLS=0,Temp=23.7C/0.0C,TW=4.36ms,App=1.23ms,GD=0.00ms,CPU&GPU=12.65ms,LCnt=1(DR72,LM0),GPU%=0.42,CPU%=0.11(W0.14),DSF=1.00,CFL=18.03/21.69
01-24 04:35:34.006  7050  9301 I VrApi   : FPS=72/72,Prd=0ms,Tear=0,Early=0,Stale=0,VSnc=1,Lat=0,Fov=0,CPU4/GPU=2/2,1171/441MHz,OC=FF,TA=0/70/0,SP=N/F/N,Mem=2092MHz,Free=7551MB,PLS=0,Temp=23.7C/0.0C,TW=4.36ms,App=1.20ms,GD=0.00ms,CPU&GPU=12.64ms,LCnt=1(DR72,LM0),GPU%=0.42,CPU%=0.10(W0.18),DSF=1.00,CFL=18.13/21.98
01-24 04:35:35.006  7050  9301 I VrApi   : FPS=72/72,Prd=0ms,Tear=0,Early=0,Stale=0,VSnc=1,Lat=0,Fov=0,CPU4/GPU=2/2,1171/441MHz,OC=FF,TA=0/70/0,SP=N/F/N,Mem=2092MHz,Free=7551MB,PLS=0,Temp=23.7C/0.0C,TW=4.36ms,App=1.17ms,GD=0.00ms,CPU&GPU=12.65ms,LCnt=1(DR72,LM0),GPU%=0.42,CPU%=0.21(W0.26),DSF=1.00,CFL=18.07/21.57
01-24 04:35:36.007  7050  9301 I VrApi   : FPS=72/72,Prd=0ms,Tear=0,Early=0,Stale=0,VSnc=1,Lat=0,Fov=0,CPU4/GPU=2/2,1171/441MHz,OC=FF,TA=0/70/0,SP=N/F/N,Mem=2092MHz,Free=7551MB,PLS=0,Temp=23.7C/0.0C,TW=4.36ms,App=1.20ms,GD=0.00ms,CPU&GPU=12.66ms,LCnt=1(DR72,LM0),GPU%=0.42,CPU%=0.10(W0.15),DSF=1.00,CFL=18.15/22.17
01-24 04:35:37.006  7050  9301 I VrApi   : FPS=72/72,Prd=0ms,Tear=0,Early=0,Stale=0,VSnc=1,Lat=0,Fov=0,CPU4/GPU=2/2,1171/441MHz,OC=FF,TA=0/70/0,SP=N/F/N,Mem=1555MHz,Free=7551MB,PLS=0,Temp=23.7C/0.0C,TW=4.36ms,App=1.19ms,GD=0.00ms,CPU&GPU=12.65ms,LCnt=1(DR72,LM0),GPU%=0.42,CPU%=0.15(W0.25),DSF=1.00,CFL=18.02/21.52
01-24 04:35:38.007  7050  9301 I VrApi   : FPS=72/72,Prd=0ms,Tear=0,Early=0,Stale=0,VSnc=1,Lat=0,Fov=0,CPU4/GPU=2/2,1171/441MHz,OC=FF,TA=0/70/0,SP=N/F/N,Mem=2092MHz,Free=7551MB,PLS=0,Temp=23.7C/0.0C,TW=4.35ms,App=1.20ms,GD=0.00ms,CPU&GPU=12.65ms,LCnt=1(DR72,LM0),GPU%=0.42,CPU%=0.10(W0.15),DSF=1.00,CFL=17.95/21.75
01-24 04:35:39.006  7050  9301 I VrApi   : FPS=72/72,Prd=0ms,Tear=0,Early=0,Stale=0,VSnc=1,Lat=0,Fov=0,CPU4/GPU=2/2,1171/441MHz,OC=FF,TA=0/70/0,SP=N/F/N,Mem=2092MHz,Free=7551MB,PLS=0,Temp=23.7C/0.0C,TW=4.36ms,App=1.19ms,GD=0.00ms,CPU&GPU=12.66ms,LCnt=1(DR72,LM0),GPU%=0.42,CPU%=0.13(W0.19),DSF=1.00,CFL=18.07/21.98
01-24 04:35:40.007  7050  9301 I VrApi   : FPS=72/72,Prd=0ms,Tear=0,Early=0,Stale=0,VSnc=1,Lat=0,Fov=0,CPU4/GPU=2/2,1171/441MHz,OC=FF,TA=0/70/0,SP=N/F/N,Mem=2092MHz,Free=7551MB,PLS=0,Temp=23.7C/0.0C,TW=4.37ms,App=1.23ms,GD=0.00ms,CPU&GPU=12.65ms,LCnt=1(DR72,LM0),GPU%=0.42,CPU%=0.13(W0.22),DSF=1.00,CFL=18.22/21.53
01-24 04:35:41.007  7050  9301 I VrApi   : FPS=72/72,Prd=0ms,Tear=0,Early=0,Stale=0,VSnc=1,Lat=0,Fov=0,CPU4/GPU=2/2,1171/441MHz,OC=FF,TA=0/70/0,SP=N/F/N,Mem=2092MHz,Free=7551MB,PLS=0,Temp=23.7C/0.0C,TW=4.36ms,App=1.17ms,GD=0.00ms,CPU&GPU=12.65ms,LCnt=1(DR72,LM0),GPU%=0.42,CPU%=0.25(W0.33),DSF=1.00,CFL=17.97/21.77
01-24 04:35:42.013  7050  9301 I VrApi   : FPS=72/72,Prd=0ms,Tear=0,Early=0,Stale=1,VSnc=1,Lat=0,Fov=0,CPU4/GPU=2/2,1171/441MHz,OC=FF,TA=0/70/0,SP=N/F/N,Mem=2092MHz,Free=7534MB,PLS=0,Temp=23.7C/0.0C,TW=4.35ms,App=1.17ms,GD=0.00ms,CPU&GPU=13.63ms,LCnt=1(DR72,LM0),GPU%=0.42,CPU%=0.19(W0.22),DSF=1.00,CFL=17.91/21.77
01-24 04:35:43.007  7050  9301 I VrApi   : FPS=72/72,Prd=0ms,Tear=0,Early=0,Stale=0,VSnc=1,Lat=0,Fov=0,CPU4/GPU=2/2,1171/441MHz,OC=FF,TA=0/70/0,SP=N/F/N,Mem=2092MHz,Free=7534MB,PLS=0,Temp=23.7C/0.0C,TW=4.37ms,App=1.18ms,GD=0.00ms,CPU&GPU=13.92ms,LCnt=1(DR72,LM0),GPU%=0.42,CPU%=0.20(W0.26),DSF=1.00,CFL=17.87/22.24
01-24 04:35:44.007  7050  9301 I VrApi   : FPS=72/72,Prd=0ms,Tear=0,Early=0,Stale=0,VSnc=1,Lat=0,Fov=0,CPU4/GPU=2/2,1171/441MHz,OC=FF,TA=0/70/0,SP=N/F/N,Mem=2092MHz,Free=7534MB,PLS=0,Temp=23.7C/0.0C,TW=4.36ms,App=1.16ms,GD=0.00ms,CPU&GPU=13.92ms,LCnt=1(DR72,LM0),GPU%=0.42,CPU%=0.17(W0.26),DSF=1.00,CFL=17.95/21.62
01-24 04:35:45.007  7050  9301 I VrApi   : FPS=72/72,Prd=0ms,Tear=0,Early=0,Stale=0,VSnc=1,Lat=0,Fov=0,CPU4/GPU=2/2,1171/441MHz,OC=FF,TA=0/70/0,SP=N/F/N,Mem=2092MHz,Free=7534MB,PLS=0,Temp=23.7C/0.0C,TW=4.36ms,App=1.15ms,GD=0.00ms,CPU&GPU=13.92ms,LCnt=1(DR72,LM0),GPU%=0.42,CPU%=0.21(W0.25),DSF=1.00,CFL=18.05/21.91
01-24 04:35:46.008  7050  9301 I VrApi   : FPS=72/72,Prd=0ms,Tear=0,Early=0,Stale=0,VSnc=1,Lat=0,Fov=0,CPU4/GPU=2/2,1171/441MHz,OC=FF,TA=0/70/0,SP=N/F/N,Mem=2092MHz,Free=7534MB,PLS=0,Temp=23.7C/0.0C,TW=4.36ms,App=1.13ms,GD=0.00ms,CPU&GPU=13.92ms,LCnt=1(DR72,LM0),GPU%=0.42,CPU%=0.20(W0.25),DSF=1.00,CFL=17.97/22.02
01-24 04:35:47.007  7050  9301 I VrApi   : FPS=72/72,Prd=0ms,Tear=0,Early=0,Stale=0,VSnc=1,Lat=0,Fov=0,CPU4/GPU=2/2,1171/441MHz,OC=FF,TA=0/70/0,SP=N/F/N,Mem=2092MHz,Free=7534MB,PLS=0,Temp=23.7C/0.0C,TW=4.37ms,App=1.16ms,GD=0.00ms,CPU&GPU=13.92ms,LCnt=1(DR72,LM0),GPU%=0.42,CPU%=0.12(W0.19),DSF=1.00,CFL=18.06/22.13
01-24 04:35:48.009  7050  9301 I VrApi   : FPS=72/72,Prd=0ms,Tear=0,Early=0,Stale=0,VSnc=1,Lat=0,Fov=0,CPU4/GPU=2/2,1171/441MHz,OC=FF,TA=0/70/0,SP=N/F/N,Mem=2092MHz,Free=7534MB,PLS=0,Temp=23.7C/0.0C,TW=4.36ms,App=1.18ms,GD=0.00ms,CPU&GPU=13.92ms,LCnt=1(DR72,LM0),GPU%=0.42,CPU%=0.19(W0.26),DSF=1.00,CFL=18.09/21.76
01-24 04:35:49.009  7050  9301 I VrApi   : FPS=72/72,Prd=0ms,Tear=0,Early=0,Stale=0,VSnc=1,Lat=0,Fov=0,CPU4/GPU=2/2,1171/441MHz,OC=FF,TA=0/70/0,SP=N/F/N,Mem=2092MHz,Free=7534MB,PLS=0,Temp=23.7C/0.0C,TW=4.35ms,App=1.16ms,GD=0.00ms,CPU&GPU=13.92ms,LCnt=1(DR72,LM0),GPU%=0.42,CPU%=0.12(W0.16),DSF=1.00,CFL=17.97/21.96
01-24 04:35:50.007  7050  9301 I VrApi   : FPS=72/72,Prd=0ms,Tear=0,Early=0,Stale=0,VSnc=1,Lat=0,Fov=0,CPU4/GPU=2/2,1171/441MHz,OC=FF,TA=0/70/0,SP=N/F/N,Mem=2092MHz,Free=7534MB,PLS=0,Temp=23.7C/0.0C,TW=4.36ms,App=1.14ms,GD=0.00ms,CPU&GPU=13.92ms,LCnt=1(DR72,LM0),GPU%=0.42,CPU%=0.16(W0.20),DSF=1.00,CFL=18.09/22.16
01-24 04:35:51.008  7050  9301 I VrApi   : FPS=71/72,Prd=0ms,Tear=0,Early=0,Stale=2,VSnc=1,Lat=0,Fov=0,CPU4/GPU=2/2,1171/441MHz,OC=FF,TA=0/70/0,SP=N/F/N,Mem=2092MHz,Free=7534MB,PLS=0,Temp=23.7C/0.0C,TW=4.35ms,App=1.18ms,GD=0.00ms,CPU&GPU=14.14ms,LCnt=1(DR72,LM0),GPU%=0.42,CPU%=0.20(W0.27),DSF=1.00,CFL=17.97/22.14
01-24 04:35:52.008  7050  9301 I VrApi   : FPS=72/72,Prd=0ms,Tear=0,Early=0,Stale=0,VSnc=1,Lat=0,Fov=0,CPU4/GPU=2/2,1171/441MHz,OC=FF,TA=0/70/0,SP=N/F/N,Mem=2092MHz,Free=7534MB,PLS=0,Temp=23.7C/0.0C,TW=4.37ms,App=1.34ms,GD=0.00ms,CPU&GPU=13.92ms,LCnt=1(DR72,LM0),GPU%=0.43,CPU%=0.20(W0.25),DSF=1.00,CFL=17.94/22.00
01-24 04:35:53.008  7050  9301 I VrApi   : FPS=72/72,Prd=0ms,Tear=0,Early=0,Stale=0,VSnc=1,Lat=0,Fov=0,CPU4/GPU=2/2,1171/441MHz,OC=FF,TA=0/70/0,SP=N/F/N,Mem=1555MHz,Free=7534MB,PLS=0,Temp=23.7C/0.0C,TW=4.36ms,App=1.33ms,GD=0.00ms,CPU&GPU=13.92ms,LCnt=1(DR72,LM0),GPU%=0.43,CPU%=0.16(W0.19),DSF=1.00,CFL=17.95/21.66
01-24 04:35:54.007  7050  9301 I VrApi   : FPS=72/72,Prd=0ms,Tear=0,Early=0,Stale=0,VSnc=1,Lat=0,Fov=0,CPU4/GPU=2/2,1171/441MHz,OC=FF,TA=0/70/0,SP=N/F/N,Mem=2092MHz,Free=7534MB,PLS=0,Temp=23.7C/0.0C,TW=4.36ms,App=1.22ms,GD=0.00ms,CPU&GPU=13.92ms,LCnt=1(DR72,LM0),GPU%=0.42,CPU%=0.09(W0.17),DSF=1.00,CFL=18.08/22.03
01-24 04:35:55.008  7050  9301 I VrApi   : FPS=72/72,Prd=0ms,Tear=0,Early=0,Stale=0,VSnc=1,Lat=0,Fov=0,CPU4/GPU=2/2,1171/441MHz,OC=FF,TA=0/70/0,SP=N/F/N,Mem=2092MHz,Free=7534MB,PLS=0,Temp=23.7C/0.0C,TW=4.37ms,App=1.06ms,GD=0.00ms,CPU&GPU=13.92ms,LCnt=1(DR72,LM0),GPU%=0.41,CPU%=0.12(W0.15),DSF=1.00,CFL=18.15/21.79
01-24 04:35:56.008  7050  9301 I VrApi   : FPS=72/72,Prd=0ms,Tear=0,Early=0,Stale=0,VSnc=1,Lat=0,Fov=0,CPU4/GPU=2/2,1171/441MHz,OC=FF,TA=0/70/0,SP=N/F/N,Mem=2092MHz,Free=7534MB,PLS=0,Temp=23.7C/0.0C,TW=4.36ms,App=1.37ms,GD=0.00ms,CPU&GPU=13.92ms,LCnt=1(DR72,LM0),GPU%=0.43,CPU%=0.19(W0.23),DSF=1.00,CFL=18.36/22.48
01-24 04:35:57.008  7050  9301 I VrApi   : FPS=72/72,Prd=0ms,Tear=0,Early=0,Stale=0,VSnc=1,Lat=0,Fov=0,CPU4/GPU=2/2,1171/441MHz,OC=FF,TA=0/70/0,SP=N/F/N,Mem=2092MHz,Free=7534MB,PLS=0,Temp=23.7C/0.0C,TW=4.36ms,App=1.36ms,GD=0.00ms,CPU&GPU=13.92ms,LCnt=1(DR72,LM0),GPU%=0.43,CPU%=0.22(W0.27),DSF=1.00,CFL=17.98/21.82
01-24 04:35:58.008  7050  9301 I VrApi   : FPS=72/72,Prd=0ms,Tear=0,Early=0,Stale=0,VSnc=1,Lat=0,Fov=0,CPU4/GPU=2/2,1171/441MHz,OC=FF,TA=0/70/0,SP=N/F/N,Mem=2092MHz,Free=7534MB,PLS=0,Temp=23.7C/0.0C,TW=4.36ms,App=1.33ms,GD=0.00ms,CPU&GPU=13.92ms,LCnt=1(DR72,LM0),GPU%=0.43,CPU%=0.13(W0.23),DSF=1.00,CFL=18.05/21.70
01-24 04:35:59.008  7050  9301 I VrApi   : FPS=72/72,Prd=0ms,Tear=0,Early=0,Stale=0,VSnc=1,Lat=0,Fov=0,CPU4/GPU=2/2,1171/441MHz,OC=FF,TA=0/70/0,SP=N/F/N,Mem=2092MHz,Free=7534MB,PLS=0,Temp=23.7C/0.0C,TW=4.36ms,App=1.35ms,GD=0.00ms,CPU&GPU=13.92ms,LCnt=1(DR72,LM0),GPU%=0.43,CPU%=0.21(W0.25),DSF=1.00,CFL=18.16/21.62
01-24 04:36:00.012  7050  9301 I VrApi   : FPS=72/72,Prd=0ms,Tear=0,Early=0,Stale=0,VSnc=1,Lat=0,Fov=0,CPU4/GPU=2/2,1171/441MHz,OC=FF,TA=0/70/0,SP=N/F/N,Mem=1555MHz,Free=7534MB,PLS=0,Temp=23.7C/0.0C,TW=4.35ms,App=1.33ms,GD=0.00ms,CPU&GPU=13.92ms,LCnt=1(DR72,LM0),GPU%=0.43,CPU%=0.16(W0.16),DSF=1.00,CFL=17.85/22.18
01-24 04:36:01.008  7050  9301 I VrApi   : FPS=72/72,Prd=0ms,Tear=0,Early=0,Stale=1,VSnc=1,Lat=0,Fov=0,CPU4/GPU=2/2,1171/441MHz,OC=FF,TA=0/70/0,SP=N/F/N,Mem=2092MHz,Free=7534MB,PLS=0,Temp=23.5C/0.0C,TW=4.36ms,App=1.29ms,GD=0.00ms,CPU&GPU=13.92ms,LCnt=1(DR72,LM0),GPU%=0.43,CPU%=0.24(W0.27),DSF=1.00,CFL=17.99/21.65
01-24 04:36:02.018  7050  9301 I VrApi   : FPS=72/72,Prd=0ms,Tear=0,Early=0,Stale=0,VSnc=1,Lat=0,Fov=0,CPU4/GPU=2/2,1171/441MHz,OC=FF,TA=0/70/0,SP=N/F/N,Mem=2092MHz,Free=7536MB,PLS=0,Temp=23.5C/0.0C,TW=4.35ms,App=1.24ms,GD=0.00ms,CPU&GPU=13.92ms,LCnt=1(DR72,LM0),GPU%=0.42,CPU%=0.09(W0.15),DSF=1.00,CFL=18.07/21.81
01-24 04:36:03.008  7050  9301 I VrApi   : FPS=72/72,Prd=0ms,Tear=0,Early=0,Stale=0,VSnc=1,Lat=0,Fov=0,CPU4/GPU=2/2,1171/441MHz,OC=FF,TA=0/70/0,SP=N/F/N,Mem=2092MHz,Free=7536MB,PLS=0,Temp=23.5C/0.0C,TW=4.37ms,App=1.27ms,GD=0.00ms,CPU&GPU=13.92ms,LCnt=1(DR72,LM0),GPU%=0.42,CPU%=0.15(W0.19),DSF=1.00,CFL=17.89/21.95
01-24 04:36:04.008  7050  9301 I VrApi   : FPS=72/72,Prd=0ms,Tear=0,Early=0,Stale=0,VSnc=1,Lat=0,Fov=0,CPU4/GPU=2/2,1171/441MHz,OC=FF,TA=0/70/0,SP=N/F/N,Mem=1555MHz,Free=7536MB,PLS=0,Temp=23.5C/0.0C,TW=4.36ms,App=1.31ms,GD=0.00ms,CPU&GPU=13.92ms,LCnt=1(DR72,LM0),GPU%=0.43,CPU%=0.09(W0.11),DSF=1.00,CFL=18.24/21.78
01-24 04:36:05.009  7050  9301 I VrApi   : FPS=72/72,Prd=0ms,Tear=0,Early=0,Stale=0,VSnc=1,Lat=0,Fov=0,CPU4/GPU=2/2,1171/441MHz,OC=FF,TA=0/70/0,SP=N/F/N,Mem=2092MHz,Free=7536MB,PLS=0,Temp=23.5C/0.0C,TW=4.35ms,App=1.30ms,GD=0.00ms,CPU&GPU=13.92ms,LCnt=1(DR72,LM0),GPU%=0.43,CPU%=0.20(W0.27),DSF=1.00,CFL=18.04/22.23
01-24 04:36:06.008  7050  9301 I VrApi   : FPS=72/72,Prd=0ms,Tear=0,Early=0,Stale=0,VSnc=1,Lat=0,Fov=0,CPU4/GPU=2/2,1171/441MHz,OC=FF,TA=0/70/0,SP=N/F/N,Mem=2092MHz,Free=7536MB,PLS=0,Temp=23.5C/0.0C,TW=4.37ms,App=1.25ms,GD=0.00ms,CPU&GPU=13.92ms,LCnt=1(DR72,LM0),GPU%=0.43,CPU%=0.15(W0.20),DSF=1.00,CFL=18.21/22.55
01-24 04:36:07.009  7050  9301 I VrApi   : FPS=72/72,Prd=0ms,Tear=0,Early=0,Stale=0,VSnc=1,Lat=0,Fov=0,CPU4/GPU=2/2,1171/441MHz,OC=FF,TA=0/70/0,SP=N/F/N,Mem=2092MHz,Free=7536MB,PLS=0,Temp=23.5C/0.0C,TW=4.35ms,App=1.32ms,GD=0.00ms,CPU&GPU=13.92ms,LCnt=1(DR72,LM0),GPU%=0.43,CPU%=0.20(W0.26),DSF=1.00,CFL=18.05/22.93
01-24 04:36:08.008  7050  9301 I VrApi   : FPS=72/72,Prd=0ms,Tear=0,Early=0,Stale=0,VSnc=1,Lat=0,Fov=0,CPU4/GPU=2/2,1171/441MHz,OC=FF,TA=0/70/0,SP=N/F/N,Mem=2092MHz,Free=7536MB,PLS=0,Temp=23.5C/0.0C,TW=4.37ms,App=1.32ms,GD=0.00ms,CPU&GPU=13.92ms,LCnt=1(DR72,LM0),GPU%=0.43,CPU%=0.19(W0.19),DSF=1.00,CFL=18.04/22.92
01-24 04:36:09.009  7050  9301 I VrApi   : FPS=72/72,Prd=0ms,Tear=0,Early=0,Stale=0,VSnc=1,Lat=0,Fov=0,CPU4/GPU=2/2,1171/441MHz,OC=FF,TA=0/70/0,SP=N/F/N,Mem=2092MHz,Free=7536MB,PLS=0,Temp=23.5C/0.0C,TW=4.36ms,App=1.11ms,GD=0.00ms,CPU&GPU=13.92ms,LCnt=1(DR72,LM0),GPU%=0.41,CPU%=0.16(W0.18),DSF=1.00,CFL=18.13/22.26
01-24 04:36:10.009  7050  9301 I VrApi   : FPS=72/72,Prd=0ms,Tear=0,Early=0,Stale=0,VSnc=1,Lat=0,Fov=0,CPU4/GPU=2/2,1171/441MHz,OC=FF,TA=0/70/0,SP=N/F/N,Mem=2092MHz,Free=7536MB,PLS=0,Temp=23.5C/0.0C,TW=4.36ms,App=1.34ms,GD=0.00ms,CPU&GPU=13.92ms,LCnt=1(DR72,LM0),GPU%=0.43,CPU%=0.12(W0.16),DSF=1.00,CFL=18.05/22.05
01-24 04:36:11.010  7050  9301 I VrApi   : FPS=72/72,Prd=0ms,Tear=0,Early=0,Stale=0,VSnc=1,Lat=0,Fov=0,CPU4/GPU=2/2,1171/441MHz,OC=FF,TA=0/70/0,SP=N/F/N,Mem=2092MHz,Free=7536MB,PLS=0,Temp=23.5C/0.0C,TW=4.36ms,App=1.38ms,GD=0.00ms,CPU&GPU=13.92ms,LCnt=1(DR72,LM0),GPU%=0.43,CPU%=0.14(W0.22),DSF=1.00,CFL=18.18/21.85
01-24 04:36:12.009  7050  9301 I VrApi   : FPS=72/72,Prd=0ms,Tear=0,Early=0,Stale=0,VSnc=1,Lat=0,Fov=0,CPU4/GPU=2/2,1171/441MHz,OC=FF,TA=0/70/0,SP=N/F/N,Mem=2092MHz,Free=7536MB,PLS=0,Temp=23.5C/0.0C,TW=4.36ms,App=1.32ms,GD=0.00ms,CPU&GPU=13.92ms,LCnt=1(DR72,LM0),GPU%=0.43,CPU%=0.25(W0.30),DSF=1.00,CFL=17.95/22.23
01-24 04:36:13.009  7050  9301 I VrApi   : FPS=72/72,Prd=0ms,Tear=0,Early=0,Stale=0,VSnc=1,Lat=0,Fov=0,CPU4/GPU=2/2,1171/441MHz,OC=FF,TA=0/70/0,SP=N/F/N,Mem=2092MHz,Free=7536MB,PLS=0,Temp=23.5C/0.0C,TW=4.37ms,App=1.32ms,GD=0.00ms,CPU&GPU=13.92ms,LCnt=1(DR72,LM0),GPU%=0.43,CPU%=0.13(W0.16),DSF=1.00,CFL=18.17/22.32
01-24 04:36:14.009  7050  9301 I VrApi   : FPS=72/72,Prd=0ms,Tear=0,Early=0,Stale=0,VSnc=1,Lat=0,Fov=0,CPU4/GPU=2/2,1171/441MHz,OC=FF,TA=0/70/0,SP=N/F/N,Mem=1555MHz,Free=7536MB,PLS=0,Temp=23.5C/0.0C,TW=4.35ms,App=1.31ms,GD=0.00ms,CPU&GPU=13.92ms,LCnt=1(DR72,LM0),GPU%=0.43,CPU%=0.20(W0.33),DSF=1.00,CFL=18.10/21.89
01-24 04:36:15.009  7050  9301 I VrApi   : FPS=72/72,Prd=0ms,Tear=0,Early=0,Stale=0,VSnc=1,Lat=0,Fov=0,CPU4/GPU=2/2,1171/441MHz,OC=FF,TA=0/70/0,SP=N/F/N,Mem=1804MHz,Free=7536MB,PLS=0,Temp=23.5C/0.0C,TW=4.35ms,App=1.31ms,GD=0.00ms,CPU&GPU=13.92ms,LCnt=1(DR72,LM0),GPU%=0.43,CPU%=0.07(W0.11),DSF=1.00,CFL=18.18/21.82
01-24 04:36:16.009  7050  9301 I VrApi   : FPS=72/72,Prd=0ms,Tear=0,Early=0,Stale=0,VSnc=1,Lat=0,Fov=0,CPU4/GPU=2/2,1171/441MHz,OC=FF,TA=0/70/0,SP=N/F/N,Mem=1804MHz,Free=7536MB,PLS=0,Temp=23.5C/0.0C,TW=4.36ms,App=1.31ms,GD=0.00ms,CPU&GPU=13.92ms,LCnt=1(DR72,LM0),GPU%=0.43,CPU%=0.15(W0.19),DSF=1.00,CFL=17.95/21.89
01-24 04:36:17.010  7050  9301 I VrApi   : FPS=72/72,Prd=0ms,Tear=0,Early=0,Stale=0,VSnc=1,Lat=0,Fov=0,CPU4/GPU=2/2,1171/441MHz,OC=FF,TA=0/70/0,SP=N/F/N,Mem=1804MHz,Free=7536MB,PLS=0,Temp=23.7C/0.0C,TW=4.35ms,App=1.35ms,GD=0.00ms,CPU&GPU=13.92ms,LCnt=1(DR72,LM0),GPU%=0.43,CPU%=0.15(W0.23),DSF=1.00,CFL=18.05/22.06
01-24 04:36:18.009  7050  9301 I VrApi   : FPS=72/72,Prd=0ms,Tear=0,Early=0,Stale=0,VSnc=1,Lat=0,Fov=0,CPU4/GPU=2/2,1171/441MHz,OC=FF,TA=0/70/0,SP=N/F/N,Mem=1804MHz,Free=7536MB,PLS=0,Temp=23.7C/0.0C,TW=4.36ms,App=1.44ms,GD=0.00ms,CPU&GPU=13.92ms,LCnt=1(DR72,LM0),GPU%=0.44,CPU%=0.12(W0.16),DSF=1.00,CFL=18.09/21.92
01-24 04:36:19.010  7050  9301 I VrApi   : FPS=72/72,Prd=0ms,Tear=0,Early=0,Stale=0,VSnc=1,Lat=0,Fov=0,CPU4/GPU=2/2,1171/441MHz,OC=FF,TA=0/70/0,SP=N/F/N,Mem=1804MHz,Free=7536MB,PLS=0,Temp=23.7C/0.0C,TW=4.36ms,App=1.34ms,GD=0.00ms,CPU&GPU=13.92ms,LCnt=1(DR72,LM0),GPU%=0.43,CPU%=0.15(W0.19),DSF=1.00,CFL=18.14/22.30
01-24 04:36:20.010  7050  9301 I VrApi   : FPS=72/72,Prd=0ms,Tear=0,Early=0,Stale=0,VSnc=1,Lat=0,Fov=0,CPU4/GPU=2/2,1171/441MHz,OC=FF,TA=0/70/0,SP=N/F/N,Mem=1804MHz,Free=7536MB,PLS=0,Temp=23.7C/0.0C,TW=4.36ms,App=1.32ms,GD=0.00ms,CPU&GPU=13.92ms,LCnt=1(DR72,LM0),GPU%=0.43,CPU%=0.10(W0.19),DSF=1.00,CFL=18.10/22.17
01-24 04:36:21.011  7050  9301 I VrApi   : FPS=72/72,Prd=0ms,Tear=0,Early=0,Stale=0,VSnc=1,Lat=0,Fov=0,CPU4/GPU=2/2,1171/441MHz,OC=FF,TA=0/70/0,SP=N/F/N,Mem=1804MHz,Free=7536MB,PLS=0,Temp=23.7C/0.0C,TW=4.36ms,App=1.32ms,GD=0.00ms,CPU&GPU=13.92ms,LCnt=1(DR72,LM0),GPU%=0.43,CPU%=0.14(W0.20),DSF=1.00,CFL=18.20/21.68
01-24 04:36:22.015  7050  9301 I VrApi   : FPS=72/72,Prd=0ms,Tear=0,Early=0,Stale=0,VSnc=1,Lat=0,Fov=0,CPU4/GPU=2/2,1171/441MHz,OC=FF,TA=0/70/0,SP=N/F/N,Mem=2092MHz,Free=7536MB,PLS=0,Temp=23.7C/0.0C,TW=4.22ms,App=1.30ms,GD=0.00ms,CPU&GPU=13.92ms,LCnt=1(DR72,LM0),GPU%=0.43,CPU%=0.10(W0.16),DSF=1.00,CFL=18.14/22.00
01-24 04:36:23.010  7050  9301 I VrApi   : FPS=72/72,Prd=0ms,Tear=0,Early=0,Stale=0,VSnc=1,Lat=0,Fov=0,CPU4/GPU=2/2,1171/441MHz,OC=FF,TA=0/70/0,SP=N/F/N,Mem=1804MHz,Free=7536MB,PLS=0,Temp=23.7C/0.0C,TW=4.37ms,App=1.35ms,GD=0.00ms,CPU&GPU=13.92ms,LCnt=1(DR72,LM0),GPU%=0.43,CPU%=0.12(W0.14),DSF=1.00,CFL=18.20/22.16
