12-30 20:01:06.030 28648 28780 I VrApi   : FPS=72/72,Prd=0ms,Tear=0,Early=0,Stale=0,VSnc=1,Lat=0,Fov=0,CPU4/GPU=2/2,1171/441MHz,OC=FF,TA=0/70/0,SP=N/F/N,Mem=1804MHz,Free=8389MB,PLS=0,Temp=20.0C/0.0C,TW=4.36ms,App=1.11ms,GD=0.00ms,CPU&GPU=12.60ms,LCnt=1(DR72,LM0),GPU%=0.41,CPU%=0.12(W0.17),DSF=1.00,CFL=17.90/21.73
12-30 20:01:07.029 28648 28780 I VrApi   : FPS=72/72,Prd=0ms,Tear=0,Early=0,Stale=0,VSnc=1,Lat=0,Fov=0,CPU4/GPU=2/2,1171/441MHz,OC=FF,TA=0/70/0,SP=N/F/N,Mem=1804MHz,Free=8389MB,PLS=0,Temp=20.0C/0.0C,TW=4.35ms,App=1.06ms,GD=0.00ms,CPU&GPU=12.61ms,LCnt=1(DR72,LM0),GPU%=0.41,CPU%=0.05(W0.10),DSF=1.00,CFL=17.80/21.93
12-30 20:01:08.034 28648 28780 I VrApi   : FPS=72/72,Prd=0ms,Tear=0,Early=0,Stale=0,VSnc=1,Lat=0,Fov=0,CPU4/GPU=2/2,1171/441MHz,OC=FF,TA=0/70/0,SP=N/F/N,Mem=1804MHz,Free=8389MB,PLS=0,Temp=20.0C/0.0C,TW=4.34ms,App=0.95ms,GD=0.00ms,CPU&GPU=12.61ms,LCnt=1(DR72,LM0),GPU%=0.39,CPU%=0.08(W0.10),DSF=1.00,CFL=17.81/21.52
12-30 20:01:09.032 28648 28780 I VrApi   : FPS=72/72,Prd=0ms,Tear=0,Early=0,Stale=0,VSnc=1,Lat=0,Fov=0,CPU4/GPU=2/2,1171/441MHz,OC=FF,TA=0/70/0,SP=N/F/N,Mem=1555MHz,Free=8389MB,PLS=0,Temp=20.0C/0.0C,TW=4.35ms,App=1.02ms,GD=0.00ms,CPU&GPU=12.59ms,LCnt=1(DR72,LM0),GPU%=0.40,CPU%=0.08(W0.10),DSF=1.00,CFL=17.88/21.71
12-30 20:01:09.633 28648 28674 W VrApi   : ovr_SubmitFrameInternal: FrameIndex discontinuity: Expected 24913, Received 24914
12-30 20:01:09.656 28648 28674 W VrApi   : ovr_SubmitFrameInternal: FrameIndex discontinuity: Expected 24916, Received 24917
12-30 20:01:09.702 28648 28674 W VrApi   : ovr_SubmitFrameInternal: FrameIndex discontinuity: Expected 24918, Received 24919
12-30 20:01:10.030 28648 28780 I VrApi   : FPS=72/72,Prd=0ms,Tear=0,Early=0,Stale=0,VSnc=1,Lat=0,Fov=0,CPU4/GPU=2/2,1171/441MHz,OC=FF,TA=0/70/0,SP=N/F/N,Mem=1555MHz,Free=8389MB,PLS=0,Temp=20.0C/0.0C,TW=4.35ms,App=1.06ms,GD=0.00ms,CPU&GPU=12.61ms,LCnt=1(DR72,LM0),GPU%=0.37,CPU%=0.10(W0.17),DSF=1.00,CFL=17.87/21.95
12-30 20:01:11.034 28648 28780 I VrApi   : FPS=63/72,Prd=0ms,Tear=0,Early=0,Stale=14,VSnc=1,Lat=0,Fov=0,CPU4/GPU=2/2,1171/441MHz,OC=FF,TA=0/70/0,SP=N/F/N,Mem=1555MHz,Free=8389MB,PLS=0,Temp=20.0C/0.0C,TW=4.35ms,App=0.93ms,GD=0.00ms,CPU&GPU=15.45ms,LCnt=1(DR72,LM0),GPU%=0.39,CPU%=0.03(W0.10),DSF=1.00,CFL=18.00/22.10
12-30 20:01:12.030 28648 28780 I VrApi   : FPS=72/72,Prd=0ms,Tear=0,Early=0,Stale=0,VSnc=1,Lat=0,Fov=0,CPU4/GPU=2/2,1171/441MHz,OC=FF,TA=0/70/0,SP=N/F/N,Mem=2092MHz,Free=8389MB,PLS=0,Temp=20.0C/0.0C,TW=4.35ms,App=0.94ms,GD=0.00ms,CPU&GPU=13.91ms,LCnt=1(DR72,LM0),GPU%=0.39,CPU%=0.07(W0.10),DSF=1.00,CFL=17.95/21.57
12-30 20:01:13.030 28648 28780 I VrApi   : FPS=72/72,Prd=0ms,Tear=0,Early=0,Stale=0,VSnc=1,Lat=0,Fov=0,CPU4/GPU=2/2,1171/441MHz,OC=FF,TA=0/70/0,SP=N/F/N,Mem=1555MHz,Free=8389MB,PLS=0,Temp=20.0C/0.0C,TW=4.20ms,App=0.94ms,GD=0.00ms,CPU&GPU=13.92ms,LCnt=1(DR72,LM0),GPU%=0.39,CPU%=0.11(W0.14),DSF=1.00,CFL=18.12/21.98
12-30 20:01:14.032 28648 28780 I VrApi   : FPS=72/72,Prd=0ms,Tear=0,Early=0,Stale=0,VSnc=1,Lat=0,Fov=0,CPU4/GPU=2/2,1171/441MHz,OC=FF,TA=0/70/0,SP=N/F/N,Mem=1555MHz,Free=8389MB,PLS=0,Temp=20.0C/0.0C,TW=4.34ms,App=0.85ms,GD=0.00ms,CPU&GPU=13.92ms,LCnt=1(DR72,LM0),GPU%=0.39,CPU%=0.03(W0.10),DSF=1.00,CFL=17.95/21.73
12-30 20:01:15.030 28648 28780 I VrApi   : FPS=72/72,Prd=0ms,Tear=0,Early=0,Stale=0,VSnc=1,Lat=0,Fov=0,CPU4/GPU=2/2,1171/441MHz,OC=FF,TA=0/70/0,SP=N/F/N,Mem=1555MHz,Free=8389MB,PLS=0,Temp=20.0C/0.0C,TW=4.20ms,App=0.89ms,GD=0.00ms,CPU&GPU=13.91ms,LCnt=1(DR72,LM0),GPU%=0.39,CPU%=0.08(W0.10),DSF=1.00,CFL=18.13/22.60
12-30 20:01:16.030 28648 28780 I VrApi   : FPS=72/72,Prd=0ms,Tear=0,Early=0,Stale=2,VSnc=1,Lat=0,Fov=0,CPU4/GPU=2/2,1171/441MHz,OC=FF,TA=0/70/0,SP=N/F/N,Mem=1555MHz,Free=8389MB,PLS=0,Temp=20.2C/0.0C,TW=4.34ms,App=0.96ms,GD=0.00ms,CPU&GPU=13.52ms,LCnt=1(DR72,LM0),GPU%=0.39,CPU%=0.05(W0.14),DSF=1.00,CFL=17.97/21.45
12-30 20:01:17.030 28648 28780 I VrApi   : FPS=72/72,Prd=0ms,Tear=0,Early=0,Stale=0,VSnc=1,Lat=0,Fov=0,CPU4/GPU=2/2,1171/441MHz,OC=FF,TA=0/70/0,SP=N/F/N,Mem=1804MHz,Free=8389MB,PLS=0,Temp=20.2C/0.0C,TW=4.34ms,App=0.97ms,GD=0.00ms,CPU&GPU=12.60ms,LCnt=1(DR72,LM0),GPU%=0.39,CPU%=0.07(W0.14),DSF=1.00,CFL=17.87/22.14
12-30 20:01:18.031 28648 28780 I VrApi   : FPS=72/72,Prd=0ms,Tear=0,Early=0,Stale=0,VSnc=1,Lat=0,Fov=0,CPU4/GPU=2/2,1171/441MHz,OC=FF,TA=0/70/0,SP=N/F/N,Mem=1804MHz,Free=8389MB,PLS=0,Temp=20.2C/0.0C,TW=4.35ms,App=0.96ms,GD=0.00ms,CPU&GPU=12.60ms,LCnt=1(DR72,LM0),GPU%=0.40,CPU%=0.07(W0.10),DSF=1.00,CFL=17.89/21.77
12-30 20:01:19.030 28648 28780 I VrApi   : FPS=72/72,Prd=0ms,Tear=0,Early=0,Stale=2,VSnc=1,Lat=0,Fov=0,CPU4/GPU=2/2,1171/441MHz,OC=FF,TA=0/70/0,SP=N/F/N,Mem=1804MHz,Free=8389MB,PLS=0,Temp=20.2C/0.0C,TW=4.35ms,App=0.94ms,GD=0.00ms,CPU&GPU=12.61ms,LCnt=1(DR72,LM0),GPU%=0.39,CPU%=0.14(W0.14),DSF=1.00,CFL=18.01/21.82
12-30 20:01:20.034 28648 28780 I VrApi   : FPS=72/72,Prd=0ms,Tear=0,Early=0,Stale=0,VSnc=1,Lat=0,Fov=0,CPU4/GPU=2/2,1171/441MHz,OC=FF,TA=0/70/0,SP=N/F/N,Mem=1804MHz,Free=8389MB,PLS=0,Temp=20.2C/0.0C,TW=4.49ms,App=1.03ms,GD=0.00ms,CPU&GPU=12.60ms,LCnt=1(DR72,LM0),GPU%=0.40,CPU%=0.05(W0.05),DSF=1.00,CFL=17.89/21.57
12-30 20:01:20.940 28648 28674 W VrApi   : ovr_SubmitFrameInternal: FrameIndex discontinuity: Expected 25719, Received 25718
12-30 20:01:20.943 28648 28674 I VrApi   : ---------- vrapi_LeaveVrMode [start] ----------
12-30 20:01:20.946 28648 28674 D VrApi   : targetSDKVersion 29
12-30 20:01:20.952 28648 28780 I VrApi   : FPS=72/72,Prd=0ms,Tear=0,Early=0,Stale=1,VSnc=1,Lat=0,Fov=0,CPU4/GPU=2/2,1171/441MHz,OC=FF,TA=0/70/0,SP=N/F/N,Mem=2092MHz,Free=8389MB,PLS=0,Temp=20.2C/0.0C,TW=4.50ms,App=1.01ms,GD=0.00ms,CPU&GPU=12.61ms,LCnt=1(DR72,LM0),GPU%=0.40,CPU%=0.02(W0.05),DSF=1.00,CFL=17.78/22.53
12-30 20:01:20.967 28648 28674 I VrApi   : OVR::Stats thread stopped
12-30 20:01:20.986 28648 28674 I VrApi   : ---------- vrapi_LeaveVrMode [end] ----------
12-30 20:01:21.055  1977  2089 D VrApi   : targetSDKVersion 29
12-30 20:01:21.088  1977  2089 I VrApi   : OVR::Stats thread started
12-30 20:01:21.089  1977  6354 D VrApi   : targetSDKVersion 29
12-30 20:01:21.107  3230  3278 D VrApi   : targetSDKVersion 29
12-30 20:01:21.173  3230  3278 I VrApi   : OVR::Stats thread started
12-30 20:01:21.177  3230  6359 D VrApi   : targetSDKVersion 29
12-30 20:01:23.006  1977  6354 I VrApi   : FPS=79/90,Prd=25ms,Tear=0,Early=5,Stale=9,VSnc=0,Lat=-1,Fov=0,CPU4/GPU=2/3,2419/490MHz,OC=FF,TA=0/70/0,SP=N/F/N,Mem=2092MHz,Free=8440MB,PLS=0,Temp=20.2C/0.0C,TW=2.00ms,App=4.88ms,GD=0.31ms,CPU&GPU=7.98ms,LCnt=3(DR71,LM2),GPU%=0.72,CPU%=0.18(W0.20),DSF=1.00,CFL=16.80/21.76
12-30 20:01:23.154 28648 28674 I VrApi   : ------------ vrapi_DestroySystemVulkan -----------
12-30 20:01:23.157 28648 28674 I VrApi   : ------------ vrapi_Shutdown [start] -----------
12-30 20:01:23.157 28648 28674 W VrApi   : IsOvrValid: ovr == nullptr. Package: com.oculus.xrstreamingclient
12-30 20:01:23.169 28648 28674 I VrApi   : ------------ vrapi_Shutdown [end] -----------
12-30 20:01:24.001  1977  6354 I VrApi   : FPS=91/90,Prd=36ms,Tear=0,Early=85,Stale=0,VSnc=0,Lat=-1,Fov=0,CPU4/GPU=2/3,2419/490MHz,OC=FF,TA=0/70/0,SP=N/F/N,Mem=2092MHz,Free=8440MB,PLS=0,Temp=20.2C/0.0C,TW=1.99ms,App=4.79ms,GD=0.00ms,CPU&GPU=8.37ms,LCnt=3(DR0,LM2),GPU%=0.63,CPU%=0.15(W0.20),DSF=1.00,CFL=16.73/20.56
12-30 20:01:25.002  1977  6354 I VrApi   : FPS=90/90,Prd=31ms,Tear=0,Early=0,Stale=0,VSnc=0,Lat=-1,Fov=0,CPU4/GPU=2/3,2419/490MHz,OC=FF,TA=0/70/0,SP=N/F/N,Mem=2092MHz,Free=8440MB,PLS=0,Temp=20.2C/0.0C,TW=2.11ms,App=2.57ms,GD=0.00ms,CPU&GPU=7.39ms,LCnt=3(DR0,LM0),GPU%=0.69,CPU%=0.15(W0.17),DSF=1.00,CFL=16.84/20.70
12-30 20:01:26.002  1977  6354 I VrApi   : FPS=90/90,Prd=30ms,Tear=0,Early=0,Stale=0,VSnc=0,Lat=-1,Fov=0,CPU4/GPU=2/3,2419/490MHz,OC=FF,TA=0/70/0,SP=N/F/N,Mem=2092MHz,Free=8440MB,PLS=0,Temp=20.0C/0.0C,TW=1.75ms,App=4.38ms,GD=0.00ms,CPU&GPU=7.64ms,LCnt=3(DR0,LM0),GPU%=0.52,CPU%=0.12(W0.20),DSF=1.00,CFL=16.86/20.84
12-30 20:01:27.002  1977  6354 I VrApi   : FPS=90/90,Prd=28ms,Tear=0,Early=0,Stale=0,VSnc=0,Lat=-1,Fov=0,CPU4/GPU=2/3,1171/490MHz,OC=FF,TA=0/70/0,SP=N/F/N,Mem=2092MHz,Free=8440MB,PLS=0,Temp=20.0C/0.0C,TW=1.76ms,App=2.64ms,GD=0.00ms,CPU&GPU=7.20ms,LCnt=2(DR29,LM0),GPU%=0.37,CPU%=0.15(W0.25),DSF=1.00,CFL=16.84/20.64
12-30 20:01:28.002  1977  6354 I VrApi   : FPS=90/90,Prd=26ms,Tear=0,Early=0,Stale=0,VSnc=0,Lat=-1,Fov=0,CPU4/GPU=2/3,1171/490MHz,OC=FF,TA=0/70/0,SP=N/F/N,Mem=2092MHz,Free=8440MB,PLS=0,Temp=20.0C/0.0C,TW=1.76ms,App=2.12ms,GD=0.00ms,CPU&GPU=3.76ms,LCnt=2(DR0,LM0),GPU%=0.39,CPU%=0.12(W0.20),DSF=1.00,CFL=16.82/20.44
12-30 20:01:29.002  1977  6354 I VrApi   : FPS=90/90,Prd=24ms,Tear=0,Early=0,Stale=0,VSnc=0,Lat=-1,Fov=0,CPU4/GPU=2/3,1171/490MHz,OC=FF,TA=0/70/0,SP=N/F/N,Mem=2092MHz,Free=8440MB,PLS=0,Temp=20.0C/0.0C,TW=1.75ms,App=2.20ms,GD=0.00ms,CPU&GPU=3.90ms,LCnt=2(DR0,LM0),GPU%=0.39,CPU%=0.08(W0.20),DSF=1.00,CFL=16.89/21.05
12-30 20:01:30.002  1977  6354 I VrApi   : FPS=90/90,Prd=24ms,Tear=0,Early=0,Stale=0,VSnc=0,Lat=-1,Fov=0,CPU4/GPU=2/3,1171/490MHz,OC=FF,TA=0/70/0,SP=N/F/N,Mem=2092MHz,Free=8440MB,PLS=0,Temp=20.0C/0.0C,TW=2.24ms,App=2.44ms,GD=0.00ms,CPU&GPU=4.17ms,LCnt=3(DR0,LM2),GPU%=0.59,CPU%=0.24(W0.30),DSF=1.00,CFL=16.76/21.19
12-30 20:01:31.003  1977  6354 I VrApi   : FPS=90/90,Prd=24ms,Tear=0,Early=0,Stale=0,VSnc=0,Lat=-1,Fov=0,CPU4/GPU=2/3,1171/490MHz,OC=FF,TA=0/70/0,SP=N/F/N,Mem=2092MHz,Free=8440MB,PLS=0,Temp=20.0C/0.0C,TW=2.24ms,App=1.36ms,GD=0.00ms,CPU&GPU=3.34ms,LCnt=3(DR0,LM2),GPU%=0.46,CPU%=0.07(W0.15),DSF=1.00,CFL=16.83/20.61
12-30 20:01:32.002  1977  6354 I VrApi   : FPS=90/90,Prd=21ms,Tear=0,Early=0,Stale=0,VSnc=0,Lat=-1,Fov=0,CPU4/GPU=2/3,1171/490MHz,OC=FF,TA=0/70/0,SP=N/F/N,Mem=2092MHz,Free=8440MB,PLS=0,Temp=20.0C/0.0C,TW=2.24ms,App=1.01ms,GD=0.00ms,CPU&GPU=1.79ms,LCnt=3(DR0,LM2),GPU%=0.45,CPU%=0.08(W0.19),DSF=1.00,CFL=16.82/20.27
12-30 20:01:33.002  1977  6354 I VrApi   : FPS=90/90,Prd=21ms,Tear=0,Early=0,Stale=0,VSnc=0,Lat=-1,Fov=0,CPU4/GPU=2/3,1171/490MHz,OC=FF,TA=0/70/0,SP=N/F/N,Mem=2092MHz,Free=8440MB,PLS=0,Temp=20.0C/0.0C,TW=2.24ms,App=1.01ms,GD=0.00ms,CPU&GPU=1.78ms,LCnt=3(DR0,LM2),GPU%=0.45,CPU%=0.09(W0.15),DSF=1.00,CFL=16.72/20.33
12-30 20:01:34.003  1977  6354 I VrApi   : FPS=90/90,Prd=21ms,Tear=0,Early=0,Stale=0,VSnc=0,Lat=-1,Fov=0,CPU4/GPU=2/3,1171/490MHz,OC=FF,TA=0/70/0,SP=N/F/N,Mem=2092MHz,Free=8440MB,PLS=0,Temp=20.0C/0.0C,TW=2.24ms,App=1.02ms,GD=0.00ms,CPU&GPU=1.77ms,LCnt=3(DR0,LM2),GPU%=0.45,CPU%=0.12(W0.20),DSF=1.00,CFL=16.78/21.02
12-30 20:01:35.002  1977  6354 I VrApi   : FPS=90/90,Prd=21ms,Tear=0,Early=0,Stale=0,VSnc=0,Lat=-1,Fov=0,CPU4/GPU=2/3,1171/490MHz,OC=FF,TA=0/70/0,SP=N/F/N,Mem=2092MHz,Free=8440MB,PLS=0,Temp=20.0C/0.0C,TW=2.24ms,App=1.01ms,GD=0.00ms,CPU&GPU=1.77ms,LCnt=3(DR0,LM2),GPU%=0.44,CPU%=0.10(W0.15),DSF=1.00,CFL=16.87/20.90
12-30 20:01:36.002  1977  6354 I VrApi   : FPS=90/90,Prd=21ms,Tear=0,Early=0,Stale=0,VSnc=0,Lat=-1,Fov=0,CPU4/GPU=2/3,1171/490MHz,OC=FF,TA=0/70/0,SP=N/F/N,Mem=1555MHz,Free=8440MB,PLS=0,Temp=20.0C/0.0C,TW=2.25ms,App=1.10ms,GD=0.00ms,CPU&GPU=3.08ms,LCnt=3(DR0,LM2),GPU%=0.45,CPU%=0.12(W0.20),DSF=1.00,CFL=16.90/20.48
12-30 20:01:37.003  1977  6354 I VrApi   : FPS=90/90,Prd=22ms,Tear=0,Early=0,Stale=0,VSnc=0,Lat=-1,Fov=0,CPU4/GPU=2/3,1171/490MHz,OC=FF,TA=0/70/0,SP=N/F/N,Mem=1804MHz,Free=8440MB,PLS=0,Temp=20.0C/0.0C,TW=2.24ms,App=1.09ms,GD=0.00ms,CPU&GPU=3.31ms,LCnt=3(DR0,LM2),GPU%=0.45,CPU%=0.10(W0.15),DSF=1.00,CFL=16.72/20.86
12-30 20:01:38.003  1977  6354 I VrApi   : FPS=90/90,Prd=22ms,Tear=0,Early=0,Stale=0,VSnc=0,Lat=-1,Fov=0,CPU4/GPU=2/3,1171/490MHz,OC=FF,TA=0/70/0,SP=N/F/N,Mem=1804MHz,Free=8440MB,PLS=0,Temp=20.0C/0.0C,TW=2.24ms,App=1.09ms,GD=0.00ms,CPU&GPU=3.40ms,LCnt=3(DR0,LM2),GPU%=0.45,CPU%=0.13(W0.19),DSF=1.00,CFL=16.73/20.67
12-30 20:01:39.003  1977  6354 I VrApi   : FPS=90/90,Prd=22ms,Tear=0,Early=0,Stale=0,VSnc=0,Lat=-1,Fov=0,CPU4/GPU=2/3,1171/490MHz,OC=FF,TA=0/70/0,SP=N/F/N,Mem=1804MHz,Free=8440MB,PLS=0,Temp=20.0C/0.0C,TW=2.24ms,App=1.09ms,GD=0.00ms,CPU&GPU=3.30ms,LCnt=3(DR0,LM2),GPU%=0.45,CPU%=0.13(W0.19),DSF=1.00,CFL=16.78/20.18
12-30 20:01:40.003  1977  6354 I VrApi   : FPS=90/90,Prd=22ms,Tear=0,Early=0,Stale=0,VSnc=0,Lat=-1,Fov=0,CPU4/GPU=2/3,1171/490MHz,OC=FF,TA=0/70/0,SP=N/F/N,Mem=1804MHz,Free=8440MB,PLS=0,Temp=20.0C/0.0C,TW=2.24ms,App=1.10ms,GD=0.00ms,CPU&GPU=3.35ms,LCnt=3(DR0,LM2),GPU%=0.45,CPU%=0.05(W0.15),DSF=1.00,CFL=16.87/20.80
12-30 20:01:40.880  1977  2089 D VrApi   : targetSDKVersion 29
12-30 20:01:40.906  1977  6354 I VrApi   : FPS=90/90,Prd=22ms,Tear=0,Early=0,Stale=0,VSnc=0,Lat=-1,Fov=0,CPU4/GPU=2/3,1171/490MHz,OC=FF,TA=0/F/0,SP=N/F/N,Mem=1804MHz,Free=8440MB,PLS=0,Temp=20.0C/0.0C,TW=2.25ms,App=1.09ms,GD=0.00ms,CPU&GPU=3.34ms,LCnt=3(DR0,LM2),GPU%=0.45,CPU%=0.06(W0.19),DSF=1.00,CFL=16.83/20.55
12-30 20:01:40.912  1977  2089 I VrApi   : OVR::Stats thread stopped
12-30 20:01:40.986  3230  3278 D VrApi   : targetSDKVersion 29
12-30 20:01:41.012  3230  3278 I VrApi   : OVR::Stats thread stopped
