--------- beginning of system
--------- beginning of tracking
--------- beginning of main
12-30 19:53:07.004  1977 27372 I VrApi   : FPS=90/90,Prd=26ms,Tear=0,Early=0,Stale=0,VSnc=0,Lat=-1,Fov=0,CPU4/GPU=2/4,1171/525MHz,OC=FF,TA=0/70/0,SP=N/F/N,Mem=1804MHz,Free=8806MB,PLS=0,Temp=20.0C/0.0C,TW=2.84ms,App=1.17ms,GD=0.14ms,CPU&GPU=4.16ms,LCnt=4(DR0,LM2),GPU%=0.52,CPU%=0.15(W0.20),DSF=1.00,CFL=17.25/21.09
12-30 19:53:08.007  1977 27372 I VrApi   : FPS=90/90,Prd=26ms,Tear=0,Early=0,Stale=0,VSnc=0,Lat=-1,Fov=0,CPU4/GPU=2/3,1171/525MHz,OC=FF,TA=0/70/0,SP=N/F/N,Mem=2092MHz,Free=8806MB,PLS=0,Temp=20.0C/0.0C,TW=2.90ms,App=1.54ms,GD=0.13ms,CPU&GPU=6.87ms,LCnt=4(DR0,LM2),GPU%=0.56,CPU%=0.20(W0.24),DSF=1.00,CFL=17.34/21.41
12-30 19:53:15.005  1977 27372 I VrApi   : FPS=89/90,Prd=29ms,Tear=0,Early=0,Stale=1,VSnc=0,Lat=-1,Fov=0,CPU4/GPU=2/4,2419/525MHz,OC=FF,TA=0/70/0,SP=N/F/N,Mem=2092MHz,Free=8806MB,PLS=0,Temp=20.0C/0.0C,TW=2.10ms,App=5.40ms,GD=0.94ms,CPU&GPU=9.35ms,LCnt=5(DR0,LM2),GPU%=0.79,CPU%=0.16(W0.21),DSF=1.00,CFL=17.41/20.94
12-30 19:53:16.005  1977 27372 I VrApi   : FPS=90/90,Prd=29ms,Tear=0,Early=0,Stale=0,VSnc=0,Lat=-1,Fov=0,CPU4/GPU=2/4,2419/525MHz,OC=FF,TA=0/70/0,SP=N/F/N,Mem=2092MHz,Free=8806MB,PLS=0,Temp=20.0C/0.0C,TW=2.11ms,App=4.43ms,GD=0.95ms,CPU&GPU=9.80ms,LCnt=5(DR0,LM2),GPU%=0.82,CPU%=0.32(W0.40),DSF=1.00,CFL=17.29/20.85
12-30 19:53:17.004  1977 27372 I VrApi   : FPS=90/90,Prd=29ms,Tear=0,Early=0,Stale=0,VSnc=0,Lat=-1,Fov=0,CPU4/GPU=2/4,2419/525MHz,OC=FF,TA=0/70/0,SP=N/F/N,Mem=2092MHz,Free=8806MB,PLS=0,Temp=20.0C/0.0C,TW=2.09ms,App=4.70ms,GD=0.95ms,CPU&GPU=9.42ms,LCnt=5(DR0,LM2),GPU%=0.83,CPU%=0.28(W0.33),DSF=1.00,CFL=17.24/21.04
12-30 19:53:18.005  1977 27372 I VrApi   : FPS=90/90,Prd=29ms,Tear=0,Early=0,Stale=0,VSnc=0,Lat=-1,Fov=0,CPU4/GPU=2/4,2419/525MHz,OC=FF,TA=0/70/0,SP=N/F/N,Mem=2092MHz,Free=8806MB,PLS=0,Temp=20.0C/0.0C,TW=2.24ms,App=5.44ms,GD=0.95ms,CPU&GPU=9.56ms,LCnt=6(DR0,LM3),GPU%=0.80,CPU%=0.17(W0.20),DSF=1.00,CFL=17.21/20.97
12-30 19:53:19.005  1977 27372 I VrApi   : FPS=90/90,Prd=29ms,Tear=0,Early=0,Stale=0,VSnc=0,Lat=-1,Fov=0,CPU4/GPU=2/4,1171/525MHz,OC=FF,TA=0/70/0,SP=N/F/N,Mem=2092MHz,Free=8806MB,PLS=0,Temp=20.0C/0.0C,TW=2.21ms,App=5.31ms,GD=0.91ms,CPU&GPU=9.40ms,LCnt=5(DR0,LM2),GPU%=0.79,CPU%=0.21(W0.24),DSF=1.00,CFL=17.12/20.78
12-30 19:53:20.005  1977 27372 I VrApi   : FPS=90/90,Prd=29ms,Tear=0,Early=0,Stale=0,VSnc=0,Lat=-1,Fov=0,CPU4/GPU=2/4,1171/525MHz,OC=FF,TA=0/70/0,SP=N/F/N,Mem=2092MHz,Free=8806MB,PLS=0,Temp=20.0C/0.0C,TW=2.26ms,App=4.10ms,GD=0.31ms,CPU&GPU=9.59ms,LCnt=5(DR0,LM2),GPU%=0.80,CPU%=0.35(W0.39),DSF=1.00,CFL=17.26/21.47
12-30 19:53:21.005  1977 27372 I VrApi   : FPS=90/90,Prd=29ms,Tear=0,Early=0,Stale=0,VSnc=0,Lat=-1,Fov=0,CPU4/GPU=2/4,1171/525MHz,OC=FF,TA=0/70/0,SP=N/F/N,Mem=2092MHz,Free=8806MB,PLS=0,Temp=20.0C/0.0C,TW=2.23ms,App=4.03ms,GD=0.68ms,CPU&GPU=9.93ms,LCnt=5(DR0,LM2),GPU%=0.82,CPU%=0.37(W0.45),DSF=1.00,CFL=17.20/21.21
12-30 19:53:22.005  1977 27372 I VrApi   : FPS=90/90,Prd=29ms,Tear=0,Early=0,Stale=0,VSnc=0,Lat=-1,Fov=0,CPU4/GPU=2/4,1171/525MHz,OC=FF,TA=0/70/0,SP=N/F/N,Mem=2092MHz,Free=8806MB,PLS=0,Temp=20.0C/0.0C,TW=2.25ms,App=4.24ms,GD=0.61ms,CPU&GPU=9.80ms,LCnt=5(DR0,LM2),GPU%=0.81,CPU%=0.34(W0.45),DSF=1.00,CFL=17.12/21.44
12-30 19:53:23.006  1977 27372 I VrApi   : FPS=90/90,Prd=29ms,Tear=0,Early=0,Stale=0,VSnc=0,Lat=-1,Fov=0,CPU4/GPU=2/4,1171/525MHz,OC=FF,TA=0/70/0,SP=N/F/N,Mem=2092MHz,Free=8806MB,PLS=0,Temp=20.0C/0.0C,TW=2.25ms,App=4.06ms,GD=0.57ms,CPU&GPU=9.63ms,LCnt=5(DR0,LM2),GPU%=0.83,CPU%=0.37(W0.47),DSF=1.00,CFL=17.32/21.03
12-30 19:53:24.007  1977 27372 I VrApi   : FPS=90/90,Prd=29ms,Tear=0,Early=0,Stale=0,VSnc=0,Lat=-1,Fov=0,CPU4/GPU=2/4,1171/525MHz,OC=FF,TA=0/70/0,SP=N/F/N,Mem=2092MHz,Free=8806MB,PLS=0,Temp=20.0C/0.0C,TW=2.26ms,App=3.75ms,GD=0.60ms,CPU&GPU=9.70ms,LCnt=5(DR0,LM2),GPU%=0.82,CPU%=0.36(W0.41),DSF=1.00,CFL=17.04/21.06
12-30 19:53:25.005  1977 27372 I VrApi   : FPS=90/90,Prd=29ms,Tear=0,Early=0,Stale=0,VSnc=0,Lat=-1,Fov=0,CPU4/GPU=2/4,1171/525MHz,OC=FF,TA=0/70/0,SP=N/F/N,Mem=2092MHz,Free=8806MB,PLS=0,Temp=20.2C/0.0C,TW=2.25ms,App=3.89ms,GD=0.53ms,CPU&GPU=9.88ms,LCnt=5(DR0,LM2),GPU%=0.83,CPU%=0.38(W0.41),DSF=1.00,CFL=17.17/20.66
12-30 19:53:26.013  1977 27372 I VrApi   : FPS=90/90,Prd=29ms,Tear=0,Early=0,Stale=0,VSnc=0,Lat=-1,Fov=0,CPU4/GPU=2/4,1171/525MHz,OC=FF,TA=0/70/0,SP=N/F/N,Mem=2092MHz,Free=8901MB,PLS=0,Temp=20.2C/0.0C,TW=2.26ms,App=4.00ms,GD=0.45ms,CPU&GPU=9.75ms,LCnt=5(DR0,LM2),GPU%=0.81,CPU%=0.36(W0.38),DSF=1.00,CFL=17.28/20.83
12-30 19:53:27.006  1977 27372 I VrApi   : FPS=90/90,Prd=29ms,Tear=0,Early=0,Stale=0,VSnc=0,Lat=-1,Fov=0,CPU4/GPU=2/4,1171/525MHz,OC=FF,TA=0/70/0,SP=N/F/N,Mem=2092MHz,Free=8901MB,PLS=0,Temp=20.2C/0.0C,TW=2.54ms,App=5.07ms,GD=0.14ms,CPU&GPU=10.68ms,LCnt=6(DR0,LM3),GPU%=0.85,CPU%=0.28(W0.39),DSF=1.00,CFL=17.27/20.65
12-30 19:53:28.007  1977 27372 I VrApi   : FPS=90/90,Prd=30ms,Tear=0,Early=0,Stale=0,VSnc=0,Lat=-1,Fov=0,CPU4/GPU=2/4,1171/525MHz,OC=FF,TA=0/70/0,SP=N/F/N,Mem=2092MHz,Free=8901MB,PLS=0,Temp=20.2C/0.0C,TW=2.13ms,App=5.23ms,GD=0.14ms,CPU&GPU=10.63ms,LCnt=4(DR0,LM3),GPU%=0.85,CPU%=0.25(W0.36),DSF=1.00,CFL=17.31/20.89
12-30 19:53:29.006  1977 27372 I VrApi   : FPS=90/90,Prd=29ms,Tear=0,Early=0,Stale=0,VSnc=0,Lat=-1,Fov=0,CPU4/GPU=2/4,1171/525MHz,OC=FF,TA=0/70/0,SP=N/F/N,Mem=2092MHz,Free=8901MB,PLS=0,Temp=20.2C/0.0C,TW=2.12ms,App=5.62ms,GD=0.14ms,CPU&GPU=10.65ms,LCnt=4(DR0,LM3),GPU%=0.86,CPU%=0.28(W0.30),DSF=1.00,CFL=17.24/20.64
12-30 19:53:30.006  1977 27372 I VrApi   : FPS=90/90,Prd=29ms,Tear=0,Early=0,Stale=0,VSnc=0,Lat=-1,Fov=0,CPU4/GPU=2/4,1171/525MHz,OC=FF,TA=0/70/0,SP=N/F/N,Mem=2092MHz,Free=8901MB,PLS=0,Temp=20.2C/0.0C,TW=2.45ms,App=4.85ms,GD=0.13ms,CPU&GPU=10.59ms,LCnt=6(DR0,LM3),GPU%=0.85,CPU%=0.25(W0.29),DSF=1.00,CFL=17.17/20.86
12-30 19:53:31.006  1977 27372 I VrApi   : FPS=90/90,Prd=30ms,Tear=0,Early=0,Stale=1,VSnc=0,Lat=-1,Fov=0,CPU4/GPU=2/4,1171/525MHz,OC=FF,TA=0/70/0,SP=N/F/N,Mem=1555MHz,Free=8901MB,PLS=0,Temp=20.2C/0.0C,TW=2.28ms,App=4.42ms,GD=0.43ms,CPU&GPU=9.49ms,LCnt=5(DR0,LM2),GPU%=0.79,CPU%=0.40(W0.45),DSF=1.00,CFL=17.20/21.12
12-30 19:53:32.007  1977 27372 I VrApi   : FPS=90/90,Prd=29ms,Tear=0,Early=0,Stale=0,VSnc=0,Lat=-1,Fov=0,CPU4/GPU=2/4,1171/525MHz,OC=FF,TA=0/70/0,SP=N/F/N,Mem=2092MHz,Free=8901MB,PLS=0,Temp=20.2C/0.0C,TW=2.29ms,App=2.91ms,GD=0.16ms,CPU&GPU=9.32ms,LCnt=5(DR0,LM2),GPU%=0.78,CPU%=0.34(W0.40),DSF=1.00,CFL=17.19/20.78
12-30 19:53:33.007  1977 27372 I VrApi   : FPS=90/90,Prd=29ms,Tear=0,Early=0,Stale=0,VSnc=0,Lat=-1,Fov=0,CPU4/GPU=2/4,1171/525MHz,OC=FF,TA=0/70/0,SP=N/F/N,Mem=1804MHz,Free=8901MB,PLS=0,Temp=20.2C/0.0C,TW=2.28ms,App=3.97ms,GD=0.16ms,CPU&GPU=9.25ms,LCnt=5(DR0,LM2),GPU%=0.76,CPU%=0.36(W0.38),DSF=1.00,CFL=17.25/20.58
12-30 19:53:34.006  1977 27372 I VrApi   : FPS=90/90,Prd=29ms,Tear=0,Early=0,Stale=0,VSnc=0,Lat=-1,Fov=0,CPU4/GPU=2/4,1171/525MHz,OC=FF,TA=0/70/0,SP=N/F/N,Mem=2092MHz,Free=8901MB,PLS=0,Temp=20.2C/0.0C,TW=2.27ms,App=4.63ms,GD=0.15ms,CPU&GPU=9.16ms,LCnt=5(DR0,LM2),GPU%=0.72,CPU%=0.25(W0.32),DSF=1.00,CFL=17.25/21.62
12-30 19:53:35.007  1977 27372 I VrApi   : FPS=89/90,Prd=29ms,Tear=0,Early=0,Stale=1,VSnc=0,Lat=-1,Fov=0,CPU4/GPU=2/4,1171/525MHz,OC=FF,TA=0/70/0,SP=N/F/N,Mem=2092MHz,Free=8901MB,PLS=0,Temp=20.0C/0.0C,TW=2.25ms,App=4.50ms,GD=0.16ms,CPU&GPU=9.19ms,LCnt=5(DR0,LM2),GPU%=0.71,CPU%=0.51(W0.60),DSF=1.00,CFL=17.28/20.84
12-30 19:53:36.007  1977 27372 I VrApi   : FPS=90/90,Prd=29ms,Tear=0,Early=0,Stale=0,VSnc=0,Lat=-1,Fov=0,CPU4/GPU=2/4,1171/525MHz,OC=FF,TA=0/70/0,SP=N/F/N,Mem=2092MHz,Free=8901MB,PLS=0,Temp=20.0C/0.0C,TW=2.39ms,App=5.17ms,GD=0.16ms,CPU&GPU=10.22ms,LCnt=6(DR0,LM3),GPU%=0.79,CPU%=0.24(W0.30),DSF=1.00,CFL=17.21/21.36
12-30 19:53:37.006  1977 27372 I VrApi   : FPS=90/90,Prd=29ms,Tear=0,Early=0,Stale=0,VSnc=0,Lat=-1,Fov=0,CPU4/GPU=2/4,1171/525MHz,OC=FF,TA=0/70/0,SP=N/F/N,Mem=2092MHz,Free=8901MB,PLS=0,Temp=20.0C/0.0C,TW=2.19ms,App=4.06ms,GD=0.17ms,CPU&GPU=9.52ms,LCnt=5(DR0,LM2),GPU%=0.77,CPU%=0.34(W0.41),DSF=1.00,CFL=17.08/20.60
12-30 19:53:38.007  1977 27372 I VrApi   : FPS=90/90,Prd=29ms,Tear=0,Early=0,Stale=0,VSnc=0,Lat=-1,Fov=0,CPU4/GPU=2/4,1171/525MHz,OC=FF,TA=0/70/0,SP=N/F/N,Mem=2092MHz,Free=8901MB,PLS=0,Temp=20.0C/0.0C,TW=2.18ms,App=5.39ms,GD=0.24ms,CPU&GPU=9.31ms,LCnt=5(DR0,LM2),GPU%=0.73,CPU%=0.25(W0.32),DSF=1.00,CFL=17.16/20.73
12-30 19:53:39.006  1977 27372 I VrApi   : FPS=90/90,Prd=29ms,Tear=0,Early=0,Stale=0,VSnc=0,Lat=-1,Fov=0,CPU4/GPU=2/4,1171/525MHz,OC=FF,TA=0/70/0,SP=N/F/N,Mem=2092MHz,Free=8901MB,PLS=0,Temp=20.0C/0.0C,TW=2.19ms,App=5.39ms,GD=0.17ms,CPU&GPU=9.38ms,LCnt=5(DR0,LM2),GPU%=0.73,CPU%=0.18(W0.22),DSF=1.00,CFL=17.17/20.98
12-30 19:53:40.008  1977 27372 I VrApi   : FPS=90/90,Prd=29ms,Tear=0,Early=0,Stale=0,VSnc=0,Lat=-1,Fov=0,CPU4/GPU=2/4,1171/525MHz,OC=FF,TA=0/70/0,SP=N/F/N,Mem=2092MHz,Free=8901MB,PLS=0,Temp=20.0C/0.0C,TW=2.19ms,App=5.55ms,GD=0.17ms,CPU&GPU=9.42ms,LCnt=5(DR0,LM2),GPU%=0.74,CPU%=0.22(W0.33),DSF=1.00,CFL=17.26/20.85
12-30 19:53:41.007  1977 27372 I VrApi   : FPS=90/90,Prd=29ms,Tear=0,Early=0,Stale=0,VSnc=0,Lat=-1,Fov=0,CPU4/GPU=2/4,1171/525MHz,OC=FF,TA=0/70/0,SP=N/F/N,Mem=2092MHz,Free=8901MB,PLS=0,Temp=20.0C/0.0C,TW=2.19ms,App=5.33ms,GD=0.16ms,CPU&GPU=9.45ms,LCnt=5(DR0,LM2),GPU%=0.76,CPU%=0.28(W0.35),DSF=1.00,CFL=17.17/20.56
12-30 19:53:42.007  1977 27372 I VrApi   : FPS=90/90,Prd=28ms,Tear=0,Early=0,Stale=0,VSnc=0,Lat=-1,Fov=0,CPU4/GPU=2/4,1171/525MHz,OC=FF,TA=0/70/0,SP=N/F/N,Mem=2092MHz,Free=8901MB,PLS=0,Temp=20.0C/0.0C,TW=2.19ms,App=5.51ms,GD=0.16ms,CPU&GPU=9.40ms,LCnt=5(DR0,LM2),GPU%=0.74,CPU%=0.23(W0.32),DSF=1.00,CFL=17.12/21.08
12-30 19:53:43.007  1977 27372 I VrApi   : FPS=90/90,Prd=29ms,Tear=0,Early=0,Stale=0,VSnc=0,Lat=-1,Fov=0,CPU4/GPU=2/3,1171/490MHz,OC=FF,TA=0/70/0,SP=N/F/N,Mem=2092MHz,Free=8901MB,PLS=0,Temp=20.2C/0.0C,TW=2.34ms,App=5.67ms,GD=0.18ms,CPU&GPU=9.66ms,LCnt=5(DR0,LM2),GPU%=0.77,CPU%=0.23(W0.30),DSF=1.00,CFL=17.08/21.38
12-30 19:53:44.007  1977 27372 I VrApi   : FPS=90/90,Prd=29ms,Tear=0,Early=0,Stale=0,VSnc=0,Lat=-1,Fov=0,CPU4/GPU=2/3,1171/490MHz,OC=FF,TA=0/70/0,SP=N/F/N,Mem=2092MHz,Free=8901MB,PLS=0,Temp=20.2C/0.0C,TW=2.34ms,App=5.19ms,GD=0.25ms,CPU&GPU=9.98ms,LCnt=5(DR0,LM2),GPU%=0.78,CPU%=0.24(W0.36),DSF=1.00,CFL=17.25/20.80
12-30 19:53:45.008  1977 27372 I VrApi   : FPS=90/90,Prd=29ms,Tear=0,Early=0,Stale=0,VSnc=0,Lat=-1,Fov=0,CPU4/GPU=2/3,1171/490MHz,OC=FF,TA=0/70/0,SP=N/F/N,Mem=2092MHz,Free=8901MB,PLS=0,Temp=20.2C/0.0C,TW=2.37ms,App=5.51ms,GD=0.19ms,CPU&GPU=9.75ms,LCnt=5(DR0,LM2),GPU%=0.77,CPU%=0.28(W0.38),DSF=1.00,CFL=17.32/21.33
12-30 19:53:59.008  1977 27372 I VrApi   : FPS=90/90,Prd=26ms,Tear=0,Early=0,Stale=0,VSnc=0,Lat=-1,Fov=0,CPU4/GPU=2/3,2419/490MHz,OC=FF,TA=0/70/0,SP=N/F/N,Mem=2092MHz,Free=8922MB,PLS=0,Temp=20.2C/0.0C,TW=3.33ms,App=1.34ms,GD=0.12ms,CPU&GPU=4.81ms,LCnt=5(DR0,LM2),GPU%=0.59,CPU%=0.14(W0.16),DSF=1.00,CFL=17.20/20.80
12-30 19:54:00.010  1977 27372 I VrApi   : FPS=90/90,Prd=25ms,Tear=0,Early=0,Stale=0,VSnc=0,Lat=-1,Fov=0,CPU4/GPU=2/3,1171/490MHz,OC=FF,TA=0/70/0,SP=N/F/N,Mem=1804MHz,Free=8922MB,PLS=0,Temp=20.2C/0.0C,TW=3.33ms,App=1.32ms,GD=0.12ms,CPU&GPU=4.77ms,LCnt=5(DR0,LM2),GPU%=0.59,CPU%=0.16(W0.18),DSF=1.00,CFL=17.17/20.80
12-30 19:54:01.009  1977 27372 I VrApi   : FPS=90/90,Prd=25ms,Tear=0,Early=0,Stale=0,VSnc=0,Lat=-1,Fov=0,CPU4/GPU=2/3,1171/490MHz,OC=FF,TA=0/70/0,SP=N/F/N,Mem=1804MHz,Free=8922MB,PLS=0,Temp=20.2C/0.0C,TW=3.33ms,App=1.33ms,GD=0.12ms,CPU&GPU=7.25ms,LCnt=5(DR0,LM2),GPU%=0.59,CPU%=0.22(W0.25),DSF=1.00,CFL=17.27/21.06
12-30 19:54:02.009  1977 27372 I VrApi   : FPS=90/90,Prd=27ms,Tear=0,Early=0,Stale=0,VSnc=0,Lat=-1,Fov=0,CPU4/GPU=2/3,1171/490MHz,OC=FF,TA=0/70/0,SP=N/F/N,Mem=2092MHz,Free=8922MB,PLS=0,Temp=20.2C/0.0C,TW=3.33ms,App=1.48ms,GD=0.12ms,CPU&GPU=7.52ms,LCnt=5(DR0,LM2),GPU%=0.61,CPU%=0.20(W0.25),DSF=1.00,CFL=17.16/20.56
12-30 19:54:03.009  1977 27372 I VrApi   : FPS=90/90,Prd=27ms,Tear=0,Early=0,Stale=0,VSnc=0,Lat=-1,Fov=0,CPU4/GPU=2/3,1171/490MHz,OC=FF,TA=0/70/0,SP=N/F/N,Mem=2092MHz,Free=8922MB,PLS=0,Temp=20.2C/0.0C,TW=3.32ms,App=1.51ms,GD=0.12ms,CPU&GPU=7.48ms,LCnt=5(DR0,LM2),GPU%=0.61,CPU%=0.25(W0.25),DSF=1.00,CFL=17.12/20.55
12-30 19:54:04.010  1977 27372 I VrApi   : FPS=90/90,Prd=27ms,Tear=0,Early=0,Stale=1,VSnc=0,Lat=-1,Fov=0,CPU4/GPU=2/3,1171/490MHz,OC=FF,TA=0/70/0,SP=N/F/N,Mem=2092MHz,Free=8922MB,PLS=0,Temp=20.2C/0.0C,TW=3.14ms,App=1.72ms,GD=0.15ms,CPU&GPU=7.48ms,LCnt=5(DR0,LM2),GPU%=0.62,CPU%=0.18(W0.29),DSF=1.00,CFL=17.08/20.64
12-30 19:54:05.009  1977 27372 I VrApi   : FPS=89/90,Prd=27ms,Tear=0,Early=0,Stale=1,VSnc=0,Lat=-1,Fov=0,CPU4/GPU=2/3,1171/490MHz,OC=FF,TA=0/70/0,SP=N/F/N,Mem=2092MHz,Free=8922MB,PLS=0,Temp=20.0C/0.0C,TW=2.32ms,App=4.57ms,GD=0.32ms,CPU&GPU=7.79ms,LCnt=5(DR0,LM3),GPU%=0.80,CPU%=0.17(W0.25),DSF=1.00,CFL=17.26/20.67
12-30 19:54:05.304  1977  2089 D VrApi   : targetSDKVersion 29
12-30 19:54:05.314  1977 27372 I VrApi   : FPS=89/90,Prd=27ms,Tear=0,Early=0,Stale=1,VSnc=0,Lat=-1,Fov=0,CPU4/GPU=2/3,1171/490MHz,OC=FF,TA=0/F/0,SP=N/F/N,Mem=2092MHz,Free=8922MB,PLS=0,Temp=20.0C/0.0C,TW=2.32ms,App=4.57ms,GD=0.32ms,CPU&GPU=7.79ms,LCnt=5(DR0,LM3),GPU%=0.80,CPU%=0.17(W0.25),DSF=1.00,CFL=17.26/20.67
12-30 19:54:05.320  1977  2089 I VrApi   : OVR::Stats thread stopped
12-30 19:54:05.393  3230  3278 D VrApi   : targetSDKVersion 29
12-30 19:54:05.414  3230  3278 I VrApi   : OVR::Stats thread stopped
12-30 19:54:06.813  1977  2089 D VrApi   : targetSDKVersion 29
12-30 19:54:06.820  3230  3278 D VrApi   : targetSDKVersion 29
12-30 19:54:06.842  3230  3278 I VrApi   : OVR::Stats thread started
12-30 19:54:06.843  3230 28223 D VrApi   : targetSDKVersion 29
12-30 19:54:06.850  1977  2089 I VrApi   : OVR::Stats thread started
12-30 19:54:06.851  1977 28228 D VrApi   : targetSDKVersion 29
12-30 19:54:08.007  1977 28228 I VrApi   : FPS=52/90,Prd=29ms,Tear=0,Early=0,Stale=0,VSnc=0,Lat=-1,Fov=0,CPU4/GPU=2/3,2419/490MHz,OC=FF,TA=0/70/0,SP=N/F/N,Mem=2092MHz,Free=8839MB,PLS=0,Temp=20.0C/0.0C,TW=1.91ms,App=4.04ms,GD=0.00ms,CPU&GPU=0.00ms,LCnt=1(DR0,LM0),GPU%=0.61,CPU%=0.31(W0.44),DSF=1.00,CFL=-1000.00/-1000.00
12-30 19:54:09.003  1977 28228 I VrApi   : FPS=45/90,Prd=33ms,Tear=0,Early=24,Stale=11,VSnc=0,Lat=-1,Fov=0,CPU4/GPU=2/3,2419/490MHz,OC=FF,TA=0/70/0,SP=N/F/N,Mem=2092MHz,Free=8839MB,PLS=0,Temp=20.0C/0.0C,TW=2.34ms,App=5.18ms,GD=0.00ms,CPU&GPU=7.73ms,LCnt=3(DR1,LM0),GPU%=0.70,CPU%=0.16(W0.20),DSF=1.00,CFL=17.26/29.91
12-30 19:54:10.003  1977 28228 I VrApi   : FPS=90/90,Prd=34ms,Tear=0,Early=81,Stale=0,VSnc=0,Lat=-1,Fov=0,CPU4/GPU=2/3,2419/490MHz,OC=FF,TA=0/70/0,SP=N/F/N,Mem=2092MHz,Free=8839MB,PLS=0,Temp=20.0C/0.0C,TW=2.29ms,App=4.74ms,GD=0.23ms,CPU&GPU=9.59ms,LCnt=4(DR0,LM3),GPU%=0.80,CPU%=0.17(W0.25),DSF=1.00,CFL=17.26/20.63
12-30 19:54:11.002  1977 28228 I VrApi   : FPS=90/90,Prd=34ms,Tear=0,Early=13,Stale=0,VSnc=0,Lat=-1,Fov=0,CPU4/GPU=2/3,2419/490MHz,OC=FF,TA=0/70/0,SP=N/F/N,Mem=2092MHz,Free=8839MB,PLS=0,Temp=20.0C/0.0C,TW=1.97ms,App=4.97ms,GD=0.53ms,CPU&GPU=7.77ms,LCnt=3(DR0,LM2),GPU%=0.69,CPU%=0.22(W0.30),DSF=1.00,CFL=17.14/21.29
12-30 19:54:12.002  1977 28228 I VrApi   : FPS=90/90,Prd=30ms,Tear=0,Early=0,Stale=0,VSnc=0,Lat=-1,Fov=0,CPU4/GPU=2/3,2419/490MHz,OC=FF,TA=0/70/0,SP=N/F/N,Mem=2092MHz,Free=8839MB,PLS=0,Temp=20.0C/0.0C,TW=2.24ms,App=4.57ms,GD=0.52ms,CPU&GPU=8.10ms,LCnt=4(DR0,LM3),GPU%=0.82,CPU%=0.19(W0.27),DSF=1.00,CFL=17.16/20.70
12-30 19:54:13.002  1977 28228 I VrApi   : FPS=90/90,Prd=30ms,Tear=0,Early=0,Stale=0,VSnc=0,Lat=-1,Fov=0,CPU4/GPU=2/3,1171/490MHz,OC=FF,TA=0/70/0,SP=N/F/N,Mem=1555MHz,Free=8839MB,PLS=0,Temp=20.0C/0.0C,TW=1.99ms,App=4.59ms,GD=0.40ms,CPU&GPU=8.65ms,LCnt=4(DR0,LM3),GPU%=0.65,CPU%=0.21(W0.32),DSF=1.00,CFL=17.14/21.08
12-30 19:54:14.002  1977 28228 I VrApi   : FPS=90/90,Prd=30ms,Tear=0,Early=0,Stale=0,VSnc=0,Lat=-1,Fov=0,CPU4/GPU=2/3,1171/490MHz,OC=FF,TA=0/70/0,SP=N/F/N,Mem=1804MHz,Free=8839MB,PLS=0,Temp=20.0C/0.0C,TW=1.14ms,App=5.29ms,GD=0.32ms,CPU&GPU=8.18ms,LCnt=2(DR27,LM2),GPU%=0.65,CPU%=0.22(W0.32),DSF=1.00,CFL=17.11/20.63
12-30 19:54:15.003  1977 28228 I VrApi   : FPS=90/90,Prd=29ms,Tear=0,Early=0,Stale=0,VSnc=0,Lat=-1,Fov=0,CPU4/GPU=2/3,1171/490MHz,OC=FF,TA=0/70/0,SP=N/F/N,Mem=2092MHz,Free=8839MB,PLS=0,Temp=20.2C/0.0C,TW=0.81ms,App=5.05ms,GD=0.00ms,CPU&GPU=8.19ms,LCnt=1(DR90,LM0),GPU%=0.55,CPU%=0.21(W0.30),DSF=1.00,CFL=17.18/20.64
12-30 19:54:16.003  1977 28228 I VrApi   : FPS=90/90,Prd=28ms,Tear=0,Early=0,Stale=1,VSnc=0,Lat=-1,Fov=0,CPU4/GPU=2/3,1171/490MHz,OC=FF,TA=0/70/0,SP=N/F/N,Mem=2092MHz,Free=8839MB,PLS=0,Temp=20.2C/0.0C,TW=1.96ms,App=5.24ms,GD=0.33ms,CPU&GPU=7.46ms,LCnt=2(DR86,LM0),GPU%=0.70,CPU%=0.17(W0.25),DSF=1.00,CFL=17.13/20.75
12-30 19:54:17.002  1977 28228 I VrApi   : FPS=89/90,Prd=28ms,Tear=0,Early=0,Stale=0,VSnc=0,Lat=-1,Fov=0,CPU4/GPU=2/3,2419/490MHz,OC=FF,TA=0/70/0,SP=N/F/N,Mem=2092MHz,Free=8839MB,PLS=0,Temp=20.2C/0.0C,TW=2.01ms,App=5.22ms,GD=0.24ms,CPU&GPU=9.03ms,LCnt=3(DR0,LM2),GPU%=0.69,CPU%=0.18(W0.21),DSF=1.00,CFL=17.03/21.23
12-30 19:54:18.003  1977 28228 I VrApi   : FPS=83/90,Prd=29ms,Tear=0,Early=0,Stale=7,VSnc=0,Lat=-1,Fov=0,CPU4/GPU=2/3,2419/490MHz,OC=FF,TA=0/70/0,SP=N/F/N,Mem=2092MHz,Free=8839MB,PLS=0,Temp=20.2C/0.0C,TW=2.53ms,App=5.64ms,GD=0.00ms,CPU&GPU=9.51ms,LCnt=4(DR0,LM0),GPU%=0.75,CPU%=0.30(W0.42),DSF=1.00,CFL=17.09/20.48
12-30 19:54:19.002  1977 28228 I VrApi   : FPS=90/90,Prd=32ms,Tear=0,Early=72,Stale=1,VSnc=0,Lat=-1,Fov=0,CPU4/GPU=2/3,2419/490MHz,OC=FF,TA=0/70/0,SP=N/F/N,Mem=2092MHz,Free=8839MB,PLS=0,Temp=20.2C/0.0C,TW=2.11ms,App=5.44ms,GD=0.00ms,CPU&GPU=8.70ms,LCnt=2(DR0,LM0),GPU%=0.71,CPU%=0.17(W0.24),DSF=1.00,CFL=17.28/21.28
12-30 19:54:19.156  1977  2089 D VrApi   : targetSDKVersion 29
12-30 19:54:19.176  1977 28228 I VrApi   : FPS=90/90,Prd=32ms,Tear=0,Early=72,Stale=1,VSnc=0,Lat=-1,Fov=0,CPU4/GPU=2/3,2419/490MHz,OC=FF,TA=0/F/0,SP=N/F/N,Mem=2092MHz,Free=8839MB,PLS=0,Temp=20.2C/0.0C,TW=2.11ms,App=5.44ms,GD=0.00ms,CPU&GPU=8.70ms,LCnt=2(DR0,LM0),GPU%=0.71,CPU%=0.17(W0.24),DSF=1.00,CFL=17.28/21.28
12-30 19:54:19.177  1977  2089 I VrApi   : OVR::Stats thread stopped
12-30 19:54:19.307 28648 28674 I VrApi   : ----------- vrapi_Initialize [start] ----------
12-30 19:54:19.322 28648 28674 I VrApi   : Client type: 0 flags: 0x0 placement: 0
12-30 19:54:19.453 28648 28674 I VrApi   : vrapi_Initialize: Connected to VrRuntimeService after 0.130715s
12-30 19:54:19.496 28648 28674 I VrApi   : SkipPushFinalBlack=1
12-30 19:54:19.496 28648 28674 D VrApi   : isActivityFocusAware context = com.oculus.xrstreamingclient.MainActivity@c01680d
12-30 19:54:19.497 28648 28674 D VrApi   : isSystemApp = true for com.oculus.xrstreamingclient
12-30 19:54:19.497 28648 28674 I VrApi   : isActivityFocusAware = 0
12-30 19:54:19.497 28648 28674 I VrApi   : Client-driven display vsync: enabled
12-30 19:54:19.529 28648 28674 I VrApi   : ----------- vrapi_Initialize [end] ----------
12-30 19:54:19.537 28648 28674 I VrApi   : ------------ vrapi_CreateSystemVulkan -----------
12-30 19:54:19.695  3230  3278 D VrApi   : targetSDKVersion 29
12-30 19:54:19.721  3230  3278 I VrApi   : OVR::Stats thread stopped
12-30 19:54:19.796  2600  2600 I VrApi   : ----------- vrapi_Initialize [start] ----------
12-30 19:54:19.800  2600  2600 I VrApi   : Client type: 0 flags: 0x0 placement: 0
12-30 19:54:19.914  2600  2600 I VrApi   : vrapi_Initialize: Connected to VrRuntimeService after 0.114282s
12-30 19:54:19.938  2600  2600 I VrApi   : SkipPushFinalBlack=1
12-30 19:54:19.938  2600  2600 D VrApi   : isActivityFocusAware context = com.oculus.os.DialogContext@cdad5c9
12-30 19:54:19.942  2600  2600 D VrApi   : isSystemApp = true for com.android.permissioncontroller
12-30 19:54:19.942  2600  2600 I VrApi   : isActivityFocusAware = 0
12-30 19:54:19.954  2600  2600 I VrApi   : ----------- vrapi_Initialize [end] ----------
12-30 19:54:20.738 28648 28674 I VrApi   : ---------- vrapi_EnterVrMode [start] ----------
12-30 19:54:20.747 28648 28674 D VrApi   : targetSDKVersion 29
12-30 19:54:20.781  2600  2600 I VrApi   : ------------ vrapi_Shutdown [start] -----------
12-30 19:54:20.781  2600  2600 W VrApi   : IsOvrValid: ovr == nullptr. Package: com.android.permissioncontroller
12-30 19:54:20.791 28648 28674 I VrApi   : ovrModeParms::VRAPI_MODE_FLAG_RESET_WINDOW_FULLSCREEN = 0
12-30 19:54:20.791 28648 28674 I VrApi   : ovrModeParms::VRAPI_MODE_FLAG_NATIVE_WINDOW = 1
12-30 19:54:20.791 28648 28674 I VrApi   : ovrModeParms::VRAPI_MODE_FLAG_FRONT_BUFFER_SRGB = 0
12-30 19:54:20.791 28648 28674 I VrApi   : ovrModeParms::VRAPI_MODE_FLAG_PHASE_SYNC = 0
12-30 19:54:20.791 28648 28674 I VrApi   : ovrModeParms::VRAPI_MODE_FLAG_APP_SPACE_WARP = 0
12-30 19:54:20.791 28648 28674 I VrApi   : PhaseSync disabled
12-30 19:54:20.791 28648 28674 I VrApi   : HMD sensor attached.
12-30 19:54:20.798 28648 28674 I VrApi   : Creating Default swapchain
12-30 19:54:20.798 28648 28674 I VrApi   : Creating Loading Icon swapchain
12-30 19:54:20.798 28648 28674 I VrApi   : OVR::Stats thread started
12-30 19:54:20.798 28648 28674 I VrApi   : Initial BaseVsync 1240 
12-30 19:54:20.798 28648 28674 I VrApi   : ---------- vrapi_EnterVrMode [end] ----------
12-30 19:54:20.798 28648 28674 I VrApi   : vrapi_SetDisplayRefreshRate: display refresh rate supported 72.000000
12-30 19:54:20.801 28648 28780 D VrApi   : targetSDKVersion 29
12-30 19:54:20.812 28648 28780 D VrApi   : VrApi::isWifiConnected exception: Make sure android.permission.ACCESS_NETWORK_STATE is set in the manifest.
12-30 19:54:20.825  2600  2600 I VrApi   : ------------ vrapi_Shutdown [end] -----------
12-30 19:54:22.006 28648 28780 I VrApi   : FPS=0/72,Prd=0ms,Tear=0,Early=0,Stale=0,VSnc=1,Lat=0,Fov=0,CPU4/GPU=0/0,2419/305MHz,OC=FF,TA=0/0/0,SP=N/N/N,Mem=2092MHz,Free=8693MB,PLS=0,Temp=0.0C/0.0C,TW=1.41ms,App=0.00ms,GD=0.00ms,CPU&GPU=0.00ms,LCnt=2(DR0,LM2),GPU%=0.00,CPU%=0.00(W0.00),DSF=1.00,CFL=17.05/20.52
12-30 19:54:23.002 28648 28780 I VrApi   : FPS=0/72,Prd=0ms,Tear=0,Early=0,Stale=0,VSnc=1,Lat=0,Fov=0,CPU4/GPU=0/0,2419/305MHz,OC=FF,TA=0/0/0,SP=N/N/N,Mem=2092MHz,Free=8693MB,PLS=0,Temp=0.0C/0.0C,TW=1.41ms,App=0.00ms,GD=0.00ms,CPU&GPU=0.00ms,LCnt=2(DR0,LM2),GPU%=0.00,CPU%=0.00(W0.00),DSF=1.00,CFL=17.05/20.52
12-30 19:54:24.002 28648 28780 I VrApi   : FPS=0/72,Prd=0ms,Tear=0,Early=0,Stale=0,VSnc=1,Lat=0,Fov=0,CPU4/GPU=0/0,2419/305MHz,OC=FF,TA=0/0/0,SP=N/N/N,Mem=2092MHz,Free=8693MB,PLS=0,Temp=0.0C/0.0C,TW=1.41ms,App=0.00ms,GD=0.00ms,CPU&GPU=0.00ms,LCnt=2(DR0,LM2),GPU%=0.00,CPU%=0.00(W0.00),DSF=1.00,CFL=17.05/20.52
12-30 19:54:25.002 28648 28780 I VrApi   : FPS=0/72,Prd=0ms,Tear=0,Early=0,Stale=0,VSnc=1,Lat=0,Fov=0,CPU4/GPU=0/0,2419/305MHz,OC=FF,TA=0/0/0,SP=N/N/N,Mem=2092MHz,Free=8693MB,PLS=0,Temp=0.0C/0.0C,TW=1.41ms,App=0.00ms,GD=0.00ms,CPU&GPU=0.00ms,LCnt=2(DR0,LM2),GPU%=0.00,CPU%=0.00(W0.00),DSF=1.00,CFL=17.05/20.52
12-30 19:54:26.003 28648 28780 I VrApi   : FPS=0/72,Prd=0ms,Tear=0,Early=0,Stale=0,VSnc=1,Lat=0,Fov=0,CPU4/GPU=0/0,710/305MHz,OC=FF,TA=0/0/0,SP=N/N/N,Mem=1804MHz,Free=8693MB,PLS=0,Temp=0.0C/0.0C,TW=1.41ms,App=0.00ms,GD=0.00ms,CPU&GPU=0.00ms,LCnt=2(DR0,LM2),GPU%=0.00,CPU%=0.00(W0.00),DSF=1.00,CFL=17.05/20.52
12-30 19:54:27.003 28648 28780 I VrApi   : FPS=0/72,Prd=0ms,Tear=0,Early=0,Stale=0,VSnc=1,Lat=0,Fov=0,CPU4/GPU=0/0,710/305MHz,OC=FF,TA=0/0/0,SP=N/N/N,Mem=1555MHz,Free=8693MB,PLS=0,Temp=0.0C/0.0C,TW=1.41ms,App=0.00ms,GD=0.00ms,CPU&GPU=0.00ms,LCnt=2(DR0,LM2),GPU%=0.00,CPU%=0.00(W0.00),DSF=1.00,CFL=17.05/20.52
12-30 19:54:28.003 28648 28780 I VrApi   : FPS=0/72,Prd=0ms,Tear=0,Early=0,Stale=0,VSnc=1,Lat=0,Fov=0,CPU4/GPU=0/0,710/305MHz,OC=FF,TA=0/0/0,SP=N/N/N,Mem=1804MHz,Free=8693MB,PLS=0,Temp=0.0C/0.0C,TW=1.41ms,App=0.00ms,GD=0.00ms,CPU&GPU=0.00ms,LCnt=2(DR0,LM2),GPU%=0.00,CPU%=0.00(W0.00),DSF=1.00,CFL=17.05/20.52
12-30 19:54:29.003 28648 28780 I VrApi   : FPS=0/72,Prd=0ms,Tear=0,Early=0,Stale=0,VSnc=1,Lat=0,Fov=0,CPU4/GPU=0/0,710/305MHz,OC=FF,TA=0/0/0,SP=N/N/N,Mem=1804MHz,Free=8693MB,PLS=0,Temp=0.0C/0.0C,TW=1.41ms,App=0.00ms,GD=0.00ms,CPU&GPU=0.00ms,LCnt=2(DR0,LM2),GPU%=0.00,CPU%=0.00(W0.00),DSF=1.00,CFL=17.05/20.52
12-30 19:54:30.003 28648 28780 I VrApi   : FPS=0/72,Prd=0ms,Tear=0,Early=0,Stale=0,VSnc=1,Lat=0,Fov=0,CPU4/GPU=0/0,710/305MHz,OC=FF,TA=0/0/0,SP=N/N/N,Mem=1555MHz,Free=8693MB,PLS=0,Temp=0.0C/0.0C,TW=1.41ms,App=0.00ms,GD=0.00ms,CPU&GPU=0.00ms,LCnt=2(DR0,LM2),GPU%=0.00,CPU%=0.00(W0.00),DSF=1.00,CFL=17.05/20.52
12-30 19:54:31.003 28648 28780 I VrApi   : FPS=0/72,Prd=0ms,Tear=0,Early=0,Stale=0,VSnc=1,Lat=0,Fov=0,CPU4/GPU=0/0,710/305MHz,OC=FF,TA=0/0/0,SP=N/N/N,Mem=1555MHz,Free=8693MB,PLS=0,Temp=0.0C/0.0C,TW=1.41ms,App=0.00ms,GD=0.00ms,CPU&GPU=0.00ms,LCnt=2(DR0,LM2),GPU%=0.00,CPU%=0.00(W0.00),DSF=1.00,CFL=17.05/20.52
12-30 19:54:32.003 28648 28780 I VrApi   : FPS=0/72,Prd=0ms,Tear=0,Early=0,Stale=0,VSnc=1,Lat=0,Fov=0,CPU4/GPU=0/0,710/305MHz,OC=FF,TA=0/0/0,SP=N/N/N,Mem=1555MHz,Free=8693MB,PLS=0,Temp=0.0C/0.0C,TW=1.41ms,App=0.00ms,GD=0.00ms,CPU&GPU=0.00ms,LCnt=2(DR0,LM2),GPU%=0.00,CPU%=0.00(W0.00),DSF=1.00,CFL=17.05/20.52
12-30 19:54:33.004 28648 28780 I VrApi   : FPS=0/72,Prd=0ms,Tear=0,Early=0,Stale=0,VSnc=1,Lat=0,Fov=0,CPU4/GPU=0/0,710/305MHz,OC=FF,TA=0/0/0,SP=N/N/N,Mem=1555MHz,Free=8693MB,PLS=0,Temp=0.0C/0.0C,TW=1.41ms,App=0.00ms,GD=0.00ms,CPU&GPU=0.00ms,LCnt=2(DR0,LM2),GPU%=0.00,CPU%=0.00(W0.00),DSF=1.00,CFL=17.05/20.52
12-30 19:54:34.003 28648 28780 I VrApi   : FPS=0/72,Prd=0ms,Tear=0,Early=0,Stale=0,VSnc=1,Lat=0,Fov=0,CPU4/GPU=0/0,710/305MHz,OC=FF,TA=0/0/0,SP=N/N/N,Mem=1555MHz,Free=8693MB,PLS=0,Temp=0.0C/0.0C,TW=1.41ms,App=0.00ms,GD=0.00ms,CPU&GPU=0.00ms,LCnt=2(DR0,LM2),GPU%=0.00,CPU%=0.00(W0.00),DSF=1.00,CFL=17.05/20.52
12-30 19:54:35.004 28648 28780 I VrApi   : FPS=0/72,Prd=0ms,Tear=0,Early=0,Stale=0,VSnc=1,Lat=0,Fov=0,CPU4/GPU=0/0,710/305MHz,OC=FF,TA=0/0/0,SP=N/N/N,Mem=1555MHz,Free=8693MB,PLS=0,Temp=0.0C/0.0C,TW=1.41ms,App=0.00ms,GD=0.00ms,CPU&GPU=0.00ms,LCnt=2(DR0,LM2),GPU%=0.00,CPU%=0.00(W0.00),DSF=1.00,CFL=17.05/20.52
12-30 19:54:36.003 28648 28780 I VrApi   : FPS=0/72,Prd=0ms,Tear=0,Early=0,Stale=0,VSnc=1,Lat=0,Fov=0,CPU4/GPU=0/0,710/305MHz,OC=FF,TA=0/0/0,SP=N/N/N,Mem=1555MHz,Free=8693MB,PLS=0,Temp=0.0C/0.0C,TW=1.41ms,App=0.00ms,GD=0.00ms,CPU&GPU=0.00ms,LCnt=2(DR0,LM2),GPU%=0.00,CPU%=0.00(W0.00),DSF=1.00,CFL=17.05/20.52
12-30 19:54:37.004 28648 28780 I VrApi   : FPS=0/72,Prd=0ms,Tear=0,Early=0,Stale=0,VSnc=1,Lat=0,Fov=0,CPU4/GPU=0/0,710/305MHz,OC=FF,TA=0/0/0,SP=N/N/N,Mem=1555MHz,Free=8693MB,PLS=0,Temp=0.0C/0.0C,TW=1.41ms,App=0.00ms,GD=0.00ms,CPU&GPU=0.00ms,LCnt=2(DR0,LM2),GPU%=0.00,CPU%=0.00(W0.00),DSF=1.00,CFL=17.05/20.52
12-30 19:54:38.004 28648 28780 I VrApi   : FPS=0/72,Prd=0ms,Tear=0,Early=0,Stale=0,VSnc=1,Lat=0,Fov=0,CPU4/GPU=0/0,710/305MHz,OC=FF,TA=0/0/0,SP=N/N/N,Mem=1555MHz,Free=8693MB,PLS=0,Temp=0.0C/0.0C,TW=1.41ms,App=0.00ms,GD=0.00ms,CPU&GPU=0.00ms,LCnt=2(DR0,LM2),GPU%=0.00,CPU%=0.00(W0.00),DSF=1.00,CFL=17.05/20.52
12-30 19:54:39.004 28648 28780 I VrApi   : FPS=0/72,Prd=0ms,Tear=0,Early=0,Stale=0,VSnc=1,Lat=0,Fov=0,CPU4/GPU=0/0,710/305MHz,OC=FF,TA=0/0/0,SP=N/N/N,Mem=1555MHz,Free=8693MB,PLS=0,Temp=0.0C/0.0C,TW=1.41ms,App=0.00ms,GD=0.00ms,CPU&GPU=0.00ms,LCnt=2(DR0,LM2),GPU%=0.00,CPU%=0.00(W0.00),DSF=1.00,CFL=17.05/20.52
12-30 19:54:40.004 28648 28780 I VrApi   : FPS=0/72,Prd=0ms,Tear=0,Early=0,Stale=0,VSnc=1,Lat=0,Fov=0,CPU4/GPU=0/0,710/305MHz,OC=FF,TA=0/0/0,SP=N/N/N,Mem=1555MHz,Free=8693MB,PLS=0,Temp=0.0C/0.0C,TW=1.41ms,App=0.00ms,GD=0.00ms,CPU&GPU=0.00ms,LCnt=2(DR0,LM2),GPU%=0.00,CPU%=0.00(W0.00),DSF=1.00,CFL=17.05/20.52
12-30 19:54:41.004 28648 28780 I VrApi   : FPS=0/72,Prd=0ms,Tear=0,Early=0,Stale=0,VSnc=1,Lat=0,Fov=0,CPU4/GPU=0/0,710/305MHz,OC=FF,TA=0/0/0,SP=N/N/N,Mem=1555MHz,Free=8693MB,PLS=0,Temp=0.0C/0.0C,TW=1.41ms,App=0.00ms,GD=0.00ms,CPU&GPU=0.00ms,LCnt=2(DR0,LM2),GPU%=0.00,CPU%=0.00(W0.00),DSF=1.00,CFL=17.05/20.52
12-30 19:54:42.009 28648 28780 I VrApi   : FPS=0/72,Prd=0ms,Tear=0,Early=0,Stale=0,VSnc=1,Lat=0,Fov=0,CPU4/GPU=0/0,710/305MHz,OC=FF,TA=0/0/0,SP=N/N/N,Mem=1804MHz,Free=8781MB,PLS=0,Temp=0.0C/0.0C,TW=1.41ms,App=0.00ms,GD=0.00ms,CPU&GPU=0.00ms,LCnt=2(DR0,LM2),GPU%=0.00,CPU%=0.00(W0.00),DSF=1.00,CFL=17.05/20.52
12-30 19:54:43.004 28648 28780 I VrApi   : FPS=0/72,Prd=0ms,Tear=0,Early=0,Stale=0,VSnc=1,Lat=0,Fov=0,CPU4/GPU=0/0,710/305MHz,OC=FF,TA=0/0/0,SP=N/N/N,Mem=1555MHz,Free=8781MB,PLS=0,Temp=0.0C/0.0C,TW=1.41ms,App=0.00ms,GD=0.00ms,CPU&GPU=0.00ms,LCnt=2(DR0,LM2),GPU%=0.00,CPU%=0.00(W0.00),DSF=1.00,CFL=17.05/20.52
12-30 19:54:44.004 28648 28780 I VrApi   : FPS=0/72,Prd=0ms,Tear=0,Early=0,Stale=0,VSnc=1,Lat=0,Fov=0,CPU4/GPU=0/0,710/305MHz,OC=FF,TA=0/0/0,SP=N/N/N,Mem=1555MHz,Free=8781MB,PLS=0,Temp=0.0C/0.0C,TW=1.41ms,App=0.00ms,GD=0.00ms,CPU&GPU=0.00ms,LCnt=2(DR0,LM2),GPU%=0.00,CPU%=0.00(W0.00),DSF=1.00,CFL=17.05/20.52
12-30 19:54:45.004 28648 28780 I VrApi   : FPS=0/72,Prd=0ms,Tear=0,Early=0,Stale=0,VSnc=1,Lat=0,Fov=0,CPU4/GPU=0/0,710/305MHz,OC=FF,TA=0/0/0,SP=N/N/N,Mem=1555MHz,Free=8781MB,PLS=0,Temp=0.0C/0.0C,TW=1.41ms,App=0.00ms,GD=0.00ms,CPU&GPU=0.00ms,LCnt=2(DR0,LM2),GPU%=0.00,CPU%=0.00(W0.00),DSF=1.00,CFL=17.05/20.52
12-30 19:54:46.004 28648 28780 I VrApi   : FPS=0/72,Prd=0ms,Tear=0,Early=0,Stale=0,VSnc=1,Lat=0,Fov=0,CPU4/GPU=0/0,710/305MHz,OC=FF,TA=0/0/0,SP=N/N/N,Mem=1804MHz,Free=8781MB,PLS=0,Temp=0.0C/0.0C,TW=1.41ms,App=0.00ms,GD=0.00ms,CPU&GPU=0.00ms,LCnt=2(DR0,LM2),GPU%=0.00,CPU%=0.00(W0.00),DSF=1.00,CFL=17.05/20.52
12-30 19:54:47.004 28648 28780 I VrApi   : FPS=0/72,Prd=0ms,Tear=0,Early=0,Stale=0,VSnc=1,Lat=0,Fov=0,CPU4/GPU=0/0,710/305MHz,OC=FF,TA=0/0/0,SP=N/N/N,Mem=1555MHz,Free=8781MB,PLS=0,Temp=0.0C/0.0C,TW=1.41ms,App=0.00ms,GD=0.00ms,CPU&GPU=0.00ms,LCnt=2(DR0,LM2),GPU%=0.00,CPU%=0.00(W0.00),DSF=1.00,CFL=17.05/20.52
12-30 19:54:48.005 28648 28780 I VrApi   : FPS=0/72,Prd=0ms,Tear=0,Early=0,Stale=0,VSnc=1,Lat=0,Fov=0,CPU4/GPU=0/0,710/305MHz,OC=FF,TA=0/0/0,SP=N/N/N,Mem=2092MHz,Free=8781MB,PLS=0,Temp=0.0C/0.0C,TW=1.41ms,App=0.00ms,GD=0.00ms,CPU&GPU=0.00ms,LCnt=2(DR0,LM2),GPU%=0.00,CPU%=0.00(W0.00),DSF=1.00,CFL=17.05/20.52
12-30 19:54:49.004 28648 28780 I VrApi   : FPS=0/72,Prd=0ms,Tear=0,Early=0,Stale=0,VSnc=1,Lat=0,Fov=0,CPU4/GPU=0/0,710/305MHz,OC=FF,TA=0/0/0,SP=N/N/N,Mem=1555MHz,Free=8781MB,PLS=0,Temp=0.0C/0.0C,TW=1.41ms,App=0.00ms,GD=0.00ms,CPU&GPU=0.00ms,LCnt=2(DR0,LM2),GPU%=0.00,CPU%=0.00(W0.00),DSF=1.00,CFL=17.05/20.52
12-30 19:54:50.005 28648 28780 I VrApi   : FPS=0/72,Prd=0ms,Tear=0,Early=0,Stale=0,VSnc=1,Lat=0,Fov=0,CPU4/GPU=0/0,710/305MHz,OC=FF,TA=0/0/0,SP=N/N/N,Mem=1555MHz,Free=8781MB,PLS=0,Temp=0.0C/0.0C,TW=1.41ms,App=0.00ms,GD=0.00ms,CPU&GPU=0.00ms,LCnt=2(DR0,LM2),GPU%=0.00,CPU%=0.00(W0.00),DSF=1.00,CFL=17.05/20.52
12-30 19:54:51.005 28648 28780 I VrApi   : FPS=0/72,Prd=0ms,Tear=0,Early=0,Stale=0,VSnc=1,Lat=0,Fov=0,CPU4/GPU=0/0,710/305MHz,OC=FF,TA=0/0/0,SP=N/N/N,Mem=1555MHz,Free=8781MB,PLS=0,Temp=0.0C/0.0C,TW=1.41ms,App=0.00ms,GD=0.00ms,CPU&GPU=0.00ms,LCnt=2(DR0,LM2),GPU%=0.00,CPU%=0.00(W0.00),DSF=1.00,CFL=17.05/20.52
12-30 19:54:52.005 28648 28780 I VrApi   : FPS=0/72,Prd=0ms,Tear=0,Early=0,Stale=0,VSnc=1,Lat=0,Fov=0,CPU4/GPU=0/0,710/305MHz,OC=FF,TA=0/0/0,SP=N/N/N,Mem=1804MHz,Free=8781MB,PLS=0,Temp=0.0C/0.0C,TW=1.41ms,App=0.00ms,GD=0.00ms,CPU&GPU=0.00ms,LCnt=2(DR0,LM2),GPU%=0.00,CPU%=0.00(W0.00),DSF=1.00,CFL=17.05/20.52
12-30 19:54:53.005 28648 28780 I VrApi   : FPS=0/72,Prd=0ms,Tear=0,Early=0,Stale=0,VSnc=1,Lat=0,Fov=0,CPU4/GPU=0/0,710/305MHz,OC=FF,TA=0/0/0,SP=N/N/N,Mem=1555MHz,Free=8781MB,PLS=0,Temp=0.0C/0.0C,TW=1.41ms,App=0.00ms,GD=0.00ms,CPU&GPU=0.00ms,LCnt=2(DR0,LM2),GPU%=0.00,CPU%=0.00(W0.00),DSF=1.00,CFL=17.05/20.52
12-30 19:54:54.005 28648 28780 I VrApi   : FPS=0/72,Prd=0ms,Tear=0,Early=0,Stale=0,VSnc=1,Lat=0,Fov=0,CPU4/GPU=0/0,710/305MHz,OC=FF,TA=0/0/0,SP=N/N/N,Mem=1555MHz,Free=8781MB,PLS=0,Temp=0.0C/0.0C,TW=1.41ms,App=0.00ms,GD=0.00ms,CPU&GPU=0.00ms,LCnt=2(DR0,LM2),GPU%=0.00,CPU%=0.00(W0.00),DSF=1.00,CFL=17.05/20.52
12-30 19:54:55.005 28648 28780 I VrApi   : FPS=0/72,Prd=0ms,Tear=0,Early=0,Stale=0,VSnc=1,Lat=0,Fov=0,CPU4/GPU=0/0,710/305MHz,OC=FF,TA=0/0/0,SP=N/N/N,Mem=1555MHz,Free=8781MB,PLS=0,Temp=0.0C/0.0C,TW=1.41ms,App=0.00ms,GD=0.00ms,CPU&GPU=0.00ms,LCnt=2(DR0,LM2),GPU%=0.00,CPU%=0.00(W0.00),DSF=1.00,CFL=17.05/20.52
12-30 19:54:56.005 28648 28780 I VrApi   : FPS=0/72,Prd=0ms,Tear=0,Early=0,Stale=0,VSnc=1,Lat=0,Fov=0,CPU4/GPU=0/0,710/305MHz,OC=FF,TA=0/0/0,SP=N/N/N,Mem=1555MHz,Free=8781MB,PLS=0,Temp=0.0C/0.0C,TW=1.41ms,App=0.00ms,GD=0.00ms,CPU&GPU=0.00ms,LCnt=2(DR0,LM2),GPU%=0.00,CPU%=0.00(W0.00),DSF=1.00,CFL=17.05/20.52
12-30 19:54:57.006 28648 28780 I VrApi   : FPS=0/72,Prd=0ms,Tear=0,Early=0,Stale=0,VSnc=1,Lat=0,Fov=0,CPU4/GPU=0/0,710/305MHz,OC=FF,TA=0/0/0,SP=N/N/N,Mem=1555MHz,Free=8781MB,PLS=0,Temp=0.0C/0.0C,TW=1.41ms,App=0.00ms,GD=0.00ms,CPU&GPU=0.00ms,LCnt=2(DR0,LM2),GPU%=0.00,CPU%=0.00(W0.00),DSF=1.00,CFL=17.05/20.52
12-30 19:54:58.005 28648 28780 I VrApi   : FPS=0/72,Prd=0ms,Tear=0,Early=0,Stale=0,VSnc=1,Lat=0,Fov=0,CPU4/GPU=0/0,710/305MHz,OC=FF,TA=0/0/0,SP=N/N/N,Mem=1555MHz,Free=8781MB,PLS=0,Temp=0.0C/0.0C,TW=1.41ms,App=0.00ms,GD=0.00ms,CPU&GPU=0.00ms,LCnt=2(DR0,LM2),GPU%=0.00,CPU%=0.00(W0.00),DSF=1.00,CFL=17.05/20.52
12-30 19:54:59.006 28648 28780 I VrApi   : FPS=0/72,Prd=0ms,Tear=0,Early=0,Stale=0,VSnc=1,Lat=0,Fov=0,CPU4/GPU=0/0,710/305MHz,OC=FF,TA=0/0/0,SP=N/N/N,Mem=1555MHz,Free=8781MB,PLS=0,Temp=0.0C/0.0C,TW=1.41ms,App=0.00ms,GD=0.00ms,CPU&GPU=0.00ms,LCnt=2(DR0,LM2),GPU%=0.00,CPU%=0.00(W0.00),DSF=1.00,CFL=17.05/20.52
12-30 19:55:00.008 28648 28780 I VrApi   : FPS=0/72,Prd=0ms,Tear=0,Early=0,Stale=0,VSnc=1,Lat=0,Fov=0,CPU4/GPU=0/0,710/305MHz,OC=FF,TA=0/0/0,SP=N/N/N,Mem=1555MHz,Free=8781MB,PLS=0,Temp=0.0C/0.0C,TW=1.41ms,App=0.00ms,GD=0.00ms,CPU&GPU=0.00ms,LCnt=2(DR0,LM2),GPU%=0.00,CPU%=0.00(W0.00),DSF=1.00,CFL=17.05/20.52
12-30 19:55:01.006 28648 28780 I VrApi   : FPS=0/72,Prd=0ms,Tear=0,Early=0,Stale=0,VSnc=1,Lat=0,Fov=0,CPU4/GPU=0/0,710/305MHz,OC=FF,TA=0/0/0,SP=N/N/N,Mem=1555MHz,Free=8781MB,PLS=0,Temp=0.0C/0.0C,TW=1.41ms,App=0.00ms,GD=0.00ms,CPU&GPU=0.00ms,LCnt=2(DR0,LM2),GPU%=0.00,CPU%=0.00(W0.00),DSF=1.00,CFL=17.05/20.52
12-30 19:55:02.010 28648 28780 I VrApi   : FPS=0/72,Prd=0ms,Tear=0,Early=0,Stale=0,VSnc=1,Lat=0,Fov=0,CPU4/GPU=0/0,710/305MHz,OC=FF,TA=0/0/0,SP=N/N/N,Mem=1555MHz,Free=8780MB,PLS=0,Temp=0.0C/0.0C,TW=1.41ms,App=0.00ms,GD=0.00ms,CPU&GPU=0.00ms,LCnt=2(DR0,LM2),GPU%=0.00,CPU%=0.00(W0.00),DSF=1.00,CFL=17.05/20.52
12-30 19:55:03.005 28648 28780 I VrApi   : FPS=0/72,Prd=0ms,Tear=0,Early=0,Stale=0,VSnc=1,Lat=0,Fov=0,CPU4/GPU=0/0,710/305MHz,OC=FF,TA=0/0/0,SP=N/N/N,Mem=1555MHz,Free=8780MB,PLS=0,Temp=0.0C/0.0C,TW=1.41ms,App=0.00ms,GD=0.00ms,CPU&GPU=0.00ms,LCnt=2(DR0,LM2),GPU%=0.00,CPU%=0.00(W0.00),DSF=1.00,CFL=17.05/20.52
12-30 19:55:04.006 28648 28780 I VrApi   : FPS=0/72,Prd=0ms,Tear=0,Early=0,Stale=0,VSnc=1,Lat=0,Fov=0,CPU4/GPU=0/0,710/305MHz,OC=FF,TA=0/0/0,SP=N/N/N,Mem=1555MHz,Free=8780MB,PLS=0,Temp=0.0C/0.0C,TW=1.41ms,App=0.00ms,GD=0.00ms,CPU&GPU=0.00ms,LCnt=2(DR0,LM2),GPU%=0.00,CPU%=0.00(W0.00),DSF=1.00,CFL=17.05/20.52
12-30 19:55:05.006 28648 28780 I VrApi   : FPS=0/72,Prd=0ms,Tear=0,Early=0,Stale=0,VSnc=1,Lat=0,Fov=0,CPU4/GPU=0/0,710/305MHz,OC=FF,TA=0/0/0,SP=N/N/N,Mem=1555MHz,Free=8780MB,PLS=0,Temp=0.0C/0.0C,TW=1.41ms,App=0.00ms,GD=0.00ms,CPU&GPU=0.00ms,LCnt=2(DR0,LM2),GPU%=0.00,CPU%=0.00(W0.00),DSF=1.00,CFL=17.05/20.52
12-30 19:55:06.006 28648 28780 I VrApi   : FPS=0/72,Prd=0ms,Tear=0,Early=0,Stale=0,VSnc=1,Lat=0,Fov=0,CPU4/GPU=0/0,710/305MHz,OC=FF,TA=0/0/0,SP=N/N/N,Mem=1555MHz,Free=8780MB,PLS=0,Temp=0.0C/0.0C,TW=1.41ms,App=0.00ms,GD=0.00ms,CPU&GPU=0.00ms,LCnt=2(DR0,LM2),GPU%=0.00,CPU%=0.00(W0.00),DSF=1.00,CFL=17.05/20.52
12-30 19:55:07.006 28648 28780 I VrApi   : FPS=0/72,Prd=0ms,Tear=0,Early=0,Stale=0,VSnc=1,Lat=0,Fov=0,CPU4/GPU=0/0,710/305MHz,OC=FF,TA=0/0/0,SP=N/N/N,Mem=1555MHz,Free=8780MB,PLS=0,Temp=0.0C/0.0C,TW=1.41ms,App=0.00ms,GD=0.00ms,CPU&GPU=0.00ms,LCnt=2(DR0,LM2),GPU%=0.00,CPU%=0.00(W0.00),DSF=1.00,CFL=17.05/20.52
12-30 19:55:08.006 28648 28780 I VrApi   : FPS=0/72,Prd=0ms,Tear=0,Early=0,Stale=0,VSnc=1,Lat=0,Fov=0,CPU4/GPU=0/0,710/305MHz,OC=FF,TA=0/0/0,SP=N/N/N,Mem=1555MHz,Free=8780MB,PLS=0,Temp=0.0C/0.0C,TW=1.41ms,App=0.00ms,GD=0.00ms,CPU&GPU=0.00ms,LCnt=2(DR0,LM2),GPU%=0.00,CPU%=0.00(W0.00),DSF=1.00,CFL=17.05/20.52
12-30 19:55:09.006 28648 28780 I VrApi   : FPS=0/72,Prd=0ms,Tear=0,Early=0,Stale=0,VSnc=1,Lat=0,Fov=0,CPU4/GPU=0/0,710/305MHz,OC=FF,TA=0/0/0,SP=N/N/N,Mem=1555MHz,Free=8780MB,PLS=0,Temp=0.0C/0.0C,TW=1.41ms,App=0.00ms,GD=0.00ms,CPU&GPU=0.00ms,LCnt=2(DR0,LM2),GPU%=0.00,CPU%=0.00(W0.00),DSF=1.00,CFL=17.05/20.52
12-30 19:55:10.006 28648 28780 I VrApi   : FPS=0/72,Prd=0ms,Tear=0,Early=0,Stale=0,VSnc=1,Lat=0,Fov=0,CPU4/GPU=0/0,710/305MHz,OC=FF,TA=0/0/0,SP=N/N/N,Mem=1555MHz,Free=8780MB,PLS=0,Temp=0.0C/0.0C,TW=1.41ms,App=0.00ms,GD=0.00ms,CPU&GPU=0.00ms,LCnt=2(DR0,LM2),GPU%=0.00,CPU%=0.00(W0.00),DSF=1.00,CFL=17.05/20.52
12-30 19:55:11.006 28648 28780 I VrApi   : FPS=0/72,Prd=0ms,Tear=0,Early=0,Stale=0,VSnc=1,Lat=0,Fov=0,CPU4/GPU=0/0,710/305MHz,OC=FF,TA=0/0/0,SP=N/N/N,Mem=1555MHz,Free=8780MB,PLS=0,Temp=0.0C/0.0C,TW=1.41ms,App=0.00ms,GD=0.00ms,CPU&GPU=0.00ms,LCnt=2(DR0,LM2),GPU%=0.00,CPU%=0.00(W0.00),DSF=1.00,CFL=17.05/20.52
12-30 19:55:12.007 28648 28780 I VrApi   : FPS=0/72,Prd=0ms,Tear=0,Early=0,Stale=0,VSnc=1,Lat=0,Fov=0,CPU4/GPU=0/0,710/305MHz,OC=FF,TA=0/0/0,SP=N/N/N,Mem=1555MHz,Free=8780MB,PLS=0,Temp=0.0C/0.0C,TW=1.41ms,App=0.00ms,GD=0.00ms,CPU&GPU=0.00ms,LCnt=2(DR0,LM2),GPU%=0.00,CPU%=0.00(W0.00),DSF=1.00,CFL=17.05/20.52
12-30 19:55:13.007 28648 28780 I VrApi   : FPS=0/72,Prd=0ms,Tear=0,Early=0,Stale=0,VSnc=1,Lat=0,Fov=0,CPU4/GPU=0/0,710/305MHz,OC=FF,TA=0/0/0,SP=N/N/N,Mem=1555MHz,Free=8780MB,PLS=0,Temp=0.0C/0.0C,TW=1.41ms,App=0.00ms,GD=0.00ms,CPU&GPU=0.00ms,LCnt=2(DR0,LM2),GPU%=0.00,CPU%=0.00(W0.00),DSF=1.00,CFL=17.05/20.52
12-30 19:55:14.006 28648 28780 I VrApi   : FPS=0/72,Prd=0ms,Tear=0,Early=0,Stale=0,VSnc=1,Lat=0,Fov=0,CPU4/GPU=0/0,710/305MHz,OC=FF,TA=0/0/0,SP=N/N/N,Mem=1555MHz,Free=8780MB,PLS=0,Temp=0.0C/0.0C,TW=1.41ms,App=0.00ms,GD=0.00ms,CPU&GPU=0.00ms,LCnt=2(DR0,LM2),GPU%=0.00,CPU%=0.00(W0.00),DSF=1.00,CFL=17.05/20.52
12-30 19:55:15.006 28648 28780 I VrApi   : FPS=0/72,Prd=0ms,Tear=0,Early=0,Stale=0,VSnc=1,Lat=0,Fov=0,CPU4/GPU=0/0,710/305MHz,OC=FF,TA=0/0/0,SP=N/N/N,Mem=1555MHz,Free=8780MB,PLS=0,Temp=0.0C/0.0C,TW=1.41ms,App=0.00ms,GD=0.00ms,CPU&GPU=0.00ms,LCnt=2(DR0,LM2),GPU%=0.00,CPU%=0.00(W0.00),DSF=1.00,CFL=17.05/20.52
12-30 19:55:16.007 28648 28780 I VrApi   : FPS=0/72,Prd=0ms,Tear=0,Early=0,Stale=0,VSnc=1,Lat=0,Fov=0,CPU4/GPU=0/0,710/305MHz,OC=FF,TA=0/0/0,SP=N/N/N,Mem=1555MHz,Free=8780MB,PLS=0,Temp=0.0C/0.0C,TW=1.41ms,App=0.00ms,GD=0.00ms,CPU&GPU=0.00ms,LCnt=2(DR0,LM2),GPU%=0.00,CPU%=0.00(W0.00),DSF=1.00,CFL=17.05/20.52
12-30 19:55:17.007 28648 28780 I VrApi   : FPS=0/72,Prd=0ms,Tear=0,Early=0,Stale=0,VSnc=1,Lat=0,Fov=0,CPU4/GPU=0/0,710/305MHz,OC=FF,TA=0/0/0,SP=N/N/N,Mem=1555MHz,Free=8780MB,PLS=0,Temp=0.0C/0.0C,TW=1.41ms,App=0.00ms,GD=0.00ms,CPU&GPU=0.00ms,LCnt=2(DR0,LM2),GPU%=0.00,CPU%=0.00(W0.00),DSF=1.00,CFL=17.05/20.52
12-30 19:55:18.007 28648 28780 I VrApi   : FPS=0/72,Prd=0ms,Tear=0,Early=0,Stale=0,VSnc=1,Lat=0,Fov=0,CPU4/GPU=0/0,710/305MHz,OC=FF,TA=0/0/0,SP=N/N/N,Mem=1555MHz,Free=8780MB,PLS=0,Temp=0.0C/0.0C,TW=1.41ms,App=0.00ms,GD=0.00ms,CPU&GPU=0.00ms,LCnt=2(DR0,LM2),GPU%=0.00,CPU%=0.00(W0.00),DSF=1.00,CFL=17.05/20.52
12-30 19:55:19.007 28648 28780 I VrApi   : FPS=0/72,Prd=0ms,Tear=0,Early=0,Stale=0,VSnc=1,Lat=0,Fov=0,CPU4/GPU=0/0,710/305MHz,OC=FF,TA=0/0/0,SP=N/N/N,Mem=1555MHz,Free=8780MB,PLS=0,Temp=0.0C/0.0C,TW=1.41ms,App=0.00ms,GD=0.00ms,CPU&GPU=0.00ms,LCnt=2(DR0,LM2),GPU%=0.00,CPU%=0.00(W0.00),DSF=1.00,CFL=17.05/20.52
12-30 19:55:20.007 28648 28780 I VrApi   : FPS=0/72,Prd=0ms,Tear=0,Early=0,Stale=0,VSnc=1,Lat=0,Fov=0,CPU4/GPU=0/0,710/305MHz,OC=FF,TA=0/0/0,SP=N/N/N,Mem=1555MHz,Free=8780MB,PLS=0,Temp=0.0C/0.0C,TW=1.41ms,App=0.00ms,GD=0.00ms,CPU&GPU=0.00ms,LCnt=2(DR0,LM2),GPU%=0.00,CPU%=0.00(W0.00),DSF=1.00,CFL=17.05/20.52
12-30 19:55:21.007 28648 28780 I VrApi   : FPS=0/72,Prd=0ms,Tear=0,Early=0,Stale=0,VSnc=1,Lat=0,Fov=0,CPU4/GPU=0/0,710/305MHz,OC=FF,TA=0/0/0,SP=N/N/N,Mem=1555MHz,Free=8780MB,PLS=0,Temp=0.0C/0.0C,TW=1.41ms,App=0.00ms,GD=0.00ms,CPU&GPU=0.00ms,LCnt=2(DR0,LM2),GPU%=0.00,CPU%=0.00(W0.00),DSF=1.00,CFL=17.05/20.52
12-30 19:55:22.012 28648 28780 I VrApi   : FPS=0/72,Prd=0ms,Tear=0,Early=0,Stale=0,VSnc=1,Lat=0,Fov=0,CPU4/GPU=0/0,710/305MHz,OC=FF,TA=0/0/0,SP=N/N/N,Mem=1555MHz,Free=8775MB,PLS=0,Temp=0.0C/0.0C,TW=1.41ms,App=0.00ms,GD=0.00ms,CPU&GPU=0.00ms,LCnt=2(DR0,LM2),GPU%=0.00,CPU%=0.00(W0.00),DSF=1.00,CFL=17.05/20.52
12-30 19:55:22.571 28648 28674 W VrApi   : Time to first swap: 63.268 seconds
12-30 19:55:23.007 28648 28780 I VrApi   : FPS=1/72,Prd=0ms,Tear=0,Early=0,Stale=90,VSnc=0,Lat=0,Fov=0,CPU4/GPU=3/2,1382/441MHz,OC=FF,TA=0/70/0,SP=N/F/N,Mem=1555MHz,Free=8775MB,PLS=0,Temp=20.0C/0.0C,TW=3.30ms,App=2.21ms,GD=0.00ms,CPU&GPU=0.00ms,LCnt=2(DR0,LM2),GPU%=0.18,CPU%=0.27(W0.57),DSF=1.00,CFL=17.05/20.87
12-30 19:55:24.007 28648 28780 I VrApi   : FPS=71/72,Prd=0ms,Tear=0,Early=0,Stale=13,VSnc=1,Lat=0,Fov=0,CPU4/GPU=3/2,1382/441MHz,OC=FF,TA=0/70/0,SP=N/F/N,Mem=1555MHz,Free=8775MB,PLS=0,Temp=20.0C/0.0C,TW=4.89ms,App=0.80ms,GD=0.00ms,CPU&GPU=12.55ms,LCnt=2(DR0,LM0),GPU%=0.42,CPU%=0.08(W0.14),DSF=1.00,CFL=7.60/21.88
12-30 19:55:25.007 28648 28780 I VrApi   : FPS=72/72,Prd=0ms,Tear=0,Early=0,Stale=0,VSnc=1,Lat=0,Fov=0,CPU4/GPU=3/2,1171/441MHz,OC=FF,TA=0/70/0,SP=N/F/N,Mem=1555MHz,Free=8775MB,PLS=0,Temp=20.2C/0.0C,TW=4.35ms,App=0.92ms,GD=0.00ms,CPU&GPU=12.59ms,LCnt=1(DR61,LM0),GPU%=0.39,CPU%=0.06(W0.10),DSF=1.00,CFL=18.19/21.99
12-30 19:55:26.007 28648 28780 I VrApi   : FPS=72/72,Prd=0ms,Tear=0,Early=0,Stale=0,VSnc=1,Lat=0,Fov=0,CPU4/GPU=2/2,1171/441MHz,OC=FF,TA=0/70/0,SP=N/F/N,Mem=1555MHz,Free=8775MB,PLS=0,Temp=20.2C/0.0C,TW=4.36ms,App=0.92ms,GD=0.00ms,CPU&GPU=12.61ms,LCnt=1(DR72,LM0),GPU%=0.40,CPU%=0.07(W0.10),DSF=1.00,CFL=18.09/21.73
12-30 19:55:27.008 28648 28780 I VrApi   : FPS=72/72,Prd=0ms,Tear=0,Early=0,Stale=3,VSnc=1,Lat=0,Fov=0,CPU4/GPU=2/2,1171/441MHz,OC=FF,TA=0/70/0,SP=N/F/N,Mem=1555MHz,Free=8775MB,PLS=0,Temp=20.2C/0.0C,TW=4.35ms,App=0.95ms,GD=0.00ms,CPU&GPU=12.63ms,LCnt=1(DR72,LM0),GPU%=0.40,CPU%=0.10(W0.10),DSF=1.00,CFL=18.38/22.22
12-30 19:55:28.008 28648 28780 I VrApi   : FPS=72/72,Prd=0ms,Tear=0,Early=0,Stale=0,VSnc=1,Lat=0,Fov=0,CPU4/GPU=2/2,1171/441MHz,OC=FF,TA=0/70/0,SP=N/F/N,Mem=1555MHz,Free=8775MB,PLS=0,Temp=20.2C/0.0C,TW=4.34ms,App=0.94ms,GD=0.00ms,CPU&GPU=12.61ms,LCnt=1(DR72,LM0),GPU%=0.40,CPU%=0.14(W0.24),DSF=1.00,CFL=18.27/21.91
12-30 19:55:29.007 28648 28780 I VrApi   : FPS=72/72,Prd=0ms,Tear=0,Early=0,Stale=0,VSnc=1,Lat=0,Fov=0,CPU4/GPU=2/2,1171/441MHz,OC=FF,TA=0/70/0,SP=N/F/N,Mem=1555MHz,Free=8775MB,PLS=0,Temp=20.2C/0.0C,TW=4.34ms,App=0.91ms,GD=0.00ms,CPU&GPU=12.61ms,LCnt=1(DR72,LM0),GPU%=0.40,CPU%=0.08(W0.14),DSF=1.00,CFL=18.12/22.07
12-30 19:55:30.009 28648 28780 I VrApi   : FPS=72/72,Prd=0ms,Tear=0,Early=0,Stale=0,VSnc=1,Lat=0,Fov=0,CPU4/GPU=2/2,1171/441MHz,OC=FF,TA=0/70/0,SP=N/F/N,Mem=1555MHz,Free=8775MB,PLS=0,Temp=20.2C/0.0C,TW=4.33ms,App=0.97ms,GD=0.00ms,CPU&GPU=12.59ms,LCnt=1(DR72,LM0),GPU%=0.39,CPU%=0.05(W0.10),DSF=1.00,CFL=18.13/22.72
12-30 19:55:31.008 28648 28780 I VrApi   : FPS=72/72,Prd=0ms,Tear=0,Early=0,Stale=0,VSnc=1,Lat=0,Fov=0,CPU4/GPU=2/2,1171/441MHz,OC=FF,TA=0/70/0,SP=N/F/N,Mem=1555MHz,Free=8775MB,PLS=0,Temp=20.2C/0.0C,TW=4.34ms,App=1.15ms,GD=0.00ms,CPU&GPU=12.61ms,LCnt=1(DR72,LM0),GPU%=0.41,CPU%=0.15(W0.25),DSF=1.00,CFL=18.36/21.92
12-30 19:55:32.008 28648 28780 I VrApi   : FPS=72/72,Prd=0ms,Tear=0,Early=0,Stale=0,VSnc=1,Lat=0,Fov=0,CPU4/GPU=2/2,1171/441MHz,OC=FF,TA=0/70/0,SP=N/F/N,Mem=1555MHz,Free=8775MB,PLS=0,Temp=20.2C/0.0C,TW=4.35ms,App=1.15ms,GD=0.00ms,CPU&GPU=12.60ms,LCnt=1(DR72,LM0),GPU%=0.41,CPU%=0.03(W0.10),DSF=1.00,CFL=18.24/22.09
12-30 19:55:33.009 28648 28780 I VrApi   : FPS=72/72,Prd=0ms,Tear=0,Early=0,Stale=0,VSnc=1,Lat=0,Fov=0,CPU4/GPU=2/2,1171/441MHz,OC=FF,TA=0/70/0,SP=N/F/N,Mem=1555MHz,Free=8775MB,PLS=0,Temp=20.2C/0.0C,TW=4.20ms,App=1.10ms,GD=0.00ms,CPU&GPU=12.60ms,LCnt=1(DR72,LM0),GPU%=0.41,CPU%=0.05(W0.15),DSF=1.00,CFL=18.30/21.94
12-30 19:55:34.008 28648 28780 I VrApi   : FPS=72/72,Prd=0ms,Tear=0,Early=0,Stale=0,VSnc=1,Lat=0,Fov=0,CPU4/GPU=2/2,1171/441MHz,OC=FF,TA=0/70/0,SP=N/F/N,Mem=1804MHz,Free=8775MB,PLS=0,Temp=20.2C/0.0C,TW=4.50ms,App=0.98ms,GD=0.00ms,CPU&GPU=12.61ms,LCnt=1(DR72,LM0),GPU%=0.40,CPU%=0.05(W0.10),DSF=1.00,CFL=17.94/22.20
12-30 19:55:35.008 28648 28780 I VrApi   : FPS=72/72,Prd=0ms,Tear=0,Early=0,Stale=0,VSnc=1,Lat=0,Fov=0,CPU4/GPU=2/2,1171/441MHz,OC=FF,TA=0/70/0,SP=N/F/N,Mem=1555MHz,Free=8775MB,PLS=0,Temp=20.2C/0.0C,TW=4.34ms,App=0.97ms,GD=0.00ms,CPU&GPU=12.60ms,LCnt=1(DR72,LM0),GPU%=0.40,CPU%=0.03(W0.10),DSF=1.00,CFL=18.26/21.63
12-30 19:55:36.010 28648 28780 I VrApi   : FPS=72/72,Prd=0ms,Tear=0,Early=0,Stale=0,VSnc=1,Lat=0,Fov=0,CPU4/GPU=2/2,1171/441MHz,OC=FF,TA=0/70/0,SP=N/F/N,Mem=1555MHz,Free=8775MB,PLS=0,Temp=20.2C/0.0C,TW=4.34ms,App=1.06ms,GD=0.00ms,CPU&GPU=12.61ms,LCnt=1(DR72,LM0),GPU%=0.40,CPU%=0.11(W0.14),DSF=1.00,CFL=18.10/22.24
12-30 19:55:37.009 28648 28780 I VrApi   : FPS=72/72,Prd=0ms,Tear=0,Early=0,Stale=0,VSnc=1,Lat=0,Fov=0,CPU4/GPU=2/2,1171/441MHz,OC=FF,TA=0/70/0,SP=N/F/N,Mem=1555MHz,Free=8775MB,PLS=0,Temp=20.2C/0.0C,TW=4.18ms,App=1.07ms,GD=0.00ms,CPU&GPU=12.60ms,LCnt=1(DR72,LM0),GPU%=0.41,CPU%=0.17(W0.22),DSF=1.00,CFL=18.10/22.16
12-30 19:55:38.008 28648 28780 I VrApi   : FPS=72/72,Prd=0ms,Tear=0,Early=0,Stale=0,VSnc=1,Lat=0,Fov=0,CPU4/GPU=2/2,1171/441MHz,OC=FF,TA=0/70/0,SP=N/F/N,Mem=1555MHz,Free=8775MB,PLS=0,Temp=20.2C/0.0C,TW=4.32ms,App=1.01ms,GD=0.00ms,CPU&GPU=12.60ms,LCnt=1(DR72,LM0),GPU%=0.39,CPU%=0.05(W0.10),DSF=1.00,CFL=18.31/22.01
12-30 19:55:39.010 28648 28780 I VrApi   : FPS=72/72,Prd=0ms,Tear=0,Early=0,Stale=0,VSnc=1,Lat=0,Fov=0,CPU4/GPU=2/2,1171/441MHz,OC=FF,TA=0/70/0,SP=N/F/N,Mem=1555MHz,Free=8775MB,PLS=0,Temp=20.2C/0.0C,TW=4.34ms,App=1.00ms,GD=0.00ms,CPU&GPU=12.59ms,LCnt=1(DR72,LM0),GPU%=0.40,CPU%=0.08(W0.14),DSF=1.00,CFL=18.43/21.80
12-30 19:55:39.704 28648 28674 W VrApi   : ovr_SubmitFrameInternal: FrameIndex discontinuity: Expected 1228, Received 1229
12-30 19:55:39.722 28648 28674 W VrApi   : ovr_SubmitFrameInternal: FrameIndex discontinuity: Expected 1230, Received 1231
12-30 19:55:40.008 28648 28780 I VrApi   : FPS=72/72,Prd=0ms,Tear=0,Early=0,Stale=0,VSnc=1,Lat=0,Fov=0,CPU4/GPU=2/2,1171/441MHz,OC=FF,TA=0/70/0,SP=N/F/N,Mem=1555MHz,Free=8775MB,PLS=0,Temp=20.2C/0.0C,TW=4.49ms,App=0.89ms,GD=0.00ms,CPU&GPU=12.60ms,LCnt=1(DR72,LM0),GPU%=0.36,CPU%=0.13(W0.24),DSF=1.00,CFL=18.11/21.81
12-30 19:55:41.011 28648 28780 I VrApi   : FPS=70/72,Prd=0ms,Tear=0,Early=0,Stale=11,VSnc=1,Lat=0,Fov=0,CPU4/GPU=2/2,1171/441MHz,OC=FF,TA=0/70/0,SP=N/F/N,Mem=1555MHz,Free=8775MB,PLS=0,Temp=20.2C/0.0C,TW=4.50ms,App=0.93ms,GD=0.00ms,CPU&GPU=13.92ms,LCnt=1(DR72,LM0),GPU%=0.39,CPU%=0.05(W0.14),DSF=1.00,CFL=18.17/22.12
12-30 19:55:42.013 28648 28780 I VrApi   : FPS=72/72,Prd=0ms,Tear=0,Early=0,Stale=0,VSnc=1,Lat=0,Fov=0,CPU4/GPU=2/2,1171/441MHz,OC=FF,TA=0/70/0,SP=N/F/N,Mem=1555MHz,Free=8397MB,PLS=0,Temp=20.2C/0.0C,TW=4.49ms,App=0.92ms,GD=0.00ms,CPU&GPU=13.91ms,LCnt=1(DR72,LM0),GPU%=0.39,CPU%=0.07(W0.10),DSF=1.00,CFL=18.00/22.23
12-30 19:55:43.010 28648 28780 I VrApi   : FPS=72/72,Prd=0ms,Tear=0,Early=0,Stale=0,VSnc=1,Lat=0,Fov=0,CPU4/GPU=2/2,1171/441MHz,OC=FF,TA=0/70/0,SP=N/F/N,Mem=1555MHz,Free=8397MB,PLS=0,Temp=20.2C/0.0C,TW=4.50ms,App=0.86ms,GD=0.00ms,CPU&GPU=13.92ms,LCnt=1(DR72,LM0),GPU%=0.39,CPU%=0.11(W0.17),DSF=1.00,CFL=18.27/21.65
12-30 19:55:44.009 28648 28780 I VrApi   : FPS=72/72,Prd=0ms,Tear=0,Early=0,Stale=0,VSnc=1,Lat=0,Fov=0,CPU4/GPU=2/2,1171/441MHz,OC=FF,TA=0/70/0,SP=N/F/N,Mem=1555MHz,Free=8397MB,PLS=0,Temp=20.2C/0.0C,TW=4.51ms,App=0.94ms,GD=0.00ms,CPU&GPU=13.91ms,LCnt=1(DR72,LM0),GPU%=0.39,CPU%=0.08(W0.18),DSF=1.00,CFL=18.01/21.91
12-30 19:55:45.014 28648 28780 I VrApi   : FPS=72/72,Prd=0ms,Tear=0,Early=0,Stale=0,VSnc=1,Lat=0,Fov=0,CPU4/GPU=2/2,1171/441MHz,OC=FF,TA=0/70/0,SP=N/F/N,Mem=1555MHz,Free=8397MB,PLS=0,Temp=20.2C/0.0C,TW=4.34ms,App=1.01ms,GD=0.00ms,CPU&GPU=13.91ms,LCnt=1(DR72,LM0),GPU%=0.40,CPU%=0.06(W0.14),DSF=1.00,CFL=18.39/24.37
12-30 19:55:46.010 28648 28780 I VrApi   : FPS=72/72,Prd=0ms,Tear=0,Early=0,Stale=0,VSnc=1,Lat=0,Fov=0,CPU4/GPU=2/2,1171/441MHz,OC=FF,TA=0/70/0,SP=N/F/N,Mem=1555MHz,Free=8397MB,PLS=0,Temp=20.2C/0.0C,TW=4.36ms,App=0.99ms,GD=0.00ms,CPU&GPU=13.91ms,LCnt=1(DR72,LM0),GPU%=0.39,CPU%=0.11(W0.14),DSF=1.00,CFL=18.28/22.02
12-30 19:55:47.011 28648 28780 I VrApi   : FPS=72/72,Prd=0ms,Tear=0,Early=0,Stale=0,VSnc=1,Lat=0,Fov=0,CPU4/GPU=2/2,1171/441MHz,OC=FF,TA=0/70/0,SP=N/F/N,Mem=1555MHz,Free=8397MB,PLS=0,Temp=20.2C/0.0C,TW=4.49ms,App=1.00ms,GD=0.00ms,CPU&GPU=13.92ms,LCnt=1(DR72,LM0),GPU%=0.40,CPU%=0.05(W0.10),DSF=1.00,CFL=17.96/21.68
12-30 19:55:48.010 28648 28780 I VrApi   : FPS=72/72,Prd=0ms,Tear=0,Early=0,Stale=0,VSnc=1,Lat=0,Fov=0,CPU4/GPU=2/2,1171/441MHz,OC=FF,TA=0/70/0,SP=N/F/N,Mem=1555MHz,Free=8397MB,PLS=0,Temp=20.2C/0.0C,TW=4.35ms,App=0.97ms,GD=0.00ms,CPU&GPU=13.91ms,LCnt=1(DR72,LM0),GPU%=0.40,CPU%=0.08(W0.10),DSF=1.00,CFL=18.18/22.40
12-30 19:55:49.011 28648 28780 I VrApi   : FPS=72/72,Prd=0ms,Tear=0,Early=0,Stale=0,VSnc=1,Lat=0,Fov=0,CPU4/GPU=2/2,1171/441MHz,OC=FF,TA=0/70/0,SP=N/F/N,Mem=1555MHz,Free=8397MB,PLS=0,Temp=20.2C/0.0C,TW=4.35ms,App=0.98ms,GD=0.00ms,CPU&GPU=13.91ms,LCnt=1(DR72,LM0),GPU%=0.39,CPU%=0.11(W0.18),DSF=1.00,CFL=18.17/21.96
12-30 19:55:50.011 28648 28780 I VrApi   : FPS=72/72,Prd=0ms,Tear=0,Early=0,Stale=3,VSnc=1,Lat=0,Fov=0,CPU4/GPU=2/2,1171/441MHz,OC=FF,TA=0/70/0,SP=N/F/N,Mem=1555MHz,Free=8397MB,PLS=0,Temp=20.2C/0.0C,TW=4.36ms,App=1.10ms,GD=0.00ms,CPU&GPU=13.26ms,LCnt=1(DR72,LM0),GPU%=0.40,CPU%=0.08(W0.10),DSF=1.00,CFL=18.12/21.97
12-30 19:55:51.011 28648 28780 I VrApi   : FPS=72/72,Prd=0ms,Tear=0,Early=0,Stale=0,VSnc=1,Lat=0,Fov=0,CPU4/GPU=2/2,1171/441MHz,OC=FF,TA=0/70/0,SP=N/F/N,Mem=1555MHz,Free=8397MB,PLS=0,Temp=20.2C/0.0C,TW=4.21ms,App=1.11ms,GD=0.00ms,CPU&GPU=12.60ms,LCnt=1(DR72,LM0),GPU%=0.41,CPU%=0.09(W0.18),DSF=1.00,CFL=18.18/22.12
