01-24 03:29:27.005 20679 21701 I VrApi   : FPS=1/90,Prd=0ms,Tear=0,Early=0,Stale=90,VSnc=0,Lat=0,Fov=0,CPU4/GPU=4/4,1171/441MHz,OC=FF,TA=0/0/0,SP=N/N/N,Mem=1804MHz,Free=8698MB,PLS=0,Temp=0.0C/0.0C,TW=2.84ms,App=0.01ms,GD=0.27ms,CPU&GPU=0.00ms,LCnt=2(DR46,LM2),GPU%=0.60,CPU%=0.05(W0.14),DSF=1.00,CFL=17.44/21.02
01-24 03:29:28.004 20679 21701 I VrApi   : FPS=1/90,Prd=0ms,Tear=0,Early=0,Stale=90,VSnc=0,Lat=0,Fov=0,CPU4/GPU=4/4,1171/441MHz,OC=FF,TA=0/0/0,SP=N/N/N,Mem=1804MHz,Free=8698MB,PLS=0,Temp=0.0C/0.0C,TW=2.84ms,App=0.01ms,GD=0.27ms,CPU&GPU=0.00ms,LCnt=2(DR46,LM2),GPU%=0.60,CPU%=0.05(W0.14),DSF=1.00,CFL=17.44/21.02
01-24 03:29:29.004 20679 21701 I VrApi   : FPS=1/90,Prd=0ms,Tear=0,Early=0,Stale=90,VSnc=0,Lat=0,Fov=0,CPU4/GPU=4/4,1171/441MHz,OC=FF,TA=0/0/0,SP=N/N/N,Mem=1804MHz,Free=8698MB,PLS=0,Temp=0.0C/0.0C,TW=2.84ms,App=0.01ms,GD=0.27ms,CPU&GPU=0.00ms,LCnt=2(DR46,LM2),GPU%=0.60,CPU%=0.05(W0.14),DSF=1.00,CFL=17.44/21.02
01-24 03:29:30.004 20679 21701 I VrApi   : FPS=1/90,Prd=0ms,Tear=0,Early=0,Stale=90,VSnc=0,Lat=0,Fov=0,CPU4/GPU=4/4,1171/441MHz,OC=FF,TA=0/0/0,SP=N/N/N,Mem=1804MHz,Free=8698MB,PLS=0,Temp=0.0C/0.0C,TW=2.84ms,App=0.01ms,GD=0.27ms,CPU&GPU=0.00ms,LCnt=2(DR46,LM2),GPU%=0.60,CPU%=0.05(W0.14),DSF=1.00,CFL=17.44/21.02
01-24 03:29:31.004 20679 21701 I VrApi   : FPS=1/90,Prd=0ms,Tear=0,Early=0,Stale=90,VSnc=0,Lat=0,Fov=0,CPU4/GPU=4/4,1171/441MHz,OC=FF,TA=0/0/0,SP=N/N/N,Mem=1804MHz,Free=8698MB,PLS=0,Temp=0.0C/0.0C,TW=2.84ms,App=0.01ms,GD=0.27ms,CPU&GPU=0.00ms,LCnt=2(DR46,LM2),GPU%=0.60,CPU%=0.05(W0.14),DSF=1.00,CFL=17.44/21.02
01-24 03:29:32.004 20679 21701 I VrApi   : FPS=1/90,Prd=0ms,Tear=0,Early=0,Stale=90,VSnc=0,Lat=0,Fov=0,CPU4/GPU=4/4,1171/441MHz,OC=FF,TA=0/0/0,SP=N/N/N,Mem=1804MHz,Free=8698MB,PLS=0,Temp=0.0C/0.0C,TW=2.84ms,App=0.01ms,GD=0.27ms,CPU&GPU=0.00ms,LCnt=2(DR46,LM2),GPU%=0.60,CPU%=0.05(W0.14),DSF=1.00,CFL=17.44/21.02
01-24 03:29:33.004 20679 21701 I VrApi   : FPS=1/90,Prd=0ms,Tear=0,Early=0,Stale=90,VSnc=0,Lat=0,Fov=0,CPU4/GPU=4/4,1171/441MHz,OC=FF,TA=0/0/0,SP=N/N/N,Mem=1804MHz,Free=8698MB,PLS=0,Temp=0.0C/0.0C,TW=2.84ms,App=0.01ms,GD=0.27ms,CPU&GPU=0.00ms,LCnt=2(DR46,LM2),GPU%=0.60,CPU%=0.05(W0.14),DSF=1.00,CFL=17.44/21.02
01-24 03:29:34.004 20679 21701 I VrApi   : FPS=1/90,Prd=0ms,Tear=0,Early=0,Stale=90,VSnc=0,Lat=0,Fov=0,CPU4/GPU=4/4,1171/441MHz,OC=FF,TA=0/0/0,SP=N/N/N,Mem=1804MHz,Free=8698MB,PLS=0,Temp=0.0C/0.0C,TW=2.84ms,App=0.01ms,GD=0.27ms,CPU&GPU=0.00ms,LCnt=2(DR46,LM2),GPU%=0.60,CPU%=0.05(W0.14),DSF=1.00,CFL=17.44/21.02
01-24 03:29:35.007 20679 21701 I VrApi   : FPS=1/90,Prd=0ms,Tear=0,Early=0,Stale=90,VSnc=0,Lat=0,Fov=0,CPU4/GPU=4/4,1171/441MHz,OC=FF,TA=0/0/0,SP=N/N/N,Mem=1804MHz,Free=8690MB,PLS=0,Temp=0.0C/0.0C,TW=2.84ms,App=0.01ms,GD=0.27ms,CPU&GPU=0.00ms,LCnt=2(DR46,LM2),GPU%=0.60,CPU%=0.05(W0.14),DSF=1.00,CFL=17.44/21.02
01-24 03:29:36.004 20679 21701 I VrApi   : FPS=1/90,Prd=0ms,Tear=0,Early=0,Stale=90,VSnc=0,Lat=0,Fov=0,CPU4/GPU=4/4,1171/441MHz,OC=FF,TA=0/0/0,SP=N/N/N,Mem=1804MHz,Free=8690MB,PLS=0,Temp=0.0C/0.0C,TW=2.84ms,App=0.01ms,GD=0.27ms,CPU&GPU=0.00ms,LCnt=2(DR46,LM2),GPU%=0.60,CPU%=0.05(W0.14),DSF=1.00,CFL=17.44/21.02
01-24 03:29:37.005 20679 21701 I VrApi   : FPS=1/90,Prd=0ms,Tear=0,Early=0,Stale=90,VSnc=0,Lat=0,Fov=0,CPU4/GPU=4/4,1171/441MHz,OC=FF,TA=0/0/0,SP=N/N/N,Mem=1804MHz,Free=8690MB,PLS=0,Temp=0.0C/0.0C,TW=2.84ms,App=0.01ms,GD=0.27ms,CPU&GPU=0.00ms,LCnt=2(DR46,LM2),GPU%=0.60,CPU%=0.05(W0.14),DSF=1.00,CFL=17.44/21.02
01-24 03:29:38.004 20679 21701 I VrApi   : FPS=1/90,Prd=0ms,Tear=0,Early=0,Stale=90,VSnc=0,Lat=0,Fov=0,CPU4/GPU=4/4,1171/441MHz,OC=FF,TA=0/0/0,SP=N/N/N,Mem=1804MHz,Free=8690MB,PLS=0,Temp=0.0C/0.0C,TW=2.84ms,App=0.01ms,GD=0.27ms,CPU&GPU=0.00ms,LCnt=2(DR46,LM2),GPU%=0.60,CPU%=0.05(W0.14),DSF=1.00,CFL=17.44/21.02
01-24 03:29:39.004 20679 21701 I VrApi   : FPS=1/90,Prd=0ms,Tear=0,Early=0,Stale=90,VSnc=0,Lat=0,Fov=0,CPU4/GPU=4/4,1171/441MHz,OC=FF,TA=0/0/0,SP=N/N/N,Mem=1804MHz,Free=8690MB,PLS=0,Temp=0.0C/0.0C,TW=2.84ms,App=0.01ms,GD=0.27ms,CPU&GPU=0.00ms,LCnt=2(DR46,LM2),GPU%=0.60,CPU%=0.05(W0.14),DSF=1.00,CFL=17.44/21.02
01-24 03:29:40.004 20679 21701 I VrApi   : FPS=1/90,Prd=0ms,Tear=0,Early=0,Stale=90,VSnc=0,Lat=0,Fov=0,CPU4/GPU=4/4,1171/441MHz,OC=FF,TA=0/0/0,SP=N/N/N,Mem=1804MHz,Free=8690MB,PLS=0,Temp=0.0C/0.0C,TW=2.84ms,App=0.01ms,GD=0.27ms,CPU&GPU=0.00ms,LCnt=2(DR46,LM2),GPU%=0.60,CPU%=0.05(W0.14),DSF=1.00,CFL=17.44/21.02
01-24 03:29:41.004 20679 21701 I VrApi   : FPS=1/90,Prd=0ms,Tear=0,Early=0,Stale=90,VSnc=0,Lat=0,Fov=0,CPU4/GPU=4/4,1171/441MHz,OC=FF,TA=0/0/0,SP=N/N/N,Mem=1804MHz,Free=8690MB,PLS=0,Temp=0.0C/0.0C,TW=2.84ms,App=0.01ms,GD=0.27ms,CPU&GPU=0.00ms,LCnt=2(DR46,LM2),GPU%=0.60,CPU%=0.05(W0.14),DSF=1.00,CFL=17.44/21.02
01-24 03:29:42.005 20679 21701 I VrApi   : FPS=1/90,Prd=0ms,Tear=0,Early=0,Stale=90,VSnc=0,Lat=0,Fov=0,CPU4/GPU=4/4,1171/441MHz,OC=FF,TA=0/0/0,SP=N/N/N,Mem=1804MHz,Free=8690MB,PLS=0,Temp=0.0C/0.0C,TW=2.84ms,App=0.01ms,GD=0.27ms,CPU&GPU=0.00ms,LCnt=2(DR46,LM2),GPU%=0.60,CPU%=0.05(W0.14),DSF=1.00,CFL=17.44/21.02
01-24 03:29:43.005 20679 21701 I VrApi   : FPS=1/90,Prd=0ms,Tear=0,Early=0,Stale=90,VSnc=0,Lat=0,Fov=0,CPU4/GPU=4/4,1171/441MHz,OC=FF,TA=0/0/0,SP=N/N/N,Mem=1804MHz,Free=8690MB,PLS=0,Temp=0.0C/0.0C,TW=2.84ms,App=0.01ms,GD=0.27ms,CPU&GPU=0.00ms,LCnt=2(DR46,LM2),GPU%=0.60,CPU%=0.05(W0.14),DSF=1.00,CFL=17.44/21.02
01-24 03:29:44.005 20679 21701 I VrApi   : FPS=1/90,Prd=0ms,Tear=0,Early=0,Stale=90,VSnc=0,Lat=0,Fov=0,CPU4/GPU=4/4,1171/441MHz,OC=FF,TA=0/0/0,SP=N/N/N,Mem=1804MHz,Free=8690MB,PLS=0,Temp=0.0C/0.0C,TW=2.84ms,App=0.01ms,GD=0.27ms,CPU&GPU=0.00ms,LCnt=2(DR46,LM2),GPU%=0.60,CPU%=0.05(W0.14),DSF=1.00,CFL=17.44/21.02
01-24 03:29:45.005 20679 21701 I VrApi   : FPS=1/90,Prd=0ms,Tear=0,Early=0,Stale=90,VSnc=0,Lat=0,Fov=0,CPU4/GPU=4/4,1171/441MHz,OC=FF,TA=0/0/0,SP=N/N/N,Mem=1804MHz,Free=8690MB,PLS=0,Temp=0.0C/0.0C,TW=2.84ms,App=0.01ms,GD=0.27ms,CPU&GPU=0.00ms,LCnt=2(DR46,LM2),GPU%=0.60,CPU%=0.05(W0.14),DSF=1.00,CFL=17.44/21.02
01-24 03:29:46.005 20679 21701 I VrApi   : FPS=1/90,Prd=0ms,Tear=0,Early=0,Stale=90,VSnc=0,Lat=0,Fov=0,CPU4/GPU=4/4,1171/441MHz,OC=FF,TA=0/0/0,SP=N/N/N,Mem=1804MHz,Free=8690MB,PLS=0,Temp=0.0C/0.0C,TW=2.84ms,App=0.01ms,GD=0.27ms,CPU&GPU=0.00ms,LCnt=2(DR46,LM2),GPU%=0.60,CPU%=0.05(W0.14),DSF=1.00,CFL=17.44/21.02
01-24 03:29:47.006 20679 21701 I VrApi   : FPS=1/90,Prd=0ms,Tear=0,Early=0,Stale=90,VSnc=0,Lat=0,Fov=0,CPU4/GPU=4/4,1171/441MHz,OC=FF,TA=0/0/0,SP=N/N/N,Mem=1804MHz,Free=8690MB,PLS=0,Temp=0.0C/0.0C,TW=2.84ms,App=0.01ms,GD=0.27ms,CPU&GPU=0.00ms,LCnt=2(DR46,LM2),GPU%=0.60,CPU%=0.05(W0.14),DSF=1.00,CFL=17.44/21.02
01-24 03:29:48.005 20679 21701 I VrApi   : FPS=1/90,Prd=0ms,Tear=0,Early=0,Stale=90,VSnc=0,Lat=0,Fov=0,CPU4/GPU=4/4,1171/441MHz,OC=FF,TA=0/0/0,SP=N/N/N,Mem=1804MHz,Free=8690MB,PLS=0,Temp=0.0C/0.0C,TW=2.84ms,App=0.01ms,GD=0.27ms,CPU&GPU=0.00ms,LCnt=2(DR46,LM2),GPU%=0.60,CPU%=0.05(W0.14),DSF=1.00,CFL=17.44/21.02
01-24 03:29:49.005 20679 21701 I VrApi   : FPS=1/90,Prd=0ms,Tear=0,Early=0,Stale=90,VSnc=0,Lat=0,Fov=0,CPU4/GPU=4/4,1171/441MHz,OC=FF,TA=0/0/0,SP=N/N/N,Mem=1804MHz,Free=8690MB,PLS=0,Temp=0.0C/0.0C,TW=2.84ms,App=0.01ms,GD=0.27ms,CPU&GPU=0.00ms,LCnt=2(DR46,LM2),GPU%=0.60,CPU%=0.05(W0.14),DSF=1.00,CFL=17.44/21.02
01-24 03:29:50.005 20679 21701 I VrApi   : FPS=1/90,Prd=0ms,Tear=0,Early=0,Stale=90,VSnc=0,Lat=0,Fov=0,CPU4/GPU=4/4,1171/441MHz,OC=FF,TA=0/0/0,SP=N/N/N,Mem=2092MHz,Free=8690MB,PLS=0,Temp=0.0C/0.0C,TW=2.84ms,App=0.01ms,GD=0.27ms,CPU&GPU=0.00ms,LCnt=2(DR46,LM2),GPU%=0.60,CPU%=0.05(W0.14),DSF=1.00,CFL=17.44/21.02
01-24 03:29:51.005 20679 21701 I VrApi   : FPS=1/90,Prd=0ms,Tear=0,Early=0,Stale=90,VSnc=0,Lat=0,Fov=0,CPU4/GPU=4/4,1171/441MHz,OC=FF,TA=0/0/0,SP=N/N/N,Mem=2092MHz,Free=8690MB,PLS=0,Temp=0.0C/0.0C,TW=2.84ms,App=0.01ms,GD=0.27ms,CPU&GPU=0.00ms,LCnt=2(DR46,LM2),GPU%=0.60,CPU%=0.05(W0.14),DSF=1.00,CFL=17.44/21.02
01-24 03:29:52.005 20679 21701 I VrApi   : FPS=1/90,Prd=0ms,Tear=0,Early=0,Stale=90,VSnc=0,Lat=0,Fov=0,CPU4/GPU=4/4,1171/441MHz,OC=FF,TA=0/0/0,SP=N/N/N,Mem=2092MHz,Free=8690MB,PLS=0,Temp=0.0C/0.0C,TW=2.84ms,App=0.01ms,GD=0.27ms,CPU&GPU=0.00ms,LCnt=2(DR46,LM2),GPU%=0.60,CPU%=0.05(W0.14),DSF=1.00,CFL=17.44/21.02
01-24 03:29:53.005 20679 21701 I VrApi   : FPS=1/90,Prd=0ms,Tear=0,Early=0,Stale=90,VSnc=0,Lat=0,Fov=0,CPU4/GPU=4/4,1171/441MHz,OC=FF,TA=0/0/0,SP=N/N/N,Mem=2092MHz,Free=8690MB,PLS=0,Temp=0.0C/0.0C,TW=2.84ms,App=0.01ms,GD=0.27ms,CPU&GPU=0.00ms,LCnt=2(DR46,LM2),GPU%=0.60,CPU%=0.05(W0.14),DSF=1.00,CFL=17.44/21.02
01-24 03:29:54.006 20679 21701 I VrApi   : FPS=1/90,Prd=0ms,Tear=0,Early=0,Stale=90,VSnc=0,Lat=0,Fov=0,CPU4/GPU=4/4,1171/441MHz,OC=FF,TA=0/0/0,SP=N/N/N,Mem=1555MHz,Free=8690MB,PLS=0,Temp=0.0C/0.0C,TW=2.84ms,App=0.01ms,GD=0.27ms,CPU&GPU=0.00ms,LCnt=2(DR46,LM2),GPU%=0.60,CPU%=0.05(W0.14),DSF=1.00,CFL=17.44/21.02
01-24 03:29:55.009 20679 21701 I VrApi   : FPS=1/90,Prd=0ms,Tear=0,Early=0,Stale=90,VSnc=0,Lat=0,Fov=0,CPU4/GPU=4/4,1171/441MHz,OC=FF,TA=0/0/0,SP=N/N/N,Mem=1555MHz,Free=8689MB,PLS=0,Temp=0.0C/0.0C,TW=2.84ms,App=0.01ms,GD=0.27ms,CPU&GPU=0.00ms,LCnt=2(DR46,LM2),GPU%=0.60,CPU%=0.05(W0.14),DSF=1.00,CFL=17.44/21.02
01-24 03:29:56.006 20679 21701 I VrApi   : FPS=1/90,Prd=0ms,Tear=0,Early=0,Stale=90,VSnc=0,Lat=0,Fov=0,CPU4/GPU=4/4,1171/441MHz,OC=FF,TA=0/0/0,SP=N/N/N,Mem=1555MHz,Free=8689MB,PLS=0,Temp=0.0C/0.0C,TW=2.84ms,App=0.01ms,GD=0.27ms,CPU&GPU=0.00ms,LCnt=2(DR46,LM2),GPU%=0.60,CPU%=0.05(W0.14),DSF=1.00,CFL=17.44/21.02
01-24 03:29:57.006 20679 21701 I VrApi   : FPS=1/90,Prd=0ms,Tear=0,Early=0,Stale=90,VSnc=0,Lat=0,Fov=0,CPU4/GPU=4/4,1171/441MHz,OC=FF,TA=0/0/0,SP=N/N/N,Mem=1555MHz,Free=8689MB,PLS=0,Temp=0.0C/0.0C,TW=2.84ms,App=0.01ms,GD=0.27ms,CPU&GPU=0.00ms,LCnt=2(DR46,LM2),GPU%=0.60,CPU%=0.05(W0.14),DSF=1.00,CFL=17.44/21.02
01-24 03:29:58.006 20679 21701 I VrApi   : FPS=1/90,Prd=0ms,Tear=0,Early=0,Stale=90,VSnc=0,Lat=0,Fov=0,CPU4/GPU=4/4,1171/441MHz,OC=FF,TA=0/0/0,SP=N/N/N,Mem=1555MHz,Free=8689MB,PLS=0,Temp=0.0C/0.0C,TW=2.84ms,App=0.01ms,GD=0.27ms,CPU&GPU=0.00ms,LCnt=2(DR46,LM2),GPU%=0.60,CPU%=0.05(W0.14),DSF=1.00,CFL=17.44/21.02
01-24 03:29:59.006 20679 21701 I VrApi   : FPS=1/90,Prd=0ms,Tear=0,Early=0,Stale=90,VSnc=0,Lat=0,Fov=0,CPU4/GPU=4/4,1171/441MHz,OC=FF,TA=0/0/0,SP=N/N/N,Mem=1555MHz,Free=8689MB,PLS=0,Temp=0.0C/0.0C,TW=2.84ms,App=0.01ms,GD=0.27ms,CPU&GPU=0.00ms,LCnt=2(DR46,LM2),GPU%=0.60,CPU%=0.05(W0.14),DSF=1.00,CFL=17.44/21.02
01-24 03:30:00.007 20679 21701 I VrApi   : FPS=1/90,Prd=0ms,Tear=0,Early=0,Stale=90,VSnc=0,Lat=0,Fov=0,CPU4/GPU=4/4,1171/441MHz,OC=FF,TA=0/0/0,SP=N/N/N,Mem=1555MHz,Free=8689MB,PLS=0,Temp=0.0C/0.0C,TW=2.84ms,App=0.01ms,GD=0.27ms,CPU&GPU=0.00ms,LCnt=2(DR46,LM2),GPU%=0.60,CPU%=0.05(W0.14),DSF=1.00,CFL=17.44/21.02
01-24 03:30:01.006 20679 21701 I VrApi   : FPS=1/90,Prd=0ms,Tear=0,Early=0,Stale=90,VSnc=0,Lat=0,Fov=0,CPU4/GPU=4/4,1171/441MHz,OC=FF,TA=0/0/0,SP=N/N/N,Mem=1555MHz,Free=8689MB,PLS=0,Temp=0.0C/0.0C,TW=2.84ms,App=0.01ms,GD=0.27ms,CPU&GPU=0.00ms,LCnt=2(DR46,LM2),GPU%=0.60,CPU%=0.05(W0.14),DSF=1.00,CFL=17.44/21.02
01-24 03:30:02.006 20679 21701 I VrApi   : FPS=1/90,Prd=0ms,Tear=0,Early=0,Stale=90,VSnc=0,Lat=0,Fov=0,CPU4/GPU=4/4,1171/441MHz,OC=FF,TA=0/0/0,SP=N/N/N,Mem=1555MHz,Free=8689MB,PLS=0,Temp=0.0C/0.0C,TW=2.84ms,App=0.01ms,GD=0.27ms,CPU&GPU=0.00ms,LCnt=2(DR46,LM2),GPU%=0.60,CPU%=0.05(W0.14),DSF=1.00,CFL=17.44/21.02
01-24 03:30:03.006 20679 21701 I VrApi   : FPS=1/90,Prd=0ms,Tear=0,Early=0,Stale=90,VSnc=0,Lat=0,Fov=0,CPU4/GPU=4/4,1171/441MHz,OC=FF,TA=0/0/0,SP=N/N/N,Mem=1804MHz,Free=8689MB,PLS=0,Temp=0.0C/0.0C,TW=2.84ms,App=0.01ms,GD=0.27ms,CPU&GPU=0.00ms,LCnt=2(DR46,LM2),GPU%=0.60,CPU%=0.05(W0.14),DSF=1.00,CFL=17.44/21.02
01-24 03:30:04.006 20679 21701 I VrApi   : FPS=1/90,Prd=0ms,Tear=0,Early=0,Stale=90,VSnc=0,Lat=0,Fov=0,CPU4/GPU=4/4,1171/441MHz,OC=FF,TA=0/0/0,SP=N/N/N,Mem=1804MHz,Free=8689MB,PLS=0,Temp=0.0C/0.0C,TW=2.84ms,App=0.01ms,GD=0.27ms,CPU&GPU=0.00ms,LCnt=2(DR46,LM2),GPU%=0.60,CPU%=0.05(W0.14),DSF=1.00,CFL=17.44/21.02
01-24 03:30:05.006 20679 21701 I VrApi   : FPS=1/90,Prd=0ms,Tear=0,Early=0,Stale=90,VSnc=0,Lat=0,Fov=0,CPU4/GPU=4/4,1171/441MHz,OC=FF,TA=0/0/0,SP=N/N/N,Mem=1555MHz,Free=8689MB,PLS=0,Temp=0.0C/0.0C,TW=2.84ms,App=0.01ms,GD=0.27ms,CPU&GPU=0.00ms,LCnt=2(DR46,LM2),GPU%=0.60,CPU%=0.05(W0.14),DSF=1.00,CFL=17.44/21.02
01-24 03:30:06.007 20679 21701 I VrApi   : FPS=1/90,Prd=0ms,Tear=0,Early=0,Stale=90,VSnc=0,Lat=0,Fov=0,CPU4/GPU=4/4,1171/441MHz,OC=FF,TA=0/0/0,SP=N/N/N,Mem=1804MHz,Free=8689MB,PLS=0,Temp=0.0C/0.0C,TW=2.84ms,App=0.01ms,GD=0.27ms,CPU&GPU=0.00ms,LCnt=2(DR46,LM2),GPU%=0.60,CPU%=0.05(W0.14),DSF=1.00,CFL=17.44/21.02
01-24 03:30:07.007 20679 21701 I VrApi   : FPS=1/90,Prd=0ms,Tear=0,Early=0,Stale=90,VSnc=0,Lat=0,Fov=0,CPU4/GPU=4/4,1171/441MHz,OC=FF,TA=0/0/0,SP=N/N/N,Mem=1804MHz,Free=8689MB,PLS=0,Temp=0.0C/0.0C,TW=2.84ms,App=0.01ms,GD=0.27ms,CPU&GPU=0.00ms,LCnt=2(DR46,LM2),GPU%=0.60,CPU%=0.05(W0.14),DSF=1.00,CFL=17.44/21.02
01-24 03:30:08.006 20679 21701 I VrApi   : FPS=1/90,Prd=0ms,Tear=0,Early=0,Stale=90,VSnc=0,Lat=0,Fov=0,CPU4/GPU=4/4,1171/441MHz,OC=FF,TA=0/0/0,SP=N/N/N,Mem=1804MHz,Free=8689MB,PLS=0,Temp=0.0C/0.0C,TW=2.84ms,App=0.01ms,GD=0.27ms,CPU&GPU=0.00ms,LCnt=2(DR46,LM2),GPU%=0.60,CPU%=0.05(W0.14),DSF=1.00,CFL=17.44/21.02
01-24 03:30:09.006 20679 21701 I VrApi   : FPS=1/90,Prd=0ms,Tear=0,Early=0,Stale=90,VSnc=0,Lat=0,Fov=0,CPU4/GPU=4/4,1171/441MHz,OC=FF,TA=0/0/0,SP=N/N/N,Mem=1555MHz,Free=8689MB,PLS=0,Temp=0.0C/0.0C,TW=2.84ms,App=0.01ms,GD=0.27ms,CPU&GPU=0.00ms,LCnt=2(DR46,LM2),GPU%=0.60,CPU%=0.05(W0.14),DSF=1.00,CFL=17.44/21.02
01-24 03:30:09.007  2288  2574 D VrApi   : targetSDKVersion 29
01-24 03:30:09.041  2288  2574 I VrApi   : OVR::Stats thread started
01-24 03:30:09.051  2288 23224 D VrApi   : targetSDKVersion 29
01-24 03:30:09.064 20679 20708 I VrApi   : ---------- vrapi_LeaveVrMode [start] ----------
01-24 03:30:09.069 20679 20708 D VrApi   : targetSDKVersion 29
01-24 03:30:09.089 20679 21701 I VrApi   : FPS=1/72,Prd=0ms,Tear=0,Early=0,Stale=90,VSnc=0,Lat=0,Fov=0,CPU4/GPU=4/4,1478/525MHz,OC=FF,TA=0/0/0,SP=N/N/N,Mem=1804MHz,Free=8689MB,PLS=0,Temp=24.5C/0.0C,TW=2.84ms,App=0.01ms,GD=0.27ms,CPU&GPU=0.00ms,LCnt=2(DR46,LM2),GPU%=0.23,CPU%=0.08(W0.14),DSF=1.00,CFL=17.44/21.02
01-24 03:30:09.091 20679 20708 I VrApi   : OVR::Stats thread stopped
01-24 03:30:09.110 20679 20708 I VrApi   : ---------- vrapi_LeaveVrMode [end] ----------
01-24 03:30:16.147  2288  2574 D VrApi   : targetSDKVersion 29
01-24 03:30:16.195  2288  2574 I VrApi   : OVR::Stats thread stopped
01-24 03:30:16.345 20679 20708 I VrApi   : ---------- vrapi_EnterVrMode [start] ----------
01-24 03:30:16.347 20679 20708 D VrApi   : targetSDKVersion 29
01-24 03:30:16.354 20679 20708 I VrApi   : ovrModeParms::VRAPI_MODE_FLAG_RESET_WINDOW_FULLSCREEN = 0
01-24 03:30:16.354 20679 20708 I VrApi   : ovrModeParms::VRAPI_MODE_FLAG_NATIVE_WINDOW = 1
01-24 03:30:16.354 20679 20708 I VrApi   : ovrModeParms::VRAPI_MODE_FLAG_FRONT_BUFFER_SRGB = 0
01-24 03:30:16.354 20679 20708 I VrApi   : ovrModeParms::VRAPI_MODE_FLAG_PHASE_SYNC = 0
01-24 03:30:16.354 20679 20708 I VrApi   : ovrModeParms::VRAPI_MODE_FLAG_APP_SPACE_WARP = 0
01-24 03:30:16.354 20679 20708 I VrApi   : PhaseSync disabled
01-24 03:30:16.354 20679 20708 W VrApi   : Operating without a sensor.
01-24 03:30:16.400 20679 20708 I VrApi   : Creating Default swapchain
01-24 03:30:16.400 20679 20708 I VrApi   : Creating Loading Icon swapchain
01-24 03:30:16.400 20679 20708 I VrApi   : OVR::Stats thread started
01-24 03:30:16.400 20679 20708 I VrApi   : Initial BaseVsync 16745 
01-24 03:30:16.400 20679 20708 I VrApi   : ---------- vrapi_EnterVrMode [end] ----------
01-24 03:30:16.400 20679 20708 I VrApi   : vrapi_SetDisplayRefreshRate: display refresh rate supported 72.000000
01-24 03:30:16.405 20679 23397 D VrApi   : targetSDKVersion 29
01-24 03:30:16.477 20679 23397 D VrApi   : VrApi::isWifiConnected exception: Make sure android.permission.ACCESS_NETWORK_STATE is set in the manifest.
01-24 03:30:18.005 20679 23397 I VrApi   : FPS=1/72,Prd=0ms,Tear=0,Early=0,Stale=72,VSnc=0,Lat=0,Fov=0,CPU4/GPU=4/4,1171/441MHz,OC=FF,TA=0/0/0,SP=N/N/N,Mem=1555MHz,Free=8689MB,PLS=0,Temp=0.0C/0.0C,TW=1.22ms,App=0.00ms,GD=0.17ms,CPU&GPU=5976316.50ms,LCnt=2(DR30,LM2),GPU%=0.23,CPU%=0.08(W0.14),DSF=1.00,CFL=17.11/20.68
01-24 03:30:18.644 20679 20708 W VrApi   : Time to first swap: 125.434 seconds
01-24 03:30:18.676 20679 20708 W VrApi   : ovr_SubmitFrameInternal: FrameIndex discontinuity: Expected 3, Received 4
01-24 03:30:19.004 20679 23397 I VrApi   : FPS=1/72,Prd=0ms,Tear=0,Early=0,Stale=72,VSnc=0,Lat=0,Fov=0,CPU4/GPU=2/2,1171/441MHz,OC=FF,TA=0/0/0,SP=N/N/N,Mem=1555MHz,Free=8689MB,PLS=0,Temp=24.7C/0.0C,TW=1.22ms,App=0.00ms,GD=0.17ms,CPU&GPU=5976316.50ms,LCnt=2(DR30,LM2),GPU%=0.09,CPU%=0.06(W0.14),DSF=1.00,CFL=17.11/20.68
01-24 03:30:20.002 20679 23397 I VrApi   : FPS=1/72,Prd=0ms,Tear=0,Early=0,Stale=72,VSnc=0,Lat=0,Fov=0,CPU4/GPU=2/2,1171/441MHz,OC=FF,TA=0/70/0,SP=N/F/N,Mem=2092MHz,Free=8689MB,PLS=0,Temp=24.7C/0.0C,TW=4.50ms,App=0.94ms,GD=0.00ms,CPU&GPU=3027394.50ms,LCnt=2(DR0,LM0),GPU%=0.39,CPU%=0.07(W0.10),DSF=1.00,CFL=17.08/21.70
01-24 03:30:21.002 20679 23397 I VrApi   : FPS=73/72,Prd=0ms,Tear=0,Early=0,Stale=1,VSnc=1,Lat=0,Fov=0,CPU4/GPU=2/2,1171/441MHz,OC=FF,TA=0/70/0,SP=N/F/N,Mem=2092MHz,Free=8689MB,PLS=0,Temp=24.7C/0.0C,TW=4.33ms,App=0.93ms,GD=0.00ms,CPU&GPU=12.62ms,LCnt=1(DR72,LM0),GPU%=0.39,CPU%=0.05(W0.10),DSF=1.00,CFL=18.24/22.85
01-24 03:30:22.003 20679 23397 I VrApi   : FPS=72/72,Prd=0ms,Tear=0,Early=0,Stale=0,VSnc=1,Lat=0,Fov=0,CPU4/GPU=2/2,1171/441MHz,OC=FF,TA=0/70/0,SP=N/F/N,Mem=2092MHz,Free=8689MB,PLS=0,Temp=24.7C/0.0C,TW=4.36ms,App=0.94ms,GD=0.00ms,CPU&GPU=12.62ms,LCnt=1(DR72,LM0),GPU%=0.39,CPU%=0.12(W0.18),DSF=1.00,CFL=18.53/22.27
01-24 03:30:23.003 20679 23397 I VrApi   : FPS=72/72,Prd=0ms,Tear=0,Early=0,Stale=0,VSnc=1,Lat=0,Fov=0,CPU4/GPU=2/2,1171/441MHz,OC=FF,TA=0/70/0,SP=N/F/N,Mem=2092MHz,Free=8689MB,PLS=0,Temp=24.7C/0.0C,TW=4.35ms,App=0.99ms,GD=0.00ms,CPU&GPU=12.60ms,LCnt=1(DR72,LM0),GPU%=0.40,CPU%=0.10(W0.22),DSF=1.00,CFL=18.23/22.01
01-24 03:30:24.002 20679 23397 I VrApi   : FPS=72/72,Prd=0ms,Tear=0,Early=0,Stale=0,VSnc=1,Lat=0,Fov=0,CPU4/GPU=2/2,1171/441MHz,OC=FF,TA=0/70/0,SP=N/F/N,Mem=2092MHz,Free=8689MB,PLS=0,Temp=24.7C/0.0C,TW=4.35ms,App=0.98ms,GD=0.00ms,CPU&GPU=12.61ms,LCnt=1(DR72,LM0),GPU%=0.39,CPU%=0.12(W0.21),DSF=1.00,CFL=18.30/22.15
01-24 03:30:25.002 20679 23397 I VrApi   : FPS=72/72,Prd=0ms,Tear=0,Early=0,Stale=0,VSnc=1,Lat=0,Fov=0,CPU4/GPU=2/2,1171/441MHz,OC=FF,TA=0/70/0,SP=N/F/N,Mem=2092MHz,Free=8689MB,PLS=0,Temp=24.7C/0.0C,TW=4.35ms,App=0.96ms,GD=0.00ms,CPU&GPU=12.61ms,LCnt=1(DR72,LM0),GPU%=0.40,CPU%=0.11(W0.18),DSF=1.00,CFL=18.49/22.66
01-24 03:30:26.002 20679 23397 I VrApi   : FPS=72/72,Prd=0ms,Tear=0,Early=0,Stale=0,VSnc=1,Lat=0,Fov=0,CPU4/GPU=2/2,1171/441MHz,OC=FF,TA=0/70/0,SP=N/F/N,Mem=2092MHz,Free=8689MB,PLS=0,Temp=24.7C/0.0C,TW=4.35ms,App=0.95ms,GD=0.00ms,CPU&GPU=12.61ms,LCnt=1(DR72,LM0),GPU%=0.39,CPU%=0.15(W0.18),DSF=1.00,CFL=18.40/22.07
01-24 03:30:27.003 20679 23397 I VrApi   : FPS=72/72,Prd=0ms,Tear=0,Early=0,Stale=0,VSnc=1,Lat=0,Fov=0,CPU4/GPU=2/2,1171/441MHz,OC=FF,TA=0/70/0,SP=N/F/N,Mem=2092MHz,Free=8689MB,PLS=0,Temp=24.7C/0.0C,TW=4.34ms,App=1.01ms,GD=0.00ms,CPU&GPU=12.60ms,LCnt=1(DR72,LM0),GPU%=0.40,CPU%=0.09(W0.17),DSF=1.00,CFL=18.76/21.84
01-24 03:30:28.003 20679 23397 I VrApi   : FPS=72/72,Prd=0ms,Tear=0,Early=0,Stale=0,VSnc=1,Lat=0,Fov=0,CPU4/GPU=2/2,1171/441MHz,OC=FF,TA=0/70/0,SP=N/F/N,Mem=2092MHz,Free=8689MB,PLS=0,Temp=24.5C/0.0C,TW=4.34ms,App=0.99ms,GD=0.00ms,CPU&GPU=12.60ms,LCnt=1(DR72,LM0),GPU%=0.40,CPU%=0.14(W0.17),DSF=1.00,CFL=18.27/22.50
01-24 03:30:29.003 20679 23397 I VrApi   : FPS=72/72,Prd=0ms,Tear=0,Early=0,Stale=0,VSnc=1,Lat=0,Fov=0,CPU4/GPU=2/2,1171/441MHz,OC=FF,TA=0/70/0,SP=N/F/N,Mem=2092MHz,Free=8689MB,PLS=0,Temp=24.5C/0.0C,TW=4.50ms,App=1.04ms,GD=0.00ms,CPU&GPU=12.61ms,LCnt=1(DR72,LM0),GPU%=0.40,CPU%=0.05(W0.14),DSF=1.00,CFL=18.45/22.05
01-24 03:30:30.003 20679 23397 I VrApi   : FPS=72/72,Prd=0ms,Tear=0,Early=0,Stale=0,VSnc=1,Lat=0,Fov=0,CPU4/GPU=2/2,1171/441MHz,OC=FF,TA=0/70/0,SP=N/F/N,Mem=2092MHz,Free=8689MB,PLS=0,Temp=24.5C/0.0C,TW=4.49ms,App=1.02ms,GD=0.00ms,CPU&GPU=12.60ms,LCnt=1(DR72,LM0),GPU%=0.40,CPU%=0.08(W0.10),DSF=1.00,CFL=18.47/22.33
01-24 03:30:31.003 20679 23397 I VrApi   : FPS=72/72,Prd=0ms,Tear=0,Early=0,Stale=0,VSnc=1,Lat=0,Fov=0,CPU4/GPU=2/2,1171/441MHz,OC=FF,TA=0/70/0,SP=N/F/N,Mem=2092MHz,Free=8689MB,PLS=0,Temp=24.5C/0.0C,TW=4.49ms,App=1.01ms,GD=0.00ms,CPU&GPU=12.60ms,LCnt=1(DR72,LM0),GPU%=0.40,CPU%=0.11(W0.14),DSF=1.00,CFL=18.53/22.45
01-24 03:30:32.003 20679 23397 I VrApi   : FPS=72/72,Prd=0ms,Tear=0,Early=0,Stale=0,VSnc=1,Lat=0,Fov=0,CPU4/GPU=2/2,1171/441MHz,OC=FF,TA=0/70/0,SP=N/F/N,Mem=2092MHz,Free=8689MB,PLS=0,Temp=24.5C/0.0C,TW=4.49ms,App=0.98ms,GD=0.00ms,CPU&GPU=12.61ms,LCnt=1(DR72,LM0),GPU%=0.40,CPU%=0.02(W0.05),DSF=1.00,CFL=18.43/22.60
01-24 03:30:33.003 20679 23397 I VrApi   : FPS=72/72,Prd=0ms,Tear=0,Early=0,Stale=0,VSnc=1,Lat=0,Fov=0,CPU4/GPU=2/2,1171/441MHz,OC=FF,TA=0/70/0,SP=N/F/N,Mem=2092MHz,Free=8689MB,PLS=0,Temp=24.5C/0.0C,TW=4.35ms,App=1.06ms,GD=0.00ms,CPU&GPU=12.60ms,LCnt=1(DR72,LM0),GPU%=0.40,CPU%=0.05(W0.10),DSF=1.00,CFL=18.22/22.08
01-24 03:30:34.003 20679 23397 I VrApi   : FPS=72/72,Prd=0ms,Tear=0,Early=0,Stale=0,VSnc=1,Lat=0,Fov=0,CPU4/GPU=2/2,1171/441MHz,OC=FF,TA=0/70/0,SP=N/F/N,Mem=2092MHz,Free=8689MB,PLS=0,Temp=24.5C/0.0C,TW=4.19ms,App=1.13ms,GD=0.00ms,CPU&GPU=12.61ms,LCnt=1(DR72,LM0),GPU%=0.40,CPU%=0.12(W0.25),DSF=1.00,CFL=18.29/22.29
01-24 03:30:35.003 20679 23397 I VrApi   : FPS=72/72,Prd=0ms,Tear=0,Early=0,Stale=10,VSnc=1,Lat=0,Fov=0,CPU4/GPU=2/2,1171/441MHz,OC=FF,TA=0/70/0,SP=N/F/N,Mem=2092MHz,Free=8689MB,PLS=0,Temp=24.5C/0.0C,TW=4.49ms,App=1.11ms,GD=0.00ms,CPU&GPU=12.71ms,LCnt=1(DR72,LM0),GPU%=0.40,CPU%=0.10(W0.17),DSF=1.00,CFL=18.31/22.28
01-24 03:30:36.003 20679 23397 I VrApi   : FPS=72/72,Prd=0ms,Tear=0,Early=0,Stale=0,VSnc=1,Lat=0,Fov=0,CPU4/GPU=2/2,1171/441MHz,OC=FF,TA=0/70/0,SP=N/F/N,Mem=2092MHz,Free=8689MB,PLS=0,Temp=24.5C/0.0C,TW=4.35ms,App=1.06ms,GD=0.00ms,CPU&GPU=12.61ms,LCnt=1(DR72,LM0),GPU%=0.41,CPU%=0.08(W0.10),DSF=1.00,CFL=18.24/22.71
01-24 03:30:37.003 20679 23397 I VrApi   : FPS=71/72,Prd=0ms,Tear=0,Early=0,Stale=6,VSnc=1,Lat=0,Fov=0,CPU4/GPU=2/2,1171/441MHz,OC=FF,TA=0/70/0,SP=N/F/N,Mem=2092MHz,Free=8689MB,PLS=0,Temp=24.5C/0.0C,TW=4.34ms,App=1.11ms,GD=0.00ms,CPU&GPU=12.84ms,LCnt=1(DR72,LM0),GPU%=0.39,CPU%=0.05(W0.10),DSF=1.00,CFL=18.30/22.13
01-24 03:30:38.007 20679 23397 I VrApi   : FPS=70/72,Prd=0ms,Tear=0,Early=0,Stale=9,VSnc=1,Lat=0,Fov=0,CPU4/GPU=2/2,1171/441MHz,OC=FF,TA=0/70/0,SP=N/F/N,Mem=2092MHz,Free=8306MB,PLS=0,Temp=24.7C/0.0C,TW=4.35ms,App=1.04ms,GD=0.00ms,CPU&GPU=14.24ms,LCnt=1(DR72,LM0),GPU%=0.41,CPU%=0.05(W0.10),DSF=1.00,CFL=18.41/22.11
01-24 03:30:39.003 20679 23397 I VrApi   : FPS=72/72,Prd=0ms,Tear=0,Early=0,Stale=3,VSnc=1,Lat=0,Fov=0,CPU4/GPU=2/2,1171/441MHz,OC=FF,TA=0/70/0,SP=N/F/N,Mem=2092MHz,Free=8306MB,PLS=0,Temp=24.7C/0.0C,TW=4.34ms,App=1.05ms,GD=0.00ms,CPU&GPU=12.77ms,LCnt=1(DR72,LM0),GPU%=0.39,CPU%=0.08(W0.14),DSF=1.00,CFL=18.57/22.39
01-24 03:30:40.003 20679 23397 I VrApi   : FPS=69/72,Prd=0ms,Tear=0,Early=0,Stale=10,VSnc=1,Lat=0,Fov=0,CPU4/GPU=2/2,1171/441MHz,OC=FF,TA=0/70/0,SP=N/F/N,Mem=2092MHz,Free=8306MB,PLS=0,Temp=24.7C/0.0C,TW=4.51ms,App=0.94ms,GD=0.00ms,CPU&GPU=14.33ms,LCnt=1(DR72,LM0),GPU%=0.39,CPU%=0.09(W0.14),DSF=1.00,CFL=18.47/21.96
01-24 03:30:41.004 20679 23397 I VrApi   : FPS=71/72,Prd=0ms,Tear=0,Early=0,Stale=3,VSnc=1,Lat=0,Fov=0,CPU4/GPU=2/2,1171/441MHz,OC=FF,TA=0/70/0,SP=N/F/N,Mem=2092MHz,Free=8306MB,PLS=0,Temp=24.7C/0.0C,TW=4.51ms,App=0.93ms,GD=0.00ms,CPU&GPU=14.07ms,LCnt=1(DR72,LM0),GPU%=0.39,CPU%=0.08(W0.14),DSF=1.00,CFL=18.30/22.37
01-24 03:30:41.538 20679 20708 W VrApi   : ovr_SubmitFrameInternal: FrameIndex discontinuity: Expected 1635, Received 1636
01-24 03:30:42.004 20679 23397 I VrApi   : FPS=72/72,Prd=0ms,Tear=0,Early=0,Stale=0,VSnc=1,Lat=0,Fov=0,CPU4/GPU=2/2,1171/441MHz,OC=FF,TA=0/70/0,SP=N/F/N,Mem=2092MHz,Free=8306MB,PLS=0,Temp=24.7C/0.0C,TW=4.36ms,App=0.89ms,GD=0.00ms,CPU&GPU=13.92ms,LCnt=1(DR72,LM0),GPU%=0.39,CPU%=0.05(W0.10),DSF=1.00,CFL=18.55/23.36
01-24 03:30:43.004 20679 23397 I VrApi   : FPS=68/72,Prd=0ms,Tear=0,Early=0,Stale=7,VSnc=1,Lat=0,Fov=0,CPU4/GPU=2/2,1171/441MHz,OC=FF,TA=0/70/0,SP=N/F/N,Mem=2092MHz,Free=8306MB,PLS=0,Temp=24.7C/0.0C,TW=4.36ms,App=0.86ms,GD=0.00ms,CPU&GPU=14.66ms,LCnt=1(DR72,LM0),GPU%=0.39,CPU%=0.05(W0.10),DSF=1.00,CFL=18.38/22.48
01-24 03:30:44.004 20679 23397 I VrApi   : FPS=72/72,Prd=0ms,Tear=0,Early=0,Stale=0,VSnc=1,Lat=0,Fov=0,CPU4/GPU=2/2,1171/441MHz,OC=FF,TA=0/70/0,SP=N/F/N,Mem=2092MHz,Free=8306MB,PLS=0,Temp=24.7C/0.0C,TW=4.35ms,App=1.11ms,GD=0.00ms,CPU&GPU=13.92ms,LCnt=1(DR72,LM0),GPU%=0.40,CPU%=0.08(W0.10),DSF=1.00,CFL=18.37/22.07
01-24 03:30:44.712 20679 20708 W VrApi   : ovr_SubmitFrameInternal: FrameIndex discontinuity: Expected 1859, Received 1860
01-24 03:30:45.004 20679 23397 I VrApi   : FPS=70/72,Prd=0ms,Tear=0,Early=0,Stale=6,VSnc=1,Lat=0,Fov=0,CPU4/GPU=2/2,1171/441MHz,OC=FF,TA=0/70/0,SP=N/F/N,Mem=2092MHz,Free=8306MB,PLS=0,Temp=24.7C/0.0C,TW=4.34ms,App=0.89ms,GD=0.00ms,CPU&GPU=14.06ms,LCnt=1(DR72,LM0),GPU%=0.40,CPU%=0.08(W0.10),DSF=1.00,CFL=18.41/22.45
01-24 03:30:45.422 20679 20708 W VrApi   : ovr_SubmitFrameInternal: FrameIndex discontinuity: Expected 1907, Received 1908
01-24 03:30:46.004 20679 23397 I VrApi   : FPS=69/72,Prd=0ms,Tear=0,Early=0,Stale=5,VSnc=1,Lat=0,Fov=0,CPU4/GPU=2/2,1171/441MHz,OC=FF,TA=0/70/0,SP=N/F/N,Mem=1555MHz,Free=8306MB,PLS=0,Temp=24.7C/0.0C,TW=4.49ms,App=0.92ms,GD=0.00ms,CPU&GPU=14.49ms,LCnt=1(DR72,LM0),GPU%=0.39,CPU%=0.10(W0.18),DSF=1.00,CFL=18.51/22.16
01-24 03:30:47.004 20679 23397 I VrApi   : FPS=67/72,Prd=0ms,Tear=0,Early=0,Stale=9,VSnc=1,Lat=0,Fov=0,CPU4/GPU=2/2,1171/441MHz,OC=FF,TA=0/70/0,SP=N/F/N,Mem=1804MHz,Free=8306MB,PLS=0,Temp=24.7C/0.0C,TW=4.35ms,App=1.02ms,GD=0.00ms,CPU&GPU=14.50ms,LCnt=1(DR72,LM0),GPU%=0.40,CPU%=0.02(W0.05),DSF=1.00,CFL=18.57/21.98
01-24 03:30:48.004 20679 23397 I VrApi   : FPS=69/72,Prd=0ms,Tear=0,Early=0,Stale=10,VSnc=1,Lat=0,Fov=0,CPU4/GPU=2/2,1171/441MHz,OC=FF,TA=0/70/0,SP=N/F/N,Mem=1804MHz,Free=8306MB,PLS=0,Temp=24.7C/0.0C,TW=4.36ms,App=0.95ms,GD=0.00ms,CPU&GPU=14.47ms,LCnt=1(DR72,LM0),GPU%=0.39,CPU%=0.06(W0.14),DSF=1.00,CFL=18.27/21.98
01-24 03:30:49.004 20679 23397 I VrApi   : FPS=72/72,Prd=0ms,Tear=0,Early=0,Stale=0,VSnc=1,Lat=0,Fov=0,CPU4/GPU=2/2,1171/441MHz,OC=FF,TA=0/70/0,SP=N/F/N,Mem=1804MHz,Free=8306MB,PLS=0,Temp=24.7C/0.0C,TW=4.35ms,App=0.92ms,GD=0.00ms,CPU&GPU=13.91ms,LCnt=1(DR72,LM0),GPU%=0.39,CPU%=0.02(W0.05),DSF=1.00,CFL=18.16/22.69
01-24 03:30:50.004 20679 23397 I VrApi   : FPS=71/72,Prd=0ms,Tear=0,Early=0,Stale=4,VSnc=1,Lat=0,Fov=0,CPU4/GPU=2/2,1171/441MHz,OC=FF,TA=0/70/0,SP=N/F/N,Mem=2092MHz,Free=8306MB,PLS=0,Temp=24.7C/0.0C,TW=4.35ms,App=0.89ms,GD=0.00ms,CPU&GPU=14.06ms,LCnt=1(DR72,LM0),GPU%=0.39,CPU%=0.15(W0.17),DSF=1.00,CFL=18.43/21.94
01-24 03:30:51.004 20679 23397 I VrApi   : FPS=71/72,Prd=0ms,Tear=0,Early=0,Stale=3,VSnc=1,Lat=0,Fov=0,CPU4/GPU=2/2,1171/441MHz,OC=FF,TA=0/70/0,SP=N/F/N,Mem=2092MHz,Free=8306MB,PLS=0,Temp=24.7C/0.0C,TW=4.36ms,App=0.96ms,GD=0.00ms,CPU&GPU=14.07ms,LCnt=1(DR72,LM0),GPU%=0.40,CPU%=0.03(W0.05),DSF=1.00,CFL=18.33/21.95
01-24 03:30:51.839 20679 20708 W VrApi   : ovr_SubmitFrameInternal: FrameIndex discontinuity: Expected 2360, Received 2361
01-24 03:30:52.004 20679 23397 I VrApi   : FPS=72/72,Prd=0ms,Tear=0,Early=0,Stale=3,VSnc=1,Lat=0,Fov=0,CPU4/GPU=2/2,1171/441MHz,OC=FF,TA=0/70/0,SP=N/F/N,Mem=2092MHz,Free=8306MB,PLS=0,Temp=24.7C/0.0C,TW=4.35ms,App=1.11ms,GD=0.00ms,CPU&GPU=13.14ms,LCnt=1(DR72,LM0),GPU%=0.41,CPU%=0.14(W0.17),DSF=1.00,CFL=18.38/22.35
01-24 03:30:52.521 20679 20708 W VrApi   : ovr_SubmitFrameInternal: FrameIndex discontinuity: Expected 2405, Received 2406
01-24 03:30:52.793 20679 20708 W VrApi   : ovr_SubmitFrameInternal: FrameIndex discontinuity: Expected 2422, Received 2423
01-24 03:30:53.004 20679 23397 I VrApi   : FPS=72/72,Prd=0ms,Tear=0,Early=0,Stale=2,VSnc=1,Lat=0,Fov=0,CPU4/GPU=2/2,1171/441MHz,OC=FF,TA=0/70/0,SP=N/F/N,Mem=1555MHz,Free=8306MB,PLS=0,Temp=25.0C/0.0C,TW=4.50ms,App=1.02ms,GD=0.00ms,CPU&GPU=12.66ms,LCnt=1(DR72,LM0),GPU%=0.39,CPU%=0.02(W0.05),DSF=1.00,CFL=18.38/22.48
01-24 03:30:54.004 20679 23397 I VrApi   : FPS=61/72,Prd=0ms,Tear=0,Early=0,Stale=23,VSnc=1,Lat=0,Fov=0,CPU4/GPU=2/2,1171/441MHz,OC=FF,TA=0/70/0,SP=N/F/N,Mem=1804MHz,Free=8306MB,PLS=0,Temp=25.0C/0.0C,TW=4.50ms,App=0.89ms,GD=0.00ms,CPU&GPU=15.76ms,LCnt=1(DR72,LM0),GPU%=0.39,CPU%=0.03(W0.05),DSF=1.00,CFL=18.15/22.30
01-24 03:30:55.004 20679 23397 I VrApi   : FPS=68/72,Prd=0ms,Tear=0,Early=0,Stale=12,VSnc=1,Lat=0,Fov=0,CPU4/GPU=2/2,1171/441MHz,OC=FF,TA=0/70/0,SP=N/F/N,Mem=1804MHz,Free=8306MB,PLS=0,Temp=25.0C/0.0C,TW=4.37ms,App=0.91ms,GD=0.00ms,CPU&GPU=14.53ms,LCnt=1(DR72,LM0),GPU%=0.39,CPU%=0.09(W0.14),DSF=1.00,CFL=18.20/22.66
01-24 03:30:55.820 20679 20708 W VrApi   : ovr_SubmitFrameInternal: FrameIndex discontinuity: Expected 2632, Received 2633
01-24 03:30:56.005 20679 23397 I VrApi   : FPS=72/72,Prd=0ms,Tear=0,Early=0,Stale=0,VSnc=1,Lat=0,Fov=0,CPU4/GPU=2/2,1171/441MHz,OC=FF,TA=0/70/0,SP=N/F/N,Mem=1804MHz,Free=8306MB,PLS=0,Temp=25.0C/0.0C,TW=4.35ms,App=0.89ms,GD=0.00ms,CPU&GPU=13.92ms,LCnt=1(DR72,LM0),GPU%=0.39,CPU%=0.11(W0.14),DSF=1.00,CFL=18.28/22.02
01-24 03:30:57.005 20679 23397 I VrApi   : FPS=72/72,Prd=0ms,Tear=0,Early=0,Stale=2,VSnc=1,Lat=0,Fov=0,CPU4/GPU=2/2,1171/441MHz,OC=FF,TA=0/70/0,SP=N/F/N,Mem=1804MHz,Free=8306MB,PLS=0,Temp=25.0C/0.0C,TW=4.35ms,App=0.90ms,GD=0.00ms,CPU&GPU=14.06ms,LCnt=1(DR72,LM0),GPU%=0.39,CPU%=0.06(W0.10),DSF=1.00,CFL=18.30/21.97
01-24 03:30:58.008 20679 23397 I VrApi   : FPS=72/72,Prd=0ms,Tear=0,Early=0,Stale=5,VSnc=1,Lat=0,Fov=0,CPU4/GPU=2/2,1171/441MHz,OC=FF,TA=0/70/0,SP=N/F/N,Mem=1804MHz,Free=8305MB,PLS=0,Temp=25.0C/0.0C,TW=4.34ms,App=0.93ms,GD=0.00ms,CPU&GPU=13.92ms,LCnt=1(DR72,LM0),GPU%=0.39,CPU%=0.10(W0.17),DSF=1.00,CFL=18.20/22.63
01-24 03:30:59.005 20679 23397 I VrApi   : FPS=72/72,Prd=0ms,Tear=0,Early=0,Stale=0,VSnc=1,Lat=0,Fov=0,CPU4/GPU=2/2,1171/441MHz,OC=FF,TA=0/70/0,SP=N/F/N,Mem=1804MHz,Free=8305MB,PLS=0,Temp=25.0C/0.0C,TW=4.34ms,App=0.89ms,GD=0.00ms,CPU&GPU=13.92ms,LCnt=1(DR72,LM0),GPU%=0.39,CPU%=0.06(W0.14),DSF=1.00,CFL=18.39/22.10
01-24 03:31:00.008 20679 23397 I VrApi   : FPS=72/72,Prd=0ms,Tear=0,Early=0,Stale=0,VSnc=1,Lat=0,Fov=0,CPU4/GPU=2/2,1171/441MHz,OC=FF,TA=0/70/0,SP=N/F/N,Mem=1804MHz,Free=8305MB,PLS=0,Temp=25.0C/0.0C,TW=4.37ms,App=0.90ms,GD=0.00ms,CPU&GPU=13.92ms,LCnt=1(DR72,LM0),GPU%=0.39,CPU%=0.15(W0.18),DSF=1.00,CFL=18.46/22.33
01-24 03:31:01.005 20679 23397 I VrApi   : FPS=72/72,Prd=0ms,Tear=0,Early=0,Stale=0,VSnc=1,Lat=0,Fov=0,CPU4/GPU=2/2,1171/441MHz,OC=FF,TA=0/70/0,SP=N/F/N,Mem=1804MHz,Free=8305MB,PLS=0,Temp=25.0C/0.0C,TW=4.20ms,App=0.84ms,GD=0.00ms,CPU&GPU=13.91ms,LCnt=1(DR72,LM0),GPU%=0.39,CPU%=0.08(W0.14),DSF=1.00,CFL=18.17/22.50
01-24 03:31:02.005 20679 23397 I VrApi   : FPS=72/72,Prd=0ms,Tear=0,Early=0,Stale=0,VSnc=1,Lat=0,Fov=0,CPU4/GPU=2/2,1171/441MHz,OC=FF,TA=0/70/0,SP=N/F/N,Mem=1804MHz,Free=8305MB,PLS=0,Temp=25.2C/0.0C,TW=4.20ms,App=1.01ms,GD=0.00ms,CPU&GPU=13.91ms,LCnt=1(DR72,LM0),GPU%=0.39,CPU%=0.10(W0.10),DSF=1.00,CFL=18.27/22.03
01-24 03:31:03.005 20679 23397 I VrApi   : FPS=71/72,Prd=0ms,Tear=0,Early=0,Stale=6,VSnc=1,Lat=0,Fov=0,CPU4/GPU=2/2,1171/441MHz,OC=FF,TA=0/70/0,SP=N/F/N,Mem=1804MHz,Free=8305MB,PLS=0,Temp=25.2C/0.0C,TW=4.35ms,App=0.94ms,GD=0.00ms,CPU&GPU=13.25ms,LCnt=1(DR72,LM0),GPU%=0.39,CPU%=0.03(W0.10),DSF=1.00,CFL=18.28/22.29
01-24 03:31:04.005 20679 23397 I VrApi   : FPS=71/72,Prd=0ms,Tear=0,Early=0,Stale=3,VSnc=1,Lat=0,Fov=0,CPU4/GPU=2/2,1171/441MHz,OC=FF,TA=0/70/0,SP=N/F/N,Mem=1804MHz,Free=8305MB,PLS=0,Temp=25.2C/0.0C,TW=4.35ms,App=0.86ms,GD=0.00ms,CPU&GPU=14.12ms,LCnt=1(DR72,LM0),GPU%=0.39,CPU%=0.07(W0.14),DSF=1.00,CFL=18.31/22.26
01-24 03:31:05.005 20679 23397 I VrApi   : FPS=72/72,Prd=0ms,Tear=0,Early=0,Stale=0,VSnc=1,Lat=0,Fov=0,CPU4/GPU=2/2,1171/441MHz,OC=FF,TA=0/70/0,SP=N/F/N,Mem=1804MHz,Free=8305MB,PLS=0,Temp=25.2C/0.0C,TW=4.36ms,App=0.87ms,GD=0.00ms,CPU&GPU=13.91ms,LCnt=1(DR72,LM0),GPU%=0.39,CPU%=0.11(W0.18),DSF=1.00,CFL=18.21/22.38
01-24 03:31:06.005 20679 23397 I VrApi   : FPS=72/72,Prd=0ms,Tear=0,Early=0,Stale=0,VSnc=1,Lat=0,Fov=0,CPU4/GPU=2/2,1171/441MHz,OC=FF,TA=0/70/0,SP=N/F/N,Mem=1804MHz,Free=8305MB,PLS=0,Temp=25.2C/0.0C,TW=4.34ms,App=0.86ms,GD=0.00ms,CPU&GPU=13.91ms,LCnt=1(DR72,LM0),GPU%=0.39,CPU%=0.11(W0.18),DSF=1.00,CFL=18.28/22.50
01-24 03:31:07.005 20679 23397 I VrApi   : FPS=72/72,Prd=0ms,Tear=0,Early=0,Stale=0,VSnc=1,Lat=0,Fov=0,CPU4/GPU=2/2,1171/441MHz,OC=FF,TA=0/70/0,SP=N/F/N,Mem=1804MHz,Free=8305MB,PLS=0,Temp=25.2C/0.0C,TW=4.35ms,App=0.89ms,GD=0.00ms,CPU&GPU=13.92ms,LCnt=1(DR72,LM0),GPU%=0.39,CPU%=0.08(W0.10),DSF=1.00,CFL=18.39/21.85
01-24 03:31:08.006 20679 23397 I VrApi   : FPS=72/72,Prd=0ms,Tear=0,Early=0,Stale=0,VSnc=1,Lat=0,Fov=0,CPU4/GPU=2/2,1171/441MHz,OC=FF,TA=0/70/0,SP=N/F/N,Mem=1804MHz,Free=8305MB,PLS=0,Temp=25.2C/0.0C,TW=4.49ms,App=0.90ms,GD=0.00ms,CPU&GPU=13.92ms,LCnt=1(DR72,LM0),GPU%=0.39,CPU%=0.05(W0.10),DSF=1.00,CFL=18.53/22.04
01-24 03:31:09.005 20679 23397 I VrApi   : FPS=72/72,Prd=0ms,Tear=0,Early=0,Stale=0,VSnc=1,Lat=0,Fov=0,CPU4/GPU=2/2,1171/441MHz,OC=FF,TA=0/70/0,SP=N/F/N,Mem=1804MHz,Free=8305MB,PLS=0,Temp=25.2C/0.0C,TW=4.35ms,App=0.90ms,GD=0.00ms,CPU&GPU=13.92ms,LCnt=1(DR72,LM0),GPU%=0.39,CPU%=0.05(W0.05),DSF=1.00,CFL=18.19/21.90
01-24 03:31:10.005 20679 23397 I VrApi   : FPS=72/72,Prd=0ms,Tear=0,Early=0,Stale=0,VSnc=1,Lat=0,Fov=0,CPU4/GPU=2/2,1171/441MHz,OC=FF,TA=0/70/0,SP=N/F/N,Mem=1804MHz,Free=8305MB,PLS=0,Temp=25.2C/0.0C,TW=4.35ms,App=0.90ms,GD=0.00ms,CPU&GPU=13.91ms,LCnt=1(DR72,LM0),GPU%=0.39,CPU%=0.16(W0.22),DSF=1.00,CFL=18.36/22.14
01-24 03:31:11.005 20679 23397 I VrApi   : FPS=72/72,Prd=0ms,Tear=0,Early=0,Stale=0,VSnc=1,Lat=0,Fov=0,CPU4/GPU=2/2,1171/441MHz,OC=FF,TA=0/70/0,SP=N/F/N,Mem=1804MHz,Free=8305MB,PLS=0,Temp=25.2C/0.0C,TW=4.35ms,App=0.91ms,GD=0.00ms,CPU&GPU=13.92ms,LCnt=1(DR72,LM0),GPU%=0.39,CPU%=0.14(W0.18),DSF=1.00,CFL=18.32/22.18
01-24 03:31:12.005 20679 23397 I VrApi   : FPS=72/72,Prd=0ms,Tear=0,Early=0,Stale=0,VSnc=1,Lat=0,Fov=0,CPU4/GPU=2/2,1171/441MHz,OC=FF,TA=0/70/0,SP=N/F/N,Mem=1804MHz,Free=8305MB,PLS=0,Temp=25.2C/0.0C,TW=4.49ms,App=0.89ms,GD=0.00ms,CPU&GPU=13.91ms,LCnt=1(DR72,LM0),GPU%=0.39,CPU%=0.10(W0.14),DSF=1.00,CFL=18.25/22.07
01-24 03:31:13.005 20679 23397 I VrApi   : FPS=72/72,Prd=0ms,Tear=0,Early=0,Stale=0,VSnc=1,Lat=0,Fov=0,CPU4/GPU=2/2,1171/441MHz,OC=FF,TA=0/70/0,SP=N/F/N,Mem=1804MHz,Free=8305MB,PLS=0,Temp=25.2C/0.0C,TW=4.34ms,App=0.87ms,GD=0.00ms,CPU&GPU=13.92ms,LCnt=1(DR72,LM0),GPU%=0.39,CPU%=0.06(W0.14),DSF=1.00,CFL=18.31/21.92
01-24 03:31:14.006 20679 23397 I VrApi   : FPS=72/72,Prd=0ms,Tear=0,Early=0,Stale=0,VSnc=1,Lat=0,Fov=0,CPU4/GPU=2/2,1171/441MHz,OC=FF,TA=0/70/0,SP=N/F/N,Mem=1804MHz,Free=8305MB,PLS=0,Temp=25.2C/0.0C,TW=4.20ms,App=0.94ms,GD=0.00ms,CPU&GPU=13.92ms,LCnt=1(DR72,LM0),GPU%=0.40,CPU%=0.02(W0.05),DSF=1.00,CFL=18.16/22.17
01-24 03:31:15.006 20679 23397 I VrApi   : FPS=72/72,Prd=0ms,Tear=0,Early=0,Stale=0,VSnc=1,Lat=0,Fov=0,CPU4/GPU=2/2,1171/441MHz,OC=FF,TA=0/70/0,SP=N/F/N,Mem=1804MHz,Free=8305MB,PLS=0,Temp=25.2C/0.0C,TW=4.35ms,App=0.95ms,GD=0.00ms,CPU&GPU=13.91ms,LCnt=1(DR72,LM0),GPU%=0.40,CPU%=0.05(W0.10),DSF=1.00,CFL=18.23/22.71
01-24 03:31:16.006 20679 23397 I VrApi   : FPS=72/72,Prd=0ms,Tear=0,Early=0,Stale=0,VSnc=1,Lat=0,Fov=0,CPU4/GPU=2/2,1171/441MHz,OC=FF,TA=0/70/0,SP=N/F/N,Mem=1804MHz,Free=8305MB,PLS=0,Temp=25.2C/0.0C,TW=4.36ms,App=0.90ms,GD=0.00ms,CPU&GPU=13.92ms,LCnt=1(DR72,LM0),GPU%=0.39,CPU%=0.07(W0.10),DSF=1.00,CFL=18.30/22.11
01-24 03:31:17.006 20679 23397 I VrApi   : FPS=72/72,Prd=0ms,Tear=0,Early=0,Stale=0,VSnc=1,Lat=0,Fov=0,CPU4/GPU=2/2,1171/441MHz,OC=FF,TA=0/70/0,SP=N/F/N,Mem=1804MHz,Free=8305MB,PLS=0,Temp=25.2C/0.0C,TW=4.34ms,App=0.87ms,GD=0.00ms,CPU&GPU=13.92ms,LCnt=1(DR72,LM0),GPU%=0.39,CPU%=0.16(W0.25),DSF=1.00,CFL=18.33/22.38
01-24 03:31:18.011 20679 23397 I VrApi   : FPS=72/72,Prd=0ms,Tear=0,Early=0,Stale=0,VSnc=1,Lat=0,Fov=0,CPU4/GPU=2/2,1171/441MHz,OC=FF,TA=0/70/0,SP=N/F/N,Mem=1804MHz,Free=8307MB,PLS=0,Temp=25.2C/0.0C,TW=4.35ms,App=0.89ms,GD=0.00ms,CPU&GPU=13.92ms,LCnt=1(DR72,LM0),GPU%=0.39,CPU%=0.08(W0.14),DSF=1.00,CFL=18.36/22.47
01-24 03:31:19.006 20679 23397 I VrApi   : FPS=72/72,Prd=0ms,Tear=0,Early=0,Stale=0,VSnc=1,Lat=0,Fov=0,CPU4/GPU=2/2,1171/441MHz,OC=FF,TA=0/70/0,SP=N/F/N,Mem=1804MHz,Free=8307MB,PLS=0,Temp=25.2C/0.0C,TW=4.20ms,App=0.90ms,GD=0.00ms,CPU&GPU=13.92ms,LCnt=1(DR72,LM0),GPU%=0.39,CPU%=0.08(W0.14),DSF=1.00,CFL=18.49/22.88
01-24 03:31:20.006 20679 23397 I VrApi   : FPS=72/72,Prd=0ms,Tear=0,Early=0,Stale=0,VSnc=1,Lat=0,Fov=0,CPU4/GPU=2/2,1171/441MHz,OC=FF,TA=0/70/0,SP=N/F/N,Mem=2092MHz,Free=8307MB,PLS=0,Temp=25.2C/0.0C,TW=4.33ms,App=0.88ms,GD=0.00ms,CPU&GPU=13.92ms,LCnt=1(DR72,LM0),GPU%=0.39,CPU%=0.08(W0.14),DSF=1.00,CFL=18.26/22.11
01-24 03:31:21.006 20679 23397 I VrApi   : FPS=72/72,Prd=0ms,Tear=0,Early=0,Stale=0,VSnc=1,Lat=0,Fov=0,CPU4/GPU=2/2,1171/441MHz,OC=FF,TA=0/70/0,SP=N/F/N,Mem=2092MHz,Free=8307MB,PLS=0,Temp=25.2C/0.0C,TW=4.35ms,App=0.89ms,GD=0.00ms,CPU&GPU=13.92ms,LCnt=1(DR72,LM0),GPU%=0.39,CPU%=0.10(W0.10),DSF=1.00,CFL=18.51/22.11
01-24 03:31:22.006 20679 23397 I VrApi   : FPS=72/72,Prd=0ms,Tear=0,Early=0,Stale=0,VSnc=1,Lat=0,Fov=0,CPU4/GPU=2/2,1171/441MHz,OC=FF,TA=0/70/0,SP=N/F/N,Mem=2092MHz,Free=8307MB,PLS=0,Temp=25.2C/0.0C,TW=4.35ms,App=0.89ms,GD=0.00ms,CPU&GPU=13.92ms,LCnt=1(DR72,LM0),GPU%=0.39,CPU%=0.07(W0.10),DSF=1.00,CFL=18.41/21.89
01-24 03:31:23.006 20679 23397 I VrApi   : FPS=72/72,Prd=0ms,Tear=0,Early=0,Stale=0,VSnc=1,Lat=0,Fov=0,CPU4/GPU=2/2,1171/441MHz,OC=FF,TA=0/70/0,SP=N/F/N,Mem=2092MHz,Free=8307MB,PLS=0,Temp=25.2C/0.0C,TW=4.20ms,App=0.86ms,GD=0.00ms,CPU&GPU=13.92ms,LCnt=1(DR72,LM0),GPU%=0.39,CPU%=0.11(W0.14),DSF=1.00,CFL=18.22/22.50
01-24 03:31:24.006 20679 23397 I VrApi   : FPS=72/72,Prd=0ms,Tear=0,Early=0,Stale=0,VSnc=1,Lat=0,Fov=0,CPU4/GPU=2/2,1171/441MHz,OC=FF,TA=0/70/0,SP=N/F/N,Mem=2092MHz,Free=8307MB,PLS=0,Temp=25.2C/0.0C,TW=4.34ms,App=0.88ms,GD=0.00ms,CPU&GPU=13.91ms,LCnt=1(DR72,LM0),GPU%=0.39,CPU%=0.12(W0.14),DSF=1.00,CFL=18.32/22.48
01-24 03:31:25.006 20679 23397 I VrApi   : FPS=72/72,Prd=0ms,Tear=0,Early=0,Stale=0,VSnc=1,Lat=0,Fov=0,CPU4/GPU=2/2,1171/441MHz,OC=FF,TA=0/70/0,SP=N/F/N,Mem=2092MHz,Free=8307MB,PLS=0,Temp=25.2C/0.0C,TW=4.34ms,App=0.92ms,GD=0.00ms,CPU&GPU=13.91ms,LCnt=1(DR72,LM0),GPU%=0.39,CPU%=0.05(W0.05),DSF=1.00,CFL=18.25/22.31
01-24 03:31:26.006 20679 23397 I VrApi   : FPS=72/72,Prd=0ms,Tear=0,Early=0,Stale=0,VSnc=1,Lat=0,Fov=0,CPU4/GPU=2/2,1171/441MHz,OC=FF,TA=0/70/0,SP=N/F/N,Mem=2092MHz,Free=8307MB,PLS=0,Temp=25.2C/0.0C,TW=4.20ms,App=0.89ms,GD=0.00ms,CPU&GPU=13.92ms,LCnt=1(DR72,LM0),GPU%=0.39,CPU%=0.08(W0.14),DSF=1.00,CFL=18.17/22.01
01-24 03:31:27.007 20679 23397 I VrApi   : FPS=72/72,Prd=0ms,Tear=0,Early=0,Stale=0,VSnc=1,Lat=0,Fov=0,CPU4/GPU=2/2,1171/441MHz,OC=FF,TA=0/70/0,SP=N/F/N,Mem=2092MHz,Free=8307MB,PLS=0,Temp=25.2C/0.0C,TW=4.21ms,App=0.92ms,GD=0.00ms,CPU&GPU=13.92ms,LCnt=1(DR72,LM0),GPU%=0.39,CPU%=0.08(W0.14),DSF=1.00,CFL=18.20/22.07
01-24 03:31:28.006 20679 23397 I VrApi   : FPS=72/72,Prd=0ms,Tear=0,Early=0,Stale=0,VSnc=1,Lat=0,Fov=0,CPU4/GPU=2/2,1171/441MHz,OC=FF,TA=0/70/0,SP=N/F/N,Mem=2092MHz,Free=8307MB,PLS=0,Temp=25.2C/0.0C,TW=4.48ms,App=0.84ms,GD=0.00ms,CPU&GPU=13.92ms,LCnt=1(DR72,LM0),GPU%=0.39,CPU%=0.13(W0.18),DSF=1.00,CFL=18.15/21.77
01-24 03:31:29.006 20679 23397 I VrApi   : FPS=72/72,Prd=0ms,Tear=0,Early=0,Stale=0,VSnc=1,Lat=0,Fov=0,CPU4/GPU=2/2,1171/441MHz,OC=FF,TA=0/70/0,SP=N/F/N,Mem=2092MHz,Free=8307MB,PLS=0,Temp=25.2C/0.0C,TW=4.35ms,App=0.91ms,GD=0.00ms,CPU&GPU=13.92ms,LCnt=1(DR72,LM0),GPU%=0.39,CPU%=0.11(W0.14),DSF=1.00,CFL=18.20/22.45
01-24 03:31:30.007 20679 23397 I VrApi   : FPS=72/72,Prd=0ms,Tear=0,Early=0,Stale=0,VSnc=1,Lat=0,Fov=0,CPU4/GPU=2/2,1171/441MHz,OC=FF,TA=0/70/0,SP=N/F/N,Mem=2092MHz,Free=8307MB,PLS=0,Temp=25.2C/0.0C,TW=4.20ms,App=1.15ms,GD=0.00ms,CPU&GPU=13.91ms,LCnt=1(DR72,LM0),GPU%=0.41,CPU%=0.13(W0.25),DSF=1.00,CFL=18.16/21.85
01-24 03:31:31.007 20679 23397 I VrApi   : FPS=72/72,Prd=0ms,Tear=0,Early=0,Stale=0,VSnc=1,Lat=0,Fov=0,CPU4/GPU=2/2,1171/441MHz,OC=FF,TA=0/70/0,SP=N/F/N,Mem=2092MHz,Free=8307MB,PLS=0,Temp=25.2C/0.0C,TW=4.36ms,App=1.03ms,GD=0.00ms,CPU&GPU=13.92ms,LCnt=1(DR72,LM0),GPU%=0.40,CPU%=0.10(W0.10),DSF=1.00,CFL=18.07/22.37
01-24 03:31:32.007 20679 23397 I VrApi   : FPS=72/72,Prd=0ms,Tear=0,Early=0,Stale=0,VSnc=1,Lat=0,Fov=0,CPU4/GPU=2/2,1171/441MHz,OC=FF,TA=0/70/0,SP=N/F/N,Mem=1555MHz,Free=8307MB,PLS=0,Temp=25.2C/0.0C,TW=4.48ms,App=0.99ms,GD=0.00ms,CPU&GPU=13.92ms,LCnt=1(DR72,LM0),GPU%=0.40,CPU%=0.11(W0.18),DSF=1.00,CFL=18.24/22.76
01-24 03:31:33.007 20679 23397 I VrApi   : FPS=72/72,Prd=0ms,Tear=0,Early=0,Stale=0,VSnc=1,Lat=0,Fov=0,CPU4/GPU=2/2,1171/441MHz,OC=FF,TA=0/70/0,SP=N/F/N,Mem=2092MHz,Free=8307MB,PLS=0,Temp=25.2C/0.0C,TW=4.49ms,App=0.87ms,GD=0.00ms,CPU&GPU=13.92ms,LCnt=1(DR72,LM0),GPU%=0.39,CPU%=0.08(W0.14),DSF=1.00,CFL=18.47/22.15
01-24 03:31:34.007 20679 23397 I VrApi   : FPS=72/72,Prd=0ms,Tear=0,Early=0,Stale=0,VSnc=1,Lat=0,Fov=0,CPU4/GPU=2/2,1171/441MHz,OC=FF,TA=0/70/0,SP=N/F/N,Mem=2092MHz,Free=8307MB,PLS=0,Temp=25.2C/0.0C,TW=4.19ms,App=0.89ms,GD=0.00ms,CPU&GPU=13.92ms,LCnt=1(DR72,LM0),GPU%=0.39,CPU%=0.08(W0.14),DSF=1.00,CFL=18.24/21.86
01-24 03:31:35.008 20679 23397 I VrApi   : FPS=72/72,Prd=0ms,Tear=0,Early=0,Stale=0,VSnc=1,Lat=0,Fov=0,CPU4/GPU=2/2,1171/441MHz,OC=FF,TA=0/70/0,SP=N/F/N,Mem=2092MHz,Free=8307MB,PLS=0,Temp=25.2C/0.0C,TW=4.35ms,App=1.00ms,GD=0.00ms,CPU&GPU=13.91ms,LCnt=1(DR72,LM0),GPU%=0.40,CPU%=0.11(W0.18),DSF=1.00,CFL=18.21/22.65
01-24 03:31:36.007 20679 23397 I VrApi   : FPS=72/72,Prd=0ms,Tear=0,Early=0,Stale=0,VSnc=1,Lat=0,Fov=0,CPU4/GPU=2/2,1171/441MHz,OC=FF,TA=0/70/0,SP=N/F/N,Mem=2092MHz,Free=8307MB,PLS=0,Temp=25.2C/0.0C,TW=4.20ms,App=1.03ms,GD=0.00ms,CPU&GPU=13.92ms,LCnt=1(DR72,LM0),GPU%=0.40,CPU%=0.05(W0.14),DSF=1.00,CFL=18.07/22.19
01-24 03:31:37.007 20679 23397 I VrApi   : FPS=72/72,Prd=0ms,Tear=0,Early=0,Stale=0,VSnc=1,Lat=0,Fov=0,CPU4/GPU=2/2,1171/441MHz,OC=FF,TA=0/70/0,SP=N/F/N,Mem=2092MHz,Free=8307MB,PLS=0,Temp=25.2C/0.0C,TW=4.34ms,App=1.01ms,GD=0.00ms,CPU&GPU=13.92ms,LCnt=1(DR72,LM0),GPU%=0.40,CPU%=0.14(W0.18),DSF=1.00,CFL=18.27/22.73
01-24 03:31:38.011 20679 23397 I VrApi   : FPS=72/72,Prd=0ms,Tear=0,Early=0,Stale=0,VSnc=1,Lat=0,Fov=0,CPU4/GPU=2/2,1171/441MHz,OC=FF,TA=0/70/0,SP=N/F/N,Mem=2092MHz,Free=8288MB,PLS=0,Temp=25.2C/0.0C,TW=4.35ms,App=1.01ms,GD=0.00ms,CPU&GPU=13.92ms,LCnt=1(DR72,LM0),GPU%=0.39,CPU%=0.07(W0.10),DSF=1.00,CFL=18.20/22.12
01-24 03:31:39.007 20679 23397 I VrApi   : FPS=72/72,Prd=0ms,Tear=0,Early=0,Stale=0,VSnc=1,Lat=0,Fov=0,CPU4/GPU=2/2,1171/441MHz,OC=FF,TA=0/70/0,SP=N/F/N,Mem=2092MHz,Free=8288MB,PLS=0,Temp=25.2C/0.0C,TW=4.34ms,App=0.96ms,GD=0.00ms,CPU&GPU=13.92ms,LCnt=1(DR72,LM0),GPU%=0.40,CPU%=0.02(W0.05),DSF=1.00,CFL=18.35/21.88
01-24 03:31:40.007 20679 23397 I VrApi   : FPS=72/72,Prd=0ms,Tear=0,Early=0,Stale=0,VSnc=1,Lat=0,Fov=0,CPU4/GPU=2/2,1171/441MHz,OC=FF,TA=0/70/0,SP=N/F/N,Mem=2092MHz,Free=8288MB,PLS=0,Temp=25.2C/0.0C,TW=4.35ms,App=0.98ms,GD=0.00ms,CPU&GPU=13.91ms,LCnt=1(DR72,LM0),GPU%=0.40,CPU%=0.08(W0.14),DSF=1.00,CFL=18.28/22.22
01-24 03:31:41.007 20679 23397 I VrApi   : FPS=72/72,Prd=0ms,Tear=0,Early=0,Stale=0,VSnc=1,Lat=0,Fov=0,CPU4/GPU=2/2,1171/441MHz,OC=FF,TA=0/70/0,SP=N/F/N,Mem=2092MHz,Free=8288MB,PLS=0,Temp=25.2C/0.0C,TW=4.21ms,App=0.97ms,GD=0.00ms,CPU&GPU=13.91ms,LCnt=1(DR72,LM0),GPU%=0.39,CPU%=0.10(W0.10),DSF=1.00,CFL=18.26/22.01
01-24 03:31:42.007 20679 23397 I VrApi   : FPS=72/72,Prd=0ms,Tear=0,Early=0,Stale=0,VSnc=1,Lat=0,Fov=0,CPU4/GPU=2/2,1171/441MHz,OC=FF,TA=0/70/0,SP=N/F/N,Mem=2092MHz,Free=8288MB,PLS=0,Temp=25.2C/0.0C,TW=4.34ms,App=0.94ms,GD=0.00ms,CPU&GPU=13.92ms,LCnt=1(DR72,LM0),GPU%=0.39,CPU%=0.06(W0.14),DSF=1.00,CFL=18.02/22.14
01-24 03:31:43.007 20679 23397 I VrApi   : FPS=72/72,Prd=0ms,Tear=0,Early=0,Stale=0,VSnc=1,Lat=0,Fov=0,CPU4/GPU=2/2,1171/441MHz,OC=FF,TA=0/70/0,SP=N/F/N,Mem=2092MHz,Free=8288MB,PLS=0,Temp=25.2C/0.0C,TW=4.35ms,App=0.95ms,GD=0.00ms,CPU&GPU=13.91ms,LCnt=1(DR72,LM0),GPU%=0.39,CPU%=0.15(W0.18),DSF=1.00,CFL=18.02/21.86
01-24 03:31:44.007 20679 23397 I VrApi   : FPS=72/72,Prd=0ms,Tear=0,Early=0,Stale=0,VSnc=1,Lat=0,Fov=0,CPU4/GPU=2/2,1171/441MHz,OC=FF,TA=0/70/0,SP=N/F/N,Mem=1555MHz,Free=8288MB,PLS=0,Temp=25.2C/0.0C,TW=4.35ms,App=0.94ms,GD=0.00ms,CPU&GPU=13.92ms,LCnt=1(DR72,LM0),GPU%=0.39,CPU%=0.07(W0.10),DSF=1.00,CFL=18.25/22.03
01-24 03:31:45.008 20679 23397 I VrApi   : FPS=72/72,Prd=0ms,Tear=0,Early=0,Stale=0,VSnc=1,Lat=0,Fov=0,CPU4/GPU=2/2,1171/441MHz,OC=FF,TA=0/70/0,SP=N/F/N,Mem=2092MHz,Free=8288MB,PLS=0,Temp=25.2C/0.0C,TW=4.20ms,App=0.95ms,GD=0.00ms,CPU&GPU=13.91ms,LCnt=1(DR72,LM0),GPU%=0.39,CPU%=0.05(W0.05),DSF=1.00,CFL=18.21/22.01
01-24 03:31:46.007 20679 23397 I VrApi   : FPS=72/72,Prd=0ms,Tear=0,Early=0,Stale=0,VSnc=1,Lat=0,Fov=0,CPU4/GPU=2/2,1171/441MHz,OC=FF,TA=0/70/0,SP=N/F/N,Mem=2092MHz,Free=8288MB,PLS=0,Temp=25.2C/0.0C,TW=4.20ms,App=0.92ms,GD=0.00ms,CPU&GPU=13.92ms,LCnt=1(DR72,LM0),GPU%=0.39,CPU%=0.09(W0.18),DSF=1.00,CFL=18.24/22.42
01-24 03:31:47.008 20679 23397 I VrApi   : FPS=72/72,Prd=0ms,Tear=0,Early=0,Stale=0,VSnc=1,Lat=0,Fov=0,CPU4/GPU=2/2,1171/441MHz,OC=FF,TA=0/70/0,SP=N/F/N,Mem=2092MHz,Free=8288MB,PLS=0,Temp=25.2C/0.0C,TW=4.51ms,App=0.93ms,GD=0.00ms,CPU&GPU=13.92ms,LCnt=1(DR72,LM0),GPU%=0.39,CPU%=0.11(W0.14),DSF=1.00,CFL=18.30/22.52
01-24 03:31:48.008 20679 23397 I VrApi   : FPS=72/72,Prd=0ms,Tear=0,Early=0,Stale=0,VSnc=1,Lat=0,Fov=0,CPU4/GPU=2/2,1171/441MHz,OC=FF,TA=0/70/0,SP=N/F/N,Mem=2092MHz,Free=8288MB,PLS=0,Temp=25.2C/0.0C,TW=4.34ms,App=0.96ms,GD=0.00ms,CPU&GPU=13.91ms,LCnt=1(DR72,LM0),GPU%=0.40,CPU%=0.14(W0.14),DSF=1.00,CFL=18.19/22.18
01-24 03:31:49.008 20679 23397 I VrApi   : FPS=72/72,Prd=0ms,Tear=0,Early=0,Stale=0,VSnc=1,Lat=0,Fov=0,CPU4/GPU=2/2,1171/441MHz,OC=FF,TA=0/70/0,SP=N/F/N,Mem=2092MHz,Free=8288MB,PLS=0,Temp=25.5C/0.0C,TW=4.34ms,App=1.02ms,GD=0.00ms,CPU&GPU=13.92ms,LCnt=1(DR72,LM0),GPU%=0.39,CPU%=0.08(W0.10),DSF=1.00,CFL=18.50/22.69
01-24 03:31:50.008 20679 23397 I VrApi   : FPS=72/72,Prd=0ms,Tear=0,Early=0,Stale=0,VSnc=1,Lat=0,Fov=0,CPU4/GPU=2/2,1171/441MHz,OC=FF,TA=0/70/0,SP=N/F/N,Mem=2092MHz,Free=8288MB,PLS=0,Temp=25.5C/0.0C,TW=4.34ms,App=1.02ms,GD=0.00ms,CPU&GPU=13.91ms,LCnt=1(DR72,LM0),GPU%=0.40,CPU%=0.14(W0.14),DSF=1.00,CFL=18.22/22.08
01-24 03:31:51.008 20679 23397 I VrApi   : FPS=72/72,Prd=0ms,Tear=0,Early=0,Stale=0,VSnc=1,Lat=0,Fov=0,CPU4/GPU=2/2,1171/441MHz,OC=FF,TA=0/70/0,SP=N/F/N,Mem=2092MHz,Free=8288MB,PLS=0,Temp=25.5C/0.0C,TW=4.34ms,App=1.01ms,GD=0.00ms,CPU&GPU=13.92ms,LCnt=1(DR72,LM0),GPU%=0.40,CPU%=0.05(W0.10),DSF=1.00,CFL=18.16/21.92
01-24 03:31:52.008 20679 23397 I VrApi   : FPS=72/72,Prd=0ms,Tear=0,Early=0,Stale=0,VSnc=1,Lat=0,Fov=0,CPU4/GPU=2/2,1171/441MHz,OC=FF,TA=0/70/0,SP=N/F/N,Mem=2092MHz,Free=8288MB,PLS=0,Temp=25.5C/0.0C,TW=4.35ms,App=0.99ms,GD=0.00ms,CPU&GPU=13.91ms,LCnt=1(DR72,LM0),GPU%=0.40,CPU%=0.06(W0.14),DSF=1.00,CFL=18.28/22.48
01-24 03:31:53.009 20679 23397 I VrApi   : FPS=72/72,Prd=0ms,Tear=0,Early=0,Stale=0,VSnc=1,Lat=0,Fov=0,CPU4/GPU=2/2,1171/441MHz,OC=FF,TA=0/70/0,SP=N/F/N,Mem=2092MHz,Free=8288MB,PLS=0,Temp=25.5C/0.0C,TW=4.35ms,App=1.04ms,GD=0.00ms,CPU&GPU=13.91ms,LCnt=1(DR72,LM0),GPU%=0.40,CPU%=0.05(W0.10),DSF=1.00,CFL=18.20/22.10
01-24 03:31:54.009 20679 23397 I VrApi   : FPS=72/72,Prd=0ms,Tear=0,Early=0,Stale=0,VSnc=1,Lat=0,Fov=0,CPU4/GPU=2/2,1171/441MHz,OC=FF,TA=0/70/0,SP=N/F/N,Mem=2092MHz,Free=8288MB,PLS=0,Temp=25.5C/0.0C,TW=4.50ms,App=1.01ms,GD=0.00ms,CPU&GPU=13.92ms,LCnt=1(DR72,LM0),GPU%=0.40,CPU%=0.08(W0.10),DSF=1.00,CFL=18.07/21.96
01-24 03:31:55.008 20679 23397 I VrApi   : FPS=72/72,Prd=0ms,Tear=0,Early=0,Stale=0,VSnc=1,Lat=0,Fov=0,CPU4/GPU=2/2,1171/441MHz,OC=FF,TA=0/70/0,SP=N/F/N,Mem=2092MHz,Free=8288MB,PLS=0,Temp=25.5C/0.0C,TW=4.35ms,App=0.97ms,GD=0.00ms,CPU&GPU=13.91ms,LCnt=1(DR72,LM0),GPU%=0.39,CPU%=0.03(W0.05),DSF=1.00,CFL=18.20/22.34
01-24 03:31:56.008 20679 23397 I VrApi   : FPS=72/72,Prd=0ms,Tear=0,Early=0,Stale=0,VSnc=1,Lat=0,Fov=0,CPU4/GPU=2/2,1171/441MHz,OC=FF,TA=0/70/0,SP=N/F/N,Mem=1555MHz,Free=8288MB,PLS=0,Temp=25.5C/0.0C,TW=4.34ms,App=0.99ms,GD=0.00ms,CPU&GPU=13.92ms,LCnt=1(DR72,LM0),GPU%=0.40,CPU%=0.10(W0.22),DSF=1.00,CFL=16.49/22.54
01-24 03:31:57.008 20679 23397 I VrApi   : FPS=72/72,Prd=0ms,Tear=0,Early=0,Stale=0,VSnc=1,Lat=0,Fov=0,CPU4/GPU=2/2,1171/441MHz,OC=FF,TA=0/70/0,SP=N/F/N,Mem=1555MHz,Free=8288MB,PLS=0,Temp=25.5C/0.0C,TW=4.34ms,App=1.04ms,GD=0.00ms,CPU&GPU=13.92ms,LCnt=1(DR72,LM0),GPU%=0.40,CPU%=0.07(W0.10),DSF=1.00,CFL=18.31/22.51
01-24 03:31:58.012 20679 23397 I VrApi   : FPS=72/72,Prd=0ms,Tear=0,Early=0,Stale=0,VSnc=1,Lat=0,Fov=0,CPU4/GPU=2/2,1171/441MHz,OC=FF,TA=0/70/0,SP=N/F/N,Mem=1804MHz,Free=8288MB,PLS=0,Temp=25.5C/0.0C,TW=4.49ms,App=0.98ms,GD=0.00ms,CPU&GPU=13.92ms,LCnt=1(DR72,LM0),GPU%=0.39,CPU%=0.09(W0.14),DSF=1.00,CFL=18.11/21.78
01-24 03:31:59.008 20679 23397 I VrApi   : FPS=72/72,Prd=0ms,Tear=0,Early=0,Stale=0,VSnc=1,Lat=0,Fov=0,CPU4/GPU=2/2,1171/441MHz,OC=FF,TA=0/70/0,SP=N/F/N,Mem=1804MHz,Free=8288MB,PLS=0,Temp=25.5C/0.0C,TW=4.35ms,App=1.00ms,GD=0.00ms,CPU&GPU=13.92ms,LCnt=1(DR72,LM0),GPU%=0.40,CPU%=0.03(W0.10),DSF=1.00,CFL=18.16/22.42
01-24 03:32:00.012 20679 23397 I VrApi   : FPS=72/72,Prd=0ms,Tear=0,Early=0,Stale=0,VSnc=1,Lat=0,Fov=0,CPU4/GPU=2/2,1171/441MHz,OC=FF,TA=0/70/0,SP=N/F/N,Mem=1804MHz,Free=8288MB,PLS=0,Temp=25.5C/0.0C,TW=4.21ms,App=1.01ms,GD=0.00ms,CPU&GPU=13.91ms,LCnt=1(DR72,LM0),GPU%=0.40,CPU%=0.05(W0.09),DSF=1.00,CFL=18.17/22.34
01-24 03:32:01.008 20679 23397 I VrApi   : FPS=72/72,Prd=0ms,Tear=0,Early=0,Stale=0,VSnc=1,Lat=0,Fov=0,CPU4/GPU=2/2,1171/441MHz,OC=FF,TA=0/70/0,SP=N/F/N,Mem=1804MHz,Free=8288MB,PLS=0,Temp=25.5C/0.0C,TW=4.35ms,App=1.00ms,GD=0.00ms,CPU&GPU=13.91ms,LCnt=1(DR72,LM0),GPU%=0.40,CPU%=0.07(W0.10),DSF=1.00,CFL=18.52/22.14
01-24 03:32:02.009 20679 23397 I VrApi   : FPS=72/72,Prd=0ms,Tear=0,Early=0,Stale=0,VSnc=1,Lat=0,Fov=0,CPU4/GPU=2/2,1171/441MHz,OC=FF,TA=0/70/0,SP=N/F/N,Mem=1804MHz,Free=8288MB,PLS=0,Temp=25.5C/0.0C,TW=4.50ms,App=1.00ms,GD=0.00ms,CPU&GPU=13.91ms,LCnt=1(DR72,LM0),GPU%=0.40,CPU%=0.09(W0.17),DSF=1.00,CFL=18.21/21.95
