--------- beginning of system
--------- beginning of tracking
--------- beginning of main
01-24 03:26:59.005  1999 19874 I VrApi   : FPS=90/90,Prd=31ms,Tear=0,Early=0,Stale=0,VSnc=0,Lat=-1,Fov=0,CPU4/GPU=2/3,2419/490MHz,OC=FF,TA=0/70/0,SP=N/F/N,Mem=2092MHz,Free=8789MB,PLS=0,Temp=23.5C/0.0C,TW=2.40ms,App=5.50ms,GD=0.00ms,CPU&GPU=9.48ms,LCnt=4(DR0,LM4),GPU%=0.82,CPU%=0.18(W0.29),DSF=1.00,CFL=17.55/21.20
01-24 03:27:00.006  1999 19874 I VrApi   : FPS=89/90,Prd=28ms,Tear=0,Early=5,Stale=1,VSnc=0,Lat=-1,Fov=0,CPU4/GPU=2/3,2419/490MHz,OC=FF,TA=0/70/0,SP=N/F/N,Mem=2092MHz,Free=8789MB,PLS=0,Temp=23.5C/0.0C,TW=3.22ms,App=1.24ms,GD=0.33ms,CPU&GPU=5.66ms,LCnt=6(DR11,LM4),GPU%=0.62,CPU%=0.17(W0.20),DSF=1.00,CFL=17.62/21.10
01-24 03:27:01.004  1999 19874 I VrApi   : FPS=73/90,Prd=26ms,Tear=0,Early=2,Stale=17,VSnc=0,Lat=-1,Fov=0,CPU4/GPU=3/3,2419/490MHz,OC=FF,TA=0/70/0,SP=N/F/N,Mem=2092MHz,Free=8789MB,PLS=0,Temp=23.5C/0.0C,TW=2.80ms,App=1.17ms,GD=0.13ms,CPU&GPU=4.61ms,LCnt=5(DR0,LM2),GPU%=0.49,CPU%=0.23(W0.32),DSF=1.00,CFL=17.66/20.92
01-24 03:27:02.003  1999 19874 I VrApi   : FPS=91/90,Prd=34ms,Tear=0,Early=57,Stale=0,VSnc=0,Lat=-1,Fov=0,CPU4/GPU=3/3,2419/490MHz,OC=FF,TA=0/70/0,SP=N/F/N,Mem=2092MHz,Free=8789MB,PLS=0,Temp=23.5C/0.0C,TW=3.27ms,App=1.27ms,GD=0.12ms,CPU&GPU=6.63ms,LCnt=5(DR0,LM2),GPU%=0.58,CPU%=0.09(W0.15),DSF=1.00,CFL=17.64/21.25
01-24 03:27:03.002  1999 19874 I VrApi   : FPS=89/90,Prd=31ms,Tear=0,Early=39,Stale=0,VSnc=0,Lat=-1,Fov=0,CPU4/GPU=2/3,2419/490MHz,OC=FF,TA=0/70/0,SP=N/F/N,Mem=2092MHz,Free=8789MB,PLS=0,Temp=23.5C/0.0C,TW=3.26ms,App=1.18ms,GD=0.12ms,CPU&GPU=4.86ms,LCnt=5(DR0,LM2),GPU%=0.58,CPU%=0.15(W0.15),DSF=1.00,CFL=17.64/21.25
01-24 03:27:04.003  1999 19874 I VrApi   : FPS=90/90,Prd=28ms,Tear=0,Early=0,Stale=0,VSnc=0,Lat=-1,Fov=0,CPU4/GPU=2/3,1171/490MHz,OC=FF,TA=0/70/0,SP=N/F/N,Mem=1555MHz,Free=8789MB,PLS=0,Temp=23.5C/0.0C,TW=3.26ms,App=1.77ms,GD=0.12ms,CPU&GPU=5.67ms,LCnt=5(DR0,LM2),GPU%=0.63,CPU%=0.17(W0.24),DSF=1.00,CFL=17.67/20.85
01-24 03:27:05.003  1999 19874 I VrApi   : FPS=88/90,Prd=28ms,Tear=0,Early=0,Stale=2,VSnc=0,Lat=-1,Fov=0,CPU4/GPU=2/3,1171/490MHz,OC=FF,TA=0/70/0,SP=N/F/N,Mem=1555MHz,Free=8789MB,PLS=0,Temp=23.5C/0.0C,TW=3.15ms,App=1.75ms,GD=0.12ms,CPU&GPU=6.18ms,LCnt=4(DR0,LM2),GPU%=0.62,CPU%=0.26(W0.29),DSF=1.00,CFL=17.62/21.09
01-24 03:27:06.005  1999 19874 I VrApi   : FPS=90/90,Prd=28ms,Tear=0,Early=0,Stale=0,VSnc=0,Lat=-1,Fov=0,CPU4/GPU=2/3,1171/490MHz,OC=FF,TA=0/70/0,SP=N/F/N,Mem=1555MHz,Free=8789MB,PLS=0,Temp=23.5C/0.0C,TW=3.13ms,App=1.99ms,GD=0.12ms,CPU&GPU=6.48ms,LCnt=4(DR0,LM2),GPU%=0.63,CPU%=0.23(W0.25),DSF=1.00,CFL=17.58/21.43
01-24 03:27:07.003  1999 19874 I VrApi   : FPS=90/90,Prd=28ms,Tear=0,Early=0,Stale=0,VSnc=0,Lat=-1,Fov=0,CPU4/GPU=2/3,1171/490MHz,OC=FF,TA=0/70/0,SP=N/F/N,Mem=1555MHz,Free=8789MB,PLS=0,Temp=23.5C/0.0C,TW=3.06ms,App=2.21ms,GD=0.12ms,CPU&GPU=6.88ms,LCnt=4(DR0,LM2),GPU%=0.65,CPU%=0.16(W0.20),DSF=1.00,CFL=17.66/21.55
01-24 03:27:08.004  1999 19874 I VrApi   : FPS=90/90,Prd=28ms,Tear=0,Early=0,Stale=0,VSnc=0,Lat=-1,Fov=0,CPU4/GPU=2/3,1171/490MHz,OC=FF,TA=0/70/0,SP=N/F/N,Mem=1555MHz,Free=8789MB,PLS=0,Temp=24.5C/0.0C,TW=3.12ms,App=2.08ms,GD=0.12ms,CPU&GPU=7.42ms,LCnt=4(DR0,LM2),GPU%=0.64,CPU%=0.21(W0.35),DSF=1.00,CFL=17.66/21.24
01-24 03:27:09.003  1999 19874 I VrApi   : FPS=90/90,Prd=27ms,Tear=0,Early=0,Stale=0,VSnc=0,Lat=-1,Fov=0,CPU4/GPU=2/3,1171/490MHz,OC=FF,TA=0/70/0,SP=N/F/N,Mem=1555MHz,Free=8789MB,PLS=0,Temp=24.5C/0.0C,TW=3.08ms,App=1.38ms,GD=0.12ms,CPU&GPU=4.73ms,LCnt=4(DR0,LM2),GPU%=0.57,CPU%=0.16(W0.21),DSF=1.00,CFL=17.59/21.00
01-24 03:27:10.004  1999 19874 I VrApi   : FPS=90/90,Prd=25ms,Tear=0,Early=0,Stale=0,VSnc=0,Lat=-1,Fov=0,CPU4/GPU=2/3,1171/490MHz,OC=FF,TA=0/70/0,SP=N/F/N,Mem=1555MHz,Free=8789MB,PLS=0,Temp=24.5C/0.0C,TW=3.03ms,App=1.37ms,GD=0.12ms,CPU&GPU=4.95ms,LCnt=4(DR0,LM2),GPU%=0.57,CPU%=0.14(W0.16),DSF=1.00,CFL=17.50/21.88
01-24 03:27:11.005  1999 19874 I VrApi   : FPS=90/90,Prd=25ms,Tear=0,Early=0,Stale=0,VSnc=0,Lat=-1,Fov=0,CPU4/GPU=2/3,1171/490MHz,OC=FF,TA=0/70/0,SP=N/F/N,Mem=1555MHz,Free=8789MB,PLS=0,Temp=24.5C/0.0C,TW=3.04ms,App=1.34ms,GD=0.12ms,CPU&GPU=4.99ms,LCnt=4(DR0,LM2),GPU%=0.57,CPU%=0.17(W0.20),DSF=1.00,CFL=17.57/20.84
01-24 03:27:12.004  1999 19874 I VrApi   : FPS=90/90,Prd=25ms,Tear=0,Early=0,Stale=0,VSnc=0,Lat=-1,Fov=0,CPU4/GPU=2/3,1171/490MHz,OC=FF,TA=0/70/0,SP=N/F/N,Mem=1555MHz,Free=8789MB,PLS=0,Temp=24.5C/0.0C,TW=3.04ms,App=1.32ms,GD=0.12ms,CPU&GPU=5.07ms,LCnt=4(DR0,LM2),GPU%=0.57,CPU%=0.15(W0.19),DSF=1.00,CFL=17.62/21.31
01-24 03:27:13.004  1999 19874 I VrApi   : FPS=90/90,Prd=25ms,Tear=0,Early=0,Stale=0,VSnc=0,Lat=-1,Fov=0,CPU4/GPU=2/3,1171/490MHz,OC=FF,TA=0/70/0,SP=N/F/N,Mem=1555MHz,Free=8789MB,PLS=0,Temp=24.5C/0.0C,TW=3.04ms,App=1.35ms,GD=0.12ms,CPU&GPU=5.11ms,LCnt=4(DR0,LM2),GPU%=0.57,CPU%=0.19(W0.23),DSF=1.00,CFL=17.52/20.92
01-24 03:27:14.004  1999 19874 I VrApi   : FPS=90/90,Prd=25ms,Tear=0,Early=0,Stale=0,VSnc=0,Lat=-1,Fov=0,CPU4/GPU=2/3,1171/490MHz,OC=FF,TA=0/70/0,SP=N/F/N,Mem=1555MHz,Free=8789MB,PLS=0,Temp=24.5C/0.0C,TW=3.03ms,App=1.35ms,GD=0.12ms,CPU&GPU=5.09ms,LCnt=4(DR0,LM2),GPU%=0.56,CPU%=0.19(W0.25),DSF=1.00,CFL=17.61/21.66
01-24 03:27:15.011  1999 19874 I VrApi   : FPS=90/90,Prd=25ms,Tear=0,Early=0,Stale=0,VSnc=0,Lat=-1,Fov=0,CPU4/GPU=2/3,1171/490MHz,OC=FF,TA=0/70/0,SP=N/F/N,Mem=1555MHz,Free=8750MB,PLS=0,Temp=24.5C/0.0C,TW=3.03ms,App=1.36ms,GD=0.12ms,CPU&GPU=5.15ms,LCnt=4(DR0,LM2),GPU%=0.57,CPU%=0.18(W0.24),DSF=1.00,CFL=17.39/21.37
01-24 03:27:16.005  1999 19874 I VrApi   : FPS=90/90,Prd=25ms,Tear=0,Early=0,Stale=0,VSnc=0,Lat=-1,Fov=0,CPU4/GPU=2/3,1171/490MHz,OC=FF,TA=0/70/0,SP=N/F/N,Mem=1555MHz,Free=8750MB,PLS=0,Temp=24.5C/0.0C,TW=3.03ms,App=1.52ms,GD=0.12ms,CPU&GPU=5.26ms,LCnt=4(DR0,LM2),GPU%=0.58,CPU%=0.16(W0.19),DSF=1.00,CFL=17.49/20.96
01-24 03:27:17.004  1999 19874 I VrApi   : FPS=90/90,Prd=25ms,Tear=0,Early=0,Stale=0,VSnc=0,Lat=-1,Fov=0,CPU4/GPU=2/3,1171/490MHz,OC=FF,TA=0/70/0,SP=N/F/N,Mem=1555MHz,Free=8750MB,PLS=0,Temp=24.5C/0.0C,TW=3.04ms,App=1.51ms,GD=0.12ms,CPU&GPU=5.20ms,LCnt=4(DR0,LM2),GPU%=0.58,CPU%=0.20(W0.23),DSF=1.00,CFL=17.58/21.69
01-24 03:27:18.005  1999 19874 I VrApi   : FPS=90/90,Prd=25ms,Tear=0,Early=0,Stale=0,VSnc=0,Lat=-1,Fov=0,CPU4/GPU=2/3,1171/490MHz,OC=FF,TA=0/70/0,SP=N/F/N,Mem=1555MHz,Free=8750MB,PLS=0,Temp=24.0C/0.0C,TW=3.03ms,App=1.51ms,GD=0.12ms,CPU&GPU=5.28ms,LCnt=4(DR0,LM2),GPU%=0.56,CPU%=0.22(W0.26),DSF=1.00,CFL=17.49/21.06
01-24 03:27:19.005  1999 19874 I VrApi   : FPS=90/90,Prd=25ms,Tear=0,Early=0,Stale=0,VSnc=0,Lat=-1,Fov=0,CPU4/GPU=2/3,1171/490MHz,OC=FF,TA=0/70/0,SP=N/F/N,Mem=1555MHz,Free=8750MB,PLS=0,Temp=24.0C/0.0C,TW=3.03ms,App=1.35ms,GD=0.12ms,CPU&GPU=5.31ms,LCnt=4(DR0,LM2),GPU%=0.57,CPU%=0.15(W0.20),DSF=1.00,CFL=17.60/20.99
01-24 03:27:20.005  1999 19874 I VrApi   : FPS=90/90,Prd=25ms,Tear=0,Early=0,Stale=0,VSnc=0,Lat=-1,Fov=0,CPU4/GPU=2/3,1171/490MHz,OC=FF,TA=0/70/0,SP=N/F/N,Mem=1555MHz,Free=8750MB,PLS=0,Temp=24.0C/0.0C,TW=3.04ms,App=1.33ms,GD=0.12ms,CPU&GPU=5.32ms,LCnt=4(DR0,LM2),GPU%=0.57,CPU%=0.16(W0.24),DSF=1.00,CFL=17.58/21.14
01-24 03:27:21.005  1999 19874 I VrApi   : FPS=90/90,Prd=25ms,Tear=0,Early=0,Stale=0,VSnc=0,Lat=-1,Fov=0,CPU4/GPU=2/3,1171/490MHz,OC=FF,TA=0/70/0,SP=N/F/N,Mem=1555MHz,Free=8750MB,PLS=0,Temp=24.0C/0.0C,TW=3.05ms,App=1.37ms,GD=0.12ms,CPU&GPU=5.26ms,LCnt=4(DR0,LM2),GPU%=0.57,CPU%=0.16(W0.23),DSF=1.00,CFL=17.60/21.45
01-24 03:27:22.005  1999 19874 I VrApi   : FPS=90/90,Prd=25ms,Tear=0,Early=0,Stale=0,VSnc=0,Lat=-1,Fov=0,CPU4/GPU=2/3,1171/490MHz,OC=FF,TA=0/70/0,SP=N/F/N,Mem=1555MHz,Free=8750MB,PLS=0,Temp=24.0C/0.0C,TW=3.04ms,App=1.52ms,GD=0.12ms,CPU&GPU=5.48ms,LCnt=4(DR0,LM2),GPU%=0.58,CPU%=0.15(W0.24),DSF=1.00,CFL=17.59/21.63
01-24 03:27:23.005  1999 19874 I VrApi   : FPS=90/90,Prd=25ms,Tear=0,Early=0,Stale=0,VSnc=0,Lat=-1,Fov=0,CPU4/GPU=2/3,1171/490MHz,OC=FF,TA=0/70/0,SP=N/F/N,Mem=1555MHz,Free=8750MB,PLS=0,Temp=24.0C/0.0C,TW=3.02ms,App=1.37ms,GD=0.12ms,CPU&GPU=5.45ms,LCnt=4(DR0,LM2),GPU%=0.57,CPU%=0.16(W0.24),DSF=1.00,CFL=17.42/21.76
01-24 03:27:24.005  1999 19874 I VrApi   : FPS=90/90,Prd=25ms,Tear=0,Early=0,Stale=0,VSnc=0,Lat=-1,Fov=0,CPU4/GPU=2/3,1171/490MHz,OC=FF,TA=0/70/0,SP=N/F/N,Mem=1555MHz,Free=8750MB,PLS=0,Temp=24.0C/0.0C,TW=3.02ms,App=1.36ms,GD=0.12ms,CPU&GPU=5.47ms,LCnt=4(DR0,LM2),GPU%=0.57,CPU%=0.16(W0.24),DSF=1.00,CFL=17.62/21.58
01-24 03:27:25.007  1999 19874 I VrApi   : FPS=90/90,Prd=25ms,Tear=0,Early=0,Stale=0,VSnc=0,Lat=-1,Fov=0,CPU4/GPU=2/3,1171/490MHz,OC=FF,TA=0/70/0,SP=N/F/N,Mem=1555MHz,Free=8750MB,PLS=0,Temp=24.0C/0.0C,TW=3.02ms,App=1.37ms,GD=0.12ms,CPU&GPU=5.53ms,LCnt=4(DR0,LM2),GPU%=0.57,CPU%=0.17(W0.24),DSF=1.00,CFL=17.64/20.93
01-24 03:27:26.006  1999 19874 I VrApi   : FPS=90/90,Prd=25ms,Tear=0,Early=0,Stale=0,VSnc=0,Lat=-1,Fov=0,CPU4/GPU=2/3,1171/490MHz,OC=FF,TA=0/70/0,SP=N/F/N,Mem=1555MHz,Free=8750MB,PLS=0,Temp=24.0C/0.0C,TW=3.05ms,App=1.33ms,GD=0.12ms,CPU&GPU=5.53ms,LCnt=4(DR0,LM2),GPU%=0.58,CPU%=0.15(W0.20),DSF=1.00,CFL=17.46/21.36
01-24 03:27:27.006  1999 19874 I VrApi   : FPS=90/90,Prd=25ms,Tear=0,Early=0,Stale=0,VSnc=0,Lat=-1,Fov=0,CPU4/GPU=2/3,1171/490MHz,OC=FF,TA=0/70/0,SP=N/F/N,Mem=1555MHz,Free=8750MB,PLS=0,Temp=24.0C/0.0C,TW=3.00ms,App=1.34ms,GD=0.12ms,CPU&GPU=5.31ms,LCnt=4(DR0,LM2),GPU%=0.57,CPU%=0.14(W0.16),DSF=1.00,CFL=17.58/21.33
01-24 03:27:28.005  1999 19874 I VrApi   : FPS=90/90,Prd=25ms,Tear=0,Early=0,Stale=0,VSnc=0,Lat=-1,Fov=0,CPU4/GPU=2/3,1171/490MHz,OC=FF,TA=0/70/0,SP=N/F/N,Mem=1555MHz,Free=8750MB,PLS=0,Temp=24.5C/0.0C,TW=3.00ms,App=1.38ms,GD=0.12ms,CPU&GPU=5.43ms,LCnt=4(DR0,LM2),GPU%=0.57,CPU%=0.15(W0.19),DSF=1.00,CFL=17.45/21.61
01-24 03:27:29.006  1999 19874 I VrApi   : FPS=90/90,Prd=25ms,Tear=0,Early=0,Stale=0,VSnc=0,Lat=-1,Fov=0,CPU4/GPU=2/3,1171/490MHz,OC=FF,TA=0/70/0,SP=N/F/N,Mem=1555MHz,Free=8750MB,PLS=0,Temp=24.5C/0.0C,TW=2.99ms,App=1.38ms,GD=0.12ms,CPU&GPU=5.43ms,LCnt=4(DR0,LM2),GPU%=0.58,CPU%=0.18(W0.20),DSF=1.00,CFL=17.54/21.07
01-24 03:27:30.005  1999 19874 I VrApi   : FPS=90/90,Prd=25ms,Tear=0,Early=0,Stale=0,VSnc=0,Lat=-1,Fov=0,CPU4/GPU=2/3,1171/490MHz,OC=FF,TA=0/70/0,SP=N/F/N,Mem=1555MHz,Free=8750MB,PLS=0,Temp=24.5C/0.0C,TW=3.01ms,App=1.42ms,GD=0.12ms,CPU&GPU=5.40ms,LCnt=4(DR0,LM2),GPU%=0.56,CPU%=0.20(W0.30),DSF=1.00,CFL=17.63/20.87
01-24 03:27:31.005  1999 19874 I VrApi   : FPS=90/90,Prd=25ms,Tear=0,Early=0,Stale=0,VSnc=0,Lat=-1,Fov=0,CPU4/GPU=2/3,1171/490MHz,OC=FF,TA=0/70/0,SP=N/F/N,Mem=1555MHz,Free=8750MB,PLS=0,Temp=24.5C/0.0C,TW=3.01ms,App=1.48ms,GD=0.12ms,CPU&GPU=5.26ms,LCnt=4(DR0,LM2),GPU%=0.57,CPU%=0.19(W0.27),DSF=1.00,CFL=17.53/20.90
01-24 03:27:32.006  1999 19874 I VrApi   : FPS=90/90,Prd=25ms,Tear=0,Early=0,Stale=0,VSnc=0,Lat=-1,Fov=0,CPU4/GPU=2/3,1171/490MHz,OC=FF,TA=0/70/0,SP=N/F/N,Mem=1555MHz,Free=8750MB,PLS=0,Temp=24.5C/0.0C,TW=3.02ms,App=1.49ms,GD=0.12ms,CPU&GPU=5.33ms,LCnt=4(DR0,LM2),GPU%=0.58,CPU%=0.16(W0.16),DSF=1.00,CFL=17.49/21.01
01-24 03:27:33.006  1999 19874 I VrApi   : FPS=90/90,Prd=25ms,Tear=0,Early=0,Stale=0,VSnc=0,Lat=-1,Fov=0,CPU4/GPU=2/3,1171/490MHz,OC=FF,TA=0/70/0,SP=N/F/N,Mem=1555MHz,Free=8750MB,PLS=0,Temp=24.5C/0.0C,TW=3.01ms,App=1.59ms,GD=0.12ms,CPU&GPU=5.33ms,LCnt=4(DR0,LM2),GPU%=0.58,CPU%=0.15(W0.20),DSF=1.00,CFL=17.49/21.01
01-24 03:27:34.007  1999 19874 I VrApi   : FPS=90/90,Prd=25ms,Tear=0,Early=0,Stale=0,VSnc=0,Lat=-1,Fov=0,CPU4/GPU=2/3,1171/490MHz,OC=FF,TA=0/70/0,SP=N/F/N,Mem=1555MHz,Free=8750MB,PLS=0,Temp=24.5C/0.0C,TW=3.01ms,App=1.49ms,GD=0.12ms,CPU&GPU=5.18ms,LCnt=4(DR0,LM2),GPU%=0.57,CPU%=0.13(W0.24),DSF=1.00,CFL=17.56/22.26
01-24 03:27:35.013  1999 19874 I VrApi   : FPS=90/90,Prd=25ms,Tear=0,Early=0,Stale=0,VSnc=0,Lat=-1,Fov=0,CPU4/GPU=2/3,1171/490MHz,OC=FF,TA=0/70/0,SP=N/F/N,Mem=1555MHz,Free=8755MB,PLS=0,Temp=24.5C/0.0C,TW=3.04ms,App=1.54ms,GD=0.12ms,CPU&GPU=5.27ms,LCnt=4(DR0,LM2),GPU%=0.58,CPU%=0.20(W0.27),DSF=1.00,CFL=17.56/20.87
01-24 03:27:36.006  1999 19874 I VrApi   : FPS=90/90,Prd=25ms,Tear=0,Early=0,Stale=0,VSnc=0,Lat=-1,Fov=0,CPU4/GPU=2/3,1171/490MHz,OC=FF,TA=0/70/0,SP=N/F/N,Mem=1555MHz,Free=8755MB,PLS=0,Temp=24.5C/0.0C,TW=3.02ms,App=1.20ms,GD=0.12ms,CPU&GPU=5.35ms,LCnt=4(DR0,LM2),GPU%=0.56,CPU%=0.17(W0.20),DSF=1.00,CFL=17.54/20.74
01-24 03:27:37.006  1999 19874 I VrApi   : FPS=90/90,Prd=25ms,Tear=0,Early=0,Stale=0,VSnc=0,Lat=-1,Fov=0,CPU4/GPU=2/3,1171/490MHz,OC=FF,TA=0/70/0,SP=N/F/N,Mem=1555MHz,Free=8755MB,PLS=0,Temp=24.5C/0.0C,TW=3.01ms,App=1.28ms,GD=0.12ms,CPU&GPU=5.11ms,LCnt=4(DR0,LM2),GPU%=0.56,CPU%=0.15(W0.19),DSF=1.00,CFL=17.54/20.74
01-24 03:27:38.006  1999 19874 I VrApi   : FPS=90/90,Prd=25ms,Tear=0,Early=0,Stale=0,VSnc=0,Lat=-1,Fov=0,CPU4/GPU=2/3,1171/490MHz,OC=FF,TA=0/70/0,SP=N/F/N,Mem=1555MHz,Free=8755MB,PLS=0,Temp=24.2C/0.0C,TW=3.02ms,App=1.32ms,GD=0.12ms,CPU&GPU=5.39ms,LCnt=4(DR0,LM2),GPU%=0.57,CPU%=0.14(W0.16),DSF=1.00,CFL=17.48/21.78
01-24 03:27:39.007  1999 19874 I VrApi   : FPS=90/90,Prd=25ms,Tear=0,Early=0,Stale=0,VSnc=0,Lat=-1,Fov=0,CPU4/GPU=2/3,1171/490MHz,OC=FF,TA=0/70/0,SP=N/F/N,Mem=1555MHz,Free=8755MB,PLS=0,Temp=24.2C/0.0C,TW=3.02ms,App=1.34ms,GD=0.12ms,CPU&GPU=5.45ms,LCnt=4(DR0,LM2),GPU%=0.57,CPU%=0.15(W0.19),DSF=1.00,CFL=17.49/21.01
01-24 03:27:40.006  1999 19874 I VrApi   : FPS=90/90,Prd=25ms,Tear=0,Early=0,Stale=0,VSnc=0,Lat=-1,Fov=0,CPU4/GPU=2/3,1171/490MHz,OC=FF,TA=0/70/0,SP=N/F/N,Mem=1555MHz,Free=8755MB,PLS=0,Temp=24.2C/0.0C,TW=3.00ms,App=1.34ms,GD=0.12ms,CPU&GPU=5.50ms,LCnt=4(DR0,LM2),GPU%=0.57,CPU%=0.15(W0.20),DSF=1.00,CFL=17.62/20.70
01-24 03:27:41.007  1999 19874 I VrApi   : FPS=90/90,Prd=25ms,Tear=0,Early=0,Stale=0,VSnc=0,Lat=-1,Fov=0,CPU4/GPU=2/3,1171/490MHz,OC=FF,TA=0/70/0,SP=N/F/N,Mem=1555MHz,Free=8755MB,PLS=0,Temp=24.2C/0.0C,TW=2.99ms,App=1.39ms,GD=0.12ms,CPU&GPU=5.43ms,LCnt=4(DR0,LM2),GPU%=0.57,CPU%=0.19(W0.20),DSF=1.00,CFL=17.63/20.99
01-24 03:27:42.006  1999 19874 I VrApi   : FPS=90/90,Prd=25ms,Tear=0,Early=0,Stale=0,VSnc=0,Lat=-1,Fov=0,CPU4/GPU=2/3,1171/490MHz,OC=FF,TA=0/70/0,SP=N/F/N,Mem=1555MHz,Free=8755MB,PLS=0,Temp=24.2C/0.0C,TW=3.00ms,App=1.36ms,GD=0.12ms,CPU&GPU=5.42ms,LCnt=4(DR0,LM2),GPU%=0.57,CPU%=0.15(W0.20),DSF=1.00,CFL=17.44/21.20
01-24 03:27:43.007  1999 19874 I VrApi   : FPS=90/90,Prd=25ms,Tear=0,Early=0,Stale=0,VSnc=0,Lat=-1,Fov=0,CPU4/GPU=2/3,1171/490MHz,OC=FF,TA=0/70/0,SP=N/F/N,Mem=1555MHz,Free=8755MB,PLS=0,Temp=24.2C/0.0C,TW=3.00ms,App=1.37ms,GD=0.12ms,CPU&GPU=5.44ms,LCnt=4(DR0,LM2),GPU%=0.57,CPU%=0.18(W0.24),DSF=1.00,CFL=17.40/21.53
01-24 03:27:44.007  1999 19874 I VrApi   : FPS=90/90,Prd=25ms,Tear=0,Early=0,Stale=0,VSnc=0,Lat=-1,Fov=0,CPU4/GPU=2/3,1171/490MHz,OC=FF,TA=0/70/0,SP=N/F/N,Mem=1555MHz,Free=8755MB,PLS=0,Temp=24.2C/0.0C,TW=3.00ms,App=1.32ms,GD=0.12ms,CPU&GPU=5.36ms,LCnt=4(DR0,LM2),GPU%=0.56,CPU%=0.18(W0.24),DSF=1.00,CFL=17.45/21.05
01-24 03:27:45.007  1999 19874 I VrApi   : FPS=90/90,Prd=25ms,Tear=0,Early=0,Stale=0,VSnc=0,Lat=-1,Fov=0,CPU4/GPU=2/3,1171/490MHz,OC=FF,TA=0/70/0,SP=N/F/N,Mem=1555MHz,Free=8755MB,PLS=0,Temp=24.2C/0.0C,TW=3.02ms,App=1.40ms,GD=0.12ms,CPU&GPU=5.14ms,LCnt=4(DR0,LM2),GPU%=0.57,CPU%=0.18(W0.20),DSF=1.00,CFL=17.50/21.82
01-24 03:27:46.007  1999 19874 I VrApi   : FPS=90/90,Prd=25ms,Tear=0,Early=0,Stale=0,VSnc=0,Lat=-1,Fov=0,CPU4/GPU=2/3,1171/490MHz,OC=FF,TA=0/70/0,SP=N/F/N,Mem=1555MHz,Free=8755MB,PLS=0,Temp=24.2C/0.0C,TW=3.01ms,App=1.44ms,GD=0.12ms,CPU&GPU=5.31ms,LCnt=4(DR0,LM2),GPU%=0.57,CPU%=0.13(W0.24),DSF=1.00,CFL=17.47/20.73
01-24 03:27:47.007  1999 19874 I VrApi   : FPS=90/90,Prd=25ms,Tear=0,Early=0,Stale=0,VSnc=0,Lat=-1,Fov=0,CPU4/GPU=2/3,1171/490MHz,OC=FF,TA=0/70/0,SP=N/F/N,Mem=1555MHz,Free=8755MB,PLS=0,Temp=24.2C/0.0C,TW=3.01ms,App=1.39ms,GD=0.12ms,CPU&GPU=5.35ms,LCnt=4(DR0,LM2),GPU%=0.57,CPU%=0.16(W0.16),DSF=1.00,CFL=17.63/21.12
01-24 03:27:48.007  1999 19874 I VrApi   : FPS=90/90,Prd=25ms,Tear=0,Early=0,Stale=0,VSnc=0,Lat=-1,Fov=0,CPU4/GPU=2/3,1171/490MHz,OC=FF,TA=0/70/0,SP=N/F/N,Mem=1555MHz,Free=8755MB,PLS=0,Temp=24.2C/0.0C,TW=3.02ms,App=1.40ms,GD=0.12ms,CPU&GPU=5.13ms,LCnt=4(DR0,LM2),GPU%=0.56,CPU%=0.23(W0.29),DSF=1.00,CFL=17.39/20.94
01-24 03:27:49.007  1999 19874 I VrApi   : FPS=90/90,Prd=25ms,Tear=0,Early=0,Stale=0,VSnc=0,Lat=-1,Fov=0,CPU4/GPU=2/3,1171/490MHz,OC=FF,TA=0/70/0,SP=N/F/N,Mem=1555MHz,Free=8755MB,PLS=0,Temp=24.2C/0.0C,TW=3.03ms,App=1.44ms,GD=0.12ms,CPU&GPU=5.00ms,LCnt=4(DR0,LM2),GPU%=0.57,CPU%=0.15(W0.20),DSF=1.00,CFL=17.46/21.34
01-24 03:27:50.007  1999 19874 I VrApi   : FPS=90/90,Prd=25ms,Tear=0,Early=0,Stale=0,VSnc=0,Lat=-1,Fov=0,CPU4/GPU=2/3,1171/490MHz,OC=FF,TA=0/70/0,SP=N/F/N,Mem=1555MHz,Free=8755MB,PLS=0,Temp=24.2C/0.0C,TW=3.03ms,App=1.35ms,GD=0.12ms,CPU&GPU=5.47ms,LCnt=4(DR0,LM2),GPU%=0.57,CPU%=0.15(W0.21),DSF=1.00,CFL=17.48/21.08
01-24 03:27:51.008  1999 19874 I VrApi   : FPS=90/90,Prd=25ms,Tear=0,Early=0,Stale=0,VSnc=0,Lat=-1,Fov=0,CPU4/GPU=2/3,1171/490MHz,OC=FF,TA=0/70/0,SP=N/F/N,Mem=1555MHz,Free=8755MB,PLS=0,Temp=24.2C/0.0C,TW=3.03ms,App=1.34ms,GD=0.12ms,CPU&GPU=5.47ms,LCnt=4(DR0,LM2),GPU%=0.57,CPU%=0.16(W0.24),DSF=1.00,CFL=17.47/20.89
01-24 03:27:52.007  1999 19874 I VrApi   : FPS=90/90,Prd=25ms,Tear=0,Early=0,Stale=0,VSnc=0,Lat=-1,Fov=0,CPU4/GPU=2/3,1171/490MHz,OC=FF,TA=0/70/0,SP=N/F/N,Mem=1555MHz,Free=8755MB,PLS=0,Temp=24.2C/0.0C,TW=3.04ms,App=1.38ms,GD=0.12ms,CPU&GPU=5.47ms,LCnt=4(DR0,LM2),GPU%=0.57,CPU%=0.17(W0.32),DSF=1.00,CFL=17.40/21.63
01-24 03:27:53.007  1999 19874 I VrApi   : FPS=90/90,Prd=25ms,Tear=0,Early=0,Stale=0,VSnc=0,Lat=-1,Fov=0,CPU4/GPU=2/3,1171/490MHz,OC=FF,TA=0/70/0,SP=N/F/N,Mem=1555MHz,Free=8755MB,PLS=0,Temp=24.2C/0.0C,TW=3.07ms,App=1.43ms,GD=0.12ms,CPU&GPU=5.47ms,LCnt=4(DR0,LM2),GPU%=0.57,CPU%=0.15(W0.20),DSF=1.00,CFL=17.55/21.00
01-24 03:27:54.007  1999 19874 I VrApi   : FPS=90/90,Prd=25ms,Tear=0,Early=0,Stale=0,VSnc=0,Lat=-1,Fov=0,CPU4/GPU=2/3,1171/490MHz,OC=FF,TA=0/70/0,SP=N/F/N,Mem=1555MHz,Free=8755MB,PLS=0,Temp=24.2C/0.0C,TW=3.08ms,App=1.33ms,GD=0.12ms,CPU&GPU=5.57ms,LCnt=4(DR0,LM2),GPU%=0.58,CPU%=0.15(W0.20),DSF=1.00,CFL=17.53/21.13
01-24 03:27:55.014  1999 19874 I VrApi   : FPS=90/90,Prd=25ms,Tear=0,Early=0,Stale=0,VSnc=0,Lat=-1,Fov=0,CPU4/GPU=2/3,1171/490MHz,OC=FF,TA=0/70/0,SP=N/F/N,Mem=1555MHz,Free=8770MB,PLS=0,Temp=24.2C/0.0C,TW=3.08ms,App=1.33ms,GD=0.12ms,CPU&GPU=5.48ms,LCnt=4(DR0,LM2),GPU%=0.57,CPU%=0.14(W0.17),DSF=1.00,CFL=17.38/20.76
01-24 03:27:56.009  1999 19874 I VrApi   : FPS=90/90,Prd=25ms,Tear=0,Early=0,Stale=0,VSnc=0,Lat=-1,Fov=0,CPU4/GPU=2/3,1171/490MHz,OC=FF,TA=0/70/0,SP=N/F/N,Mem=1555MHz,Free=8770MB,PLS=0,Temp=24.5C/0.0C,TW=2.99ms,App=1.41ms,GD=0.13ms,CPU&GPU=5.29ms,LCnt=4(DR0,LM2),GPU%=0.57,CPU%=0.20(W0.29),DSF=1.00,CFL=17.42/22.00
01-24 03:27:57.008  1999 19874 I VrApi   : FPS=90/90,Prd=25ms,Tear=0,Early=0,Stale=0,VSnc=0,Lat=-1,Fov=0,CPU4/GPU=2/3,1171/490MHz,OC=FF,TA=0/70/0,SP=N/F/N,Mem=1555MHz,Free=8770MB,PLS=0,Temp=24.5C/0.0C,TW=3.04ms,App=1.46ms,GD=0.12ms,CPU&GPU=5.33ms,LCnt=4(DR0,LM2),GPU%=0.57,CPU%=0.21(W0.25),DSF=1.00,CFL=17.41/21.38
01-24 03:27:58.008  1999 19874 I VrApi   : FPS=90/90,Prd=25ms,Tear=0,Early=0,Stale=0,VSnc=0,Lat=-1,Fov=0,CPU4/GPU=2/3,1171/490MHz,OC=FF,TA=0/70/0,SP=N/F/N,Mem=1555MHz,Free=8770MB,PLS=0,Temp=24.5C/0.0C,TW=3.11ms,App=1.27ms,GD=0.14ms,CPU&GPU=5.33ms,LCnt=4(DR0,LM2),GPU%=0.55,CPU%=0.27(W0.32),DSF=1.00,CFL=17.51/21.17
01-24 03:27:59.009  1999 19874 I VrApi   : FPS=89/90,Prd=24ms,Tear=0,Early=0,Stale=1,VSnc=0,Lat=-1,Fov=0,CPU4/GPU=2/3,1171/490MHz,OC=FF,TA=0/70/0,SP=N/F/N,Mem=1555MHz,Free=8770MB,PLS=0,Temp=24.5C/0.0C,TW=3.15ms,App=1.49ms,GD=0.14ms,CPU&GPU=4.00ms,LCnt=4(DR0,LM2),GPU%=0.60,CPU%=0.19(W0.25),DSF=1.00,CFL=17.44/21.75
01-24 03:28:00.008  1999 19874 I VrApi   : FPS=90/90,Prd=25ms,Tear=0,Early=0,Stale=0,VSnc=0,Lat=-1,Fov=0,CPU4/GPU=2/3,1171/490MHz,OC=FF,TA=0/70/0,SP=N/F/N,Mem=1555MHz,Free=8770MB,PLS=0,Temp=24.5C/0.0C,TW=3.07ms,App=1.68ms,GD=0.12ms,CPU&GPU=5.88ms,LCnt=4(DR0,LM2),GPU%=0.60,CPU%=0.18(W0.24),DSF=1.00,CFL=17.47/20.85
01-24 03:28:01.008  1999 19874 I VrApi   : FPS=90/90,Prd=26ms,Tear=0,Early=0,Stale=0,VSnc=0,Lat=-1,Fov=0,CPU4/GPU=2/3,1171/490MHz,OC=FF,TA=0/70/0,SP=N/F/N,Mem=1555MHz,Free=8770MB,PLS=0,Temp=24.5C/0.0C,TW=3.19ms,App=1.98ms,GD=0.16ms,CPU&GPU=7.60ms,LCnt=4(DR0,LM2),GPU%=0.68,CPU%=0.22(W0.26),DSF=1.00,CFL=17.47/21.29
01-24 03:28:02.008  1999 19874 I VrApi   : FPS=89/90,Prd=28ms,Tear=0,Early=0,Stale=1,VSnc=0,Lat=-1,Fov=0,CPU4/GPU=2/3,1171/490MHz,OC=FF,TA=0/70/0,SP=N/F/N,Mem=1555MHz,Free=8770MB,PLS=0,Temp=24.5C/0.0C,TW=3.20ms,App=1.77ms,GD=0.19ms,CPU&GPU=8.59ms,LCnt=4(DR0,LM2),GPU%=0.67,CPU%=0.25(W0.33),DSF=1.00,CFL=17.46/20.91
01-24 03:28:03.009  1999 19874 I VrApi   : FPS=89/90,Prd=28ms,Tear=0,Early=0,Stale=1,VSnc=0,Lat=-1,Fov=0,CPU4/GPU=2/3,1171/490MHz,OC=FF,TA=0/70/0,SP=N/F/N,Mem=1555MHz,Free=8770MB,PLS=0,Temp=24.5C/0.0C,TW=3.04ms,App=1.89ms,GD=0.22ms,CPU&GPU=8.44ms,LCnt=4(DR0,LM2),GPU%=0.63,CPU%=0.18(W0.25),DSF=1.00,CFL=17.38/21.19
01-24 03:28:04.009  1999 19874 I VrApi   : FPS=90/90,Prd=27ms,Tear=0,Early=0,Stale=0,VSnc=0,Lat=-1,Fov=0,CPU4/GPU=2/3,1171/490MHz,OC=FF,TA=0/70/0,SP=N/F/N,Mem=1555MHz,Free=8770MB,PLS=0,Temp=24.5C/0.0C,TW=2.23ms,App=4.67ms,GD=0.60ms,CPU&GPU=5.30ms,LCnt=4(DR0,LM2),GPU%=0.87,CPU%=0.22(W0.38),DSF=1.00,CFL=17.44/21.74
01-24 03:28:05.009  1999 19874 I VrApi   : FPS=91/90,Prd=27ms,Tear=0,Early=0,Stale=2,VSnc=0,Lat=-1,Fov=0,CPU4/GPU=2/3,1171/490MHz,OC=FF,TA=0/70/0,SP=N/F/N,Mem=1555MHz,Free=8770MB,PLS=0,Temp=24.5C/0.0C,TW=2.03ms,App=5.36ms,GD=0.40ms,CPU&GPU=9.32ms,LCnt=3(DR0,LM2),GPU%=0.73,CPU%=0.22(W0.35),DSF=1.00,CFL=17.61/21.45
01-24 03:28:06.009  1999 19874 I VrApi   : FPS=90/90,Prd=30ms,Tear=0,Early=0,Stale=0,VSnc=0,Lat=-1,Fov=0,CPU4/GPU=2/3,1171/490MHz,OC=FF,TA=0/70/0,SP=N/F/N,Mem=1555MHz,Free=8770MB,PLS=0,Temp=24.5C/0.0C,TW=2.03ms,App=5.32ms,GD=0.39ms,CPU&GPU=9.50ms,LCnt=3(DR0,LM2),GPU%=0.72,CPU%=0.22(W0.29),DSF=1.00,CFL=17.36/21.24
01-24 03:28:07.008  1999 19874 I VrApi   : FPS=90/90,Prd=30ms,Tear=0,Early=0,Stale=0,VSnc=0,Lat=-1,Fov=0,CPU4/GPU=2/3,2419/490MHz,OC=FF,TA=0/70/0,SP=N/F/N,Mem=2092MHz,Free=8770MB,PLS=0,Temp=24.5C/0.0C,TW=2.01ms,App=5.47ms,GD=0.39ms,CPU&GPU=9.61ms,LCnt=4(DR0,LM3),GPU%=0.73,CPU%=0.24(W0.26),DSF=1.00,CFL=17.40/20.70
01-24 03:28:08.009  1999 19874 I VrApi   : FPS=89/90,Prd=30ms,Tear=0,Early=0,Stale=1,VSnc=0,Lat=-1,Fov=0,CPU4/GPU=3/3,2419/490MHz,OC=FF,TA=0/70/0,SP=N/F/N,Mem=2092MHz,Free=8770MB,PLS=0,Temp=24.2C/0.0C,TW=2.18ms,App=5.13ms,GD=0.39ms,CPU&GPU=9.94ms,LCnt=3(DR0,LM2),GPU%=0.78,CPU%=0.41(W0.48),DSF=1.00,CFL=17.55/21.85
01-24 03:28:09.009  1999 19874 I VrApi   : FPS=81/90,Prd=30ms,Tear=0,Early=0,Stale=9,VSnc=0,Lat=-1,Fov=0,CPU4/GPU=3/3,2419/490MHz,OC=FF,TA=0/70/0,SP=N/F/N,Mem=2092MHz,Free=8770MB,PLS=0,Temp=24.2C/0.0C,TW=2.49ms,App=6.05ms,GD=0.37ms,CPU&GPU=10.27ms,LCnt=5(DR0,LM2),GPU%=0.80,CPU%=0.30(W0.36),DSF=1.00,CFL=17.42/20.97
01-24 03:28:10.008  1999 19874 I VrApi   : FPS=89/90,Prd=30ms,Tear=0,Early=0,Stale=1,VSnc=0,Lat=-1,Fov=0,CPU4/GPU=3/3,2419/490MHz,OC=FF,TA=0/70/0,SP=N/F/N,Mem=2092MHz,Free=8770MB,PLS=0,Temp=24.2C/0.0C,TW=2.07ms,App=2.29ms,GD=0.39ms,CPU&GPU=10.95ms,LCnt=4(DR0,LM2),GPU%=0.86,CPU%=0.27(W0.28),DSF=1.00,CFL=17.28/21.32
01-24 03:28:11.009  1999 19874 I VrApi   : FPS=90/90,Prd=30ms,Tear=0,Early=0,Stale=0,VSnc=0,Lat=-1,Fov=0,CPU4/GPU=2/3,2419/490MHz,OC=FF,TA=0/70/0,SP=N/F/N,Mem=2092MHz,Free=8770MB,PLS=0,Temp=24.2C/0.0C,TW=2.08ms,App=2.00ms,GD=0.39ms,CPU&GPU=10.56ms,LCnt=3(DR0,LM2),GPU%=0.86,CPU%=0.31(W0.33),DSF=1.00,CFL=17.61/21.04
01-24 03:28:12.009  1999 19874 I VrApi   : FPS=90/90,Prd=30ms,Tear=0,Early=0,Stale=0,VSnc=0,Lat=-1,Fov=0,CPU4/GPU=2/3,2419/490MHz,OC=FF,TA=0/70/0,SP=N/F/N,Mem=2092MHz,Free=8770MB,PLS=0,Temp=24.2C/0.0C,TW=2.07ms,App=5.78ms,GD=0.40ms,CPU&GPU=9.79ms,LCnt=3(DR0,LM2),GPU%=0.77,CPU%=0.22(W0.29),DSF=1.00,CFL=17.40/21.76
01-24 03:28:13.015  1999 19874 I VrApi   : FPS=90/90,Prd=29ms,Tear=0,Early=0,Stale=0,VSnc=0,Lat=-1,Fov=0,CPU4/GPU=2/3,2419/490MHz,OC=FF,TA=0/F/0,SP=N/F/N,Mem=2092MHz,Free=8770MB,PLS=0,Temp=24.2C/0.0C,TW=2.17ms,App=2.94ms,GD=0.38ms,CPU&GPU=9.67ms,LCnt=3(DR0,LM2),GPU%=0.83,CPU%=0.36(W0.45),DSF=1.00,CFL=17.48/21.56
01-24 03:28:13.017  1999  2101 D VrApi   : targetSDKVersion 29
01-24 03:28:13.062  1999 19874 I VrApi   : FPS=90/90,Prd=29ms,Tear=0,Early=0,Stale=0,VSnc=0,Lat=-1,Fov=0,CPU4/GPU=2/3,2419/490MHz,OC=FF,TA=0/F/0,SP=N/F/N,Mem=2092MHz,Free=8770MB,PLS=0,Temp=24.2C/0.0C,TW=2.17ms,App=2.94ms,GD=0.38ms,CPU&GPU=9.67ms,LCnt=3(DR0,LM2),GPU%=0.83,CPU%=0.36(W0.45),DSF=1.00,CFL=17.48/21.56
01-24 03:28:13.067  1999  2101 I VrApi   : OVR::Stats thread stopped
01-24 03:28:13.213 20679 20708 I VrApi   : ----------- vrapi_Initialize [start] ----------
01-24 03:28:13.220 20679 20708 I VrApi   : Client type: 0 flags: 0x0 placement: 0
01-24 03:28:13.537  2810  2951 D VrApi   : targetSDKVersion 29
01-24 03:28:13.542 20679 20708 I VrApi   : vrapi_Initialize: Connected to VrRuntimeService after 0.321546s
01-24 03:28:13.558  2810  2951 I VrApi   : OVR::Stats thread stopped
01-24 03:28:13.705 20679 20708 I VrApi   : SkipPushFinalBlack=1
01-24 03:28:13.705 20679 20708 D VrApi   : isActivityFocusAware context = com.oculus.xrstreamingclient.MainActivity@b754632
01-24 03:28:13.705 20679 20708 D VrApi   : isSystemApp = true for com.oculus.xrstreamingclient
01-24 03:28:13.705 20679 20708 I VrApi   : isActivityFocusAware = 0
01-24 03:28:13.705 20679 20708 I VrApi   : Client-driven display vsync: enabled
01-24 03:28:13.708  2645  2645 I VrApi   : ----------- vrapi_Initialize [start] ----------
01-24 03:28:13.712  2645  2645 I VrApi   : Client type: 0 flags: 0x0 placement: 0
01-24 03:28:13.799 20679 20708 I VrApi   : ----------- vrapi_Initialize [end] ----------
01-24 03:28:13.816 20679 20708 I VrApi   : ------------ vrapi_CreateSystemVulkan -----------
01-24 03:28:14.326  2645  2645 I VrApi   : vrapi_Initialize: Connected to VrRuntimeService after 0.614313s
01-24 03:28:14.366  2645  2645 I VrApi   : SkipPushFinalBlack=1
01-24 03:28:14.366  2645  2645 D VrApi   : isActivityFocusAware context = com.oculus.os.DialogContext@81b8ef9
01-24 03:28:14.367  2645  2645 D VrApi   : isSystemApp = true for com.android.permissioncontroller
01-24 03:28:14.367  2645  2645 I VrApi   : isActivityFocusAware = 0
01-24 03:28:14.378  2645  2645 I VrApi   : ----------- vrapi_Initialize [end] ----------
01-24 03:28:16.980 20679 20708 I VrApi   : ---------- vrapi_EnterVrMode [start] ----------
01-24 03:28:16.983 20679 20708 D VrApi   : targetSDKVersion 29
01-24 03:28:16.992  2645  2645 I VrApi   : ------------ vrapi_Shutdown [start] -----------
01-24 03:28:16.992  2645  2645 W VrApi   : IsOvrValid: ovr == nullptr. Package: com.android.permissioncontroller
01-24 03:28:17.019  2645  2645 I VrApi   : ------------ vrapi_Shutdown [end] -----------
01-24 03:28:17.034 20679 20708 I VrApi   : ovrModeParms::VRAPI_MODE_FLAG_RESET_WINDOW_FULLSCREEN = 0
01-24 03:28:17.034 20679 20708 I VrApi   : ovrModeParms::VRAPI_MODE_FLAG_NATIVE_WINDOW = 1
01-24 03:28:17.034 20679 20708 I VrApi   : ovrModeParms::VRAPI_MODE_FLAG_FRONT_BUFFER_SRGB = 0
01-24 03:28:17.034 20679 20708 I VrApi   : ovrModeParms::VRAPI_MODE_FLAG_PHASE_SYNC = 0
01-24 03:28:17.034 20679 20708 I VrApi   : ovrModeParms::VRAPI_MODE_FLAG_APP_SPACE_WARP = 0
01-24 03:28:17.034 20679 20708 I VrApi   : PhaseSync disabled
01-24 03:28:17.034 20679 20708 I VrApi   : HMD sensor attached.
01-24 03:28:17.040 20679 20708 I VrApi   : Creating Default swapchain
01-24 03:28:17.040 20679 20708 I VrApi   : Creating Loading Icon swapchain
01-24 03:28:17.040 20679 20708 I VrApi   : OVR::Stats thread started
01-24 03:28:17.040 20679 20708 I VrApi   : Initial BaseVsync 7568 
01-24 03:28:17.040 20679 20708 I VrApi   : ---------- vrapi_EnterVrMode [end] ----------
01-24 03:28:17.040 20679 20708 I VrApi   : vrapi_SetDisplayRefreshRate: display refresh rate supported 72.000000
01-24 03:28:17.043 20679 20871 D VrApi   : targetSDKVersion 29
01-24 03:28:17.049 20679 20871 D VrApi   : VrApi::isWifiConnected exception: Make sure android.permission.ACCESS_NETWORK_STATE is set in the manifest.
01-24 03:28:19.004 20679 20871 I VrApi   : FPS=0/72,Prd=0ms,Tear=0,Early=0,Stale=0,VSnc=1,Lat=0,Fov=0,CPU4/GPU=0/0,2419/305MHz,OC=FF,TA=0/0/0,SP=N/N/N,Mem=2092MHz,Free=8581MB,PLS=0,Temp=0.0C/0.0C,TW=2.24ms,App=0.00ms,GD=0.38ms,CPU&GPU=0.00ms,LCnt=4(DR0,LM2),GPU%=0.00,CPU%=0.00(W0.00),DSF=1.00,CFL=17.48/20.85
01-24 03:28:20.002 20679 20871 I VrApi   : FPS=0/72,Prd=0ms,Tear=0,Early=0,Stale=0,VSnc=1,Lat=0,Fov=0,CPU4/GPU=0/0,2419/305MHz,OC=FF,TA=0/0/0,SP=N/N/N,Mem=2092MHz,Free=8581MB,PLS=0,Temp=0.0C/0.0C,TW=2.24ms,App=0.00ms,GD=0.38ms,CPU&GPU=0.00ms,LCnt=4(DR0,LM2),GPU%=0.00,CPU%=0.00(W0.00),DSF=1.00,CFL=17.48/20.85
01-24 03:28:21.001 20679 20871 I VrApi   : FPS=0/72,Prd=0ms,Tear=0,Early=0,Stale=0,VSnc=1,Lat=0,Fov=0,CPU4/GPU=0/0,2419/305MHz,OC=FF,TA=0/0/0,SP=N/N/N,Mem=2092MHz,Free=8581MB,PLS=0,Temp=0.0C/0.0C,TW=2.24ms,App=0.00ms,GD=0.38ms,CPU&GPU=0.00ms,LCnt=4(DR0,LM2),GPU%=0.00,CPU%=0.00(W0.00),DSF=1.00,CFL=17.48/20.85
01-24 03:28:22.001 20679 20871 I VrApi   : FPS=0/72,Prd=0ms,Tear=0,Early=0,Stale=0,VSnc=1,Lat=0,Fov=0,CPU4/GPU=0/0,2419/305MHz,OC=FF,TA=0/0/0,SP=N/N/N,Mem=2092MHz,Free=8581MB,PLS=0,Temp=0.0C/0.0C,TW=2.24ms,App=0.00ms,GD=0.38ms,CPU&GPU=0.00ms,LCnt=4(DR0,LM2),GPU%=0.00,CPU%=0.00(W0.00),DSF=1.00,CFL=17.48/20.85
01-24 03:28:23.004 20679 20871 I VrApi   : FPS=0/72,Prd=0ms,Tear=0,Early=0,Stale=0,VSnc=1,Lat=0,Fov=0,CPU4/GPU=0/0,710/305MHz,OC=FF,TA=0/0/0,SP=N/N/N,Mem=1804MHz,Free=8581MB,PLS=0,Temp=0.0C/0.0C,TW=2.24ms,App=0.00ms,GD=0.38ms,CPU&GPU=0.00ms,LCnt=4(DR0,LM2),GPU%=0.00,CPU%=0.00(W0.00),DSF=1.00,CFL=17.48/20.85
01-24 03:28:24.005 20679 20871 I VrApi   : FPS=0/72,Prd=0ms,Tear=0,Early=0,Stale=0,VSnc=1,Lat=0,Fov=0,CPU4/GPU=0/0,710/305MHz,OC=FF,TA=0/0/0,SP=N/N/N,Mem=1804MHz,Free=8581MB,PLS=0,Temp=0.0C/0.0C,TW=2.24ms,App=0.00ms,GD=0.38ms,CPU&GPU=0.00ms,LCnt=4(DR0,LM2),GPU%=0.00,CPU%=0.00(W0.00),DSF=1.00,CFL=17.48/20.85
01-24 03:28:25.002 20679 20871 I VrApi   : FPS=0/72,Prd=0ms,Tear=0,Early=0,Stale=0,VSnc=1,Lat=0,Fov=0,CPU4/GPU=0/0,710/305MHz,OC=FF,TA=0/0/0,SP=N/N/N,Mem=1804MHz,Free=8581MB,PLS=0,Temp=0.0C/0.0C,TW=2.24ms,App=0.00ms,GD=0.38ms,CPU&GPU=0.00ms,LCnt=4(DR0,LM2),GPU%=0.00,CPU%=0.00(W0.00),DSF=1.00,CFL=17.48/20.85
01-24 03:28:26.003 20679 20871 I VrApi   : FPS=0/72,Prd=0ms,Tear=0,Early=0,Stale=0,VSnc=1,Lat=0,Fov=0,CPU4/GPU=0/0,710/305MHz,OC=FF,TA=0/0/0,SP=N/N/N,Mem=1804MHz,Free=8581MB,PLS=0,Temp=0.0C/0.0C,TW=2.24ms,App=0.00ms,GD=0.38ms,CPU&GPU=0.00ms,LCnt=4(DR0,LM2),GPU%=0.00,CPU%=0.00(W0.00),DSF=1.00,CFL=17.48/20.85
01-24 03:28:27.004 20679 20871 I VrApi   : FPS=0/72,Prd=0ms,Tear=0,Early=0,Stale=0,VSnc=1,Lat=0,Fov=0,CPU4/GPU=0/0,710/305MHz,OC=FF,TA=0/0/0,SP=N/N/N,Mem=1804MHz,Free=8581MB,PLS=0,Temp=0.0C/0.0C,TW=2.24ms,App=0.00ms,GD=0.38ms,CPU&GPU=0.00ms,LCnt=4(DR0,LM2),GPU%=0.00,CPU%=0.00(W0.00),DSF=1.00,CFL=17.48/20.85
01-24 03:28:28.003 20679 20871 I VrApi   : FPS=0/72,Prd=0ms,Tear=0,Early=0,Stale=0,VSnc=1,Lat=0,Fov=0,CPU4/GPU=0/0,710/305MHz,OC=FF,TA=0/0/0,SP=N/N/N,Mem=1804MHz,Free=8581MB,PLS=0,Temp=0.0C/0.0C,TW=2.24ms,App=0.00ms,GD=0.38ms,CPU&GPU=0.00ms,LCnt=4(DR0,LM2),GPU%=0.00,CPU%=0.00(W0.00),DSF=1.00,CFL=17.48/20.85
01-24 03:28:29.004 20679 20871 I VrApi   : FPS=0/72,Prd=0ms,Tear=0,Early=0,Stale=0,VSnc=1,Lat=0,Fov=0,CPU4/GPU=0/0,710/305MHz,OC=FF,TA=0/0/0,SP=N/N/N,Mem=2092MHz,Free=8581MB,PLS=0,Temp=0.0C/0.0C,TW=2.24ms,App=0.00ms,GD=0.38ms,CPU&GPU=0.00ms,LCnt=4(DR0,LM2),GPU%=0.00,CPU%=0.00(W0.00),DSF=1.00,CFL=17.48/20.85
01-24 03:28:30.004 20679 20871 I VrApi   : FPS=0/72,Prd=0ms,Tear=0,Early=0,Stale=0,VSnc=1,Lat=0,Fov=0,CPU4/GPU=0/0,710/305MHz,OC=FF,TA=0/0/0,SP=N/N/N,Mem=1555MHz,Free=8581MB,PLS=0,Temp=0.0C/0.0C,TW=2.24ms,App=0.00ms,GD=0.38ms,CPU&GPU=0.00ms,LCnt=4(DR0,LM2),GPU%=0.00,CPU%=0.00(W0.00),DSF=1.00,CFL=17.48/20.85
01-24 03:28:31.004 20679 20871 I VrApi   : FPS=0/72,Prd=0ms,Tear=0,Early=0,Stale=0,VSnc=1,Lat=0,Fov=0,CPU4/GPU=0/0,710/305MHz,OC=FF,TA=0/0/0,SP=N/N/N,Mem=1804MHz,Free=8581MB,PLS=0,Temp=0.0C/0.0C,TW=2.24ms,App=0.00ms,GD=0.38ms,CPU&GPU=0.00ms,LCnt=4(DR0,LM2),GPU%=0.00,CPU%=0.00(W0.00),DSF=1.00,CFL=17.48/20.85
01-24 03:28:32.004 20679 20871 I VrApi   : FPS=0/72,Prd=0ms,Tear=0,Early=0,Stale=0,VSnc=1,Lat=0,Fov=0,CPU4/GPU=0/0,710/305MHz,OC=FF,TA=0/0/0,SP=N/N/N,Mem=1804MHz,Free=8581MB,PLS=0,Temp=0.0C/0.0C,TW=2.24ms,App=0.00ms,GD=0.38ms,CPU&GPU=0.00ms,LCnt=4(DR0,LM2),GPU%=0.00,CPU%=0.00(W0.00),DSF=1.00,CFL=17.48/20.85
01-24 03:28:33.005 20679 20871 I VrApi   : FPS=0/72,Prd=0ms,Tear=0,Early=0,Stale=0,VSnc=1,Lat=0,Fov=0,CPU4/GPU=0/0,710/305MHz,OC=FF,TA=0/0/0,SP=N/N/N,Mem=1804MHz,Free=8581MB,PLS=0,Temp=0.0C/0.0C,TW=2.24ms,App=0.00ms,GD=0.38ms,CPU&GPU=0.00ms,LCnt=4(DR0,LM2),GPU%=0.00,CPU%=0.00(W0.00),DSF=1.00,CFL=17.48/20.85
01-24 03:28:34.003 20679 20871 I VrApi   : FPS=0/72,Prd=0ms,Tear=0,Early=0,Stale=0,VSnc=1,Lat=0,Fov=0,CPU4/GPU=0/0,710/305MHz,OC=FF,TA=0/0/0,SP=N/N/N,Mem=1804MHz,Free=8581MB,PLS=0,Temp=0.0C/0.0C,TW=2.24ms,App=0.00ms,GD=0.38ms,CPU&GPU=0.00ms,LCnt=4(DR0,LM2),GPU%=0.00,CPU%=0.00(W0.00),DSF=1.00,CFL=17.48/20.85
01-24 03:28:35.004 20679 20871 I VrApi   : FPS=0/72,Prd=0ms,Tear=0,Early=0,Stale=0,VSnc=1,Lat=0,Fov=0,CPU4/GPU=0/0,710/305MHz,OC=FF,TA=0/0/0,SP=N/N/N,Mem=1804MHz,Free=8581MB,PLS=0,Temp=0.0C/0.0C,TW=2.24ms,App=0.00ms,GD=0.38ms,CPU&GPU=0.00ms,LCnt=4(DR0,LM2),GPU%=0.00,CPU%=0.00(W0.00),DSF=1.00,CFL=17.48/20.85
01-24 03:28:36.003 20679 20871 I VrApi   : FPS=0/72,Prd=0ms,Tear=0,Early=0,Stale=0,VSnc=1,Lat=0,Fov=0,CPU4/GPU=0/0,710/305MHz,OC=FF,TA=0/0/0,SP=N/N/N,Mem=1804MHz,Free=8581MB,PLS=0,Temp=0.0C/0.0C,TW=2.24ms,App=0.00ms,GD=0.38ms,CPU&GPU=0.00ms,LCnt=4(DR0,LM2),GPU%=0.00,CPU%=0.00(W0.00),DSF=1.00,CFL=17.48/20.85
01-24 03:28:37.005 20679 20871 I VrApi   : FPS=0/72,Prd=0ms,Tear=0,Early=0,Stale=0,VSnc=1,Lat=0,Fov=0,CPU4/GPU=0/0,710/305MHz,OC=FF,TA=0/0/0,SP=N/N/N,Mem=1804MHz,Free=8581MB,PLS=0,Temp=0.0C/0.0C,TW=2.24ms,App=0.00ms,GD=0.38ms,CPU&GPU=0.00ms,LCnt=4(DR0,LM2),GPU%=0.00,CPU%=0.00(W0.00),DSF=1.00,CFL=17.48/20.85
01-24 03:28:38.004 20679 20871 I VrApi   : FPS=0/72,Prd=0ms,Tear=0,Early=0,Stale=0,VSnc=1,Lat=0,Fov=0,CPU4/GPU=0/0,710/305MHz,OC=FF,TA=0/0/0,SP=N/N/N,Mem=1804MHz,Free=8581MB,PLS=0,Temp=0.0C/0.0C,TW=2.24ms,App=0.00ms,GD=0.38ms,CPU&GPU=0.00ms,LCnt=4(DR0,LM2),GPU%=0.00,CPU%=0.00(W0.00),DSF=1.00,CFL=17.48/20.85
01-24 03:28:39.008 20679 20871 I VrApi   : FPS=0/72,Prd=0ms,Tear=0,Early=0,Stale=0,VSnc=1,Lat=0,Fov=0,CPU4/GPU=0/0,710/305MHz,OC=FF,TA=0/0/0,SP=N/N/N,Mem=1804MHz,Free=8676MB,PLS=0,Temp=0.0C/0.0C,TW=2.24ms,App=0.00ms,GD=0.38ms,CPU&GPU=0.00ms,LCnt=4(DR0,LM2),GPU%=0.00,CPU%=0.00(W0.00),DSF=1.00,CFL=17.48/20.85
01-24 03:28:40.004 20679 20871 I VrApi   : FPS=0/72,Prd=0ms,Tear=0,Early=0,Stale=0,VSnc=1,Lat=0,Fov=0,CPU4/GPU=0/0,710/305MHz,OC=FF,TA=0/0/0,SP=N/N/N,Mem=2092MHz,Free=8676MB,PLS=0,Temp=0.0C/0.0C,TW=2.24ms,App=0.00ms,GD=0.38ms,CPU&GPU=0.00ms,LCnt=4(DR0,LM2),GPU%=0.00,CPU%=0.00(W0.00),DSF=1.00,CFL=17.48/20.85
01-24 03:28:41.006 20679 20871 I VrApi   : FPS=0/72,Prd=0ms,Tear=0,Early=0,Stale=0,VSnc=1,Lat=0,Fov=0,CPU4/GPU=0/0,710/305MHz,OC=FF,TA=0/0/0,SP=N/N/N,Mem=2092MHz,Free=8676MB,PLS=0,Temp=0.0C/0.0C,TW=2.24ms,App=0.00ms,GD=0.38ms,CPU&GPU=0.00ms,LCnt=4(DR0,LM2),GPU%=0.00,CPU%=0.00(W0.00),DSF=1.00,CFL=17.48/20.85
01-24 03:28:42.004 20679 20871 I VrApi   : FPS=0/72,Prd=0ms,Tear=0,Early=0,Stale=0,VSnc=1,Lat=0,Fov=0,CPU4/GPU=0/0,710/305MHz,OC=FF,TA=0/0/0,SP=N/N/N,Mem=2092MHz,Free=8676MB,PLS=0,Temp=0.0C/0.0C,TW=2.24ms,App=0.00ms,GD=0.38ms,CPU&GPU=0.00ms,LCnt=4(DR0,LM2),GPU%=0.00,CPU%=0.00(W0.00),DSF=1.00,CFL=17.48/20.85
01-24 03:28:43.004 20679 20871 I VrApi   : FPS=0/72,Prd=0ms,Tear=0,Early=0,Stale=0,VSnc=1,Lat=0,Fov=0,CPU4/GPU=0/0,710/305MHz,OC=FF,TA=0/0/0,SP=N/N/N,Mem=2092MHz,Free=8676MB,PLS=0,Temp=0.0C/0.0C,TW=2.24ms,App=0.00ms,GD=0.38ms,CPU&GPU=0.00ms,LCnt=4(DR0,LM2),GPU%=0.00,CPU%=0.00(W0.00),DSF=1.00,CFL=17.48/20.85
01-24 03:28:44.004 20679 20871 I VrApi   : FPS=0/72,Prd=0ms,Tear=0,Early=0,Stale=0,VSnc=1,Lat=0,Fov=0,CPU4/GPU=0/0,710/305MHz,OC=FF,TA=0/0/0,SP=N/N/N,Mem=2092MHz,Free=8676MB,PLS=0,Temp=0.0C/0.0C,TW=2.24ms,App=0.00ms,GD=0.38ms,CPU&GPU=0.00ms,LCnt=4(DR0,LM2),GPU%=0.00,CPU%=0.00(W0.00),DSF=1.00,CFL=17.48/20.85
01-24 03:28:45.005 20679 20871 I VrApi   : FPS=0/72,Prd=0ms,Tear=0,Early=0,Stale=0,VSnc=1,Lat=0,Fov=0,CPU4/GPU=0/0,710/305MHz,OC=FF,TA=0/0/0,SP=N/N/N,Mem=2092MHz,Free=8676MB,PLS=0,Temp=0.0C/0.0C,TW=2.24ms,App=0.00ms,GD=0.38ms,CPU&GPU=0.00ms,LCnt=4(DR0,LM2),GPU%=0.00,CPU%=0.00(W0.00),DSF=1.00,CFL=17.48/20.85
01-24 03:28:46.005 20679 20871 I VrApi   : FPS=0/72,Prd=0ms,Tear=0,Early=0,Stale=0,VSnc=1,Lat=0,Fov=0,CPU4/GPU=0/0,710/305MHz,OC=FF,TA=0/0/0,SP=N/N/N,Mem=1555MHz,Free=8676MB,PLS=0,Temp=0.0C/0.0C,TW=2.24ms,App=0.00ms,GD=0.38ms,CPU&GPU=0.00ms,LCnt=4(DR0,LM2),GPU%=0.00,CPU%=0.00(W0.00),DSF=1.00,CFL=17.48/20.85
01-24 03:28:47.005 20679 20871 I VrApi   : FPS=0/72,Prd=0ms,Tear=0,Early=0,Stale=0,VSnc=1,Lat=0,Fov=0,CPU4/GPU=0/0,710/305MHz,OC=FF,TA=0/0/0,SP=N/N/N,Mem=1555MHz,Free=8676MB,PLS=0,Temp=0.0C/0.0C,TW=2.24ms,App=0.00ms,GD=0.38ms,CPU&GPU=0.00ms,LCnt=4(DR0,LM2),GPU%=0.00,CPU%=0.00(W0.00),DSF=1.00,CFL=17.48/20.85
01-24 03:28:48.005 20679 20871 I VrApi   : FPS=0/72,Prd=0ms,Tear=0,Early=0,Stale=0,VSnc=1,Lat=0,Fov=0,CPU4/GPU=0/0,710/305MHz,OC=FF,TA=0/0/0,SP=N/N/N,Mem=1555MHz,Free=8676MB,PLS=0,Temp=0.0C/0.0C,TW=2.24ms,App=0.00ms,GD=0.38ms,CPU&GPU=0.00ms,LCnt=4(DR0,LM2),GPU%=0.00,CPU%=0.00(W0.00),DSF=1.00,CFL=17.48/20.85
01-24 03:28:49.006 20679 20871 I VrApi   : FPS=0/72,Prd=0ms,Tear=0,Early=0,Stale=0,VSnc=1,Lat=0,Fov=0,CPU4/GPU=0/0,710/305MHz,OC=FF,TA=0/0/0,SP=N/N/N,Mem=1555MHz,Free=8676MB,PLS=0,Temp=0.0C/0.0C,TW=2.24ms,App=0.00ms,GD=0.38ms,CPU&GPU=0.00ms,LCnt=4(DR0,LM2),GPU%=0.00,CPU%=0.00(W0.00),DSF=1.00,CFL=17.48/20.85
01-24 03:28:50.005 20679 20871 I VrApi   : FPS=0/72,Prd=0ms,Tear=0,Early=0,Stale=0,VSnc=1,Lat=0,Fov=0,CPU4/GPU=0/0,710/305MHz,OC=FF,TA=0/0/0,SP=N/N/N,Mem=1555MHz,Free=8676MB,PLS=0,Temp=0.0C/0.0C,TW=2.24ms,App=0.00ms,GD=0.38ms,CPU&GPU=0.00ms,LCnt=4(DR0,LM2),GPU%=0.00,CPU%=0.00(W0.00),DSF=1.00,CFL=17.48/20.85
01-24 03:28:50.514  2288  2574 D VrApi   : targetSDKVersion 29
01-24 03:28:50.591 20679 20708 I VrApi   : ---------- vrapi_LeaveVrMode [start] ----------
01-24 03:28:50.595 20679 20708 D VrApi   : targetSDKVersion 29
01-24 03:28:50.603 20679 20871 I VrApi   : FPS=0/90,Prd=0ms,Tear=0,Early=0,Stale=0,VSnc=1,Lat=0,Fov=0,CPU4/GPU=4/4,1478/525MHz,OC=FF,TA=0/0/0,SP=N/N/N,Mem=2092MHz,Free=8676MB,PLS=0,Temp=24.7C/0.0C,TW=2.24ms,App=0.00ms,GD=0.38ms,CPU&GPU=0.00ms,LCnt=4(DR0,LM2),GPU%=0.60,CPU%=0.05(W0.14),DSF=1.00,CFL=17.48/20.85
01-24 03:28:50.615 20679 20708 I VrApi   : OVR::Stats thread stopped
01-24 03:28:50.617  2288  2574 I VrApi   : OVR::Stats thread started
01-24 03:28:50.640 20679 20708 I VrApi   : ---------- vrapi_LeaveVrMode [end] ----------
01-24 03:28:50.643  2288 21623 D VrApi   : targetSDKVersion 29
01-24 03:28:52.887  2288  2574 D VrApi   : targetSDKVersion 29
01-24 03:28:52.953  2288  2574 I VrApi   : OVR::Stats thread stopped
01-24 03:28:53.113 20679 20708 I VrApi   : ---------- vrapi_EnterVrMode [start] ----------
01-24 03:28:53.116 20679 20708 D VrApi   : targetSDKVersion 29
01-24 03:28:53.122 20679 20708 I VrApi   : ovrModeParms::VRAPI_MODE_FLAG_RESET_WINDOW_FULLSCREEN = 0
01-24 03:28:53.122 20679 20708 I VrApi   : ovrModeParms::VRAPI_MODE_FLAG_NATIVE_WINDOW = 1
01-24 03:28:53.122 20679 20708 I VrApi   : ovrModeParms::VRAPI_MODE_FLAG_FRONT_BUFFER_SRGB = 0
01-24 03:28:53.122 20679 20708 I VrApi   : ovrModeParms::VRAPI_MODE_FLAG_PHASE_SYNC = 0
01-24 03:28:53.122 20679 20708 I VrApi   : ovrModeParms::VRAPI_MODE_FLAG_APP_SPACE_WARP = 0
01-24 03:28:53.122 20679 20708 I VrApi   : PhaseSync disabled
01-24 03:28:53.122 20679 20708 I VrApi   : HMD sensor attached.
01-24 03:28:53.127 20679 20708 I VrApi   : Creating Default swapchain
01-24 03:28:53.128 20679 20708 I VrApi   : Creating Loading Icon swapchain
01-24 03:28:53.128 20679 20708 I VrApi   : OVR::Stats thread started
01-24 03:28:53.128 20679 20708 I VrApi   : Initial BaseVsync 10763 
01-24 03:28:53.128 20679 20708 I VrApi   : ---------- vrapi_EnterVrMode [end] ----------
01-24 03:28:53.128 20679 20708 I VrApi   : vrapi_SetDisplayRefreshRate: display refresh rate supported 72.000000
01-24 03:28:53.130 20679 21701 D VrApi   : targetSDKVersion 29
01-24 03:28:53.169 20679 21701 D VrApi   : VrApi::isWifiConnected exception: Make sure android.permission.ACCESS_NETWORK_STATE is set in the manifest.
01-24 03:28:55.005 20679 21701 I VrApi   : FPS=1/90,Prd=0ms,Tear=0,Early=0,Stale=90,VSnc=0,Lat=0,Fov=0,CPU4/GPU=4/4,1171/441MHz,OC=FF,TA=0/0/0,SP=N/N/N,Mem=1555MHz,Free=8709MB,PLS=0,Temp=0.0C/0.0C,TW=2.84ms,App=0.01ms,GD=0.27ms,CPU&GPU=0.00ms,LCnt=2(DR46,LM2),GPU%=0.60,CPU%=0.05(W0.14),DSF=1.00,CFL=17.44/21.02
01-24 03:28:56.002 20679 21701 I VrApi   : FPS=1/90,Prd=0ms,Tear=0,Early=0,Stale=90,VSnc=0,Lat=0,Fov=0,CPU4/GPU=4/4,1171/441MHz,OC=FF,TA=0/0/0,SP=N/N/N,Mem=1555MHz,Free=8709MB,PLS=0,Temp=0.0C/0.0C,TW=2.84ms,App=0.01ms,GD=0.27ms,CPU&GPU=0.00ms,LCnt=2(DR46,LM2),GPU%=0.60,CPU%=0.05(W0.14),DSF=1.00,CFL=17.44/21.02
01-24 03:28:57.003 20679 21701 I VrApi   : FPS=1/90,Prd=0ms,Tear=0,Early=0,Stale=90,VSnc=0,Lat=0,Fov=0,CPU4/GPU=4/4,1171/441MHz,OC=FF,TA=0/0/0,SP=N/N/N,Mem=1804MHz,Free=8709MB,PLS=0,Temp=0.0C/0.0C,TW=2.84ms,App=0.01ms,GD=0.27ms,CPU&GPU=0.00ms,LCnt=2(DR46,LM2),GPU%=0.60,CPU%=0.05(W0.14),DSF=1.00,CFL=17.44/21.02
01-24 03:28:58.003 20679 21701 I VrApi   : FPS=1/90,Prd=0ms,Tear=0,Early=0,Stale=90,VSnc=0,Lat=0,Fov=0,CPU4/GPU=4/4,1171/441MHz,OC=FF,TA=0/0/0,SP=N/N/N,Mem=1804MHz,Free=8709MB,PLS=0,Temp=0.0C/0.0C,TW=2.84ms,App=0.01ms,GD=0.27ms,CPU&GPU=0.00ms,LCnt=2(DR46,LM2),GPU%=0.60,CPU%=0.05(W0.14),DSF=1.00,CFL=17.44/21.02
01-24 03:28:59.003 20679 21701 I VrApi   : FPS=1/90,Prd=0ms,Tear=0,Early=0,Stale=90,VSnc=0,Lat=0,Fov=0,CPU4/GPU=4/4,1171/441MHz,OC=FF,TA=0/0/0,SP=N/N/N,Mem=1804MHz,Free=8709MB,PLS=0,Temp=0.0C/0.0C,TW=2.84ms,App=0.01ms,GD=0.27ms,CPU&GPU=0.00ms,LCnt=2(DR46,LM2),GPU%=0.60,CPU%=0.05(W0.14),DSF=1.00,CFL=17.44/21.02
01-24 03:29:00.004 20679 21701 I VrApi   : FPS=1/90,Prd=0ms,Tear=0,Early=0,Stale=90,VSnc=0,Lat=0,Fov=0,CPU4/GPU=4/4,1171/441MHz,OC=FF,TA=0/0/0,SP=N/N/N,Mem=1804MHz,Free=8709MB,PLS=0,Temp=0.0C/0.0C,TW=2.84ms,App=0.01ms,GD=0.27ms,CPU&GPU=0.00ms,LCnt=2(DR46,LM2),GPU%=0.60,CPU%=0.05(W0.14),DSF=1.00,CFL=17.44/21.02
01-24 03:29:01.002 20679 21701 I VrApi   : FPS=1/90,Prd=0ms,Tear=0,Early=0,Stale=90,VSnc=0,Lat=0,Fov=0,CPU4/GPU=4/4,1171/441MHz,OC=FF,TA=0/0/0,SP=N/N/N,Mem=1804MHz,Free=8709MB,PLS=0,Temp=0.0C/0.0C,TW=2.84ms,App=0.01ms,GD=0.27ms,CPU&GPU=0.00ms,LCnt=2(DR46,LM2),GPU%=0.60,CPU%=0.05(W0.14),DSF=1.00,CFL=17.44/21.02
01-24 03:29:02.003 20679 21701 I VrApi   : FPS=1/90,Prd=0ms,Tear=0,Early=0,Stale=90,VSnc=0,Lat=0,Fov=0,CPU4/GPU=4/4,1171/441MHz,OC=FF,TA=0/0/0,SP=N/N/N,Mem=1555MHz,Free=8709MB,PLS=0,Temp=0.0C/0.0C,TW=2.84ms,App=0.01ms,GD=0.27ms,CPU&GPU=0.00ms,LCnt=2(DR46,LM2),GPU%=0.60,CPU%=0.05(W0.14),DSF=1.00,CFL=17.44/21.02
01-24 03:29:03.002 20679 21701 I VrApi   : FPS=1/90,Prd=0ms,Tear=0,Early=0,Stale=90,VSnc=0,Lat=0,Fov=0,CPU4/GPU=4/4,1171/441MHz,OC=FF,TA=0/0/0,SP=N/N/N,Mem=1804MHz,Free=8709MB,PLS=0,Temp=0.0C/0.0C,TW=2.84ms,App=0.01ms,GD=0.27ms,CPU&GPU=0.00ms,LCnt=2(DR46,LM2),GPU%=0.60,CPU%=0.05(W0.14),DSF=1.00,CFL=17.44/21.02
01-24 03:29:04.003 20679 21701 I VrApi   : FPS=1/90,Prd=0ms,Tear=0,Early=0,Stale=90,VSnc=0,Lat=0,Fov=0,CPU4/GPU=4/4,1171/441MHz,OC=FF,TA=0/0/0,SP=N/N/N,Mem=1804MHz,Free=8709MB,PLS=0,Temp=0.0C/0.0C,TW=2.84ms,App=0.01ms,GD=0.27ms,CPU&GPU=0.00ms,LCnt=2(DR46,LM2),GPU%=0.60,CPU%=0.05(W0.14),DSF=1.00,CFL=17.44/21.02
01-24 03:29:05.002 20679 21701 I VrApi   : FPS=1/90,Prd=0ms,Tear=0,Early=0,Stale=90,VSnc=0,Lat=0,Fov=0,CPU4/GPU=4/4,1171/441MHz,OC=FF,TA=0/0/0,SP=N/N/N,Mem=1804MHz,Free=8709MB,PLS=0,Temp=0.0C/0.0C,TW=2.84ms,App=0.01ms,GD=0.27ms,CPU&GPU=0.00ms,LCnt=2(DR46,LM2),GPU%=0.60,CPU%=0.05(W0.14),DSF=1.00,CFL=17.44/21.02
01-24 03:29:06.002 20679 21701 I VrApi   : FPS=1/90,Prd=0ms,Tear=0,Early=0,Stale=90,VSnc=0,Lat=0,Fov=0,CPU4/GPU=4/4,1171/441MHz,OC=FF,TA=0/0/0,SP=N/N/N,Mem=1804MHz,Free=8709MB,PLS=0,Temp=0.0C/0.0C,TW=2.84ms,App=0.01ms,GD=0.27ms,CPU&GPU=0.00ms,LCnt=2(DR46,LM2),GPU%=0.60,CPU%=0.05(W0.14),DSF=1.00,CFL=17.44/21.02
01-24 03:29:07.003 20679 21701 I VrApi   : FPS=1/90,Prd=0ms,Tear=0,Early=0,Stale=90,VSnc=0,Lat=0,Fov=0,CPU4/GPU=4/4,1171/441MHz,OC=FF,TA=0/0/0,SP=N/N/N,Mem=1804MHz,Free=8709MB,PLS=0,Temp=0.0C/0.0C,TW=2.84ms,App=0.01ms,GD=0.27ms,CPU&GPU=0.00ms,LCnt=2(DR46,LM2),GPU%=0.60,CPU%=0.05(W0.14),DSF=1.00,CFL=17.44/21.02
01-24 03:29:08.003 20679 21701 I VrApi   : FPS=1/90,Prd=0ms,Tear=0,Early=0,Stale=90,VSnc=0,Lat=0,Fov=0,CPU4/GPU=4/4,1171/441MHz,OC=FF,TA=0/0/0,SP=N/N/N,Mem=1804MHz,Free=8709MB,PLS=0,Temp=0.0C/0.0C,TW=2.84ms,App=0.01ms,GD=0.27ms,CPU&GPU=0.00ms,LCnt=2(DR46,LM2),GPU%=0.60,CPU%=0.05(W0.14),DSF=1.00,CFL=17.44/21.02
01-24 03:29:09.003 20679 21701 I VrApi   : FPS=1/90,Prd=0ms,Tear=0,Early=0,Stale=90,VSnc=0,Lat=0,Fov=0,CPU4/GPU=4/4,1171/441MHz,OC=FF,TA=0/0/0,SP=N/N/N,Mem=1804MHz,Free=8709MB,PLS=0,Temp=0.0C/0.0C,TW=2.84ms,App=0.01ms,GD=0.27ms,CPU&GPU=0.00ms,LCnt=2(DR46,LM2),GPU%=0.60,CPU%=0.05(W0.14),DSF=1.00,CFL=17.44/21.02
01-24 03:29:10.003 20679 21701 I VrApi   : FPS=1/90,Prd=0ms,Tear=0,Early=0,Stale=90,VSnc=0,Lat=0,Fov=0,CPU4/GPU=4/4,1171/441MHz,OC=FF,TA=0/0/0,SP=N/N/N,Mem=1804MHz,Free=8709MB,PLS=0,Temp=0.0C/0.0C,TW=2.84ms,App=0.01ms,GD=0.27ms,CPU&GPU=0.00ms,LCnt=2(DR46,LM2),GPU%=0.60,CPU%=0.05(W0.14),DSF=1.00,CFL=17.44/21.02
01-24 03:29:11.003 20679 21701 I VrApi   : FPS=1/90,Prd=0ms,Tear=0,Early=0,Stale=90,VSnc=0,Lat=0,Fov=0,CPU4/GPU=4/4,1171/441MHz,OC=FF,TA=0/0/0,SP=N/N/N,Mem=1804MHz,Free=8709MB,PLS=0,Temp=0.0C/0.0C,TW=2.84ms,App=0.01ms,GD=0.27ms,CPU&GPU=0.00ms,LCnt=2(DR46,LM2),GPU%=0.60,CPU%=0.05(W0.14),DSF=1.00,CFL=17.44/21.02
01-24 03:29:12.004 20679 21701 I VrApi   : FPS=1/90,Prd=0ms,Tear=0,Early=0,Stale=90,VSnc=0,Lat=0,Fov=0,CPU4/GPU=4/4,1171/441MHz,OC=FF,TA=0/0/0,SP=N/N/N,Mem=1804MHz,Free=8709MB,PLS=0,Temp=0.0C/0.0C,TW=2.84ms,App=0.01ms,GD=0.27ms,CPU&GPU=0.00ms,LCnt=2(DR46,LM2),GPU%=0.60,CPU%=0.05(W0.14),DSF=1.00,CFL=17.44/21.02
01-24 03:29:13.003 20679 21701 I VrApi   : FPS=1/90,Prd=0ms,Tear=0,Early=0,Stale=90,VSnc=0,Lat=0,Fov=0,CPU4/GPU=4/4,1171/441MHz,OC=FF,TA=0/0/0,SP=N/N/N,Mem=1804MHz,Free=8709MB,PLS=0,Temp=0.0C/0.0C,TW=2.84ms,App=0.01ms,GD=0.27ms,CPU&GPU=0.00ms,LCnt=2(DR46,LM2),GPU%=0.60,CPU%=0.05(W0.14),DSF=1.00,CFL=17.44/21.02
01-24 03:29:14.003 20679 21701 I VrApi   : FPS=1/90,Prd=0ms,Tear=0,Early=0,Stale=90,VSnc=0,Lat=0,Fov=0,CPU4/GPU=4/4,1171/441MHz,OC=FF,TA=0/0/0,SP=N/N/N,Mem=1804MHz,Free=8709MB,PLS=0,Temp=0.0C/0.0C,TW=2.84ms,App=0.01ms,GD=0.27ms,CPU&GPU=0.00ms,LCnt=2(DR46,LM2),GPU%=0.60,CPU%=0.05(W0.14),DSF=1.00,CFL=17.44/21.02
01-24 03:29:15.007 20679 21701 I VrApi   : FPS=1/90,Prd=0ms,Tear=0,Early=0,Stale=90,VSnc=0,Lat=0,Fov=0,CPU4/GPU=4/4,1171/441MHz,OC=FF,TA=0/0/0,SP=N/N/N,Mem=1555MHz,Free=8698MB,PLS=0,Temp=0.0C/0.0C,TW=2.84ms,App=0.01ms,GD=0.27ms,CPU&GPU=0.00ms,LCnt=2(DR46,LM2),GPU%=0.60,CPU%=0.05(W0.14),DSF=1.00,CFL=17.44/21.02
01-24 03:29:16.003 20679 21701 I VrApi   : FPS=1/90,Prd=0ms,Tear=0,Early=0,Stale=90,VSnc=0,Lat=0,Fov=0,CPU4/GPU=4/4,1171/441MHz,OC=FF,TA=0/0/0,SP=N/N/N,Mem=1555MHz,Free=8698MB,PLS=0,Temp=0.0C/0.0C,TW=2.84ms,App=0.01ms,GD=0.27ms,CPU&GPU=0.00ms,LCnt=2(DR46,LM2),GPU%=0.60,CPU%=0.05(W0.14),DSF=1.00,CFL=17.44/21.02
01-24 03:29:17.003 20679 21701 I VrApi   : FPS=1/90,Prd=0ms,Tear=0,Early=0,Stale=90,VSnc=0,Lat=0,Fov=0,CPU4/GPU=4/4,1171/441MHz,OC=FF,TA=0/0/0,SP=N/N/N,Mem=1555MHz,Free=8698MB,PLS=0,Temp=0.0C/0.0C,TW=2.84ms,App=0.01ms,GD=0.27ms,CPU&GPU=0.00ms,LCnt=2(DR46,LM2),GPU%=0.60,CPU%=0.05(W0.14),DSF=1.00,CFL=17.44/21.02
01-24 03:29:18.004 20679 21701 I VrApi   : FPS=1/90,Prd=0ms,Tear=0,Early=0,Stale=90,VSnc=0,Lat=0,Fov=0,CPU4/GPU=4/4,1171/441MHz,OC=FF,TA=0/0/0,SP=N/N/N,Mem=1555MHz,Free=8698MB,PLS=0,Temp=0.0C/0.0C,TW=2.84ms,App=0.01ms,GD=0.27ms,CPU&GPU=0.00ms,LCnt=2(DR46,LM2),GPU%=0.60,CPU%=0.05(W0.14),DSF=1.00,CFL=17.44/21.02
01-24 03:29:19.004 20679 21701 I VrApi   : FPS=1/90,Prd=0ms,Tear=0,Early=0,Stale=90,VSnc=0,Lat=0,Fov=0,CPU4/GPU=4/4,1171/441MHz,OC=FF,TA=0/0/0,SP=N/N/N,Mem=1555MHz,Free=8698MB,PLS=0,Temp=0.0C/0.0C,TW=2.84ms,App=0.01ms,GD=0.27ms,CPU&GPU=0.00ms,LCnt=2(DR46,LM2),GPU%=0.60,CPU%=0.05(W0.14),DSF=1.00,CFL=17.44/21.02
01-24 03:29:20.003 20679 21701 I VrApi   : FPS=1/90,Prd=0ms,Tear=0,Early=0,Stale=90,VSnc=0,Lat=0,Fov=0,CPU4/GPU=4/4,1171/441MHz,OC=FF,TA=0/0/0,SP=N/N/N,Mem=1804MHz,Free=8698MB,PLS=0,Temp=0.0C/0.0C,TW=2.84ms,App=0.01ms,GD=0.27ms,CPU&GPU=0.00ms,LCnt=2(DR46,LM2),GPU%=0.60,CPU%=0.05(W0.14),DSF=1.00,CFL=17.44/21.02
01-24 03:29:21.003 20679 21701 I VrApi   : FPS=1/90,Prd=0ms,Tear=0,Early=0,Stale=90,VSnc=0,Lat=0,Fov=0,CPU4/GPU=4/4,1171/441MHz,OC=FF,TA=0/0/0,SP=N/N/N,Mem=1804MHz,Free=8698MB,PLS=0,Temp=0.0C/0.0C,TW=2.84ms,App=0.01ms,GD=0.27ms,CPU&GPU=0.00ms,LCnt=2(DR46,LM2),GPU%=0.60,CPU%=0.05(W0.14),DSF=1.00,CFL=17.44/21.02
01-24 03:29:22.004 20679 21701 I VrApi   : FPS=1/90,Prd=0ms,Tear=0,Early=0,Stale=90,VSnc=0,Lat=0,Fov=0,CPU4/GPU=4/4,1171/441MHz,OC=FF,TA=0/0/0,SP=N/N/N,Mem=2092MHz,Free=8698MB,PLS=0,Temp=0.0C/0.0C,TW=2.84ms,App=0.01ms,GD=0.27ms,CPU&GPU=0.00ms,LCnt=2(DR46,LM2),GPU%=0.60,CPU%=0.05(W0.14),DSF=1.00,CFL=17.44/21.02
01-24 03:29:23.004 20679 21701 I VrApi   : FPS=1/90,Prd=0ms,Tear=0,Early=0,Stale=90,VSnc=0,Lat=0,Fov=0,CPU4/GPU=4/4,1171/441MHz,OC=FF,TA=0/0/0,SP=N/N/N,Mem=2092MHz,Free=8698MB,PLS=0,Temp=0.0C/0.0C,TW=2.84ms,App=0.01ms,GD=0.27ms,CPU&GPU=0.00ms,LCnt=2(DR46,LM2),GPU%=0.60,CPU%=0.05(W0.14),DSF=1.00,CFL=17.44/21.02
01-24 03:29:24.004 20679 21701 I VrApi   : FPS=1/90,Prd=0ms,Tear=0,Early=0,Stale=90,VSnc=0,Lat=0,Fov=0,CPU4/GPU=4/4,1171/441MHz,OC=FF,TA=0/0/0,SP=N/N/N,Mem=2092MHz,Free=8698MB,PLS=0,Temp=0.0C/0.0C,TW=2.84ms,App=0.01ms,GD=0.27ms,CPU&GPU=0.00ms,LCnt=2(DR46,LM2),GPU%=0.60,CPU%=0.05(W0.14),DSF=1.00,CFL=17.44/21.02
01-24 03:29:25.004 20679 21701 I VrApi   : FPS=1/90,Prd=0ms,Tear=0,Early=0,Stale=90,VSnc=0,Lat=0,Fov=0,CPU4/GPU=4/4,1171/441MHz,OC=FF,TA=0/0/0,SP=N/N/N,Mem=1555MHz,Free=8698MB,PLS=0,Temp=0.0C/0.0C,TW=2.84ms,App=0.01ms,GD=0.27ms,CPU&GPU=0.00ms,LCnt=2(DR46,LM2),GPU%=0.60,CPU%=0.05(W0.14),DSF=1.00,CFL=17.44/21.02
01-24 03:29:26.005 20679 21701 I VrApi   : FPS=1/90,Prd=0ms,Tear=0,Early=0,Stale=90,VSnc=0,Lat=0,Fov=0,CPU4/GPU=4/4,1171/441MHz,OC=FF,TA=0/0/0,SP=N/N/N,Mem=1555MHz,Free=8698MB,PLS=0,Temp=0.0C/0.0C,TW=2.84ms,App=0.01ms,GD=0.27ms,CPU&GPU=0.00ms,LCnt=2(DR46,LM2),GPU%=0.60,CPU%=0.05(W0.14),DSF=1.00,CFL=17.44/21.02
