--------- beginning of main
--------- beginning of system
--------- beginning of tracking
12-30 13:59:10.126  3134  2200 D VrApi   : targetSDKVersion 29
12-30 13:59:14.002  3134  2200 I VrApi   : FPS=87/90,Prd=33ms,Tear=0,Early=31,Stale=2,VSnc=0,Lat=-1,Fov=0,CPU4/GPU=2/3,2419/490MHz,OC=FF,TA=0/70/0,SP=N/F/N,Mem=2092MHz,Free=8688MB,PLS=0,Temp=18.2C/0.0C,TW=2.49ms,App=2.18ms,GD=0.00ms,CPU&GPU=4.96ms,LCnt=4(DR0,LM3),GPU%=0.62,CPU%=0.31(W0.32),DSF=1.00,CFL=18.16/21.73
12-30 13:59:15.004  3134  2200 I VrApi   : FPS=85/90,Prd=30ms,Tear=0,Early=11,Stale=6,VSnc=0,Lat=-1,Fov=0,CPU4/GPU=2/3,2419/525MHz,OC=FF,TA=0/70/0,SP=N/F/N,Mem=2092MHz,Free=8688MB,PLS=0,Temp=18.2C/0.0C,TW=2.63ms,App=4.51ms,GD=0.27ms,CPU&GPU=7.92ms,LCnt=5(DR0,LM3),GPU%=0.81,CPU%=0.19(W0.29),DSF=1.00,CFL=18.33/21.40
12-30 13:59:16.002  3134  2200 I VrApi   : FPS=72/90,Prd=31ms,Tear=0,Early=1,Stale=18,VSnc=0,Lat=-1,Fov=0,CPU4/GPU=2/4,2419/525MHz,OC=FF,TA=0/70/0,SP=N/F/N,Mem=2092MHz,Free=8688MB,PLS=0,Temp=18.2C/0.0C,TW=2.28ms,App=4.42ms,GD=0.17ms,CPU&GPU=8.12ms,LCnt=5(DR0,LM3),GPU%=0.75,CPU%=0.13(W0.20),DSF=1.00,CFL=18.09/21.79
12-30 13:59:17.004  3134  2200 I VrApi   : FPS=91/90,Prd=35ms,Tear=0,Early=56,Stale=0,VSnc=0,Lat=-1,Fov=0,CPU4/GPU=2/4,2419/525MHz,OC=FF,TA=0/70/0,SP=N/F/N,Mem=2092MHz,Free=8688MB,PLS=0,Temp=18.2C/0.0C,TW=2.28ms,App=4.98ms,GD=0.17ms,CPU&GPU=9.59ms,LCnt=5(DR0,LM3),GPU%=0.82,CPU%=0.14(W0.16),DSF=1.00,CFL=18.18/22.13
12-30 13:59:18.003  3134  2200 I VrApi   : FPS=90/90,Prd=34ms,Tear=0,Early=38,Stale=0,VSnc=0,Lat=-1,Fov=0,CPU4/GPU=2/4,2419/525MHz,OC=FF,TA=0/70/0,SP=N/F/N,Mem=2092MHz,Free=8688MB,PLS=0,Temp=18.2C/0.0C,TW=2.24ms,App=2.51ms,GD=0.26ms,CPU&GPU=6.91ms,LCnt=4(DR0,LM3),GPU%=0.79,CPU%=0.21(W0.30),DSF=1.00,CFL=18.24/21.76
12-30 13:59:19.004  3134  2200 I VrApi   : FPS=90/90,Prd=31ms,Tear=0,Early=0,Stale=0,VSnc=0,Lat=-1,Fov=0,CPU4/GPU=2/4,1171/525MHz,OC=FF,TA=0/70/0,SP=N/F/N,Mem=1555MHz,Free=8688MB,PLS=0,Temp=18.2C/0.0C,TW=2.23ms,App=4.45ms,GD=0.23ms,CPU&GPU=7.84ms,LCnt=4(DR0,LM3),GPU%=0.77,CPU%=0.16(W0.24),DSF=1.00,CFL=18.07/21.88
12-30 13:59:20.002  3134  2200 I VrApi   : FPS=90/90,Prd=31ms,Tear=0,Early=0,Stale=0,VSnc=0,Lat=-1,Fov=0,CPU4/GPU=2/3,1171/490MHz,OC=FF,TA=0/70/0,SP=N/F/N,Mem=1804MHz,Free=8688MB,PLS=0,Temp=18.2C/0.0C,TW=2.22ms,App=4.50ms,GD=0.23ms,CPU&GPU=8.34ms,LCnt=4(DR0,LM3),GPU%=0.77,CPU%=0.17(W0.26),DSF=1.00,CFL=18.17/21.51
12-30 13:59:21.002  3134  2200 I VrApi   : FPS=90/90,Prd=31ms,Tear=0,Early=0,Stale=0,VSnc=0,Lat=-1,Fov=0,CPU4/GPU=2/3,1171/490MHz,OC=FF,TA=0/70/0,SP=N/F/N,Mem=2092MHz,Free=8688MB,PLS=0,Temp=18.2C/0.0C,TW=2.31ms,App=4.83ms,GD=0.24ms,CPU&GPU=8.85ms,LCnt=4(DR0,LM3),GPU%=0.82,CPU%=0.22(W0.27),DSF=1.00,CFL=18.07/21.20
12-30 13:59:22.003  3134  2200 I VrApi   : FPS=90/90,Prd=31ms,Tear=0,Early=0,Stale=0,VSnc=0,Lat=-1,Fov=0,CPU4/GPU=2/3,1171/490MHz,OC=FF,TA=0/70/0,SP=N/F/N,Mem=2092MHz,Free=8688MB,PLS=0,Temp=18.2C/0.0C,TW=2.33ms,App=4.86ms,GD=0.24ms,CPU&GPU=9.17ms,LCnt=4(DR0,LM3),GPU%=0.83,CPU%=0.24(W0.33),DSF=1.00,CFL=18.12/23.46
12-30 13:59:23.006  3134  2200 I VrApi   : FPS=88/90,Prd=31ms,Tear=0,Early=0,Stale=2,VSnc=0,Lat=-1,Fov=0,CPU4/GPU=2/3,1171/490MHz,OC=FF,TA=0/70/0,SP=N/F/N,Mem=2092MHz,Free=8688MB,PLS=0,Temp=18.2C/0.0C,TW=2.34ms,App=4.91ms,GD=0.24ms,CPU&GPU=10.32ms,LCnt=4(DR0,LM3),GPU%=0.83,CPU%=0.19(W0.26),DSF=1.00,CFL=18.07/21.68
12-30 13:59:24.004  3134  2200 I VrApi   : FPS=90/90,Prd=31ms,Tear=0,Early=0,Stale=0,VSnc=0,Lat=-1,Fov=0,CPU4/GPU=2/3,1171/490MHz,OC=FF,TA=0/70/0,SP=N/F/N,Mem=2092MHz,Free=8688MB,PLS=0,Temp=18.2C/0.0C,TW=2.39ms,App=4.86ms,GD=0.36ms,CPU&GPU=10.49ms,LCnt=4(DR0,LM3),GPU%=0.83,CPU%=0.20(W0.30),DSF=1.00,CFL=18.15/21.64
12-30 13:59:25.006  3134  2200 I VrApi   : FPS=90/90,Prd=31ms,Tear=0,Early=0,Stale=0,VSnc=0,Lat=-1,Fov=0,CPU4/GPU=2/3,1171/490MHz,OC=FF,TA=0/70/0,SP=N/F/N,Mem=2092MHz,Free=8688MB,PLS=0,Temp=18.7C/0.0C,TW=2.39ms,App=4.91ms,GD=0.38ms,CPU&GPU=10.49ms,LCnt=4(DR0,LM3),GPU%=0.84,CPU%=0.20(W0.30),DSF=1.00,CFL=18.18/21.78
12-30 13:59:26.003  3134  2200 I VrApi   : FPS=90/90,Prd=31ms,Tear=0,Early=0,Stale=0,VSnc=0,Lat=-1,Fov=0,CPU4/GPU=2/3,1171/490MHz,OC=FF,TA=0/70/0,SP=N/F/N,Mem=2092MHz,Free=8688MB,PLS=0,Temp=18.7C/0.0C,TW=2.30ms,App=5.30ms,GD=0.23ms,CPU&GPU=10.74ms,LCnt=4(DR0,LM3),GPU%=0.86,CPU%=0.19(W0.30),DSF=1.00,CFL=18.07/22.24
12-30 13:59:27.004  3134  2200 I VrApi   : FPS=90/90,Prd=31ms,Tear=0,Early=0,Stale=0,VSnc=0,Lat=-1,Fov=0,CPU4/GPU=2/3,2419/490MHz,OC=FF,TA=0/70/0,SP=N/F/N,Mem=2092MHz,Free=8688MB,PLS=0,Temp=18.7C/0.0C,TW=2.31ms,App=5.25ms,GD=0.14ms,CPU&GPU=10.64ms,LCnt=4(DR0,LM3),GPU%=0.85,CPU%=0.18(W0.30),DSF=1.00,CFL=17.97/22.01
12-30 13:59:28.006  3134  2200 I VrApi   : FPS=87/90,Prd=29ms,Tear=0,Early=5,Stale=3,VSnc=0,Lat=-1,Fov=0,CPU4/GPU=2/3,2419/490MHz,OC=FF,TA=0/70/0,SP=N/F/N,Mem=2092MHz,Free=8688MB,PLS=0,Temp=18.7C/0.0C,TW=3.40ms,App=1.18ms,GD=0.12ms,CPU&GPU=6.58ms,LCnt=5(DR13,LM2),GPU%=0.63,CPU%=0.34(W0.42),DSF=1.00,CFL=18.12/21.46
12-30 13:59:29.003  3134  2200 I VrApi   : FPS=90/90,Prd=29ms,Tear=0,Early=28,Stale=0,VSnc=0,Lat=-1,Fov=0,CPU4/GPU=2/3,2419/490MHz,OC=FF,TA=0/70/0,SP=N/F/N,Mem=2092MHz,Free=8688MB,PLS=0,Temp=18.7C/0.0C,TW=3.36ms,App=1.17ms,GD=0.13ms,CPU&GPU=5.10ms,LCnt=5(DR0,LM2),GPU%=0.59,CPU%=0.12(W0.15),DSF=1.00,CFL=18.06/21.86
12-30 13:59:30.003  3134  2200 I VrApi   : FPS=90/90,Prd=29ms,Tear=0,Early=1,Stale=0,VSnc=0,Lat=-1,Fov=0,CPU4/GPU=2/3,2419/490MHz,OC=FF,TA=0/70/0,SP=N/F/N,Mem=2092MHz,Free=8688MB,PLS=0,Temp=18.7C/0.0C,TW=3.39ms,App=1.25ms,GD=0.12ms,CPU&GPU=5.81ms,LCnt=5(DR0,LM2),GPU%=0.60,CPU%=0.09(W0.11),DSF=1.00,CFL=18.19/21.41
12-30 13:59:31.003  3134  2200 I VrApi   : FPS=90/90,Prd=29ms,Tear=0,Early=13,Stale=0,VSnc=0,Lat=-1,Fov=0,CPU4/GPU=2/3,2419/490MHz,OC=FF,TA=0/70/0,SP=N/F/N,Mem=2092MHz,Free=8688MB,PLS=0,Temp=18.7C/0.0C,TW=3.37ms,App=1.22ms,GD=0.12ms,CPU&GPU=5.42ms,LCnt=5(DR0,LM2),GPU%=0.59,CPU%=0.12(W0.19),DSF=1.00,CFL=17.93/21.75
12-30 13:59:32.010  3134  2200 I VrApi   : FPS=90/90,Prd=29ms,Tear=0,Early=27,Stale=0,VSnc=0,Lat=-1,Fov=0,CPU4/GPU=2/3,1171/490MHz,OC=FF,TA=0/70/0,SP=N/F/N,Mem=2092MHz,Free=8619MB,PLS=0,Temp=18.7C/0.0C,TW=3.38ms,App=1.30ms,GD=0.12ms,CPU&GPU=5.54ms,LCnt=5(DR0,LM2),GPU%=0.60,CPU%=0.16(W0.20),DSF=1.00,CFL=18.11/21.39
12-30 13:59:33.005  3134  2200 I VrApi   : FPS=90/90,Prd=29ms,Tear=0,Early=31,Stale=0,VSnc=0,Lat=-1,Fov=0,CPU4/GPU=2/3,1171/490MHz,OC=FF,TA=0/70/0,SP=N/F/N,Mem=1804MHz,Free=8619MB,PLS=0,Temp=18.7C/0.0C,TW=3.39ms,App=0.94ms,GD=0.13ms,CPU&GPU=5.86ms,LCnt=5(DR0,LM2),GPU%=0.63,CPU%=0.29(W0.37),DSF=1.00,CFL=18.02/21.80
12-30 13:59:34.004  3134  2200 I VrApi   : FPS=89/90,Prd=29ms,Tear=0,Early=15,Stale=1,VSnc=0,Lat=-1,Fov=0,CPU4/GPU=2/3,1171/490MHz,OC=FF,TA=0/70/0,SP=N/F/N,Mem=2092MHz,Free=8619MB,PLS=0,Temp=18.7C/0.0C,TW=3.28ms,App=1.21ms,GD=0.13ms,CPU&GPU=6.36ms,LCnt=4(DR0,LM2),GPU%=0.59,CPU%=0.21(W0.25),DSF=1.00,CFL=17.96/22.31
12-30 13:59:35.004  3134  2200 I VrApi   : FPS=90/90,Prd=29ms,Tear=0,Early=19,Stale=0,VSnc=0,Lat=-1,Fov=0,CPU4/GPU=2/3,1171/490MHz,OC=FF,TA=0/70/0,SP=N/F/N,Mem=2092MHz,Free=8619MB,PLS=0,Temp=18.7C/0.0C,TW=3.25ms,App=1.16ms,GD=0.13ms,CPU&GPU=5.50ms,LCnt=4(DR0,LM2),GPU%=0.58,CPU%=0.19(W0.21),DSF=1.00,CFL=18.01/21.59
12-30 13:59:36.003  3134  2200 I VrApi   : FPS=89/90,Prd=29ms,Tear=0,Early=20,Stale=1,VSnc=0,Lat=-1,Fov=0,CPU4/GPU=2/3,1171/490MHz,OC=FF,TA=0/70/0,SP=N/F/N,Mem=2092MHz,Free=8619MB,PLS=0,Temp=18.7C/0.0C,TW=3.18ms,App=1.17ms,GD=0.68ms,CPU&GPU=5.79ms,LCnt=4(DR0,LM2),GPU%=0.58,CPU%=0.19(W0.24),DSF=1.00,CFL=18.00/21.91
12-30 13:59:37.004  3134  2200 I VrApi   : FPS=90/90,Prd=25ms,Tear=0,Early=4,Stale=0,VSnc=0,Lat=-1,Fov=0,CPU4/GPU=2/3,1171/490MHz,OC=FF,TA=0/70/0,SP=N/F/N,Mem=2092MHz,Free=8619MB,PLS=0,Temp=18.7C/0.0C,TW=1.79ms,App=0.01ms,GD=0.22ms,CPU&GPU=1.92ms,LCnt=3(DR0,LM2),GPU%=0.35,CPU%=0.13(W0.20),DSF=1.00,CFL=18.03/21.52
12-30 13:59:38.005  3134  2200 I VrApi   : FPS=91/90,Prd=27ms,Tear=0,Early=0,Stale=0,VSnc=0,Lat=-1,Fov=0,CPU4/GPU=2/3,1171/490MHz,OC=FF,TA=0/70/0,SP=N/F/N,Mem=2092MHz,Free=8619MB,PLS=0,Temp=18.7C/0.0C,TW=2.29ms,App=4.19ms,GD=0.24ms,CPU&GPU=8.30ms,LCnt=4(DR0,LM3),GPU%=0.76,CPU%=0.20(W0.21),DSF=1.00,CFL=17.91/21.20
12-30 13:59:39.003  3134  2200 I VrApi   : FPS=90/90,Prd=31ms,Tear=0,Early=0,Stale=0,VSnc=0,Lat=-1,Fov=0,CPU4/GPU=2/3,1171/490MHz,OC=FF,TA=0/70/0,SP=N/F/N,Mem=2092MHz,Free=8619MB,PLS=0,Temp=18.7C/0.0C,TW=2.28ms,App=4.63ms,GD=0.28ms,CPU&GPU=8.83ms,LCnt=4(DR0,LM3),GPU%=0.80,CPU%=0.14(W0.17),DSF=1.00,CFL=17.89/21.54
12-30 13:59:40.004  3134  2200 I VrApi   : FPS=90/90,Prd=31ms,Tear=0,Early=0,Stale=0,VSnc=0,Lat=-1,Fov=0,CPU4/GPU=2/3,1171/490MHz,OC=FF,TA=0/70/0,SP=N/F/N,Mem=2092MHz,Free=8619MB,PLS=0,Temp=18.7C/0.0C,TW=2.27ms,App=4.82ms,GD=0.27ms,CPU&GPU=9.36ms,LCnt=4(DR0,LM3),GPU%=0.82,CPU%=0.24(W0.33),DSF=1.00,CFL=17.94/21.18
12-30 13:59:41.005  3134  2200 I VrApi   : FPS=90/90,Prd=31ms,Tear=0,Early=0,Stale=0,VSnc=0,Lat=-1,Fov=0,CPU4/GPU=2/3,1171/490MHz,OC=FF,TA=0/70/0,SP=N/F/N,Mem=2092MHz,Free=8619MB,PLS=0,Temp=18.7C/0.0C,TW=2.27ms,App=4.33ms,GD=0.26ms,CPU&GPU=9.31ms,LCnt=4(DR0,LM3),GPU%=0.77,CPU%=0.21(W0.30),DSF=1.00,CFL=17.94/21.58
12-30 13:59:42.005  3134  2200 I VrApi   : FPS=90/90,Prd=30ms,Tear=0,Early=0,Stale=0,VSnc=0,Lat=-1,Fov=0,CPU4/GPU=2/3,1171/490MHz,OC=FF,TA=0/70/0,SP=N/F/N,Mem=2092MHz,Free=8619MB,PLS=0,Temp=18.5C/0.0C,TW=2.32ms,App=4.37ms,GD=0.20ms,CPU&GPU=9.23ms,LCnt=4(DR0,LM3),GPU%=0.77,CPU%=0.25(W0.26),DSF=1.00,CFL=17.85/21.94
12-30 13:59:43.006  3134  2200 I VrApi   : FPS=90/90,Prd=30ms,Tear=0,Early=0,Stale=0,VSnc=0,Lat=-1,Fov=0,CPU4/GPU=2/3,1171/490MHz,OC=FF,TA=0/70/0,SP=N/F/N,Mem=2092MHz,Free=8619MB,PLS=0,Temp=18.5C/0.0C,TW=2.32ms,App=4.41ms,GD=0.19ms,CPU&GPU=9.13ms,LCnt=4(DR0,LM3),GPU%=0.78,CPU%=0.22(W0.29),DSF=1.00,CFL=18.00/21.56
12-30 13:59:44.004  3134  2200 I VrApi   : FPS=90/90,Prd=30ms,Tear=0,Early=0,Stale=0,VSnc=0,Lat=-1,Fov=0,CPU4/GPU=2/3,1171/490MHz,OC=FF,TA=0/70/0,SP=N/F/N,Mem=2092MHz,Free=8619MB,PLS=0,Temp=18.5C/0.0C,TW=2.28ms,App=4.54ms,GD=0.17ms,CPU&GPU=9.48ms,LCnt=4(DR0,LM3),GPU%=0.79,CPU%=0.17(W0.26),DSF=1.00,CFL=17.98/21.06
12-30 13:59:45.004  3134  2200 I VrApi   : FPS=87/90,Prd=30ms,Tear=0,Early=3,Stale=3,VSnc=0,Lat=-1,Fov=0,CPU4/GPU=2/3,2419/490MHz,OC=FF,TA=0/70/0,SP=N/F/N,Mem=2092MHz,Free=8619MB,PLS=0,Temp=18.5C/0.0C,TW=1.98ms,App=2.32ms,GD=0.17ms,CPU&GPU=6.24ms,LCnt=3(DR10,LM3),GPU%=0.53,CPU%=0.35(W0.43),DSF=1.00,CFL=18.13/21.53
12-30 13:59:46.004  3134  2200 I VrApi   : FPS=90/90,Prd=29ms,Tear=0,Early=0,Stale=0,VSnc=0,Lat=-1,Fov=0,CPU4/GPU=2/3,2419/490MHz,OC=FF,TA=0/70/0,SP=N/F/N,Mem=2092MHz,Free=8619MB,PLS=0,Temp=18.5C/0.0C,TW=3.21ms,App=1.43ms,GD=0.15ms,CPU&GPU=7.40ms,LCnt=5(DR1,LM2),GPU%=0.60,CPU%=0.20(W0.29),DSF=1.00,CFL=17.85/21.60
12-30 13:59:47.006  3134  2200 I VrApi   : FPS=77/90,Prd=29ms,Tear=0,Early=0,Stale=11,VSnc=0,Lat=-1,Fov=0,CPU4/GPU=2/3,2419/525MHz,OC=FF,TA=0/70/0,SP=N/F/N,Mem=2092MHz,Free=8619MB,PLS=0,Temp=18.5C/0.0C,TW=3.31ms,App=1.38ms,GD=0.21ms,CPU&GPU=7.66ms,LCnt=5(DR0,LM2),GPU%=0.53,CPU%=0.25(W0.27),DSF=1.00,CFL=17.93/22.15
12-30 13:59:48.005  3134  2200 I VrApi   : FPS=88/90,Prd=32ms,Tear=0,Early=29,Stale=5,VSnc=0,Lat=-1,Fov=0,CPU4/GPU=2/4,2419/525MHz,OC=FF,TA=0/70/0,SP=N/F/N,Mem=2092MHz,Free=8619MB,PLS=0,Temp=18.5C/0.0C,TW=1.89ms,App=1.89ms,GD=0.53ms,CPU&GPU=7.68ms,LCnt=3(DR0,LM2),GPU%=0.67,CPU%=0.25(W0.28),DSF=1.00,CFL=18.01/21.46
12-30 13:59:49.004  3134  2200 I VrApi   : FPS=90/90,Prd=38ms,Tear=0,Early=90,Stale=0,VSnc=0,Lat=-1,Fov=0,CPU4/GPU=2/4,2419/525MHz,OC=FF,TA=0/70/0,SP=N/F/N,Mem=2092MHz,Free=8619MB,PLS=0,Temp=18.5C/0.0C,TW=1.60ms,App=4.97ms,GD=0.42ms,CPU&GPU=8.91ms,LCnt=3(DR21,LM3),GPU%=0.77,CPU%=0.19(W0.24),DSF=1.00,CFL=18.02/21.41
12-30 13:59:50.004  3134  2200 I VrApi   : FPS=89/90,Prd=35ms,Tear=0,Early=69,Stale=0,VSnc=0,Lat=-1,Fov=0,CPU4/GPU=2/4,2419/525MHz,OC=FF,TA=0/70/0,SP=N/F/N,Mem=2092MHz,Free=8619MB,PLS=0,Temp=18.7C/0.0C,TW=2.54ms,App=2.15ms,GD=0.17ms,CPU&GPU=4.36ms,LCnt=4(DR67,LM2),GPU%=0.55,CPU%=0.16(W0.20),DSF=1.00,CFL=17.92/20.88
12-30 13:59:51.005  3134  2200 I VrApi   : FPS=90/90,Prd=29ms,Tear=0,Early=0,Stale=0,VSnc=0,Lat=-1,Fov=0,CPU4/GPU=2/3,2419/490MHz,OC=FF,TA=0/70/0,SP=N/F/N,Mem=2092MHz,Free=8619MB,PLS=0,Temp=18.7C/0.0C,TW=1.08ms,App=4.23ms,GD=0.29ms,CPU&GPU=6.62ms,LCnt=2(DR42,LM2),GPU%=0.55,CPU%=0.10(W0.20),DSF=1.00,CFL=17.95/22.07
12-30 13:59:52.010  3134  2200 I VrApi   : FPS=90/90,Prd=30ms,Tear=0,Early=0,Stale=0,VSnc=0,Lat=-1,Fov=0,CPU4/GPU=2/3,2419/490MHz,OC=FF,TA=0/70/0,SP=N/F/N,Mem=2092MHz,Free=8713MB,PLS=0,Temp=18.7C/0.0C,TW=1.15ms,App=4.91ms,GD=0.33ms,CPU&GPU=7.12ms,LCnt=2(DR90,LM2),GPU%=0.61,CPU%=0.16(W0.24),DSF=1.00,CFL=17.91/21.47
12-30 13:59:53.005  3134  2200 I VrApi   : FPS=90/90,Prd=30ms,Tear=0,Early=0,Stale=0,VSnc=0,Lat=-1,Fov=0,CPU4/GPU=2/3,2419/490MHz,OC=FF,TA=0/70/0,SP=N/F/N,Mem=2092MHz,Free=8713MB,PLS=0,Temp=18.7C/0.0C,TW=0.81ms,App=5.24ms,GD=0.00ms,CPU&GPU=7.12ms,LCnt=1(DR90,LM0),GPU%=0.57,CPU%=0.13(W0.20),DSF=1.00,CFL=18.02/21.76
12-30 13:59:54.005  3134  2200 I VrApi   : FPS=90/90,Prd=29ms,Tear=0,Early=0,Stale=0,VSnc=0,Lat=-1,Fov=0,CPU4/GPU=2/3,1171/490MHz,OC=FF,TA=0/70/0,SP=N/F/N,Mem=2092MHz,Free=8713MB,PLS=0,Temp=18.7C/0.0C,TW=1.09ms,App=4.89ms,GD=0.00ms,CPU&GPU=7.19ms,LCnt=2(DR90,LM2),GPU%=0.57,CPU%=0.14(W0.23),DSF=1.00,CFL=17.91/21.72
12-30 13:59:55.006  3134  2200 I VrApi   : FPS=90/90,Prd=29ms,Tear=0,Early=0,Stale=0,VSnc=0,Lat=-1,Fov=0,CPU4/GPU=2/3,1171/490MHz,OC=FF,TA=0/70/0,SP=N/F/N,Mem=2092MHz,Free=8713MB,PLS=0,Temp=18.7C/0.0C,TW=2.00ms,App=5.03ms,GD=0.28ms,CPU&GPU=7.06ms,LCnt=3(DR14,LM2),GPU%=0.69,CPU%=0.19(W0.30),DSF=1.00,CFL=17.94/21.21
12-30 13:59:55.444  3134  3166 D VrApi   : targetSDKVersion 29
12-30 13:59:55.472  3134  2200 I VrApi   : FPS=90/90,Prd=29ms,Tear=0,Early=0,Stale=1,VSnc=0,Lat=-1,Fov=0,CPU4/GPU=2/3,2419/490MHz,OC=FF,TA=0/F/0,SP=N/F/N,Mem=2092MHz,Free=8713MB,PLS=0,Temp=18.7C/0.0C,TW=2.10ms,App=4.98ms,GD=0.26ms,CPU&GPU=8.63ms,LCnt=4(DR0,LM2),GPU%=0.70,CPU%=0.22(W0.29),DSF=1.00,CFL=17.88/21.61
12-30 13:59:55.479  3134  3166 I VrApi   : OVR::Stats thread stopped
12-30 13:59:56.230  3167  3283 D VrApi   : targetSDKVersion 29
12-30 13:59:56.284  3167  3283 I VrApi   : OVR::Stats thread stopped
12-30 13:59:56.827  3128  3170 I VrApi   : ----------- vrapi_Initialize [start] ----------
12-30 13:59:56.839  3128  3170 I VrApi   : Client type: 0 flags: 0x0 placement: 0
12-30 13:59:57.465  3128  3170 I VrApi   : vrapi_Initialize: Connected to VrRuntimeService after 0.625796s
12-30 13:59:57.615  3128  3170 I VrApi   : SkipPushFinalBlack=1
12-30 13:59:57.615  3128  3170 D VrApi   : isActivityFocusAware context = com.unity3d.player.UnityPlayerActivity@3e4f2b5
12-30 13:59:57.615  3128  3170 D VrApi   : isSystemApp = false for com.beatgames.beatsaber
12-30 13:59:57.615  3128  3170 I VrApi   : isActivityFocusAware = 1
12-30 13:59:57.639  3128  3170 I VrApi   : ----------- vrapi_Initialize [end] ----------
12-30 13:59:57.639  3128  3170 I VrApi   : ------------ vrapi_Shutdown [start] -----------
12-30 13:59:57.639  3128  3170 W VrApi   : IsOvrValid: ovr == nullptr. Package: com.beatgames.beatsaber
12-30 13:59:57.642  3128  3170 I VrApi   : ------------ vrapi_Shutdown [end] -----------
12-30 13:59:57.648  3128  3170 I VrApi   : ----------- vrapi_Initialize [start] ----------
12-30 13:59:58.253  3128  3170 I VrApi   : Client type: 0 flags: 0x0 placement: 0
12-30 13:59:58.878  3128  3170 I VrApi   : vrapi_Initialize: Connected to VrRuntimeService after 0.625080s
12-30 13:59:58.913  3128  3170 I VrApi   : SkipPushFinalBlack=1
12-30 13:59:58.913  3128  3170 D VrApi   : isActivityFocusAware context = com.unity3d.player.UnityPlayerActivity@3e4f2b5
12-30 13:59:58.913  3128  3170 D VrApi   : isSystemApp = false for com.beatgames.beatsaber
12-30 13:59:58.913  3128  3170 I VrApi   : isActivityFocusAware = 1
12-30 13:59:58.935  3128  3170 I VrApi   : ----------- vrapi_Initialize [end] ----------
12-30 13:59:58.936  3128  3170 W VrApi   : vrapi_LocateTrackingSpace: ovr == NULL
12-30 13:59:58.938  3128  3302 I VrApi   : ---------- vrapi_EnterVrMode [start] ----------
12-30 13:59:58.941  3128  3302 D VrApi   : targetSDKVersion 29
12-30 13:59:58.954  3128  3302 I VrApi   : ovrModeParms::VRAPI_MODE_FLAG_RESET_WINDOW_FULLSCREEN = 1
12-30 13:59:58.954  3128  3302 I VrApi   : ovrModeParms::VRAPI_MODE_FLAG_NATIVE_WINDOW = 1
12-30 13:59:58.954  3128  3302 I VrApi   : ovrModeParms::VRAPI_MODE_FLAG_FRONT_BUFFER_SRGB = 1
12-30 13:59:58.954  3128  3302 I VrApi   : ovrModeParms::VRAPI_MODE_FLAG_PHASE_SYNC = 0
12-30 13:59:58.954  3128  3302 I VrApi   : ovrModeParms::VRAPI_MODE_FLAG_APP_SPACE_WARP = 0
12-30 13:59:58.954  3128  3302 I VrApi   : PhaseSync disabled
12-30 13:59:58.955  3128  3302 I VrApi   : HMD sensor attached.
12-30 13:59:58.960  3128  3302 I VrApi   : Creating Default swapchain
12-30 13:59:58.961  3128  3302 I VrApi   : Creating Loading Icon swapchain
12-30 13:59:58.961  3128  3302 I VrApi   : OVR::Stats thread started
12-30 13:59:58.961  3128  3302 I VrApi   : Initial BaseVsync 4421 
12-30 13:59:58.961  3128  3302 I VrApi   : ---------- vrapi_EnterVrMode [end] ----------
12-30 13:59:58.962  3128  3380 D VrApi   : targetSDKVersion 29
12-30 14:00:00.007  3128  3380 I VrApi   : FPS=0/72,Prd=0ms,Tear=0,Early=0,Stale=0,VSnc=1,Lat=0,Fov=0,CPU4/GPU=0/0,2419/305MHz,OC=FF,TA=0/0/0,SP=N/N/N,Mem=2092MHz,Free=8367MB,PLS=0,Temp=0.0C/0.0C,TW=0.57ms,App=0.00ms,GD=0.00ms,CPU&GPU=0.00ms,LCnt=2(DR0,LM0),GPU%=0.00,CPU%=0.00(W0.00),DSF=1.00,CFL=17.95/21.76
12-30 14:00:00.326  3128  3302 W VrApi   : Time to first swap: 3.504 seconds
12-30 14:00:01.002  3128  3380 I VrApi   : FPS=0/90,Prd=0ms,Tear=0,Early=0,Stale=0,VSnc=1,Lat=0,Fov=0,CPU4/GPU=0/0,2419/525MHz,OC=FF,TA=0/0/0,SP=N/N/N,Mem=2092MHz,Free=8367MB,PLS=0,Temp=18.5C/0.0C,TW=0.57ms,App=0.00ms,GD=0.00ms,CPU&GPU=0.00ms,LCnt=2(DR0,LM0),GPU%=0.11,CPU%=0.34(W0.52),DSF=1.00,CFL=17.95/21.76
12-30 14:00:01.603  3128  3170 I VrApi   : vrapi_SetDisplayRefreshRate: display refresh rate supported 90.000000
12-30 14:00:02.003  3128  3380 I VrApi   : FPS=1/72,Prd=0ms,Tear=0,Early=0,Stale=90,VSnc=0,Lat=1,Fov=0,CPU4/GPU=4/4,2419/525MHz,OC=FF,TA=0/0/0,SP=N/N/N,Mem=2092MHz,Free=8367MB,PLS=0,Temp=18.5C/0.0C,TW=1.19ms,App=0.40ms,GD=0.00ms,CPU&GPU=0.00ms,LCnt=2(DR0,LM0),GPU%=0.08,CPU%=0.38(W1.00),DSF=1.00,CFL=17.85/21.87
12-30 14:00:03.003  3128  3380 I VrApi   : FPS=47/90,Prd=45ms,Tear=0,Early=43,Stale=32,VSnc=1,Lat=1,Fov=0,CPU4/GPU=4/4,2419/525MHz,OC=FF,TA=0/0/0,SP=N/N/N,Mem=2092MHz,Free=8367MB,PLS=0,Temp=18.5C/0.0C,TW=0.96ms,App=5.05ms,GD=0.00ms,CPU&GPU=1.25ms,LCnt=2(DR0,LM0),GPU%=0.57,CPU%=0.10(W0.15),DSF=1.00,CFL=9.85/21.44
12-30 14:00:04.002  3128  3380 I VrApi   : FPS=76/90,Prd=42ms,Tear=0,Early=55,Stale=27,VSnc=1,Lat=1,Fov=0,CPU4/GPU=4/4,2419/525MHz,OC=FF,TA=0/0/0,SP=N/N/N,Mem=2092MHz,Free=8367MB,PLS=0,Temp=18.5C/0.0C,TW=1.06ms,App=4.06ms,GD=0.00ms,CPU&GPU=6.96ms,LCnt=1(DR72,LM0),GPU%=0.48,CPU%=0.13(W0.15),DSF=1.00,CFL=16.06/30.08
12-30 14:00:05.002  3128  3380 I VrApi   : FPS=90/90,Prd=42ms,Tear=0,Early=90,Stale=0,VSnc=1,Lat=1,Fov=0,CPU4/GPU=4/4,1478/525MHz,OC=FF,TA=0/0/0,SP=N/N/N,Mem=2092MHz,Free=8367MB,PLS=0,Temp=18.5C/0.0C,TW=1.06ms,App=4.06ms,GD=0.00ms,CPU&GPU=5.97ms,LCnt=1(DR90,LM0),GPU%=0.49,CPU%=0.13(W0.19),DSF=1.00,CFL=17.81/21.17
12-30 14:00:05.818  3128  3170 I VrApi   : vrapi_SetDisplayRefreshRate: display refresh rate supported 90.000000
12-30 14:00:06.002  3128  3380 I VrApi   : FPS=90/90,Prd=42ms,Tear=0,Early=90,Stale=0,VSnc=1,Lat=1,Fov=0,CPU4/GPU=4/4,1478/525MHz,OC=FF,TA=0/0/0,SP=N/N/N,Mem=2092MHz,Free=8367MB,PLS=0,Temp=18.7C/0.0C,TW=0.94ms,App=5.12ms,GD=0.00ms,CPU&GPU=6.23ms,LCnt=1(DR90,LM0),GPU%=0.56,CPU%=0.15(W0.20),DSF=1.00,CFL=17.95/21.54
12-30 14:00:07.003  3128  3380 I VrApi   : FPS=89/90,Prd=42ms,Tear=0,Early=90,Stale=0,VSnc=1,Lat=1,Fov=4,CPU4/GPU=4/4,1478/525MHz,OC=FF,TA=0/0/0,SP=N/N/N,Mem=2092MHz,Free=8367MB,PLS=0,Temp=18.7C/0.0C,TW=0.63ms,App=0.68ms,GD=0.00ms,CPU&GPU=7.05ms,LCnt=1(DR90,LM0),GPU%=0.22,CPU%=0.49(W0.84),DSF=1.00,CFL=17.97/21.09
12-30 14:00:07.266  3128  3170 I VrApi   : vrapi_SetDisplayRefreshRate: display refresh rate supported 90.000000
12-30 14:00:08.002  3128  3380 I VrApi   : FPS=69/90,Prd=42ms,Tear=0,Early=65,Stale=23,VSnc=1,Lat=1,Fov=0,CPU4/GPU=4/4,1478/525MHz,OC=FF,TA=0/0/0,SP=N/N/N,Mem=2092MHz,Free=8367MB,PLS=0,Temp=18.7C/0.0C,TW=0.61ms,App=0.78ms,GD=0.00ms,CPU&GPU=5.59ms,LCnt=1(DR90,LM0),GPU%=0.06,CPU%=0.33(W0.90),DSF=1.00,CFL=17.81/21.57
12-30 14:00:09.004  3128  3380 I VrApi   : FPS=22/90,Prd=41ms,Tear=0,Early=36,Stale=53,VSnc=1,Lat=1,Fov=0,CPU4/GPU=4/4,1478/525MHz,OC=FF,TA=0/0/0,SP=N/N/N,Mem=2092MHz,Free=8367MB,PLS=0,Temp=18.7C/0.0C,TW=1.03ms,App=6.16ms,GD=0.00ms,CPU&GPU=6.35ms,LCnt=1(DR90,LM0),GPU%=0.67,CPU%=0.18(W0.27),DSF=1.00,CFL=17.90/21.04
12-30 14:00:10.003  3128  3380 I VrApi   : FPS=90/90,Prd=42ms,Tear=0,Early=62,Stale=28,VSnc=1,Lat=1,Fov=0,CPU4/GPU=4/4,1478/525MHz,OC=FF,TA=0/0/0,SP=N/N/N,Mem=2092MHz,Free=8367MB,PLS=0,Temp=18.7C/0.0C,TW=1.08ms,App=5.22ms,GD=0.00ms,CPU&GPU=8.20ms,LCnt=1(DR90,LM0),GPU%=0.44,CPU%=0.33(W0.55),DSF=1.00,CFL=17.83/22.03
12-30 14:00:11.003  3128  3380 I VrApi   : FPS=84/90,Prd=42ms,Tear=0,Early=83,Stale=7,VSnc=1,Lat=1,Fov=0,CPU4/GPU=4/4,1478/525MHz,OC=FF,TA=0/0/0,SP=N/N/N,Mem=2092MHz,Free=8367MB,PLS=0,Temp=18.7C/0.0C,TW=1.14ms,App=5.25ms,GD=0.00ms,CPU&GPU=7.85ms,LCnt=1(DR90,LM0),GPU%=0.59,CPU%=0.17(W0.27),DSF=1.00,CFL=17.97/21.90
12-30 14:00:12.003  3128  3380 I VrApi   : FPS=90/90,Prd=42ms,Tear=0,Early=88,Stale=0,VSnc=1,Lat=1,Fov=0,CPU4/GPU=4/4,1478/525MHz,OC=FF,TA=0/0/0,SP=N/N/N,Mem=2092MHz,Free=8367MB,PLS=0,Temp=18.7C/0.0C,TW=1.12ms,App=5.27ms,GD=0.00ms,CPU&GPU=7.68ms,LCnt=1(DR90,LM0),GPU%=0.60,CPU%=0.16(W0.17),DSF=1.00,CFL=17.90/21.35
12-30 14:00:13.003  3128  3380 I VrApi   : FPS=90/90,Prd=42ms,Tear=0,Early=89,Stale=0,VSnc=1,Lat=1,Fov=0,CPU4/GPU=4/4,1478/525MHz,OC=FF,TA=0/0/0,SP=N/N/N,Mem=2092MHz,Free=8367MB,PLS=0,Temp=18.7C/0.0C,TW=1.06ms,App=5.35ms,GD=0.00ms,CPU&GPU=7.74ms,LCnt=1(DR90,LM0),GPU%=0.60,CPU%=0.17(W0.25),DSF=1.00,CFL=17.80/21.65
12-30 14:00:14.003  3128  3380 I VrApi   : FPS=90/90,Prd=42ms,Tear=0,Early=89,Stale=0,VSnc=1,Lat=1,Fov=0,CPU4/GPU=4/4,1478/525MHz,OC=FF,TA=0/0/0,SP=N/N/N,Mem=2092MHz,Free=8367MB,PLS=0,Temp=18.7C/0.0C,TW=1.13ms,App=5.16ms,GD=0.00ms,CPU&GPU=7.85ms,LCnt=1(DR90,LM0),GPU%=0.58,CPU%=0.23(W0.25),DSF=1.00,CFL=17.85/21.34
12-30 14:00:15.004  3128  3380 I VrApi   : FPS=90/90,Prd=42ms,Tear=0,Early=88,Stale=0,VSnc=1,Lat=1,Fov=0,CPU4/GPU=4/4,1478/525MHz,OC=FF,TA=0/0/0,SP=N/N/N,Mem=2092MHz,Free=8367MB,PLS=0,Temp=18.5C/0.0C,TW=1.10ms,App=5.23ms,GD=0.00ms,CPU&GPU=7.77ms,LCnt=1(DR90,LM0),GPU%=0.59,CPU%=0.22(W0.32),DSF=1.00,CFL=17.90/21.57
12-30 14:00:16.003  3128  3380 I VrApi   : FPS=90/90,Prd=42ms,Tear=0,Early=88,Stale=0,VSnc=1,Lat=1,Fov=0,CPU4/GPU=4/4,1478/525MHz,OC=FF,TA=0/0/0,SP=N/N/N,Mem=2092MHz,Free=8367MB,PLS=0,Temp=18.5C/0.0C,TW=1.12ms,App=5.32ms,GD=0.00ms,CPU&GPU=7.72ms,LCnt=1(DR90,LM0),GPU%=0.60,CPU%=0.19(W0.21),DSF=1.00,CFL=17.81/22.22
12-30 14:00:17.003  3128  3380 I VrApi   : FPS=86/90,Prd=42ms,Tear=0,Early=86,Stale=4,VSnc=1,Lat=1,Fov=0,CPU4/GPU=4/4,1478/525MHz,OC=FF,TA=0/0/0,SP=N/N/N,Mem=2092MHz,Free=8367MB,PLS=0,Temp=18.5C/0.0C,TW=1.08ms,App=6.24ms,GD=0.00ms,CPU&GPU=7.90ms,LCnt=1(DR90,LM0),GPU%=0.68,CPU%=0.20(W0.24),DSF=1.00,CFL=17.85/21.45
12-30 14:00:17.315  3128  3170 I VrApi   : vrapi_SetDisplayRefreshRate: display refresh rate supported 90.000000
12-30 14:00:18.003  3128  3380 I VrApi   : FPS=90/90,Prd=42ms,Tear=0,Early=87,Stale=2,VSnc=1,Lat=1,Fov=4,CPU4/GPU=4/4,1478/525MHz,OC=FF,TA=0/0/0,SP=N/N/N,Mem=2092MHz,Free=8367MB,PLS=0,Temp=18.5C/0.0C,TW=0.67ms,App=6.22ms,GD=0.00ms,CPU&GPU=8.69ms,LCnt=1(DR90,LM0),GPU%=0.06,CPU%=0.36(W0.75),DSF=1.00,CFL=17.86/22.15
12-30 14:00:19.003  3128  3380 I VrApi   : FPS=32/90,Prd=41ms,Tear=0,Early=48,Stale=31,VSnc=1,Lat=1,Fov=4,CPU4/GPU=4/4,1478/525MHz,OC=FF,TA=0/0/0,SP=N/N/N,Mem=2092MHz,Free=8367MB,PLS=0,Temp=18.5C/0.0C,TW=0.78ms,App=4.96ms,GD=0.00ms,CPU&GPU=9.76ms,LCnt=1(DR90,LM0),GPU%=0.54,CPU%=0.22(W0.29),DSF=1.00,CFL=17.91/21.28
12-30 14:00:20.015  3128  3380 I VrApi   : FPS=89/90,Prd=42ms,Tear=0,Early=48,Stale=43,VSnc=1,Lat=1,Fov=4,CPU4/GPU=4/4,1478/525MHz,OC=FF,TA=0/0/0,SP=N/N/N,Mem=2092MHz,Free=7662MB,PLS=0,Temp=18.5C/0.0C,TW=0.84ms,App=5.31ms,GD=0.00ms,CPU&GPU=7.70ms,LCnt=1(DR90,LM0),GPU%=0.56,CPU%=0.21(W0.25),DSF=1.00,CFL=17.79/22.04
12-30 14:00:21.006  3128  3380 I VrApi   : FPS=90/90,Prd=42ms,Tear=0,Early=88,Stale=0,VSnc=1,Lat=1,Fov=4,CPU4/GPU=4/4,1478/525MHz,OC=FF,TA=0/0/0,SP=N/N/N,Mem=2092MHz,Free=7662MB,PLS=0,Temp=18.5C/0.0C,TW=0.84ms,App=6.08ms,GD=0.00ms,CPU&GPU=8.39ms,LCnt=1(DR90,LM0),GPU%=0.61,CPU%=0.23(W0.35),DSF=1.00,CFL=17.91/21.37
12-30 14:00:22.003  3128  3380 I VrApi   : FPS=90/90,Prd=42ms,Tear=0,Early=88,Stale=0,VSnc=1,Lat=1,Fov=4,CPU4/GPU=4/4,1478/525MHz,OC=FF,TA=0/0/0,SP=N/N/N,Mem=2092MHz,Free=7662MB,PLS=0,Temp=18.5C/0.0C,TW=0.81ms,App=6.26ms,GD=0.00ms,CPU&GPU=9.07ms,LCnt=1(DR90,LM0),GPU%=0.64,CPU%=0.23(W0.32),DSF=1.00,CFL=17.77/21.66
12-30 14:00:23.003  3128  3380 I VrApi   : FPS=90/90,Prd=42ms,Tear=0,Early=88,Stale=0,VSnc=1,Lat=1,Fov=4,CPU4/GPU=4/4,1478/525MHz,OC=FF,TA=0/0/0,SP=N/N/N,Mem=2092MHz,Free=7662MB,PLS=0,Temp=18.7C/0.0C,TW=0.83ms,App=6.42ms,GD=0.00ms,CPU&GPU=8.71ms,LCnt=1(DR90,LM0),GPU%=0.64,CPU%=0.23(W0.32),DSF=1.00,CFL=17.95/21.46
12-30 14:00:24.004  3128  3380 I VrApi   : FPS=90/90,Prd=42ms,Tear=0,Early=89,Stale=0,VSnc=1,Lat=1,Fov=4,CPU4/GPU=4/4,1478/525MHz,OC=FF,TA=0/0/0,SP=N/N/N,Mem=2092MHz,Free=7662MB,PLS=0,Temp=18.7C/0.0C,TW=0.83ms,App=6.20ms,GD=0.00ms,CPU&GPU=9.20ms,LCnt=1(DR90,LM0),GPU%=0.63,CPU%=0.25(W0.40),DSF=1.00,CFL=17.81/21.62
12-30 14:00:25.004  3128  3380 I VrApi   : FPS=90/90,Prd=42ms,Tear=0,Early=88,Stale=0,VSnc=1,Lat=1,Fov=4,CPU4/GPU=4/4,1478/525MHz,OC=FF,TA=0/0/0,SP=N/N/N,Mem=2092MHz,Free=7662MB,PLS=0,Temp=18.7C/0.0C,TW=0.83ms,App=6.62ms,GD=0.00ms,CPU&GPU=8.69ms,LCnt=1(DR90,LM0),GPU%=0.64,CPU%=0.22(W0.30),DSF=1.00,CFL=17.87/21.30
12-30 14:00:26.004  3128  3380 I VrApi   : FPS=90/90,Prd=42ms,Tear=0,Early=89,Stale=0,VSnc=1,Lat=1,Fov=4,CPU4/GPU=4/4,1478/525MHz,OC=FF,TA=0/0/0,SP=N/N/N,Mem=2092MHz,Free=7662MB,PLS=0,Temp=18.7C/0.0C,TW=0.83ms,App=5.75ms,GD=0.00ms,CPU&GPU=9.26ms,LCnt=1(DR90,LM0),GPU%=0.63,CPU%=0.25(W0.30),DSF=1.00,CFL=17.66/21.43
12-30 14:00:27.004  3128  3380 I VrApi   : FPS=90/90,Prd=42ms,Tear=0,Early=87,Stale=0,VSnc=1,Lat=1,Fov=4,CPU4/GPU=4/4,1478/525MHz,OC=FF,TA=0/0/0,SP=N/N/N,Mem=2092MHz,Free=7662MB,PLS=0,Temp=18.7C/0.0C,TW=0.82ms,App=6.25ms,GD=0.00ms,CPU&GPU=8.51ms,LCnt=1(DR90,LM0),GPU%=0.66,CPU%=0.25(W0.29),DSF=1.00,CFL=17.75/21.23
12-30 14:00:28.004  3128  3380 I VrApi   : FPS=90/90,Prd=42ms,Tear=0,Early=89,Stale=0,VSnc=1,Lat=1,Fov=4,CPU4/GPU=4/4,1478/525MHz,OC=FF,TA=0/0/0,SP=N/N/N,Mem=2092MHz,Free=7662MB,PLS=0,Temp=18.7C/0.0C,TW=0.83ms,App=5.98ms,GD=0.00ms,CPU&GPU=8.77ms,LCnt=1(DR90,LM0),GPU%=0.64,CPU%=0.21(W0.30),DSF=1.00,CFL=17.81/21.65
12-30 14:00:29.004  3128  3380 I VrApi   : FPS=90/90,Prd=42ms,Tear=0,Early=88,Stale=0,VSnc=1,Lat=1,Fov=4,CPU4/GPU=4/4,1478/525MHz,OC=FF,TA=0/0/0,SP=N/N/N,Mem=2092MHz,Free=7662MB,PLS=0,Temp=18.7C/0.0C,TW=0.83ms,App=6.70ms,GD=0.00ms,CPU&GPU=9.21ms,LCnt=1(DR90,LM0),GPU%=0.69,CPU%=0.24(W0.32),DSF=1.00,CFL=17.88/22.00
12-30 14:00:30.005  3128  3380 I VrApi   : FPS=90/90,Prd=42ms,Tear=0,Early=79,Stale=0,VSnc=1,Lat=1,Fov=4,CPU4/GPU=4/4,1478/525MHz,OC=FF,TA=0/0/0,SP=N/N/N,Mem=2092MHz,Free=7662MB,PLS=0,Temp=18.7C/0.0C,TW=0.82ms,App=6.14ms,GD=0.00ms,CPU&GPU=9.13ms,LCnt=1(DR90,LM0),GPU%=0.64,CPU%=0.25(W0.33),DSF=1.00,CFL=17.80/21.31
12-30 14:00:31.004  3128  3380 I VrApi   : FPS=90/90,Prd=42ms,Tear=0,Early=90,Stale=0,VSnc=1,Lat=1,Fov=4,CPU4/GPU=4/4,1478/525MHz,OC=FF,TA=0/0/0,SP=N/N/N,Mem=2092MHz,Free=7662MB,PLS=0,Temp=18.7C/0.0C,TW=0.80ms,App=6.68ms,GD=0.00ms,CPU&GPU=9.05ms,LCnt=1(DR90,LM0),GPU%=0.69,CPU%=0.26(W0.32),DSF=1.00,CFL=17.72/21.67
12-30 14:00:32.005  3128  3380 I VrApi   : FPS=90/90,Prd=42ms,Tear=0,Early=89,Stale=0,VSnc=1,Lat=1,Fov=4,CPU4/GPU=4/4,1478/525MHz,OC=FF,TA=0/0/0,SP=N/N/N,Mem=2092MHz,Free=7662MB,PLS=0,Temp=18.7C/0.0C,TW=0.81ms,App=6.19ms,GD=0.00ms,CPU&GPU=8.94ms,LCnt=1(DR90,LM0),GPU%=0.64,CPU%=0.26(W0.30),DSF=1.00,CFL=17.77/21.46
12-30 14:00:33.004  3128  3380 I VrApi   : FPS=90/90,Prd=42ms,Tear=0,Early=90,Stale=0,VSnc=1,Lat=1,Fov=4,CPU4/GPU=4/4,1478/525MHz,OC=FF,TA=0/0/0,SP=N/N/N,Mem=2092MHz,Free=7662MB,PLS=0,Temp=18.5C/0.0C,TW=0.83ms,App=6.66ms,GD=0.00ms,CPU&GPU=9.21ms,LCnt=1(DR90,LM0),GPU%=0.68,CPU%=0.22(W0.30),DSF=1.00,CFL=17.84/21.92
12-30 14:00:34.004  3128  3380 I VrApi   : FPS=90/90,Prd=42ms,Tear=0,Early=86,Stale=0,VSnc=1,Lat=1,Fov=4,CPU4/GPU=4/4,1478/525MHz,OC=FF,TA=0/0/0,SP=N/N/N,Mem=2092MHz,Free=7662MB,PLS=0,Temp=18.5C/0.0C,TW=0.84ms,App=6.34ms,GD=0.00ms,CPU&GPU=9.04ms,LCnt=1(DR90,LM0),GPU%=0.65,CPU%=0.20(W0.26),DSF=1.00,CFL=17.79/21.32
12-30 14:00:35.005  3128  3380 I VrApi   : FPS=90/90,Prd=42ms,Tear=0,Early=88,Stale=0,VSnc=1,Lat=1,Fov=4,CPU4/GPU=4/4,1478/525MHz,OC=FF,TA=0/0/0,SP=N/N/N,Mem=2092MHz,Free=7662MB,PLS=0,Temp=18.5C/0.0C,TW=0.82ms,App=6.49ms,GD=0.00ms,CPU&GPU=9.20ms,LCnt=1(DR90,LM0),GPU%=0.69,CPU%=0.29(W0.38),DSF=1.00,CFL=17.73/21.33
12-30 14:00:36.004  3128  3380 I VrApi   : FPS=90/90,Prd=42ms,Tear=0,Early=87,Stale=0,VSnc=1,Lat=1,Fov=4,CPU4/GPU=4/4,1478/525MHz,OC=FF,TA=0/0/0,SP=N/N/N,Mem=2092MHz,Free=7662MB,PLS=0,Temp=18.5C/0.0C,TW=0.80ms,App=6.80ms,GD=0.00ms,CPU&GPU=9.17ms,LCnt=1(DR90,LM0),GPU%=0.71,CPU%=0.22(W0.30),DSF=1.00,CFL=17.80/21.27
12-30 14:00:37.004  3128  3380 I VrApi   : FPS=90/90,Prd=42ms,Tear=0,Early=90,Stale=0,VSnc=1,Lat=1,Fov=4,CPU4/GPU=4/4,1478/525MHz,OC=FF,TA=0/0/0,SP=N/N/N,Mem=2092MHz,Free=7662MB,PLS=0,Temp=18.5C/0.0C,TW=0.81ms,App=6.61ms,GD=0.00ms,CPU&GPU=9.39ms,LCnt=1(DR90,LM0),GPU%=0.71,CPU%=0.31(W0.41),DSF=1.00,CFL=17.78/21.45
12-30 14:00:38.005  3128  3380 I VrApi   : FPS=90/90,Prd=42ms,Tear=0,Early=87,Stale=0,VSnc=1,Lat=1,Fov=4,CPU4/GPU=4/4,1478/525MHz,OC=FF,TA=0/0/0,SP=N/N/N,Mem=2092MHz,Free=7662MB,PLS=0,Temp=18.5C/0.0C,TW=0.82ms,App=6.72ms,GD=0.00ms,CPU&GPU=9.03ms,LCnt=1(DR90,LM0),GPU%=0.68,CPU%=0.25(W0.32),DSF=1.00,CFL=17.81/21.93
12-30 14:00:39.006  3128  3380 I VrApi   : FPS=90/90,Prd=42ms,Tear=0,Early=89,Stale=0,VSnc=1,Lat=1,Fov=4,CPU4/GPU=4/4,1478/525MHz,OC=FF,TA=0/0/0,SP=N/N/N,Mem=2092MHz,Free=7662MB,PLS=0,Temp=18.5C/0.0C,TW=0.80ms,App=6.28ms,GD=0.00ms,CPU&GPU=9.34ms,LCnt=1(DR90,LM0),GPU%=0.67,CPU%=0.22(W0.29),DSF=1.00,CFL=17.69/21.33
12-30 14:00:40.016  3128  3380 I VrApi   : FPS=90/90,Prd=42ms,Tear=0,Early=88,Stale=0,VSnc=1,Lat=1,Fov=4,CPU4/GPU=4/4,1478/525MHz,OC=FF,TA=0/0/0,SP=N/N/N,Mem=2092MHz,Free=7676MB,PLS=0,Temp=18.5C/0.0C,TW=0.81ms,App=6.80ms,GD=0.00ms,CPU&GPU=8.54ms,LCnt=1(DR90,LM0),GPU%=0.70,CPU%=0.22(W0.30),DSF=1.00,CFL=17.74/21.54
12-30 14:00:41.005  3128  3380 I VrApi   : FPS=90/90,Prd=42ms,Tear=0,Early=88,Stale=0,VSnc=1,Lat=1,Fov=4,CPU4/GPU=4/4,1478/525MHz,OC=FF,TA=0/0/0,SP=N/N/N,Mem=2092MHz,Free=7676MB,PLS=0,Temp=18.5C/0.0C,TW=0.81ms,App=6.44ms,GD=0.00ms,CPU&GPU=9.29ms,LCnt=1(DR90,LM0),GPU%=0.67,CPU%=0.25(W0.26),DSF=1.00,CFL=17.66/21.47
12-30 14:00:42.005  3128  3380 I VrApi   : FPS=90/90,Prd=42ms,Tear=0,Early=87,Stale=0,VSnc=1,Lat=1,Fov=4,CPU4/GPU=4/4,1478/525MHz,OC=FF,TA=0/0/0,SP=N/N/N,Mem=2092MHz,Free=7676MB,PLS=0,Temp=18.5C/0.0C,TW=0.83ms,App=6.82ms,GD=0.00ms,CPU&GPU=8.64ms,LCnt=1(DR90,LM0),GPU%=0.70,CPU%=0.25(W0.36),DSF=1.00,CFL=17.79/20.93
12-30 14:00:43.005  3128  3380 I VrApi   : FPS=90/90,Prd=42ms,Tear=0,Early=87,Stale=0,VSnc=1,Lat=1,Fov=4,CPU4/GPU=4/4,1478/525MHz,OC=FF,TA=0/0/0,SP=N/N/N,Mem=2092MHz,Free=7676MB,PLS=0,Temp=18.5C/0.0C,TW=0.85ms,App=5.76ms,GD=0.00ms,CPU&GPU=9.24ms,LCnt=1(DR90,LM0),GPU%=0.61,CPU%=0.23(W0.33),DSF=1.00,CFL=17.82/21.35
12-30 14:00:44.006  3128  3380 I VrApi   : FPS=90/90,Prd=42ms,Tear=0,Early=87,Stale=0,VSnc=1,Lat=1,Fov=4,CPU4/GPU=4/4,1478/525MHz,OC=FF,TA=0/0/0,SP=N/N/N,Mem=2092MHz,Free=7676MB,PLS=0,Temp=18.5C/0.0C,TW=0.86ms,App=6.38ms,GD=0.00ms,CPU&GPU=8.27ms,LCnt=1(DR90,LM0),GPU%=0.65,CPU%=0.27(W0.37),DSF=1.00,CFL=17.81/21.31
12-30 14:00:45.006  3128  3380 I VrApi   : FPS=90/90,Prd=42ms,Tear=0,Early=89,Stale=0,VSnc=1,Lat=1,Fov=4,CPU4/GPU=4/4,1478/525MHz,OC=FF,TA=0/0/0,SP=N/N/N,Mem=2092MHz,Free=7676MB,PLS=0,Temp=18.7C/0.0C,TW=0.80ms,App=6.70ms,GD=0.00ms,CPU&GPU=8.71ms,LCnt=1(DR90,LM0),GPU%=0.70,CPU%=0.27(W0.32),DSF=1.00,CFL=17.81/21.93
12-30 14:00:46.005  3128  3380 I VrApi   : FPS=90/90,Prd=42ms,Tear=0,Early=90,Stale=0,VSnc=1,Lat=1,Fov=4,CPU4/GPU=4/4,1478/525MHz,OC=FF,TA=0/0/0,SP=N/N/N,Mem=2092MHz,Free=7676MB,PLS=0,Temp=18.7C/0.0C,TW=0.83ms,App=6.56ms,GD=0.00ms,CPU&GPU=8.66ms,LCnt=1(DR90,LM0),GPU%=0.64,CPU%=0.29(W0.38),DSF=1.00,CFL=17.84/21.34
12-30 14:00:47.005  3128  3380 I VrApi   : FPS=90/90,Prd=42ms,Tear=0,Early=88,Stale=0,VSnc=1,Lat=1,Fov=4,CPU4/GPU=4/4,1478/525MHz,OC=FF,TA=0/0/0,SP=N/N/N,Mem=2092MHz,Free=7676MB,PLS=0,Temp=18.7C/0.0C,TW=0.83ms,App=5.93ms,GD=0.00ms,CPU&GPU=9.13ms,LCnt=1(DR90,LM0),GPU%=0.64,CPU%=0.26(W0.33),DSF=1.00,CFL=17.68/21.88
12-30 14:00:48.005  3128  3380 I VrApi   : FPS=90/90,Prd=42ms,Tear=0,Early=89,Stale=0,VSnc=1,Lat=1,Fov=4,CPU4/GPU=4/4,1478/525MHz,OC=FF,TA=0/0/0,SP=N/N/N,Mem=2092MHz,Free=7676MB,PLS=0,Temp=18.7C/0.0C,TW=0.82ms,App=6.12ms,GD=0.00ms,CPU&GPU=9.05ms,LCnt=1(DR90,LM0),GPU%=0.65,CPU%=0.26(W0.33),DSF=1.00,CFL=17.78/21.41
12-30 14:00:49.006  3128  3380 I VrApi   : FPS=90/90,Prd=42ms,Tear=0,Early=90,Stale=0,VSnc=1,Lat=1,Fov=4,CPU4/GPU=4/4,1478/525MHz,OC=FF,TA=0/0/0,SP=N/N/N,Mem=2092MHz,Free=7676MB,PLS=0,Temp=18.7C/0.0C,TW=0.80ms,App=6.80ms,GD=0.00ms,CPU&GPU=8.80ms,LCnt=1(DR90,LM0),GPU%=0.69,CPU%=0.27(W0.33),DSF=1.00,CFL=17.79/21.21
12-30 14:00:50.005  3128  3380 I VrApi   : FPS=90/90,Prd=42ms,Tear=0,Early=89,Stale=0,VSnc=1,Lat=1,Fov=4,CPU4/GPU=4/4,1478/525MHz,OC=FF,TA=0/0/0,SP=N/N/N,Mem=2092MHz,Free=7676MB,PLS=0,Temp=18.7C/0.0C,TW=0.80ms,App=6.36ms,GD=0.00ms,CPU&GPU=8.57ms,LCnt=1(DR90,LM0),GPU%=0.68,CPU%=0.26(W0.32),DSF=1.00,CFL=17.87/21.39
12-30 14:00:51.006  3128  3380 I VrApi   : FPS=90/90,Prd=42ms,Tear=0,Early=90,Stale=0,VSnc=1,Lat=1,Fov=4,CPU4/GPU=4/4,1478/525MHz,OC=FF,TA=0/0/0,SP=N/N/N,Mem=2092MHz,Free=7676MB,PLS=0,Temp=18.7C/0.0C,TW=0.84ms,App=6.54ms,GD=0.00ms,CPU&GPU=8.92ms,LCnt=1(DR90,LM0),GPU%=0.68,CPU%=0.27(W0.33),DSF=1.00,CFL=17.84/20.90
12-30 14:00:52.006  3128  3380 I VrApi   : FPS=90/90,Prd=42ms,Tear=0,Early=86,Stale=0,VSnc=1,Lat=1,Fov=4,CPU4/GPU=4/4,1478/525MHz,OC=FF,TA=0/0/0,SP=N/N/N,Mem=2092MHz,Free=7676MB,PLS=0,Temp=18.7C/0.0C,TW=0.84ms,App=6.41ms,GD=0.00ms,CPU&GPU=8.84ms,LCnt=1(DR90,LM0),GPU%=0.67,CPU%=0.24(W0.30),DSF=1.00,CFL=17.67/21.25
12-30 14:00:53.006  3128  3380 I VrApi   : FPS=90/90,Prd=42ms,Tear=0,Early=90,Stale=0,VSnc=1,Lat=1,Fov=4,CPU4/GPU=4/4,1478/525MHz,OC=FF,TA=0/0/0,SP=N/N/N,Mem=2092MHz,Free=7676MB,PLS=0,Temp=18.7C/0.0C,TW=0.80ms,App=6.29ms,GD=0.00ms,CPU&GPU=8.63ms,LCnt=1(DR90,LM0),GPU%=0.65,CPU%=0.23(W0.25),DSF=1.00,CFL=17.78/21.25
12-30 14:00:54.005  3128  3380 I VrApi   : FPS=90/90,Prd=42ms,Tear=0,Early=89,Stale=0,VSnc=1,Lat=1,Fov=4,CPU4/GPU=4/4,1478/525MHz,OC=FF,TA=0/0/0,SP=N/N/N,Mem=2092MHz,Free=7676MB,PLS=0,Temp=18.7C/0.0C,TW=0.79ms,App=6.05ms,GD=0.00ms,CPU&GPU=8.60ms,LCnt=1(DR90,LM0),GPU%=0.63,CPU%=0.22(W0.32),DSF=1.00,CFL=17.88/21.19
12-30 14:00:55.006  3128  3380 I VrApi   : FPS=90/90,Prd=42ms,Tear=0,Early=89,Stale=0,VSnc=1,Lat=1,Fov=4,CPU4/GPU=4/4,1478/525MHz,OC=FF,TA=0/0/0,SP=N/N/N,Mem=2092MHz,Free=7676MB,PLS=0,Temp=18.5C/0.0C,TW=0.79ms,App=6.26ms,GD=0.00ms,CPU&GPU=8.45ms,LCnt=1(DR90,LM0),GPU%=0.64,CPU%=0.24(W0.29),DSF=1.00,CFL=17.70/21.37
12-30 14:00:56.006  3128  3380 I VrApi   : FPS=90/90,Prd=42ms,Tear=0,Early=89,Stale=0,VSnc=1,Lat=1,Fov=4,CPU4/GPU=4/4,1478/525MHz,OC=FF,TA=0/0/0,SP=N/N/N,Mem=2092MHz,Free=7676MB,PLS=0,Temp=18.5C/0.0C,TW=0.84ms,App=6.19ms,GD=0.00ms,CPU&GPU=8.60ms,LCnt=1(DR90,LM0),GPU%=0.64,CPU%=0.21(W0.36),DSF=1.00,CFL=17.80/21.75
12-30 14:00:57.006  3128  3380 I VrApi   : FPS=90/90,Prd=42ms,Tear=0,Early=90,Stale=0,VSnc=1,Lat=1,Fov=4,CPU4/GPU=4/4,1478/525MHz,OC=FF,TA=0/0/0,SP=N/N/N,Mem=2092MHz,Free=7676MB,PLS=0,Temp=18.5C/0.0C,TW=0.85ms,App=5.95ms,GD=0.00ms,CPU&GPU=8.62ms,LCnt=1(DR90,LM0),GPU%=0.63,CPU%=0.24(W0.25),DSF=1.00,CFL=17.82/21.31
12-30 14:00:58.006  3128  3380 I VrApi   : FPS=90/90,Prd=42ms,Tear=0,Early=90,Stale=0,VSnc=1,Lat=1,Fov=4,CPU4/GPU=4/4,1478/525MHz,OC=FF,TA=0/0/0,SP=N/N/N,Mem=2092MHz,Free=7676MB,PLS=0,Temp=18.5C/0.0C,TW=0.81ms,App=6.53ms,GD=0.00ms,CPU&GPU=8.73ms,LCnt=1(DR90,LM0),GPU%=0.68,CPU%=0.25(W0.33),DSF=1.00,CFL=17.75/20.96
12-30 14:00:59.006  3128  3380 I VrApi   : FPS=90/90,Prd=42ms,Tear=0,Early=90,Stale=0,VSnc=1,Lat=1,Fov=4,CPU4/GPU=4/4,1478/525MHz,OC=FF,TA=0/0/0,SP=N/N/N,Mem=2092MHz,Free=7676MB,PLS=0,Temp=18.7C/0.0C,TW=0.77ms,App=6.54ms,GD=0.00ms,CPU&GPU=9.30ms,LCnt=1(DR90,LM0),GPU%=0.68,CPU%=0.26(W0.32),DSF=1.00,CFL=17.72/21.24
12-30 14:01:00.020  3128  3380 I VrApi   : FPS=90/90,Prd=42ms,Tear=0,Early=86,Stale=0,VSnc=1,Lat=1,Fov=4,CPU4/GPU=4/4,1478/525MHz,OC=FF,TA=0/0/0,SP=N/N/N,Mem=2092MHz,Free=7698MB,PLS=0,Temp=18.7C/0.0C,TW=0.82ms,App=6.47ms,GD=0.00ms,CPU&GPU=8.86ms,LCnt=1(DR90,LM0),GPU%=0.67,CPU%=0.24(W0.35),DSF=1.00,CFL=17.81/20.79
12-30 14:01:01.006  3128  3380 I VrApi   : FPS=90/90,Prd=42ms,Tear=0,Early=89,Stale=0,VSnc=1,Lat=1,Fov=4,CPU4/GPU=4/4,1478/525MHz,OC=FF,TA=0/0/0,SP=N/N/N,Mem=2092MHz,Free=7698MB,PLS=0,Temp=18.7C/0.0C,TW=0.82ms,App=6.41ms,GD=0.00ms,CPU&GPU=8.96ms,LCnt=1(DR90,LM0),GPU%=0.67,CPU%=0.27(W0.35),DSF=1.00,CFL=17.75/21.22
12-30 14:01:02.006  3128  3380 I VrApi   : FPS=90/90,Prd=42ms,Tear=0,Early=86,Stale=0,VSnc=1,Lat=1,Fov=4,CPU4/GPU=4/4,1478/525MHz,OC=FF,TA=0/0/0,SP=N/N/N,Mem=2092MHz,Free=7698MB,PLS=0,Temp=18.7C/0.0C,TW=0.81ms,App=6.38ms,GD=0.00ms,CPU&GPU=8.63ms,LCnt=1(DR90,LM0),GPU%=0.65,CPU%=0.23(W0.32),DSF=1.00,CFL=17.83/21.57
12-30 14:01:03.010  3128  3380 I VrApi   : FPS=90/90,Prd=42ms,Tear=0,Early=89,Stale=0,VSnc=1,Lat=1,Fov=4,CPU4/GPU=4/4,1478/525MHz,OC=FF,TA=0/0/0,SP=N/N/N,Mem=2092MHz,Free=7698MB,PLS=0,Temp=18.7C/0.0C,TW=0.80ms,App=6.17ms,GD=0.00ms,CPU&GPU=8.57ms,LCnt=1(DR90,LM0),GPU%=0.64,CPU%=0.19(W0.25),DSF=1.00,CFL=17.73/21.66
12-30 14:01:04.006  3128  3380 I VrApi   : FPS=90/90,Prd=42ms,Tear=0,Early=89,Stale=0,VSnc=1,Lat=1,Fov=4,CPU4/GPU=4/4,1478/525MHz,OC=FF,TA=0/0/0,SP=N/N/N,Mem=2092MHz,Free=7698MB,PLS=0,Temp=18.7C/0.0C,TW=0.82ms,App=6.21ms,GD=0.00ms,CPU&GPU=8.81ms,LCnt=1(DR90,LM0),GPU%=0.64,CPU%=0.23(W0.32),DSF=1.00,CFL=17.72/21.40
12-30 14:01:05.006  3128  3380 I VrApi   : FPS=90/90,Prd=42ms,Tear=0,Early=89,Stale=0,VSnc=1,Lat=1,Fov=4,CPU4/GPU=4/4,1478/525MHz,OC=FF,TA=0/0/0,SP=N/N/N,Mem=2092MHz,Free=7698MB,PLS=0,Temp=18.7C/0.0C,TW=0.84ms,App=6.11ms,GD=0.00ms,CPU&GPU=8.79ms,LCnt=1(DR90,LM0),GPU%=0.64,CPU%=0.27(W0.38),DSF=1.00,CFL=17.81/21.62
12-30 14:01:06.006  3128  3380 I VrApi   : FPS=90/90,Prd=42ms,Tear=0,Early=90,Stale=0,VSnc=1,Lat=1,Fov=4,CPU4/GPU=4/4,1478/525MHz,OC=FF,TA=0/0/0,SP=N/N/N,Mem=2092MHz,Free=7698MB,PLS=0,Temp=18.7C/0.0C,TW=0.87ms,App=6.19ms,GD=0.00ms,CPU&GPU=8.86ms,LCnt=1(DR90,LM0),GPU%=0.64,CPU%=0.19(W0.32),DSF=1.00,CFL=17.82/21.19
12-30 14:01:07.007  3128  3380 I VrApi   : FPS=90/90,Prd=42ms,Tear=0,Early=88,Stale=0,VSnc=1,Lat=1,Fov=4,CPU4/GPU=4/4,1478/525MHz,OC=FF,TA=0/0/0,SP=N/N/N,Mem=2092MHz,Free=7698MB,PLS=0,Temp=18.7C/0.0C,TW=0.84ms,App=6.13ms,GD=0.00ms,CPU&GPU=8.64ms,LCnt=1(DR90,LM0),GPU%=0.64,CPU%=0.26(W0.32),DSF=1.00,CFL=17.70/21.34
12-30 14:01:08.006  3128  3380 I VrApi   : FPS=90/90,Prd=42ms,Tear=0,Early=90,Stale=0,VSnc=1,Lat=1,Fov=4,CPU4/GPU=4/4,1478/525MHz,OC=FF,TA=0/0/0,SP=N/N/N,Mem=2092MHz,Free=7698MB,PLS=0,Temp=18.7C/0.0C,TW=0.80ms,App=6.24ms,GD=0.00ms,CPU&GPU=8.69ms,LCnt=1(DR90,LM0),GPU%=0.65,CPU%=0.28(W0.36),DSF=1.00,CFL=17.84/22.18
12-30 14:01:09.006  3128  3380 I VrApi   : FPS=90/90,Prd=42ms,Tear=0,Early=90,Stale=0,VSnc=1,Lat=1,Fov=4,CPU4/GPU=4/4,1478/525MHz,OC=FF,TA=0/0/0,SP=N/N/N,Mem=2092MHz,Free=7698MB,PLS=0,Temp=18.7C/0.0C,TW=0.80ms,App=6.28ms,GD=0.00ms,CPU&GPU=8.90ms,LCnt=1(DR90,LM0),GPU%=0.65,CPU%=0.24(W0.36),DSF=1.00,CFL=17.66/21.28
12-30 14:01:10.006  3128  3380 I VrApi   : FPS=90/90,Prd=42ms,Tear=0,Early=90,Stale=0,VSnc=1,Lat=1,Fov=4,CPU4/GPU=4/4,1478/525MHz,OC=FF,TA=0/0/0,SP=N/N/N,Mem=2092MHz,Free=7698MB,PLS=0,Temp=18.7C/0.0C,TW=0.81ms,App=5.83ms,GD=0.00ms,CPU&GPU=8.67ms,LCnt=1(DR90,LM0),GPU%=0.61,CPU%=0.21(W0.24),DSF=1.00,CFL=17.69/21.72
12-30 14:01:11.006  3128  3380 I VrApi   : FPS=90/90,Prd=42ms,Tear=0,Early=89,Stale=0,VSnc=1,Lat=1,Fov=4,CPU4/GPU=4/4,1478/525MHz,OC=FF,TA=0/0/0,SP=N/N/N,Mem=2092MHz,Free=7698MB,PLS=0,Temp=18.7C/0.0C,TW=0.81ms,App=6.14ms,GD=0.00ms,CPU&GPU=8.53ms,LCnt=1(DR90,LM0),GPU%=0.65,CPU%=0.24(W0.29),DSF=1.00,CFL=17.86/21.42
12-30 14:01:12.007  3128  3380 I VrApi   : FPS=90/90,Prd=42ms,Tear=0,Early=90,Stale=0,VSnc=1,Lat=1,Fov=4,CPU4/GPU=4/4,1478/525MHz,OC=FF,TA=0/0/0,SP=N/N/N,Mem=2092MHz,Free=7698MB,PLS=0,Temp=18.5C/0.0C,TW=0.82ms,App=6.57ms,GD=0.00ms,CPU&GPU=8.66ms,LCnt=1(DR90,LM0),GPU%=0.68,CPU%=0.25(W0.30),DSF=1.00,CFL=17.76/21.41
12-30 14:01:13.007  3128  3380 I VrApi   : FPS=90/90,Prd=42ms,Tear=0,Early=90,Stale=0,VSnc=1,Lat=1,Fov=4,CPU4/GPU=4/4,1478/525MHz,OC=FF,TA=0/0/0,SP=N/N/N,Mem=2092MHz,Free=7698MB,PLS=0,Temp=18.5C/0.0C,TW=0.81ms,App=6.15ms,GD=0.00ms,CPU&GPU=8.94ms,LCnt=1(DR90,LM0),GPU%=0.64,CPU%=0.24(W0.29),DSF=1.00,CFL=17.80/21.21
12-30 14:01:14.007  3128  3380 I VrApi   : FPS=90/90,Prd=42ms,Tear=0,Early=90,Stale=0,VSnc=1,Lat=1,Fov=4,CPU4/GPU=4/4,1478/525MHz,OC=FF,TA=0/0/0,SP=N/N/N,Mem=2092MHz,Free=7698MB,PLS=0,Temp=18.5C/0.0C,TW=0.85ms,App=6.13ms,GD=0.00ms,CPU&GPU=8.89ms,LCnt=1(DR90,LM0),GPU%=0.65,CPU%=0.25(W0.30),DSF=1.00,CFL=17.78/21.39
12-30 14:01:15.007  3128  3380 I VrApi   : FPS=90/90,Prd=42ms,Tear=0,Early=90,Stale=0,VSnc=1,Lat=1,Fov=4,CPU4/GPU=4/4,1478/525MHz,OC=FF,TA=0/0/0,SP=N/N/N,Mem=2092MHz,Free=7698MB,PLS=0,Temp=18.5C/0.0C,TW=0.83ms,App=6.61ms,GD=0.00ms,CPU&GPU=8.95ms,LCnt=1(DR90,LM0),GPU%=0.69,CPU%=0.24(W0.32),DSF=1.00,CFL=17.93/21.80
12-30 14:01:16.007  3128  3380 I VrApi   : FPS=90/90,Prd=42ms,Tear=0,Early=88,Stale=0,VSnc=1,Lat=1,Fov=4,CPU4/GPU=4/4,1478/525MHz,OC=FF,TA=0/0/0,SP=N/N/N,Mem=2092MHz,Free=7698MB,PLS=0,Temp=18.5C/0.0C,TW=0.82ms,App=6.51ms,GD=0.00ms,CPU&GPU=9.00ms,LCnt=1(DR90,LM0),GPU%=0.67,CPU%=0.19(W0.26),DSF=1.00,CFL=17.90/21.50
12-30 14:01:17.007  3128  3380 I VrApi   : FPS=90/90,Prd=42ms,Tear=0,Early=90,Stale=0,VSnc=1,Lat=1,Fov=4,CPU4/GPU=4/4,1478/525MHz,OC=FF,TA=0/0/0,SP=N/N/N,Mem=2092MHz,Free=7698MB,PLS=0,Temp=18.7C/0.0C,TW=0.79ms,App=6.73ms,GD=0.00ms,CPU&GPU=8.73ms,LCnt=1(DR90,LM0),GPU%=0.69,CPU%=0.25(W0.33),DSF=1.00,CFL=17.84/21.92
12-30 14:01:18.007  3128  3380 I VrApi   : FPS=90/90,Prd=42ms,Tear=0,Early=89,Stale=0,VSnc=1,Lat=1,Fov=4,CPU4/GPU=4/4,1478/525MHz,OC=FF,TA=0/0/0,SP=N/N/N,Mem=2092MHz,Free=7698MB,PLS=0,Temp=18.7C/0.0C,TW=0.82ms,App=6.86ms,GD=0.00ms,CPU&GPU=9.16ms,LCnt=1(DR90,LM0),GPU%=0.70,CPU%=0.19(W0.26),DSF=1.00,CFL=17.65/21.33
12-30 14:01:19.007  3128  3380 I VrApi   : FPS=90/90,Prd=42ms,Tear=0,Early=90,Stale=0,VSnc=1,Lat=1,Fov=4,CPU4/GPU=4/4,1478/525MHz,OC=FF,TA=0/0/0,SP=N/N/N,Mem=2092MHz,Free=7698MB,PLS=0,Temp=18.7C/0.0C,TW=0.81ms,App=6.68ms,GD=0.00ms,CPU&GPU=9.14ms,LCnt=1(DR90,LM0),GPU%=0.69,CPU%=0.28(W0.30),DSF=1.00,CFL=17.62/21.46
12-30 14:01:20.019  3128  3380 I VrApi   : FPS=90/90,Prd=42ms,Tear=0,Early=90,Stale=0,VSnc=1,Lat=1,Fov=4,CPU4/GPU=4/4,1478/525MHz,OC=FF,TA=0/0/0,SP=N/N/N,Mem=2092MHz,Free=7697MB,PLS=0,Temp=18.7C/0.0C,TW=0.83ms,App=6.43ms,GD=0.00ms,CPU&GPU=9.09ms,LCnt=1(DR90,LM0),GPU%=0.67,CPU%=0.26(W0.32),DSF=1.00,CFL=17.69/21.27
12-30 14:01:21.008  3128  3380 I VrApi   : FPS=90/90,Prd=42ms,Tear=0,Early=89,Stale=0,VSnc=1,Lat=1,Fov=4,CPU4/GPU=4/4,1478/525MHz,OC=FF,TA=0/0/0,SP=N/N/N,Mem=2092MHz,Free=7697MB,PLS=0,Temp=18.7C/0.0C,TW=0.82ms,App=6.70ms,GD=0.00ms,CPU&GPU=8.85ms,LCnt=1(DR90,LM0),GPU%=0.68,CPU%=0.21(W0.26),DSF=1.00,CFL=17.81/21.32
12-30 14:01:22.007  3128  3380 I VrApi   : FPS=90/90,Prd=42ms,Tear=0,Early=88,Stale=0,VSnc=1,Lat=1,Fov=4,CPU4/GPU=4/4,1478/525MHz,OC=FF,TA=0/0/0,SP=N/N/N,Mem=2092MHz,Free=7697MB,PLS=0,Temp=18.7C/0.0C,TW=0.81ms,App=6.55ms,GD=0.00ms,CPU&GPU=9.21ms,LCnt=1(DR90,LM0),GPU%=0.67,CPU%=0.25(W0.30),DSF=1.00,CFL=17.71/21.12
12-30 14:01:23.007  3128  3380 I VrApi   : FPS=90/90,Prd=42ms,Tear=0,Early=90,Stale=0,VSnc=1,Lat=1,Fov=4,CPU4/GPU=4/4,1478/525MHz,OC=FF,TA=0/0/0,SP=N/N/N,Mem=2092MHz,Free=7697MB,PLS=0,Temp=18.7C/0.0C,TW=0.82ms,App=6.91ms,GD=0.00ms,CPU&GPU=8.94ms,LCnt=1(DR90,LM0),GPU%=0.71,CPU%=0.26(W0.32),DSF=1.00,CFL=17.56/21.24
12-30 14:01:24.007  3128  3380 I VrApi   : FPS=90/90,Prd=42ms,Tear=0,Early=89,Stale=0,VSnc=1,Lat=1,Fov=4,CPU4/GPU=4/4,1478/525MHz,OC=FF,TA=0/0/0,SP=N/N/N,Mem=2092MHz,Free=7697MB,PLS=0,Temp=18.7C/0.0C,TW=0.83ms,App=6.09ms,GD=0.00ms,CPU&GPU=8.71ms,LCnt=1(DR90,LM0),GPU%=0.64,CPU%=0.27(W0.33),DSF=1.00,CFL=17.68/20.97
12-30 14:01:25.007  3128  3380 I VrApi   : FPS=90/90,Prd=42ms,Tear=0,Early=90,Stale=0,VSnc=1,Lat=1,Fov=4,CPU4/GPU=4/4,1478/525MHz,OC=FF,TA=0/0/0,SP=N/N/N,Mem=2092MHz,Free=7697MB,PLS=0,Temp=18.7C/0.0C,TW=0.79ms,App=6.18ms,GD=0.00ms,CPU&GPU=8.75ms,LCnt=1(DR90,LM0),GPU%=0.65,CPU%=0.26(W0.33),DSF=1.00,CFL=17.78/21.29
12-30 14:01:26.008  3128  3380 I VrApi   : FPS=90/90,Prd=42ms,Tear=0,Early=90,Stale=0,VSnc=1,Lat=1,Fov=4,CPU4/GPU=4/4,1478/525MHz,OC=FF,TA=0/0/0,SP=N/N/N,Mem=2092MHz,Free=7697MB,PLS=0,Temp=18.7C/0.0C,TW=0.79ms,App=6.32ms,GD=0.00ms,CPU&GPU=9.21ms,LCnt=1(DR90,LM0),GPU%=0.65,CPU%=0.24(W0.27),DSF=1.00,CFL=17.64/21.66
12-30 14:01:27.008  3128  3380 I VrApi   : FPS=90/90,Prd=42ms,Tear=0,Early=90,Stale=0,VSnc=1,Lat=1,Fov=4,CPU4/GPU=4/4,1478/525MHz,OC=FF,TA=0/0/0,SP=N/N/N,Mem=2092MHz,Free=7697MB,PLS=0,Temp=18.7C/0.0C,TW=0.82ms,App=6.30ms,GD=0.00ms,CPU&GPU=8.96ms,LCnt=1(DR90,LM0),GPU%=0.65,CPU%=0.21(W0.26),DSF=1.00,CFL=17.80/21.17
12-30 14:01:28.008  3128  3380 I VrApi   : FPS=90/90,Prd=42ms,Tear=0,Early=90,Stale=0,VSnc=1,Lat=1,Fov=4,CPU4/GPU=4/4,1478/525MHz,OC=FF,TA=0/0/0,SP=N/N/N,Mem=2092MHz,Free=7697MB,PLS=0,Temp=18.5C/0.0C,TW=0.83ms,App=6.02ms,GD=0.00ms,CPU&GPU=8.74ms,LCnt=1(DR90,LM0),GPU%=0.63,CPU%=0.26(W0.35),DSF=1.00,CFL=17.63/21.19
12-30 14:01:29.008  3128  3380 I VrApi   : FPS=90/90,Prd=42ms,Tear=0,Early=89,Stale=0,VSnc=1,Lat=1,Fov=4,CPU4/GPU=4/4,1478/525MHz,OC=FF,TA=0/0/0,SP=N/N/N,Mem=2092MHz,Free=7697MB,PLS=0,Temp=18.5C/0.0C,TW=0.85ms,App=6.60ms,GD=0.00ms,CPU&GPU=8.92ms,LCnt=1(DR90,LM0),GPU%=0.68,CPU%=0.25(W0.33),DSF=1.00,CFL=17.75/21.05
12-30 14:01:30.008  3128  3380 I VrApi   : FPS=90/90,Prd=42ms,Tear=0,Early=90,Stale=0,VSnc=1,Lat=1,Fov=4,CPU4/GPU=4/4,1478/525MHz,OC=FF,TA=0/0/0,SP=N/N/N,Mem=2092MHz,Free=7697MB,PLS=0,Temp=18.5C/0.0C,TW=0.84ms,App=6.80ms,GD=0.00ms,CPU&GPU=9.14ms,LCnt=1(DR90,LM0),GPU%=0.70,CPU%=0.27(W0.29),DSF=1.00,CFL=17.65/21.46
12-30 14:01:31.008  3128  3380 I VrApi   : FPS=90/90,Prd=42ms,Tear=0,Early=89,Stale=0,VSnc=1,Lat=1,Fov=4,CPU4/GPU=4/4,1478/525MHz,OC=FF,TA=0/0/0,SP=N/N/N,Mem=2092MHz,Free=7697MB,PLS=0,Temp=18.5C/0.0C,TW=0.81ms,App=7.57ms,GD=0.00ms,CPU&GPU=9.73ms,LCnt=1(DR90,LM0),GPU%=0.77,CPU%=0.22(W0.25),DSF=1.00,CFL=17.80/21.65
12-30 14:01:32.008  3128  3380 I VrApi   : FPS=90/90,Prd=42ms,Tear=0,Early=70,Stale=0,VSnc=1,Lat=1,Fov=4,CPU4/GPU=4/4,1478/525MHz,OC=FF,TA=0/0/0,SP=N/N/N,Mem=2092MHz,Free=7697MB,PLS=0,Temp=18.5C/0.0C,TW=0.82ms,App=6.73ms,GD=0.00ms,CPU&GPU=10.23ms,LCnt=1(DR90,LM0),GPU%=0.69,CPU%=0.19(W0.26),DSF=1.00,CFL=17.83/21.19
12-30 14:01:33.008  3128  3380 I VrApi   : FPS=90/90,Prd=42ms,Tear=0,Early=79,Stale=0,VSnc=1,Lat=1,Fov=4,CPU4/GPU=4/4,1478/525MHz,OC=FF,TA=0/0/0,SP=N/N/N,Mem=2092MHz,Free=7697MB,PLS=0,Temp=18.5C/0.0C,TW=0.81ms,App=6.10ms,GD=0.00ms,CPU&GPU=9.02ms,LCnt=1(DR90,LM0),GPU%=0.64,CPU%=0.20(W0.22),DSF=1.00,CFL=17.68/21.27
12-30 14:01:34.008  3128  3380 I VrApi   : FPS=90/90,Prd=42ms,Tear=0,Early=90,Stale=0,VSnc=1,Lat=1,Fov=4,CPU4/GPU=4/4,1478/525MHz,OC=FF,TA=0/0/0,SP=N/N/N,Mem=2092MHz,Free=7697MB,PLS=0,Temp=18.5C/0.0C,TW=0.82ms,App=7.07ms,GD=0.00ms,CPU&GPU=9.50ms,LCnt=1(DR90,LM0),GPU%=0.73,CPU%=0.25(W0.30),DSF=1.00,CFL=17.66/21.02
12-30 14:01:35.008  3128  3380 I VrApi   : FPS=90/90,Prd=42ms,Tear=0,Early=88,Stale=0,VSnc=1,Lat=1,Fov=4,CPU4/GPU=4/4,1478/525MHz,OC=FF,TA=0/0/0,SP=N/N/N,Mem=2092MHz,Free=7697MB,PLS=0,Temp=18.5C/0.0C,TW=0.80ms,App=7.75ms,GD=0.00ms,CPU&GPU=10.08ms,LCnt=1(DR90,LM0),GPU%=0.78,CPU%=0.23(W0.29),DSF=1.00,CFL=17.59/21.42
12-30 14:01:36.009  3128  3380 I VrApi   : FPS=90/90,Prd=42ms,Tear=0,Early=40,Stale=0,VSnc=1,Lat=1,Fov=4,CPU4/GPU=4/4,1478/525MHz,OC=FF,TA=0/0/0,SP=N/N/N,Mem=2092MHz,Free=7697MB,PLS=0,Temp=18.5C/0.0C,TW=0.81ms,App=7.23ms,GD=0.00ms,CPU&GPU=10.27ms,LCnt=1(DR90,LM0),GPU%=0.74,CPU%=0.24(W0.33),DSF=1.00,CFL=17.62/21.77
12-30 14:01:37.008  3128  3380 I VrApi   : FPS=90/90,Prd=42ms,Tear=0,Early=73,Stale=0,VSnc=1,Lat=1,Fov=4,CPU4/GPU=4/4,1478/525MHz,OC=FF,TA=0/0/0,SP=N/N/N,Mem=2092MHz,Free=7697MB,PLS=0,Temp=18.5C/0.0C,TW=0.80ms,App=6.59ms,GD=0.00ms,CPU&GPU=9.61ms,LCnt=1(DR90,LM0),GPU%=0.68,CPU%=0.24(W0.33),DSF=1.00,CFL=17.89/21.24
12-30 14:01:38.008  3128  3380 I VrApi   : FPS=90/90,Prd=42ms,Tear=0,Early=90,Stale=0,VSnc=1,Lat=1,Fov=4,CPU4/GPU=4/4,1478/525MHz,OC=FF,TA=0/0/0,SP=N/N/N,Mem=2092MHz,Free=7697MB,PLS=0,Temp=18.5C/0.0C,TW=0.86ms,App=6.77ms,GD=0.00ms,CPU&GPU=9.46ms,LCnt=1(DR90,LM0),GPU%=0.70,CPU%=0.18(W0.21),DSF=1.00,CFL=17.69/21.34
12-30 14:01:39.009  3128  3380 I VrApi   : FPS=90/90,Prd=42ms,Tear=0,Early=89,Stale=0,VSnc=1,Lat=1,Fov=4,CPU4/GPU=4/4,1478/525MHz,OC=FF,TA=0/0/0,SP=N/N/N,Mem=2092MHz,Free=7697MB,PLS=0,Temp=18.5C/0.0C,TW=0.83ms,App=6.68ms,GD=0.00ms,CPU&GPU=9.71ms,LCnt=1(DR90,LM0),GPU%=0.69,CPU%=0.21(W0.29),DSF=1.00,CFL=17.71/21.19
12-30 14:01:40.020  3128  3380 I VrApi   : FPS=90/90,Prd=42ms,Tear=0,Early=90,Stale=0,VSnc=1,Lat=1,Fov=4,CPU4/GPU=4/4,1478/525MHz,OC=FF,TA=0/0/0,SP=N/N/N,Mem=2092MHz,Free=7676MB,PLS=0,Temp=18.5C/0.0C,TW=0.77ms,App=7.50ms,GD=0.00ms,CPU&GPU=10.00ms,LCnt=1(DR90,LM0),GPU%=0.76,CPU%=0.23(W0.25),DSF=1.00,CFL=17.67/22.18
12-30 14:01:41.009  3128  3380 I VrApi   : FPS=90/90,Prd=42ms,Tear=0,Early=72,Stale=0,VSnc=1,Lat=1,Fov=4,CPU4/GPU=4/4,1478/525MHz,OC=FF,TA=0/0/0,SP=N/N/N,Mem=2092MHz,Free=7676MB,PLS=0,Temp=18.5C/0.0C,TW=0.80ms,App=6.39ms,GD=0.00ms,CPU&GPU=9.45ms,LCnt=1(DR90,LM0),GPU%=0.66,CPU%=0.20(W0.25),DSF=1.00,CFL=17.68/21.44
12-30 14:01:42.008  3128  3380 I VrApi   : FPS=90/90,Prd=42ms,Tear=0,Early=87,Stale=0,VSnc=1,Lat=1,Fov=4,CPU4/GPU=4/4,1478/525MHz,OC=FF,TA=0/0/0,SP=N/N/N,Mem=2092MHz,Free=7676MB,PLS=0,Temp=18.5C/0.0C,TW=0.83ms,App=6.32ms,GD=0.00ms,CPU&GPU=9.21ms,LCnt=1(DR90,LM0),GPU%=0.66,CPU%=0.24(W0.29),DSF=1.00,CFL=17.54/21.19
