--------- beginning of system
--------- beginning of tracking
--------- beginning of main
12-30 20:01:23.006  1977  6354 I VrApi   : FPS=79/90,Prd=25ms,Tear=0,Early=5,Stale=9,VSnc=0,Lat=-1,Fov=0,CPU4/GPU=2/3,2419/490MHz,OC=FF,TA=0/70/0,SP=N/F/N,Mem=2092MHz,Free=8440MB,PLS=0,Temp=20.2C/0.0C,TW=2.00ms,App=4.88ms,GD=0.31ms,CPU&GPU=7.98ms,LCnt=3(DR71,LM2),GPU%=0.72,CPU%=0.18(W0.20),DSF=1.00,CFL=16.80/21.76
12-30 20:01:23.154 28648 28674 I VrApi   : ------------ vrapi_DestroySystemVulkan -----------
12-30 20:01:23.157 28648 28674 I VrApi   : ------------ vrapi_Shutdown [start] -----------
12-30 20:01:23.157 28648 28674 W VrApi   : IsOvrValid: ovr == nullptr. Package: com.oculus.xrstreamingclient
12-30 20:01:23.169 28648 28674 I VrApi   : ------------ vrapi_Shutdown [end] -----------
12-30 20:01:24.001  1977  6354 I VrApi   : FPS=91/90,Prd=36ms,Tear=0,Early=85,Stale=0,VSnc=0,Lat=-1,Fov=0,CPU4/GPU=2/3,2419/490MHz,OC=FF,TA=0/70/0,SP=N/F/N,Mem=2092MHz,Free=8440MB,PLS=0,Temp=20.2C/0.0C,TW=1.99ms,App=4.79ms,GD=0.00ms,CPU&GPU=8.37ms,LCnt=3(DR0,LM2),GPU%=0.63,CPU%=0.15(W0.20),DSF=1.00,CFL=16.73/20.56
12-30 20:01:25.002  1977  6354 I VrApi   : FPS=90/90,Prd=31ms,Tear=0,Early=0,Stale=0,VSnc=0,Lat=-1,Fov=0,CPU4/GPU=2/3,2419/490MHz,OC=FF,TA=0/70/0,SP=N/F/N,Mem=2092MHz,Free=8440MB,PLS=0,Temp=20.2C/0.0C,TW=2.11ms,App=2.57ms,GD=0.00ms,CPU&GPU=7.39ms,LCnt=3(DR0,LM0),GPU%=0.69,CPU%=0.15(W0.17),DSF=1.00,CFL=16.84/20.70
12-30 20:01:26.002  1977  6354 I VrApi   : FPS=90/90,Prd=30ms,Tear=0,Early=0,Stale=0,VSnc=0,Lat=-1,Fov=0,CPU4/GPU=2/3,2419/490MHz,OC=FF,TA=0/70/0,SP=N/F/N,Mem=2092MHz,Free=8440MB,PLS=0,Temp=20.0C/0.0C,TW=1.75ms,App=4.38ms,GD=0.00ms,CPU&GPU=7.64ms,LCnt=3(DR0,LM0),GPU%=0.52,CPU%=0.12(W0.20),DSF=1.00,CFL=16.86/20.84
12-30 20:01:27.002  1977  6354 I VrApi   : FPS=90/90,Prd=28ms,Tear=0,Early=0,Stale=0,VSnc=0,Lat=-1,Fov=0,CPU4/GPU=2/3,1171/490MHz,OC=FF,TA=0/70/0,SP=N/F/N,Mem=2092MHz,Free=8440MB,PLS=0,Temp=20.0C/0.0C,TW=1.76ms,App=2.64ms,GD=0.00ms,CPU&GPU=7.20ms,LCnt=2(DR29,LM0),GPU%=0.37,CPU%=0.15(W0.25),DSF=1.00,CFL=16.84/20.64
12-30 20:01:28.002  1977  6354 I VrApi   : FPS=90/90,Prd=26ms,Tear=0,Early=0,Stale=0,VSnc=0,Lat=-1,Fov=0,CPU4/GPU=2/3,1171/490MHz,OC=FF,TA=0/70/0,SP=N/F/N,Mem=2092MHz,Free=8440MB,PLS=0,Temp=20.0C/0.0C,TW=1.76ms,App=2.12ms,GD=0.00ms,CPU&GPU=3.76ms,LCnt=2(DR0,LM0),GPU%=0.39,CPU%=0.12(W0.20),DSF=1.00,CFL=16.82/20.44
12-30 20:01:29.002  1977  6354 I VrApi   : FPS=90/90,Prd=24ms,Tear=0,Early=0,Stale=0,VSnc=0,Lat=-1,Fov=0,CPU4/GPU=2/3,1171/490MHz,OC=FF,TA=0/70/0,SP=N/F/N,Mem=2092MHz,Free=8440MB,PLS=0,Temp=20.0C/0.0C,TW=1.75ms,App=2.20ms,GD=0.00ms,CPU&GPU=3.90ms,LCnt=2(DR0,LM0),GPU%=0.39,CPU%=0.08(W0.20),DSF=1.00,CFL=16.89/21.05
12-30 20:01:30.002  1977  6354 I VrApi   : FPS=90/90,Prd=24ms,Tear=0,Early=0,Stale=0,VSnc=0,Lat=-1,Fov=0,CPU4/GPU=2/3,1171/490MHz,OC=FF,TA=0/70/0,SP=N/F/N,Mem=2092MHz,Free=8440MB,PLS=0,Temp=20.0C/0.0C,TW=2.24ms,App=2.44ms,GD=0.00ms,CPU&GPU=4.17ms,LCnt=3(DR0,LM2),GPU%=0.59,CPU%=0.24(W0.30),DSF=1.00,CFL=16.76/21.19
12-30 20:01:31.003  1977  6354 I VrApi   : FPS=90/90,Prd=24ms,Tear=0,Early=0,Stale=0,VSnc=0,Lat=-1,Fov=0,CPU4/GPU=2/3,1171/490MHz,OC=FF,TA=0/70/0,SP=N/F/N,Mem=2092MHz,Free=8440MB,PLS=0,Temp=20.0C/0.0C,TW=2.24ms,App=1.36ms,GD=0.00ms,CPU&GPU=3.34ms,LCnt=3(DR0,LM2),GPU%=0.46,CPU%=0.07(W0.15),DSF=1.00,CFL=16.83/20.61
12-30 20:01:32.002  1977  6354 I VrApi   : FPS=90/90,Prd=21ms,Tear=0,Early=0,Stale=0,VSnc=0,Lat=-1,Fov=0,CPU4/GPU=2/3,1171/490MHz,OC=FF,TA=0/70/0,SP=N/F/N,Mem=2092MHz,Free=8440MB,PLS=0,Temp=20.0C/0.0C,TW=2.24ms,App=1.01ms,GD=0.00ms,CPU&GPU=1.79ms,LCnt=3(DR0,LM2),GPU%=0.45,CPU%=0.08(W0.19),DSF=1.00,CFL=16.82/20.27
12-30 20:01:33.002  1977  6354 I VrApi   : FPS=90/90,Prd=21ms,Tear=0,Early=0,Stale=0,VSnc=0,Lat=-1,Fov=0,CPU4/GPU=2/3,1171/490MHz,OC=FF,TA=0/70/0,SP=N/F/N,Mem=2092MHz,Free=8440MB,PLS=0,Temp=20.0C/0.0C,TW=2.24ms,App=1.01ms,GD=0.00ms,CPU&GPU=1.78ms,LCnt=3(DR0,LM2),GPU%=0.45,CPU%=0.09(W0.15),DSF=1.00,CFL=16.72/20.33
12-30 20:01:34.003  1977  6354 I VrApi   : FPS=90/90,Prd=21ms,Tear=0,Early=0,Stale=0,VSnc=0,Lat=-1,Fov=0,CPU4/GPU=2/3,1171/490MHz,OC=FF,TA=0/70/0,SP=N/F/N,Mem=2092MHz,Free=8440MB,PLS=0,Temp=20.0C/0.0C,TW=2.24ms,App=1.02ms,GD=0.00ms,CPU&GPU=1.77ms,LCnt=3(DR0,LM2),GPU%=0.45,CPU%=0.12(W0.20),DSF=1.00,CFL=16.78/21.02
12-30 20:01:35.002  1977  6354 I VrApi   : FPS=90/90,Prd=21ms,Tear=0,Early=0,Stale=0,VSnc=0,Lat=-1,Fov=0,CPU4/GPU=2/3,1171/490MHz,OC=FF,TA=0/70/0,SP=N/F/N,Mem=2092MHz,Free=8440MB,PLS=0,Temp=20.0C/0.0C,TW=2.24ms,App=1.01ms,GD=0.00ms,CPU&GPU=1.77ms,LCnt=3(DR0,LM2),GPU%=0.44,CPU%=0.10(W0.15),DSF=1.00,CFL=16.87/20.90
12-30 20:01:36.002  1977  6354 I VrApi   : FPS=90/90,Prd=21ms,Tear=0,Early=0,Stale=0,VSnc=0,Lat=-1,Fov=0,CPU4/GPU=2/3,1171/490MHz,OC=FF,TA=0/70/0,SP=N/F/N,Mem=1555MHz,Free=8440MB,PLS=0,Temp=20.0C/0.0C,TW=2.25ms,App=1.10ms,GD=0.00ms,CPU&GPU=3.08ms,LCnt=3(DR0,LM2),GPU%=0.45,CPU%=0.12(W0.20),DSF=1.00,CFL=16.90/20.48
12-30 20:01:37.003  1977  6354 I VrApi   : FPS=90/90,Prd=22ms,Tear=0,Early=0,Stale=0,VSnc=0,Lat=-1,Fov=0,CPU4/GPU=2/3,1171/490MHz,OC=FF,TA=0/70/0,SP=N/F/N,Mem=1804MHz,Free=8440MB,PLS=0,Temp=20.0C/0.0C,TW=2.24ms,App=1.09ms,GD=0.00ms,CPU&GPU=3.31ms,LCnt=3(DR0,LM2),GPU%=0.45,CPU%=0.10(W0.15),DSF=1.00,CFL=16.72/20.86
12-30 20:01:38.003  1977  6354 I VrApi   : FPS=90/90,Prd=22ms,Tear=0,Early=0,Stale=0,VSnc=0,Lat=-1,Fov=0,CPU4/GPU=2/3,1171/490MHz,OC=FF,TA=0/70/0,SP=N/F/N,Mem=1804MHz,Free=8440MB,PLS=0,Temp=20.0C/0.0C,TW=2.24ms,App=1.09ms,GD=0.00ms,CPU&GPU=3.40ms,LCnt=3(DR0,LM2),GPU%=0.45,CPU%=0.13(W0.19),DSF=1.00,CFL=16.73/20.67
12-30 20:01:39.003  1977  6354 I VrApi   : FPS=90/90,Prd=22ms,Tear=0,Early=0,Stale=0,VSnc=0,Lat=-1,Fov=0,CPU4/GPU=2/3,1171/490MHz,OC=FF,TA=0/70/0,SP=N/F/N,Mem=1804MHz,Free=8440MB,PLS=0,Temp=20.0C/0.0C,TW=2.24ms,App=1.09ms,GD=0.00ms,CPU&GPU=3.30ms,LCnt=3(DR0,LM2),GPU%=0.45,CPU%=0.13(W0.19),DSF=1.00,CFL=16.78/20.18
12-30 20:01:40.003  1977  6354 I VrApi   : FPS=90/90,Prd=22ms,Tear=0,Early=0,Stale=0,VSnc=0,Lat=-1,Fov=0,CPU4/GPU=2/3,1171/490MHz,OC=FF,TA=0/70/0,SP=N/F/N,Mem=1804MHz,Free=8440MB,PLS=0,Temp=20.0C/0.0C,TW=2.24ms,App=1.10ms,GD=0.00ms,CPU&GPU=3.35ms,LCnt=3(DR0,LM2),GPU%=0.45,CPU%=0.05(W0.15),DSF=1.00,CFL=16.87/20.80
12-30 20:01:40.880  1977  2089 D VrApi   : targetSDKVersion 29
12-30 20:01:40.906  1977  6354 I VrApi   : FPS=90/90,Prd=22ms,Tear=0,Early=0,Stale=0,VSnc=0,Lat=-1,Fov=0,CPU4/GPU=2/3,1171/490MHz,OC=FF,TA=0/F/0,SP=N/F/N,Mem=1804MHz,Free=8440MB,PLS=0,Temp=20.0C/0.0C,TW=2.25ms,App=1.09ms,GD=0.00ms,CPU&GPU=3.34ms,LCnt=3(DR0,LM2),GPU%=0.45,CPU%=0.06(W0.19),DSF=1.00,CFL=16.83/20.55
12-30 20:01:40.912  1977  2089 I VrApi   : OVR::Stats thread stopped
12-30 20:01:40.986  3230  3278 D VrApi   : targetSDKVersion 29
12-30 20:01:41.012  3230  3278 I VrApi   : OVR::Stats thread stopped
12-30 20:05:29.408  3230  3278 D VrApi   : targetSDKVersion 29
12-30 20:05:29.412  1977  2089 D VrApi   : targetSDKVersion 29
12-30 20:05:29.848  3230  3278 I VrApi   : OVR::Stats thread started
12-30 20:05:29.850  3230  7350 D VrApi   : targetSDKVersion 29
12-30 20:05:29.864  1977  2089 I VrApi   : OVR::Stats thread started
12-30 20:05:29.871  1977  7355 D VrApi   : targetSDKVersion 29
12-30 20:05:31.007  1977  7355 I VrApi   : FPS=65/90,Prd=22ms,Tear=0,Early=0,Stale=1,VSnc=0,Lat=-1,Fov=0,CPU4/GPU=2/3,2419/490MHz,OC=FF,TA=0/70/0,SP=N/F/N,Mem=2092MHz,Free=8834MB,PLS=0,Temp=19.7C/0.0C,TW=1.90ms,App=4.23ms,GD=0.00ms,CPU&GPU=0.00ms,LCnt=0(DR0,LM0),GPU%=0.59,CPU%=0.17(W0.30),DSF=1.00,CFL=-1000.00/-1000.00
12-30 20:05:32.002  1977  7355 I VrApi   : FPS=84/90,Prd=26ms,Tear=1,Early=0,Stale=10,VSnc=0,Lat=-1,Fov=0,CPU4/GPU=2/3,2419/490MHz,OC=FF,TA=0/70/0,SP=N/F/N,Mem=2092MHz,Free=8834MB,PLS=0,Temp=19.7C/0.0C,TW=2.64ms,App=4.86ms,GD=0.00ms,CPU&GPU=7.83ms,LCnt=4(DR0,LM2),GPU%=0.84,CPU%=0.16(W0.16),DSF=1.00,CFL=16.97/33.71
12-30 20:05:33.003  1977  7355 I VrApi   : FPS=91/90,Prd=37ms,Tear=0,Early=82,Stale=0,VSnc=0,Lat=-1,Fov=0,CPU4/GPU=2/3,2419/490MHz,OC=FF,TA=0/70/0,SP=N/F/N,Mem=2092MHz,Free=8834MB,PLS=0,Temp=19.7C/0.0C,TW=2.90ms,App=4.47ms,GD=0.27ms,CPU&GPU=9.72ms,LCnt=5(DR0,LM4),GPU%=0.85,CPU%=0.18(W0.21),DSF=1.00,CFL=17.28/20.40
12-30 20:05:34.003  1977  7355 I VrApi   : FPS=89/90,Prd=31ms,Tear=0,Early=9,Stale=1,VSnc=0,Lat=-1,Fov=0,CPU4/GPU=2/3,2419/490MHz,OC=FF,TA=0/70/0,SP=N/F/N,Mem=2092MHz,Free=8834MB,PLS=0,Temp=19.7C/0.0C,TW=2.39ms,App=5.00ms,GD=0.39ms,CPU&GPU=8.03ms,LCnt=4(DR0,LM3),GPU%=0.86,CPU%=0.17(W0.24),DSF=1.00,CFL=17.21/21.00
12-30 20:05:35.010  1977  7355 I VrApi   : FPS=90/90,Prd=31ms,Tear=0,Early=0,Stale=0,VSnc=0,Lat=-1,Fov=0,CPU4/GPU=2/4,1171/525MHz,OC=FF,TA=0/70/0,SP=N/F/N,Mem=1555MHz,Free=8834MB,PLS=0,Temp=19.7C/0.0C,TW=2.22ms,App=4.94ms,GD=0.33ms,CPU&GPU=9.01ms,LCnt=4(DR0,LM3),GPU%=0.62,CPU%=0.22(W0.26),DSF=1.00,CFL=17.28/20.78
12-30 20:05:36.003  1977  7355 I VrApi   : FPS=81/90,Prd=30ms,Tear=0,Early=0,Stale=9,VSnc=0,Lat=-1,Fov=0,CPU4/GPU=2/4,1171/525MHz,OC=FF,TA=0/70/0,SP=N/F/N,Mem=2092MHz,Free=8834MB,PLS=0,Temp=20.5C/0.0C,TW=1.87ms,App=4.66ms,GD=0.31ms,CPU&GPU=8.23ms,LCnt=4(DR0,LM3),GPU%=0.64,CPU%=0.18(W0.29),DSF=1.00,CFL=17.45/21.30
12-30 20:05:37.002  1977  7355 I VrApi   : FPS=76/90,Prd=35ms,Tear=0,Early=55,Stale=15,VSnc=0,Lat=-1,Fov=0,CPU4/GPU=2/4,1171/525MHz,OC=FF,TA=0/70/0,SP=N/F/N,Mem=2092MHz,Free=8834MB,PLS=0,Temp=20.5C/0.0C,TW=1.85ms,App=4.20ms,GD=0.36ms,CPU&GPU=7.33ms,LCnt=3(DR0,LM2),GPU%=0.61,CPU%=0.18(W0.26),DSF=1.00,CFL=17.21/21.22
12-30 20:05:38.003  1977  7355 I VrApi   : FPS=90/90,Prd=35ms,Tear=0,Early=89,Stale=0,VSnc=0,Lat=-1,Fov=0,CPU4/GPU=2/4,1171/525MHz,OC=FF,TA=0/70/0,SP=N/F/N,Mem=2092MHz,Free=8834MB,PLS=0,Temp=20.5C/0.0C,TW=1.87ms,App=4.39ms,GD=0.22ms,CPU&GPU=5.67ms,LCnt=3(DR0,LM2),GPU%=0.61,CPU%=0.22(W0.29),DSF=1.00,CFL=17.40/20.97
12-30 20:05:39.002  1977  7355 I VrApi   : FPS=90/90,Prd=31ms,Tear=0,Early=31,Stale=0,VSnc=0,Lat=-1,Fov=0,CPU4/GPU=2/4,1171/525MHz,OC=FF,TA=0/70/0,SP=N/F/N,Mem=2092MHz,Free=8834MB,PLS=0,Temp=20.5C/0.0C,TW=1.73ms,App=4.40ms,GD=0.22ms,CPU&GPU=7.16ms,LCnt=3(DR0,LM2),GPU%=0.60,CPU%=0.20(W0.30),DSF=1.00,CFL=17.24/21.00
12-30 20:05:40.004  1977  7355 I VrApi   : FPS=90/90,Prd=30ms,Tear=0,Early=0,Stale=0,VSnc=0,Lat=-1,Fov=0,CPU4/GPU=2/3,1171/490MHz,OC=FF,TA=0/70/0,SP=N/F/N,Mem=2092MHz,Free=8834MB,PLS=0,Temp=20.5C/0.0C,TW=0.84ms,App=4.97ms,GD=0.00ms,CPU&GPU=6.92ms,LCnt=2(DR21,LM2),GPU%=0.54,CPU%=0.23(W0.32),DSF=1.00,CFL=17.29/20.81
12-30 20:05:41.004  1977  7355 I VrApi   : FPS=90/90,Prd=29ms,Tear=0,Early=0,Stale=0,VSnc=0,Lat=-1,Fov=0,CPU4/GPU=2/3,1171/490MHz,OC=FF,TA=0/70/0,SP=N/F/N,Mem=2092MHz,Free=8834MB,PLS=0,Temp=20.5C/0.0C,TW=0.83ms,App=5.20ms,GD=0.00ms,CPU&GPU=7.41ms,LCnt=1(DR90,LM0),GPU%=0.57,CPU%=0.21(W0.30),DSF=1.00,CFL=17.32/21.53
12-30 20:05:42.004  1977  7355 I VrApi   : FPS=90/90,Prd=29ms,Tear=0,Early=0,Stale=0,VSnc=0,Lat=-1,Fov=0,CPU4/GPU=2/3,1171/490MHz,OC=FF,TA=0/70/0,SP=N/F/N,Mem=2092MHz,Free=8834MB,PLS=0,Temp=20.5C/0.0C,TW=0.84ms,App=5.22ms,GD=0.00ms,CPU&GPU=7.44ms,LCnt=1(DR90,LM0),GPU%=0.57,CPU%=0.19(W0.25),DSF=1.00,CFL=17.19/20.90
12-30 20:05:43.004  1977  7355 I VrApi   : FPS=89/90,Prd=28ms,Tear=0,Early=0,Stale=1,VSnc=0,Lat=-1,Fov=0,CPU4/GPU=2/3,1171/490MHz,OC=FF,TA=0/70/0,SP=N/F/N,Mem=2092MHz,Free=8834MB,PLS=0,Temp=20.5C/0.0C,TW=0.81ms,App=5.43ms,GD=0.00ms,CPU&GPU=7.56ms,LCnt=1(DR90,LM0),GPU%=0.58,CPU%=0.18(W0.26),DSF=1.00,CFL=17.31/21.20
12-30 20:05:44.003  1977  7355 I VrApi   : FPS=90/90,Prd=28ms,Tear=0,Early=0,Stale=0,VSnc=0,Lat=-1,Fov=0,CPU4/GPU=2/3,1171/490MHz,OC=FF,TA=0/70/0,SP=N/F/N,Mem=2092MHz,Free=8834MB,PLS=0,Temp=20.5C/0.0C,TW=1.66ms,App=5.20ms,GD=0.00ms,CPU&GPU=7.58ms,LCnt=1(DR90,LM0),GPU%=0.64,CPU%=0.22(W0.30),DSF=1.00,CFL=17.21/21.48
12-30 20:05:45.008  1977  7355 I VrApi   : FPS=89/90,Prd=28ms,Tear=0,Early=0,Stale=1,VSnc=0,Lat=-1,Fov=0,CPU4/GPU=2/3,1171/490MHz,OC=FF,TA=0/70/0,SP=N/F/N,Mem=2092MHz,Free=8834MB,PLS=0,Temp=20.5C/0.0C,TW=2.07ms,App=4.71ms,GD=0.31ms,CPU&GPU=8.68ms,LCnt=3(DR59,LM2),GPU%=0.72,CPU%=0.45(W0.48),DSF=1.00,CFL=17.37/21.00
12-30 20:05:46.004  1977  7355 I VrApi   : FPS=88/90,Prd=29ms,Tear=0,Early=0,Stale=2,VSnc=0,Lat=-1,Fov=0,CPU4/GPU=2/3,1171/490MHz,OC=FF,TA=0/70/0,SP=N/F/N,Mem=2092MHz,Free=8834MB,PLS=0,Temp=20.0C/0.0C,TW=2.12ms,App=5.34ms,GD=0.29ms,CPU&GPU=9.41ms,LCnt=4(DR0,LM2),GPU%=0.72,CPU%=0.22(W0.26),DSF=1.00,CFL=17.43/21.54
12-30 20:05:47.004  1977  7355 I VrApi   : FPS=90/90,Prd=29ms,Tear=0,Early=0,Stale=0,VSnc=0,Lat=-1,Fov=0,CPU4/GPU=2/3,1171/490MHz,OC=FF,TA=0/70/0,SP=N/F/N,Mem=2092MHz,Free=8834MB,PLS=0,Temp=20.0C/0.0C,TW=2.10ms,App=5.38ms,GD=0.00ms,CPU&GPU=8.93ms,LCnt=3(DR0,LM0),GPU%=0.69,CPU%=0.32(W0.36),DSF=1.00,CFL=17.22/20.67
12-30 20:05:48.003  1977  7355 I VrApi   : FPS=90/90,Prd=28ms,Tear=0,Early=0,Stale=0,VSnc=0,Lat=-1,Fov=0,CPU4/GPU=2/3,2419/490MHz,OC=FF,TA=0/70/0,SP=N/F/N,Mem=2092MHz,Free=8834MB,PLS=0,Temp=20.0C/0.0C,TW=2.07ms,App=5.41ms,GD=0.00ms,CPU&GPU=8.95ms,LCnt=3(DR0,LM0),GPU%=0.70,CPU%=0.21(W0.26),DSF=1.00,CFL=17.21/21.22
12-30 20:05:49.004  1977  7355 I VrApi   : FPS=84/90,Prd=28ms,Tear=0,Early=0,Stale=5,VSnc=0,Lat=-1,Fov=0,CPU4/GPU=2/3,2419/490MHz,OC=FF,TA=0/70/0,SP=N/F/N,Mem=2092MHz,Free=8834MB,PLS=0,Temp=20.0C/0.0C,TW=2.61ms,App=5.15ms,GD=0.00ms,CPU&GPU=9.31ms,LCnt=4(DR0,LM0),GPU%=0.72,CPU%=0.15(W0.20),DSF=1.00,CFL=17.39/20.88
12-30 20:05:50.006  1977  7355 I VrApi   : FPS=90/90,Prd=31ms,Tear=0,Early=42,Stale=2,VSnc=0,Lat=-1,Fov=0,CPU4/GPU=2/3,2419/490MHz,OC=FF,TA=0/70/0,SP=N/F/N,Mem=2092MHz,Free=8834MB,PLS=0,Temp=20.0C/0.0C,TW=2.61ms,App=4.25ms,GD=0.00ms,CPU&GPU=6.52ms,LCnt=5(DR0,LM0),GPU%=0.77,CPU%=0.29(W0.35),DSF=1.00,CFL=17.29/20.64
12-30 20:05:51.009  1977  7355 I VrApi   : FPS=90/90,Prd=32ms,Tear=0,Early=22,Stale=0,VSnc=0,Lat=-1,Fov=0,CPU4/GPU=2/3,2419/490MHz,OC=FF,TA=0/70/0,SP=N/F/N,Mem=2092MHz,Free=8906MB,PLS=0,Temp=20.0C/0.0C,TW=2.47ms,App=4.53ms,GD=0.00ms,CPU&GPU=8.43ms,LCnt=5(DR0,LM0),GPU%=0.73,CPU%=0.18(W0.27),DSF=1.00,CFL=17.22/20.91
12-30 20:05:52.004  1977  7355 I VrApi   : FPS=90/90,Prd=31ms,Tear=0,Early=0,Stale=0,VSnc=0,Lat=-1,Fov=0,CPU4/GPU=2/3,2419/490MHz,OC=FF,TA=0/70/0,SP=N/F/N,Mem=2092MHz,Free=8906MB,PLS=0,Temp=20.0C/0.0C,TW=2.47ms,App=4.60ms,GD=0.00ms,CPU&GPU=8.81ms,LCnt=4(DR0,LM0),GPU%=0.74,CPU%=0.22(W0.25),DSF=1.00,CFL=17.12/20.48
12-30 20:05:53.005  1977  7355 I VrApi   : FPS=90/90,Prd=31ms,Tear=0,Early=0,Stale=0,VSnc=0,Lat=-1,Fov=0,CPU4/GPU=2/3,2419/490MHz,OC=FF,TA=0/70/0,SP=N/F/N,Mem=2092MHz,Free=8906MB,PLS=0,Temp=20.0C/0.0C,TW=2.54ms,App=4.76ms,GD=0.00ms,CPU&GPU=8.90ms,LCnt=4(DR0,LM0),GPU%=0.74,CPU%=0.37(W0.43),DSF=1.00,CFL=17.14/20.75
12-30 20:05:54.004  1977  7355 I VrApi   : FPS=89/90,Prd=30ms,Tear=0,Early=0,Stale=1,VSnc=0,Lat=-1,Fov=0,CPU4/GPU=2/3,2419/490MHz,OC=FF,TA=0/70/0,SP=N/F/N,Mem=2092MHz,Free=8906MB,PLS=0,Temp=20.0C/0.0C,TW=2.06ms,App=5.16ms,GD=0.00ms,CPU&GPU=8.54ms,LCnt=2(DR0,LM0),GPU%=0.67,CPU%=0.17(W0.20),DSF=1.00,CFL=17.25/21.15
12-30 20:05:54.342  1977  2089 D VrApi   : targetSDKVersion 29
12-30 20:05:54.371  1977  7355 I VrApi   : FPS=89/90,Prd=30ms,Tear=0,Early=0,Stale=1,VSnc=0,Lat=-1,Fov=0,CPU4/GPU=2/3,2419/490MHz,OC=FF,TA=0/F/0,SP=N/F/N,Mem=2092MHz,Free=8906MB,PLS=0,Temp=20.0C/0.0C,TW=2.06ms,App=5.16ms,GD=0.00ms,CPU&GPU=8.54ms,LCnt=2(DR0,LM0),GPU%=0.67,CPU%=0.17(W0.20),DSF=1.00,CFL=17.25/21.15
12-30 20:05:54.379  1977  2089 I VrApi   : OVR::Stats thread stopped
12-30 20:05:54.515  8104  8130 I VrApi   : ----------- vrapi_Initialize [start] ----------
12-30 20:05:54.530  8104  8130 I VrApi   : Client type: 0 flags: 0x0 placement: 0
12-30 20:05:54.848  8104  8130 I VrApi   : vrapi_Initialize: Connected to VrRuntimeService after 0.317524s
12-30 20:05:54.883  3230  3278 D VrApi   : targetSDKVersion 29
12-30 20:05:54.916  3230  3278 I VrApi   : OVR::Stats thread stopped
12-30 20:05:54.922  8104  8130 I VrApi   : SkipPushFinalBlack=1
12-30 20:05:54.923  8104  8130 D VrApi   : isActivityFocusAware context = com.oculus.xrstreamingclient.MainActivity@c01680d
12-30 20:05:54.923  8104  8130 D VrApi   : isSystemApp = true for com.oculus.xrstreamingclient
12-30 20:05:54.923  8104  8130 I VrApi   : isActivityFocusAware = 0
12-30 20:05:54.923  8104  8130 I VrApi   : Client-driven display vsync: enabled
12-30 20:05:54.961  8104  8130 I VrApi   : ----------- vrapi_Initialize [end] ----------
12-30 20:05:54.978  8104  8130 I VrApi   : ------------ vrapi_CreateSystemVulkan -----------
12-30 20:05:55.004  2600  2600 I VrApi   : ----------- vrapi_Initialize [start] ----------
12-30 20:05:55.007  2600  2600 I VrApi   : Client type: 0 flags: 0x0 placement: 0
12-30 20:05:55.223  8104  8130 I VrApi   : ------------ vrapi_DestroySystemVulkan -----------
12-30 20:05:55.224  8104  8130 I VrApi   : ------------ vrapi_Shutdown [start] -----------
12-30 20:05:55.224  8104  8130 W VrApi   : IsOvrValid: ovr == nullptr. Package: com.oculus.xrstreamingclient
12-30 20:05:55.232  8104  8130 I VrApi   : ------------ vrapi_Shutdown [end] -----------
12-30 20:05:55.335  2600  2600 I VrApi   : vrapi_Initialize: Connected to VrRuntimeService after 0.327943s
12-30 20:05:55.381  2600  2600 I VrApi   : SkipPushFinalBlack=1
12-30 20:05:55.381  2600  2600 D VrApi   : isActivityFocusAware context = com.oculus.os.DialogContext@d2cae18
12-30 20:05:55.381  2600  2600 D VrApi   : isSystemApp = true for com.android.permissioncontroller
12-30 20:05:55.381  2600  2600 I VrApi   : isActivityFocusAware = 0
12-30 20:05:55.397  2600  2600 I VrApi   : ----------- vrapi_Initialize [end] ----------
12-30 20:05:55.459  3230  3278 D VrApi   : targetSDKVersion 29
12-30 20:05:55.462  2600  2600 I VrApi   : ------------ vrapi_Shutdown [start] -----------
12-30 20:05:55.462  2600  2600 W VrApi   : IsOvrValid: ovr == nullptr. Package: com.android.permissioncontroller
12-30 20:05:55.470  1977  2089 D VrApi   : targetSDKVersion 29
12-30 20:05:55.476  3230  3278 I VrApi   : OVR::Stats thread started
12-30 20:05:55.480  3230  8204 D VrApi   : targetSDKVersion 29
12-30 20:05:55.494  1977  2089 I VrApi   : OVR::Stats thread started
12-30 20:05:55.496  1977  8208 D VrApi   : targetSDKVersion 29
12-30 20:05:55.519  2600  2600 I VrApi   : ------------ vrapi_Shutdown [end] -----------
12-30 20:05:57.009  1977  8208 I VrApi   : FPS=91/90,Prd=28ms,Tear=0,Early=0,Stale=5,VSnc=0,Lat=-1,Fov=0,CPU4/GPU=2/3,2419/490MHz,OC=FF,TA=0/70/0,SP=N/F/N,Mem=2092MHz,Free=8895MB,PLS=0,Temp=20.2C/0.0C,TW=2.35ms,App=4.56ms,GD=0.32ms,CPU&GPU=8.63ms,LCnt=3(DR37,LM3),GPU%=0.74,CPU%=0.26(W0.30),DSF=1.00,CFL=14.91/21.22
12-30 20:05:58.002  1977  8208 I VrApi   : FPS=90/90,Prd=29ms,Tear=0,Early=0,Stale=0,VSnc=0,Lat=-1,Fov=0,CPU4/GPU=2/3,2419/490MHz,OC=FF,TA=0/70/0,SP=N/F/N,Mem=2092MHz,Free=8895MB,PLS=0,Temp=20.2C/0.0C,TW=2.11ms,App=5.09ms,GD=0.32ms,CPU&GPU=8.44ms,LCnt=4(DR15,LM2),GPU%=0.68,CPU%=0.13(W0.17),DSF=1.00,CFL=17.28/20.37
12-30 20:05:59.002  1977  8208 I VrApi   : FPS=90/90,Prd=29ms,Tear=0,Early=0,Stale=0,VSnc=0,Lat=-1,Fov=0,CPU4/GPU=2/3,2419/490MHz,OC=FF,TA=0/70/0,SP=N/F/N,Mem=2092MHz,Free=8895MB,PLS=0,Temp=20.2C/0.0C,TW=2.10ms,App=5.32ms,GD=0.00ms,CPU&GPU=8.62ms,LCnt=3(DR0,LM0),GPU%=0.51,CPU%=0.41(W0.44),DSF=1.00,CFL=17.23/20.53
12-30 20:06:00.003  1977  8208 I VrApi   : FPS=83/90,Prd=29ms,Tear=0,Early=0,Stale=7,VSnc=0,Lat=-1,Fov=0,CPU4/GPU=2/3,2419/490MHz,OC=FF,TA=0/70/0,SP=N/F/N,Mem=2092MHz,Free=8895MB,PLS=0,Temp=20.2C/0.0C,TW=2.60ms,App=5.46ms,GD=0.00ms,CPU&GPU=9.30ms,LCnt=5(DR0,LM0),GPU%=0.73,CPU%=0.32(W0.39),DSF=1.00,CFL=17.30/20.60
12-30 20:06:00.841  1977  2089 D VrApi   : targetSDKVersion 29
12-30 20:06:00.877  1977  8208 I VrApi   : FPS=90/90,Prd=36ms,Tear=0,Early=26,Stale=1,VSnc=0,Lat=-1,Fov=0,CPU4/GPU=2/3,2419/490MHz,OC=FF,TA=0/F/0,SP=N/F/N,Mem=2092MHz,Free=8895MB,PLS=0,Temp=20.2C/0.0C,TW=2.17ms,App=5.37ms,GD=0.00ms,CPU&GPU=8.27ms,LCnt=6(DR0,LM0),GPU%=0.70,CPU%=0.16(W0.29),DSF=1.00,CFL=17.17/21.02
12-30 20:06:00.885  1977  2089 I VrApi   : OVR::Stats thread stopped
12-30 20:06:01.005  8373  8397 I VrApi   : ----------- vrapi_Initialize [start] ----------
12-30 20:06:01.016  8373  8397 I VrApi   : Client type: 0 flags: 0x0 placement: 0
12-30 20:06:01.337  8373  8397 I VrApi   : vrapi_Initialize: Connected to VrRuntimeService after 0.321563s
12-30 20:06:01.385  3230  3278 D VrApi   : targetSDKVersion 29
12-30 20:06:01.415  3230  3278 I VrApi   : OVR::Stats thread stopped
12-30 20:06:01.437  8373  8397 I VrApi   : SkipPushFinalBlack=1
12-30 20:06:01.437  8373  8397 D VrApi   : isActivityFocusAware context = com.oculus.xrstreamingclient.MainActivity@c01680d
12-30 20:06:01.437  8373  8397 D VrApi   : isSystemApp = true for com.oculus.xrstreamingclient
12-30 20:06:01.437  8373  8397 I VrApi   : isActivityFocusAware = 0
12-30 20:06:01.437  8373  8397 I VrApi   : Client-driven display vsync: enabled
12-30 20:06:01.510  2600  2600 I VrApi   : ----------- vrapi_Initialize [start] ----------
12-30 20:06:01.511  8373  8397 I VrApi   : ----------- vrapi_Initialize [end] ----------
12-30 20:06:01.516  2600  2600 I VrApi   : Client type: 0 flags: 0x0 placement: 0
12-30 20:06:01.529  8373  8397 I VrApi   : ------------ vrapi_CreateSystemVulkan -----------
12-30 20:06:01.841  2600  2600 I VrApi   : vrapi_Initialize: Connected to VrRuntimeService after 0.324871s
12-30 20:06:01.885  2600  2600 I VrApi   : SkipPushFinalBlack=1
12-30 20:06:01.885  2600  2600 D VrApi   : isActivityFocusAware context = com.oculus.os.DialogContext@5a53f92
12-30 20:06:01.886  2600  2600 D VrApi   : isSystemApp = true for com.android.permissioncontroller
12-30 20:06:01.886  2600  2600 I VrApi   : isActivityFocusAware = 0
12-30 20:06:01.903  2600  2600 I VrApi   : ----------- vrapi_Initialize [end] ----------
12-30 20:06:01.941  8373  8397 I VrApi   : ---------- vrapi_EnterVrMode [start] ----------
12-30 20:06:01.945  8373  8397 D VrApi   : targetSDKVersion 29
12-30 20:06:01.961  2600  2600 I VrApi   : ------------ vrapi_Shutdown [start] -----------
12-30 20:06:01.961  2600  2600 W VrApi   : IsOvrValid: ovr == nullptr. Package: com.android.permissioncontroller
12-30 20:06:01.979  8373  8397 I VrApi   : ovrModeParms::VRAPI_MODE_FLAG_RESET_WINDOW_FULLSCREEN = 0
12-30 20:06:01.979  8373  8397 I VrApi   : ovrModeParms::VRAPI_MODE_FLAG_NATIVE_WINDOW = 1
12-30 20:06:01.979  8373  8397 I VrApi   : ovrModeParms::VRAPI_MODE_FLAG_FRONT_BUFFER_SRGB = 0
12-30 20:06:01.979  8373  8397 I VrApi   : ovrModeParms::VRAPI_MODE_FLAG_PHASE_SYNC = 0
12-30 20:06:01.979  8373  8397 I VrApi   : ovrModeParms::VRAPI_MODE_FLAG_APP_SPACE_WARP = 0
12-30 20:06:01.979  8373  8397 I VrApi   : PhaseSync disabled
12-30 20:06:01.979  8373  8397 I VrApi   : HMD sensor attached.
12-30 20:06:01.990  8373  8397 I VrApi   : Creating Default swapchain
12-30 20:06:01.991  8373  8397 I VrApi   : Creating Loading Icon swapchain
12-30 20:06:01.991  8373  8397 I VrApi   : OVR::Stats thread started
12-30 20:06:01.991  8373  8397 I VrApi   : Initial BaseVsync 2919 
12-30 20:06:01.991  8373  8397 I VrApi   : ---------- vrapi_EnterVrMode [end] ----------
12-30 20:06:01.991  8373  8397 I VrApi   : vrapi_SetDisplayRefreshRate: display refresh rate supported 72.000000
12-30 20:06:01.993  8373  8496 D VrApi   : targetSDKVersion 29
12-30 20:06:01.994  2600  2600 I VrApi   : ------------ vrapi_Shutdown [end] -----------
12-30 20:06:02.013  8373  8496 D VrApi   : VrApi::isWifiConnected exception: Make sure android.permission.ACCESS_NETWORK_STATE is set in the manifest.
12-30 20:06:04.005  8373  8496 I VrApi   : FPS=0/72,Prd=0ms,Tear=0,Early=0,Stale=0,VSnc=1,Lat=0,Fov=0,CPU4/GPU=0/0,2419/305MHz,OC=FF,TA=0/0/0,SP=N/N/N,Mem=2092MHz,Free=8721MB,PLS=0,Temp=0.0C/0.0C,TW=1.90ms,App=0.00ms,GD=0.00ms,CPU&GPU=0.00ms,LCnt=2(DR0,LM2),GPU%=0.00,CPU%=0.00(W0.00),DSF=1.00,CFL=17.25/21.57
12-30 20:06:05.001  8373  8496 I VrApi   : FPS=0/72,Prd=0ms,Tear=0,Early=0,Stale=0,VSnc=1,Lat=0,Fov=0,CPU4/GPU=0/0,2419/305MHz,OC=FF,TA=0/0/0,SP=N/N/N,Mem=2092MHz,Free=8721MB,PLS=0,Temp=0.0C/0.0C,TW=1.90ms,App=0.00ms,GD=0.00ms,CPU&GPU=0.00ms,LCnt=2(DR0,LM2),GPU%=0.00,CPU%=0.00(W0.00),DSF=1.00,CFL=17.25/21.57
12-30 20:06:06.001  8373  8496 I VrApi   : FPS=0/72,Prd=0ms,Tear=0,Early=0,Stale=0,VSnc=1,Lat=0,Fov=0,CPU4/GPU=0/0,2419/305MHz,OC=FF,TA=0/0/0,SP=N/N/N,Mem=2092MHz,Free=8721MB,PLS=0,Temp=0.0C/0.0C,TW=1.90ms,App=0.00ms,GD=0.00ms,CPU&GPU=0.00ms,LCnt=2(DR0,LM2),GPU%=0.00,CPU%=0.00(W0.00),DSF=1.00,CFL=17.25/21.57
12-30 20:06:07.001  8373  8496 I VrApi   : FPS=0/72,Prd=0ms,Tear=0,Early=0,Stale=0,VSnc=1,Lat=0,Fov=0,CPU4/GPU=0/0,2419/305MHz,OC=FF,TA=0/0/0,SP=N/N/N,Mem=2092MHz,Free=8721MB,PLS=0,Temp=0.0C/0.0C,TW=1.90ms,App=0.00ms,GD=0.00ms,CPU&GPU=0.00ms,LCnt=2(DR0,LM2),GPU%=0.00,CPU%=0.00(W0.00),DSF=1.00,CFL=17.25/21.57
12-30 20:06:08.002  8373  8496 I VrApi   : FPS=0/72,Prd=0ms,Tear=0,Early=0,Stale=0,VSnc=1,Lat=0,Fov=0,CPU4/GPU=0/0,710/305MHz,OC=FF,TA=0/0/0,SP=N/N/N,Mem=1555MHz,Free=8721MB,PLS=0,Temp=0.0C/0.0C,TW=1.90ms,App=0.00ms,GD=0.00ms,CPU&GPU=0.00ms,LCnt=2(DR0,LM2),GPU%=0.00,CPU%=0.00(W0.00),DSF=1.00,CFL=17.25/21.57
12-30 20:06:09.003  8373  8496 I VrApi   : FPS=0/72,Prd=0ms,Tear=0,Early=0,Stale=0,VSnc=1,Lat=0,Fov=0,CPU4/GPU=0/0,710/305MHz,OC=FF,TA=0/0/0,SP=N/N/N,Mem=1555MHz,Free=8721MB,PLS=0,Temp=0.0C/0.0C,TW=1.90ms,App=0.00ms,GD=0.00ms,CPU&GPU=0.00ms,LCnt=2(DR0,LM2),GPU%=0.00,CPU%=0.00(W0.00),DSF=1.00,CFL=17.25/21.57
12-30 20:06:10.003  8373  8496 I VrApi   : FPS=0/72,Prd=0ms,Tear=0,Early=0,Stale=0,VSnc=1,Lat=0,Fov=0,CPU4/GPU=0/0,710/305MHz,OC=FF,TA=0/0/0,SP=N/N/N,Mem=1555MHz,Free=8721MB,PLS=0,Temp=0.0C/0.0C,TW=1.90ms,App=0.00ms,GD=0.00ms,CPU&GPU=0.00ms,LCnt=2(DR0,LM2),GPU%=0.00,CPU%=0.00(W0.00),DSF=1.00,CFL=17.25/21.57
12-30 20:06:11.002  8373  8496 I VrApi   : FPS=0/72,Prd=0ms,Tear=0,Early=0,Stale=0,VSnc=1,Lat=0,Fov=0,CPU4/GPU=0/0,710/305MHz,OC=FF,TA=0/0/0,SP=N/N/N,Mem=1555MHz,Free=8721MB,PLS=0,Temp=0.0C/0.0C,TW=1.90ms,App=0.00ms,GD=0.00ms,CPU&GPU=0.00ms,LCnt=2(DR0,LM2),GPU%=0.00,CPU%=0.00(W0.00),DSF=1.00,CFL=17.25/21.57
12-30 20:06:12.003  8373  8496 I VrApi   : FPS=0/72,Prd=0ms,Tear=0,Early=0,Stale=0,VSnc=1,Lat=0,Fov=0,CPU4/GPU=0/0,710/305MHz,OC=FF,TA=0/0/0,SP=N/N/N,Mem=1804MHz,Free=8721MB,PLS=0,Temp=0.0C/0.0C,TW=1.90ms,App=0.00ms,GD=0.00ms,CPU&GPU=0.00ms,LCnt=2(DR0,LM2),GPU%=0.00,CPU%=0.00(W0.00),DSF=1.00,CFL=17.25/21.57
12-30 20:06:13.003  8373  8496 I VrApi   : FPS=0/72,Prd=0ms,Tear=0,Early=0,Stale=0,VSnc=1,Lat=0,Fov=0,CPU4/GPU=0/0,710/305MHz,OC=FF,TA=0/0/0,SP=N/N/N,Mem=1804MHz,Free=8721MB,PLS=0,Temp=0.0C/0.0C,TW=1.90ms,App=0.00ms,GD=0.00ms,CPU&GPU=0.00ms,LCnt=2(DR0,LM2),GPU%=0.00,CPU%=0.00(W0.00),DSF=1.00,CFL=17.25/21.57
12-30 20:06:14.003  8373  8496 I VrApi   : FPS=0/72,Prd=0ms,Tear=0,Early=0,Stale=0,VSnc=1,Lat=0,Fov=0,CPU4/GPU=0/0,710/305MHz,OC=FF,TA=0/0/0,SP=N/N/N,Mem=2092MHz,Free=8721MB,PLS=0,Temp=0.0C/0.0C,TW=1.90ms,App=0.00ms,GD=0.00ms,CPU&GPU=0.00ms,LCnt=2(DR0,LM2),GPU%=0.00,CPU%=0.00(W0.00),DSF=1.00,CFL=17.25/21.57
12-30 20:06:15.003  8373  8496 I VrApi   : FPS=0/72,Prd=0ms,Tear=0,Early=0,Stale=0,VSnc=1,Lat=0,Fov=0,CPU4/GPU=0/0,710/305MHz,OC=FF,TA=0/0/0,SP=N/N/N,Mem=2092MHz,Free=8721MB,PLS=0,Temp=0.0C/0.0C,TW=1.90ms,App=0.00ms,GD=0.00ms,CPU&GPU=0.00ms,LCnt=2(DR0,LM2),GPU%=0.00,CPU%=0.00(W0.00),DSF=1.00,CFL=17.25/21.57
12-30 20:06:16.003  8373  8496 I VrApi   : FPS=0/72,Prd=0ms,Tear=0,Early=0,Stale=0,VSnc=1,Lat=0,Fov=0,CPU4/GPU=0/0,710/305MHz,OC=FF,TA=0/0/0,SP=N/N/N,Mem=2092MHz,Free=8721MB,PLS=0,Temp=0.0C/0.0C,TW=1.90ms,App=0.00ms,GD=0.00ms,CPU&GPU=0.00ms,LCnt=2(DR0,LM2),GPU%=0.00,CPU%=0.00(W0.00),DSF=1.00,CFL=17.25/21.57
12-30 20:06:17.003  8373  8496 I VrApi   : FPS=0/72,Prd=0ms,Tear=0,Early=0,Stale=0,VSnc=1,Lat=0,Fov=0,CPU4/GPU=0/0,710/305MHz,OC=FF,TA=0/0/0,SP=N/N/N,Mem=1804MHz,Free=8721MB,PLS=0,Temp=0.0C/0.0C,TW=1.90ms,App=0.00ms,GD=0.00ms,CPU&GPU=0.00ms,LCnt=2(DR0,LM2),GPU%=0.00,CPU%=0.00(W0.00),DSF=1.00,CFL=17.25/21.57
12-30 20:06:18.003  8373  8496 I VrApi   : FPS=0/72,Prd=0ms,Tear=0,Early=0,Stale=0,VSnc=1,Lat=0,Fov=0,CPU4/GPU=0/0,710/305MHz,OC=FF,TA=0/0/0,SP=N/N/N,Mem=2092MHz,Free=8721MB,PLS=0,Temp=0.0C/0.0C,TW=1.90ms,App=0.00ms,GD=0.00ms,CPU&GPU=0.00ms,LCnt=2(DR0,LM2),GPU%=0.00,CPU%=0.00(W0.00),DSF=1.00,CFL=17.25/21.57
12-30 20:06:19.003  8373  8496 I VrApi   : FPS=0/72,Prd=0ms,Tear=0,Early=0,Stale=0,VSnc=1,Lat=0,Fov=0,CPU4/GPU=0/0,710/305MHz,OC=FF,TA=0/0/0,SP=N/N/N,Mem=2092MHz,Free=8721MB,PLS=0,Temp=0.0C/0.0C,TW=1.90ms,App=0.00ms,GD=0.00ms,CPU&GPU=0.00ms,LCnt=2(DR0,LM2),GPU%=0.00,CPU%=0.00(W0.00),DSF=1.00,CFL=17.25/21.57
12-30 20:06:20.003  8373  8496 I VrApi   : FPS=0/72,Prd=0ms,Tear=0,Early=0,Stale=0,VSnc=1,Lat=0,Fov=0,CPU4/GPU=0/0,710/305MHz,OC=FF,TA=0/0/0,SP=N/N/N,Mem=2092MHz,Free=8721MB,PLS=0,Temp=0.0C/0.0C,TW=1.90ms,App=0.00ms,GD=0.00ms,CPU&GPU=0.00ms,LCnt=2(DR0,LM2),GPU%=0.00,CPU%=0.00(W0.00),DSF=1.00,CFL=17.25/21.57
12-30 20:06:21.003  8373  8496 I VrApi   : FPS=0/72,Prd=0ms,Tear=0,Early=0,Stale=0,VSnc=1,Lat=0,Fov=0,CPU4/GPU=0/0,710/305MHz,OC=FF,TA=0/0/0,SP=N/N/N,Mem=1555MHz,Free=8721MB,PLS=0,Temp=0.0C/0.0C,TW=1.90ms,App=0.00ms,GD=0.00ms,CPU&GPU=0.00ms,LCnt=2(DR0,LM2),GPU%=0.00,CPU%=0.00(W0.00),DSF=1.00,CFL=17.25/21.57
12-30 20:06:22.003  8373  8496 I VrApi   : FPS=0/72,Prd=0ms,Tear=0,Early=0,Stale=0,VSnc=1,Lat=0,Fov=0,CPU4/GPU=0/0,710/305MHz,OC=FF,TA=0/0/0,SP=N/N/N,Mem=1555MHz,Free=8721MB,PLS=0,Temp=0.0C/0.0C,TW=1.90ms,App=0.00ms,GD=0.00ms,CPU&GPU=0.00ms,LCnt=2(DR0,LM2),GPU%=0.00,CPU%=0.00(W0.00),DSF=1.00,CFL=17.25/21.57
12-30 20:06:23.003  8373  8496 I VrApi   : FPS=0/72,Prd=0ms,Tear=0,Early=0,Stale=0,VSnc=1,Lat=0,Fov=0,CPU4/GPU=0/0,710/305MHz,OC=FF,TA=0/0/0,SP=N/N/N,Mem=1804MHz,Free=8721MB,PLS=0,Temp=0.0C/0.0C,TW=1.90ms,App=0.00ms,GD=0.00ms,CPU&GPU=0.00ms,LCnt=2(DR0,LM2),GPU%=0.00,CPU%=0.00(W0.00),DSF=1.00,CFL=17.25/21.57
12-30 20:06:24.008  8373  8496 I VrApi   : FPS=0/72,Prd=0ms,Tear=0,Early=0,Stale=0,VSnc=1,Lat=0,Fov=0,CPU4/GPU=0/0,710/305MHz,OC=FF,TA=0/0/0,SP=N/N/N,Mem=1804MHz,Free=8780MB,PLS=0,Temp=0.0C/0.0C,TW=1.90ms,App=0.00ms,GD=0.00ms,CPU&GPU=0.00ms,LCnt=2(DR0,LM2),GPU%=0.00,CPU%=0.00(W0.00),DSF=1.00,CFL=17.25/21.57
12-30 20:06:25.004  8373  8496 I VrApi   : FPS=0/72,Prd=0ms,Tear=0,Early=0,Stale=0,VSnc=1,Lat=0,Fov=0,CPU4/GPU=0/0,710/305MHz,OC=FF,TA=0/0/0,SP=N/N/N,Mem=1804MHz,Free=8780MB,PLS=0,Temp=0.0C/0.0C,TW=1.90ms,App=0.00ms,GD=0.00ms,CPU&GPU=0.00ms,LCnt=2(DR0,LM2),GPU%=0.00,CPU%=0.00(W0.00),DSF=1.00,CFL=17.25/21.57
12-30 20:06:26.003  8373  8496 I VrApi   : FPS=0/72,Prd=0ms,Tear=0,Early=0,Stale=0,VSnc=1,Lat=0,Fov=0,CPU4/GPU=0/0,710/305MHz,OC=FF,TA=0/0/0,SP=N/N/N,Mem=1804MHz,Free=8780MB,PLS=0,Temp=0.0C/0.0C,TW=1.90ms,App=0.00ms,GD=0.00ms,CPU&GPU=0.00ms,LCnt=2(DR0,LM2),GPU%=0.00,CPU%=0.00(W0.00),DSF=1.00,CFL=17.25/21.57
12-30 20:06:27.004  8373  8496 I VrApi   : FPS=0/72,Prd=0ms,Tear=0,Early=0,Stale=0,VSnc=1,Lat=0,Fov=0,CPU4/GPU=0/0,710/305MHz,OC=FF,TA=0/0/0,SP=N/N/N,Mem=1804MHz,Free=8780MB,PLS=0,Temp=0.0C/0.0C,TW=1.90ms,App=0.00ms,GD=0.00ms,CPU&GPU=0.00ms,LCnt=2(DR0,LM2),GPU%=0.00,CPU%=0.00(W0.00),DSF=1.00,CFL=17.25/21.57
12-30 20:06:28.004  8373  8496 I VrApi   : FPS=0/72,Prd=0ms,Tear=0,Early=0,Stale=0,VSnc=1,Lat=0,Fov=0,CPU4/GPU=0/0,710/305MHz,OC=FF,TA=0/0/0,SP=N/N/N,Mem=1804MHz,Free=8780MB,PLS=0,Temp=0.0C/0.0C,TW=1.90ms,App=0.00ms,GD=0.00ms,CPU&GPU=0.00ms,LCnt=2(DR0,LM2),GPU%=0.00,CPU%=0.00(W0.00),DSF=1.00,CFL=17.25/21.57
12-30 20:06:29.004  8373  8496 I VrApi   : FPS=0/72,Prd=0ms,Tear=0,Early=0,Stale=0,VSnc=1,Lat=0,Fov=0,CPU4/GPU=0/0,710/305MHz,OC=FF,TA=0/0/0,SP=N/N/N,Mem=1804MHz,Free=8780MB,PLS=0,Temp=0.0C/0.0C,TW=1.90ms,App=0.00ms,GD=0.00ms,CPU&GPU=0.00ms,LCnt=2(DR0,LM2),GPU%=0.00,CPU%=0.00(W0.00),DSF=1.00,CFL=17.25/21.57
12-30 20:06:30.003  8373  8496 I VrApi   : FPS=0/72,Prd=0ms,Tear=0,Early=0,Stale=0,VSnc=1,Lat=0,Fov=0,CPU4/GPU=0/0,710/305MHz,OC=FF,TA=0/0/0,SP=N/N/N,Mem=1804MHz,Free=8780MB,PLS=0,Temp=0.0C/0.0C,TW=1.90ms,App=0.00ms,GD=0.00ms,CPU&GPU=0.00ms,LCnt=2(DR0,LM2),GPU%=0.00,CPU%=0.00(W0.00),DSF=1.00,CFL=17.25/21.57
12-30 20:06:31.010  8373  8496 I VrApi   : FPS=0/72,Prd=0ms,Tear=0,Early=0,Stale=0,VSnc=1,Lat=0,Fov=0,CPU4/GPU=0/0,710/305MHz,OC=FF,TA=0/0/0,SP=N/N/N,Mem=1804MHz,Free=8780MB,PLS=0,Temp=0.0C/0.0C,TW=1.90ms,App=0.00ms,GD=0.00ms,CPU&GPU=0.00ms,LCnt=2(DR0,LM2),GPU%=0.00,CPU%=0.00(W0.00),DSF=1.00,CFL=17.25/21.57
12-30 20:06:32.004  8373  8496 I VrApi   : FPS=0/72,Prd=0ms,Tear=0,Early=0,Stale=0,VSnc=1,Lat=0,Fov=0,CPU4/GPU=0/0,710/305MHz,OC=FF,TA=0/0/0,SP=N/N/N,Mem=1555MHz,Free=8780MB,PLS=0,Temp=0.0C/0.0C,TW=1.90ms,App=0.00ms,GD=0.00ms,CPU&GPU=0.00ms,LCnt=2(DR0,LM2),GPU%=0.00,CPU%=0.00(W0.00),DSF=1.00,CFL=17.25/21.57
12-30 20:06:33.004  8373  8496 I VrApi   : FPS=0/72,Prd=0ms,Tear=0,Early=0,Stale=0,VSnc=1,Lat=0,Fov=0,CPU4/GPU=0/0,710/305MHz,OC=FF,TA=0/0/0,SP=N/N/N,Mem=1555MHz,Free=8780MB,PLS=0,Temp=0.0C/0.0C,TW=1.90ms,App=0.00ms,GD=0.00ms,CPU&GPU=0.00ms,LCnt=2(DR0,LM2),GPU%=0.00,CPU%=0.00(W0.00),DSF=1.00,CFL=17.25/21.57
12-30 20:06:34.007  8373  8496 I VrApi   : FPS=0/72,Prd=0ms,Tear=0,Early=0,Stale=0,VSnc=1,Lat=0,Fov=0,CPU4/GPU=0/0,710/305MHz,OC=FF,TA=0/0/0,SP=N/N/N,Mem=1555MHz,Free=8780MB,PLS=0,Temp=0.0C/0.0C,TW=1.90ms,App=0.00ms,GD=0.00ms,CPU&GPU=0.00ms,LCnt=2(DR0,LM2),GPU%=0.00,CPU%=0.00(W0.00),DSF=1.00,CFL=17.25/21.57
12-30 20:06:35.004  8373  8496 I VrApi   : FPS=0/72,Prd=0ms,Tear=0,Early=0,Stale=0,VSnc=1,Lat=0,Fov=0,CPU4/GPU=0/0,710/305MHz,OC=FF,TA=0/0/0,SP=N/N/N,Mem=1555MHz,Free=8780MB,PLS=0,Temp=0.0C/0.0C,TW=1.90ms,App=0.00ms,GD=0.00ms,CPU&GPU=0.00ms,LCnt=2(DR0,LM2),GPU%=0.00,CPU%=0.00(W0.00),DSF=1.00,CFL=17.25/21.57
12-30 20:06:36.004  8373  8496 I VrApi   : FPS=0/72,Prd=0ms,Tear=0,Early=0,Stale=0,VSnc=1,Lat=0,Fov=0,CPU4/GPU=0/0,710/305MHz,OC=FF,TA=0/0/0,SP=N/N/N,Mem=1555MHz,Free=8780MB,PLS=0,Temp=0.0C/0.0C,TW=1.90ms,App=0.00ms,GD=0.00ms,CPU&GPU=0.00ms,LCnt=2(DR0,LM2),GPU%=0.00,CPU%=0.00(W0.00),DSF=1.00,CFL=17.25/21.57
12-30 20:06:37.005  8373  8496 I VrApi   : FPS=0/72,Prd=0ms,Tear=0,Early=0,Stale=0,VSnc=1,Lat=0,Fov=0,CPU4/GPU=0/0,710/305MHz,OC=FF,TA=0/0/0,SP=N/N/N,Mem=1555MHz,Free=8780MB,PLS=0,Temp=0.0C/0.0C,TW=1.90ms,App=0.00ms,GD=0.00ms,CPU&GPU=0.00ms,LCnt=2(DR0,LM2),GPU%=0.00,CPU%=0.00(W0.00),DSF=1.00,CFL=17.25/21.57
12-30 20:06:38.005  8373  8496 I VrApi   : FPS=0/72,Prd=0ms,Tear=0,Early=0,Stale=0,VSnc=1,Lat=0,Fov=0,CPU4/GPU=0/0,710/305MHz,OC=FF,TA=0/0/0,SP=N/N/N,Mem=1555MHz,Free=8780MB,PLS=0,Temp=0.0C/0.0C,TW=1.90ms,App=0.00ms,GD=0.00ms,CPU&GPU=0.00ms,LCnt=2(DR0,LM2),GPU%=0.00,CPU%=0.00(W0.00),DSF=1.00,CFL=17.25/21.57
12-30 20:06:39.004  8373  8496 I VrApi   : FPS=0/72,Prd=0ms,Tear=0,Early=0,Stale=0,VSnc=1,Lat=0,Fov=0,CPU4/GPU=0/0,710/305MHz,OC=FF,TA=0/0/0,SP=N/N/N,Mem=1555MHz,Free=8780MB,PLS=0,Temp=0.0C/0.0C,TW=1.90ms,App=0.00ms,GD=0.00ms,CPU&GPU=0.00ms,LCnt=2(DR0,LM2),GPU%=0.00,CPU%=0.00(W0.00),DSF=1.00,CFL=17.25/21.57
12-30 20:06:40.005  8373  8496 I VrApi   : FPS=0/72,Prd=0ms,Tear=0,Early=0,Stale=0,VSnc=1,Lat=0,Fov=0,CPU4/GPU=0/0,710/305MHz,OC=FF,TA=0/0/0,SP=N/N/N,Mem=1555MHz,Free=8780MB,PLS=0,Temp=0.0C/0.0C,TW=1.90ms,App=0.00ms,GD=0.00ms,CPU&GPU=0.00ms,LCnt=2(DR0,LM2),GPU%=0.00,CPU%=0.00(W0.00),DSF=1.00,CFL=17.25/21.57
12-30 20:06:41.005  8373  8496 I VrApi   : FPS=0/72,Prd=0ms,Tear=0,Early=0,Stale=0,VSnc=1,Lat=0,Fov=0,CPU4/GPU=0/0,710/305MHz,OC=FF,TA=0/0/0,SP=N/N/N,Mem=1804MHz,Free=8780MB,PLS=0,Temp=0.0C/0.0C,TW=1.90ms,App=0.00ms,GD=0.00ms,CPU&GPU=0.00ms,LCnt=2(DR0,LM2),GPU%=0.00,CPU%=0.00(W0.00),DSF=1.00,CFL=17.25/21.57
12-30 20:06:42.005  8373  8496 I VrApi   : FPS=0/72,Prd=0ms,Tear=0,Early=0,Stale=0,VSnc=1,Lat=0,Fov=0,CPU4/GPU=0/0,710/305MHz,OC=FF,TA=0/0/0,SP=N/N/N,Mem=1804MHz,Free=8780MB,PLS=0,Temp=0.0C/0.0C,TW=1.90ms,App=0.00ms,GD=0.00ms,CPU&GPU=0.00ms,LCnt=2(DR0,LM2),GPU%=0.00,CPU%=0.00(W0.00),DSF=1.00,CFL=17.25/21.57
12-30 20:06:43.005  8373  8496 I VrApi   : FPS=0/72,Prd=0ms,Tear=0,Early=0,Stale=0,VSnc=1,Lat=0,Fov=0,CPU4/GPU=0/0,710/305MHz,OC=FF,TA=0/0/0,SP=N/N/N,Mem=1804MHz,Free=8780MB,PLS=0,Temp=0.0C/0.0C,TW=1.90ms,App=0.00ms,GD=0.00ms,CPU&GPU=0.00ms,LCnt=2(DR0,LM2),GPU%=0.00,CPU%=0.00(W0.00),DSF=1.00,CFL=17.25/21.57
12-30 20:06:44.009  8373  8496 I VrApi   : FPS=0/72,Prd=0ms,Tear=0,Early=0,Stale=0,VSnc=1,Lat=0,Fov=0,CPU4/GPU=0/0,710/305MHz,OC=FF,TA=0/0/0,SP=N/N/N,Mem=1555MHz,Free=8805MB,PLS=0,Temp=0.0C/0.0C,TW=1.90ms,App=0.00ms,GD=0.00ms,CPU&GPU=0.00ms,LCnt=2(DR0,LM2),GPU%=0.00,CPU%=0.00(W0.00),DSF=1.00,CFL=17.25/21.57
12-30 20:06:45.005  8373  8496 I VrApi   : FPS=0/72,Prd=0ms,Tear=0,Early=0,Stale=0,VSnc=1,Lat=0,Fov=0,CPU4/GPU=0/0,710/305MHz,OC=FF,TA=0/0/0,SP=N/N/N,Mem=1555MHz,Free=8805MB,PLS=0,Temp=0.0C/0.0C,TW=1.90ms,App=0.00ms,GD=0.00ms,CPU&GPU=0.00ms,LCnt=2(DR0,LM2),GPU%=0.00,CPU%=0.00(W0.00),DSF=1.00,CFL=17.25/21.57
12-30 20:06:46.009  8373  8496 I VrApi   : FPS=0/72,Prd=0ms,Tear=0,Early=0,Stale=0,VSnc=1,Lat=0,Fov=0,CPU4/GPU=0/0,710/305MHz,OC=FF,TA=0/0/0,SP=N/N/N,Mem=1555MHz,Free=8805MB,PLS=0,Temp=0.0C/0.0C,TW=1.90ms,App=0.00ms,GD=0.00ms,CPU&GPU=0.00ms,LCnt=2(DR0,LM2),GPU%=0.00,CPU%=0.00(W0.00),DSF=1.00,CFL=17.25/21.57
12-30 20:06:47.005  8373  8496 I VrApi   : FPS=0/72,Prd=0ms,Tear=0,Early=0,Stale=0,VSnc=1,Lat=0,Fov=0,CPU4/GPU=0/0,710/305MHz,OC=FF,TA=0/0/0,SP=N/N/N,Mem=1555MHz,Free=8805MB,PLS=0,Temp=0.0C/0.0C,TW=1.90ms,App=0.00ms,GD=0.00ms,CPU&GPU=0.00ms,LCnt=2(DR0,LM2),GPU%=0.00,CPU%=0.00(W0.00),DSF=1.00,CFL=17.25/21.57
12-30 20:06:48.005  8373  8496 I VrApi   : FPS=0/72,Prd=0ms,Tear=0,Early=0,Stale=0,VSnc=1,Lat=0,Fov=0,CPU4/GPU=0/0,710/305MHz,OC=FF,TA=0/0/0,SP=N/N/N,Mem=2092MHz,Free=8805MB,PLS=0,Temp=0.0C/0.0C,TW=1.90ms,App=0.00ms,GD=0.00ms,CPU&GPU=0.00ms,LCnt=2(DR0,LM2),GPU%=0.00,CPU%=0.00(W0.00),DSF=1.00,CFL=17.25/21.57
12-30 20:06:49.006  8373  8496 I VrApi   : FPS=0/72,Prd=0ms,Tear=0,Early=0,Stale=0,VSnc=1,Lat=0,Fov=0,CPU4/GPU=0/0,710/305MHz,OC=FF,TA=0/0/0,SP=N/N/N,Mem=2092MHz,Free=8805MB,PLS=0,Temp=0.0C/0.0C,TW=1.90ms,App=0.00ms,GD=0.00ms,CPU&GPU=0.00ms,LCnt=2(DR0,LM2),GPU%=0.00,CPU%=0.00(W0.00),DSF=1.00,CFL=17.25/21.57
12-30 20:06:50.005  8373  8496 I VrApi   : FPS=0/72,Prd=0ms,Tear=0,Early=0,Stale=0,VSnc=1,Lat=0,Fov=0,CPU4/GPU=0/0,710/305MHz,OC=FF,TA=0/0/0,SP=N/N/N,Mem=2092MHz,Free=8805MB,PLS=0,Temp=0.0C/0.0C,TW=1.90ms,App=0.00ms,GD=0.00ms,CPU&GPU=0.00ms,LCnt=2(DR0,LM2),GPU%=0.00,CPU%=0.00(W0.00),DSF=1.00,CFL=17.25/21.57
12-30 20:06:51.005  8373  8496 I VrApi   : FPS=0/72,Prd=0ms,Tear=0,Early=0,Stale=0,VSnc=1,Lat=0,Fov=0,CPU4/GPU=0/0,710/305MHz,OC=FF,TA=0/0/0,SP=N/N/N,Mem=1804MHz,Free=8805MB,PLS=0,Temp=0.0C/0.0C,TW=1.90ms,App=0.00ms,GD=0.00ms,CPU&GPU=0.00ms,LCnt=2(DR0,LM2),GPU%=0.00,CPU%=0.00(W0.00),DSF=1.00,CFL=17.25/21.57
12-30 20:06:52.005  8373  8496 I VrApi   : FPS=0/72,Prd=0ms,Tear=0,Early=0,Stale=0,VSnc=1,Lat=0,Fov=0,CPU4/GPU=0/0,710/305MHz,OC=FF,TA=0/0/0,SP=N/N/N,Mem=1804MHz,Free=8805MB,PLS=0,Temp=0.0C/0.0C,TW=1.90ms,App=0.00ms,GD=0.00ms,CPU&GPU=0.00ms,LCnt=2(DR0,LM2),GPU%=0.00,CPU%=0.00(W0.00),DSF=1.00,CFL=17.25/21.57
12-30 20:06:53.006  8373  8496 I VrApi   : FPS=0/72,Prd=0ms,Tear=0,Early=0,Stale=0,VSnc=1,Lat=0,Fov=0,CPU4/GPU=0/0,710/305MHz,OC=FF,TA=0/0/0,SP=N/N/N,Mem=1804MHz,Free=8805MB,PLS=0,Temp=0.0C/0.0C,TW=1.90ms,App=0.00ms,GD=0.00ms,CPU&GPU=0.00ms,LCnt=2(DR0,LM2),GPU%=0.00,CPU%=0.00(W0.00),DSF=1.00,CFL=17.25/21.57
12-30 20:06:54.006  8373  8496 I VrApi   : FPS=0/72,Prd=0ms,Tear=0,Early=0,Stale=0,VSnc=1,Lat=0,Fov=0,CPU4/GPU=0/0,710/305MHz,OC=FF,TA=0/0/0,SP=N/N/N,Mem=1804MHz,Free=8805MB,PLS=0,Temp=0.0C/0.0C,TW=1.90ms,App=0.00ms,GD=0.00ms,CPU&GPU=0.00ms,LCnt=2(DR0,LM2),GPU%=0.00,CPU%=0.00(W0.00),DSF=1.00,CFL=17.25/21.57
12-30 20:06:55.006  8373  8496 I VrApi   : FPS=0/72,Prd=0ms,Tear=0,Early=0,Stale=0,VSnc=1,Lat=0,Fov=0,CPU4/GPU=0/0,710/305MHz,OC=FF,TA=0/0/0,SP=N/N/N,Mem=1555MHz,Free=8805MB,PLS=0,Temp=0.0C/0.0C,TW=1.90ms,App=0.00ms,GD=0.00ms,CPU&GPU=0.00ms,LCnt=2(DR0,LM2),GPU%=0.00,CPU%=0.00(W0.00),DSF=1.00,CFL=17.25/21.57
12-30 20:06:56.006  8373  8496 I VrApi   : FPS=0/72,Prd=0ms,Tear=0,Early=0,Stale=0,VSnc=1,Lat=0,Fov=0,CPU4/GPU=0/0,710/305MHz,OC=FF,TA=0/0/0,SP=N/N/N,Mem=1555MHz,Free=8805MB,PLS=0,Temp=0.0C/0.0C,TW=1.90ms,App=0.00ms,GD=0.00ms,CPU&GPU=0.00ms,LCnt=2(DR0,LM2),GPU%=0.00,CPU%=0.00(W0.00),DSF=1.00,CFL=17.25/21.57
12-30 20:06:57.006  8373  8496 I VrApi   : FPS=0/72,Prd=0ms,Tear=0,Early=0,Stale=0,VSnc=1,Lat=0,Fov=0,CPU4/GPU=0/0,710/305MHz,OC=FF,TA=0/0/0,SP=N/N/N,Mem=1555MHz,Free=8805MB,PLS=0,Temp=0.0C/0.0C,TW=1.90ms,App=0.00ms,GD=0.00ms,CPU&GPU=0.00ms,LCnt=2(DR0,LM2),GPU%=0.00,CPU%=0.00(W0.00),DSF=1.00,CFL=17.25/21.57
12-30 20:06:58.007  8373  8496 I VrApi   : FPS=0/72,Prd=0ms,Tear=0,Early=0,Stale=0,VSnc=1,Lat=0,Fov=0,CPU4/GPU=0/0,710/305MHz,OC=FF,TA=0/0/0,SP=N/N/N,Mem=1555MHz,Free=8805MB,PLS=0,Temp=0.0C/0.0C,TW=1.90ms,App=0.00ms,GD=0.00ms,CPU&GPU=0.00ms,LCnt=2(DR0,LM2),GPU%=0.00,CPU%=0.00(W0.00),DSF=1.00,CFL=17.25/21.57
12-30 20:06:59.006  8373  8496 I VrApi   : FPS=0/72,Prd=0ms,Tear=0,Early=0,Stale=0,VSnc=1,Lat=0,Fov=0,CPU4/GPU=0/0,710/305MHz,OC=FF,TA=0/0/0,SP=N/N/N,Mem=1555MHz,Free=8805MB,PLS=0,Temp=0.0C/0.0C,TW=1.90ms,App=0.00ms,GD=0.00ms,CPU&GPU=0.00ms,LCnt=2(DR0,LM2),GPU%=0.00,CPU%=0.00(W0.00),DSF=1.00,CFL=17.25/21.57
12-30 20:07:00.009  8373  8496 I VrApi   : FPS=0/72,Prd=0ms,Tear=0,Early=0,Stale=0,VSnc=1,Lat=0,Fov=0,CPU4/GPU=0/0,710/305MHz,OC=FF,TA=0/0/0,SP=N/N/N,Mem=1555MHz,Free=8805MB,PLS=0,Temp=0.0C/0.0C,TW=1.90ms,App=0.00ms,GD=0.00ms,CPU&GPU=0.00ms,LCnt=2(DR0,LM2),GPU%=0.00,CPU%=0.00(W0.00),DSF=1.00,CFL=17.25/21.57
12-30 20:07:01.007  8373  8496 I VrApi   : FPS=0/72,Prd=0ms,Tear=0,Early=0,Stale=0,VSnc=1,Lat=0,Fov=0,CPU4/GPU=0/0,710/305MHz,OC=FF,TA=0/0/0,SP=N/N/N,Mem=1555MHz,Free=8805MB,PLS=0,Temp=0.0C/0.0C,TW=1.90ms,App=0.00ms,GD=0.00ms,CPU&GPU=0.00ms,LCnt=2(DR0,LM2),GPU%=0.00,CPU%=0.00(W0.00),DSF=1.00,CFL=17.25/21.57
12-30 20:07:02.008  8373  8496 I VrApi   : FPS=0/72,Prd=0ms,Tear=0,Early=0,Stale=0,VSnc=1,Lat=0,Fov=0,CPU4/GPU=0/0,710/305MHz,OC=FF,TA=0/0/0,SP=N/N/N,Mem=1555MHz,Free=8805MB,PLS=0,Temp=0.0C/0.0C,TW=1.90ms,App=0.00ms,GD=0.00ms,CPU&GPU=0.00ms,LCnt=2(DR0,LM2),GPU%=0.00,CPU%=0.00(W0.00),DSF=1.00,CFL=17.25/21.57
12-30 20:07:03.007  8373  8496 I VrApi   : FPS=0/72,Prd=0ms,Tear=0,Early=0,Stale=0,VSnc=1,Lat=0,Fov=0,CPU4/GPU=0/0,710/305MHz,OC=FF,TA=0/0/0,SP=N/N/N,Mem=1555MHz,Free=8805MB,PLS=0,Temp=0.0C/0.0C,TW=1.90ms,App=0.00ms,GD=0.00ms,CPU&GPU=0.00ms,LCnt=2(DR0,LM2),GPU%=0.00,CPU%=0.00(W0.00),DSF=1.00,CFL=17.25/21.57
12-30 20:07:03.655  8373  8397 W VrApi   : Time to first swap: 62.654 seconds
12-30 20:07:04.010  8373  8496 I VrApi   : FPS=1/72,Prd=0ms,Tear=0,Early=0,Stale=90,VSnc=0,Lat=0,Fov=0,CPU4/GPU=2/2,1171/441MHz,OC=FF,TA=0/70/0,SP=N/F/N,Mem=2092MHz,Free=8403MB,PLS=0,Temp=20.2C/0.0C,TW=2.64ms,App=2.37ms,GD=0.00ms,CPU&GPU=0.00ms,LCnt=2(DR0,LM2),GPU%=0.18,CPU%=0.16(W0.24),DSF=1.00,CFL=17.12/21.28
12-30 20:07:05.007  8373  8496 I VrApi   : FPS=71/72,Prd=0ms,Tear=0,Early=0,Stale=53,VSnc=1,Lat=0,Fov=0,CPU4/GPU=2/2,1171/441MHz,OC=FF,TA=0/70/0,SP=N/F/N,Mem=1555MHz,Free=8403MB,PLS=0,Temp=20.2C/0.0C,TW=4.82ms,App=0.84ms,GD=0.00ms,CPU&GPU=12.60ms,LCnt=2(DR0,LM0),GPU%=0.42,CPU%=0.08(W0.10),DSF=1.00,CFL=7.85/22.02
12-30 20:07:05.966  8373  8397 W VrApi   : ovr_SubmitFrameInternal: FrameIndex discontinuity: Expected 165, Received 166
12-30 20:07:06.007  8373  8496 I VrApi   : FPS=72/72,Prd=0ms,Tear=0,Early=0,Stale=2,VSnc=1,Lat=0,Fov=0,CPU4/GPU=2/2,1171/441MHz,OC=FF,TA=0/70/0,SP=N/F/N,Mem=1555MHz,Free=8403MB,PLS=0,Temp=20.0C/0.0C,TW=4.35ms,App=0.94ms,GD=0.00ms,CPU&GPU=12.62ms,LCnt=1(DR28,LM0),GPU%=0.40,CPU%=0.07(W0.10),DSF=1.00,CFL=18.28/21.91
12-30 20:07:07.007  8373  8496 I VrApi   : FPS=71/72,Prd=0ms,Tear=0,Early=0,Stale=6,VSnc=1,Lat=0,Fov=0,CPU4/GPU=2/2,1171/441MHz,OC=FF,TA=0/70/0,SP=N/F/N,Mem=1555MHz,Free=8403MB,PLS=0,Temp=20.0C/0.0C,TW=4.50ms,App=0.96ms,GD=0.00ms,CPU&GPU=12.83ms,LCnt=1(DR72,LM0),GPU%=0.40,CPU%=0.07(W0.10),DSF=1.00,CFL=18.43/22.12
12-30 20:07:08.007  8373  8496 I VrApi   : FPS=72/72,Prd=0ms,Tear=0,Early=0,Stale=0,VSnc=1,Lat=0,Fov=0,CPU4/GPU=2/2,1171/441MHz,OC=FF,TA=0/70/0,SP=N/F/N,Mem=1555MHz,Free=8403MB,PLS=0,Temp=20.0C/0.0C,TW=4.49ms,App=0.89ms,GD=0.00ms,CPU&GPU=12.59ms,LCnt=1(DR72,LM0),GPU%=0.39,CPU%=0.11(W0.14),DSF=1.00,CFL=18.21/22.61
12-30 20:07:09.007  8373  8496 I VrApi   : FPS=71/72,Prd=0ms,Tear=0,Early=0,Stale=3,VSnc=1,Lat=0,Fov=0,CPU4/GPU=2/2,1171/441MHz,OC=FF,TA=0/70/0,SP=N/F/N,Mem=1555MHz,Free=8403MB,PLS=0,Temp=20.0C/0.0C,TW=4.33ms,App=0.92ms,GD=0.00ms,CPU&GPU=13.46ms,LCnt=1(DR72,LM0),GPU%=0.39,CPU%=0.08(W0.18),DSF=1.00,CFL=18.33/22.71
12-30 20:07:10.007  8373  8496 I VrApi   : FPS=72/72,Prd=0ms,Tear=0,Early=0,Stale=5,VSnc=1,Lat=0,Fov=0,CPU4/GPU=2/2,1171/441MHz,OC=FF,TA=0/70/0,SP=N/F/N,Mem=1555MHz,Free=8403MB,PLS=0,Temp=20.0C/0.0C,TW=4.35ms,App=0.95ms,GD=0.00ms,CPU&GPU=13.84ms,LCnt=1(DR72,LM0),GPU%=0.39,CPU%=0.06(W0.14),DSF=1.00,CFL=18.13/21.96
12-30 20:07:11.007  8373  8496 I VrApi   : FPS=72/72,Prd=0ms,Tear=0,Early=0,Stale=2,VSnc=1,Lat=0,Fov=0,CPU4/GPU=2/2,1171/441MHz,OC=FF,TA=0/70/0,SP=N/F/N,Mem=1555MHz,Free=8403MB,PLS=0,Temp=20.0C/0.0C,TW=4.20ms,App=1.10ms,GD=0.00ms,CPU&GPU=12.59ms,LCnt=1(DR72,LM0),GPU%=0.40,CPU%=0.14(W0.22),DSF=1.00,CFL=18.10/22.21
12-30 20:07:12.008  8373  8496 I VrApi   : FPS=72/72,Prd=0ms,Tear=0,Early=0,Stale=0,VSnc=1,Lat=0,Fov=0,CPU4/GPU=2/2,1171/441MHz,OC=FF,TA=0/70/0,SP=N/F/N,Mem=1555MHz,Free=8403MB,PLS=0,Temp=20.0C/0.0C,TW=4.35ms,App=1.07ms,GD=0.00ms,CPU&GPU=12.59ms,LCnt=1(DR72,LM0),GPU%=0.40,CPU%=0.12(W0.25),DSF=1.00,CFL=18.16/21.64
12-30 20:07:13.007  8373  8496 I VrApi   : FPS=72/72,Prd=0ms,Tear=0,Early=0,Stale=0,VSnc=1,Lat=0,Fov=0,CPU4/GPU=2/2,1171/441MHz,OC=FF,TA=0/70/0,SP=N/F/N,Mem=1804MHz,Free=8403MB,PLS=0,Temp=20.0C/0.0C,TW=4.34ms,App=0.94ms,GD=0.00ms,CPU&GPU=12.67ms,LCnt=1(DR72,LM0),GPU%=0.40,CPU%=0.05(W0.14),DSF=1.00,CFL=18.27/22.12
12-30 20:07:14.008  8373  8496 I VrApi   : FPS=72/72,Prd=0ms,Tear=0,Early=0,Stale=1,VSnc=1,Lat=0,Fov=0,CPU4/GPU=2/2,1171/441MHz,OC=FF,TA=0/70/0,SP=N/F/N,Mem=1804MHz,Free=8403MB,PLS=0,Temp=20.0C/0.0C,TW=4.20ms,App=0.93ms,GD=0.00ms,CPU&GPU=13.91ms,LCnt=1(DR72,LM0),GPU%=0.39,CPU%=0.07(W0.10),DSF=1.00,CFL=18.11/21.96
12-30 20:07:15.007  8373  8496 I VrApi   : FPS=72/72,Prd=0ms,Tear=0,Early=0,Stale=0,VSnc=1,Lat=0,Fov=0,CPU4/GPU=2/2,1171/441MHz,OC=FF,TA=0/70/0,SP=N/F/N,Mem=1804MHz,Free=8403MB,PLS=0,Temp=20.0C/0.0C,TW=4.49ms,App=0.95ms,GD=0.00ms,CPU&GPU=13.91ms,LCnt=1(DR72,LM0),GPU%=0.40,CPU%=0.10(W0.14),DSF=1.00,CFL=18.18/22.75
12-30 20:07:16.008  8373  8496 I VrApi   : FPS=72/72,Prd=0ms,Tear=0,Early=0,Stale=0,VSnc=1,Lat=0,Fov=0,CPU4/GPU=2/2,1171/441MHz,OC=FF,TA=0/70/0,SP=N/F/N,Mem=1804MHz,Free=8403MB,PLS=0,Temp=20.2C/0.0C,TW=4.35ms,App=0.97ms,GD=0.00ms,CPU&GPU=13.91ms,LCnt=1(DR72,LM0),GPU%=0.40,CPU%=0.07(W0.10),DSF=1.00,CFL=18.16/22.27
12-30 20:07:17.008  8373  8496 I VrApi   : FPS=72/72,Prd=0ms,Tear=0,Early=0,Stale=0,VSnc=1,Lat=0,Fov=0,CPU4/GPU=2/2,1171/441MHz,OC=FF,TA=0/70/0,SP=N/F/N,Mem=1804MHz,Free=8403MB,PLS=0,Temp=20.2C/0.0C,TW=4.34ms,App=0.91ms,GD=0.00ms,CPU&GPU=13.92ms,LCnt=1(DR72,LM0),GPU%=0.40,CPU%=0.11(W0.17),DSF=1.00,CFL=18.27/21.90
12-30 20:07:18.007  8373  8496 I VrApi   : FPS=72/72,Prd=0ms,Tear=0,Early=0,Stale=0,VSnc=1,Lat=0,Fov=0,CPU4/GPU=2/2,1171/441MHz,OC=FF,TA=0/70/0,SP=N/F/N,Mem=1555MHz,Free=8403MB,PLS=0,Temp=20.2C/0.0C,TW=4.34ms,App=0.91ms,GD=0.00ms,CPU&GPU=13.91ms,LCnt=1(DR72,LM0),GPU%=0.39,CPU%=0.18(W0.21),DSF=1.00,CFL=18.25/21.95
12-30 20:07:19.008  8373  8496 I VrApi   : FPS=72/72,Prd=0ms,Tear=0,Early=0,Stale=0,VSnc=1,Lat=0,Fov=0,CPU4/GPU=2/2,1171/441MHz,OC=FF,TA=0/70/0,SP=N/F/N,Mem=1804MHz,Free=8403MB,PLS=0,Temp=20.2C/0.0C,TW=4.34ms,App=0.91ms,GD=0.00ms,CPU&GPU=13.91ms,LCnt=1(DR72,LM0),GPU%=0.40,CPU%=0.08(W0.14),DSF=1.00,CFL=18.15/22.58
12-30 20:07:20.008  8373  8496 I VrApi   : FPS=72/72,Prd=0ms,Tear=0,Early=0,Stale=0,VSnc=1,Lat=0,Fov=0,CPU4/GPU=2/2,1171/441MHz,OC=FF,TA=0/70/0,SP=N/F/N,Mem=1804MHz,Free=8403MB,PLS=0,Temp=20.2C/0.0C,TW=4.33ms,App=0.92ms,GD=0.00ms,CPU&GPU=13.91ms,LCnt=1(DR72,LM0),GPU%=0.39,CPU%=0.08(W0.18),DSF=1.00,CFL=18.25/22.42
12-30 20:07:21.008  8373  8496 I VrApi   : FPS=72/72,Prd=0ms,Tear=0,Early=0,Stale=0,VSnc=1,Lat=0,Fov=0,CPU4/GPU=2/2,1171/441MHz,OC=FF,TA=0/70/0,SP=N/F/N,Mem=2092MHz,Free=8403MB,PLS=0,Temp=20.2C/0.0C,TW=4.34ms,App=0.97ms,GD=0.00ms,CPU&GPU=13.91ms,LCnt=1(DR72,LM0),GPU%=0.39,CPU%=0.12(W0.21),DSF=1.00,CFL=18.25/22.47
12-30 20:07:22.008  8373  8496 I VrApi   : FPS=72/72,Prd=0ms,Tear=0,Early=0,Stale=0,VSnc=1,Lat=0,Fov=0,CPU4/GPU=2/2,1171/441MHz,OC=FF,TA=0/70/0,SP=N/F/N,Mem=2092MHz,Free=8403MB,PLS=0,Temp=20.2C/0.0C,TW=4.20ms,App=0.95ms,GD=0.00ms,CPU&GPU=13.92ms,LCnt=1(DR72,LM0),GPU%=0.40,CPU%=0.11(W0.17),DSF=1.00,CFL=18.13/21.94
12-30 20:07:22.233  8373  8397 W VrApi   : ovr_SubmitFrameInternal: FrameIndex discontinuity: Expected 1332, Received 1333
12-30 20:07:23.008  8373  8496 I VrApi   : FPS=69/72,Prd=0ms,Tear=0,Early=0,Stale=0,VSnc=1,Lat=0,Fov=0,CPU4/GPU=2/2,1171/441MHz,OC=FF,TA=0/70/0,SP=N/F/N,Mem=2092MHz,Free=8403MB,PLS=0,Temp=20.2C/0.0C,TW=4.50ms,App=0.93ms,GD=0.00ms,CPU&GPU=14.44ms,LCnt=1(DR72,LM0),GPU%=0.39,CPU%=0.12(W0.17),DSF=1.00,CFL=18.29/22.36
12-30 20:07:24.012  8373  8496 I VrApi   : FPS=72/72,Prd=0ms,Tear=0,Early=0,Stale=9,VSnc=1,Lat=0,Fov=0,CPU4/GPU=2/2,1171/441MHz,OC=FF,TA=0/70/0,SP=N/F/N,Mem=2092MHz,Free=8392MB,PLS=0,Temp=20.2C/0.0C,TW=4.48ms,App=0.94ms,GD=0.00ms,CPU&GPU=13.91ms,LCnt=1(DR72,LM0),GPU%=0.39,CPU%=0.07(W0.14),DSF=1.00,CFL=18.24/21.66
12-30 20:07:25.008  8373  8496 I VrApi   : FPS=72/72,Prd=0ms,Tear=0,Early=0,Stale=0,VSnc=1,Lat=0,Fov=0,CPU4/GPU=2/2,1171/441MHz,OC=FF,TA=0/70/0,SP=N/F/N,Mem=2092MHz,Free=8392MB,PLS=0,Temp=20.2C/0.0C,TW=4.34ms,App=0.85ms,GD=0.00ms,CPU&GPU=13.92ms,LCnt=1(DR72,LM0),GPU%=0.39,CPU%=0.05(W0.05),DSF=1.00,CFL=18.23/22.07
12-30 20:07:26.008  8373  8496 I VrApi   : FPS=72/72,Prd=0ms,Tear=0,Early=0,Stale=0,VSnc=1,Lat=0,Fov=0,CPU4/GPU=2/2,1171/441MHz,OC=FF,TA=0/70/0,SP=N/F/N,Mem=1555MHz,Free=8392MB,PLS=0,Temp=20.2C/0.0C,TW=4.34ms,App=0.96ms,GD=0.00ms,CPU&GPU=13.91ms,LCnt=1(DR72,LM0),GPU%=0.40,CPU%=0.07(W0.10),DSF=1.00,CFL=18.22/22.02
12-30 20:07:27.008  8373  8496 I VrApi   : FPS=72/72,Prd=0ms,Tear=0,Early=0,Stale=2,VSnc=1,Lat=0,Fov=0,CPU4/GPU=2/2,1171/441MHz,OC=FF,TA=0/70/0,SP=N/F/N,Mem=2092MHz,Free=8392MB,PLS=0,Temp=20.2C/0.0C,TW=4.50ms,App=1.15ms,GD=0.00ms,CPU&GPU=13.08ms,LCnt=1(DR72,LM0),GPU%=0.41,CPU%=0.08(W0.14),DSF=1.00,CFL=18.22/22.23
12-30 20:07:28.008  8373  8496 I VrApi   : FPS=72/72,Prd=0ms,Tear=0,Early=0,Stale=2,VSnc=1,Lat=0,Fov=0,CPU4/GPU=2/2,1171/441MHz,OC=FF,TA=0/70/0,SP=N/F/N,Mem=2092MHz,Free=8392MB,PLS=0,Temp=20.2C/0.0C,TW=4.35ms,App=1.18ms,GD=0.00ms,CPU&GPU=12.61ms,LCnt=1(DR72,LM0),GPU%=0.40,CPU%=0.08(W0.14),DSF=1.00,CFL=18.10/22.51
