12-30 20:12:22.026  8373  8496 I VrApi   : FPS=72/72,Prd=0ms,Tear=0,Early=0,Stale=8,VSnc=1,Lat=0,Fov=0,CPU4/GPU=2/2,1171/441MHz,OC=FF,TA=0/70/0,SP=N/F/N,Mem=1555MHz,Free=8397MB,PLS=0,Temp=20.0C/0.0C,TW=4.48ms,App=0.97ms,GD=0.00ms,CPU&GPU=13.91ms,LCnt=1(DR72,LM0),GPU%=0.39,CPU%=0.07(W0.10),DSF=1.00,CFL=18.19/21.85
12-30 20:12:23.026  8373  8496 I VrApi   : FPS=72/72,Prd=0ms,Tear=0,Early=0,Stale=0,VSnc=1,Lat=0,Fov=0,CPU4/GPU=2/2,1171/441MHz,OC=FF,TA=0/70/0,SP=N/F/N,Mem=1555MHz,Free=8397MB,PLS=0,Temp=20.0C/0.0C,TW=4.20ms,App=0.97ms,GD=0.00ms,CPU&GPU=13.92ms,LCnt=1(DR72,LM0),GPU%=0.39,CPU%=0.05(W0.05),DSF=1.00,CFL=17.82/22.29
12-30 20:12:24.030  8373  8496 I VrApi   : FPS=72/72,Prd=0ms,Tear=0,Early=0,Stale=0,VSnc=1,Lat=0,Fov=0,CPU4/GPU=2/2,1171/441MHz,OC=FF,TA=0/70/0,SP=N/F/N,Mem=1555MHz,Free=8409MB,PLS=0,Temp=20.0C/0.0C,TW=4.19ms,App=0.95ms,GD=0.00ms,CPU&GPU=13.91ms,LCnt=1(DR72,LM0),GPU%=0.39,CPU%=0.07(W0.10),DSF=1.00,CFL=17.89/21.56
12-30 20:12:24.991  8373  8397 W VrApi   : ovr_SubmitFrameInternal: FrameIndex discontinuity: Expected 22932, Received 22933
12-30 20:12:25.026  8373  8496 I VrApi   : FPS=72/72,Prd=0ms,Tear=0,Early=0,Stale=0,VSnc=1,Lat=0,Fov=0,CPU4/GPU=2/2,1171/441MHz,OC=FF,TA=0/70/0,SP=N/F/N,Mem=1555MHz,Free=8409MB,PLS=0,Temp=20.0C/0.0C,TW=4.34ms,App=0.99ms,GD=0.00ms,CPU&GPU=13.92ms,LCnt=1(DR72,LM0),GPU%=0.39,CPU%=0.08(W0.10),DSF=1.00,CFL=18.14/21.70
12-30 20:12:26.026  8373  8496 I VrApi   : FPS=69/72,Prd=0ms,Tear=0,Early=0,Stale=3,VSnc=1,Lat=0,Fov=0,CPU4/GPU=2/2,1171/441MHz,OC=FF,TA=0/70/0,SP=N/F/N,Mem=1555MHz,Free=8409MB,PLS=0,Temp=20.0C/0.0C,TW=4.50ms,App=1.02ms,GD=0.00ms,CPU&GPU=14.13ms,LCnt=1(DR72,LM0),GPU%=0.40,CPU%=0.08(W0.14),DSF=1.00,CFL=17.95/22.41
12-30 20:12:27.027  8373  8496 I VrApi   : FPS=72/72,Prd=0ms,Tear=0,Early=0,Stale=9,VSnc=1,Lat=0,Fov=0,CPU4/GPU=2/2,1171/441MHz,OC=FF,TA=0/70/0,SP=N/F/N,Mem=1555MHz,Free=8409MB,PLS=0,Temp=20.0C/0.0C,TW=4.34ms,App=0.97ms,GD=0.00ms,CPU&GPU=13.91ms,LCnt=1(DR72,LM0),GPU%=0.40,CPU%=0.05(W0.05),DSF=1.00,CFL=17.92/21.65
12-30 20:12:28.027  8373  8496 I VrApi   : FPS=72/72,Prd=0ms,Tear=0,Early=0,Stale=0,VSnc=1,Lat=0,Fov=0,CPU4/GPU=2/2,1171/441MHz,OC=FF,TA=0/70/0,SP=N/F/N,Mem=1555MHz,Free=8409MB,PLS=0,Temp=20.0C/0.0C,TW=4.19ms,App=0.99ms,GD=0.00ms,CPU&GPU=13.92ms,LCnt=1(DR72,LM0),GPU%=0.40,CPU%=0.07(W0.10),DSF=1.00,CFL=17.92/21.42
12-30 20:12:28.123  8373  8397 W VrApi   : ovr_SubmitFrameInternal: FrameIndex discontinuity: Expected 23154, Received 23155
12-30 20:12:29.026  8373  8496 I VrApi   : FPS=68/72,Prd=0ms,Tear=0,Early=0,Stale=0,VSnc=1,Lat=0,Fov=0,CPU4/GPU=2/2,1171/441MHz,OC=FF,TA=0/70/0,SP=N/F/N,Mem=1804MHz,Free=8409MB,PLS=0,Temp=20.0C/0.0C,TW=4.50ms,App=1.00ms,GD=0.00ms,CPU&GPU=14.66ms,LCnt=1(DR72,LM0),GPU%=0.40,CPU%=0.09(W0.14),DSF=1.00,CFL=17.90/21.86
12-30 20:12:30.027  8373  8496 I VrApi   : FPS=72/72,Prd=0ms,Tear=0,Early=0,Stale=8,VSnc=1,Lat=0,Fov=0,CPU4/GPU=2/2,1171/441MHz,OC=FF,TA=0/70/0,SP=N/F/N,Mem=1804MHz,Free=8409MB,PLS=0,Temp=20.2C/0.0C,TW=4.19ms,App=0.98ms,GD=0.00ms,CPU&GPU=13.92ms,LCnt=1(DR72,LM0),GPU%=0.39,CPU%=0.09(W0.18),DSF=1.00,CFL=17.85/22.56
12-30 20:12:30.750  8373  8397 W VrApi   : ovr_SubmitFrameInternal: FrameIndex discontinuity: Expected 23342, Received 23343
12-30 20:12:30.810  8373  8397 W VrApi   : ovr_SubmitFrameInternal: FrameIndex discontinuity: Expected 23344, Received 23345
12-30 20:12:31.027  8373  8496 I VrApi   : FPS=72/72,Prd=0ms,Tear=0,Early=0,Stale=0,VSnc=1,Lat=0,Fov=0,CPU4/GPU=2/2,1171/441MHz,OC=FF,TA=0/70/0,SP=N/F/N,Mem=1555MHz,Free=8409MB,PLS=0,Temp=20.2C/0.0C,TW=4.48ms,App=1.02ms,GD=0.00ms,CPU&GPU=13.91ms,LCnt=1(DR72,LM0),GPU%=0.40,CPU%=0.05(W0.10),DSF=1.00,CFL=17.86/21.68
12-30 20:12:32.027  8373  8496 I VrApi   : FPS=67/72,Prd=0ms,Tear=0,Early=0,Stale=9,VSnc=1,Lat=0,Fov=0,CPU4/GPU=2/2,1171/441MHz,OC=FF,TA=0/70/0,SP=N/F/N,Mem=1555MHz,Free=8409MB,PLS=0,Temp=20.2C/0.0C,TW=4.48ms,App=0.94ms,GD=0.00ms,CPU&GPU=14.83ms,LCnt=1(DR72,LM0),GPU%=0.39,CPU%=0.05(W0.10),DSF=1.00,CFL=18.05/21.51
12-30 20:12:33.027  8373  8496 I VrApi   : FPS=72/72,Prd=0ms,Tear=0,Early=0,Stale=0,VSnc=1,Lat=0,Fov=0,CPU4/GPU=2/2,1171/441MHz,OC=FF,TA=0/70/0,SP=N/F/N,Mem=1555MHz,Free=8409MB,PLS=0,Temp=20.2C/0.0C,TW=4.35ms,App=0.97ms,GD=0.00ms,CPU&GPU=13.91ms,LCnt=1(DR72,LM0),GPU%=0.39,CPU%=0.18(W0.21),DSF=1.00,CFL=18.07/22.04
12-30 20:12:34.027  8373  8496 I VrApi   : FPS=72/72,Prd=0ms,Tear=0,Early=0,Stale=0,VSnc=1,Lat=0,Fov=0,CPU4/GPU=2/2,1171/441MHz,OC=FF,TA=0/70/0,SP=N/F/N,Mem=1555MHz,Free=8409MB,PLS=0,Temp=20.2C/0.0C,TW=4.34ms,App=1.11ms,GD=0.00ms,CPU&GPU=13.01ms,LCnt=1(DR72,LM0),GPU%=0.40,CPU%=0.06(W0.14),DSF=1.00,CFL=17.99/21.72
12-30 20:12:35.027  8373  8496 I VrApi   : FPS=72/72,Prd=0ms,Tear=0,Early=0,Stale=2,VSnc=1,Lat=0,Fov=0,CPU4/GPU=2/2,1171/441MHz,OC=FF,TA=0/70/0,SP=N/F/N,Mem=1555MHz,Free=8409MB,PLS=0,Temp=20.2C/0.0C,TW=4.50ms,App=1.13ms,GD=0.00ms,CPU&GPU=12.60ms,LCnt=1(DR72,LM0),GPU%=0.41,CPU%=0.05(W0.10),DSF=1.00,CFL=17.78/21.89
12-30 20:12:36.026  8373  8496 I VrApi   : FPS=72/72,Prd=0ms,Tear=0,Early=0,Stale=0,VSnc=1,Lat=0,Fov=0,CPU4/GPU=2/2,1171/441MHz,OC=FF,TA=0/70/0,SP=N/F/N,Mem=2092MHz,Free=8409MB,PLS=0,Temp=20.2C/0.0C,TW=4.49ms,App=1.21ms,GD=0.00ms,CPU&GPU=12.61ms,LCnt=1(DR72,LM0),GPU%=0.41,CPU%=0.03(W0.10),DSF=1.00,CFL=17.96/22.15
12-30 20:12:37.027  8373  8496 I VrApi   : FPS=70/72,Prd=0ms,Tear=0,Early=0,Stale=6,VSnc=1,Lat=0,Fov=0,CPU4/GPU=2/2,1171/441MHz,OC=FF,TA=0/70/0,SP=N/F/N,Mem=1555MHz,Free=8409MB,PLS=0,Temp=20.2C/0.0C,TW=4.49ms,App=0.95ms,GD=0.00ms,CPU&GPU=14.08ms,LCnt=1(DR72,LM0),GPU%=0.40,CPU%=0.15(W0.18),DSF=1.00,CFL=17.82/22.08
12-30 20:12:38.027  8373  8496 I VrApi   : FPS=72/72,Prd=0ms,Tear=0,Early=0,Stale=3,VSnc=1,Lat=0,Fov=0,CPU4/GPU=2/2,1171/441MHz,OC=FF,TA=0/70/0,SP=N/F/N,Mem=1555MHz,Free=8409MB,PLS=0,Temp=20.2C/0.0C,TW=4.35ms,App=1.05ms,GD=0.00ms,CPU&GPU=13.92ms,LCnt=1(DR72,LM0),GPU%=0.40,CPU%=0.03(W0.10),DSF=1.00,CFL=17.99/21.61
12-30 20:12:38.378  8373  8397 W VrApi   : ovr_SubmitFrameInternal: FrameIndex discontinuity: Expected 23884, Received 23885
12-30 20:12:38.397  8373  8397 W VrApi   : ovr_SubmitFrameInternal: FrameIndex discontinuity: Expected 23886, Received 23887
12-30 20:12:39.027  8373  8496 I VrApi   : FPS=68/72,Prd=0ms,Tear=0,Early=0,Stale=0,VSnc=1,Lat=0,Fov=0,CPU4/GPU=2/2,1171/441MHz,OC=FF,TA=0/70/0,SP=N/F/N,Mem=1555MHz,Free=8409MB,PLS=0,Temp=20.5C/0.0C,TW=4.20ms,App=1.25ms,GD=0.00ms,CPU&GPU=14.56ms,LCnt=1(DR72,LM0),GPU%=0.40,CPU%=0.05(W0.10),DSF=1.00,CFL=18.10/21.88
12-30 20:12:40.028  8373  8496 I VrApi   : FPS=72/72,Prd=0ms,Tear=0,Early=0,Stale=7,VSnc=1,Lat=0,Fov=0,CPU4/GPU=2/2,1171/441MHz,OC=FF,TA=0/70/0,SP=N/F/N,Mem=1804MHz,Free=8409MB,PLS=0,Temp=20.5C/0.0C,TW=4.49ms,App=0.99ms,GD=0.00ms,CPU&GPU=13.92ms,LCnt=1(DR72,LM0),GPU%=0.39,CPU%=0.11(W0.18),DSF=1.00,CFL=18.04/21.94
12-30 20:12:41.027  8373  8496 I VrApi   : FPS=72/72,Prd=0ms,Tear=0,Early=0,Stale=0,VSnc=1,Lat=0,Fov=0,CPU4/GPU=2/2,1171/441MHz,OC=FF,TA=0/70/0,SP=N/F/N,Mem=1804MHz,Free=8409MB,PLS=0,Temp=20.5C/0.0C,TW=4.34ms,App=0.99ms,GD=0.00ms,CPU&GPU=13.92ms,LCnt=1(DR72,LM0),GPU%=0.40,CPU%=0.07(W0.10),DSF=1.00,CFL=17.82/21.57
12-30 20:12:42.027  8373  8496 I VrApi   : FPS=72/72,Prd=0ms,Tear=0,Early=0,Stale=0,VSnc=1,Lat=0,Fov=0,CPU4/GPU=2/2,1171/441MHz,OC=FF,TA=0/70/0,SP=N/F/N,Mem=1804MHz,Free=8409MB,PLS=0,Temp=20.5C/0.0C,TW=4.34ms,App=1.08ms,GD=0.00ms,CPU&GPU=13.91ms,LCnt=1(DR72,LM0),GPU%=0.40,CPU%=0.07(W0.10),DSF=1.00,CFL=18.01/21.75
12-30 20:12:43.027  8373  8496 I VrApi   : FPS=73/72,Prd=0ms,Tear=0,Early=0,Stale=2,VSnc=1,Lat=0,Fov=0,CPU4/GPU=2/2,1171/441MHz,OC=FF,TA=0/70/0,SP=N/F/N,Mem=1555MHz,Free=8409MB,PLS=0,Temp=20.5C/0.0C,TW=4.20ms,App=1.23ms,GD=0.00ms,CPU&GPU=12.59ms,LCnt=1(DR72,LM0),GPU%=0.41,CPU%=0.12(W0.18),DSF=1.00,CFL=17.81/21.49
12-30 20:12:44.032  8373  8496 I VrApi   : FPS=72/72,Prd=0ms,Tear=0,Early=0,Stale=0,VSnc=1,Lat=0,Fov=0,CPU4/GPU=2/2,1171/441MHz,OC=FF,TA=0/70/0,SP=N/F/N,Mem=1555MHz,Free=8393MB,PLS=0,Temp=20.5C/0.0C,TW=4.48ms,App=1.08ms,GD=0.00ms,CPU&GPU=12.61ms,LCnt=1(DR72,LM0),GPU%=0.41,CPU%=0.08(W0.10),DSF=1.00,CFL=18.00/22.17
12-30 20:12:45.027  8373  8496 I VrApi   : FPS=72/72,Prd=0ms,Tear=0,Early=0,Stale=0,VSnc=1,Lat=0,Fov=0,CPU4/GPU=2/2,1171/441MHz,OC=FF,TA=0/70/0,SP=N/F/N,Mem=1555MHz,Free=8393MB,PLS=0,Temp=20.5C/0.0C,TW=4.21ms,App=1.16ms,GD=0.00ms,CPU&GPU=12.65ms,LCnt=1(DR72,LM0),GPU%=0.41,CPU%=0.08(W0.10),DSF=1.00,CFL=18.12/21.71
12-30 20:12:45.983  8373  8397 W VrApi   : ovr_SubmitFrameInternal: FrameIndex discontinuity: Expected 24429, Received 24430
12-30 20:12:46.028  8373  8496 I VrApi   : FPS=72/72,Prd=0ms,Tear=0,Early=0,Stale=3,VSnc=1,Lat=0,Fov=0,CPU4/GPU=2/2,1171/441MHz,OC=FF,TA=0/70/0,SP=N/F/N,Mem=1555MHz,Free=8393MB,PLS=0,Temp=20.5C/0.0C,TW=4.36ms,App=1.04ms,GD=0.00ms,CPU&GPU=13.40ms,LCnt=1(DR72,LM0),GPU%=0.40,CPU%=0.06(W0.14),DSF=1.00,CFL=17.93/21.57
12-30 20:12:47.027  8373  8496 I VrApi   : FPS=69/72,Prd=0ms,Tear=0,Early=0,Stale=1,VSnc=1,Lat=0,Fov=0,CPU4/GPU=2/2,1171/441MHz,OC=FF,TA=0/70/0,SP=N/F/N,Mem=1555MHz,Free=8393MB,PLS=0,Temp=20.5C/0.0C,TW=4.21ms,App=0.99ms,GD=0.00ms,CPU&GPU=14.36ms,LCnt=1(DR72,LM0),GPU%=0.40,CPU%=0.13(W0.24),DSF=1.00,CFL=18.02/22.25
12-30 20:12:48.028  8373  8496 I VrApi   : FPS=72/72,Prd=0ms,Tear=0,Early=0,Stale=6,VSnc=1,Lat=0,Fov=0,CPU4/GPU=2/2,1171/441MHz,OC=FF,TA=0/70/0,SP=N/F/N,Mem=1555MHz,Free=8393MB,PLS=0,Temp=20.5C/0.0C,TW=4.49ms,App=0.99ms,GD=0.00ms,CPU&GPU=13.92ms,LCnt=1(DR72,LM0),GPU%=0.40,CPU%=0.05(W0.10),DSF=1.00,CFL=18.10/21.96
12-30 20:12:49.028  8373  8496 I VrApi   : FPS=72/72,Prd=0ms,Tear=0,Early=0,Stale=0,VSnc=1,Lat=0,Fov=0,CPU4/GPU=2/2,1171/441MHz,OC=FF,TA=0/70/0,SP=N/F/N,Mem=1555MHz,Free=8393MB,PLS=0,Temp=20.5C/0.0C,TW=4.35ms,App=1.01ms,GD=0.00ms,CPU&GPU=13.92ms,LCnt=1(DR72,LM0),GPU%=0.40,CPU%=0.07(W0.14),DSF=1.00,CFL=18.14/21.60
12-30 20:12:50.028  8373  8496 I VrApi   : FPS=72/72,Prd=0ms,Tear=0,Early=0,Stale=0,VSnc=1,Lat=0,Fov=0,CPU4/GPU=2/2,1171/441MHz,OC=FF,TA=0/70/0,SP=N/F/N,Mem=1555MHz,Free=8393MB,PLS=0,Temp=20.5C/0.0C,TW=4.20ms,App=0.92ms,GD=0.00ms,CPU&GPU=13.91ms,LCnt=1(DR72,LM0),GPU%=0.39,CPU%=0.10(W0.14),DSF=1.00,CFL=17.93/21.92
12-30 20:12:51.028  8373  8496 I VrApi   : FPS=72/72,Prd=0ms,Tear=0,Early=0,Stale=0,VSnc=1,Lat=0,Fov=0,CPU4/GPU=2/2,1171/441MHz,OC=FF,TA=0/70/0,SP=N/F/N,Mem=1804MHz,Free=8393MB,PLS=0,Temp=20.5C/0.0C,TW=4.19ms,App=0.91ms,GD=0.00ms,CPU&GPU=13.91ms,LCnt=1(DR72,LM0),GPU%=0.39,CPU%=0.10(W0.14),DSF=1.00,CFL=17.76/21.81
12-30 20:12:52.028  8373  8496 I VrApi   : FPS=72/72,Prd=0ms,Tear=0,Early=0,Stale=0,VSnc=1,Lat=0,Fov=0,CPU4/GPU=2/2,1171/441MHz,OC=FF,TA=0/70/0,SP=N/F/N,Mem=1804MHz,Free=8393MB,PLS=0,Temp=20.5C/0.0C,TW=4.34ms,App=0.91ms,GD=0.00ms,CPU&GPU=13.92ms,LCnt=1(DR72,LM0),GPU%=0.39,CPU%=0.07(W0.10),DSF=1.00,CFL=17.95/21.53
12-30 20:12:53.028  8373  8496 I VrApi   : FPS=72/72,Prd=0ms,Tear=0,Early=0,Stale=0,VSnc=1,Lat=0,Fov=0,CPU4/GPU=2/2,1171/441MHz,OC=FF,TA=0/70/0,SP=N/F/N,Mem=1804MHz,Free=8393MB,PLS=0,Temp=20.5C/0.0C,TW=4.18ms,App=1.06ms,GD=0.00ms,CPU&GPU=12.92ms,LCnt=1(DR72,LM0),GPU%=0.40,CPU%=0.07(W0.10),DSF=1.00,CFL=17.95/21.69
12-30 20:12:54.028  8373  8496 I VrApi   : FPS=72/72,Prd=0ms,Tear=0,Early=0,Stale=4,VSnc=1,Lat=0,Fov=0,CPU4/GPU=2/2,1171/441MHz,OC=FF,TA=0/70/0,SP=N/F/N,Mem=1555MHz,Free=8393MB,PLS=0,Temp=20.5C/0.0C,TW=4.34ms,App=1.06ms,GD=0.00ms,CPU&GPU=12.61ms,LCnt=1(DR72,LM0),GPU%=0.40,CPU%=0.03(W0.09),DSF=1.00,CFL=17.82/21.68
12-30 20:12:55.028  8373  8496 I VrApi   : FPS=72/72,Prd=0ms,Tear=0,Early=0,Stale=0,VSnc=1,Lat=0,Fov=0,CPU4/GPU=2/2,1171/441MHz,OC=FF,TA=0/70/0,SP=N/F/N,Mem=1555MHz,Free=8393MB,PLS=0,Temp=20.5C/0.0C,TW=4.50ms,App=1.13ms,GD=0.00ms,CPU&GPU=12.61ms,LCnt=1(DR72,LM0),GPU%=0.41,CPU%=0.14(W0.14),DSF=1.00,CFL=17.88/22.14
12-30 20:12:56.028  8373  8496 I VrApi   : FPS=72/72,Prd=0ms,Tear=0,Early=0,Stale=0,VSnc=1,Lat=0,Fov=0,CPU4/GPU=2/2,1171/441MHz,OC=FF,TA=0/70/0,SP=N/F/N,Mem=1555MHz,Free=8393MB,PLS=0,Temp=20.2C/0.0C,TW=4.35ms,App=1.08ms,GD=0.00ms,CPU&GPU=12.61ms,LCnt=1(DR72,LM0),GPU%=0.41,CPU%=0.09(W0.17),DSF=1.00,CFL=17.87/21.95
12-30 20:12:57.028  8373  8496 I VrApi   : FPS=72/72,Prd=0ms,Tear=0,Early=0,Stale=0,VSnc=1,Lat=0,Fov=0,CPU4/GPU=2/2,1171/441MHz,OC=FF,TA=0/70/0,SP=N/F/N,Mem=1555MHz,Free=8393MB,PLS=0,Temp=20.2C/0.0C,TW=4.35ms,App=1.10ms,GD=0.00ms,CPU&GPU=12.59ms,LCnt=1(DR72,LM0),GPU%=0.41,CPU%=0.08(W0.14),DSF=1.00,CFL=17.78/21.98
12-30 20:12:58.028  8373  8496 I VrApi   : FPS=72/72,Prd=0ms,Tear=0,Early=0,Stale=0,VSnc=1,Lat=0,Fov=0,CPU4/GPU=2/2,1171/441MHz,OC=FF,TA=0/70/0,SP=N/F/N,Mem=1555MHz,Free=8393MB,PLS=0,Temp=20.2C/0.0C,TW=4.49ms,App=1.12ms,GD=0.00ms,CPU&GPU=12.61ms,LCnt=1(DR72,LM0),GPU%=0.41,CPU%=0.12(W0.21),DSF=1.00,CFL=17.97/21.98
12-30 20:12:59.028  8373  8496 I VrApi   : FPS=72/72,Prd=0ms,Tear=0,Early=0,Stale=0,VSnc=1,Lat=0,Fov=0,CPU4/GPU=2/2,1171/441MHz,OC=FF,TA=0/70/0,SP=N/F/N,Mem=1555MHz,Free=8393MB,PLS=0,Temp=20.2C/0.0C,TW=4.35ms,App=1.13ms,GD=0.00ms,CPU&GPU=12.64ms,LCnt=1(DR72,LM0),GPU%=0.41,CPU%=0.05(W0.10),DSF=1.00,CFL=17.98/21.67
12-30 20:13:00.032  8373  8496 I VrApi   : FPS=72/72,Prd=0ms,Tear=0,Early=0,Stale=2,VSnc=1,Lat=0,Fov=0,CPU4/GPU=2/2,1171/441MHz,OC=FF,TA=0/70/0,SP=N/F/N,Mem=1555MHz,Free=8393MB,PLS=0,Temp=20.2C/0.0C,TW=4.34ms,App=1.04ms,GD=0.00ms,CPU&GPU=12.60ms,LCnt=1(DR72,LM0),GPU%=0.40,CPU%=0.05(W0.14),DSF=1.00,CFL=17.91/21.42
12-30 20:13:01.029  8373  8496 I VrApi   : FPS=72/72,Prd=0ms,Tear=0,Early=0,Stale=0,VSnc=1,Lat=0,Fov=0,CPU4/GPU=2/2,1171/441MHz,OC=FF,TA=0/70/0,SP=N/F/N,Mem=1555MHz,Free=8393MB,PLS=0,Temp=20.2C/0.0C,TW=4.33ms,App=0.99ms,GD=0.00ms,CPU&GPU=12.59ms,LCnt=1(DR72,LM0),GPU%=0.40,CPU%=0.08(W0.10),DSF=1.00,CFL=18.03/21.86
12-30 20:13:02.029  8373  8496 I VrApi   : FPS=72/72,Prd=0ms,Tear=0,Early=0,Stale=0,VSnc=1,Lat=0,Fov=0,CPU4/GPU=2/2,1171/441MHz,OC=FF,TA=0/70/0,SP=N/F/N,Mem=1804MHz,Free=8393MB,PLS=0,Temp=20.2C/0.0C,TW=4.34ms,App=0.99ms,GD=0.00ms,CPU&GPU=12.60ms,LCnt=1(DR72,LM0),GPU%=0.40,CPU%=0.08(W0.10),DSF=1.00,CFL=17.82/22.26
12-30 20:13:03.029  8373  8496 I VrApi   : FPS=72/72,Prd=0ms,Tear=0,Early=0,Stale=0,VSnc=1,Lat=0,Fov=0,CPU4/GPU=2/2,1171/441MHz,OC=FF,TA=0/70/0,SP=N/F/N,Mem=1804MHz,Free=8393MB,PLS=0,Temp=20.2C/0.0C,TW=4.35ms,App=1.07ms,GD=0.00ms,CPU&GPU=12.60ms,LCnt=1(DR72,LM0),GPU%=0.41,CPU%=0.08(W0.10),DSF=1.00,CFL=18.09/21.75
12-30 20:13:04.033  8373  8496 I VrApi   : FPS=72/72,Prd=0ms,Tear=0,Early=0,Stale=0,VSnc=1,Lat=0,Fov=0,CPU4/GPU=2/2,1171/441MHz,OC=FF,TA=0/70/0,SP=N/F/N,Mem=1804MHz,Free=8397MB,PLS=0,Temp=20.2C/0.0C,TW=4.19ms,App=0.96ms,GD=0.00ms,CPU&GPU=12.61ms,LCnt=1(DR72,LM0),GPU%=0.40,CPU%=0.08(W0.17),DSF=1.00,CFL=18.06/22.42
12-30 20:13:05.029  8373  8496 I VrApi   : FPS=72/72,Prd=0ms,Tear=0,Early=0,Stale=0,VSnc=1,Lat=0,Fov=0,CPU4/GPU=2/2,1171/441MHz,OC=FF,TA=0/70/0,SP=N/F/N,Mem=1555MHz,Free=8397MB,PLS=0,Temp=20.2C/0.0C,TW=4.21ms,App=1.07ms,GD=0.00ms,CPU&GPU=12.61ms,LCnt=1(DR72,LM0),GPU%=0.40,CPU%=0.05(W0.05),DSF=1.00,CFL=17.99/22.36
12-30 20:13:06.029  8373  8496 I VrApi   : FPS=72/72,Prd=0ms,Tear=0,Early=0,Stale=0,VSnc=1,Lat=0,Fov=0,CPU4/GPU=2/2,1171/441MHz,OC=FF,TA=0/70/0,SP=N/F/N,Mem=1804MHz,Free=8397MB,PLS=0,Temp=20.0C/0.0C,TW=4.49ms,App=0.97ms,GD=0.00ms,CPU&GPU=12.91ms,LCnt=1(DR72,LM0),GPU%=0.41,CPU%=0.02(W0.05),DSF=1.00,CFL=17.98/21.78
12-30 20:13:06.895  8373  8397 W VrApi   : ovr_SubmitFrameInternal: FrameIndex discontinuity: Expected 25925, Received 25924
12-30 20:13:06.896  8373  8397 I VrApi   : ---------- vrapi_LeaveVrMode [start] ----------
12-30 20:13:06.899  8373  8397 D VrApi   : targetSDKVersion 29
12-30 20:13:06.904  8373  8496 I VrApi   : FPS=72/72,Prd=0ms,Tear=0,Early=0,Stale=5,VSnc=1,Lat=0,Fov=0,CPU4/GPU=2/2,1171/441MHz,OC=FF,TA=0/70/0,SP=N/F/N,Mem=2092MHz,Free=8397MB,PLS=0,Temp=20.0C/0.0C,TW=4.35ms,App=0.90ms,GD=0.00ms,CPU&GPU=13.92ms,LCnt=1(DR72,LM0),GPU%=0.39,CPU%=0.06(W0.10),DSF=1.00,CFL=17.97/21.61
12-30 20:13:06.913  8373  8397 I VrApi   : OVR::Stats thread stopped
12-30 20:13:06.940  8373  8397 I VrApi   : ---------- vrapi_LeaveVrMode [end] ----------
12-30 20:13:07.001  1977  2089 D VrApi   : targetSDKVersion 29
12-30 20:13:07.126  1977  2089 I VrApi   : OVR::Stats thread started
12-30 20:13:07.129  1977 17092 D VrApi   : targetSDKVersion 29
12-30 20:13:07.144  3230  3278 D VrApi   : targetSDKVersion 29
12-30 20:13:07.182  3230  3278 I VrApi   : OVR::Stats thread started
12-30 20:13:07.184  3230 17096 D VrApi   : targetSDKVersion 29
12-30 20:13:09.008  1977 17092 I VrApi   : FPS=81/90,Prd=26ms,Tear=0,Early=0,Stale=14,VSnc=0,Lat=-1,Fov=0,CPU4/GPU=2/3,2419/490MHz,OC=FF,TA=0/70/0,SP=N/F/N,Mem=2092MHz,Free=8363MB,PLS=0,Temp=20.0C/0.0C,TW=1.99ms,App=4.26ms,GD=0.34ms,CPU&GPU=8.80ms,LCnt=3(DR66,LM2),GPU%=0.71,CPU%=0.30(W0.35),DSF=1.00,CFL=16.48/28.17
12-30 20:13:09.080  8373  8397 I VrApi   : ------------ vrapi_DestroySystemVulkan -----------
12-30 20:13:09.087  8373  8397 I VrApi   : ------------ vrapi_Shutdown [start] -----------
12-30 20:13:09.087  8373  8397 W VrApi   : IsOvrValid: ovr == nullptr. Package: com.oculus.xrstreamingclient
12-30 20:13:09.105  8373  8397 I VrApi   : ------------ vrapi_Shutdown [end] -----------
12-30 20:13:10.002  1977 17092 I VrApi   : FPS=91/90,Prd=35ms,Tear=0,Early=61,Stale=0,VSnc=0,Lat=-1,Fov=0,CPU4/GPU=2/3,2419/490MHz,OC=FF,TA=0/70/0,SP=N/F/N,Mem=2092MHz,Free=8363MB,PLS=0,Temp=20.0C/0.0C,TW=2.04ms,App=3.16ms,GD=0.00ms,CPU&GPU=8.31ms,LCnt=3(DR0,LM2),GPU%=0.64,CPU%=0.33(W0.39),DSF=1.00,CFL=16.83/20.27
12-30 20:13:11.002  1977 17092 I VrApi   : FPS=90/90,Prd=31ms,Tear=0,Early=28,Stale=0,VSnc=0,Lat=-1,Fov=0,CPU4/GPU=2/3,2419/490MHz,OC=FF,TA=0/70/0,SP=N/F/N,Mem=2092MHz,Free=8363MB,PLS=0,Temp=20.0C/0.0C,TW=2.06ms,App=4.86ms,GD=0.00ms,CPU&GPU=7.49ms,LCnt=3(DR0,LM0),GPU%=0.64,CPU%=0.21(W0.24),DSF=1.00,CFL=16.85/20.24
12-30 20:13:12.002  1977 17092 I VrApi   : FPS=90/90,Prd=30ms,Tear=0,Early=0,Stale=0,VSnc=0,Lat=-1,Fov=0,CPU4/GPU=2/3,2419/490MHz,OC=FF,TA=0/70/0,SP=N/F/N,Mem=2092MHz,Free=8363MB,PLS=0,Temp=20.0C/0.0C,TW=2.08ms,App=5.03ms,GD=0.00ms,CPU&GPU=7.91ms,LCnt=3(DR0,LM0),GPU%=0.66,CPU%=0.16(W0.23),DSF=1.00,CFL=16.90/20.27
12-30 20:13:13.004  1977 17092 I VrApi   : FPS=90/90,Prd=29ms,Tear=0,Early=0,Stale=0,VSnc=0,Lat=-1,Fov=0,CPU4/GPU=2/3,1171/490MHz,OC=FF,TA=0/70/0,SP=N/F/N,Mem=1804MHz,Free=8363MB,PLS=0,Temp=20.0C/0.0C,TW=2.05ms,App=4.60ms,GD=0.00ms,CPU&GPU=8.12ms,LCnt=3(DR0,LM0),GPU%=0.63,CPU%=0.25(W0.35),DSF=1.00,CFL=16.91/20.18
12-30 20:13:14.006  1977 17092 I VrApi   : FPS=90/90,Prd=28ms,Tear=0,Early=0,Stale=0,VSnc=0,Lat=-1,Fov=0,CPU4/GPU=2/3,1171/490MHz,OC=FF,TA=0/70/0,SP=N/F/N,Mem=1804MHz,Free=8363MB,PLS=0,Temp=20.2C/0.0C,TW=1.73ms,App=4.63ms,GD=0.00ms,CPU&GPU=7.12ms,LCnt=1(DR18,LM0),GPU%=0.59,CPU%=0.24(W0.27),DSF=1.00,CFL=16.79/20.39
12-30 20:13:15.004  1977 17092 I VrApi   : FPS=90/90,Prd=27ms,Tear=0,Early=0,Stale=0,VSnc=0,Lat=-1,Fov=0,CPU4/GPU=2/3,1171/490MHz,OC=FF,TA=0/70/0,SP=N/F/N,Mem=1555MHz,Free=8363MB,PLS=0,Temp=20.2C/0.0C,TW=1.72ms,App=2.40ms,GD=0.00ms,CPU&GPU=3.83ms,LCnt=2(DR35,LM0),GPU%=0.41,CPU%=0.15(W0.25),DSF=1.00,CFL=16.77/20.62
12-30 20:13:16.004  1977 17092 I VrApi   : FPS=90/90,Prd=24ms,Tear=0,Early=0,Stale=0,VSnc=0,Lat=-1,Fov=0,CPU4/GPU=2/3,1171/490MHz,OC=FF,TA=0/70/0,SP=N/F/N,Mem=1555MHz,Free=8363MB,PLS=0,Temp=20.2C/0.0C,TW=1.88ms,App=2.28ms,GD=0.00ms,CPU&GPU=3.94ms,LCnt=2(DR0,LM0),GPU%=0.39,CPU%=0.11(W0.24),DSF=1.00,CFL=16.74/20.54
12-30 20:13:17.005  1977 17092 I VrApi   : FPS=90/90,Prd=24ms,Tear=0,Early=0,Stale=0,VSnc=0,Lat=-1,Fov=0,CPU4/GPU=2/3,1171/490MHz,OC=FF,TA=0/70/0,SP=N/F/N,Mem=1555MHz,Free=8363MB,PLS=0,Temp=20.2C/0.0C,TW=2.22ms,App=2.33ms,GD=0.00ms,CPU&GPU=4.30ms,LCnt=3(DR0,LM2),GPU%=0.56,CPU%=0.10(W0.21),DSF=1.00,CFL=16.77/20.31
12-30 20:13:18.007  1977 17092 I VrApi   : FPS=90/90,Prd=25ms,Tear=0,Early=0,Stale=0,VSnc=0,Lat=-1,Fov=0,CPU4/GPU=2/3,1171/490MHz,OC=FF,TA=0/70/0,SP=N/F/N,Mem=2092MHz,Free=8363MB,PLS=0,Temp=20.2C/0.0C,TW=2.22ms,App=1.50ms,GD=0.00ms,CPU&GPU=5.12ms,LCnt=3(DR0,LM2),GPU%=0.49,CPU%=0.08(W0.14),DSF=1.00,CFL=16.79/20.90
12-30 20:13:19.004  1977 17092 I VrApi   : FPS=90/90,Prd=22ms,Tear=0,Early=0,Stale=0,VSnc=0,Lat=-1,Fov=0,CPU4/GPU=2/3,1171/490MHz,OC=FF,TA=0/70/0,SP=N/F/N,Mem=1555MHz,Free=8363MB,PLS=0,Temp=20.2C/0.0C,TW=2.21ms,App=1.16ms,GD=0.00ms,CPU&GPU=1.96ms,LCnt=3(DR0,LM2),GPU%=0.46,CPU%=0.13(W0.21),DSF=1.00,CFL=16.80/20.70
12-30 20:13:20.006  1977 17092 I VrApi   : FPS=90/90,Prd=21ms,Tear=0,Early=0,Stale=0,VSnc=0,Lat=-1,Fov=0,CPU4/GPU=2/3,1171/490MHz,OC=FF,TA=0/70/0,SP=N/F/N,Mem=2092MHz,Free=8363MB,PLS=0,Temp=20.2C/0.0C,TW=2.22ms,App=1.16ms,GD=0.00ms,CPU&GPU=1.91ms,LCnt=3(DR0,LM2),GPU%=0.46,CPU%=0.13(W0.24),DSF=1.00,CFL=16.77/20.35
12-30 20:13:21.004  1977 17092 I VrApi   : FPS=90/90,Prd=21ms,Tear=0,Early=0,Stale=0,VSnc=0,Lat=-1,Fov=0,CPU4/GPU=2/3,1171/490MHz,OC=FF,TA=0/70/0,SP=N/F/N,Mem=1555MHz,Free=8363MB,PLS=0,Temp=20.2C/0.0C,TW=2.21ms,App=1.16ms,GD=0.00ms,CPU&GPU=1.93ms,LCnt=3(DR0,LM2),GPU%=0.47,CPU%=0.08(W0.20),DSF=1.00,CFL=16.66/20.51
12-30 20:13:22.004  1977 17092 I VrApi   : FPS=90/90,Prd=21ms,Tear=0,Early=0,Stale=0,VSnc=0,Lat=-1,Fov=0,CPU4/GPU=2/3,1171/490MHz,OC=FF,TA=0/70/0,SP=N/F/N,Mem=1555MHz,Free=8363MB,PLS=0,Temp=20.2C/0.0C,TW=2.21ms,App=1.16ms,GD=0.00ms,CPU&GPU=1.91ms,LCnt=3(DR0,LM2),GPU%=0.47,CPU%=0.08(W0.20),DSF=1.00,CFL=16.73/20.88
12-30 20:13:23.006  1977 17092 I VrApi   : FPS=90/90,Prd=21ms,Tear=0,Early=0,Stale=0,VSnc=0,Lat=-1,Fov=0,CPU4/GPU=2/3,1171/490MHz,OC=FF,TA=0/70/0,SP=N/F/N,Mem=1555MHz,Free=8363MB,PLS=0,Temp=20.2C/0.0C,TW=2.22ms,App=1.16ms,GD=0.00ms,CPU&GPU=1.96ms,LCnt=3(DR0,LM2),GPU%=0.45,CPU%=0.12(W0.20),DSF=1.00,CFL=16.91/20.28
12-30 20:13:24.005  1977 17092 I VrApi   : FPS=90/90,Prd=21ms,Tear=0,Early=0,Stale=0,VSnc=0,Lat=-1,Fov=0,CPU4/GPU=2/3,1171/490MHz,OC=FF,TA=0/70/0,SP=N/F/N,Mem=1555MHz,Free=8363MB,PLS=0,Temp=20.2C/0.0C,TW=2.22ms,App=1.26ms,GD=0.00ms,CPU&GPU=2.68ms,LCnt=3(DR0,LM2),GPU%=0.47,CPU%=0.12(W0.19),DSF=1.00,CFL=16.78/20.50
12-30 20:13:25.004  1977 17092 I VrApi   : FPS=90/90,Prd=22ms,Tear=0,Early=0,Stale=0,VSnc=0,Lat=-1,Fov=0,CPU4/GPU=2/3,1171/490MHz,OC=FF,TA=0/70/0,SP=N/F/N,Mem=1555MHz,Free=8363MB,PLS=0,Temp=20.2C/0.0C,TW=2.22ms,App=1.23ms,GD=0.00ms,CPU&GPU=3.48ms,LCnt=3(DR0,LM2),GPU%=0.46,CPU%=0.16(W0.25),DSF=1.00,CFL=16.83/20.98
12-30 20:13:26.003  1977 17092 I VrApi   : FPS=90/90,Prd=22ms,Tear=0,Early=0,Stale=0,VSnc=0,Lat=-1,Fov=0,CPU4/GPU=2/3,1171/490MHz,OC=FF,TA=0/70/0,SP=N/F/N,Mem=1555MHz,Free=8363MB,PLS=0,Temp=20.2C/0.0C,TW=2.23ms,App=1.26ms,GD=0.00ms,CPU&GPU=3.50ms,LCnt=3(DR0,LM2),GPU%=0.47,CPU%=0.09(W0.11),DSF=1.00,CFL=16.68/20.27
12-30 20:13:27.006  1977 17092 I VrApi   : FPS=90/90,Prd=22ms,Tear=0,Early=0,Stale=0,VSnc=0,Lat=-1,Fov=0,CPU4/GPU=2/3,1171/490MHz,OC=FF,TA=0/70/0,SP=N/F/N,Mem=1555MHz,Free=8363MB,PLS=0,Temp=20.2C/0.0C,TW=2.23ms,App=1.24ms,GD=0.00ms,CPU&GPU=3.47ms,LCnt=3(DR0,LM2),GPU%=0.46,CPU%=0.09(W0.16),DSF=1.00,CFL=16.86/20.25
12-30 20:13:28.005  1977 17092 I VrApi   : FPS=90/90,Prd=22ms,Tear=0,Early=0,Stale=0,VSnc=0,Lat=-1,Fov=0,CPU4/GPU=2/3,1171/490MHz,OC=FF,TA=0/70/0,SP=N/F/N,Mem=1555MHz,Free=8363MB,PLS=0,Temp=20.2C/0.0C,TW=2.22ms,App=1.24ms,GD=0.00ms,CPU&GPU=3.46ms,LCnt=3(DR0,LM2),GPU%=0.46,CPU%=0.07(W0.20),DSF=1.00,CFL=16.78/20.08
12-30 20:13:28.313  1977  2089 D VrApi   : targetSDKVersion 29
12-30 20:13:28.340  1977 17092 I VrApi   : FPS=90/90,Prd=22ms,Tear=0,Early=0,Stale=0,VSnc=0,Lat=-1,Fov=0,CPU4/GPU=2/3,1171/490MHz,OC=FF,TA=0/F/0,SP=N/F/N,Mem=2092MHz,Free=8363MB,PLS=0,Temp=20.2C/0.0C,TW=2.22ms,App=1.24ms,GD=0.00ms,CPU&GPU=3.46ms,LCnt=3(DR0,LM2),GPU%=0.46,CPU%=0.07(W0.20),DSF=1.00,CFL=16.78/20.08
12-30 20:13:28.341  1977  2089 I VrApi   : OVR::Stats thread stopped
12-30 20:13:28.447  3230  3278 D VrApi   : targetSDKVersion 29
12-30 20:13:28.472  3230  3278 I VrApi   : OVR::Stats thread stopped
