--------- beginning of system
--------- beginning of tracking
--------- beginning of main
12-30 20:42:10.615  2205  3077 D VrApi   : targetSDKVersion 29
12-30 20:42:10.663  2205  3077 I VrApi   : OVR::Stats thread stopped
12-30 20:48:42.907  2205  3077 D VrApi   : targetSDKVersion 29
12-30 20:48:43.467  2205  3077 I VrApi   : OVR::Stats thread started
12-30 20:48:43.490  2205  6367 D VrApi   : targetSDKVersion 29
12-30 20:48:43.664  2205  3077 D VrApi   : targetSDKVersion 29
12-30 20:48:44.021  2205  3077 I VrApi   : OVR::Stats thread stopped
12-30 20:48:44.199 19429 19458 I VrApi   : ---------- vrapi_EnterVrMode [start] ----------
12-30 20:48:44.220 19429 19458 D VrApi   : targetSDKVersion 29
12-30 20:48:44.231  2205  3077 D VrApi   : targetSDKVersion 29
12-30 20:48:44.256 19429 19458 I VrApi   : ovrModeParms::VRAPI_MODE_FLAG_RESET_WINDOW_FULLSCREEN = 0
12-30 20:48:44.256 19429 19458 I VrApi   : ovrModeParms::VRAPI_MODE_FLAG_NATIVE_WINDOW = 1
12-30 20:48:44.256 19429 19458 I VrApi   : ovrModeParms::VRAPI_MODE_FLAG_FRONT_BUFFER_SRGB = 0
12-30 20:48:44.256 19429 19458 I VrApi   : ovrModeParms::VRAPI_MODE_FLAG_PHASE_SYNC = 0
12-30 20:48:44.256 19429 19458 I VrApi   : ovrModeParms::VRAPI_MODE_FLAG_APP_SPACE_WARP = 0
12-30 20:48:44.256 19429 19458 I VrApi   : PhaseSync disabled
12-30 20:48:44.256 19429 19458 I VrApi   : HMD sensor attached.
12-30 20:48:44.259  2205  3077 I VrApi   : OVR::Stats thread started
12-30 20:48:44.264 19429 19458 I VrApi   : Creating Default swapchain
12-30 20:48:44.264 19429 19458 I VrApi   : Creating Loading Icon swapchain
12-30 20:48:44.264 19429 19458 I VrApi   : OVR::Stats thread started
12-30 20:48:44.264 19429 19458 I VrApi   : Initial BaseVsync 95 
12-30 20:48:44.264 19429 19458 I VrApi   : ---------- vrapi_EnterVrMode [end] ----------
12-30 20:48:44.264 19429 19458 I VrApi   : vrapi_SetDisplayRefreshRate: display refresh rate supported 72.000000
12-30 20:48:44.268 19429  6456 D VrApi   : targetSDKVersion 29
12-30 20:48:44.304  2205  6454 D VrApi   : targetSDKVersion 29
12-30 20:48:44.313 19429  6456 D VrApi   : VrApi::isWifiConnected exception: Make sure android.permission.ACCESS_NETWORK_STATE is set in the manifest.
12-30 20:48:45.816 19429 19458 W VrApi   : ovr_SubmitFrameInternal: FrameIndex discontinuity: Expected 5650, Received 5649
12-30 20:48:45.816 19429 19458 W VrApi   : Warning: app-submitted vsync 220 for display time 5339.368s exceeds max future display vsync -- clamping to 209
12-30 20:48:45.819 19429 19458 I VrApi   : ---------- vrapi_LeaveVrMode [start] ----------
12-30 20:48:45.820 19429 19458 D VrApi   : targetSDKVersion 29
12-30 20:48:45.845 19429  6456 I VrApi   : FPS=8/72,Prd=0ms,Tear=0,Early=0,Stale=32,VSnc=1,Lat=0,Fov=0,CPU4/GPU=4/4,1478/525MHz,OC=FF,TA=0/0/0,SP=N/N/N,Mem=1804MHz,Free=7761MB,PLS=0,Temp=19.7C/0.0C,TW=6.19ms,App=1.04ms,GD=0.14ms,CPU&GPU=13.71ms,LCnt=2(DR14,LM2),GPU%=0.21,CPU%=0.06(W0.09),DSF=1.00,CFL=17.13/20.88
12-30 20:48:45.849 19429 19458 I VrApi   : OVR::Stats thread stopped
12-30 20:48:45.875 19429 19458 I VrApi   : ---------- vrapi_LeaveVrMode [end] ----------
12-30 20:48:46.178  2205  3077 D VrApi   : targetSDKVersion 29
12-30 20:48:46.216  2205  3077 I VrApi   : OVR::Stats thread stopped
12-30 20:48:46.431 19429 19458 I VrApi   : ---------- vrapi_EnterVrMode [start] ----------
12-30 20:48:46.432 19429 19458 D VrApi   : targetSDKVersion 29
12-30 20:48:46.439 19429 19458 I VrApi   : ovrModeParms::VRAPI_MODE_FLAG_RESET_WINDOW_FULLSCREEN = 0
12-30 20:48:46.439 19429 19458 I VrApi   : ovrModeParms::VRAPI_MODE_FLAG_NATIVE_WINDOW = 1
12-30 20:48:46.439 19429 19458 I VrApi   : ovrModeParms::VRAPI_MODE_FLAG_FRONT_BUFFER_SRGB = 0
12-30 20:48:46.439 19429 19458 I VrApi   : ovrModeParms::VRAPI_MODE_FLAG_PHASE_SYNC = 0
12-30 20:48:46.439 19429 19458 I VrApi   : ovrModeParms::VRAPI_MODE_FLAG_APP_SPACE_WARP = 0
12-30 20:48:46.439 19429 19458 I VrApi   : PhaseSync disabled
12-30 20:48:46.439 19429 19458 I VrApi   : HMD sensor attached.
12-30 20:48:46.442 19429 19458 I VrApi   : Creating Default swapchain
12-30 20:48:46.442 19429 19458 I VrApi   : Creating Loading Icon swapchain
12-30 20:48:46.442 19429 19458 I VrApi   : OVR::Stats thread started
12-30 20:48:46.442 19429 19458 I VrApi   : Initial BaseVsync 251 
12-30 20:48:46.442 19429 19458 I VrApi   : ---------- vrapi_EnterVrMode [end] ----------
12-30 20:48:46.442 19429 19458 I VrApi   : vrapi_SetDisplayRefreshRate: display refresh rate supported 72.000000
12-30 20:48:46.463 19429  6556 D VrApi   : targetSDKVersion 29
12-30 20:48:46.479 19429  6556 D VrApi   : VrApi::isWifiConnected exception: Make sure android.permission.ACCESS_NETWORK_STATE is set in the manifest.
12-30 20:48:47.922  2205  3077 D VrApi   : targetSDKVersion 29
12-30 20:48:47.952  2205  3077 I VrApi   : OVR::Stats thread started
12-30 20:48:47.966  2205  6648 D VrApi   : targetSDKVersion 29
12-30 20:48:48.009 19429  6556 I VrApi   : FPS=2/72,Prd=0ms,Tear=0,Early=0,Stale=37,VSnc=1,Lat=0,Fov=0,CPU4/GPU=2/2,2419/441MHz,OC=FF,TA=0/70/0,SP=N/F/N,Mem=2092MHz,Free=7767MB,PLS=0,Temp=19.7C/0.0C,TW=6.37ms,App=0.99ms,GD=0.16ms,CPU&GPU=12475.39ms,LCnt=3(DR37,LM2),GPU%=0.67,CPU%=0.19(W0.24),DSF=1.00,CFL=17.31/22.22
12-30 20:48:49.004 19429  6556 I VrApi   : FPS=73/72,Prd=0ms,Tear=0,Early=0,Stale=0,VSnc=1,Lat=0,Fov=0,CPU4/GPU=2/2,2419/441MHz,OC=FF,TA=0/70/0,SP=N/F/N,Mem=2092MHz,Free=7767MB,PLS=0,Temp=19.7C/0.0C,TW=7.55ms,App=1.06ms,GD=0.17ms,CPU&GPU=13.92ms,LCnt=5(DR0,LM2),GPU%=0.85,CPU%=0.28(W0.38),DSF=1.00,CFL=18.67/22.18
12-30 20:48:49.404 19429 19458 W VrApi   : ovr_SubmitFrameInternal: FrameIndex discontinuity: Expected 5824, Received 5823
12-30 20:48:49.404 19429 19458 W VrApi   : Warning: app-submitted vsync 478 for display time 5342.956s exceeds max future display vsync -- clamping to 467
12-30 20:48:49.406 19429 19458 I VrApi   : ---------- vrapi_LeaveVrMode [start] ----------
12-30 20:48:49.413 19429 19458 D VrApi   : targetSDKVersion 29
12-30 20:48:49.462 19429  6556 I VrApi   : FPS=73/72,Prd=0ms,Tear=0,Early=0,Stale=0,VSnc=1,Lat=0,Fov=0,CPU4/GPU=2/2,2419/525MHz,OC=FF,TA=0/F/0,SP=N/F/N,Mem=2092MHz,Free=7767MB,PLS=0,Temp=19.7C/0.0C,TW=7.55ms,App=1.06ms,GD=0.17ms,CPU&GPU=13.92ms,LCnt=5(DR0,LM2),GPU%=0.85,CPU%=0.28(W0.38),DSF=1.00,CFL=18.67/22.18
12-30 20:48:49.476 19429 19458 I VrApi   : OVR::Stats thread stopped
12-30 20:48:49.493 19429 19458 I VrApi   : ---------- vrapi_LeaveVrMode [end] ----------
12-30 20:48:51.176 19429 19458 I VrApi   : ---------- vrapi_EnterVrMode [start] ----------
12-30 20:48:51.181 19429 19458 D VrApi   : targetSDKVersion 29
12-30 20:48:51.187 19429 19458 I VrApi   : ovrModeParms::VRAPI_MODE_FLAG_RESET_WINDOW_FULLSCREEN = 0
12-30 20:48:51.187 19429 19458 I VrApi   : ovrModeParms::VRAPI_MODE_FLAG_NATIVE_WINDOW = 1
12-30 20:48:51.187 19429 19458 I VrApi   : ovrModeParms::VRAPI_MODE_FLAG_FRONT_BUFFER_SRGB = 0
12-30 20:48:51.187 19429 19458 I VrApi   : ovrModeParms::VRAPI_MODE_FLAG_PHASE_SYNC = 0
12-30 20:48:51.187 19429 19458 I VrApi   : ovrModeParms::VRAPI_MODE_FLAG_APP_SPACE_WARP = 0
12-30 20:48:51.187 19429 19458 I VrApi   : PhaseSync disabled
12-30 20:48:51.187 19429 19458 I VrApi   : HMD sensor attached.
12-30 20:48:51.192 19429 19458 I VrApi   : Creating Default swapchain
12-30 20:48:51.192 19429 19458 I VrApi   : Creating Loading Icon swapchain
12-30 20:48:51.192 19429 19458 I VrApi   : OVR::Stats thread started
12-30 20:48:51.192 19429 19458 I VrApi   : Initial BaseVsync 593 
12-30 20:48:51.192 19429 19458 I VrApi   : ---------- vrapi_EnterVrMode [end] ----------
12-30 20:48:51.192 19429 19458 I VrApi   : vrapi_SetDisplayRefreshRate: display refresh rate supported 72.000000
12-30 20:48:51.195 19429  6727 D VrApi   : targetSDKVersion 29
12-30 20:48:51.223 19429  6727 D VrApi   : VrApi::isWifiConnected exception: Make sure android.permission.ACCESS_NETWORK_STATE is set in the manifest.
12-30 20:48:51.587  2205  3077 D VrApi   : targetSDKVersion 29
12-30 20:48:51.609  2205  3077 I VrApi   : OVR::Stats thread stopped
12-30 20:48:52.479  2205  3077 D VrApi   : targetSDKVersion 29
12-30 20:48:52.509  2205  3077 I VrApi   : OVR::Stats thread started
12-30 20:48:52.531  2205  6780 D VrApi   : targetSDKVersion 29
12-30 20:48:52.550 19429 19458 W VrApi   : ovr_SubmitFrameInternal: FrameIndex discontinuity: Expected 5898, Received 5897
12-30 20:48:52.550 19429 19458 W VrApi   : Warning: app-submitted vsync 704 for display time 5346.102s exceeds max future display vsync -- clamping to 693
12-30 20:48:52.552 19429 19458 I VrApi   : ---------- vrapi_LeaveVrMode [start] ----------
12-30 20:48:52.573 19429 19458 D VrApi   : targetSDKVersion 29
12-30 20:48:52.581 19429  6727 I VrApi   : FPS=29/72,Prd=0ms,Tear=0,Early=0,Stale=23,VSnc=1,Lat=0,Fov=0,CPU4/GPU=2/2,2419/525MHz,OC=FF,TA=0/70/0,SP=N/F/N,Mem=2092MHz,Free=7735MB,PLS=0,Temp=20.2C/0.0C,TW=4.09ms,App=0.97ms,GD=0.76ms,CPU&GPU=13.71ms,LCnt=4(DR0,LM2),GPU%=0.45,CPU%=0.26(W0.29),DSF=1.00,CFL=17.46/21.11
12-30 20:48:52.584 19429 19458 I VrApi   : OVR::Stats thread stopped
12-30 20:48:52.596 19429 19458 I VrApi   : ---------- vrapi_LeaveVrMode [end] ----------
12-30 20:48:55.022  2205  3077 D VrApi   : targetSDKVersion 29
12-30 20:48:55.108  2205  3077 I VrApi   : OVR::Stats thread stopped
12-30 20:48:55.294 19429 19458 I VrApi   : ---------- vrapi_EnterVrMode [start] ----------
12-30 20:48:55.296 19429 19458 D VrApi   : targetSDKVersion 29
12-30 20:48:55.308 19429 19458 I VrApi   : ovrModeParms::VRAPI_MODE_FLAG_RESET_WINDOW_FULLSCREEN = 0
12-30 20:48:55.308 19429 19458 I VrApi   : ovrModeParms::VRAPI_MODE_FLAG_NATIVE_WINDOW = 1
12-30 20:48:55.308 19429 19458 I VrApi   : ovrModeParms::VRAPI_MODE_FLAG_FRONT_BUFFER_SRGB = 0
12-30 20:48:55.308 19429 19458 I VrApi   : ovrModeParms::VRAPI_MODE_FLAG_PHASE_SYNC = 0
12-30 20:48:55.308 19429 19458 I VrApi   : ovrModeParms::VRAPI_MODE_FLAG_APP_SPACE_WARP = 0
12-30 20:48:55.308 19429 19458 I VrApi   : PhaseSync disabled
12-30 20:48:55.308 19429 19458 I VrApi   : HMD sensor attached.
12-30 20:48:55.311 19429 19458 I VrApi   : Creating Default swapchain
12-30 20:48:55.311 19429 19458 I VrApi   : Creating Loading Icon swapchain
12-30 20:48:55.311 19429 19458 I VrApi   : OVR::Stats thread started
12-30 20:48:55.311 19429 19458 I VrApi   : Initial BaseVsync 888 
12-30 20:48:55.311 19429 19458 I VrApi   : ---------- vrapi_EnterVrMode [end] ----------
12-30 20:48:55.311 19429 19458 I VrApi   : vrapi_SetDisplayRefreshRate: display refresh rate supported 72.000000
12-30 20:48:55.314 19429  6860 D VrApi   : targetSDKVersion 29
12-30 20:48:55.423 19429  6860 D VrApi   : VrApi::isWifiConnected exception: Make sure android.permission.ACCESS_NETWORK_STATE is set in the manifest.
12-30 20:48:57.007 19429  6860 I VrApi   : FPS=2/72,Prd=0ms,Tear=0,Early=0,Stale=10,VSnc=1,Lat=0,Fov=0,CPU4/GPU=2/2,1171/441MHz,OC=FF,TA=0/70/0,SP=N/F/N,Mem=1804MHz,Free=7703MB,PLS=0,Temp=20.2C/0.0C,TW=6.21ms,App=1.08ms,GD=0.39ms,CPU&GPU=13.71ms,LCnt=2(DR0,LM0),GPU%=0.57,CPU%=0.18(W0.23),DSF=1.00,CFL=17.45/22.66
12-30 20:48:58.002 19429  6860 I VrApi   : FPS=73/72,Prd=0ms,Tear=0,Early=0,Stale=0,VSnc=1,Lat=0,Fov=0,CPU4/GPU=2/2,1171/441MHz,OC=FF,TA=0/70/0,SP=N/F/N,Mem=1804MHz,Free=7703MB,PLS=0,Temp=20.2C/0.0C,TW=4.36ms,App=1.17ms,GD=0.00ms,CPU&GPU=13.92ms,LCnt=1(DR67,LM0),GPU%=0.42,CPU%=0.09(W0.11),DSF=1.00,CFL=18.64/22.56
12-30 20:48:59.002 19429  6860 I VrApi   : FPS=72/72,Prd=0ms,Tear=0,Early=0,Stale=0,VSnc=1,Lat=0,Fov=0,CPU4/GPU=2/2,1171/441MHz,OC=FF,TA=0/70/0,SP=N/F/N,Mem=1804MHz,Free=7703MB,PLS=0,Temp=20.2C/0.0C,TW=4.35ms,App=1.18ms,GD=0.00ms,CPU&GPU=13.92ms,LCnt=1(DR72,LM0),GPU%=0.42,CPU%=0.11(W0.18),DSF=1.00,CFL=18.64/22.45
12-30 20:49:00.004 19429  6860 I VrApi   : FPS=72/72,Prd=0ms,Tear=0,Early=0,Stale=0,VSnc=1,Lat=0,Fov=0,CPU4/GPU=2/2,1171/441MHz,OC=FF,TA=0/70/0,SP=N/F/N,Mem=1804MHz,Free=7703MB,PLS=0,Temp=20.2C/0.0C,TW=4.35ms,App=1.16ms,GD=0.00ms,CPU&GPU=13.92ms,LCnt=1(DR72,LM0),GPU%=0.42,CPU%=0.21(W0.23),DSF=1.00,CFL=18.57/22.67
12-30 20:49:01.003 19429  6860 I VrApi   : FPS=72/72,Prd=0ms,Tear=0,Early=0,Stale=0,VSnc=1,Lat=0,Fov=0,CPU4/GPU=2/2,1171/441MHz,OC=FF,TA=0/70/0,SP=N/F/N,Mem=1804MHz,Free=7703MB,PLS=0,Temp=20.2C/0.0C,TW=4.35ms,App=1.11ms,GD=0.00ms,CPU&GPU=13.92ms,LCnt=1(DR72,LM0),GPU%=0.41,CPU%=0.15(W0.16),DSF=1.00,CFL=18.58/22.16
12-30 20:49:02.002 19429  6860 I VrApi   : FPS=72/72,Prd=0ms,Tear=0,Early=0,Stale=0,VSnc=1,Lat=0,Fov=0,CPU4/GPU=2/2,1171/441MHz,OC=FF,TA=0/70/0,SP=N/F/N,Mem=1804MHz,Free=7703MB,PLS=0,Temp=20.2C/0.0C,TW=4.36ms,App=1.10ms,GD=0.00ms,CPU&GPU=13.92ms,LCnt=1(DR72,LM0),GPU%=0.41,CPU%=0.14(W0.16),DSF=1.00,CFL=18.53/22.48
12-30 20:49:03.002 19429  6860 I VrApi   : FPS=72/72,Prd=0ms,Tear=0,Early=0,Stale=0,VSnc=1,Lat=0,Fov=0,CPU4/GPU=2/2,1171/441MHz,OC=FF,TA=0/70/0,SP=N/F/N,Mem=1804MHz,Free=7703MB,PLS=0,Temp=20.2C/0.0C,TW=4.36ms,App=1.09ms,GD=0.00ms,CPU&GPU=13.92ms,LCnt=1(DR72,LM0),GPU%=0.41,CPU%=0.11(W0.16),DSF=1.00,CFL=18.55/22.56
12-30 20:49:04.002 19429  6860 I VrApi   : FPS=72/72,Prd=0ms,Tear=0,Early=0,Stale=0,VSnc=1,Lat=0,Fov=0,CPU4/GPU=2/2,1171/441MHz,OC=FF,TA=0/70/0,SP=N/F/N,Mem=2092MHz,Free=7703MB,PLS=0,Temp=20.2C/0.0C,TW=4.34ms,App=1.04ms,GD=0.00ms,CPU&GPU=13.92ms,LCnt=1(DR72,LM0),GPU%=0.41,CPU%=0.21(W0.25),DSF=1.00,CFL=18.55/22.88
12-30 20:49:05.003 19429  6860 I VrApi   : FPS=72/72,Prd=0ms,Tear=0,Early=0,Stale=0,VSnc=1,Lat=0,Fov=0,CPU4/GPU=2/2,1171/441MHz,OC=FF,TA=0/70/0,SP=N/F/N,Mem=2092MHz,Free=7703MB,PLS=0,Temp=20.2C/0.0C,TW=4.35ms,App=1.12ms,GD=0.00ms,CPU&GPU=13.92ms,LCnt=1(DR72,LM0),GPU%=0.42,CPU%=0.17(W0.20),DSF=1.00,CFL=18.80/23.09
12-30 20:49:06.003 19429  6860 I VrApi   : FPS=72/72,Prd=0ms,Tear=0,Early=0,Stale=0,VSnc=1,Lat=0,Fov=0,CPU4/GPU=2/2,1171/441MHz,OC=FF,TA=0/70/0,SP=N/F/N,Mem=2092MHz,Free=7703MB,PLS=0,Temp=20.2C/0.0C,TW=4.35ms,App=1.17ms,GD=0.00ms,CPU&GPU=13.92ms,LCnt=1(DR72,LM0),GPU%=0.42,CPU%=0.24(W0.29),DSF=1.00,CFL=18.71/22.58
12-30 20:49:07.003 19429  6860 I VrApi   : FPS=72/72,Prd=0ms,Tear=0,Early=0,Stale=0,VSnc=1,Lat=0,Fov=0,CPU4/GPU=2/2,1171/441MHz,OC=FF,TA=0/70/0,SP=N/F/N,Mem=1555MHz,Free=7703MB,PLS=0,Temp=20.2C/0.0C,TW=4.35ms,App=1.19ms,GD=0.00ms,CPU&GPU=13.92ms,LCnt=1(DR72,LM0),GPU%=0.42,CPU%=0.14(W0.19),DSF=1.00,CFL=18.55/22.69
12-30 20:49:08.002 19429  6860 I VrApi   : FPS=72/72,Prd=0ms,Tear=0,Early=0,Stale=0,VSnc=1,Lat=0,Fov=0,CPU4/GPU=2/2,1171/441MHz,OC=FF,TA=0/70/0,SP=N/F/N,Mem=1555MHz,Free=7703MB,PLS=0,Temp=20.0C/0.0C,TW=4.36ms,App=1.29ms,GD=0.00ms,CPU&GPU=13.92ms,LCnt=1(DR72,LM0),GPU%=0.43,CPU%=0.19(W0.30),DSF=1.00,CFL=18.58/22.03
12-30 20:49:09.003 19429  6860 I VrApi   : FPS=72/72,Prd=0ms,Tear=0,Early=0,Stale=0,VSnc=1,Lat=0,Fov=0,CPU4/GPU=2/2,1171/441MHz,OC=FF,TA=0/70/0,SP=N/F/N,Mem=1804MHz,Free=7703MB,PLS=0,Temp=20.0C/0.0C,TW=4.35ms,App=1.15ms,GD=0.00ms,CPU&GPU=13.92ms,LCnt=1(DR72,LM0),GPU%=0.42,CPU%=0.04(W0.06),DSF=1.00,CFL=18.44/22.23
12-30 20:49:10.004 19429  6860 I VrApi   : FPS=72/72,Prd=0ms,Tear=0,Early=0,Stale=0,VSnc=1,Lat=0,Fov=0,CPU4/GPU=2/2,1171/441MHz,OC=FF,TA=0/70/0,SP=N/F/N,Mem=1804MHz,Free=7703MB,PLS=0,Temp=20.0C/0.0C,TW=4.36ms,App=1.17ms,GD=0.00ms,CPU&GPU=13.92ms,LCnt=1(DR72,LM0),GPU%=0.42,CPU%=0.15(W0.20),DSF=1.00,CFL=18.79/22.50
12-30 20:49:11.007 19429  6860 I VrApi   : FPS=72/72,Prd=0ms,Tear=0,Early=0,Stale=0,VSnc=1,Lat=0,Fov=0,CPU4/GPU=2/2,1171/441MHz,OC=FF,TA=0/70/0,SP=N/F/N,Mem=1804MHz,Free=7703MB,PLS=0,Temp=20.0C/0.0C,TW=4.36ms,App=1.13ms,GD=0.00ms,CPU&GPU=13.92ms,LCnt=1(DR72,LM0),GPU%=0.42,CPU%=0.10(W0.16),DSF=1.00,CFL=18.78/22.59
12-30 20:49:12.004 19429  6860 I VrApi   : FPS=72/72,Prd=0ms,Tear=0,Early=0,Stale=0,VSnc=1,Lat=0,Fov=0,CPU4/GPU=2/2,1171/441MHz,OC=FF,TA=0/70/0,SP=N/F/N,Mem=1804MHz,Free=7703MB,PLS=0,Temp=20.0C/0.0C,TW=4.35ms,App=1.17ms,GD=0.00ms,CPU&GPU=13.92ms,LCnt=1(DR72,LM0),GPU%=0.42,CPU%=0.13(W0.19),DSF=1.00,CFL=18.55/22.68
12-30 20:49:13.003 19429  6860 I VrApi   : FPS=72/72,Prd=0ms,Tear=0,Early=0,Stale=0,VSnc=1,Lat=0,Fov=0,CPU4/GPU=2/2,1171/441MHz,OC=FF,TA=0/70/0,SP=N/F/N,Mem=1804MHz,Free=7703MB,PLS=0,Temp=20.0C/0.0C,TW=4.36ms,App=1.24ms,GD=0.00ms,CPU&GPU=13.92ms,LCnt=1(DR72,LM0),GPU%=0.43,CPU%=0.15(W0.19),DSF=1.00,CFL=18.46/22.61
12-30 20:49:14.003 19429  6860 I VrApi   : FPS=72/72,Prd=0ms,Tear=0,Early=0,Stale=0,VSnc=1,Lat=0,Fov=0,CPU4/GPU=2/2,1171/441MHz,OC=FF,TA=0/70/0,SP=N/F/N,Mem=1804MHz,Free=7703MB,PLS=0,Temp=20.0C/0.0C,TW=4.36ms,App=1.15ms,GD=0.00ms,CPU&GPU=13.92ms,LCnt=1(DR72,LM0),GPU%=0.42,CPU%=0.19(W0.27),DSF=1.00,CFL=18.51/22.25
12-30 20:49:15.003 19429  6860 I VrApi   : FPS=72/72,Prd=0ms,Tear=0,Early=0,Stale=0,VSnc=1,Lat=0,Fov=0,CPU4/GPU=2/2,1171/441MHz,OC=FF,TA=0/70/0,SP=N/F/N,Mem=1804MHz,Free=7703MB,PLS=0,Temp=20.0C/0.0C,TW=4.35ms,App=1.24ms,GD=0.00ms,CPU&GPU=13.92ms,LCnt=1(DR72,LM0),GPU%=0.42,CPU%=0.18(W0.25),DSF=1.00,CFL=18.71/22.72
12-30 20:49:16.005 19429  6860 I VrApi   : FPS=72/72,Prd=0ms,Tear=0,Early=0,Stale=0,VSnc=1,Lat=0,Fov=0,CPU4/GPU=2/2,1171/441MHz,OC=FF,TA=0/70/0,SP=N/F/N,Mem=2092MHz,Free=7703MB,PLS=0,Temp=20.0C/0.0C,TW=4.35ms,App=1.07ms,GD=0.00ms,CPU&GPU=13.92ms,LCnt=1(DR72,LM0),GPU%=0.41,CPU%=0.19(W0.27),DSF=1.00,CFL=18.68/22.87
12-30 20:49:17.008 19429  6860 I VrApi   : FPS=72/72,Prd=0ms,Tear=0,Early=0,Stale=0,VSnc=1,Lat=0,Fov=0,CPU4/GPU=2/2,1171/441MHz,OC=FF,TA=0/70/0,SP=N/F/N,Mem=1804MHz,Free=7711MB,PLS=0,Temp=20.0C/0.0C,TW=4.36ms,App=1.16ms,GD=0.00ms,CPU&GPU=13.92ms,LCnt=1(DR72,LM0),GPU%=0.42,CPU%=0.12(W0.14),DSF=1.00,CFL=18.51/22.37
12-30 20:49:18.005 19429  6860 I VrApi   : FPS=72/72,Prd=0ms,Tear=0,Early=0,Stale=0,VSnc=1,Lat=0,Fov=0,CPU4/GPU=2/2,1171/441MHz,OC=FF,TA=0/70/0,SP=N/F/N,Mem=1555MHz,Free=7711MB,PLS=0,Temp=20.0C/0.0C,TW=4.35ms,App=1.21ms,GD=0.00ms,CPU&GPU=13.92ms,LCnt=1(DR72,LM0),GPU%=0.42,CPU%=0.22(W0.32),DSF=1.00,CFL=18.63/22.56
12-30 20:49:19.004 19429  6860 I VrApi   : FPS=72/72,Prd=0ms,Tear=0,Early=0,Stale=0,VSnc=1,Lat=0,Fov=0,CPU4/GPU=2/2,1171/441MHz,OC=FF,TA=0/70/0,SP=N/F/N,Mem=1804MHz,Free=7711MB,PLS=0,Temp=20.0C/0.0C,TW=4.35ms,App=1.16ms,GD=0.00ms,CPU&GPU=13.92ms,LCnt=1(DR72,LM0),GPU%=0.42,CPU%=0.18(W0.19),DSF=1.00,CFL=18.53/22.34
12-30 20:49:20.003 19429  6860 I VrApi   : FPS=72/72,Prd=0ms,Tear=0,Early=0,Stale=0,VSnc=1,Lat=0,Fov=0,CPU4/GPU=2/2,1171/441MHz,OC=FF,TA=0/70/0,SP=N/F/N,Mem=1804MHz,Free=7711MB,PLS=0,Temp=20.0C/0.0C,TW=4.35ms,App=1.17ms,GD=0.00ms,CPU&GPU=13.92ms,LCnt=1(DR72,LM0),GPU%=0.42,CPU%=0.14(W0.20),DSF=1.00,CFL=18.36/22.57
12-30 20:49:21.009 19429  6860 I VrApi   : FPS=72/72,Prd=0ms,Tear=0,Early=0,Stale=0,VSnc=1,Lat=0,Fov=0,CPU4/GPU=2/2,1171/441MHz,OC=FF,TA=0/70/0,SP=N/F/N,Mem=2092MHz,Free=7711MB,PLS=0,Temp=20.0C/0.0C,TW=4.35ms,App=1.17ms,GD=0.00ms,CPU&GPU=13.92ms,LCnt=1(DR72,LM0),GPU%=0.42,CPU%=0.21(W0.24),DSF=1.00,CFL=18.49/22.18
12-30 20:49:22.005 19429  6860 I VrApi   : FPS=72/72,Prd=0ms,Tear=0,Early=0,Stale=0,VSnc=1,Lat=0,Fov=0,CPU4/GPU=2/2,1171/441MHz,OC=FF,TA=0/70/0,SP=N/F/N,Mem=2092MHz,Free=7711MB,PLS=0,Temp=20.0C/0.0C,TW=4.35ms,App=1.14ms,GD=0.00ms,CPU&GPU=13.92ms,LCnt=1(DR72,LM0),GPU%=0.42,CPU%=0.15(W0.16),DSF=1.00,CFL=18.56/22.49
12-30 20:49:23.003 19429  6860 I VrApi   : FPS=72/72,Prd=0ms,Tear=0,Early=0,Stale=0,VSnc=1,Lat=0,Fov=0,CPU4/GPU=2/2,1171/441MHz,OC=FF,TA=0/70/0,SP=N/F/N,Mem=2092MHz,Free=7711MB,PLS=0,Temp=20.0C/0.0C,TW=4.35ms,App=1.19ms,GD=0.00ms,CPU&GPU=13.92ms,LCnt=1(DR72,LM0),GPU%=0.42,CPU%=0.17(W0.20),DSF=1.00,CFL=18.62/22.60
12-30 20:49:24.004 19429  6860 I VrApi   : FPS=72/72,Prd=0ms,Tear=0,Early=0,Stale=0,VSnc=1,Lat=0,Fov=0,CPU4/GPU=2/2,1171/441MHz,OC=FF,TA=0/70/0,SP=N/F/N,Mem=2092MHz,Free=7711MB,PLS=0,Temp=20.0C/0.0C,TW=4.34ms,App=1.22ms,GD=0.00ms,CPU&GPU=13.92ms,LCnt=1(DR72,LM0),GPU%=0.42,CPU%=0.23(W0.36),DSF=1.00,CFL=18.54/22.50
12-30 20:49:25.004 19429  6860 I VrApi   : FPS=72/72,Prd=0ms,Tear=0,Early=0,Stale=0,VSnc=1,Lat=0,Fov=0,CPU4/GPU=2/2,1171/441MHz,OC=FF,TA=0/70/0,SP=N/F/N,Mem=2092MHz,Free=7711MB,PLS=0,Temp=20.0C/0.0C,TW=4.36ms,App=1.26ms,GD=0.00ms,CPU&GPU=13.92ms,LCnt=1(DR72,LM0),GPU%=0.43,CPU%=0.15(W0.23),DSF=1.00,CFL=18.62/22.30
12-30 20:49:26.004 19429  6860 I VrApi   : FPS=72/72,Prd=0ms,Tear=0,Early=0,Stale=0,VSnc=1,Lat=0,Fov=0,CPU4/GPU=2/2,1171/441MHz,OC=FF,TA=0/70/0,SP=N/F/N,Mem=2092MHz,Free=7711MB,PLS=0,Temp=20.0C/0.0C,TW=4.35ms,App=1.24ms,GD=0.00ms,CPU&GPU=13.92ms,LCnt=1(DR72,LM0),GPU%=0.42,CPU%=0.20(W0.23),DSF=1.00,CFL=18.41/23.68
12-30 20:49:27.004 19429  6860 I VrApi   : FPS=72/72,Prd=0ms,Tear=0,Early=0,Stale=0,VSnc=1,Lat=0,Fov=0,CPU4/GPU=2/2,1171/441MHz,OC=FF,TA=0/70/0,SP=N/F/N,Mem=2092MHz,Free=7711MB,PLS=0,Temp=20.0C/0.0C,TW=4.34ms,App=1.24ms,GD=0.00ms,CPU&GPU=13.92ms,LCnt=1(DR72,LM0),GPU%=0.42,CPU%=0.09(W0.11),DSF=1.00,CFL=18.54/21.94
12-30 20:49:28.005 19429  6860 I VrApi   : FPS=72/72,Prd=0ms,Tear=0,Early=0,Stale=0,VSnc=1,Lat=0,Fov=0,CPU4/GPU=2/2,1171/441MHz,OC=FF,TA=0/70/0,SP=N/F/N,Mem=2092MHz,Free=7711MB,PLS=0,Temp=20.0C/0.0C,TW=4.35ms,App=1.35ms,GD=0.00ms,CPU&GPU=13.92ms,LCnt=1(DR72,LM0),GPU%=0.43,CPU%=0.19(W0.23),DSF=1.00,CFL=18.60/22.61
12-30 20:49:29.004 19429  6860 I VrApi   : FPS=72/72,Prd=0ms,Tear=0,Early=0,Stale=0,VSnc=1,Lat=0,Fov=0,CPU4/GPU=2/2,1171/441MHz,OC=FF,TA=0/70/0,SP=N/F/N,Mem=2092MHz,Free=7711MB,PLS=0,Temp=20.0C/0.0C,TW=4.35ms,App=1.20ms,GD=0.00ms,CPU&GPU=13.35ms,LCnt=1(DR72,LM0),GPU%=0.41,CPU%=0.15(W0.20),DSF=1.00,CFL=18.66/22.77
12-30 20:49:30.004 19429  6860 I VrApi   : FPS=72/72,Prd=0ms,Tear=0,Early=0,Stale=0,VSnc=1,Lat=0,Fov=0,CPU4/GPU=2/2,1171/441MHz,OC=FF,TA=0/70/0,SP=N/F/N,Mem=2092MHz,Free=7711MB,PLS=0,Temp=20.0C/0.0C,TW=4.35ms,App=1.22ms,GD=0.00ms,CPU&GPU=12.65ms,LCnt=1(DR72,LM0),GPU%=0.42,CPU%=0.14(W0.20),DSF=1.00,CFL=18.56/23.16
12-30 20:49:31.004 19429  6860 I VrApi   : FPS=72/72,Prd=0ms,Tear=0,Early=0,Stale=0,VSnc=1,Lat=0,Fov=0,CPU4/GPU=2/2,1171/441MHz,OC=FF,TA=0/70/0,SP=N/F/N,Mem=2092MHz,Free=7711MB,PLS=0,Temp=20.0C/0.0C,TW=4.34ms,App=1.25ms,GD=0.00ms,CPU&GPU=12.66ms,LCnt=1(DR72,LM0),GPU%=0.42,CPU%=0.15(W0.19),DSF=1.00,CFL=18.57/22.67
12-30 20:49:32.004 19429  6860 I VrApi   : FPS=72/72,Prd=0ms,Tear=0,Early=0,Stale=0,VSnc=1,Lat=0,Fov=0,CPU4/GPU=2/2,1171/441MHz,OC=FF,TA=0/70/0,SP=N/F/N,Mem=2092MHz,Free=7711MB,PLS=0,Temp=20.0C/0.0C,TW=4.35ms,App=1.27ms,GD=0.00ms,CPU&GPU=12.66ms,LCnt=1(DR72,LM0),GPU%=0.42,CPU%=0.17(W0.23),DSF=1.00,CFL=18.56/22.00
12-30 20:49:33.004 19429  6860 I VrApi   : FPS=72/72,Prd=0ms,Tear=0,Early=0,Stale=0,VSnc=1,Lat=0,Fov=0,CPU4/GPU=2/2,1171/441MHz,OC=FF,TA=0/70/0,SP=N/F/N,Mem=1555MHz,Free=7711MB,PLS=0,Temp=20.0C/0.0C,TW=4.35ms,App=1.32ms,GD=0.00ms,CPU&GPU=12.65ms,LCnt=1(DR72,LM0),GPU%=0.43,CPU%=0.16(W0.26),DSF=1.00,CFL=18.39/22.41
12-30 20:49:34.005 19429  6860 I VrApi   : FPS=72/72,Prd=0ms,Tear=0,Early=0,Stale=0,VSnc=1,Lat=0,Fov=0,CPU4/GPU=2/2,1171/441MHz,OC=FF,TA=0/70/0,SP=N/F/N,Mem=1804MHz,Free=7711MB,PLS=0,Temp=20.0C/0.0C,TW=4.35ms,App=1.28ms,GD=0.00ms,CPU&GPU=12.65ms,LCnt=1(DR72,LM0),GPU%=0.43,CPU%=0.15(W0.25),DSF=1.00,CFL=18.36/22.41
12-30 20:49:35.004 19429  6860 I VrApi   : FPS=72/72,Prd=0ms,Tear=0,Early=0,Stale=0,VSnc=1,Lat=0,Fov=0,CPU4/GPU=2/2,1171/441MHz,OC=FF,TA=0/70/0,SP=N/F/N,Mem=1804MHz,Free=7711MB,PLS=0,Temp=20.0C/0.0C,TW=4.36ms,App=1.31ms,GD=0.00ms,CPU&GPU=12.66ms,LCnt=1(DR72,LM0),GPU%=0.43,CPU%=0.22(W0.29),DSF=1.00,CFL=18.33/22.56
12-30 20:49:36.004 19429  6860 I VrApi   : FPS=72/72,Prd=0ms,Tear=0,Early=0,Stale=0,VSnc=1,Lat=0,Fov=0,CPU4/GPU=2/2,1171/441MHz,OC=FF,TA=0/70/0,SP=N/F/N,Mem=1804MHz,Free=7711MB,PLS=0,Temp=20.0C/0.0C,TW=4.35ms,App=1.31ms,GD=0.00ms,CPU&GPU=12.65ms,LCnt=1(DR72,LM0),GPU%=0.43,CPU%=0.14(W0.18),DSF=1.00,CFL=18.42/22.39
12-30 20:49:37.010 19429  6860 I VrApi   : FPS=72/72,Prd=0ms,Tear=0,Early=0,Stale=0,VSnc=1,Lat=0,Fov=0,CPU4/GPU=2/2,1171/441MHz,OC=FF,TA=0/70/0,SP=N/F/N,Mem=1804MHz,Free=7711MB,PLS=0,Temp=20.0C/0.0C,TW=4.50ms,App=1.24ms,GD=0.00ms,CPU&GPU=12.66ms,LCnt=1(DR72,LM0),GPU%=0.42,CPU%=0.23(W0.37),DSF=1.00,CFL=18.33/22.17
12-30 20:49:38.005 19429  6860 I VrApi   : FPS=69/72,Prd=0ms,Tear=0,Early=0,Stale=0,VSnc=1,Lat=0,Fov=0,CPU4/GPU=2/2,1171/441MHz,OC=FF,TA=0/70/0,SP=N/F/N,Mem=1804MHz,Free=7711MB,PLS=0,Temp=20.0C/0.0C,TW=4.35ms,App=1.12ms,GD=0.00ms,CPU&GPU=13.42ms,LCnt=1(DR72,LM0),GPU%=0.41,CPU%=0.18(W0.22),DSF=1.00,CFL=18.59/22.14
12-30 20:49:39.005 19429  6860 I VrApi   : FPS=72/72,Prd=0ms,Tear=0,Early=0,Stale=0,VSnc=1,Lat=0,Fov=0,CPU4/GPU=2/2,1171/441MHz,OC=FF,TA=0/70/0,SP=N/F/N,Mem=1804MHz,Free=7711MB,PLS=0,Temp=20.2C/0.0C,TW=4.36ms,App=1.16ms,GD=0.00ms,CPU&GPU=13.92ms,LCnt=1(DR72,LM0),GPU%=0.42,CPU%=0.19(W0.27),DSF=1.00,CFL=18.56/22.07
12-30 20:49:40.005 19429  6860 I VrApi   : FPS=72/72,Prd=0ms,Tear=0,Early=0,Stale=0,VSnc=1,Lat=0,Fov=0,CPU4/GPU=2/2,1171/441MHz,OC=FF,TA=0/70/0,SP=N/F/N,Mem=1804MHz,Free=7711MB,PLS=0,Temp=20.2C/0.0C,TW=4.36ms,App=1.11ms,GD=0.00ms,CPU&GPU=13.92ms,LCnt=1(DR72,LM0),GPU%=0.42,CPU%=0.12(W0.19),DSF=1.00,CFL=18.34/22.32
12-30 20:49:41.005 19429  6860 I VrApi   : FPS=72/72,Prd=0ms,Tear=0,Early=0,Stale=0,VSnc=1,Lat=0,Fov=0,CPU4/GPU=2/2,1171/441MHz,OC=FF,TA=0/70/0,SP=N/F/N,Mem=2092MHz,Free=7711MB,PLS=0,Temp=20.2C/0.0C,TW=4.35ms,App=1.23ms,GD=0.00ms,CPU&GPU=13.92ms,LCnt=1(DR72,LM0),GPU%=0.42,CPU%=0.09(W0.15),DSF=1.00,CFL=18.37/22.05
12-30 20:49:42.005 19429  6860 I VrApi   : FPS=72/72,Prd=0ms,Tear=0,Early=0,Stale=0,VSnc=1,Lat=0,Fov=0,CPU4/GPU=2/2,1171/441MHz,OC=FF,TA=0/70/0,SP=N/F/N,Mem=2092MHz,Free=7711MB,PLS=0,Temp=20.2C/0.0C,TW=4.36ms,App=1.19ms,GD=0.00ms,CPU&GPU=13.92ms,LCnt=1(DR72,LM0),GPU%=0.42,CPU%=0.15(W0.18),DSF=1.00,CFL=18.49/22.11
12-30 20:49:43.005 19429  6860 I VrApi   : FPS=72/72,Prd=0ms,Tear=0,Early=0,Stale=0,VSnc=1,Lat=0,Fov=0,CPU4/GPU=2/2,1171/441MHz,OC=FF,TA=0/70/0,SP=N/F/N,Mem=2092MHz,Free=7711MB,PLS=0,Temp=20.2C/0.0C,TW=4.36ms,App=1.15ms,GD=0.00ms,CPU&GPU=13.92ms,LCnt=1(DR72,LM0),GPU%=0.42,CPU%=0.11(W0.14),DSF=1.00,CFL=18.57/22.04
12-30 20:49:44.005 19429  6860 I VrApi   : FPS=72/72,Prd=0ms,Tear=0,Early=0,Stale=0,VSnc=1,Lat=0,Fov=0,CPU4/GPU=2/2,1171/441MHz,OC=FF,TA=0/70/0,SP=N/F/N,Mem=2092MHz,Free=7711MB,PLS=0,Temp=20.2C/0.0C,TW=4.36ms,App=1.11ms,GD=0.00ms,CPU&GPU=13.92ms,LCnt=1(DR72,LM0),GPU%=0.42,CPU%=0.16(W0.18),DSF=1.00,CFL=18.60/22.19
12-30 20:49:45.005 19429  6860 I VrApi   : FPS=72/72,Prd=0ms,Tear=0,Early=0,Stale=0,VSnc=1,Lat=0,Fov=0,CPU4/GPU=2/2,1171/441MHz,OC=FF,TA=0/70/0,SP=N/F/N,Mem=1555MHz,Free=7711MB,PLS=0,Temp=20.2C/0.0C,TW=4.36ms,App=1.09ms,GD=0.00ms,CPU&GPU=13.92ms,LCnt=1(DR72,LM0),GPU%=0.40,CPU%=0.13(W0.19),DSF=1.00,CFL=18.51/22.92
12-30 20:49:46.005 19429  6860 I VrApi   : FPS=70/72,Prd=0ms,Tear=0,Early=0,Stale=0,VSnc=1,Lat=0,Fov=0,CPU4/GPU=2/2,1171/441MHz,OC=FF,TA=0/70/0,SP=N/F/N,Mem=1555MHz,Free=7711MB,PLS=0,Temp=20.2C/0.0C,TW=4.34ms,App=1.11ms,GD=0.00ms,CPU&GPU=14.36ms,LCnt=1(DR72,LM0),GPU%=0.41,CPU%=0.19(W0.20),DSF=1.00,CFL=18.51/22.92
12-30 20:49:47.006 19429  6860 I VrApi   : FPS=72/72,Prd=0ms,Tear=0,Early=0,Stale=0,VSnc=1,Lat=0,Fov=0,CPU4/GPU=2/2,1171/441MHz,OC=FF,TA=0/70/0,SP=N/F/N,Mem=1555MHz,Free=7711MB,PLS=0,Temp=20.2C/0.0C,TW=4.36ms,App=1.15ms,GD=0.00ms,CPU&GPU=13.92ms,LCnt=1(DR72,LM0),GPU%=0.42,CPU%=0.19(W0.24),DSF=1.00,CFL=18.36/22.42
12-30 20:49:48.007 19429  6860 I VrApi   : FPS=72/72,Prd=0ms,Tear=0,Early=0,Stale=0,VSnc=1,Lat=0,Fov=0,CPU4/GPU=2/2,1171/441MHz,OC=FF,TA=0/70/0,SP=N/F/N,Mem=1555MHz,Free=7711MB,PLS=0,Temp=20.2C/0.0C,TW=4.35ms,App=1.15ms,GD=0.00ms,CPU&GPU=13.92ms,LCnt=1(DR72,LM0),GPU%=0.41,CPU%=0.15(W0.24),DSF=1.00,CFL=18.32/22.18
12-30 20:49:49.006 19429  6860 I VrApi   : FPS=72/72,Prd=0ms,Tear=0,Early=0,Stale=0,VSnc=1,Lat=0,Fov=0,CPU4/GPU=2/2,1171/441MHz,OC=FF,TA=0/70/0,SP=N/F/N,Mem=1555MHz,Free=7711MB,PLS=0,Temp=20.2C/0.0C,TW=4.35ms,App=1.07ms,GD=0.00ms,CPU&GPU=13.92ms,LCnt=1(DR72,LM0),GPU%=0.41,CPU%=0.16(W0.27),DSF=1.00,CFL=18.65/22.38
12-30 20:49:50.005 19429  6860 I VrApi   : FPS=72/72,Prd=0ms,Tear=0,Early=0,Stale=0,VSnc=1,Lat=0,Fov=0,CPU4/GPU=2/2,1171/441MHz,OC=FF,TA=0/70/0,SP=N/F/N,Mem=1555MHz,Free=7711MB,PLS=0,Temp=20.2C/0.0C,TW=4.36ms,App=1.08ms,GD=0.00ms,CPU&GPU=13.92ms,LCnt=1(DR72,LM0),GPU%=0.41,CPU%=0.16(W0.19),DSF=1.00,CFL=18.47/22.21
12-30 20:49:51.005 19429  6860 I VrApi   : FPS=72/72,Prd=0ms,Tear=0,Early=0,Stale=0,VSnc=1,Lat=0,Fov=0,CPU4/GPU=2/2,1171/441MHz,OC=FF,TA=0/70/0,SP=N/F/N,Mem=1555MHz,Free=7711MB,PLS=0,Temp=20.2C/0.0C,TW=4.35ms,App=1.24ms,GD=0.00ms,CPU&GPU=13.85ms,LCnt=1(DR72,LM0),GPU%=0.43,CPU%=0.17(W0.24),DSF=1.00,CFL=18.40/22.52
12-30 20:49:52.006 19429  6860 I VrApi   : FPS=72/72,Prd=0ms,Tear=0,Early=0,Stale=0,VSnc=1,Lat=0,Fov=0,CPU4/GPU=2/2,1171/441MHz,OC=FF,TA=0/70/0,SP=N/F/N,Mem=1804MHz,Free=7711MB,PLS=0,Temp=20.2C/0.0C,TW=4.36ms,App=1.23ms,GD=0.00ms,CPU&GPU=12.64ms,LCnt=1(DR72,LM0),GPU%=0.42,CPU%=0.19(W0.23),DSF=1.00,CFL=18.51/22.63
12-30 20:49:53.006 19429  6860 I VrApi   : FPS=72/72,Prd=0ms,Tear=0,Early=0,Stale=0,VSnc=1,Lat=0,Fov=0,CPU4/GPU=2/2,1171/441MHz,OC=FF,TA=0/70/0,SP=N/F/N,Mem=1804MHz,Free=7711MB,PLS=0,Temp=20.2C/0.0C,TW=4.35ms,App=1.25ms,GD=0.00ms,CPU&GPU=12.64ms,LCnt=1(DR72,LM0),GPU%=0.42,CPU%=0.19(W0.27),DSF=1.00,CFL=18.41/22.29
12-30 20:49:54.006 19429  6860 I VrApi   : FPS=72/72,Prd=0ms,Tear=0,Early=0,Stale=0,VSnc=1,Lat=0,Fov=0,CPU4/GPU=2/2,1171/441MHz,OC=FF,TA=0/70/0,SP=N/F/N,Mem=1804MHz,Free=7711MB,PLS=0,Temp=20.2C/0.0C,TW=4.34ms,App=1.22ms,GD=0.00ms,CPU&GPU=12.65ms,LCnt=1(DR72,LM0),GPU%=0.42,CPU%=0.16(W0.18),DSF=1.00,CFL=18.44/22.30
12-30 20:49:55.006 19429  6860 I VrApi   : FPS=72/72,Prd=0ms,Tear=0,Early=0,Stale=0,VSnc=1,Lat=0,Fov=0,CPU4/GPU=2/2,1171/441MHz,OC=FF,TA=0/70/0,SP=N/F/N,Mem=1804MHz,Free=7711MB,PLS=0,Temp=20.2C/0.0C,TW=4.35ms,App=1.23ms,GD=0.00ms,CPU&GPU=12.66ms,LCnt=1(DR72,LM0),GPU%=0.42,CPU%=0.16(W0.19),DSF=1.00,CFL=18.44/22.18
12-30 20:49:56.006 19429  6860 I VrApi   : FPS=72/72,Prd=0ms,Tear=0,Early=0,Stale=0,VSnc=1,Lat=0,Fov=0,CPU4/GPU=2/2,1171/441MHz,OC=FF,TA=0/70/0,SP=N/F/N,Mem=1804MHz,Free=7711MB,PLS=0,Temp=20.2C/0.0C,TW=4.34ms,App=1.25ms,GD=0.00ms,CPU&GPU=12.65ms,LCnt=1(DR72,LM0),GPU%=0.42,CPU%=0.19(W0.29),DSF=1.00,CFL=18.39/22.69
12-30 20:49:57.011 19429  6860 I VrApi   : FPS=72/72,Prd=0ms,Tear=0,Early=0,Stale=0,VSnc=1,Lat=0,Fov=0,CPU4/GPU=2/2,1171/441MHz,OC=FF,TA=0/70/0,SP=N/F/N,Mem=1804MHz,Free=7726MB,PLS=0,Temp=20.2C/0.0C,TW=4.34ms,App=1.22ms,GD=0.00ms,CPU&GPU=12.65ms,LCnt=1(DR72,LM0),GPU%=0.42,CPU%=0.20(W0.30),DSF=1.00,CFL=18.68/22.79
12-30 20:49:58.006 19429  6860 I VrApi   : FPS=72/72,Prd=0ms,Tear=0,Early=0,Stale=0,VSnc=1,Lat=0,Fov=0,CPU4/GPU=2/2,1171/441MHz,OC=FF,TA=0/70/0,SP=N/F/N,Mem=1804MHz,Free=7726MB,PLS=0,Temp=20.2C/0.0C,TW=4.34ms,App=1.27ms,GD=0.00ms,CPU&GPU=12.65ms,LCnt=1(DR72,LM0),GPU%=0.43,CPU%=0.20(W0.23),DSF=1.00,CFL=18.38/22.22
12-30 20:49:59.006 19429  6860 I VrApi   : FPS=72/72,Prd=0ms,Tear=0,Early=0,Stale=0,VSnc=1,Lat=0,Fov=0,CPU4/GPU=2/2,1171/441MHz,OC=FF,TA=0/70/0,SP=N/F/N,Mem=1804MHz,Free=7726MB,PLS=0,Temp=20.2C/0.0C,TW=4.36ms,App=1.34ms,GD=0.00ms,CPU&GPU=12.65ms,LCnt=1(DR72,LM0),GPU%=0.43,CPU%=0.22(W0.31),DSF=1.00,CFL=18.63/22.28
12-30 20:50:00.011 19429  6860 I VrApi   : FPS=72/72,Prd=0ms,Tear=0,Early=0,Stale=0,VSnc=1,Lat=0,Fov=0,CPU4/GPU=2/2,1171/441MHz,OC=FF,TA=0/70/0,SP=N/F/N,Mem=1804MHz,Free=7726MB,PLS=0,Temp=20.2C/0.0C,TW=4.34ms,App=1.14ms,GD=0.00ms,CPU&GPU=12.66ms,LCnt=1(DR72,LM0),GPU%=0.41,CPU%=0.19(W0.24),DSF=1.00,CFL=18.41/22.21
12-30 20:50:01.007 19429  6860 I VrApi   : FPS=71/72,Prd=0ms,Tear=0,Early=0,Stale=0,VSnc=1,Lat=0,Fov=0,CPU4/GPU=2/2,1171/441MHz,OC=FF,TA=0/70/0,SP=N/F/N,Mem=1804MHz,Free=7726MB,PLS=0,Temp=20.2C/0.0C,TW=4.36ms,App=1.18ms,GD=0.00ms,CPU&GPU=14.00ms,LCnt=1(DR72,LM0),GPU%=0.42,CPU%=0.19(W0.30),DSF=1.00,CFL=18.41/22.20
12-30 20:50:02.007 19429  6860 I VrApi   : FPS=72/72,Prd=0ms,Tear=0,Early=0,Stale=0,VSnc=1,Lat=0,Fov=0,CPU4/GPU=2/2,1171/441MHz,OC=FF,TA=0/70/0,SP=N/F/N,Mem=1804MHz,Free=7726MB,PLS=0,Temp=20.2C/0.0C,TW=4.36ms,App=1.44ms,GD=0.00ms,CPU&GPU=13.71ms,LCnt=1(DR72,LM0),GPU%=0.44,CPU%=0.19(W0.26),DSF=1.00,CFL=18.50/22.40
12-30 20:50:03.006 19429  6860 I VrApi   : FPS=72/72,Prd=0ms,Tear=0,Early=0,Stale=0,VSnc=1,Lat=0,Fov=0,CPU4/GPU=2/2,1171/441MHz,OC=FF,TA=0/70/0,SP=N/F/N,Mem=2092MHz,Free=7726MB,PLS=0,Temp=20.2C/0.0C,TW=4.35ms,App=1.24ms,GD=0.00ms,CPU&GPU=12.66ms,LCnt=1(DR72,LM0),GPU%=0.42,CPU%=0.18(W0.23),DSF=1.00,CFL=18.40/22.27
12-30 20:50:04.007 19429  6860 I VrApi   : FPS=72/72,Prd=0ms,Tear=0,Early=0,Stale=0,VSnc=1,Lat=0,Fov=0,CPU4/GPU=2/2,1171/441MHz,OC=FF,TA=0/70/0,SP=N/F/N,Mem=2092MHz,Free=7726MB,PLS=0,Temp=20.2C/0.0C,TW=4.34ms,App=1.27ms,GD=0.00ms,CPU&GPU=12.67ms,LCnt=1(DR72,LM0),GPU%=0.42,CPU%=0.24(W0.35),DSF=1.00,CFL=18.48/22.65
12-30 20:50:05.007 19429  6860 I VrApi   : FPS=72/72,Prd=0ms,Tear=0,Early=0,Stale=0,VSnc=1,Lat=0,Fov=0,CPU4/GPU=2/2,1171/441MHz,OC=FF,TA=0/70/0,SP=N/F/N,Mem=2092MHz,Free=7726MB,PLS=0,Temp=20.2C/0.0C,TW=4.36ms,App=1.27ms,GD=0.00ms,CPU&GPU=12.66ms,LCnt=1(DR72,LM0),GPU%=0.42,CPU%=0.19(W0.19),DSF=1.00,CFL=18.43/22.19
12-30 20:50:06.007 19429  6860 I VrApi   : FPS=72/72,Prd=0ms,Tear=0,Early=0,Stale=0,VSnc=1,Lat=0,Fov=0,CPU4/GPU=2/2,1171/441MHz,OC=FF,TA=0/70/0,SP=N/F/N,Mem=1555MHz,Free=7726MB,PLS=0,Temp=20.2C/0.0C,TW=4.49ms,App=1.42ms,GD=0.00ms,CPU&GPU=12.66ms,LCnt=1(DR72,LM0),GPU%=0.43,CPU%=0.19(W0.26),DSF=1.00,CFL=18.64/22.38
12-30 20:50:07.007 19429  6860 I VrApi   : FPS=72/72,Prd=0ms,Tear=0,Early=0,Stale=0,VSnc=1,Lat=0,Fov=0,CPU4/GPU=2/2,1171/441MHz,OC=FF,TA=0/70/0,SP=N/F/N,Mem=1804MHz,Free=7726MB,PLS=0,Temp=20.2C/0.0C,TW=4.36ms,App=1.37ms,GD=0.00ms,CPU&GPU=12.65ms,LCnt=1(DR72,LM0),GPU%=0.43,CPU%=0.15(W0.18),DSF=1.00,CFL=18.55/22.15
12-30 20:50:08.007 19429  6860 I VrApi   : FPS=72/72,Prd=0ms,Tear=0,Early=0,Stale=0,VSnc=1,Lat=0,Fov=0,CPU4/GPU=2/2,1171/441MHz,OC=FF,TA=0/70/0,SP=N/F/N,Mem=2092MHz,Free=7726MB,PLS=0,Temp=20.2C/0.0C,TW=4.35ms,App=1.37ms,GD=0.00ms,CPU&GPU=12.65ms,LCnt=1(DR72,LM0),GPU%=0.43,CPU%=0.25(W0.29),DSF=1.00,CFL=18.40/22.30
12-30 20:50:09.007 19429  6860 I VrApi   : FPS=72/72,Prd=0ms,Tear=0,Early=0,Stale=0,VSnc=1,Lat=0,Fov=0,CPU4/GPU=2/2,1171/441MHz,OC=FF,TA=0/70/0,SP=N/F/N,Mem=2092MHz,Free=7726MB,PLS=0,Temp=20.2C/0.0C,TW=4.35ms,App=1.34ms,GD=0.00ms,CPU&GPU=12.65ms,LCnt=1(DR72,LM0),GPU%=0.44,CPU%=0.19(W0.27),DSF=1.00,CFL=18.46/22.22
12-30 20:50:10.008 19429  6860 I VrApi   : FPS=72/72,Prd=0ms,Tear=0,Early=0,Stale=0,VSnc=1,Lat=0,Fov=0,CPU4/GPU=2/2,1171/441MHz,OC=FF,TA=0/70/0,SP=N/F/N,Mem=2092MHz,Free=7726MB,PLS=0,Temp=20.2C/0.0C,TW=4.34ms,App=1.33ms,GD=0.00ms,CPU&GPU=12.66ms,LCnt=1(DR72,LM0),GPU%=0.43,CPU%=0.26(W0.30),DSF=1.00,CFL=18.35/22.07
12-30 20:50:11.008 19429  6860 I VrApi   : FPS=72/72,Prd=0ms,Tear=0,Early=0,Stale=0,VSnc=1,Lat=0,Fov=0,CPU4/GPU=2/2,1171/441MHz,OC=FF,TA=0/70/0,SP=N/F/N,Mem=1555MHz,Free=7726MB,PLS=0,Temp=20.2C/0.0C,TW=4.36ms,App=1.36ms,GD=0.00ms,CPU&GPU=12.67ms,LCnt=1(DR72,LM0),GPU%=0.43,CPU%=0.18(W0.25),DSF=1.00,CFL=18.55/22.19
12-30 20:50:12.007 19429  6860 I VrApi   : FPS=72/72,Prd=0ms,Tear=0,Early=0,Stale=0,VSnc=1,Lat=0,Fov=0,CPU4/GPU=2/2,1171/441MHz,OC=FF,TA=0/70/0,SP=N/F/N,Mem=1804MHz,Free=7726MB,PLS=0,Temp=20.2C/0.0C,TW=4.51ms,App=1.20ms,GD=0.00ms,CPU&GPU=12.66ms,LCnt=1(DR72,LM0),GPU%=0.42,CPU%=0.21(W0.35),DSF=1.00,CFL=18.40/22.17
12-30 20:50:13.006 19429  6860 I VrApi   : FPS=72/72,Prd=0ms,Tear=0,Early=0,Stale=0,VSnc=1,Lat=0,Fov=0,CPU4/GPU=2/2,1171/441MHz,OC=FF,TA=0/70/0,SP=N/F/N,Mem=1555MHz,Free=7726MB,PLS=0,Temp=20.2C/0.0C,TW=4.35ms,App=1.25ms,GD=0.00ms,CPU&GPU=12.65ms,LCnt=1(DR72,LM0),GPU%=0.42,CPU%=0.14(W0.29),DSF=1.00,CFL=18.34/22.02
12-30 20:50:14.007 19429  6860 I VrApi   : FPS=72/72,Prd=0ms,Tear=0,Early=0,Stale=0,VSnc=1,Lat=0,Fov=0,CPU4/GPU=2/2,1171/441MHz,OC=FF,TA=0/70/0,SP=N/F/N,Mem=1555MHz,Free=7726MB,PLS=0,Temp=20.0C/0.0C,TW=4.35ms,App=1.41ms,GD=0.00ms,CPU&GPU=12.65ms,LCnt=1(DR72,LM0),GPU%=0.43,CPU%=0.20(W0.26),DSF=1.00,CFL=18.46/22.95
12-30 20:50:15.007 19429  6860 I VrApi   : FPS=72/72,Prd=0ms,Tear=0,Early=0,Stale=0,VSnc=1,Lat=0,Fov=0,CPU4/GPU=2/2,1171/441MHz,OC=FF,TA=0/70/0,SP=N/F/N,Mem=1804MHz,Free=7726MB,PLS=0,Temp=20.0C/0.0C,TW=4.34ms,App=1.39ms,GD=0.00ms,CPU&GPU=12.66ms,LCnt=1(DR72,LM0),GPU%=0.43,CPU%=0.20(W0.27),DSF=1.00,CFL=18.35/22.01
12-30 20:50:16.008 19429  6860 I VrApi   : FPS=72/72,Prd=0ms,Tear=0,Early=0,Stale=0,VSnc=1,Lat=0,Fov=0,CPU4/GPU=2/2,1171/441MHz,OC=FF,TA=0/70/0,SP=N/F/N,Mem=1804MHz,Free=7726MB,PLS=0,Temp=20.0C/0.0C,TW=4.34ms,App=1.38ms,GD=0.00ms,CPU&GPU=12.67ms,LCnt=1(DR72,LM0),GPU%=0.43,CPU%=0.19(W0.22),DSF=1.00,CFL=18.31/21.85
12-30 20:50:17.012 19429  6860 I VrApi   : FPS=72/72,Prd=0ms,Tear=0,Early=0,Stale=0,VSnc=1,Lat=0,Fov=0,CPU4/GPU=2/2,1171/441MHz,OC=FF,TA=0/70/0,SP=N/F/N,Mem=1804MHz,Free=7719MB,PLS=0,Temp=20.0C/0.0C,TW=4.21ms,App=1.33ms,GD=0.00ms,CPU&GPU=12.67ms,LCnt=1(DR72,LM0),GPU%=0.43,CPU%=0.19(W0.23),DSF=1.00,CFL=18.24/22.92
12-30 20:50:18.008 19429  6860 I VrApi   : FPS=69/72,Prd=0ms,Tear=0,Early=0,Stale=0,VSnc=1,Lat=0,Fov=0,CPU4/GPU=2/2,1171/441MHz,OC=FF,TA=0/70/0,SP=N/F/N,Mem=1804MHz,Free=7719MB,PLS=0,Temp=20.0C/0.0C,TW=4.36ms,App=1.28ms,GD=0.00ms,CPU&GPU=13.34ms,LCnt=1(DR72,LM0),GPU%=0.43,CPU%=0.13(W0.23),DSF=1.00,CFL=18.49/22.20
12-30 20:50:19.009 19429  6860 I VrApi   : FPS=72/72,Prd=0ms,Tear=0,Early=0,Stale=0,VSnc=1,Lat=0,Fov=0,CPU4/GPU=2/2,1171/441MHz,OC=FF,TA=0/70/0,SP=N/F/N,Mem=1804MHz,Free=7719MB,PLS=0,Temp=20.0C/0.0C,TW=4.35ms,App=1.29ms,GD=0.00ms,CPU&GPU=12.65ms,LCnt=1(DR72,LM0),GPU%=0.43,CPU%=0.14(W0.26),DSF=1.00,CFL=18.52/22.91
12-30 20:50:20.007 19429  6860 I VrApi   : FPS=72/72,Prd=0ms,Tear=0,Early=0,Stale=0,VSnc=1,Lat=0,Fov=0,CPU4/GPU=2/2,1171/441MHz,OC=FF,TA=0/70/0,SP=N/F/N,Mem=1804MHz,Free=7719MB,PLS=0,Temp=20.0C/0.0C,TW=4.35ms,App=1.24ms,GD=0.00ms,CPU&GPU=12.65ms,LCnt=1(DR72,LM0),GPU%=0.42,CPU%=0.11(W0.16),DSF=1.00,CFL=18.22/22.27
12-30 20:50:21.007 19429  6860 I VrApi   : FPS=72/72,Prd=0ms,Tear=0,Early=0,Stale=0,VSnc=1,Lat=0,Fov=0,CPU4/GPU=2/2,1171/441MHz,OC=FF,TA=0/70/0,SP=N/F/N,Mem=1804MHz,Free=7719MB,PLS=0,Temp=20.0C/0.0C,TW=4.36ms,App=1.33ms,GD=0.00ms,CPU&GPU=12.65ms,LCnt=1(DR72,LM0),GPU%=0.43,CPU%=0.16(W0.16),DSF=1.00,CFL=18.23/21.76
12-30 20:50:22.007 19429  6860 I VrApi   : FPS=72/72,Prd=0ms,Tear=0,Early=0,Stale=0,VSnc=1,Lat=0,Fov=0,CPU4/GPU=2/2,1171/441MHz,OC=FF,TA=0/70/0,SP=N/F/N,Mem=1804MHz,Free=7719MB,PLS=0,Temp=20.0C/0.0C,TW=4.36ms,App=1.36ms,GD=0.00ms,CPU&GPU=12.66ms,LCnt=1(DR72,LM0),GPU%=0.43,CPU%=0.14(W0.16),DSF=1.00,CFL=18.50/22.83
12-30 20:50:23.007 19429  6860 I VrApi   : FPS=72/72,Prd=0ms,Tear=0,Early=0,Stale=0,VSnc=1,Lat=0,Fov=0,CPU4/GPU=2/2,1171/441MHz,OC=FF,TA=0/70/0,SP=N/F/N,Mem=1804MHz,Free=7719MB,PLS=0,Temp=20.0C/0.0C,TW=4.34ms,App=1.36ms,GD=0.00ms,CPU&GPU=12.66ms,LCnt=1(DR72,LM0),GPU%=0.43,CPU%=0.20(W0.27),DSF=1.00,CFL=18.36/22.30
12-30 20:50:24.008 19429  6860 I VrApi   : FPS=72/72,Prd=0ms,Tear=0,Early=0,Stale=0,VSnc=1,Lat=0,Fov=0,CPU4/GPU=2/2,1171/441MHz,OC=FF,TA=0/70/0,SP=N/F/N,Mem=2092MHz,Free=7719MB,PLS=0,Temp=20.0C/0.0C,TW=4.36ms,App=1.39ms,GD=0.00ms,CPU&GPU=12.65ms,LCnt=1(DR72,LM0),GPU%=0.43,CPU%=0.25(W0.26),DSF=1.00,CFL=18.33/22.14
12-30 20:50:25.008 19429  6860 I VrApi   : FPS=72/72,Prd=0ms,Tear=0,Early=0,Stale=0,VSnc=1,Lat=0,Fov=0,CPU4/GPU=2/2,1171/441MHz,OC=FF,TA=0/70/0,SP=N/F/N,Mem=2092MHz,Free=7719MB,PLS=0,Temp=20.0C/0.0C,TW=4.35ms,App=1.37ms,GD=0.00ms,CPU&GPU=12.66ms,LCnt=1(DR72,LM0),GPU%=0.43,CPU%=0.11(W0.11),DSF=1.00,CFL=18.37/22.62
12-30 20:50:26.008 19429  6860 I VrApi   : FPS=72/72,Prd=0ms,Tear=0,Early=0,Stale=0,VSnc=1,Lat=0,Fov=0,CPU4/GPU=2/2,1171/441MHz,OC=FF,TA=0/70/0,SP=N/F/N,Mem=1804MHz,Free=7719MB,PLS=0,Temp=20.0C/0.0C,TW=4.35ms,App=1.44ms,GD=0.00ms,CPU&GPU=12.65ms,LCnt=1(DR72,LM0),GPU%=0.44,CPU%=0.22(W0.23),DSF=1.00,CFL=18.39/22.08
12-30 20:50:27.008 19429  6860 I VrApi   : FPS=72/72,Prd=0ms,Tear=0,Early=0,Stale=0,VSnc=1,Lat=0,Fov=0,CPU4/GPU=2/2,1171/441MHz,OC=FF,TA=0/70/0,SP=N/F/N,Mem=1804MHz,Free=7719MB,PLS=0,Temp=20.0C/0.0C,TW=4.35ms,App=1.33ms,GD=0.00ms,CPU&GPU=12.67ms,LCnt=1(DR72,LM0),GPU%=0.43,CPU%=0.15(W0.26),DSF=1.00,CFL=18.22/22.28
12-30 20:50:28.008 19429  6860 I VrApi   : FPS=72/72,Prd=0ms,Tear=0,Early=0,Stale=0,VSnc=1,Lat=0,Fov=0,CPU4/GPU=2/2,1171/441MHz,OC=FF,TA=0/70/0,SP=N/F/N,Mem=1804MHz,Free=7719MB,PLS=0,Temp=20.0C/0.0C,TW=4.34ms,App=1.23ms,GD=0.00ms,CPU&GPU=12.66ms,LCnt=1(DR72,LM0),GPU%=0.42,CPU%=0.21(W0.32),DSF=1.00,CFL=18.30/22.57
12-30 20:50:29.008 19429  6860 I VrApi   : FPS=72/72,Prd=0ms,Tear=0,Early=0,Stale=0,VSnc=1,Lat=0,Fov=0,CPU4/GPU=2/2,1171/441MHz,OC=FF,TA=0/70/0,SP=N/F/N,Mem=1804MHz,Free=7719MB,PLS=0,Temp=20.2C/0.0C,TW=4.35ms,App=1.26ms,GD=0.00ms,CPU&GPU=12.65ms,LCnt=1(DR72,LM0),GPU%=0.42,CPU%=0.19(W0.26),DSF=1.00,CFL=18.31/22.68
12-30 20:50:30.008 19429  6860 I VrApi   : FPS=72/72,Prd=0ms,Tear=0,Early=0,Stale=0,VSnc=1,Lat=0,Fov=0,CPU4/GPU=2/2,1171/441MHz,OC=FF,TA=0/70/0,SP=N/F/N,Mem=1555MHz,Free=7719MB,PLS=0,Temp=20.2C/0.0C,TW=4.35ms,App=1.29ms,GD=0.00ms,CPU&GPU=12.66ms,LCnt=1(DR72,LM0),GPU%=0.43,CPU%=0.18(W0.26),DSF=1.00,CFL=18.54/22.72
12-30 20:50:31.008 19429  6860 I VrApi   : FPS=72/72,Prd=0ms,Tear=0,Early=0,Stale=0,VSnc=1,Lat=0,Fov=0,CPU4/GPU=2/2,1171/441MHz,OC=FF,TA=0/70/0,SP=N/F/N,Mem=1804MHz,Free=7719MB,PLS=0,Temp=20.2C/0.0C,TW=4.36ms,App=1.26ms,GD=0.00ms,CPU&GPU=12.65ms,LCnt=1(DR72,LM0),GPU%=0.42,CPU%=0.15(W0.19),DSF=1.00,CFL=18.42/22.61
12-30 20:50:32.008 19429  6860 I VrApi   : FPS=72/72,Prd=0ms,Tear=0,Early=0,Stale=0,VSnc=1,Lat=0,Fov=0,CPU4/GPU=2/2,1171/441MHz,OC=FF,TA=0/70/0,SP=N/F/N,Mem=1804MHz,Free=7719MB,PLS=0,Temp=20.2C/0.0C,TW=4.34ms,App=1.31ms,GD=0.00ms,CPU&GPU=12.65ms,LCnt=1(DR72,LM0),GPU%=0.43,CPU%=0.10(W0.20),DSF=1.00,CFL=18.55/22.06
12-30 20:50:33.008 19429  6860 I VrApi   : FPS=72/72,Prd=0ms,Tear=0,Early=0,Stale=0,VSnc=1,Lat=0,Fov=0,CPU4/GPU=2/2,1171/441MHz,OC=FF,TA=0/70/0,SP=N/F/N,Mem=1804MHz,Free=7719MB,PLS=0,Temp=20.2C/0.0C,TW=4.33ms,App=1.23ms,GD=0.00ms,CPU&GPU=12.65ms,LCnt=1(DR72,LM0),GPU%=0.42,CPU%=0.17(W0.24),DSF=1.00,CFL=18.25/21.98
12-30 20:50:34.009 19429  6860 I VrApi   : FPS=72/72,Prd=0ms,Tear=0,Early=0,Stale=0,VSnc=1,Lat=0,Fov=0,CPU4/GPU=2/2,1171/441MHz,OC=FF,TA=0/70/0,SP=N/F/N,Mem=1804MHz,Free=7719MB,PLS=0,Temp=20.2C/0.0C,TW=4.35ms,App=1.32ms,GD=0.00ms,CPU&GPU=12.66ms,LCnt=1(DR72,LM0),GPU%=0.43,CPU%=0.16(W0.19),DSF=1.00,CFL=18.29/22.01
12-30 20:50:35.008 19429  6860 I VrApi   : FPS=72/72,Prd=0ms,Tear=0,Early=0,Stale=0,VSnc=1,Lat=0,Fov=0,CPU4/GPU=2/2,1171/441MHz,OC=FF,TA=0/70/0,SP=N/F/N,Mem=1804MHz,Free=7719MB,PLS=0,Temp=20.2C/0.0C,TW=4.36ms,App=1.38ms,GD=0.00ms,CPU&GPU=12.66ms,LCnt=1(DR72,LM0),GPU%=0.43,CPU%=0.18(W0.23),DSF=1.00,CFL=18.25/22.41
12-30 20:50:36.009 19429  6860 I VrApi   : FPS=72/72,Prd=0ms,Tear=0,Early=0,Stale=0,VSnc=1,Lat=0,Fov=0,CPU4/GPU=2/2,1171/441MHz,OC=FF,TA=0/70/0,SP=N/F/N,Mem=2092MHz,Free=7719MB,PLS=0,Temp=20.2C/0.0C,TW=4.33ms,App=1.43ms,GD=0.00ms,CPU&GPU=12.65ms,LCnt=1(DR72,LM0),GPU%=0.44,CPU%=0.24(W0.32),DSF=1.00,CFL=18.50/21.99
12-30 20:50:37.013 19429  6860 I VrApi   : FPS=72/72,Prd=0ms,Tear=0,Early=0,Stale=0,VSnc=1,Lat=0,Fov=0,CPU4/GPU=2/2,1171/441MHz,OC=FF,TA=0/70/0,SP=N/F/N,Mem=2092MHz,Free=7719MB,PLS=0,Temp=20.2C/0.0C,TW=4.35ms,App=1.30ms,GD=0.00ms,CPU&GPU=12.67ms,LCnt=1(DR72,LM0),GPU%=0.43,CPU%=0.19(W0.20),DSF=1.00,CFL=18.31/22.32
12-30 20:50:38.009 19429  6860 I VrApi   : FPS=72/72,Prd=0ms,Tear=0,Early=0,Stale=0,VSnc=1,Lat=0,Fov=0,CPU4/GPU=2/2,1171/441MHz,OC=FF,TA=0/70/0,SP=N/F/N,Mem=2092MHz,Free=7719MB,PLS=0,Temp=20.2C/0.0C,TW=4.35ms,App=1.39ms,GD=0.00ms,CPU&GPU=12.67ms,LCnt=1(DR72,LM0),GPU%=0.43,CPU%=0.15(W0.20),DSF=1.00,CFL=18.49/21.95
12-30 20:50:39.009 19429  6860 I VrApi   : FPS=72/72,Prd=0ms,Tear=0,Early=0,Stale=0,VSnc=1,Lat=0,Fov=0,CPU4/GPU=2/2,1171/441MHz,OC=FF,TA=0/70/0,SP=N/F/N,Mem=1555MHz,Free=7719MB,PLS=0,Temp=20.2C/0.0C,TW=4.33ms,App=1.33ms,GD=0.00ms,CPU&GPU=12.66ms,LCnt=1(DR72,LM0),GPU%=0.43,CPU%=0.22(W0.35),DSF=1.00,CFL=18.65/22.24
12-30 20:50:40.009 19429  6860 I VrApi   : FPS=72/72,Prd=0ms,Tear=0,Early=0,Stale=0,VSnc=1,Lat=0,Fov=0,CPU4/GPU=2/2,1171/441MHz,OC=FF,TA=0/70/0,SP=N/F/N,Mem=1804MHz,Free=7719MB,PLS=0,Temp=20.2C/0.0C,TW=4.35ms,App=1.17ms,GD=0.00ms,CPU&GPU=12.65ms,LCnt=1(DR72,LM0),GPU%=0.42,CPU%=0.16(W0.23),DSF=1.00,CFL=18.45/22.04
12-30 20:50:41.009 19429  6860 I VrApi   : FPS=70/72,Prd=0ms,Tear=0,Early=0,Stale=0,VSnc=1,Lat=0,Fov=0,CPU4/GPU=2/2,1171/441MHz,OC=FF,TA=0/70/0,SP=N/F/N,Mem=1804MHz,Free=7719MB,PLS=0,Temp=20.2C/0.0C,TW=4.36ms,App=1.17ms,GD=0.00ms,CPU&GPU=14.14ms,LCnt=1(DR72,LM0),GPU%=0.42,CPU%=0.18(W0.20),DSF=1.00,CFL=18.28/22.34
12-30 20:50:42.013 19429  6860 I VrApi   : FPS=72/72,Prd=0ms,Tear=0,Early=0,Stale=0,VSnc=1,Lat=0,Fov=0,CPU4/GPU=2/2,1171/441MHz,OC=FF,TA=0/70/0,SP=N/F/N,Mem=1804MHz,Free=7719MB,PLS=0,Temp=20.2C/0.0C,TW=4.35ms,App=1.23ms,GD=0.00ms,CPU&GPU=13.92ms,LCnt=1(DR72,LM0),GPU%=0.42,CPU%=0.17(W0.24),DSF=1.00,CFL=18.36/22.16
12-30 20:50:43.009 19429  6860 I VrApi   : FPS=72/72,Prd=0ms,Tear=0,Early=0,Stale=0,VSnc=1,Lat=0,Fov=0,CPU4/GPU=2/2,1171/441MHz,OC=FF,TA=0/70/0,SP=N/F/N,Mem=1804MHz,Free=7719MB,PLS=0,Temp=20.2C/0.0C,TW=4.36ms,App=1.18ms,GD=0.00ms,CPU&GPU=13.92ms,LCnt=1(DR72,LM0),GPU%=0.42,CPU%=0.12(W0.15),DSF=1.00,CFL=18.66/22.15
12-30 20:50:44.009 19429  6860 I VrApi   : FPS=72/72,Prd=0ms,Tear=0,Early=0,Stale=0,VSnc=1,Lat=0,Fov=0,CPU4/GPU=2/2,1171/441MHz,OC=FF,TA=0/70/0,SP=N/F/N,Mem=1804MHz,Free=7719MB,PLS=0,Temp=20.2C/0.0C,TW=4.36ms,App=1.22ms,GD=0.00ms,CPU&GPU=13.92ms,LCnt=1(DR72,LM0),GPU%=0.42,CPU%=0.15(W0.18),DSF=1.00,CFL=18.33/22.26
12-30 20:50:45.009 19429  6860 I VrApi   : FPS=72/72,Prd=0ms,Tear=0,Early=0,Stale=0,VSnc=1,Lat=0,Fov=0,CPU4/GPU=2/2,1171/441MHz,OC=FF,TA=0/70/0,SP=N/F/N,Mem=1804MHz,Free=7719MB,PLS=0,Temp=20.2C/0.0C,TW=4.35ms,App=1.18ms,GD=0.00ms,CPU&GPU=13.92ms,LCnt=1(DR72,LM0),GPU%=0.42,CPU%=0.19(W0.27),DSF=1.00,CFL=18.21/22.52
12-30 20:50:46.009 19429  6860 I VrApi   : FPS=72/72,Prd=0ms,Tear=0,Early=0,Stale=0,VSnc=1,Lat=0,Fov=0,CPU4/GPU=2/2,1171/441MHz,OC=FF,TA=0/70/0,SP=N/F/N,Mem=1804MHz,Free=7719MB,PLS=0,Temp=20.2C/0.0C,TW=4.36ms,App=1.17ms,GD=0.00ms,CPU&GPU=13.92ms,LCnt=1(DR72,LM0),GPU%=0.42,CPU%=0.14(W0.23),DSF=1.00,CFL=18.36/22.22
12-30 20:50:47.009 19429  6860 I VrApi   : FPS=72/72,Prd=0ms,Tear=0,Early=0,Stale=0,VSnc=1,Lat=0,Fov=0,CPU4/GPU=2/2,1171/441MHz,OC=FF,TA=0/70/0,SP=N/F/N,Mem=1804MHz,Free=7719MB,PLS=0,Temp=20.2C/0.0C,TW=4.35ms,App=1.13ms,GD=0.00ms,CPU&GPU=13.92ms,LCnt=1(DR72,LM0),GPU%=0.42,CPU%=0.20(W0.29),DSF=1.00,CFL=18.51/22.45
12-30 20:50:48.010 19429  6860 I VrApi   : FPS=72/72,Prd=0ms,Tear=0,Early=0,Stale=0,VSnc=1,Lat=0,Fov=0,CPU4/GPU=2/2,1171/441MHz,OC=FF,TA=0/70/0,SP=N/F/N,Mem=2092MHz,Free=7719MB,PLS=0,Temp=20.2C/0.0C,TW=4.35ms,App=1.14ms,GD=0.00ms,CPU&GPU=13.92ms,LCnt=1(DR72,LM0),GPU%=0.42,CPU%=0.20(W0.22),DSF=1.00,CFL=18.34/21.90
12-30 20:50:49.009 19429  6860 I VrApi   : FPS=72/72,Prd=0ms,Tear=0,Early=0,Stale=0,VSnc=1,Lat=0,Fov=0,CPU4/GPU=2/2,1171/441MHz,OC=FF,TA=0/70/0,SP=N/F/N,Mem=2092MHz,Free=7719MB,PLS=0,Temp=20.2C/0.0C,TW=4.35ms,App=1.07ms,GD=0.00ms,CPU&GPU=13.92ms,LCnt=1(DR72,LM0),GPU%=0.41,CPU%=0.15(W0.16),DSF=1.00,CFL=18.46/21.91
12-30 20:50:50.010 19429  6860 I VrApi   : FPS=72/72,Prd=0ms,Tear=0,Early=0,Stale=0,VSnc=1,Lat=0,Fov=0,CPU4/GPU=2/2,1171/441MHz,OC=FF,TA=0/70/0,SP=N/F/N,Mem=2092MHz,Free=7719MB,PLS=0,Temp=20.2C/0.0C,TW=4.36ms,App=1.11ms,GD=0.00ms,CPU&GPU=13.92ms,LCnt=1(DR72,LM0),GPU%=0.41,CPU%=0.17(W0.19),DSF=1.00,CFL=18.26/22.13
12-30 20:50:51.010 19429  6860 I VrApi   : FPS=72/72,Prd=0ms,Tear=0,Early=0,Stale=0,VSnc=1,Lat=0,Fov=0,CPU4/GPU=2/2,1171/441MHz,OC=FF,TA=0/70/0,SP=N/F/N,Mem=2092MHz,Free=7719MB,PLS=0,Temp=20.2C/0.0C,TW=4.36ms,App=1.06ms,GD=0.00ms,CPU&GPU=13.92ms,LCnt=1(DR72,LM0),GPU%=0.41,CPU%=0.13(W0.23),DSF=1.00,CFL=18.32/22.43
12-30 20:50:52.009 19429  6860 I VrApi   : FPS=72/72,Prd=0ms,Tear=0,Early=0,Stale=0,VSnc=1,Lat=0,Fov=0,CPU4/GPU=2/2,1171/441MHz,OC=FF,TA=0/70/0,SP=N/F/N,Mem=1555MHz,Free=7719MB,PLS=0,Temp=20.2C/0.0C,TW=4.36ms,App=1.10ms,GD=0.00ms,CPU&GPU=13.92ms,LCnt=1(DR72,LM0),GPU%=0.41,CPU%=0.17(W0.26),DSF=1.00,CFL=18.18/21.90
12-30 20:50:53.010 19429  6860 I VrApi   : FPS=72/72,Prd=0ms,Tear=0,Early=0,Stale=0,VSnc=1,Lat=0,Fov=0,CPU4/GPU=2/2,1171/441MHz,OC=FF,TA=0/70/0,SP=N/F/N,Mem=1804MHz,Free=7719MB,PLS=0,Temp=20.2C/0.0C,TW=4.36ms,App=1.13ms,GD=0.00ms,CPU&GPU=13.92ms,LCnt=1(DR72,LM0),GPU%=0.42,CPU%=0.16(W0.23),DSF=1.00,CFL=18.56/22.06
12-30 20:50:54.010 19429  6860 I VrApi   : FPS=72/72,Prd=0ms,Tear=0,Early=0,Stale=0,VSnc=1,Lat=0,Fov=0,CPU4/GPU=2/2,1171/441MHz,OC=FF,TA=0/70/0,SP=N/F/N,Mem=1804MHz,Free=7719MB,PLS=0,Temp=20.2C/0.0C,TW=4.36ms,App=1.12ms,GD=0.00ms,CPU&GPU=13.92ms,LCnt=1(DR72,LM0),GPU%=0.41,CPU%=0.18(W0.20),DSF=1.00,CFL=18.29/22.17
12-30 20:50:55.010 19429  6860 I VrApi   : FPS=72/72,Prd=0ms,Tear=0,Early=0,Stale=0,VSnc=1,Lat=0,Fov=0,CPU4/GPU=2/2,1171/441MHz,OC=FF,TA=0/70/0,SP=N/F/N,Mem=1804MHz,Free=7719MB,PLS=0,Temp=20.2C/0.0C,TW=4.36ms,App=1.14ms,GD=0.00ms,CPU&GPU=13.92ms,LCnt=1(DR72,LM0),GPU%=0.42,CPU%=0.15(W0.19),DSF=1.00,CFL=18.30/22.22
12-30 20:50:56.010 19429  6860 I VrApi   : FPS=72/72,Prd=0ms,Tear=0,Early=0,Stale=0,VSnc=1,Lat=0,Fov=0,CPU4/GPU=2/2,1171/441MHz,OC=FF,TA=0/70/0,SP=N/F/N,Mem=1804MHz,Free=7719MB,PLS=0,Temp=20.2C/0.0C,TW=4.35ms,App=1.08ms,GD=0.00ms,CPU&GPU=13.92ms,LCnt=1(DR72,LM0),GPU%=0.41,CPU%=0.14(W0.23),DSF=1.00,CFL=18.48/22.70
12-30 20:50:57.014 19429  6860 I VrApi   : FPS=72/72,Prd=0ms,Tear=0,Early=0,Stale=0,VSnc=1,Lat=0,Fov=0,CPU4/GPU=2/2,1171/441MHz,OC=FF,TA=0/70/0,SP=N/F/N,Mem=1804MHz,Free=7725MB,PLS=0,Temp=20.2C/0.0C,TW=4.35ms,App=1.08ms,GD=0.00ms,CPU&GPU=13.91ms,LCnt=1(DR72,LM0),GPU%=0.41,CPU%=0.17(W0.25),DSF=1.00,CFL=18.35/22.03
12-30 20:50:58.010 19429  6860 I VrApi   : FPS=72/72,Prd=0ms,Tear=0,Early=0,Stale=0,VSnc=1,Lat=0,Fov=0,CPU4/GPU=2/2,1171/441MHz,OC=FF,TA=0/70/0,SP=N/F/N,Mem=1804MHz,Free=7725MB,PLS=0,Temp=20.2C/0.0C,TW=4.35ms,App=1.13ms,GD=0.00ms,CPU&GPU=13.92ms,LCnt=1(DR72,LM0),GPU%=0.42,CPU%=0.17(W0.29),DSF=1.00,CFL=18.38/22.56
12-30 20:50:59.010 19429  6860 I VrApi   : FPS=72/72,Prd=0ms,Tear=0,Early=0,Stale=0,VSnc=1,Lat=0,Fov=0,CPU4/GPU=2/2,1171/441MHz,OC=FF,TA=0/70/0,SP=N/F/N,Mem=1804MHz,Free=7725MB,PLS=0,Temp=20.2C/0.0C,TW=4.35ms,App=1.14ms,GD=0.00ms,CPU&GPU=13.92ms,LCnt=1(DR72,LM0),GPU%=0.41,CPU%=0.20(W0.22),DSF=1.00,CFL=18.46/22.43
12-30 20:51:00.014 19429  6860 I VrApi   : FPS=72/72,Prd=0ms,Tear=0,Early=0,Stale=0,VSnc=1,Lat=0,Fov=0,CPU4/GPU=2/2,1171/441MHz,OC=FF,TA=0/70/0,SP=N/F/N,Mem=1804MHz,Free=7725MB,PLS=0,Temp=20.2C/0.0C,TW=4.36ms,App=1.21ms,GD=0.00ms,CPU&GPU=13.92ms,LCnt=1(DR72,LM0),GPU%=0.42,CPU%=0.21(W0.27),DSF=1.00,CFL=18.25/22.13
