--------- beginning of system
--------- beginning of tracking
--------- beginning of main
01-24 02:37:54.008  1999  8267 I VrApi   : FPS=90/90,Prd=20ms,Tear=0,Early=0,Stale=0,VSnc=0,Lat=-1,Fov=0,CPU4/GPU=2/3,1171/490MHz,OC=FF,TA=0/70/0,SP=N/F/N,Mem=2092MHz,Free=8700MB,PLS=0,Temp=20.7C/0.0C,TW=1.87ms,App=0.01ms,GD=0.14ms,CPU&GPU=0.47ms,LCnt=3(DR0,LM2),GPU%=0.34,CPU%=0.17(W0.20),DSF=1.00,CFL=17.37/20.67
01-24 02:37:55.008  1999  8267 I VrApi   : FPS=90/90,Prd=20ms,Tear=0,Early=0,Stale=0,VSnc=0,Lat=-1,Fov=0,CPU4/GPU=2/3,1171/490MHz,OC=FF,TA=0/70/0,SP=N/F/N,Mem=2092MHz,Free=8700MB,PLS=0,Temp=20.7C/0.0C,TW=1.95ms,App=0.01ms,GD=0.16ms,CPU&GPU=0.50ms,LCnt=3(DR0,LM2),GPU%=0.35,CPU%=0.18(W0.24),DSF=1.00,CFL=17.28/21.26
01-24 02:37:56.010  1999  8267 I VrApi   : FPS=90/90,Prd=20ms,Tear=0,Early=0,Stale=0,VSnc=0,Lat=-1,Fov=0,CPU4/GPU=2/3,1171/490MHz,OC=FF,TA=0/70/0,SP=N/F/N,Mem=2092MHz,Free=8700MB,PLS=0,Temp=20.7C/0.0C,TW=1.96ms,App=0.01ms,GD=0.13ms,CPU&GPU=0.54ms,LCnt=3(DR0,LM2),GPU%=0.35,CPU%=0.19(W0.27),DSF=1.00,CFL=17.36/20.84
01-24 02:37:57.010  1999  8267 I VrApi   : FPS=90/90,Prd=20ms,Tear=0,Early=0,Stale=0,VSnc=0,Lat=-1,Fov=0,CPU4/GPU=2/3,1171/490MHz,OC=FF,TA=0/70/0,SP=N/F/N,Mem=2092MHz,Free=8700MB,PLS=0,Temp=21.0C/0.0C,TW=1.97ms,App=0.01ms,GD=0.12ms,CPU&GPU=0.51ms,LCnt=3(DR0,LM2),GPU%=0.35,CPU%=0.21(W0.24),DSF=1.00,CFL=17.34/20.81
01-24 02:37:58.009  1999  8267 I VrApi   : FPS=91/90,Prd=21ms,Tear=0,Early=0,Stale=0,VSnc=0,Lat=-1,Fov=0,CPU4/GPU=2/3,1171/490MHz,OC=FF,TA=0/70/0,SP=N/F/N,Mem=2092MHz,Free=8700MB,PLS=0,Temp=21.0C/0.0C,TW=3.26ms,App=1.28ms,GD=0.13ms,CPU&GPU=4.01ms,LCnt=4(DR0,LM2),GPU%=0.58,CPU%=0.24(W0.30),DSF=1.00,CFL=17.40/20.64
01-24 02:37:59.013  1999  8267 I VrApi   : FPS=90/90,Prd=25ms,Tear=0,Early=0,Stale=0,VSnc=0,Lat=-1,Fov=0,CPU4/GPU=2/3,1171/490MHz,OC=FF,TA=0/70/0,SP=N/F/N,Mem=2092MHz,Free=8700MB,PLS=0,Temp=21.0C/0.0C,TW=3.24ms,App=1.28ms,GD=0.13ms,CPU&GPU=5.58ms,LCnt=4(DR0,LM2),GPU%=0.58,CPU%=0.23(W0.27),DSF=1.00,CFL=17.27/20.72
01-24 02:38:00.010  1999  8267 I VrApi   : FPS=89/90,Prd=25ms,Tear=0,Early=0,Stale=0,VSnc=0,Lat=-1,Fov=0,CPU4/GPU=2/3,1171/490MHz,OC=FF,TA=0/70/0,SP=N/F/N,Mem=2092MHz,Free=8700MB,PLS=0,Temp=21.0C/0.0C,TW=3.27ms,App=1.21ms,GD=0.15ms,CPU&GPU=5.56ms,LCnt=4(DR0,LM2),GPU%=0.58,CPU%=0.27(W0.29),DSF=1.00,CFL=17.25/22.46
01-24 02:38:01.011  1999  8267 I VrApi   : FPS=89/90,Prd=25ms,Tear=0,Early=0,Stale=2,VSnc=0,Lat=-1,Fov=0,CPU4/GPU=2/3,1171/490MHz,OC=FF,TA=0/70/0,SP=N/F/N,Mem=2092MHz,Free=8700MB,PLS=0,Temp=21.0C/0.0C,TW=3.30ms,App=1.22ms,GD=0.13ms,CPU&GPU=5.61ms,LCnt=4(DR0,LM2),GPU%=0.57,CPU%=0.21(W0.29),DSF=1.00,CFL=17.24/20.75
01-24 02:38:02.010  1999  8267 I VrApi   : FPS=90/90,Prd=25ms,Tear=0,Early=0,Stale=0,VSnc=0,Lat=-1,Fov=0,CPU4/GPU=2/3,1171/490MHz,OC=FF,TA=0/70/0,SP=N/F/N,Mem=2092MHz,Free=8700MB,PLS=0,Temp=21.0C/0.0C,TW=3.28ms,App=1.28ms,GD=0.13ms,CPU&GPU=5.59ms,LCnt=4(DR0,LM2),GPU%=0.58,CPU%=0.23(W0.32),DSF=1.00,CFL=17.42/20.52
01-24 02:38:03.017  1999  8267 I VrApi   : FPS=90/90,Prd=25ms,Tear=0,Early=0,Stale=0,VSnc=0,Lat=-1,Fov=0,CPU4/GPU=2/3,1171/490MHz,OC=FF,TA=0/70/0,SP=N/F/N,Mem=2092MHz,Free=8700MB,PLS=0,Temp=21.0C/0.0C,TW=3.26ms,App=1.29ms,GD=0.13ms,CPU&GPU=5.57ms,LCnt=4(DR0,LM2),GPU%=0.58,CPU%=0.31(W0.36),DSF=1.00,CFL=17.40/20.83
01-24 02:38:04.009  1999  8267 I VrApi   : FPS=90/90,Prd=25ms,Tear=0,Early=0,Stale=0,VSnc=0,Lat=-1,Fov=0,CPU4/GPU=2/3,1171/490MHz,OC=FF,TA=0/70/0,SP=N/F/N,Mem=2092MHz,Free=8700MB,PLS=0,Temp=21.0C/0.0C,TW=3.29ms,App=1.25ms,GD=0.13ms,CPU&GPU=5.29ms,LCnt=4(DR0,LM2),GPU%=0.60,CPU%=0.24(W0.25),DSF=1.00,CFL=17.40/21.38
01-24 02:38:05.012  1999  8267 I VrApi   : FPS=90/90,Prd=23ms,Tear=0,Early=0,Stale=0,VSnc=0,Lat=-1,Fov=0,CPU4/GPU=2/3,1171/490MHz,OC=FF,TA=0/70/0,SP=N/F/N,Mem=2092MHz,Free=8700MB,PLS=0,Temp=21.0C/0.0C,TW=3.32ms,App=1.19ms,GD=0.12ms,CPU&GPU=2.63ms,LCnt=4(DR0,LM2),GPU%=0.59,CPU%=0.25(W0.32),DSF=1.00,CFL=17.35/20.74
01-24 02:38:06.013  1999  8267 I VrApi   : FPS=90/90,Prd=22ms,Tear=0,Early=0,Stale=0,VSnc=0,Lat=-1,Fov=0,CPU4/GPU=2/3,1171/490MHz,OC=FF,TA=0/70/0,SP=N/F/N,Mem=2092MHz,Free=8700MB,PLS=0,Temp=21.0C/0.0C,TW=3.29ms,App=1.20ms,GD=0.12ms,CPU&GPU=2.56ms,LCnt=4(DR0,LM2),GPU%=0.59,CPU%=0.27(W0.29),DSF=1.00,CFL=17.27/21.86
01-24 02:38:07.010  1999  8267 I VrApi   : FPS=90/90,Prd=22ms,Tear=0,Early=0,Stale=0,VSnc=0,Lat=-1,Fov=0,CPU4/GPU=2/3,1171/490MHz,OC=FF,TA=0/70/0,SP=N/F/N,Mem=2092MHz,Free=8700MB,PLS=0,Temp=21.2C/0.0C,TW=3.28ms,App=1.19ms,GD=0.12ms,CPU&GPU=2.50ms,LCnt=4(DR0,LM2),GPU%=0.58,CPU%=0.25(W0.29),DSF=1.00,CFL=17.36/20.55
01-24 02:38:08.018  1999  8267 I VrApi   : FPS=90/90,Prd=22ms,Tear=0,Early=0,Stale=0,VSnc=0,Lat=-1,Fov=0,CPU4/GPU=2/3,1171/490MHz,OC=FF,TA=0/70/0,SP=N/F/N,Mem=2092MHz,Free=8703MB,PLS=0,Temp=21.2C/0.0C,TW=3.28ms,App=1.18ms,GD=0.12ms,CPU&GPU=2.48ms,LCnt=4(DR0,LM2),GPU%=0.58,CPU%=0.28(W0.32),DSF=1.00,CFL=17.19/21.05
01-24 02:38:09.011  1999  8267 I VrApi   : FPS=90/90,Prd=22ms,Tear=0,Early=0,Stale=0,VSnc=0,Lat=-1,Fov=0,CPU4/GPU=2/3,1171/490MHz,OC=FF,TA=0/70/0,SP=N/F/N,Mem=2092MHz,Free=8703MB,PLS=0,Temp=21.2C/0.0C,TW=3.30ms,App=1.19ms,GD=0.12ms,CPU&GPU=2.51ms,LCnt=4(DR0,LM2),GPU%=0.58,CPU%=0.26(W0.33),DSF=1.00,CFL=17.28/21.44
01-24 02:38:10.009  1999  8267 I VrApi   : FPS=90/90,Prd=22ms,Tear=0,Early=0,Stale=0,VSnc=0,Lat=-1,Fov=0,CPU4/GPU=2/3,1171/490MHz,OC=FF,TA=0/70/0,SP=N/F/N,Mem=2092MHz,Free=8703MB,PLS=0,Temp=21.2C/0.0C,TW=3.27ms,App=1.20ms,GD=0.13ms,CPU&GPU=2.52ms,LCnt=4(DR0,LM2),GPU%=0.59,CPU%=0.26(W0.35),DSF=1.00,CFL=17.22/20.84
01-24 02:38:11.011  1999  8267 I VrApi   : FPS=90/90,Prd=22ms,Tear=0,Early=0,Stale=0,VSnc=0,Lat=-1,Fov=0,CPU4/GPU=2/3,1171/490MHz,OC=FF,TA=0/70/0,SP=N/F/N,Mem=2092MHz,Free=8703MB,PLS=0,Temp=21.2C/0.0C,TW=2.21ms,App=0.40ms,GD=0.13ms,CPU&GPU=2.54ms,LCnt=4(DR0,LM2),GPU%=0.36,CPU%=0.21(W0.24),DSF=1.00,CFL=17.37/20.89
01-24 02:38:12.009  1999  8267 I VrApi   : FPS=90/90,Prd=20ms,Tear=0,Early=0,Stale=0,VSnc=0,Lat=-1,Fov=0,CPU4/GPU=2/3,1171/490MHz,OC=FF,TA=0/70/0,SP=N/F/N,Mem=2092MHz,Free=8703MB,PLS=0,Temp=21.2C/0.0C,TW=1.95ms,App=0.01ms,GD=0.13ms,CPU&GPU=0.50ms,LCnt=3(DR0,LM2),GPU%=0.35,CPU%=0.23(W0.30),DSF=1.00,CFL=17.47/21.45
01-24 02:38:13.009  1999  8267 I VrApi   : FPS=89/90,Prd=20ms,Tear=0,Early=0,Stale=0,VSnc=0,Lat=-1,Fov=0,CPU4/GPU=2/3,1171/490MHz,OC=FF,TA=0/70/0,SP=N/F/N,Mem=2092MHz,Free=8703MB,PLS=0,Temp=21.2C/0.0C,TW=1.85ms,App=0.01ms,GD=0.17ms,CPU&GPU=0.61ms,LCnt=3(DR0,LM2),GPU%=0.35,CPU%=0.12(W0.16),DSF=1.00,CFL=17.20/21.05
01-24 02:38:14.011  1999  8267 I VrApi   : FPS=90/90,Prd=20ms,Tear=0,Early=0,Stale=1,VSnc=0,Lat=-1,Fov=0,CPU4/GPU=2/3,1171/490MHz,OC=FF,TA=0/70/0,SP=N/F/N,Mem=2092MHz,Free=8703MB,PLS=0,Temp=21.2C/0.0C,TW=1.88ms,App=0.01ms,GD=0.18ms,CPU&GPU=0.49ms,LCnt=3(DR0,LM2),GPU%=0.34,CPU%=0.14(W0.22),DSF=1.00,CFL=17.22/21.39
01-24 02:38:15.014  1999  8267 I VrApi   : FPS=90/90,Prd=20ms,Tear=0,Early=0,Stale=0,VSnc=0,Lat=-1,Fov=0,CPU4/GPU=2/3,1171/490MHz,OC=FF,TA=0/70/0,SP=N/F/N,Mem=2092MHz,Free=8703MB,PLS=0,Temp=21.2C/0.0C,TW=1.84ms,App=0.01ms,GD=0.18ms,CPU&GPU=0.49ms,LCnt=3(DR0,LM2),GPU%=0.34,CPU%=0.13(W0.23),DSF=1.00,CFL=17.34/21.13
01-24 02:38:16.016  1999  8267 I VrApi   : FPS=90/90,Prd=20ms,Tear=0,Early=0,Stale=0,VSnc=0,Lat=-1,Fov=0,CPU4/GPU=2/3,1171/490MHz,OC=FF,TA=0/70/0,SP=N/F/N,Mem=2092MHz,Free=8703MB,PLS=0,Temp=21.2C/0.0C,TW=1.81ms,App=0.01ms,GD=0.17ms,CPU&GPU=0.51ms,LCnt=3(DR0,LM2),GPU%=0.34,CPU%=0.21(W0.27),DSF=1.00,CFL=17.23/20.56
01-24 02:38:17.009  1999  8267 I VrApi   : FPS=90/90,Prd=20ms,Tear=0,Early=0,Stale=0,VSnc=0,Lat=-1,Fov=0,CPU4/GPU=2/3,1171/490MHz,OC=FF,TA=0/70/0,SP=N/F/N,Mem=2092MHz,Free=8703MB,PLS=0,Temp=21.0C/0.0C,TW=1.90ms,App=0.01ms,GD=0.20ms,CPU&GPU=0.50ms,LCnt=3(DR0,LM2),GPU%=0.35,CPU%=0.15(W0.20),DSF=1.00,CFL=17.39/20.70
01-24 02:38:18.009  1999  8267 I VrApi   : FPS=90/90,Prd=20ms,Tear=0,Early=0,Stale=0,VSnc=0,Lat=-1,Fov=0,CPU4/GPU=2/3,1171/490MHz,OC=FF,TA=0/70/0,SP=N/F/N,Mem=1804MHz,Free=8703MB,PLS=0,Temp=21.0C/0.0C,TW=1.99ms,App=0.01ms,GD=0.28ms,CPU&GPU=0.61ms,LCnt=3(DR0,LM2),GPU%=0.36,CPU%=0.14(W0.20),DSF=1.00,CFL=17.20/20.89
01-24 02:38:19.011  1999  8267 I VrApi   : FPS=90/90,Prd=20ms,Tear=0,Early=0,Stale=0,VSnc=0,Lat=-1,Fov=0,CPU4/GPU=2/3,1171/490MHz,OC=FF,TA=0/70/0,SP=N/F/N,Mem=1804MHz,Free=8703MB,PLS=0,Temp=21.0C/0.0C,TW=1.90ms,App=0.01ms,GD=0.22ms,CPU&GPU=0.62ms,LCnt=3(DR0,LM2),GPU%=0.35,CPU%=0.17(W0.20),DSF=1.00,CFL=17.37/21.33
01-24 02:38:20.013  1999  8267 I VrApi   : FPS=90/90,Prd=20ms,Tear=0,Early=0,Stale=0,VSnc=0,Lat=-1,Fov=0,CPU4/GPU=2/3,1171/490MHz,OC=FF,TA=0/70/0,SP=N/F/N,Mem=2092MHz,Free=8703MB,PLS=0,Temp=21.0C/0.0C,TW=1.87ms,App=0.01ms,GD=0.20ms,CPU&GPU=0.76ms,LCnt=3(DR0,LM2),GPU%=0.35,CPU%=0.16(W0.19),DSF=1.00,CFL=17.47/20.90
01-24 02:38:21.014  1999  8267 I VrApi   : FPS=91/90,Prd=22ms,Tear=0,Early=0,Stale=0,VSnc=0,Lat=-1,Fov=0,CPU4/GPU=2/3,1171/490MHz,OC=FF,TA=0/70/0,SP=N/F/N,Mem=2092MHz,Free=8703MB,PLS=0,Temp=21.0C/0.0C,TW=3.14ms,App=1.34ms,GD=0.19ms,CPU&GPU=5.78ms,LCnt=4(DR0,LM2),GPU%=0.59,CPU%=0.19(W0.30),DSF=1.00,CFL=17.36/21.50
01-24 02:38:22.013  1999  8267 I VrApi   : FPS=90/90,Prd=25ms,Tear=0,Early=0,Stale=0,VSnc=0,Lat=-1,Fov=0,CPU4/GPU=2/3,1171/490MHz,OC=FF,TA=0/70/0,SP=N/F/N,Mem=2092MHz,Free=8703MB,PLS=0,Temp=21.0C/0.0C,TW=3.22ms,App=1.37ms,GD=0.20ms,CPU&GPU=5.20ms,LCnt=4(DR0,LM2),GPU%=0.60,CPU%=0.18(W0.27),DSF=1.00,CFL=17.24/20.88
01-24 02:38:23.010  1999  8267 I VrApi   : FPS=90/90,Prd=24ms,Tear=0,Early=0,Stale=0,VSnc=0,Lat=-1,Fov=0,CPU4/GPU=2/3,1171/490MHz,OC=FF,TA=0/70/0,SP=N/F/N,Mem=2092MHz,Free=8703MB,PLS=0,Temp=21.0C/0.0C,TW=3.27ms,App=1.45ms,GD=0.39ms,CPU&GPU=4.98ms,LCnt=4(DR0,LM2),GPU%=0.63,CPU%=0.24(W0.30),DSF=1.00,CFL=17.27/22.04
01-24 02:38:24.013  1999  8267 I VrApi   : FPS=90/90,Prd=28ms,Tear=0,Early=0,Stale=0,VSnc=0,Lat=-1,Fov=0,CPU4/GPU=2/3,2419/490MHz,OC=FF,TA=0/70/0,SP=N/F/N,Mem=2092MHz,Free=8703MB,PLS=0,Temp=21.0C/0.0C,TW=2.36ms,App=5.27ms,GD=0.35ms,CPU&GPU=10.77ms,LCnt=4(DR2,LM3),GPU%=0.87,CPU%=0.32(W0.45),DSF=1.00,CFL=17.30/20.92
01-24 02:38:25.012  1999  8267 I VrApi   : FPS=89/90,Prd=31ms,Tear=0,Early=0,Stale=1,VSnc=0,Lat=-1,Fov=0,CPU4/GPU=2/3,2419/490MHz,OC=FF,TA=0/70/0,SP=N/F/N,Mem=2092MHz,Free=8703MB,PLS=0,Temp=21.0C/0.0C,TW=3.15ms,App=1.61ms,GD=0.50ms,CPU&GPU=5.46ms,LCnt=4(DR0,LM3),GPU%=0.62,CPU%=0.35(W0.40),DSF=1.00,CFL=17.19/21.11
01-24 02:38:26.011  1999  8267 I VrApi   : FPS=89/90,Prd=29ms,Tear=0,Early=16,Stale=2,VSnc=0,Lat=-1,Fov=0,CPU4/GPU=2/3,2419/490MHz,OC=FF,TA=0/70/0,SP=N/F/N,Mem=2092MHz,Free=8703MB,PLS=0,Temp=21.0C/0.0C,TW=3.13ms,App=1.13ms,GD=0.23ms,CPU&GPU=5.47ms,LCnt=5(DR9,LM2),GPU%=0.57,CPU%=0.20(W0.27),DSF=1.00,CFL=17.45/21.46
01-24 02:38:27.013  1999  8267 I VrApi   : FPS=90/90,Prd=28ms,Tear=0,Early=27,Stale=0,VSnc=0,Lat=-1,Fov=0,CPU4/GPU=2/3,2419/490MHz,OC=FF,TA=0/70/0,SP=N/F/N,Mem=2092MHz,Free=8703MB,PLS=0,Temp=21.2C/0.0C,TW=3.32ms,App=1.38ms,GD=0.23ms,CPU&GPU=6.16ms,LCnt=5(DR0,LM2),GPU%=0.62,CPU%=0.30(W0.38),DSF=1.00,CFL=17.31/20.97
01-24 02:38:28.017  1999  8267 I VrApi   : FPS=90/90,Prd=28ms,Tear=0,Early=20,Stale=0,VSnc=0,Lat=-1,Fov=0,CPU4/GPU=2/3,2419/490MHz,OC=FF,TA=0/70/0,SP=N/F/N,Mem=2092MHz,Free=8686MB,PLS=0,Temp=21.2C/0.0C,TW=3.23ms,App=1.14ms,GD=0.23ms,CPU&GPU=5.62ms,LCnt=5(DR0,LM2),GPU%=0.59,CPU%=0.19(W0.25),DSF=1.00,CFL=17.30/21.12
01-24 02:38:29.015  1999  8267 I VrApi   : FPS=90/90,Prd=28ms,Tear=0,Early=12,Stale=0,VSnc=0,Lat=-1,Fov=0,CPU4/GPU=2/3,1171/490MHz,OC=FF,TA=0/70/0,SP=N/F/N,Mem=2092MHz,Free=8686MB,PLS=0,Temp=21.2C/0.0C,TW=3.19ms,App=1.13ms,GD=0.40ms,CPU&GPU=6.25ms,LCnt=5(DR0,LM2),GPU%=0.59,CPU%=0.23(W0.30),DSF=1.00,CFL=17.09/20.97
01-24 02:38:30.013  1999  8267 I VrApi   : FPS=90/90,Prd=28ms,Tear=0,Early=6,Stale=0,VSnc=0,Lat=-1,Fov=0,CPU4/GPU=2/3,1171/490MHz,OC=FF,TA=0/70/0,SP=N/F/N,Mem=2092MHz,Free=8686MB,PLS=0,Temp=21.2C/0.0C,TW=3.32ms,App=1.38ms,GD=0.25ms,CPU&GPU=5.83ms,LCnt=5(DR0,LM2),GPU%=0.63,CPU%=0.23(W0.26),DSF=1.00,CFL=17.21/21.47
01-24 02:38:31.015  1999  8267 I VrApi   : FPS=89/90,Prd=29ms,Tear=0,Early=24,Stale=0,VSnc=0,Lat=-1,Fov=0,CPU4/GPU=2/3,1171/490MHz,OC=FF,TA=0/70/0,SP=N/F/N,Mem=2092MHz,Free=8686MB,PLS=0,Temp=21.2C/0.0C,TW=3.14ms,App=1.65ms,GD=0.27ms,CPU&GPU=7.20ms,LCnt=5(DR0,LM2),GPU%=0.62,CPU%=0.22(W0.36),DSF=1.00,CFL=17.26/20.76
01-24 02:38:32.011  1999  8267 I VrApi   : FPS=90/90,Prd=29ms,Tear=0,Early=20,Stale=1,VSnc=0,Lat=-1,Fov=0,CPU4/GPU=2/3,1171/490MHz,OC=FF,TA=0/70/0,SP=N/F/N,Mem=2092MHz,Free=8686MB,PLS=0,Temp=21.2C/0.0C,TW=3.17ms,App=1.72ms,GD=0.26ms,CPU&GPU=6.37ms,LCnt=4(DR0,LM2),GPU%=0.63,CPU%=0.25(W0.32),DSF=1.00,CFL=17.40/21.13
01-24 02:38:33.015  1999  8267 I VrApi   : FPS=90/90,Prd=29ms,Tear=0,Early=10,Stale=0,VSnc=0,Lat=-1,Fov=0,CPU4/GPU=2/3,1171/490MHz,OC=FF,TA=0/70/0,SP=N/F/N,Mem=2092MHz,Free=8686MB,PLS=0,Temp=21.2C/0.0C,TW=3.14ms,App=1.68ms,GD=0.24ms,CPU&GPU=6.47ms,LCnt=4(DR0,LM2),GPU%=0.63,CPU%=0.23(W0.26),DSF=1.00,CFL=17.40/20.77
01-24 02:38:34.015  1999  8267 I VrApi   : FPS=90/90,Prd=29ms,Tear=0,Early=6,Stale=0,VSnc=0,Lat=-1,Fov=0,CPU4/GPU=2/3,1171/490MHz,OC=FF,TA=0/70/0,SP=N/F/N,Mem=2092MHz,Free=8686MB,PLS=0,Temp=21.2C/0.0C,TW=3.13ms,App=1.78ms,GD=0.24ms,CPU&GPU=6.46ms,LCnt=4(DR0,LM2),GPU%=0.62,CPU%=0.21(W0.29),DSF=1.00,CFL=17.21/20.76
01-24 02:38:35.013  1999  8267 I VrApi   : FPS=90/90,Prd=29ms,Tear=0,Early=19,Stale=0,VSnc=0,Lat=-1,Fov=0,CPU4/GPU=2/3,1171/490MHz,OC=FF,TA=0/70/0,SP=N/F/N,Mem=2092MHz,Free=8686MB,PLS=0,Temp=21.2C/0.0C,TW=3.15ms,App=1.70ms,GD=0.25ms,CPU&GPU=6.10ms,LCnt=4(DR0,LM2),GPU%=0.62,CPU%=0.20(W0.30),DSF=1.00,CFL=17.26/20.57
01-24 02:38:36.013  1999  8267 I VrApi   : FPS=90/90,Prd=29ms,Tear=0,Early=17,Stale=0,VSnc=0,Lat=-1,Fov=0,CPU4/GPU=2/3,1171/490MHz,OC=FF,TA=0/70/0,SP=N/F/N,Mem=2092MHz,Free=8686MB,PLS=0,Temp=21.2C/0.0C,TW=3.13ms,App=1.71ms,GD=0.24ms,CPU&GPU=6.69ms,LCnt=4(DR0,LM2),GPU%=0.63,CPU%=0.24(W0.26),DSF=1.00,CFL=17.07/20.99
01-24 02:38:37.012  1999  8267 I VrApi   : FPS=90/90,Prd=29ms,Tear=0,Early=8,Stale=0,VSnc=0,Lat=-1,Fov=0,CPU4/GPU=2/3,1171/490MHz,OC=FF,TA=0/70/0,SP=N/F/N,Mem=2092MHz,Free=8686MB,PLS=0,Temp=21.5C/0.0C,TW=3.14ms,App=1.64ms,GD=0.23ms,CPU&GPU=6.58ms,LCnt=4(DR0,LM2),GPU%=0.63,CPU%=0.19(W0.25),DSF=1.00,CFL=17.31/20.45
01-24 02:38:38.014  1999  8267 I VrApi   : FPS=90/90,Prd=29ms,Tear=0,Early=4,Stale=0,VSnc=0,Lat=-1,Fov=0,CPU4/GPU=2/3,1171/490MHz,OC=FF,TA=0/70/0,SP=N/F/N,Mem=2092MHz,Free=8686MB,PLS=0,Temp=21.5C/0.0C,TW=3.13ms,App=1.66ms,GD=0.24ms,CPU&GPU=6.59ms,LCnt=4(DR0,LM2),GPU%=0.62,CPU%=0.21(W0.32),DSF=1.00,CFL=17.30/20.89
01-24 02:38:39.012  1999  8267 I VrApi   : FPS=90/90,Prd=29ms,Tear=0,Early=15,Stale=0,VSnc=0,Lat=-1,Fov=0,CPU4/GPU=2/3,1171/490MHz,OC=FF,TA=0/70/0,SP=N/F/N,Mem=2092MHz,Free=8686MB,PLS=0,Temp=21.5C/0.0C,TW=3.11ms,App=1.71ms,GD=0.24ms,CPU&GPU=6.97ms,LCnt=4(DR0,LM2),GPU%=0.62,CPU%=0.21(W0.30),DSF=1.00,CFL=17.15/20.31
01-24 02:38:40.014  1999  8267 I VrApi   : FPS=90/90,Prd=29ms,Tear=0,Early=13,Stale=0,VSnc=0,Lat=-1,Fov=0,CPU4/GPU=2/3,1171/490MHz,OC=FF,TA=0/70/0,SP=N/F/N,Mem=2092MHz,Free=8686MB,PLS=0,Temp=21.5C/0.0C,TW=3.12ms,App=1.65ms,GD=0.25ms,CPU&GPU=6.58ms,LCnt=4(DR0,LM2),GPU%=0.62,CPU%=0.18(W0.29),DSF=1.00,CFL=17.25/20.60
01-24 02:38:41.015  1999  8267 I VrApi   : FPS=90/90,Prd=29ms,Tear=0,Early=4,Stale=0,VSnc=0,Lat=-1,Fov=0,CPU4/GPU=2/3,1171/490MHz,OC=FF,TA=0/70/0,SP=N/F/N,Mem=2092MHz,Free=8686MB,PLS=0,Temp=21.5C/0.0C,TW=3.14ms,App=1.62ms,GD=0.24ms,CPU&GPU=6.56ms,LCnt=4(DR0,LM2),GPU%=0.62,CPU%=0.17(W0.24),DSF=1.00,CFL=17.33/21.13
01-24 02:38:42.016  1999  8267 I VrApi   : FPS=90/90,Prd=29ms,Tear=0,Early=0,Stale=0,VSnc=0,Lat=-1,Fov=0,CPU4/GPU=2/3,1171/490MHz,OC=FF,TA=0/70/0,SP=N/F/N,Mem=2092MHz,Free=8686MB,PLS=0,Temp=21.5C/0.0C,TW=3.12ms,App=1.64ms,GD=0.56ms,CPU&GPU=6.76ms,LCnt=4(DR0,LM2),GPU%=0.61,CPU%=0.18(W0.24),DSF=1.00,CFL=17.33/21.12
01-24 02:38:43.014  1999  8267 I VrApi   : FPS=90/90,Prd=29ms,Tear=0,Early=0,Stale=0,VSnc=0,Lat=-1,Fov=0,CPU4/GPU=2/3,1171/490MHz,OC=FF,TA=0/70/0,SP=N/F/N,Mem=2092MHz,Free=8686MB,PLS=0,Temp=21.2C/0.0C,TW=3.11ms,App=1.72ms,GD=0.69ms,CPU&GPU=6.42ms,LCnt=4(DR0,LM2),GPU%=0.61,CPU%=0.18(W0.25),DSF=1.00,CFL=17.21/21.81
01-24 02:38:44.015  1999  8267 I VrApi   : FPS=90/90,Prd=29ms,Tear=0,Early=1,Stale=0,VSnc=0,Lat=-1,Fov=0,CPU4/GPU=2/3,1171/490MHz,OC=FF,TA=0/70/0,SP=N/F/N,Mem=2092MHz,Free=8686MB,PLS=0,Temp=21.2C/0.0C,TW=3.12ms,App=1.76ms,GD=0.36ms,CPU&GPU=6.35ms,LCnt=4(DR0,LM2),GPU%=0.63,CPU%=0.20(W0.29),DSF=1.00,CFL=17.19/20.98
01-24 02:38:45.013  1999  8267 I VrApi   : FPS=90/90,Prd=28ms,Tear=0,Early=0,Stale=0,VSnc=0,Lat=-1,Fov=0,CPU4/GPU=2/3,1171/490MHz,OC=FF,TA=0/70/0,SP=N/F/N,Mem=2092MHz,Free=8686MB,PLS=0,Temp=21.2C/0.0C,TW=3.08ms,App=1.49ms,GD=0.17ms,CPU&GPU=5.92ms,LCnt=4(DR0,LM2),GPU%=0.58,CPU%=0.20(W0.27),DSF=1.00,CFL=17.43/20.79
01-24 02:38:46.016  1999  8267 I VrApi   : FPS=90/90,Prd=27ms,Tear=0,Early=0,Stale=0,VSnc=0,Lat=-1,Fov=0,CPU4/GPU=2/3,1171/490MHz,OC=FF,TA=0/70/0,SP=N/F/N,Mem=2092MHz,Free=8686MB,PLS=0,Temp=21.2C/0.0C,TW=3.08ms,App=1.43ms,GD=0.18ms,CPU&GPU=6.42ms,LCnt=4(DR0,LM2),GPU%=0.58,CPU%=0.18(W0.25),DSF=1.00,CFL=17.35/20.84
01-24 02:38:47.014  1999  8267 I VrApi   : FPS=89/90,Prd=27ms,Tear=0,Early=0,Stale=0,VSnc=0,Lat=-1,Fov=0,CPU4/GPU=2/3,1171/490MHz,OC=FF,TA=0/70/0,SP=N/F/N,Mem=2092MHz,Free=8686MB,PLS=0,Temp=21.2C/0.0C,TW=2.30ms,App=4.94ms,GD=0.43ms,CPU&GPU=5.76ms,LCnt=4(DR0,LM2),GPU%=0.87,CPU%=0.26(W0.45),DSF=1.00,CFL=17.37/21.16
01-24 02:38:48.022  1999  8267 I VrApi   : FPS=75/90,Prd=30ms,Tear=0,Early=0,Stale=2,VSnc=0,Lat=-1,Fov=0,CPU4/GPU=2/3,1171/490MHz,OC=FF,TA=0/70/0,SP=N/F/N,Mem=2092MHz,Free=8713MB,PLS=0,Temp=21.2C/0.0C,TW=1.64ms,App=5.60ms,GD=0.57ms,CPU&GPU=11.75ms,LCnt=3(DR19,LM3),GPU%=0.78,CPU%=0.28(W0.31),DSF=1.00,CFL=17.28/20.69
01-24 02:38:49.013  1999  8267 I VrApi   : FPS=87/90,Prd=31ms,Tear=0,Early=0,Stale=20,VSnc=0,Lat=-1,Fov=0,CPU4/GPU=2/3,1171/490MHz,OC=FF,TA=0/70/0,SP=N/F/N,Mem=2092MHz,Free=8713MB,PLS=0,Temp=21.2C/0.0C,TW=1.17ms,App=5.44ms,GD=0.33ms,CPU&GPU=8.04ms,LCnt=2(DR90,LM2),GPU%=0.65,CPU%=0.30(W0.37),DSF=1.00,CFL=17.31/21.25
01-24 02:38:50.013  1999  8267 I VrApi   : FPS=90/90,Prd=31ms,Tear=0,Early=0,Stale=0,VSnc=0,Lat=-1,Fov=0,CPU4/GPU=2/3,1171/490MHz,OC=FF,TA=0/70/0,SP=N/F/N,Mem=2092MHz,Free=8713MB,PLS=0,Temp=21.2C/0.0C,TW=0.90ms,App=5.84ms,GD=0.00ms,CPU&GPU=8.57ms,LCnt=1(DR90,LM0),GPU%=0.63,CPU%=0.33(W0.45),DSF=1.00,CFL=17.34/21.46
01-24 02:38:51.014  1999  8267 I VrApi   : FPS=90/90,Prd=30ms,Tear=0,Early=0,Stale=0,VSnc=0,Lat=-1,Fov=0,CPU4/GPU=2/3,1171/490MHz,OC=FF,TA=0/70/0,SP=N/F/N,Mem=2092MHz,Free=8713MB,PLS=0,Temp=21.2C/0.0C,TW=0.92ms,App=5.60ms,GD=0.00ms,CPU&GPU=8.57ms,LCnt=1(DR90,LM0),GPU%=0.61,CPU%=0.30(W0.40),DSF=1.00,CFL=17.35/21.13
01-24 02:38:52.015  1999  8267 I VrApi   : FPS=90/90,Prd=30ms,Tear=0,Early=0,Stale=0,VSnc=0,Lat=-1,Fov=0,CPU4/GPU=2/3,1171/490MHz,OC=FF,TA=0/70/0,SP=N/F/N,Mem=2092MHz,Free=8713MB,PLS=0,Temp=21.2C/0.0C,TW=0.87ms,App=5.79ms,GD=0.00ms,CPU&GPU=8.52ms,LCnt=1(DR90,LM0),GPU%=0.62,CPU%=0.31(W0.42),DSF=1.00,CFL=17.33/21.73
01-24 02:38:53.013  1999  8267 I VrApi   : FPS=90/90,Prd=30ms,Tear=0,Early=0,Stale=0,VSnc=0,Lat=-1,Fov=0,CPU4/GPU=2/3,1171/490MHz,OC=FF,TA=0/70/0,SP=N/F/N,Mem=2092MHz,Free=8713MB,PLS=0,Temp=21.2C/0.0C,TW=0.86ms,App=5.80ms,GD=0.00ms,CPU&GPU=8.77ms,LCnt=1(DR90,LM0),GPU%=0.61,CPU%=0.29(W0.42),DSF=1.00,CFL=17.27/20.96
01-24 02:38:54.013  1999  8267 I VrApi   : FPS=90/90,Prd=29ms,Tear=0,Early=0,Stale=0,VSnc=0,Lat=-1,Fov=0,CPU4/GPU=2/3,1171/490MHz,OC=FF,TA=0/70/0,SP=N/F/N,Mem=2092MHz,Free=8713MB,PLS=0,Temp=21.2C/0.0C,TW=0.89ms,App=5.86ms,GD=0.00ms,CPU&GPU=8.67ms,LCnt=1(DR90,LM0),GPU%=0.62,CPU%=0.28(W0.40),DSF=1.00,CFL=17.21/20.57
01-24 02:38:55.014  1999  8267 I VrApi   : FPS=90/90,Prd=29ms,Tear=0,Early=0,Stale=0,VSnc=0,Lat=-1,Fov=0,CPU4/GPU=2/3,1171/490MHz,OC=FF,TA=0/70/0,SP=N/F/N,Mem=2092MHz,Free=8713MB,PLS=0,Temp=21.2C/0.0C,TW=0.88ms,App=5.75ms,GD=0.00ms,CPU&GPU=8.78ms,LCnt=1(DR90,LM0),GPU%=0.62,CPU%=0.25(W0.40),DSF=1.00,CFL=17.55/20.70
01-24 02:38:56.017  1999  8267 I VrApi   : FPS=90/90,Prd=29ms,Tear=0,Early=0,Stale=0,VSnc=0,Lat=-1,Fov=0,CPU4/GPU=2/3,1171/490MHz,OC=FF,TA=0/70/0,SP=N/F/N,Mem=2092MHz,Free=8713MB,PLS=0,Temp=21.2C/0.0C,TW=0.87ms,App=5.86ms,GD=0.00ms,CPU&GPU=8.69ms,LCnt=1(DR90,LM0),GPU%=0.63,CPU%=0.32(W0.37),DSF=1.00,CFL=17.17/21.25
01-24 02:38:57.018  1999  8267 I VrApi   : FPS=89/90,Prd=28ms,Tear=0,Early=0,Stale=0,VSnc=0,Lat=-1,Fov=0,CPU4/GPU=2/3,1171/490MHz,OC=FF,TA=0/70/0,SP=N/F/N,Mem=2092MHz,Free=8713MB,PLS=0,Temp=21.5C/0.0C,TW=0.89ms,App=6.02ms,GD=0.00ms,CPU&GPU=8.91ms,LCnt=1(DR90,LM0),GPU%=0.64,CPU%=0.30(W0.42),DSF=1.00,CFL=17.30/21.25
01-24 02:38:58.013  1999  8267 I VrApi   : FPS=90/90,Prd=29ms,Tear=0,Early=0,Stale=1,VSnc=0,Lat=-1,Fov=0,CPU4/GPU=2/3,1171/490MHz,OC=FF,TA=0/70/0,SP=N/F/N,Mem=2092MHz,Free=8713MB,PLS=0,Temp=21.5C/0.0C,TW=0.88ms,App=5.98ms,GD=0.00ms,CPU&GPU=9.01ms,LCnt=1(DR90,LM0),GPU%=0.64,CPU%=0.27(W0.43),DSF=1.00,CFL=17.26/21.13
01-24 02:38:59.014  1999  8267 I VrApi   : FPS=90/90,Prd=28ms,Tear=0,Early=0,Stale=0,VSnc=0,Lat=-1,Fov=0,CPU4/GPU=2/3,1171/490MHz,OC=FF,TA=0/70/0,SP=N/F/N,Mem=2092MHz,Free=8713MB,PLS=0,Temp=21.5C/0.0C,TW=0.88ms,App=6.10ms,GD=0.00ms,CPU&GPU=9.03ms,LCnt=1(DR90,LM0),GPU%=0.65,CPU%=0.29(W0.39),DSF=1.00,CFL=17.25/20.48
01-24 02:39:00.015  1999  8267 I VrApi   : FPS=90/90,Prd=28ms,Tear=0,Early=0,Stale=0,VSnc=0,Lat=-1,Fov=0,CPU4/GPU=2/3,1171/490MHz,OC=FF,TA=0/70/0,SP=N/F/N,Mem=2092MHz,Free=8713MB,PLS=0,Temp=21.5C/0.0C,TW=0.87ms,App=6.11ms,GD=0.00ms,CPU&GPU=9.01ms,LCnt=1(DR90,LM0),GPU%=0.65,CPU%=0.31(W0.40),DSF=1.00,CFL=17.10/21.03
01-24 02:39:01.014  1999  8267 I VrApi   : FPS=90/90,Prd=28ms,Tear=0,Early=0,Stale=0,VSnc=0,Lat=-1,Fov=0,CPU4/GPU=2/3,1171/490MHz,OC=FF,TA=0/70/0,SP=N/N/N,Mem=2092MHz,Free=8713MB,PLS=0,Temp=21.5C/0.0C,TW=0.87ms,App=6.10ms,GD=0.00ms,CPU&GPU=8.97ms,LCnt=1(DR90,LM0),GPU%=0.65,CPU%=0.30(W0.42),DSF=1.00,CFL=17.39/20.93
01-24 02:39:02.014  1999  8267 I VrApi   : FPS=69/90,Prd=28ms,Tear=0,Early=0,Stale=0,VSnc=0,Lat=-1,Fov=0,CPU4/GPU=3/3,1382/490MHz,OC=FF,TA=0/70/0,SP=N/F/N,Mem=2092MHz,Free=8713MB,PLS=0,Temp=21.5C/0.0C,TW=0.87ms,App=5.99ms,GD=0.00ms,CPU&GPU=9.09ms,LCnt=1(DR90,LM0),GPU%=0.49,CPU%=0.25(W0.29),DSF=1.00,CFL=17.09/20.85
01-24 02:39:03.015  1999  8267 I VrApi   : FPS=85/90,Prd=29ms,Tear=0,Early=0,Stale=27,VSnc=0,Lat=-1,Fov=0,CPU4/GPU=3/3,1382/490MHz,OC=FF,TA=0/70/0,SP=N/F/N,Mem=2092MHz,Free=8713MB,PLS=0,Temp=21.5C/0.0C,TW=0.85ms,App=5.63ms,GD=0.00ms,CPU&GPU=7.96ms,LCnt=1(DR90,LM0),GPU%=0.60,CPU%=0.29(W0.35),DSF=1.00,CFL=17.32/20.75
01-24 02:39:04.015  1999  8267 I VrApi   : FPS=90/90,Prd=31ms,Tear=0,Early=0,Stale=1,VSnc=0,Lat=-1,Fov=0,CPU4/GPU=2/3,1171/490MHz,OC=FF,TA=0/70/0,SP=N/F/N,Mem=2092MHz,Free=8713MB,PLS=0,Temp=21.5C/0.0C,TW=0.83ms,App=5.63ms,GD=0.00ms,CPU&GPU=8.21ms,LCnt=1(DR90,LM0),GPU%=0.60,CPU%=0.32(W0.38),DSF=1.00,CFL=17.36/20.65
01-24 02:39:05.015  1999  8267 I VrApi   : FPS=90/90,Prd=30ms,Tear=0,Early=0,Stale=0,VSnc=0,Lat=-1,Fov=0,CPU4/GPU=2/3,1171/490MHz,OC=FF,TA=0/70/0,SP=N/F/N,Mem=2092MHz,Free=8713MB,PLS=0,Temp=21.5C/0.0C,TW=0.85ms,App=5.76ms,GD=0.00ms,CPU&GPU=8.61ms,LCnt=1(DR90,LM0),GPU%=0.61,CPU%=0.27(W0.39),DSF=1.00,CFL=17.17/20.65
01-24 02:39:06.015  1999  8267 I VrApi   : FPS=90/90,Prd=30ms,Tear=0,Early=0,Stale=0,VSnc=0,Lat=-1,Fov=0,CPU4/GPU=2/3,1171/490MHz,OC=FF,TA=0/70/0,SP=N/F/N,Mem=2092MHz,Free=8713MB,PLS=0,Temp=21.5C/0.0C,TW=0.91ms,App=6.13ms,GD=0.00ms,CPU&GPU=8.92ms,LCnt=1(DR90,LM0),GPU%=0.65,CPU%=0.32(W0.45),DSF=1.00,CFL=17.17/21.11
01-24 02:39:07.015  1999  8267 I VrApi   : FPS=90/90,Prd=30ms,Tear=0,Early=0,Stale=0,VSnc=0,Lat=-1,Fov=0,CPU4/GPU=2/3,1171/490MHz,OC=FF,TA=0/70/0,SP=N/F/N,Mem=2092MHz,Free=8713MB,PLS=0,Temp=21.7C/0.0C,TW=0.91ms,App=6.02ms,GD=0.00ms,CPU&GPU=8.88ms,LCnt=1(DR90,LM0),GPU%=0.64,CPU%=0.32(W0.40),DSF=1.00,CFL=17.24/20.80
01-24 02:39:08.021  1999  8267 I VrApi   : FPS=90/90,Prd=29ms,Tear=0,Early=0,Stale=0,VSnc=0,Lat=-1,Fov=0,CPU4/GPU=2/3,1171/490MHz,OC=FF,TA=0/70/0,SP=N/F/N,Mem=2092MHz,Free=8765MB,PLS=0,Temp=21.7C/0.0C,TW=0.86ms,App=5.55ms,GD=0.00ms,CPU&GPU=8.36ms,LCnt=1(DR90,LM0),GPU%=0.60,CPU%=0.34(W0.40),DSF=1.00,CFL=17.29/20.31
01-24 02:39:09.014  1999  8267 I VrApi   : FPS=90/90,Prd=29ms,Tear=0,Early=0,Stale=0,VSnc=0,Lat=-1,Fov=0,CPU4/GPU=2/3,1171/490MHz,OC=FF,TA=0/70/0,SP=N/F/N,Mem=2092MHz,Free=8765MB,PLS=0,Temp=21.7C/0.0C,TW=1.08ms,App=5.54ms,GD=0.00ms,CPU&GPU=8.57ms,LCnt=1(DR90,LM0),GPU%=0.61,CPU%=0.34(W0.43),DSF=1.00,CFL=17.33/20.68
01-24 02:39:10.016  1999  8267 I VrApi   : FPS=89/90,Prd=29ms,Tear=0,Early=0,Stale=1,VSnc=0,Lat=-1,Fov=0,CPU4/GPU=2/3,1171/490MHz,OC=FF,TA=0/70/0,SP=N/F/N,Mem=2092MHz,Free=8765MB,PLS=0,Temp=21.7C/0.0C,TW=2.02ms,App=5.41ms,GD=0.26ms,CPU&GPU=9.83ms,LCnt=3(DR61,LM2),GPU%=0.71,CPU%=0.30(W0.50),DSF=1.00,CFL=17.24/20.81
01-24 02:39:11.015  1999  8267 I VrApi   : FPS=90/90,Prd=30ms,Tear=0,Early=0,Stale=0,VSnc=0,Lat=-1,Fov=0,CPU4/GPU=2/3,1171/490MHz,OC=FF,TA=0/70/0,SP=N/F/N,Mem=2092MHz,Free=8765MB,PLS=0,Temp=21.7C/0.0C,TW=2.07ms,App=5.47ms,GD=0.21ms,CPU&GPU=9.76ms,LCnt=3(DR0,LM2),GPU%=0.72,CPU%=0.32(W0.52),DSF=1.00,CFL=17.33/21.14
01-24 02:39:12.015  1999  8267 I VrApi   : FPS=90/90,Prd=29ms,Tear=0,Early=0,Stale=0,VSnc=0,Lat=-1,Fov=0,CPU4/GPU=2/3,1171/490MHz,OC=FF,TA=0/70/0,SP=N/F/N,Mem=2092MHz,Free=8765MB,PLS=0,Temp=21.7C/0.0C,TW=1.99ms,App=5.36ms,GD=0.00ms,CPU&GPU=9.32ms,LCnt=2(DR0,LM0),GPU%=0.67,CPU%=0.33(W0.35),DSF=1.00,CFL=17.34/21.36
01-24 02:39:13.015  1999  8267 I VrApi   : FPS=90/90,Prd=29ms,Tear=0,Early=0,Stale=0,VSnc=0,Lat=-1,Fov=0,CPU4/GPU=2/3,1171/490MHz,OC=FF,TA=0/70/0,SP=N/F/N,Mem=2092MHz,Free=8765MB,PLS=0,Temp=21.7C/0.0C,TW=2.01ms,App=5.63ms,GD=0.00ms,CPU&GPU=9.58ms,LCnt=2(DR0,LM0),GPU%=0.70,CPU%=0.35(W0.40),DSF=1.00,CFL=17.19/21.16
01-24 02:39:14.015  1999  8267 I VrApi   : FPS=90/90,Prd=29ms,Tear=0,Early=0,Stale=0,VSnc=0,Lat=-1,Fov=0,CPU4/GPU=2/3,1171/490MHz,OC=FF,TA=0/70/0,SP=N/F/N,Mem=2092MHz,Free=8765MB,PLS=0,Temp=21.7C/0.0C,TW=2.03ms,App=5.47ms,GD=0.00ms,CPU&GPU=9.40ms,LCnt=2(DR0,LM0),GPU%=0.69,CPU%=0.35(W0.50),DSF=1.00,CFL=17.20/20.69
01-24 02:39:15.016  1999  8267 I VrApi   : FPS=90/90,Prd=29ms,Tear=0,Early=0,Stale=0,VSnc=0,Lat=-1,Fov=0,CPU4/GPU=2/3,1171/490MHz,OC=FF,TA=0/70/0,SP=N/F/N,Mem=2092MHz,Free=8765MB,PLS=0,Temp=21.7C/0.0C,TW=2.01ms,App=5.50ms,GD=0.00ms,CPU&GPU=9.36ms,LCnt=2(DR0,LM0),GPU%=0.69,CPU%=0.33(W0.40),DSF=1.00,CFL=17.23/20.96
01-24 02:39:16.015  1999  8267 I VrApi   : FPS=90/90,Prd=29ms,Tear=0,Early=0,Stale=0,VSnc=0,Lat=-1,Fov=0,CPU4/GPU=2/3,1171/490MHz,OC=FF,TA=0/70/0,SP=N/F/N,Mem=2092MHz,Free=8765MB,PLS=0,Temp=21.7C/0.0C,TW=0.83ms,App=6.72ms,GD=0.00ms,CPU&GPU=9.70ms,LCnt=2(DR0,LM0),GPU%=0.70,CPU%=0.33(W0.40),DSF=1.00,CFL=17.21/20.58
01-24 02:39:17.017  1999  8267 I VrApi   : FPS=90/90,Prd=29ms,Tear=0,Early=0,Stale=0,VSnc=0,Lat=-1,Fov=0,CPU4/GPU=2/3,1171/490MHz,OC=FF,TA=0/70/0,SP=N/F/N,Mem=2092MHz,Free=8765MB,PLS=0,Temp=21.5C/0.0C,TW=1.96ms,App=5.72ms,GD=0.00ms,CPU&GPU=9.76ms,LCnt=2(DR50,LM0),GPU%=0.71,CPU%=0.31(W0.43),DSF=1.00,CFL=17.11/20.86
01-24 02:39:18.015  1999  8267 I VrApi   : FPS=90/90,Prd=28ms,Tear=0,Early=0,Stale=0,VSnc=0,Lat=-1,Fov=0,CPU4/GPU=2/3,1171/490MHz,OC=FF,TA=0/70/0,SP=N/F/N,Mem=2092MHz,Free=8765MB,PLS=0,Temp=21.5C/0.0C,TW=1.96ms,App=5.46ms,GD=0.00ms,CPU&GPU=9.47ms,LCnt=2(DR0,LM0),GPU%=0.69,CPU%=0.34(W0.37),DSF=1.00,CFL=17.16/21.27
01-24 02:39:19.018  1999  8267 I VrApi   : FPS=90/90,Prd=28ms,Tear=0,Early=0,Stale=0,VSnc=0,Lat=-1,Fov=0,CPU4/GPU=2/3,1171/490MHz,OC=FF,TA=0/70/0,SP=N/F/N,Mem=2092MHz,Free=8765MB,PLS=0,Temp=21.5C/0.0C,TW=1.97ms,App=5.48ms,GD=0.00ms,CPU&GPU=9.24ms,LCnt=2(DR0,LM0),GPU%=0.69,CPU%=0.29(W0.43),DSF=1.00,CFL=17.40/21.29
01-24 02:39:20.016  1999  8267 I VrApi   : FPS=90/90,Prd=28ms,Tear=0,Early=0,Stale=0,VSnc=0,Lat=-1,Fov=0,CPU4/GPU=2/3,1171/490MHz,OC=FF,TA=0/70/0,SP=N/F/N,Mem=2092MHz,Free=8765MB,PLS=0,Temp=21.5C/0.0C,TW=1.95ms,App=5.54ms,GD=0.00ms,CPU&GPU=9.59ms,LCnt=2(DR0,LM0),GPU%=0.69,CPU%=0.34(W0.41),DSF=1.00,CFL=17.26/21.00
01-24 02:39:21.015  1999  8267 I VrApi   : FPS=90/90,Prd=28ms,Tear=0,Early=0,Stale=0,VSnc=0,Lat=-1,Fov=0,CPU4/GPU=2/3,1171/490MHz,OC=FF,TA=0/70/0,SP=N/F/N,Mem=2092MHz,Free=8765MB,PLS=0,Temp=21.5C/0.0C,TW=1.96ms,App=5.60ms,GD=0.00ms,CPU&GPU=9.64ms,LCnt=2(DR0,LM0),GPU%=0.70,CPU%=0.33(W0.45),DSF=1.00,CFL=17.23/21.32
01-24 02:39:22.016  1999  8267 I VrApi   : FPS=90/90,Prd=28ms,Tear=0,Early=0,Stale=0,VSnc=0,Lat=-1,Fov=0,CPU4/GPU=2/3,1171/490MHz,OC=FF,TA=0/70/0,SP=N/F/N,Mem=2092MHz,Free=8765MB,PLS=0,Temp=21.5C/0.0C,TW=1.95ms,App=5.47ms,GD=0.00ms,CPU&GPU=9.45ms,LCnt=2(DR0,LM0),GPU%=0.69,CPU%=0.33(W0.43),DSF=1.00,CFL=17.14/20.94
01-24 02:39:23.015  1999  8267 I VrApi   : FPS=90/90,Prd=28ms,Tear=0,Early=0,Stale=0,VSnc=0,Lat=-1,Fov=0,CPU4/GPU=2/3,1171/490MHz,OC=FF,TA=0/70/0,SP=N/F/N,Mem=2092MHz,Free=8765MB,PLS=0,Temp=21.5C/0.0C,TW=1.95ms,App=5.54ms,GD=0.00ms,CPU&GPU=9.43ms,LCnt=2(DR0,LM0),GPU%=0.69,CPU%=0.28(W0.33),DSF=1.00,CFL=17.23/21.05
01-24 02:39:24.016  1999  8267 I VrApi   : FPS=90/90,Prd=28ms,Tear=0,Early=0,Stale=0,VSnc=0,Lat=-1,Fov=0,CPU4/GPU=2/3,1171/490MHz,OC=FF,TA=0/70/0,SP=N/F/N,Mem=2092MHz,Free=8765MB,PLS=0,Temp=21.5C/0.0C,TW=1.96ms,App=5.67ms,GD=0.00ms,CPU&GPU=9.71ms,LCnt=2(DR0,LM0),GPU%=0.70,CPU%=0.29(W0.30),DSF=1.00,CFL=17.16/20.67
01-24 02:39:25.017  1999  8267 I VrApi   : FPS=90/90,Prd=28ms,Tear=0,Early=0,Stale=0,VSnc=0,Lat=-1,Fov=0,CPU4/GPU=2/3,1171/490MHz,OC=FF,TA=0/70/0,SP=N/F/N,Mem=2092MHz,Free=8765MB,PLS=0,Temp=21.5C/0.0C,TW=1.95ms,App=5.73ms,GD=0.00ms,CPU&GPU=9.52ms,LCnt=2(DR0,LM0),GPU%=0.71,CPU%=0.40(W0.48),DSF=1.00,CFL=17.16/20.80
01-24 02:39:26.016  1999  8267 I VrApi   : FPS=90/90,Prd=28ms,Tear=0,Early=0,Stale=0,VSnc=0,Lat=-1,Fov=0,CPU4/GPU=2/3,1171/490MHz,OC=FF,TA=0/70/0,SP=N/F/N,Mem=2092MHz,Free=8765MB,PLS=0,Temp=21.5C/0.0C,TW=1.96ms,App=5.58ms,GD=0.00ms,CPU&GPU=9.47ms,LCnt=2(DR0,LM0),GPU%=0.70,CPU%=0.29(W0.43),DSF=1.00,CFL=17.27/20.58
01-24 02:39:27.016  1999  8267 I VrApi   : FPS=90/90,Prd=28ms,Tear=0,Early=0,Stale=0,VSnc=0,Lat=-1,Fov=0,CPU4/GPU=2/3,1171/490MHz,OC=FF,TA=0/70/0,SP=N/F/N,Mem=2092MHz,Free=8765MB,PLS=0,Temp=21.7C/0.0C,TW=1.98ms,App=5.65ms,GD=0.00ms,CPU&GPU=9.46ms,LCnt=2(DR0,LM0),GPU%=0.70,CPU%=0.30(W0.36),DSF=1.00,CFL=17.18/20.86
01-24 02:39:28.024  1999  8267 I VrApi   : FPS=90/90,Prd=28ms,Tear=0,Early=0,Stale=0,VSnc=0,Lat=-1,Fov=0,CPU4/GPU=2/3,1171/490MHz,OC=FF,TA=0/70/0,SP=N/F/N,Mem=2092MHz,Free=8775MB,PLS=0,Temp=21.7C/0.0C,TW=1.97ms,App=5.65ms,GD=0.00ms,CPU&GPU=9.64ms,LCnt=2(DR0,LM0),GPU%=0.71,CPU%=0.32(W0.35),DSF=1.00,CFL=17.38/20.42
01-24 02:39:29.016  1999  8267 I VrApi   : FPS=90/90,Prd=29ms,Tear=0,Early=0,Stale=0,VSnc=0,Lat=-1,Fov=0,CPU4/GPU=2/3,1171/490MHz,OC=FF,TA=0/70/0,SP=N/F/N,Mem=2092MHz,Free=8775MB,PLS=0,Temp=21.7C/0.0C,TW=1.96ms,App=5.63ms,GD=0.00ms,CPU&GPU=9.55ms,LCnt=2(DR0,LM0),GPU%=0.70,CPU%=0.32(W0.41),DSF=1.00,CFL=17.24/20.75
01-24 02:39:30.016  1999  8267 I VrApi   : FPS=90/90,Prd=29ms,Tear=0,Early=0,Stale=0,VSnc=0,Lat=-1,Fov=0,CPU4/GPU=2/3,1171/490MHz,OC=FF,TA=0/70/0,SP=N/F/N,Mem=2092MHz,Free=8775MB,PLS=0,Temp=21.7C/0.0C,TW=1.95ms,App=5.60ms,GD=0.00ms,CPU&GPU=9.56ms,LCnt=2(DR0,LM0),GPU%=0.70,CPU%=0.35(W0.45),DSF=1.00,CFL=17.34/21.21
01-24 02:39:31.017  1999  8267 I VrApi   : FPS=90/90,Prd=29ms,Tear=0,Early=0,Stale=0,VSnc=0,Lat=-1,Fov=0,CPU4/GPU=2/3,1171/490MHz,OC=FF,TA=0/70/0,SP=N/F/N,Mem=2092MHz,Free=8775MB,PLS=0,Temp=21.7C/0.0C,TW=1.95ms,App=5.58ms,GD=0.00ms,CPU&GPU=9.53ms,LCnt=2(DR0,LM0),GPU%=0.70,CPU%=0.30(W0.38),DSF=1.00,CFL=17.21/20.61
01-24 02:39:32.016  1999  8267 I VrApi   : FPS=90/90,Prd=29ms,Tear=0,Early=0,Stale=1,VSnc=0,Lat=-1,Fov=0,CPU4/GPU=2/3,1171/490MHz,OC=FF,TA=0/70/0,SP=N/F/N,Mem=2092MHz,Free=8775MB,PLS=0,Temp=21.7C/0.0C,TW=1.97ms,App=5.63ms,GD=0.00ms,CPU&GPU=9.39ms,LCnt=2(DR0,LM0),GPU%=0.70,CPU%=0.34(W0.42),DSF=1.00,CFL=17.06/21.62
01-24 02:39:33.016  1999  8267 I VrApi   : FPS=90/90,Prd=29ms,Tear=0,Early=0,Stale=0,VSnc=0,Lat=-1,Fov=0,CPU4/GPU=2/3,1171/490MHz,OC=FF,TA=0/70/0,SP=N/F/N,Mem=2092MHz,Free=8775MB,PLS=0,Temp=21.7C/0.0C,TW=1.97ms,App=5.55ms,GD=0.00ms,CPU&GPU=9.43ms,LCnt=2(DR0,LM0),GPU%=0.69,CPU%=0.31(W0.32),DSF=1.00,CFL=17.32/20.85
01-24 02:39:34.018  1999  8267 I VrApi   : FPS=90/90,Prd=29ms,Tear=0,Early=0,Stale=0,VSnc=0,Lat=-1,Fov=0,CPU4/GPU=2/3,1171/490MHz,OC=FF,TA=0/70/0,SP=N/F/N,Mem=2092MHz,Free=8775MB,PLS=0,Temp=21.7C/0.0C,TW=1.93ms,App=5.54ms,GD=0.00ms,CPU&GPU=9.38ms,LCnt=2(DR0,LM0),GPU%=0.69,CPU%=0.29(W0.41),DSF=1.00,CFL=17.12/21.26
01-24 02:39:35.017  1999  8267 I VrApi   : FPS=90/90,Prd=29ms,Tear=0,Early=0,Stale=0,VSnc=0,Lat=-1,Fov=0,CPU4/GPU=2/3,1171/490MHz,OC=FF,TA=0/70/0,SP=N/F/N,Mem=2092MHz,Free=8775MB,PLS=0,Temp=21.7C/0.0C,TW=1.97ms,App=5.61ms,GD=0.00ms,CPU&GPU=9.56ms,LCnt=2(DR0,LM0),GPU%=0.70,CPU%=0.35(W0.38),DSF=1.00,CFL=17.37/20.75
01-24 02:39:35.238  1999  2101 D VrApi   : targetSDKVersion 29
01-24 02:39:35.247  1999  8267 I VrApi   : FPS=90/90,Prd=29ms,Tear=0,Early=0,Stale=0,VSnc=0,Lat=-1,Fov=0,CPU4/GPU=2/3,2419/490MHz,OC=FF,TA=0/F/0,SP=N/F/N,Mem=2092MHz,Free=8775MB,PLS=0,Temp=21.7C/0.0C,TW=1.97ms,App=5.61ms,GD=0.00ms,CPU&GPU=9.56ms,LCnt=2(DR0,LM0),GPU%=0.70,CPU%=0.35(W0.38),DSF=1.00,CFL=17.37/20.75
01-24 02:39:35.249  1999  2101 I VrApi   : OVR::Stats thread stopped
01-24 02:39:36.042  2810  2951 D VrApi   : targetSDKVersion 29
01-24 02:39:36.100  2810  2951 I VrApi   : OVR::Stats thread stopped
01-24 02:39:36.830 10256 10291 I VrApi   : ----------- vrapi_Initialize [start] ----------
01-24 02:39:36.851 10256 10291 I VrApi   : Client type: 0 flags: 0x0 placement: 0
01-24 02:39:37.168 10256 10291 I VrApi   : vrapi_Initialize: Connected to VrRuntimeService after 0.316091s
01-24 02:39:37.252 10256 10291 I VrApi   : SkipPushFinalBlack=1
01-24 02:39:37.252 10256 10291 D VrApi   : isActivityFocusAware context = com.unity3d.player.UnityPlayerActivity@6bbc592
01-24 02:39:37.252 10256 10291 D VrApi   : isSystemApp = false for com.beatgames.beatsaber
01-24 02:39:37.252 10256 10291 I VrApi   : isActivityFocusAware = 1
01-24 02:39:37.278 10256 10291 I VrApi   : ----------- vrapi_Initialize [end] ----------
01-24 02:39:37.278 10256 10291 I VrApi   : ------------ vrapi_Shutdown [start] -----------
01-24 02:39:37.278 10256 10291 W VrApi   : IsOvrValid: ovr == nullptr. Package: com.beatgames.beatsaber
01-24 02:39:37.283 10256 10291 I VrApi   : ------------ vrapi_Shutdown [end] -----------
01-24 02:39:37.306 10256 10291 I VrApi   : ----------- vrapi_Initialize [start] ----------
01-24 02:39:38.310 10256 10291 I VrApi   : Client type: 0 flags: 0x0 placement: 0
01-24 02:39:38.643 10256 10291 I VrApi   : vrapi_Initialize: Connected to VrRuntimeService after 0.332603s
01-24 02:39:38.673 10256 10291 I VrApi   : SkipPushFinalBlack=1
01-24 02:39:38.673 10256 10291 D VrApi   : isActivityFocusAware context = com.unity3d.player.UnityPlayerActivity@6bbc592
01-24 02:39:38.673 10256 10291 D VrApi   : isSystemApp = false for com.beatgames.beatsaber
01-24 02:39:38.674 10256 10291 I VrApi   : isActivityFocusAware = 1
01-24 02:39:38.685 10256 10291 I VrApi   : ----------- vrapi_Initialize [end] ----------
01-24 02:39:38.687 10256 10291 W VrApi   : vrapi_LocateTrackingSpace: ovr == NULL
01-24 02:39:38.689 10256 10346 I VrApi   : ---------- vrapi_EnterVrMode [start] ----------
01-24 02:39:38.690 10256 10346 D VrApi   : targetSDKVersion 29
01-24 02:39:38.702 10256 10346 I VrApi   : ovrModeParms::VRAPI_MODE_FLAG_RESET_WINDOW_FULLSCREEN = 1
01-24 02:39:38.702 10256 10346 I VrApi   : ovrModeParms::VRAPI_MODE_FLAG_NATIVE_WINDOW = 1
01-24 02:39:38.702 10256 10346 I VrApi   : ovrModeParms::VRAPI_MODE_FLAG_FRONT_BUFFER_SRGB = 1
01-24 02:39:38.702 10256 10346 I VrApi   : ovrModeParms::VRAPI_MODE_FLAG_PHASE_SYNC = 0
01-24 02:39:38.702 10256 10346 I VrApi   : ovrModeParms::VRAPI_MODE_FLAG_APP_SPACE_WARP = 0
01-24 02:39:38.702 10256 10346 I VrApi   : PhaseSync disabled
01-24 02:39:38.702 10256 10346 I VrApi   : HMD sensor attached.
01-24 02:39:38.708 10256 10346 I VrApi   : Creating Default swapchain
01-24 02:39:38.709 10256 10346 I VrApi   : Creating Loading Icon swapchain
01-24 02:39:38.709 10256 10346 I VrApi   : OVR::Stats thread started
01-24 02:39:38.709 10256 10346 I VrApi   : Initial BaseVsync 16657 
01-24 02:39:38.709 10256 10346 I VrApi   : ---------- vrapi_EnterVrMode [end] ----------
01-24 02:39:38.710 10256 10423 D VrApi   : targetSDKVersion 29
01-24 02:39:40.006 10256 10423 I VrApi   : FPS=0/72,Prd=0ms,Tear=0,Early=0,Stale=0,VSnc=1,Lat=0,Fov=0,CPU4/GPU=0/0,2419/305MHz,OC=FF,TA=0/0/0,SP=N/N/N,Mem=2092MHz,Free=8415MB,PLS=0,Temp=0.0C/0.0C,TW=0.58ms,App=0.00ms,GD=0.00ms,CPU&GPU=0.00ms,LCnt=2(DR0,LM0),GPU%=0.00,CPU%=0.00(W0.00),DSF=1.00,CFL=17.14/20.74
01-24 02:39:40.328 10256 10346 W VrApi   : Time to first swap: 3.503 seconds
01-24 02:39:41.002 10256 10423 I VrApi   : FPS=1/90,Prd=0ms,Tear=0,Early=0,Stale=90,VSnc=0,Lat=1,Fov=0,CPU4/GPU=2/2,2419/525MHz,OC=FF,TA=0/0/0,SP=N/N/N,Mem=2092MHz,Free=8415MB,PLS=0,Temp=21.7C/0.0C,TW=1.12ms,App=0.89ms,GD=0.00ms,CPU&GPU=0.00ms,LCnt=2(DR0,LM0),GPU%=0.11,CPU%=0.40(W0.48),DSF=1.00,CFL=17.26/21.58
01-24 02:39:41.695 10256 10291 I VrApi   : vrapi_SetDisplayRefreshRate: display refresh rate supported 90.000000
01-24 02:39:42.002 10256 10423 I VrApi   : FPS=1/72,Prd=0ms,Tear=0,Early=28,Stale=57,VSnc=0,Lat=1,Fov=0,CPU4/GPU=4/4,2419/525MHz,OC=FF,TA=0/0/0,SP=N/N/N,Mem=2092MHz,Free=8415MB,PLS=0,Temp=21.7C/0.0C,TW=1.23ms,App=0.39ms,GD=0.00ms,CPU&GPU=0.00ms,LCnt=3(DR0,LM0),GPU%=0.08,CPU%=0.42(W0.95),DSF=1.00,CFL=7.78/20.93
01-24 02:39:43.002 10256 10423 I VrApi   : FPS=48/90,Prd=44ms,Tear=0,Early=23,Stale=48,VSnc=1,Lat=1,Fov=0,CPU4/GPU=4/4,2419/525MHz,OC=FF,TA=0/0/0,SP=N/N/N,Mem=2092MHz,Free=8415MB,PLS=0,Temp=21.7C/0.0C,TW=0.96ms,App=5.20ms,GD=0.00ms,CPU&GPU=1.32ms,LCnt=1(DR28,LM0),GPU%=0.57,CPU%=0.13(W0.15),DSF=1.00,CFL=17.05/21.20
01-24 02:39:44.004 10256 10423 I VrApi   : FPS=68/90,Prd=41ms,Tear=0,Early=85,Stale=5,VSnc=1,Lat=1,Fov=0,CPU4/GPU=4/4,1478/525MHz,OC=FF,TA=0/0/0,SP=N/N/N,Mem=2092MHz,Free=8415MB,PLS=0,Temp=21.7C/0.0C,TW=1.08ms,App=4.19ms,GD=0.00ms,CPU&GPU=8.06ms,LCnt=1(DR90,LM0),GPU%=0.50,CPU%=0.15(W0.19),DSF=1.00,CFL=15.88/28.77
01-24 02:39:45.005 10256 10423 I VrApi   : FPS=90/90,Prd=42ms,Tear=0,Early=90,Stale=0,VSnc=1,Lat=1,Fov=0,CPU4/GPU=4/4,1478/525MHz,OC=FF,TA=0/0/0,SP=N/N/N,Mem=2092MHz,Free=8415MB,PLS=0,Temp=21.7C/0.0C,TW=1.06ms,App=4.18ms,GD=0.00ms,CPU&GPU=6.22ms,LCnt=1(DR90,LM0),GPU%=0.50,CPU%=0.13(W0.23),DSF=1.00,CFL=17.21/20.68
01-24 02:39:45.947 10256 10291 I VrApi   : vrapi_SetDisplayRefreshRate: display refresh rate supported 90.000000
01-24 02:39:46.006 10256 10423 I VrApi   : FPS=90/90,Prd=42ms,Tear=0,Early=90,Stale=0,VSnc=1,Lat=1,Fov=0,CPU4/GPU=4/4,1478/525MHz,OC=FF,TA=0/0/0,SP=N/N/N,Mem=2092MHz,Free=8415MB,PLS=0,Temp=21.7C/0.0C,TW=0.88ms,App=5.16ms,GD=0.00ms,CPU&GPU=6.43ms,LCnt=1(DR90,LM0),GPU%=0.58,CPU%=0.12(W0.16),DSF=1.00,CFL=17.19/20.98
01-24 02:39:47.005 10256 10423 I VrApi   : FPS=90/90,Prd=42ms,Tear=0,Early=89,Stale=0,VSnc=1,Lat=1,Fov=4,CPU4/GPU=4/4,1478/525MHz,OC=FF,TA=0/0/0,SP=N/N/N,Mem=2092MHz,Free=8415MB,PLS=0,Temp=21.7C/0.0C,TW=0.63ms,App=0.68ms,GD=0.00ms,CPU&GPU=7.18ms,LCnt=1(DR90,LM0),GPU%=0.06,CPU%=0.33(W0.45),DSF=1.00,CFL=17.25/20.50
01-24 02:39:47.490 10256 10291 I VrApi   : vrapi_SetDisplayRefreshRate: display refresh rate supported 90.000000
01-24 02:39:48.004 10256 10423 I VrApi   : FPS=62/90,Prd=40ms,Tear=0,Early=59,Stale=29,VSnc=1,Lat=1,Fov=0,CPU4/GPU=4/4,1478/525MHz,OC=FF,TA=0/0/0,SP=N/N/N,Mem=2092MHz,Free=8415MB,PLS=0,Temp=21.7C/0.0C,TW=0.61ms,App=0.78ms,GD=0.00ms,CPU&GPU=7.20ms,LCnt=1(DR90,LM0),GPU%=0.06,CPU%=0.35(W0.61),DSF=1.00,CFL=17.28/20.72
01-24 02:39:49.005 10256 10423 I VrApi   : FPS=36/90,Prd=42ms,Tear=0,Early=7,Stale=82,VSnc=1,Lat=1,Fov=0,CPU4/GPU=4/4,1478/525MHz,OC=FF,TA=0/0/0,SP=N/N/N,Mem=2092MHz,Free=8415MB,PLS=0,Temp=21.7C/0.0C,TW=1.02ms,App=5.99ms,GD=0.00ms,CPU&GPU=6.74ms,LCnt=1(DR90,LM0),GPU%=0.65,CPU%=0.17(W0.24),DSF=1.00,CFL=17.17/20.76
01-24 02:39:50.004 10256 10423 I VrApi   : FPS=69/90,Prd=41ms,Tear=0,Early=87,Stale=2,VSnc=1,Lat=1,Fov=0,CPU4/GPU=4/4,1478/525MHz,OC=FF,TA=0/0/0,SP=N/N/N,Mem=2092MHz,Free=8415MB,PLS=0,Temp=21.7C/0.0C,TW=1.06ms,App=5.03ms,GD=0.00ms,CPU&GPU=8.50ms,LCnt=1(DR90,LM0),GPU%=0.57,CPU%=0.13(W0.17),DSF=1.00,CFL=17.34/20.70
01-24 02:39:51.006 10256 10423 I VrApi   : FPS=90/90,Prd=42ms,Tear=0,Early=80,Stale=8,VSnc=1,Lat=1,Fov=0,CPU4/GPU=4/4,1478/525MHz,OC=FF,TA=0/0/0,SP=N/N/N,Mem=2092MHz,Free=8415MB,PLS=0,Temp=21.7C/0.0C,TW=1.06ms,App=5.33ms,GD=0.00ms,CPU&GPU=7.51ms,LCnt=1(DR90,LM0),GPU%=0.60,CPU%=0.31(W0.41),DSF=1.00,CFL=17.20/20.97
01-24 02:39:52.004 10256 10423 I VrApi   : FPS=83/90,Prd=41ms,Tear=0,Early=90,Stale=0,VSnc=1,Lat=1,Fov=0,CPU4/GPU=4/4,1478/525MHz,OC=FF,TA=0/0/0,SP=N/N/N,Mem=2092MHz,Free=8415MB,PLS=0,Temp=21.7C/0.0C,TW=1.11ms,App=5.21ms,GD=0.00ms,CPU&GPU=7.74ms,LCnt=1(DR90,LM0),GPU%=0.58,CPU%=0.19(W0.25),DSF=1.00,CFL=17.19/21.09
01-24 02:39:53.005 10256 10423 I VrApi   : FPS=90/90,Prd=42ms,Tear=0,Early=90,Stale=0,VSnc=1,Lat=1,Fov=0,CPU4/GPU=4/4,1478/525MHz,OC=FF,TA=0/0/0,SP=N/N/N,Mem=2092MHz,Free=8415MB,PLS=0,Temp=21.7C/0.0C,TW=1.09ms,App=5.32ms,GD=0.00ms,CPU&GPU=7.74ms,LCnt=1(DR90,LM0),GPU%=0.59,CPU%=0.17(W0.25),DSF=1.00,CFL=17.12/21.56
01-24 02:39:54.004 10256 10423 I VrApi   : FPS=90/90,Prd=42ms,Tear=0,Early=90,Stale=0,VSnc=1,Lat=1,Fov=0,CPU4/GPU=4/4,1478/525MHz,OC=FF,TA=0/0/0,SP=N/N/N,Mem=2092MHz,Free=8415MB,PLS=0,Temp=21.7C/0.0C,TW=1.08ms,App=5.22ms,GD=0.00ms,CPU&GPU=7.81ms,LCnt=1(DR90,LM0),GPU%=0.58,CPU%=0.22(W0.35),DSF=1.00,CFL=17.14/20.83
01-24 02:39:55.004 10256 10423 I VrApi   : FPS=90/90,Prd=42ms,Tear=0,Early=88,Stale=0,VSnc=1,Lat=1,Fov=0,CPU4/GPU=4/4,1478/525MHz,OC=FF,TA=0/0/0,SP=N/N/N,Mem=2092MHz,Free=8415MB,PLS=0,Temp=21.7C/0.0C,TW=1.06ms,App=5.23ms,GD=0.00ms,CPU&GPU=7.63ms,LCnt=1(DR90,LM0),GPU%=0.59,CPU%=0.20(W0.29),DSF=1.00,CFL=17.19/20.73
01-24 02:39:56.005 10256 10423 I VrApi   : FPS=90/90,Prd=42ms,Tear=0,Early=89,Stale=0,VSnc=1,Lat=1,Fov=0,CPU4/GPU=4/4,1478/525MHz,OC=FF,TA=0/0/0,SP=N/N/N,Mem=2092MHz,Free=8415MB,PLS=0,Temp=21.7C/0.0C,TW=1.05ms,App=3.73ms,GD=0.00ms,CPU&GPU=7.73ms,LCnt=1(DR90,LM0),GPU%=0.46,CPU%=0.13(W0.16),DSF=1.00,CFL=17.21/21.78
01-24 02:39:57.005 10256 10423 I VrApi   : FPS=90/90,Prd=42ms,Tear=0,Early=90,Stale=0,VSnc=1,Lat=1,Fov=0,CPU4/GPU=4/4,1478/525MHz,OC=FF,TA=0/0/0,SP=N/N/N,Mem=2092MHz,Free=8415MB,PLS=0,Temp=21.5C/0.0C,TW=1.06ms,App=3.67ms,GD=0.00ms,CPU&GPU=6.29ms,LCnt=1(DR90,LM0),GPU%=0.45,CPU%=0.21(W0.27),DSF=1.00,CFL=17.25/21.34
01-24 02:39:58.005 10256 10423 I VrApi   : FPS=90/90,Prd=42ms,Tear=0,Early=90,Stale=0,VSnc=1,Lat=1,Fov=0,CPU4/GPU=4/4,1478/525MHz,OC=FF,TA=0/0/0,SP=N/N/N,Mem=2092MHz,Free=8415MB,PLS=0,Temp=21.5C/0.0C,TW=1.07ms,App=4.39ms,GD=0.00ms,CPU&GPU=6.06ms,LCnt=1(DR90,LM0),GPU%=0.50,CPU%=0.21(W0.32),DSF=1.00,CFL=17.43/20.63
01-24 02:39:59.004 10256 10423 I VrApi   : FPS=90/90,Prd=42ms,Tear=0,Early=90,Stale=0,VSnc=1,Lat=1,Fov=0,CPU4/GPU=4/4,1478/525MHz,OC=FF,TA=0/0/0,SP=N/N/N,Mem=2092MHz,Free=8415MB,PLS=0,Temp=21.5C/0.0C,TW=1.09ms,App=5.15ms,GD=0.00ms,CPU&GPU=6.99ms,LCnt=1(DR90,LM0),GPU%=0.58,CPU%=0.22(W0.29),DSF=1.00,CFL=17.19/20.99
01-24 02:40:00.016 10256 10423 I VrApi   : FPS=90/90,Prd=42ms,Tear=0,Early=90,Stale=0,VSnc=1,Lat=1,Fov=0,CPU4/GPU=4/4,1478/525MHz,OC=FF,TA=0/0/0,SP=N/N/N,Mem=2092MHz,Free=7761MB,PLS=0,Temp=21.5C/0.0C,TW=1.06ms,App=5.23ms,GD=0.00ms,CPU&GPU=7.63ms,LCnt=1(DR90,LM0),GPU%=0.58,CPU%=0.20(W0.24),DSF=1.00,CFL=17.29/20.57
01-24 02:40:01.007 10256 10423 I VrApi   : FPS=90/90,Prd=42ms,Tear=0,Early=90,Stale=0,VSnc=1,Lat=1,Fov=0,CPU4/GPU=4/4,1478/525MHz,OC=FF,TA=0/0/0,SP=N/N/N,Mem=2092MHz,Free=7761MB,PLS=0,Temp=21.5C/0.0C,TW=1.10ms,App=5.21ms,GD=0.00ms,CPU&GPU=7.75ms,LCnt=1(DR90,LM0),GPU%=0.59,CPU%=0.28(W0.35),DSF=1.00,CFL=17.21/21.52
01-24 02:40:02.005 10256 10423 I VrApi   : FPS=86/90,Prd=42ms,Tear=0,Early=85,Stale=5,VSnc=1,Lat=1,Fov=0,CPU4/GPU=4/4,1478/525MHz,OC=FF,TA=0/0/0,SP=N/N/N,Mem=2092MHz,Free=7761MB,PLS=0,Temp=21.5C/0.0C,TW=1.12ms,App=5.29ms,GD=0.00ms,CPU&GPU=7.85ms,LCnt=1(DR90,LM0),GPU%=0.60,CPU%=0.27(W0.32),DSF=1.00,CFL=17.32/20.88
01-24 02:40:03.005 10256 10423 I VrApi   : FPS=89/90,Prd=42ms,Tear=0,Early=87,Stale=2,VSnc=1,Lat=1,Fov=0,CPU4/GPU=4/4,1478/525MHz,OC=FF,TA=0/0/0,SP=N/N/N,Mem=2092MHz,Free=7761MB,PLS=0,Temp=21.5C/0.0C,TW=1.11ms,App=5.38ms,GD=0.00ms,CPU&GPU=7.91ms,LCnt=1(DR90,LM0),GPU%=0.60,CPU%=0.24(W0.25),DSF=1.00,CFL=17.17/20.72
01-24 02:40:03.983 10256 10291 I VrApi   : vrapi_SetDisplayRefreshRate: display refresh rate supported 90.000000
01-24 02:40:04.005 10256 10423 I VrApi   : FPS=90/90,Prd=42ms,Tear=0,Early=89,Stale=0,VSnc=1,Lat=1,Fov=0,CPU4/GPU=4/4,1478/525MHz,OC=FF,TA=0/0/0,SP=N/N/N,Mem=2092MHz,Free=7761MB,PLS=0,Temp=21.5C/0.0C,TW=0.72ms,App=6.30ms,GD=0.00ms,CPU&GPU=7.80ms,LCnt=1(DR90,LM0),GPU%=0.67,CPU%=0.23(W0.33),DSF=1.00,CFL=17.14/20.70
01-24 02:40:05.005 10256 10423 I VrApi   : FPS=90/90,Prd=42ms,Tear=0,Early=56,Stale=21,VSnc=1,Lat=1,Fov=4,CPU4/GPU=4/4,1478/525MHz,OC=FF,TA=0/0/0,SP=N/N/N,Mem=2092MHz,Free=7761MB,PLS=0,Temp=21.5C/0.0C,TW=0.63ms,App=6.19ms,GD=0.00ms,CPU&GPU=9.04ms,LCnt=1(DR90,LM0),GPU%=0.11,CPU%=0.35(W0.42),DSF=1.00,CFL=17.22/21.20
01-24 02:40:06.005 10256 10423 I VrApi   : FPS=17/90,Prd=39ms,Tear=0,Early=36,Stale=54,VSnc=1,Lat=1,Fov=4,CPU4/GPU=4/4,1478/525MHz,OC=FF,TA=0/0/0,SP=N/N/N,Mem=2092MHz,Free=7761MB,PLS=0,Temp=21.5C/0.0C,TW=0.83ms,App=5.34ms,GD=0.00ms,CPU&GPU=10.13ms,LCnt=1(DR90,LM0),GPU%=0.57,CPU%=0.22(W0.30),DSF=1.00,CFL=17.29/20.84
01-24 02:40:07.005 10256 10423 I VrApi   : FPS=90/90,Prd=42ms,Tear=0,Early=90,Stale=0,VSnc=1,Lat=1,Fov=4,CPU4/GPU=4/4,1478/525MHz,OC=FF,TA=0/0/0,SP=N/N/N,Mem=2092MHz,Free=7761MB,PLS=0,Temp=21.5C/0.0C,TW=0.85ms,App=5.51ms,GD=0.00ms,CPU&GPU=8.01ms,LCnt=1(DR90,LM0),GPU%=0.59,CPU%=0.22(W0.30),DSF=1.00,CFL=17.11/20.81
01-24 02:40:08.006 10256 10423 I VrApi   : FPS=90/90,Prd=42ms,Tear=0,Early=88,Stale=0,VSnc=1,Lat=1,Fov=4,CPU4/GPU=4/4,1478/525MHz,OC=FF,TA=0/0/0,SP=N/N/N,Mem=2092MHz,Free=7761MB,PLS=0,Temp=21.5C/0.0C,TW=0.81ms,App=6.23ms,GD=0.00ms,CPU&GPU=8.74ms,LCnt=1(DR90,LM0),GPU%=0.65,CPU%=0.25(W0.36),DSF=1.00,CFL=17.08/20.73
01-24 02:40:09.005 10256 10423 I VrApi   : FPS=90/90,Prd=42ms,Tear=0,Early=88,Stale=0,VSnc=1,Lat=1,Fov=4,CPU4/GPU=4/4,1478/525MHz,OC=FF,TA=0/0/0,SP=N/N/N,Mem=2092MHz,Free=7761MB,PLS=0,Temp=21.5C/0.0C,TW=0.81ms,App=6.16ms,GD=0.00ms,CPU&GPU=9.05ms,LCnt=1(DR90,LM0),GPU%=0.63,CPU%=0.28(W0.37),DSF=1.00,CFL=17.18/20.70
01-24 02:40:10.005 10256 10423 I VrApi   : FPS=90/90,Prd=42ms,Tear=0,Early=87,Stale=0,VSnc=1,Lat=1,Fov=4,CPU4/GPU=4/4,1478/525MHz,OC=FF,TA=0/0/0,SP=N/N/N,Mem=2092MHz,Free=7761MB,PLS=0,Temp=21.5C/0.0C,TW=0.83ms,App=6.33ms,GD=0.00ms,CPU&GPU=9.04ms,LCnt=1(DR90,LM0),GPU%=0.66,CPU%=0.28(W0.33),DSF=1.00,CFL=17.23/21.28
01-24 02:40:11.006 10256 10423 I VrApi   : FPS=90/90,Prd=42ms,Tear=0,Early=85,Stale=0,VSnc=1,Lat=1,Fov=4,CPU4/GPU=4/4,1478/525MHz,OC=FF,TA=0/0/0,SP=N/N/N,Mem=2092MHz,Free=7761MB,PLS=0,Temp=21.5C/0.0C,TW=0.81ms,App=6.32ms,GD=0.00ms,CPU&GPU=9.15ms,LCnt=1(DR90,LM0),GPU%=0.66,CPU%=0.25(W0.36),DSF=1.00,CFL=17.30/20.82
01-24 02:40:12.005 10256 10423 I VrApi   : FPS=90/90,Prd=42ms,Tear=0,Early=89,Stale=0,VSnc=1,Lat=1,Fov=4,CPU4/GPU=4/4,1478/525MHz,OC=FF,TA=0/0/0,SP=N/N/N,Mem=2092MHz,Free=7761MB,PLS=0,Temp=21.5C/0.0C,TW=0.83ms,App=6.52ms,GD=0.00ms,CPU&GPU=8.85ms,LCnt=1(DR90,LM0),GPU%=0.68,CPU%=0.25(W0.33),DSF=1.00,CFL=17.13/21.16
01-24 02:40:13.005 10256 10423 I VrApi   : FPS=90/90,Prd=42ms,Tear=0,Early=90,Stale=0,VSnc=1,Lat=1,Fov=4,CPU4/GPU=4/4,1478/525MHz,OC=FF,TA=0/0/0,SP=N/N/N,Mem=2092MHz,Free=7761MB,PLS=0,Temp=21.5C/0.0C,TW=0.82ms,App=6.50ms,GD=0.00ms,CPU&GPU=8.96ms,LCnt=1(DR90,LM0),GPU%=0.68,CPU%=0.28(W0.30),DSF=1.00,CFL=17.21/20.63
01-24 02:40:14.005 10256 10423 I VrApi   : FPS=90/90,Prd=42ms,Tear=0,Early=88,Stale=0,VSnc=1,Lat=1,Fov=4,CPU4/GPU=4/4,1478/525MHz,OC=FF,TA=0/0/0,SP=N/N/N,Mem=2092MHz,Free=7761MB,PLS=0,Temp=21.5C/0.0C,TW=0.84ms,App=6.74ms,GD=0.00ms,CPU&GPU=8.92ms,LCnt=1(DR90,LM0),GPU%=0.70,CPU%=0.27(W0.33),DSF=1.00,CFL=17.19/20.99
01-24 02:40:15.005 10256 10423 I VrApi   : FPS=90/90,Prd=42ms,Tear=0,Early=90,Stale=0,VSnc=1,Lat=1,Fov=4,CPU4/GPU=4/4,1478/525MHz,OC=FF,TA=0/0/0,SP=N/N/N,Mem=2092MHz,Free=7761MB,PLS=0,Temp=21.5C/0.0C,TW=0.86ms,App=6.76ms,GD=0.00ms,CPU&GPU=9.24ms,LCnt=1(DR90,LM0),GPU%=0.70,CPU%=0.25(W0.33),DSF=1.00,CFL=17.16/20.48
01-24 02:40:16.006 10256 10423 I VrApi   : FPS=90/90,Prd=42ms,Tear=0,Early=85,Stale=0,VSnc=1,Lat=1,Fov=4,CPU4/GPU=4/4,1478/525MHz,OC=FF,TA=0/0/0,SP=N/N/N,Mem=2092MHz,Free=7761MB,PLS=0,Temp=21.5C/0.0C,TW=0.84ms,App=6.86ms,GD=0.00ms,CPU&GPU=9.34ms,LCnt=1(DR90,LM0),GPU%=0.71,CPU%=0.17(W0.30),DSF=1.00,CFL=17.29/20.72
01-24 02:40:17.006 10256 10423 I VrApi   : FPS=90/90,Prd=42ms,Tear=0,Early=89,Stale=0,VSnc=1,Lat=1,Fov=4,CPU4/GPU=4/4,1478/525MHz,OC=FF,TA=0/0/0,SP=N/N/N,Mem=2092MHz,Free=7761MB,PLS=0,Temp=21.7C/0.0C,TW=0.81ms,App=6.48ms,GD=0.00ms,CPU&GPU=9.14ms,LCnt=1(DR90,LM0),GPU%=0.67,CPU%=0.26(W0.33),DSF=1.00,CFL=17.34/20.67
01-24 02:40:18.006 10256 10423 I VrApi   : FPS=90/90,Prd=42ms,Tear=0,Early=90,Stale=0,VSnc=1,Lat=1,Fov=4,CPU4/GPU=4/4,1478/525MHz,OC=FF,TA=0/0/0,SP=N/N/N,Mem=2092MHz,Free=7761MB,PLS=0,Temp=21.7C/0.0C,TW=0.84ms,App=6.74ms,GD=0.00ms,CPU&GPU=9.27ms,LCnt=1(DR90,LM0),GPU%=0.70,CPU%=0.29(W0.38),DSF=1.00,CFL=17.26/21.09
01-24 02:40:19.006 10256 10423 I VrApi   : FPS=90/90,Prd=42ms,Tear=0,Early=85,Stale=0,VSnc=1,Lat=1,Fov=4,CPU4/GPU=4/4,1478/525MHz,OC=FF,TA=0/0/0,SP=N/N/N,Mem=2092MHz,Free=7761MB,PLS=0,Temp=21.7C/0.0C,TW=0.82ms,App=6.61ms,GD=0.00ms,CPU&GPU=9.34ms,LCnt=1(DR90,LM0),GPU%=0.68,CPU%=0.24(W0.30),DSF=1.00,CFL=17.28/20.71
01-24 02:40:20.015 10256 10423 I VrApi   : FPS=90/90,Prd=42ms,Tear=0,Early=84,Stale=0,VSnc=1,Lat=1,Fov=4,CPU4/GPU=4/4,1478/525MHz,OC=FF,TA=0/0/0,SP=N/N/N,Mem=2092MHz,Free=7748MB,PLS=0,Temp=21.7C/0.0C,TW=0.83ms,App=6.35ms,GD=0.00ms,CPU&GPU=9.34ms,LCnt=1(DR90,LM0),GPU%=0.66,CPU%=0.29(W0.30),DSF=1.00,CFL=17.17/20.96
01-24 02:40:21.006 10256 10423 I VrApi   : FPS=90/90,Prd=42ms,Tear=0,Early=90,Stale=0,VSnc=1,Lat=1,Fov=4,CPU4/GPU=4/4,1478/525MHz,OC=FF,TA=0/0/0,SP=N/N/N,Mem=2092MHz,Free=7748MB,PLS=0,Temp=21.7C/0.0C,TW=0.79ms,App=6.68ms,GD=0.00ms,CPU&GPU=8.96ms,LCnt=1(DR90,LM0),GPU%=0.69,CPU%=0.27(W0.36),DSF=1.00,CFL=17.11/20.71
01-24 02:40:22.006 10256 10423 I VrApi   : FPS=90/90,Prd=42ms,Tear=0,Early=88,Stale=0,VSnc=1,Lat=1,Fov=4,CPU4/GPU=4/4,1478/525MHz,OC=FF,TA=0/0/0,SP=N/N/N,Mem=2092MHz,Free=7748MB,PLS=0,Temp=21.7C/0.0C,TW=0.80ms,App=6.55ms,GD=0.00ms,CPU&GPU=9.14ms,LCnt=1(DR90,LM0),GPU%=0.67,CPU%=0.28(W0.39),DSF=1.00,CFL=17.25/20.80
